# TOTAL_GENES = 17973
# TEST_DIRECTION = one-sided, positive (set), two-sided (covar)
# CONDITIONED_INTERNAL = gene size, gene density, sample size, inverse mac, log(gene size), log(gene density), log(sample size), log(inverse mac)
VARIABLE                               TYPE  NGENES         BETA     BETA_STD           SE            P FULL_NAME
gtex__amygdala__M000                    SET   12361      0.01878    0.0087029     0.016696      0.13034 gtex__amygdala__M000
gtex__amygdala__M001                    SET     435       0.2025     0.031121     0.047546   1.0321e-05 gtex__amygdala__M001
gtex__amygdala__M002                    SET     452     0.024194    0.0037883     0.047558      0.30548 gtex__amygdala__M002
gtex__amygdala__M003                    SET     287     -0.10369    -0.012998     0.057938      0.96323 gtex__amygdala__M003
gtex__amygdala__M004                    SET     182    -0.040168   -0.0040217     0.074351      0.70548 gtex__amygdala__M004
gtex__amygdala__M006                    SET      95     -0.17783    -0.012895      0.10216      0.95913 gtex__amygdala__M006
gtex__amygdala__M005                    SET      64     0.069461    0.0041377      0.12205      0.28464 gtex__amygdala__M005
gtex__anterior_cingulate_cor...1        SET   11624     0.018122    0.0086623     0.015977      0.12835 gtex__anterior_cingulate_cortex_ba24__M000
gtex__anterior_cingulate_cor...4        SET     242    -0.025671   -0.0029587      0.06443      0.65484 gtex__anterior_cingulate_cortex_ba24__M003
gtex__anterior_cingulate_cor...3        SET     436    0.0090098    0.0013862     0.048053      0.42564 gtex__anterior_cingulate_cortex_ba24__M002
gtex__anterior_cingulate_cor...2        SET     855     0.043091    0.0091725     0.034406      0.10521 gtex__anterior_cingulate_cortex_ba24__M001
gtex__anterior_cingulate_cor...7        SET     120    -0.069067   -0.0056249     0.080639      0.80413 gtex__anterior_cingulate_cortex_ba24__M006
gtex__anterior_cingulate_cor...5        SET     259      0.23868     0.028445     0.060092   3.5797e-05 gtex__anterior_cingulate_cortex_ba24__M004
gtex__anterior_cingulate_cor...6        SET     191    -0.026921   -0.0027605     0.073435      0.64304 gtex__anterior_cingulate_cortex_ba24__M005
gtex__caudate_basal_ganglia_...1        SET   10847     0.023387     0.011441     0.015486     0.065504 gtex__caudate_basal_ganglia__M000
gtex__caudate_basal_ganglia_...2        SET    1205     0.081352     0.020347     0.028911    0.0024499 gtex__caudate_basal_ganglia__M001
gtex__caudate_basal_ganglia_...5        SET     400     -0.11841    -0.017467     0.049392      0.99174 gtex__caudate_basal_ganglia__M004
gtex__caudate_basal_ganglia_...4        SET     497     0.060233     0.009877     0.045191     0.091297 gtex__caudate_basal_ganglia__M003
gtex__caudate_basal_ganglia_...6        SET     242    -0.074169   -0.0085485     0.065326      0.87188 gtex__caudate_basal_ganglia__M005
gtex__caudate_basal_ganglia_...3        SET     688     0.025784    0.0049473     0.038974      0.25413 gtex__caudate_basal_ganglia__M002
gtex__cerebellar_hemisphere_...1        SET   10534     0.057572     0.028357     0.015763    0.0001303 gtex__cerebellar_hemisphere__M000
gtex__cerebellar_hemisphere_...3        SET     588    -0.063826    -0.011354     0.042885      0.93166 gtex__cerebellar_hemisphere__M002
gtex__cerebellar_hemisphere_...2        SET     908    -0.010687   -0.0023407     0.034437      0.62185 gtex__cerebellar_hemisphere__M001
gtex__cerebellar_hemisphere_...10       SET     154    -0.063421   -0.0058456     0.082707       0.7784 gtex__cerebellar_hemisphere__M009
gtex__cerebellar_hemisphere_...5        SET      79     0.014684   0.00097144       0.1056       0.4447 gtex__cerebellar_hemisphere__M004
gtex__cerebellar_hemisphere_...8        SET     123    0.0083421   0.00068776     0.082183      0.45957 gtex__cerebellar_hemisphere__M007
gtex__cerebellar_hemisphere_...4        SET     237    -0.062365   -0.0071143     0.059911      0.85104 gtex__cerebellar_hemisphere__M003
gtex__cerebellar_hemisphere_...9        SET     188     -0.13298    -0.013529     0.074111      0.96361 gtex__cerebellar_hemisphere__M008
gtex__cerebellar_hemisphere_...7        SET     245      0.27468     0.031851     0.062933    6.405e-06 gtex__cerebellar_hemisphere__M006
gtex__cerebellar_hemisphere_...6        SET     276     -0.16036    -0.019719     0.061858      0.99523 gtex__cerebellar_hemisphere__M005
gtex__cerebellar_hemisphere_...11       SET      66    -0.035569   -0.0021515      0.11949      0.61703 gtex__cerebellar_hemisphere__M010
gtex__cerebellum__M000                  SET   10030     0.056726     0.028172      0.01541   0.00011644 gtex__cerebellum__M000
gtex__cerebellum__M001                  SET     888   -0.0040303  -0.00087345     0.034542      0.54644 gtex__cerebellum__M001
gtex__cerebellum__M003                  SET     288    -0.025729   -0.0032308     0.052314      0.68857 gtex__cerebellum__M003
gtex__cerebellum__M004                  SET     338     -0.07737     -0.01051      0.05497      0.92035 gtex__cerebellum__M004
gtex__cerebellum__M005                  SET     375    -0.070758    -0.010114     0.053535      0.90686 gtex__cerebellum__M005
gtex__cerebellum__M009                  SET     123    -0.013759   -0.0011343     0.084538      0.56464 gtex__cerebellum__M009
gtex__cerebellum__M007                  SET     112    -0.029918   -0.0023544     0.083222      0.64039 gtex__cerebellum__M007
gtex__cerebellum__M006                  SET     257     -0.05451   -0.0064716     0.063231      0.80567 gtex__cerebellum__M006
gtex__cerebellum__M002                  SET     567    -0.066228    -0.011576     0.044016      0.93378 gtex__cerebellum__M002
gtex__cerebellum__M010                  SET      94     -0.15424    -0.011126      0.10362      0.93168 gtex__cerebellum__M010
gtex__cerebellum__M008                  SET     150      0.36009      0.03276     0.079672   3.1168e-06 gtex__cerebellum__M008
gtex__cerebellum__M014                  SET      46     -0.16692   -0.0084342      0.14254       0.8792 gtex__cerebellum__M014
gtex__cerebellum__M012                  SET      72      0.11608    0.0073324      0.11651      0.15956 gtex__cerebellum__M012
gtex__cerebellum__M013                  SET      42    -0.050936   -0.0024595      0.15489      0.62886 gtex__cerebellum__M013
gtex__cerebellum__M011                  SET      63    -0.071419   -0.0042211      0.11518      0.73239 gtex__cerebellum__M011
gtex__cortex__M000                      SET   10535     0.030405     0.014976     0.015426     0.024364 gtex__cortex__M000
gtex__cortex__M005                      SET     257      0.29828     0.035414     0.061013   5.1175e-07 gtex__cortex__M005
gtex__cortex__M003                      SET     652     0.041903    0.0078351     0.039796      0.14619 gtex__cortex__M003
gtex__cortex__M008                      SET     136     0.087207    0.0075574     0.081431      0.14211 gtex__cortex__M008
gtex__cortex__M010                      SET      53    0.0001704   9.2402e-06        0.136       0.4995 gtex__cortex__M010
gtex__cortex__M004                      SET     448     -0.10735    -0.016737     0.048643      0.98633 gtex__cortex__M004
gtex__cortex__M002                      SET     526   -0.0030308  -0.00051086     0.043602      0.52771 gtex__cortex__M002
gtex__cortex__M009                      SET      70     0.069068    0.0043021      0.11984       0.2822 gtex__cortex__M009
gtex__cortex__M001                      SET     810    0.0035141   0.00072903     0.035135      0.46017 gtex__cortex__M001
gtex__cortex__M006                      SET     179    -0.091925   -0.0091283     0.078065       0.8805 gtex__cortex__M006
gtex__cortex__M007                      SET     175     -0.11118    -0.010917     0.065872      0.95427 gtex__cortex__M007
gtex__frontal_cortex_ba9__M0...1        SET   10601     0.023896     0.011754     0.015346     0.059729 gtex__frontal_cortex_ba9__M000
gtex__frontal_cortex_ba9__M0...3        SET     609     0.017598    0.0031841     0.040496      0.33194 gtex__frontal_cortex_ba9__M002
gtex__frontal_cortex_ba9__M0...2        SET    1378    0.0017785   0.00047322     0.027214      0.47395 gtex__frontal_cortex_ba9__M001
gtex__frontal_cortex_ba9__M0...6        SET     196    -0.071181   -0.0073929     0.062362      0.87314 gtex__frontal_cortex_ba9__M005
gtex__frontal_cortex_ba9__M0...4        SET     545   -0.0044012  -0.00075471      0.04358      0.54022 gtex__frontal_cortex_ba9__M003
gtex__frontal_cortex_ba9__M0...5        SET     254       0.3275     0.038658     0.062699   8.8875e-08 gtex__frontal_cortex_ba9__M004
gtex__frontal_cortex_ba9__M0...7        SET     169     -0.09284   -0.0089604     0.079637      0.87814 gtex__frontal_cortex_ba9__M006
gtex__hippocampus__M000                 SET   12207     0.025761     0.012025     0.016435     0.058513 gtex__hippocampus__M000
gtex__hippocampus__M001                 SET    1097      0.10624     0.025434     0.030762   0.00027723 gtex__hippocampus__M001
gtex__hippocampus__M002                 SET     530    -0.086977    -0.014714     0.042448      0.97976 gtex__hippocampus__M002
gtex__hippocampus__M003                 SET      95    -0.039502   -0.0028644       0.1079      0.64285 gtex__hippocampus__M003
gtex__hypothalamus__M000                SET   11132     0.018484    0.0089748     0.015514      0.11675 gtex__hypothalamus__M000
gtex__hypothalamus__M003                SET     410      0.20167     0.030111     0.048522   1.6249e-05 gtex__hypothalamus__M003
gtex__hypothalamus__M001                SET    1455      0.01459    0.0039798     0.026276      0.28936 gtex__hypothalamus__M001
gtex__hypothalamus__M004                SET     355     -0.10448    -0.014538     0.052271      0.97717 gtex__hypothalamus__M004
gtex__hypothalamus__M002                SET     547     0.080828     0.013885     0.043046     0.030219 gtex__hypothalamus__M002
gtex__hypothalamus__M005                SET     250    -0.040964   -0.0047977     0.063789      0.73962 gtex__hypothalamus__M005
gtex__nucleus_accumbens_basa...1        SET   12011     0.048513     0.022842     0.016396    0.0015464 gtex__nucleus_accumbens_basal_ganglia__M000
gtex__nucleus_accumbens_basa...3        SET     361     -0.12116    -0.016998     0.053017      0.98884 gtex__nucleus_accumbens_basal_ganglia__M002
gtex__nucleus_accumbens_basa...2        SET     489     0.011683    0.0019007     0.046075      0.39992 gtex__nucleus_accumbens_basal_ganglia__M001
gtex__nucleus_accumbens_basa...7        SET     187     -0.20999    -0.021309     0.069335      0.99877 gtex__nucleus_accumbens_basal_ganglia__M006
gtex__nucleus_accumbens_basa...5        SET     233    -0.043055   -0.0048705     0.066312      0.74192 gtex__nucleus_accumbens_basal_ganglia__M004
gtex__nucleus_accumbens_basa...6        SET     209   9.4579e-05    1.014e-05     0.072912      0.49948 gtex__nucleus_accumbens_basal_ganglia__M005
gtex__nucleus_accumbens_basa...4        SET     365      0.21311     0.030061     0.051034   1.4912e-05 gtex__nucleus_accumbens_basal_ganglia__M003
gtex__putamen_basal_ganglia_...1        SET   11488     0.034154     0.016403     0.016075     0.016812 gtex__putamen_basal_ganglia__M000
gtex__putamen_basal_ganglia_...7        SET      65    -0.088937   -0.0053389      0.11495      0.78044 gtex__putamen_basal_ganglia__M006
gtex__putamen_basal_ganglia_...2        SET    1142     0.021528    0.0052515     0.030397      0.23941 gtex__putamen_basal_ganglia__M001
gtex__putamen_basal_ganglia_...5        SET     257    -0.099413    -0.011803     0.063671      0.94077 gtex__putamen_basal_ganglia__M004
gtex__putamen_basal_ganglia_...4        SET     274      0.22428     0.027481     0.058846   6.9343e-05 gtex__putamen_basal_ganglia__M003
gtex__putamen_basal_ganglia_...3        SET     436     0.051454    0.0079164     0.048683      0.14528 gtex__putamen_basal_ganglia__M002
gtex__putamen_basal_ganglia_...6        SET      53      -0.1842   -0.0099882      0.13419      0.91507 gtex__putamen_basal_ganglia__M005
gtex__spinal_cord_cervical_c...1        SET   10768     0.034744     0.017028     0.015571     0.012837 gtex__spinal_cord_cervical_c_1__M000
gtex__spinal_cord_cervical_c...2        SET    1008      0.12671     0.029155      0.03168   3.1858e-05 gtex__spinal_cord_cervical_c_1__M001
gtex__spinal_cord_cervical_c...4        SET     621    -0.099879    -0.018243     0.041866      0.99147 gtex__spinal_cord_cervical_c_1__M003
gtex__spinal_cord_cervical_c...3        SET    1045    -0.060747    -0.014216     0.032133      0.97064 gtex__spinal_cord_cervical_c_1__M002
gtex__spinal_cord_cervical_c...6        SET     131     -0.11274   -0.0095898     0.081648      0.91631 gtex__spinal_cord_cervical_c_1__M005
gtex__spinal_cord_cervical_c...5        SET     287     0.039648    0.0049702      0.05928       0.2518 gtex__spinal_cord_cervical_c_1__M004
gtex__spinal_cord_cervical_c...7        SET      78      0.12412    0.0081594      0.11818      0.14679 gtex__spinal_cord_cervical_c_1__M006
gtex__substantia_nigra__M000            SET    8511      0.04763     0.023782      0.01485   0.00067075 gtex__substantia_nigra__M000
gtex__substantia_nigra__M004            SET     544      0.19498     0.033406     0.042775   2.5962e-06 gtex__substantia_nigra__M004
gtex__substantia_nigra__M001            SET    2650    -0.047903    -0.016984     0.020749      0.98951 gtex__substantia_nigra__M001
gtex__substantia_nigra__M002            SET     981    0.0068543    0.0015571     0.032141      0.41556 gtex__substantia_nigra__M002
gtex__substantia_nigra__M003            SET     793     0.029737     0.006107     0.036476      0.20748 gtex__substantia_nigra__M003
gtex__substantia_nigra__M007            SET     125     -0.18095    -0.015038     0.084383      0.98399 gtex__substantia_nigra__M007
gtex__substantia_nigra__M005            SET     136    -0.078549   -0.0068071      0.09075      0.80663 gtex__substantia_nigra__M005
gtex__substantia_nigra__M006            SET      79       -0.352    -0.023286      0.11088      0.99925 gtex__substantia_nigra__M006
brainseq__caudate__M000                 SET    3209     0.012459    0.0047714     0.018314      0.24817 brainseq__caudate__M000
brainseq__caudate__M015                 SET       9      0.28123    0.0062918      0.30609      0.17911 brainseq__caudate__M015
brainseq__caudate__M002                 SET    1070    -0.026392   -0.0062451     0.030445      0.80699 brainseq__caudate__M002
brainseq__caudate__M004                 SET    1201    0.0050581    0.0012631     0.029095      0.43099 brainseq__caudate__M004
brainseq__caudate__M005                 SET     559    -0.090242    -0.015666     0.042197      0.98376 brainseq__caudate__M005
brainseq__caudate__M013                 SET     151     -0.04348   -0.0039687     0.067873      0.73911 brainseq__caudate__M013
brainseq__caudate__M014                 SET     152      0.13915     0.012743     0.074471     0.030849 brainseq__caudate__M014
brainseq__caudate__M001                 SET    2560    0.0068149    0.0023818     0.020202      0.36793 brainseq__caudate__M001
brainseq__caudate__M003                 SET    1285     0.032094    0.0082692     0.027864      0.12471 brainseq__caudate__M003
brainseq__caudate__M019                 SET      72     0.069417    0.0043849      0.10487      0.25401 brainseq__caudate__M019
brainseq__caudate__M008                 SET     267      0.27947      0.03381     0.059964   1.5879e-06 brainseq__caudate__M008
brainseq__caudate__M016                 SET     103      0.18574     0.014021     0.098941     0.030245 brainseq__caudate__M016
brainseq__caudate__M009                 SET     299     0.040023    0.0051192     0.054133      0.22986 brainseq__caudate__M009
brainseq__caudate__M007                 SET     312    0.0026853   0.00035073      0.05395      0.48015 brainseq__caudate__M007
brainseq__caudate__M018                 SET      55     0.049308    0.0027236      0.12365      0.34503 brainseq__caudate__M018
brainseq__caudate__M011                 SET     244   -0.0087597   -0.0010137     0.064735      0.55382 brainseq__caudate__M011
brainseq__caudate__M010                 SET     250     -0.08581     -0.01005     0.063625      0.91127 brainseq__caudate__M010
brainseq__caudate__M006                 SET     549     0.026586    0.0045752     0.040486       0.2557 brainseq__caudate__M006
brainseq__caudate__M017                 SET      81     0.071648    0.0047992      0.09785      0.23202 brainseq__caudate__M017
brainseq__caudate__M012                 SET     166     -0.11768    -0.011258     0.079448      0.93072 brainseq__caudate__M012
brainseq__hippocampus__M000             SET   10192     0.045521     0.022556     0.015164    0.0013429 brainseq__hippocampus__M000
brainseq__hippocampus__M008             SET     147     -0.14157    -0.012751     0.085334      0.95143 brainseq__hippocampus__M008
brainseq__hippocampus__M001             SET     889    -0.059918    -0.012993     0.034958      0.95673 brainseq__hippocampus__M001
brainseq__hippocampus__M002             SET    1034   -0.0082561   -0.0019225     0.031514      0.60333 brainseq__hippocampus__M002
brainseq__hippocampus__M004             SET     467      0.14732     0.023438     0.044489   0.00046492 brainseq__hippocampus__M004
brainseq__hippocampus__M003             SET     446     -0.03714   -0.0057777     0.048922      0.77612 brainseq__hippocampus__M003
brainseq__hippocampus__M006             SET     266     0.013984    0.0016886     0.061192      0.40962 brainseq__hippocampus__M006
brainseq__hippocampus__M005             SET     202    -0.027263   -0.0028741     0.070638      0.65023 brainseq__hippocampus__M005
brainseq__hippocampus__M007             SET     108    -0.096956   -0.0074934      0.10195       0.8292 brainseq__hippocampus__M007
brainseq__dlpfc__M002                   SET    1335   -0.0041105   -0.0010779     0.027509      0.55939 brainseq__dlpfc__M002
brainseq__dlpfc__M000                   SET     865    -0.016245   -0.0034772     0.033344      0.68694 brainseq__dlpfc__M000
brainseq__dlpfc__M005                   SET    1064     0.017425    0.0041124     0.029006      0.27402 brainseq__dlpfc__M005
brainseq__dlpfc__M014                   SET     254      0.10863     0.012823     0.063542     0.043677 brainseq__dlpfc__M014
brainseq__dlpfc__M004                   SET    1178    0.0033358   0.00082558     0.029118       0.4544 brainseq__dlpfc__M004
brainseq__dlpfc__M011                   SET     419     0.045055    0.0067987      0.04731      0.17047 brainseq__dlpfc__M011
brainseq__dlpfc__M008                   SET     619     0.040325    0.0073538     0.035614      0.12876 brainseq__dlpfc__M008
brainseq__dlpfc__M006                   SET    1156   -0.0032014  -0.00078539     0.028821      0.54422 brainseq__dlpfc__M006
brainseq__dlpfc__M010                   SET     510    0.0069476    0.0011536     0.044279      0.43766 brainseq__dlpfc__M010
brainseq__dlpfc__M009                   SET     240    -0.018649   -0.0021407      0.06198      0.61825 brainseq__dlpfc__M009
brainseq__dlpfc__M015                   SET     347      0.10061     0.013844     0.046352     0.014989 brainseq__dlpfc__M015
brainseq__dlpfc__M001                   SET    1669     0.015669     0.004548     0.024728      0.26315 brainseq__dlpfc__M001
brainseq__dlpfc__M003                   SET    1214    -0.020772   -0.0052132     0.030377      0.75295 brainseq__dlpfc__M003
brainseq__dlpfc__M012                   SET     377     0.050539    0.0072426     0.052864      0.16954 brainseq__dlpfc__M012
brainseq__dlpfc__M016                   SET     277    -0.029254   -0.0036038     0.053569       0.7075 brainseq__dlpfc__M016
brainseq__dlpfc__M018                   SET     136    -0.031899   -0.0027644     0.077533      0.65962 brainseq__dlpfc__M018
brainseq__dlpfc__M013                   SET     333      0.24185     0.032615     0.053987   3.7582e-06 brainseq__dlpfc__M013
brainseq__dlpfc__M007                   SET     647     0.012826    0.0023893     0.037907      0.36755 brainseq__dlpfc__M007
brainseq__dlpfc__M020                   SET      61     0.039914    0.0023214      0.11769      0.36726 brainseq__dlpfc__M020
brainseq__dlpfc__M017                   SET     137     0.046276    0.0040249     0.084519      0.29201 brainseq__dlpfc__M017
brainseq__dlpfc__M019                   SET      62    -0.062852   -0.0036853        0.123      0.69532 brainseq__dlpfc__M019
brainseq__dlpfc__M021                   SET     104     -0.21262    -0.016127      0.10267      0.98081 brainseq__dlpfc__M021
brainseq__caudate_sczd__M002            SET    1775   -0.0083471   -0.0024903     0.023133      0.64088 brainseq__caudate_sczd__M002
brainseq__caudate_sczd__M000            SET    1994     0.033685      0.01058     0.022231     0.064867 brainseq__caudate_sczd__M000
brainseq__caudate_sczd__M009            SET     272    -0.017434   -0.0021285     0.060912      0.61264 brainseq__caudate_sczd__M009
brainseq__caudate_sczd__M017            SET      14     -0.25328   -0.0070664       0.2387      0.85567 brainseq__caudate_sczd__M017
brainseq__caudate_sczd__M004            SET     983    -0.042161   -0.0095869     0.031174      0.91188 brainseq__caudate_sczd__M004
brainseq__caudate_sczd__M003            SET    1125     0.058934     0.014276     0.029174     0.021696 brainseq__caudate_sczd__M003
brainseq__caudate_sczd__M006            SET     527     -0.12228     -0.02063     0.043628      0.99746 brainseq__caudate_sczd__M006
brainseq__caudate_sczd__M016            SET     178    -0.070754   -0.0070065     0.064038      0.86539 brainseq__caudate_sczd__M016
brainseq__caudate_sczd__M018            SET     142      0.03723    0.0032963     0.076869      0.31408 brainseq__caudate_sczd__M018
brainseq__caudate_sczd__M001            SET    2519     0.011941    0.0041453     0.020425      0.27941 brainseq__caudate_sczd__M001
brainseq__caudate_sczd__M020            SET     115     0.028002    0.0022328     0.080427      0.36386 brainseq__caudate_sczd__M020
brainseq__caudate_sczd__M011            SET     195     0.088111    0.0091281     0.072909      0.11343 brainseq__caudate_sczd__M011
brainseq__caudate_sczd__M012            SET     195      0.30506     0.031604     0.070403    7.394e-06 brainseq__caudate_sczd__M012
brainseq__caudate_sczd__M007            SET     498     -0.04416   -0.0072484     0.044163      0.84132 brainseq__caudate_sczd__M007
brainseq__caudate_sczd__M008            SET     375   -0.0056717  -0.00081069      0.04933      0.54577 brainseq__caudate_sczd__M008
brainseq__caudate_sczd__M014            SET     203     0.087174    0.0092123     0.067144     0.097098 brainseq__caudate_sczd__M014
brainseq__caudate_sczd__M019            SET     127      0.15465     0.012955     0.085272     0.034874 brainseq__caudate_sczd__M019
brainseq__caudate_sczd__M015            SET     181        0.106     0.010584      0.06222     0.044235 brainseq__caudate_sczd__M015
brainseq__caudate_sczd__M010            SET     241    -0.012789    -0.001471     0.064947      0.57805 brainseq__caudate_sczd__M010
brainseq__caudate_sczd__M005            SET    1231     0.038762    0.0097912     0.028183     0.084518 brainseq__caudate_sczd__M005
brainseq__caudate_sczd__M013            SET     162    -0.019471   -0.0018403     0.068572      0.61177 brainseq__caudate_sczd__M013
brainseq__caudate_sczd__M021            SET     114      0.13473     0.010696     0.095225     0.078565 brainseq__caudate_sczd__M021
