# TOTAL_GENES = 17973
# TEST_DIRECTION = one-sided, positive (set), two-sided (covar)
# CONDITIONED_INTERNAL = gene size, gene density, sample size, inverse mac, log(gene size), log(gene density), log(sample size), log(inverse mac)
VARIABLE                               TYPE  NGENES         BETA     BETA_STD           SE            P FULL_NAME
gtex__amygdala__M000                    SET    1205     0.010989    0.0027484     0.028338      0.34909 gtex__amygdala__M000
gtex__amygdala__M001                    SET    1130     0.020142    0.0048893      0.02888      0.24277 gtex__amygdala__M001
gtex__amygdala__M002                    SET     904   -0.0091066   -0.0019904     0.032088      0.61172 gtex__amygdala__M002
gtex__amygdala__M003                    SET     646    0.0071448      0.00133     0.034937      0.41898 gtex__amygdala__M003
gtex__amygdala__M004                    SET     521    -0.047925   -0.0080408     0.039918      0.88504 gtex__amygdala__M004
gtex__amygdala__M005                    SET     316     0.046166    0.0060675     0.053294      0.19318 gtex__amygdala__M005
gtex__amygdala__M006                    SET     170    -0.096918   -0.0093814     0.070451      0.91553 gtex__amygdala__M006
gtex__amygdala__M007                    SET     143   -0.0047311  -0.00042033     0.073896      0.52552 gtex__amygdala__M007
gtex__amygdala__M008                    SET     106    -0.029052   -0.0022246     0.086471      0.63155 gtex__amygdala__M008
gtex__amygdala__M009                    SET      88     0.054697     0.003818     0.094017      0.28036 gtex__amygdala__M009
gtex__amygdala__M010                    SET      80     0.078659    0.0052364      0.10353      0.22371 gtex__amygdala__M010
gtex__amygdala__M011                    SET      74      0.17723     0.011349      0.10647     0.048008 gtex__amygdala__M011
gtex__amygdala__M012                    SET      55      0.31024     0.017136      0.12383    0.0061224 gtex__amygdala__M012
gtex__amygdala__M013                    SET      61      -0.1432   -0.0083284      0.12081      0.88205 gtex__amygdala__M013
gtex__amygdala__M014                    SET      53      0.12567    0.0068145      0.13405      0.17426 gtex__amygdala__M014
gtex__amygdala__M015                    SET      38       0.1869     0.008585      0.15752      0.11772 gtex__amygdala__M015
gtex__amygdala__M016                    SET      41      0.31155     0.014864      0.14141     0.013798 gtex__amygdala__M016
gtex__amygdala__M017                    SET      36     0.012848   0.00057447      0.14406      0.46447 gtex__amygdala__M017
gtex__amygdala__M018                    SET      41    -0.089061    -0.004249       0.1413      0.73574 gtex__amygdala__M018
gtex__amygdala__M019                    SET      31    0.0073654   0.00030563      0.16112      0.48177 gtex__amygdala__M019
gtex__amygdala__M020                    SET      23     -0.28133    -0.010058      0.17236      0.94868 gtex__amygdala__M020
gtex__amygdala__M021                    SET      27      0.24853    0.0096258      0.20037      0.10743 gtex__amygdala__M021
gtex__amygdala__M022                    SET      22     0.094641    0.0033092      0.18291      0.30243 gtex__amygdala__M022
gtex__amygdala__M023                    SET      25     -0.05937   -0.0022128      0.18992      0.62271 gtex__amygdala__M023
gtex__amygdala__M024                    SET      15    -0.094118   -0.0027179      0.23946      0.65285 gtex__amygdala__M024
gtex__amygdala__M025                    SET      18     0.062348    0.0019722      0.22319      0.38999 gtex__amygdala__M025
gtex__amygdala__M026                    SET      17      0.41858     0.012868      0.22836     0.033412 gtex__amygdala__M026
gtex__amygdala__M027                    SET      17     -0.20764    -0.006383      0.20963      0.83903 gtex__amygdala__M027
gtex__amygdala__M028                    SET      19      0.28837    0.0093712      0.22005     0.095028 gtex__amygdala__M028
gtex__amygdala__M029                    SET      13     0.027441   0.00073776      0.25478      0.45712 gtex__amygdala__M029
gtex__amygdala__M030                    SET      16     -0.32663   -0.0097416      0.22245      0.92899 gtex__amygdala__M030
gtex__amygdala__M031                    SET      14      0.25759    0.0071867      0.25713      0.15823 gtex__amygdala__M031
gtex__amygdala__M032                    SET      12      0.17113    0.0044206      0.26903      0.26235 gtex__amygdala__M032
gtex__anterior_cingulate_cor...1        SET    2256     0.014281    0.0047315     0.021309      0.25137 gtex__anterior_cingulate_cortex_ba24__M000
gtex__anterior_cingulate_cor...2        SET    1288     0.019736    0.0050906      0.02697      0.23215 gtex__anterior_cingulate_cortex_ba24__M001
gtex__anterior_cingulate_cor...3        SET     627     0.031914    0.0058561     0.038348      0.20264 gtex__anterior_cingulate_cortex_ba24__M002
gtex__anterior_cingulate_cor...4        SET     519     0.084636     0.014174     0.043237     0.025153 gtex__anterior_cingulate_cortex_ba24__M003
gtex__anterior_cingulate_cor...5        SET     436    -0.044211    -0.006802     0.041845      0.85463 gtex__anterior_cingulate_cortex_ba24__M004
gtex__anterior_cingulate_cor...6        SET     462     0.018774    0.0029712     0.043984      0.33475 gtex__anterior_cingulate_cortex_ba24__M005
gtex__anterior_cingulate_cor...7        SET     298    -0.036524   -0.0046641      0.05208      0.75844 gtex__anterior_cingulate_cortex_ba24__M006
gtex__anterior_cingulate_cor...8        SET     196     0.020615    0.0021411      0.06732      0.37972 gtex__anterior_cingulate_cortex_ba24__M007
gtex__anterior_cingulate_cor...9        SET     173     0.010532    0.0010284     0.069096      0.43942 gtex__anterior_cingulate_cortex_ba24__M008
gtex__anterior_cingulate_cor...10       SET     102    -0.099931    -0.007507     0.089742      0.86725 gtex__anterior_cingulate_cortex_ba24__M009
gtex__anterior_cingulate_cor...11       SET      92    -0.052056    -0.003715     0.095421      0.70731 gtex__anterior_cingulate_cortex_ba24__M010
gtex__anterior_cingulate_cor...12       SET      72    -0.042477   -0.0026832      0.10089      0.66313 gtex__anterior_cingulate_cortex_ba24__M011
gtex__anterior_cingulate_cor...13       SET      64    -0.093224   -0.0055532      0.10773      0.80657 gtex__anterior_cingulate_cortex_ba24__M012
gtex__anterior_cingulate_cor...14       SET      73       0.2002     0.012733      0.10691     0.030567 gtex__anterior_cingulate_cortex_ba24__M013
gtex__anterior_cingulate_cor...15       SET      51   0.00012522   6.6612e-06      0.12888      0.49961 gtex__anterior_cingulate_cortex_ba24__M014
gtex__anterior_cingulate_cor...16       SET      43    -0.018213  -0.00088983      0.14949      0.54848 gtex__anterior_cingulate_cortex_ba24__M015
gtex__anterior_cingulate_cor...17       SET      35     -0.25864    -0.011403      0.16487      0.94163 gtex__anterior_cingulate_cortex_ba24__M016
gtex__anterior_cingulate_cor...18       SET      31      0.19461    0.0080755      0.17115      0.12777 gtex__anterior_cingulate_cortex_ba24__M017
gtex__anterior_cingulate_cor...19       SET      17      0.06645    0.0020428      0.22148      0.38208 gtex__anterior_cingulate_cortex_ba24__M018
gtex__anterior_cingulate_cor...20       SET      19      0.29775     0.009676      0.19631     0.064682 gtex__anterior_cingulate_cortex_ba24__M019
gtex__anterior_cingulate_cor...21       SET      20      0.17476    0.0058267      0.19109      0.18022 gtex__anterior_cingulate_cortex_ba24__M020
gtex__anterior_cingulate_cor...22       SET      19    0.0077678   0.00025243      0.20028      0.48453 gtex__anterior_cingulate_cortex_ba24__M021
gtex__anterior_cingulate_cor...23       SET      13     0.082867    0.0022279      0.28719      0.38647 gtex__anterior_cingulate_cortex_ba24__M022
gtex__anterior_cingulate_cor...24       SET      15      0.33836    0.0097711      0.25735     0.094303 gtex__anterior_cingulate_cortex_ba24__M023
gtex__anterior_cingulate_cor...25       SET      16    0.0018355   5.4741e-05      0.22443      0.49674 gtex__anterior_cingulate_cortex_ba24__M024
gtex__caudate_basal_ganglia_...1        SET    1520    0.0012672   0.00035259     0.025669      0.48031 gtex__caudate_basal_ganglia__M000
gtex__caudate_basal_ganglia_...2        SET    1236     0.046673     0.011812     0.027569     0.045243 gtex__caudate_basal_ganglia__M001
gtex__caudate_basal_ganglia_...3        SET     840     0.014929    0.0031511     0.033405      0.32748 gtex__caudate_basal_ganglia__M002
gtex__caudate_basal_ganglia_...4        SET     596    -0.002553  -0.00045714     0.036612       0.5278 gtex__caudate_basal_ganglia__M003
gtex__caudate_basal_ganglia_...5        SET     558     0.026925    0.0046701     0.040378      0.25244 gtex__caudate_basal_ganglia__M004
gtex__caudate_basal_ganglia_...6        SET     440    -0.087392    -0.013506      0.04361      0.97745 gtex__caudate_basal_ganglia__M005
gtex__caudate_basal_ganglia_...7        SET     223     0.045614    0.0050494     0.060723      0.22628 gtex__caudate_basal_ganglia__M006
gtex__caudate_basal_ganglia_...8        SET     203     0.072769    0.0076901     0.061726      0.11922 gtex__caudate_basal_ganglia__M007
gtex__caudate_basal_ganglia_...9        SET     178    -0.075794   -0.0075056     0.072465       0.8522 gtex__caudate_basal_ganglia__M008
gtex__caudate_basal_ganglia_...10       SET     116    -0.029125   -0.0023323      0.08437      0.63503 gtex__caudate_basal_ganglia__M009
gtex__caudate_basal_ganglia_...11       SET     113       0.2057     0.016259     0.084078     0.007217 gtex__caudate_basal_ganglia__M010
gtex__caudate_basal_ganglia_...12       SET      76      0.18299     0.011875        0.109     0.046606 gtex__caudate_basal_ganglia__M011
gtex__caudate_basal_ganglia_...13       SET      73      0.15208    0.0096725      0.10137     0.066796 gtex__caudate_basal_ganglia__M012
gtex__caudate_basal_ganglia_...14       SET      75      0.17099     0.011023      0.10604     0.053436 gtex__caudate_basal_ganglia__M013
gtex__caudate_basal_ganglia_...15       SET      58     -0.17983      -0.0102       0.1157      0.93993 gtex__caudate_basal_ganglia__M014
gtex__caudate_basal_ganglia_...16       SET      66     0.056401    0.0034116      0.10677      0.29867 gtex__caudate_basal_ganglia__M015
gtex__caudate_basal_ganglia_...17       SET      48     0.061314    0.0031645      0.13086       0.3197 gtex__caudate_basal_ganglia__M016
gtex__caudate_basal_ganglia_...18       SET      33      0.31695     0.013569      0.15873     0.022932 gtex__caudate_basal_ganglia__M017
gtex__caudate_basal_ganglia_...19       SET      34     -0.15538   -0.0067518      0.16735      0.82342 gtex__caudate_basal_ganglia__M018
gtex__caudate_basal_ganglia_...20       SET      31     0.040386    0.0016759      0.16676      0.40432 gtex__caudate_basal_ganglia__M019
gtex__caudate_basal_ganglia_...21       SET      18     -0.20163    -0.006378      0.21332      0.82771 gtex__caudate_basal_ganglia__M020
gtex__caudate_basal_ganglia_...22       SET      24      -0.1925     -0.00703      0.17981      0.85781 gtex__caudate_basal_ganglia__M021
gtex__caudate_basal_ganglia_...23       SET      15     -0.27816   -0.0080327      0.22909      0.88765 gtex__caudate_basal_ganglia__M022
gtex__caudate_basal_ganglia_...24       SET      20     -0.18254   -0.0060859      0.18911      0.83277 gtex__caudate_basal_ganglia__M023
gtex__caudate_basal_ganglia_...25       SET      16      0.40241     0.012001      0.25446     0.056902 gtex__caudate_basal_ganglia__M024
gtex__caudate_basal_ganglia_...26       SET      20     -0.06843   -0.0022815      0.21287      0.62607 gtex__caudate_basal_ganglia__M025
gtex__caudate_basal_ganglia_...27       SET      13      0.12803    0.0034423      0.24913      0.30365 gtex__caudate_basal_ganglia__M026
gtex__caudate_basal_ganglia_...28       SET      13     -0.33366   -0.0089706       0.2782       0.8848 gtex__caudate_basal_ganglia__M027
gtex__cerebellar_hemisphere_...1        SET    2457     0.040071     0.013766     0.020479     0.025196 gtex__cerebellar_hemisphere__M000
gtex__cerebellar_hemisphere_...2        SET     757     0.048598    0.0097618     0.033404     0.072862 gtex__cerebellar_hemisphere__M001
gtex__cerebellar_hemisphere_...3        SET     837     0.023407    0.0049324     0.033413       0.2418 gtex__cerebellar_hemisphere__M002
gtex__cerebellar_hemisphere_...4        SET     803   0.00011256   2.3255e-05     0.031841      0.49859 gtex__cerebellar_hemisphere__M003
gtex__cerebellar_hemisphere_...5        SET     577     0.090628     0.015976      0.03909     0.010218 gtex__cerebellar_hemisphere__M004
gtex__cerebellar_hemisphere_...6        SET     156     0.030911    0.0028674     0.069548      0.32836 gtex__cerebellar_hemisphere__M005
gtex__cerebellar_hemisphere_...7        SET     173   -0.0099787  -0.00097431     0.067296      0.55894 gtex__cerebellar_hemisphere__M006
gtex__cerebellar_hemisphere_...8        SET     140     0.069142    0.0060787     0.076349      0.18258 gtex__cerebellar_hemisphere__M007
gtex__cerebellar_hemisphere_...9        SET     115     -0.02953   -0.0023546     0.085347      0.63533 gtex__cerebellar_hemisphere__M008
gtex__cerebellar_hemisphere_...10       SET     113    -0.041565   -0.0032855     0.087506       0.6826 gtex__cerebellar_hemisphere__M009
gtex__cerebellar_hemisphere_...11       SET     115    -0.010521   -0.0008389     0.082225      0.55091 gtex__cerebellar_hemisphere__M010
gtex__cerebellar_hemisphere_...12       SET     105      0.01211   0.00092294      0.10064      0.45211 gtex__cerebellar_hemisphere__M011
gtex__cerebellar_hemisphere_...13       SET      78    -0.082025    -0.005392      0.10308       0.7869 gtex__cerebellar_hemisphere__M012
gtex__cerebellar_hemisphere_...14       SET      55       -0.135    -0.007457      0.11855       0.8726 gtex__cerebellar_hemisphere__M013
gtex__cerebellar_hemisphere_...15       SET      46     -0.06823   -0.0034475      0.13544      0.69278 gtex__cerebellar_hemisphere__M014
gtex__cerebellar_hemisphere_...16       SET      43     0.090631    0.0044278      0.13944      0.25787 gtex__cerebellar_hemisphere__M015
gtex__cerebellar_hemisphere_...17       SET      36      0.22243     0.009945      0.14847     0.067065 gtex__cerebellar_hemisphere__M016
gtex__cerebellar_hemisphere_...18       SET      36      -0.1678   -0.0075027      0.14675      0.87357 gtex__cerebellar_hemisphere__M017
gtex__cerebellar_hemisphere_...19       SET      38     -0.23556     -0.01082      0.15274      0.93848 gtex__cerebellar_hemisphere__M018
gtex__cerebellar_hemisphere_...20       SET      31       0.1902    0.0078925      0.15193      0.10531 gtex__cerebellar_hemisphere__M019
gtex__cerebellar_hemisphere_...21       SET      29      0.27169     0.010905      0.15541      0.04022 gtex__cerebellar_hemisphere__M020
gtex__cerebellar_hemisphere_...22       SET      17     -0.25683   -0.0078954      0.21309      0.88594 gtex__cerebellar_hemisphere__M021
gtex__cerebellar_hemisphere_...23       SET      15      0.29987    0.0086596      0.21894     0.085406 gtex__cerebellar_hemisphere__M022
gtex__cerebellar_hemisphere_...24       SET      16     0.082189    0.0024512      0.24276      0.36747 gtex__cerebellar_hemisphere__M023
gtex__cerebellum__M000                  SET    1459     0.040997     0.011197     0.025632     0.054867 gtex__cerebellum__M000
gtex__cerebellum__M001                  SET     597    0.0082932    0.0014862     0.039694      0.41725 gtex__cerebellum__M001
gtex__cerebellum__M002                  SET     518    0.0072316    0.0012099     0.040118      0.42848 gtex__cerebellum__M002
gtex__cerebellum__M003                  SET     487     0.027997    0.0045458      0.04056      0.24502 gtex__cerebellum__M003
gtex__cerebellum__M004                  SET     411     0.059939      0.00896     0.044268     0.087877 gtex__cerebellum__M004
gtex__cerebellum__M005                  SET     235    0.0012473    0.0001417     0.057833       0.4914 gtex__cerebellum__M005
gtex__cerebellum__M006                  SET     218     0.003174   0.00034744     0.062718      0.47982 gtex__cerebellum__M006
gtex__cerebellum__M007                  SET     213      -0.0745   -0.0080623     0.068666      0.86102 gtex__cerebellum__M007
gtex__cerebellum__M008                  SET     177    -0.044701   -0.0044142     0.065621      0.75212 gtex__cerebellum__M008
gtex__cerebellum__M009                  SET     162     0.017421    0.0016465      0.07178      0.40412 gtex__cerebellum__M009
gtex__cerebellum__M010                  SET     130      0.11787    0.0099883     0.079848      0.06996 gtex__cerebellum__M010
gtex__cerebellum__M011                  SET     119     0.029342    0.0023797     0.084832      0.36472 gtex__cerebellum__M011
gtex__cerebellum__M012                  SET      75      0.17458     0.011254      0.10504     0.048263 gtex__cerebellum__M012
gtex__cerebellum__M013                  SET      33    -0.090759   -0.0038855      0.15108      0.72599 gtex__cerebellum__M013
gtex__cerebellum__M014                  SET      26      0.17888     0.006799       0.1589      0.13014 gtex__cerebellum__M014
gtex__cerebellum__M015                  SET      28     0.092557    0.0036505      0.17617      0.29966 gtex__cerebellum__M015
gtex__cerebellum__M016                  SET      26     0.079282    0.0030134      0.16868      0.31917 gtex__cerebellum__M016
gtex__cerebellum__M017                  SET      24      0.21131     0.007717      0.17769      0.11718 gtex__cerebellum__M017
gtex__cerebellum__M018                  SET      23     0.075495     0.002699      0.21325      0.36166 gtex__cerebellum__M018
gtex__cerebellum__M019                  SET      16     -0.27693   -0.0082591      0.25139      0.86468 gtex__cerebellum__M019
gtex__cerebellum__M020                  SET      18      0.23194    0.0073367      0.20939        0.134 gtex__cerebellum__M020
gtex__cortex__M000                      SET    1577   -0.0060927   -0.0017238     0.025286       0.5952 gtex__cortex__M000
gtex__cortex__M001                      SET     978     0.012435    0.0028209      0.03029       0.3407 gtex__cortex__M001
gtex__cortex__M002                      SET     741     0.047987    0.0095409     0.034865     0.084366 gtex__cortex__M002
gtex__cortex__M003                      SET     359    -0.028458   -0.0039817     0.051067      0.71133 gtex__cortex__M003
gtex__cortex__M004                      SET     256    -0.021654   -0.0025659     0.054019      0.65573 gtex__cortex__M004
gtex__cortex__M005                      SET     240     0.092423     0.010609     0.059548     0.060333 gtex__cortex__M005
gtex__cortex__M006                      SET     220    -0.015593   -0.0017146     0.060286      0.60205 gtex__cortex__M006
gtex__cortex__M007                      SET     188     -0.10316    -0.010496     0.067015      0.93814 gtex__cortex__M007
gtex__cortex__M008                      SET     202    0.0074587    0.0007863     0.064085      0.45367 gtex__cortex__M008
gtex__cortex__M009                      SET     133     0.097654    0.0083696     0.077641      0.10425 gtex__cortex__M009
gtex__cortex__M010                      SET     138     0.091045    0.0079474     0.082186      0.13398 gtex__cortex__M010
gtex__cortex__M011                      SET     128    -0.058358   -0.0049074     0.080993       0.7644 gtex__cortex__M011
gtex__cortex__M012                      SET     107     -0.05434   -0.0041804     0.086468      0.73514 gtex__cortex__M012
gtex__cortex__M013                      SET      85    -0.034753   -0.0023844     0.098868       0.6374 gtex__cortex__M013
gtex__cortex__M014                      SET      61    -0.014615  -0.00085003      0.12369      0.54703 gtex__cortex__M014
gtex__cortex__M015                      SET      40     -0.25546    -0.012039      0.16168      0.94294 gtex__cortex__M015
gtex__cortex__M016                      SET      40      0.13715     0.006463      0.13589      0.15644 gtex__cortex__M016
gtex__cortex__M017                      SET      31    -0.036803   -0.0015272       0.1623      0.58969 gtex__cortex__M017
gtex__cortex__M018                      SET      31      0.13799    0.0057261      0.15843      0.19189 gtex__cortex__M018
gtex__cortex__M019                      SET      26     0.036112    0.0013725      0.18803      0.42385 gtex__cortex__M019
gtex__cortex__M020                      SET      20     -0.11214   -0.0037387      0.21293      0.70077 gtex__cortex__M020
gtex__cortex__M021                      SET      14   -0.0028962  -8.0802e-05      0.24418      0.50473 gtex__cortex__M021
gtex__cortex__M022                      SET      17     -0.12555   -0.0038594      0.21206      0.72308 gtex__cortex__M022
gtex__cortex__M023                      SET      19     0.086215    0.0028018      0.19881      0.33227 gtex__cortex__M023
gtex__cortex__M024                      SET      20     0.057274    0.0019096      0.20093      0.38781 gtex__cortex__M024
gtex__frontal_cortex_ba9__M0...1        SET    3212     0.033702     0.012912     0.018522     0.034421 gtex__frontal_cortex_ba9__M000
gtex__frontal_cortex_ba9__M0...2        SET     963    0.0047895    0.0010786     0.031456      0.43949 gtex__frontal_cortex_ba9__M001
gtex__frontal_cortex_ba9__M0...3        SET     849    0.0033479   0.00071026     0.033758       0.4605 gtex__frontal_cortex_ba9__M002
gtex__frontal_cortex_ba9__M0...4        SET     709    0.0099338    0.0019337     0.034797      0.38764 gtex__frontal_cortex_ba9__M003
gtex__frontal_cortex_ba9__M0...5        SET     645   -0.0055139   -0.0010257     0.035535      0.56165 gtex__frontal_cortex_ba9__M004
gtex__frontal_cortex_ba9__M0...6        SET     424   -0.0064476  -0.00097858     0.044961      0.55701 gtex__frontal_cortex_ba9__M005
gtex__frontal_cortex_ba9__M0...7        SET     158    -0.015553   -0.0014519     0.070957      0.58675 gtex__frontal_cortex_ba9__M006
gtex__frontal_cortex_ba9__M0...8        SET     144    -0.040869   -0.0036436     0.078998      0.69754 gtex__frontal_cortex_ba9__M007
gtex__frontal_cortex_ba9__M0...9        SET     122     -0.16418    -0.013481     0.083036      0.97599 gtex__frontal_cortex_ba9__M008
gtex__frontal_cortex_ba9__M0...10       SET     109      0.17938     0.013928     0.086726     0.019309 gtex__frontal_cortex_ba9__M009
gtex__frontal_cortex_ba9__M0...11       SET      77    -0.011143  -0.00072779      0.10076      0.54403 gtex__frontal_cortex_ba9__M010
gtex__frontal_cortex_ba9__M0...12       SET      63     0.098739    0.0058358       0.1065      0.17695 gtex__frontal_cortex_ba9__M011
gtex__frontal_cortex_ba9__M0...13       SET      62     0.013635   0.00079948      0.11412      0.45245 gtex__frontal_cortex_ba9__M012
gtex__frontal_cortex_ba9__M0...14       SET      53     -0.20185    -0.010945      0.12538      0.94629 gtex__frontal_cortex_ba9__M013
gtex__frontal_cortex_ba9__M0...15       SET      39      0.14631    0.0068082      0.14232      0.15198 gtex__frontal_cortex_ba9__M014
gtex__frontal_cortex_ba9__M0...16       SET      38     -0.22742    -0.010446      0.15115      0.93377 gtex__frontal_cortex_ba9__M015
gtex__frontal_cortex_ba9__M0...17       SET      39     0.060169    0.0027998      0.14789      0.34206 gtex__frontal_cortex_ba9__M016
gtex__frontal_cortex_ba9__M0...18       SET      30     0.043693    0.0017837      0.15465      0.38877 gtex__frontal_cortex_ba9__M017
gtex__frontal_cortex_ba9__M0...19       SET      23     0.011321   0.00040474      0.19826      0.47723 gtex__frontal_cortex_ba9__M018
gtex__frontal_cortex_ba9__M0...20       SET      18     -0.35773    -0.011316      0.22726      0.94226 gtex__frontal_cortex_ba9__M019
gtex__frontal_cortex_ba9__M0...21       SET      12      0.62737     0.016206      0.26955    0.0099765 gtex__frontal_cortex_ba9__M020
gtex__hippocampus__M000                 SET    1576     0.055699     0.015754     0.024673     0.011994 gtex__hippocampus__M000
gtex__hippocampus__M001                 SET    1183    -0.028586   -0.0070887     0.028524      0.84186 gtex__hippocampus__M001
gtex__hippocampus__M002                 SET     920     0.027488    0.0060579     0.031649      0.19256 gtex__hippocampus__M002
gtex__hippocampus__M003                 SET     597     0.010961    0.0019642     0.038216      0.38713 gtex__hippocampus__M003
gtex__hippocampus__M004                 SET     470     0.017716    0.0028273     0.041309      0.33401 gtex__hippocampus__M004
gtex__hippocampus__M005                 SET     256     0.014115    0.0016726     0.056999      0.40221 gtex__hippocampus__M005
gtex__hippocampus__M006                 SET     172    -0.071836   -0.0069939     0.068869      0.85154 gtex__hippocampus__M006
gtex__hippocampus__M007                 SET     136     0.011082   0.00096041     0.083901      0.44746 gtex__hippocampus__M007
gtex__hippocampus__M008                 SET     121     -0.13588    -0.011111     0.081705      0.95184 gtex__hippocampus__M008
gtex__hippocampus__M009                 SET     132     -0.11625   -0.0099262     0.081933      0.92202 gtex__hippocampus__M009
gtex__hippocampus__M010                 SET     112     0.027388    0.0021553     0.084291      0.37262 gtex__hippocampus__M010
gtex__hippocampus__M011                 SET     109    -0.062572   -0.0048582      0.08796      0.76157 gtex__hippocampus__M011
gtex__hippocampus__M012                 SET     112     -0.05192   -0.0040859     0.088184      0.72199 gtex__hippocampus__M012
gtex__hippocampus__M013                 SET      78    -0.022737   -0.0014946     0.096853       0.5928 gtex__hippocampus__M013
gtex__hippocampus__M014                 SET      73      0.22141     0.014082      0.10707     0.019336 gtex__hippocampus__M014
gtex__hippocampus__M015                 SET      61      0.14748    0.0085776      0.11881      0.10725 gtex__hippocampus__M015
gtex__hippocampus__M016                 SET      52    -0.040713   -0.0021868      0.13273      0.62047 gtex__hippocampus__M016
gtex__hippocampus__M017                 SET      48    -0.059487   -0.0030702      0.13696      0.66798 gtex__hippocampus__M017
gtex__hippocampus__M018                 SET      33     0.099537    0.0042613      0.15059      0.25431 gtex__hippocampus__M018
gtex__hippocampus__M019                 SET      37   -0.0047491  -0.00021526      0.15788        0.512 gtex__hippocampus__M019
gtex__hippocampus__M020                 SET      45      0.17926    0.0089588      0.13699     0.095346 gtex__hippocampus__M020
gtex__hippocampus__M021                 SET      49     0.085566    0.0044618       0.1397       0.2701 gtex__hippocampus__M021
gtex__hippocampus__M022                 SET      32      0.25872     0.010907      0.16543     0.058932 gtex__hippocampus__M022
gtex__hippocampus__M023                 SET      33    -0.035154    -0.001505      0.15285      0.59095 gtex__hippocampus__M023
gtex__hippocampus__M024                 SET      32    -0.073246    -0.003088       0.1488      0.68873 gtex__hippocampus__M024
gtex__hippocampus__M025                 SET      29    -0.021966  -0.00088166      0.15658      0.55578 gtex__hippocampus__M025
gtex__hippocampus__M026                 SET      24      -0.3468    -0.012665       0.1876      0.96773 gtex__hippocampus__M026
gtex__hippocampus__M027                 SET      25     -0.14118   -0.0052619      0.19593      0.76441 gtex__hippocampus__M027
gtex__hippocampus__M028                 SET      18    -0.017772  -0.00056214      0.21172      0.53345 gtex__hippocampus__M028
gtex__hippocampus__M029                 SET      16       0.2643    0.0078824      0.22258      0.11754 gtex__hippocampus__M029
gtex__hypothalamus__M000                SET    1776     0.030887    0.0092174     0.023273     0.092232 gtex__hypothalamus__M000
gtex__hypothalamus__M001                SET     868     0.048487     0.010395     0.032941     0.070529 gtex__hypothalamus__M001
gtex__hypothalamus__M002                SET     864   -0.0032515  -0.00069557     0.032235      0.54017 gtex__hypothalamus__M002
gtex__hypothalamus__M003                SET     428     0.053277    0.0081233     0.046152      0.12418 gtex__hypothalamus__M003
gtex__hypothalamus__M004                SET     306    -0.026276   -0.0033993     0.051041      0.69665 gtex__hypothalamus__M004
gtex__hypothalamus__M005                SET     210    -0.020203    -0.002171     0.062672      0.62641 gtex__hypothalamus__M005
gtex__hypothalamus__M006                SET     251     0.072427    0.0084994     0.057445       0.1037 gtex__hypothalamus__M006
gtex__hypothalamus__M007                SET     231     0.010514    0.0011844     0.058087      0.42818 gtex__hypothalamus__M007
gtex__hypothalamus__M008                SET     194    -0.022119   -0.0022857     0.065676      0.63186 gtex__hypothalamus__M008
gtex__hypothalamus__M009                SET     158     0.030865    0.0028813     0.073074      0.33638 gtex__hypothalamus__M009
gtex__hypothalamus__M010                SET     120    -0.073878   -0.0060166     0.077446      0.82993 gtex__hypothalamus__M010
gtex__hypothalamus__M011                SET     121    -0.015237    -0.001246     0.082667      0.57312 gtex__hypothalamus__M011
gtex__hypothalamus__M012                SET      79    -0.034949   -0.0023121     0.096142      0.64189 gtex__hypothalamus__M012
gtex__hypothalamus__M013                SET      86      0.15535     0.010721       0.1005     0.061088 gtex__hypothalamus__M013
gtex__hypothalamus__M014                SET      77     -0.17372    -0.011346       0.1083      0.94563 gtex__hypothalamus__M014
gtex__hypothalamus__M015                SET      76   -0.0048767  -0.00031646      0.10545      0.51844 gtex__hypothalamus__M015
gtex__hypothalamus__M016                SET      86      0.11523    0.0079517     0.096162      0.11542 gtex__hypothalamus__M016
gtex__hypothalamus__M017                SET      73    -0.018907   -0.0012025      0.10721      0.56999 gtex__hypothalamus__M017
gtex__hypothalamus__M018                SET      55     0.046416    0.0025638      0.12317      0.35315 gtex__hypothalamus__M018
gtex__hypothalamus__M019                SET      46     0.071868    0.0036313      0.12623      0.28456 gtex__hypothalamus__M019
gtex__hypothalamus__M020                SET      51     -0.14764   -0.0078537      0.13298      0.86655 gtex__hypothalamus__M020
gtex__hypothalamus__M021                SET      23     0.057656    0.0020613      0.18446      0.37731 gtex__hypothalamus__M021
gtex__hypothalamus__M022                SET      33    -0.031904   -0.0013659      0.15995      0.57905 gtex__hypothalamus__M022
gtex__hypothalamus__M023                SET      30      0.03477    0.0014194      0.15525      0.41139 gtex__hypothalamus__M023
gtex__hypothalamus__M024                SET      18    -0.016728  -0.00052915      0.23135      0.52882 gtex__hypothalamus__M024
gtex__hypothalamus__M025                SET      18      0.35453     0.011214      0.20497     0.041856 gtex__hypothalamus__M025
gtex__hypothalamus__M026                SET      18    -0.011972  -0.00037869      0.23115      0.52065 gtex__hypothalamus__M026
gtex__nucleus_accumbens_basa...1        SET    2878     0.014002     0.005135     0.019114      0.23193 gtex__nucleus_accumbens_basal_ganglia__M000
gtex__nucleus_accumbens_basa...2        SET     921     0.047901     0.010562     0.032113     0.067904 gtex__nucleus_accumbens_basal_ganglia__M001
gtex__nucleus_accumbens_basa...3        SET     467     0.029954    0.0047654     0.040765      0.23124 gtex__nucleus_accumbens_basal_ganglia__M002
gtex__nucleus_accumbens_basa...4        SET     365     0.027831    0.0039258     0.046882      0.27638 gtex__nucleus_accumbens_basal_ganglia__M003
gtex__nucleus_accumbens_basa...5        SET     269    -0.055233   -0.0067066     0.053346      0.84975 gtex__nucleus_accumbens_basal_ganglia__M004
gtex__nucleus_accumbens_basa...6        SET     255      0.06213    0.0073481      0.06038      0.15175 gtex__nucleus_accumbens_basal_ganglia__M005
gtex__nucleus_accumbens_basa...7        SET     197     0.057215    0.0059574     0.065355      0.19067 gtex__nucleus_accumbens_basal_ganglia__M006
gtex__nucleus_accumbens_basa...8        SET     208    -0.042256   -0.0045195     0.064069      0.74522 gtex__nucleus_accumbens_basal_ganglia__M007
gtex__nucleus_accumbens_basa...9        SET     184     0.084893    0.0085457     0.068066      0.10617 gtex__nucleus_accumbens_basal_ganglia__M008
gtex__nucleus_accumbens_basa...10       SET      95      0.06783    0.0049185     0.091231       0.2286 gtex__nucleus_accumbens_basal_ganglia__M009
gtex__nucleus_accumbens_basa...11       SET      73     0.064809    0.0041221      0.11162      0.28076 gtex__nucleus_accumbens_basal_ganglia__M010
gtex__nucleus_accumbens_basa...12       SET      66    -0.017102   -0.0010345      0.11431      0.55946 gtex__nucleus_accumbens_basal_ganglia__M011
gtex__nucleus_accumbens_basa...13       SET      66     0.061639    0.0037285      0.11137      0.28998 gtex__nucleus_accumbens_basal_ganglia__M012
gtex__nucleus_accumbens_basa...14       SET      66      0.15842    0.0095827       0.1116     0.077878 gtex__nucleus_accumbens_basal_ganglia__M013
gtex__nucleus_accumbens_basa...15       SET      43      0.12468    0.0060912      0.12273      0.15485 gtex__nucleus_accumbens_basal_ganglia__M014
gtex__nucleus_accumbens_basa...16       SET      43    -0.016397  -0.00080108      0.15879      0.54112 gtex__nucleus_accumbens_basal_ganglia__M015
gtex__nucleus_accumbens_basa...17       SET      46     -0.21657    -0.010943      0.13105      0.95078 gtex__nucleus_accumbens_basal_ganglia__M016
gtex__nucleus_accumbens_basa...18       SET      34      0.16627    0.0072251      0.16286      0.15365 gtex__nucleus_accumbens_basal_ganglia__M017
gtex__nucleus_accumbens_basa...19       SET      40    -0.085928   -0.0040493      0.15005      0.71656 gtex__nucleus_accumbens_basal_ganglia__M018
gtex__nucleus_accumbens_basa...20       SET      36      0.18004    0.0080498      0.15587      0.12404 gtex__nucleus_accumbens_basal_ganglia__M019
gtex__nucleus_accumbens_basa...21       SET      30      0.26994     0.011019      0.16398     0.049872 gtex__nucleus_accumbens_basal_ganglia__M020
gtex__nucleus_accumbens_basa...22       SET      16   -0.0090434  -0.00026971        0.235      0.51535 gtex__nucleus_accumbens_basal_ganglia__M021
gtex__nucleus_accumbens_basa...23       SET      20      0.18751    0.0062517       0.2027      0.17748 gtex__nucleus_accumbens_basal_ganglia__M022
gtex__nucleus_accumbens_basa...24       SET      25     0.070544    0.0026292      0.17935      0.34704 gtex__nucleus_accumbens_basal_ganglia__M023
gtex__nucleus_accumbens_basa...25       SET      21    -0.084926   -0.0029013      0.20909      0.65769 gtex__nucleus_accumbens_basal_ganglia__M024
gtex__nucleus_accumbens_basa...26       SET      19     -0.18963   -0.0061626      0.19704      0.83207 gtex__nucleus_accumbens_basal_ganglia__M025
gtex__nucleus_accumbens_basa...27       SET      17     -0.10879   -0.0033444      0.24869       0.6691 gtex__nucleus_accumbens_basal_ganglia__M026
gtex__putamen_basal_ganglia_...1        SET    1427   -0.0041484   -0.0011216     0.026362      0.56252 gtex__putamen_basal_ganglia__M000
gtex__putamen_basal_ganglia_...2        SET    1222     0.072486     0.018247     0.027732    0.0044807 gtex__putamen_basal_ganglia__M001
gtex__putamen_basal_ganglia_...3        SET     896    -0.020388   -0.0044374      0.03235      0.73573 gtex__putamen_basal_ganglia__M002
gtex__putamen_basal_ganglia_...4        SET     385    0.0003999     5.79e-05     0.046138      0.49654 gtex__putamen_basal_ganglia__M003
gtex__putamen_basal_ganglia_...5        SET     360    0.0074027    0.0010372     0.046194      0.43634 gtex__putamen_basal_ganglia__M004
gtex__putamen_basal_ganglia_...6        SET     365     0.047761    0.0067371     0.049381      0.16673 gtex__putamen_basal_ganglia__M005
gtex__putamen_basal_ganglia_...7        SET     281     0.081762     0.010143     0.052861     0.060972 gtex__putamen_basal_ganglia__M006
gtex__putamen_basal_ganglia_...8        SET     304    -0.035584   -0.0045887     0.051766      0.75408 gtex__putamen_basal_ganglia__M007
gtex__putamen_basal_ganglia_...9        SET     177     0.013844    0.0013671     0.070108      0.42173 gtex__putamen_basal_ganglia__M008
gtex__putamen_basal_ganglia_...10       SET     158    -0.019008   -0.0017744     0.073158       0.6025 gtex__putamen_basal_ganglia__M009
gtex__putamen_basal_ganglia_...11       SET     140    -0.059255   -0.0052095     0.074331      0.78732 gtex__putamen_basal_ganglia__M010
gtex__putamen_basal_ganglia_...12       SET     104     0.099658    0.0075591     0.094031      0.14462 gtex__putamen_basal_ganglia__M011
gtex__putamen_basal_ganglia_...13       SET      75     0.040693    0.0026232      0.10413      0.34799 gtex__putamen_basal_ganglia__M012
gtex__putamen_basal_ganglia_...14       SET      95     -0.13272   -0.0096241     0.093581      0.92194 gtex__putamen_basal_ganglia__M013
gtex__putamen_basal_ganglia_...15       SET      76     0.088888    0.0057681      0.11574      0.22124 gtex__putamen_basal_ganglia__M014
gtex__putamen_basal_ganglia_...16       SET      89     0.098178    0.0068918     0.091252      0.14099 gtex__putamen_basal_ganglia__M015
gtex__putamen_basal_ganglia_...17       SET      45    -0.091128   -0.0045543      0.13018      0.75804 gtex__putamen_basal_ganglia__M016
gtex__putamen_basal_ganglia_...18       SET      27    -0.073931   -0.0028634      0.17586       0.6629 gtex__putamen_basal_ganglia__M017
gtex__putamen_basal_ganglia_...19       SET      26     0.024763    0.0009412      0.16953      0.44193 gtex__putamen_basal_ganglia__M018
gtex__putamen_basal_ganglia_...20       SET      17     0.064371    0.0019789      0.20177      0.37485 gtex__putamen_basal_ganglia__M019
gtex__putamen_basal_ganglia_...21       SET      26     0.031789    0.0012082      0.18331      0.43116 gtex__putamen_basal_ganglia__M020
gtex__putamen_basal_ganglia_...22       SET      21     -0.18815   -0.0064279      0.18854      0.84085 gtex__putamen_basal_ganglia__M021
gtex__putamen_basal_ganglia_...23       SET      15       0.1114    0.0032169      0.21169      0.29937 gtex__putamen_basal_ganglia__M022
gtex__putamen_basal_ganglia_...24       SET      21      0.46908     0.016025      0.20576     0.011317 gtex__putamen_basal_ganglia__M023
gtex__putamen_basal_ganglia_...25       SET      16     -0.27348   -0.0081563      0.21963      0.89346 gtex__putamen_basal_ganglia__M024
gtex__putamen_basal_ganglia_...26       SET      15       -0.168   -0.0048515      0.23052      0.76693 gtex__putamen_basal_ganglia__M025
gtex__putamen_basal_ganglia_...27       SET      17       0.3091    0.0095021      0.23382     0.093105 gtex__putamen_basal_ganglia__M026
gtex__spinal_cord_cervical_c...1        SET    1675     0.051401     0.014943     0.023851     0.015582 gtex__spinal_cord_cervical_c_1__M000
gtex__spinal_cord_cervical_c...2        SET     935     0.011064    0.0024571     0.031355       0.3621 gtex__spinal_cord_cervical_c_1__M001
gtex__spinal_cord_cervical_c...3        SET     320     0.065779    0.0086989      0.04992     0.093809 gtex__spinal_cord_cervical_c_1__M002
gtex__spinal_cord_cervical_c...4        SET     319     -0.12816    -0.016922     0.054401      0.99075 gtex__spinal_cord_cervical_c_1__M003
gtex__spinal_cord_cervical_c...5        SET     274     0.029412    0.0036039     0.055114      0.29679 gtex__spinal_cord_cervical_c_1__M004
gtex__spinal_cord_cervical_c...6        SET     192     0.020307    0.0020877     0.067798      0.38227 gtex__spinal_cord_cervical_c_1__M005
gtex__spinal_cord_cervical_c...7        SET     205   -0.0023739  -0.00025208     0.063053      0.51502 gtex__spinal_cord_cervical_c_1__M006
gtex__spinal_cord_cervical_c...8        SET     192      0.14572     0.014981     0.066482     0.014201 gtex__spinal_cord_cervical_c_1__M007
gtex__spinal_cord_cervical_c...9        SET     172    -0.017854   -0.0017382     0.069582      0.60125 gtex__spinal_cord_cervical_c_1__M008
gtex__spinal_cord_cervical_c...10       SET     168       0.1149     0.011057      0.06633     0.041617 gtex__spinal_cord_cervical_c_1__M009
gtex__spinal_cord_cervical_c...11       SET     178     0.092125    0.0091228     0.065861     0.080948 gtex__spinal_cord_cervical_c_1__M010
gtex__spinal_cord_cervical_c...12       SET     138     0.019594    0.0017104     0.077811      0.40059 gtex__spinal_cord_cervical_c_1__M011
gtex__spinal_cord_cervical_c...13       SET     140      0.05267    0.0046305     0.078666      0.25158 gtex__spinal_cord_cervical_c_1__M012
gtex__spinal_cord_cervical_c...14       SET      99     0.089096    0.0065944     0.087971      0.15559 gtex__spinal_cord_cervical_c_1__M013
gtex__spinal_cord_cervical_c...15       SET      84     0.090433    0.0061681      0.10758      0.20029 gtex__spinal_cord_cervical_c_1__M014
gtex__spinal_cord_cervical_c...16       SET      85       0.2539      0.01742     0.097872    0.0047444 gtex__spinal_cord_cervical_c_1__M015
gtex__spinal_cord_cervical_c...17       SET      74     0.013775   0.00088212      0.10833      0.44941 gtex__spinal_cord_cervical_c_1__M016
gtex__spinal_cord_cervical_c...18       SET      67     0.093408    0.0056926      0.11399      0.20628 gtex__spinal_cord_cervical_c_1__M017
gtex__spinal_cord_cervical_c...19       SET      69     -0.05443   -0.0033661       0.1098      0.68996 gtex__spinal_cord_cervical_c_1__M018
gtex__spinal_cord_cervical_c...20       SET      62    -0.021366   -0.0012528      0.11312      0.57491 gtex__spinal_cord_cervical_c_1__M019
gtex__spinal_cord_cervical_c...21       SET      46     -0.17979   -0.0090841      0.12206       0.9296 gtex__spinal_cord_cervical_c_1__M020
gtex__spinal_cord_cervical_c...22       SET      17     -0.24406   -0.0075028      0.21075      0.87657 gtex__spinal_cord_cervical_c_1__M021
gtex__spinal_cord_cervical_c...23       SET      23     -0.13133   -0.0046953      0.20626      0.73785 gtex__spinal_cord_cervical_c_1__M022
gtex__spinal_cord_cervical_c...24       SET      28      0.22967    0.0090584      0.18616      0.10865 gtex__spinal_cord_cervical_c_1__M023
gtex__spinal_cord_cervical_c...25       SET      20      0.10184    0.0033956      0.19397      0.29977 gtex__spinal_cord_cervical_c_1__M024
gtex__substantia_nigra__M000            SET    1524     0.041241     0.011489     0.024949     0.049175 gtex__substantia_nigra__M000
gtex__substantia_nigra__M001            SET     877   -0.0028432  -0.00061256     0.032599      0.53475 gtex__substantia_nigra__M001
gtex__substantia_nigra__M002            SET     787     0.025659    0.0052505     0.035047      0.23205 gtex__substantia_nigra__M002
gtex__substantia_nigra__M003            SET     565      0.04248    0.0074126     0.039436      0.14071 gtex__substantia_nigra__M003
gtex__substantia_nigra__M004            SET     491     0.017394    0.0028355     0.039906      0.33146 gtex__substantia_nigra__M004
gtex__substantia_nigra__M005            SET     225    -0.048723   -0.0054174     0.059836      0.79225 gtex__substantia_nigra__M005
gtex__substantia_nigra__M006            SET     181     -0.04421   -0.0044143     0.068007      0.74217 gtex__substantia_nigra__M006
gtex__substantia_nigra__M007            SET     162    -0.038752   -0.0036626     0.072013      0.70475 gtex__substantia_nigra__M007
gtex__substantia_nigra__M008            SET     153    -0.083034   -0.0076286     0.073989      0.86911 gtex__substantia_nigra__M008
gtex__substantia_nigra__M009            SET     137    -0.095569   -0.0083123     0.077007       0.8927 gtex__substantia_nigra__M009
gtex__substantia_nigra__M010            SET      84      0.15993     0.010908     0.095057     0.046246 gtex__substantia_nigra__M010
gtex__substantia_nigra__M011            SET      88      0.15104     0.010543     0.098266     0.062152 gtex__substantia_nigra__M011
gtex__substantia_nigra__M012            SET      88      0.19823     0.013837     0.096724     0.020219 gtex__substantia_nigra__M012
gtex__substantia_nigra__M013            SET      76     -0.14178   -0.0092001      0.10534      0.91082 gtex__substantia_nigra__M013
gtex__substantia_nigra__M014            SET      76    -0.069637   -0.0045189     0.096385        0.765 gtex__substantia_nigra__M014
gtex__substantia_nigra__M015            SET      70     0.062482    0.0038919       0.1079      0.28127 gtex__substantia_nigra__M015
gtex__substantia_nigra__M016            SET      74      0.10987    0.0070356      0.11195       0.1632 gtex__substantia_nigra__M016
gtex__substantia_nigra__M017            SET      59     0.063219    0.0036163      0.12204      0.30222 gtex__substantia_nigra__M017
gtex__substantia_nigra__M018            SET      66     0.076963    0.0046554      0.10288      0.22722 gtex__substantia_nigra__M018
gtex__substantia_nigra__M019            SET      64      0.11165    0.0066506      0.11519      0.16622 gtex__substantia_nigra__M019
gtex__substantia_nigra__M020            SET      53       0.1714    0.0092941      0.12919     0.092304 gtex__substantia_nigra__M020
gtex__substantia_nigra__M021            SET      25      0.19897     0.007416      0.17432      0.12685 gtex__substantia_nigra__M021
gtex__substantia_nigra__M022            SET      28     0.042058    0.0016588      0.17037      0.40251 gtex__substantia_nigra__M022
gtex__substantia_nigra__M023            SET      21     -0.12435   -0.0042484      0.19349      0.73979 gtex__substantia_nigra__M023
brainseq__caudate__M000                 SET     645   -0.0076317   -0.0014196     0.037135      0.58141 brainseq__caudate__M000
brainseq__caudate__M001                 SET     994     0.077478      0.01771     0.031496    0.0069532 brainseq__caudate__M001
brainseq__caudate__M002                 SET     819      0.01909    0.0039813     0.034015      0.28733 brainseq__caudate__M002
brainseq__caudate__M003                 SET     839     0.057705     0.012174      0.03339     0.041983 brainseq__caudate__M003
brainseq__caudate__M004                 SET     661     0.013812    0.0025998     0.037004      0.35448 brainseq__caudate__M004
brainseq__caudate__M005                 SET     363    -0.046157   -0.0064933      0.04625      0.84085 brainseq__caudate__M005
brainseq__caudate__M006                 SET     341       0.0477    0.0065078     0.050678       0.1733 brainseq__caudate__M006
brainseq__caudate__M007                 SET     220    -0.036441   -0.0040071      0.06052      0.72645 brainseq__caudate__M007
brainseq__caudate__M008                 SET     213    -0.034463   -0.0037295     0.061269       0.7131 brainseq__caudate__M008
brainseq__caudate__M009                 SET     158     0.011738    0.0010957     0.072194      0.43542 brainseq__caudate__M009
brainseq__caudate__M010                 SET     105     0.038386    0.0029254     0.088011      0.33137 brainseq__caudate__M010
brainseq__caudate__M011                 SET      56      -0.2994    -0.016687      0.11995      0.99372 brainseq__caudate__M011
brainseq__caudate__M012                 SET      30     -0.14381   -0.0058705      0.16924      0.80226 brainseq__caudate__M012
brainseq__hippocampus__M000             SET     590     0.097513     0.017376     0.040936    0.0086126 brainseq__hippocampus__M000
brainseq__hippocampus__M001             SET     581     0.052837    0.0093452     0.039587     0.090996 brainseq__hippocampus__M001
brainseq__hippocampus__M002             SET     555     0.036371    0.0062921     0.041733      0.19174 brainseq__hippocampus__M002
brainseq__hippocampus__M003             SET     467    0.0030845   0.00049071     0.045076      0.47272 brainseq__hippocampus__M003
brainseq__hippocampus__M004             SET     438    -0.032136   -0.0049553     0.042645      0.77444 brainseq__hippocampus__M004
brainseq__hippocampus__M005             SET     300      0.06708    0.0085941     0.054008      0.10712 brainseq__hippocampus__M005
brainseq__hippocampus__M006             SET     311    -0.049806   -0.0064949     0.053427      0.82438 brainseq__hippocampus__M006
brainseq__hippocampus__M007             SET     273    -0.015941   -0.0019498     0.057949      0.60837 brainseq__hippocampus__M007
brainseq__hippocampus__M008             SET     254     0.028497    0.0033638     0.059353      0.31557 brainseq__hippocampus__M008
brainseq__hippocampus__M009             SET     160    -0.010957   -0.0010292     0.076877      0.55667 brainseq__hippocampus__M009
brainseq__hippocampus__M010             SET      70     -0.14931   -0.0093002      0.11297      0.90685 brainseq__hippocampus__M010
brainseq__hippocampus__M011             SET      59    -0.090617   -0.0051835      0.11772      0.77929 brainseq__hippocampus__M011
brainseq__hippocampus__M012             SET      36      0.17359    0.0077614      0.15798      0.13594 brainseq__hippocampus__M012
brainseq__hippocampus__M013             SET      37      0.24244     0.010989      0.15318     0.056752 brainseq__hippocampus__M013
brainseq__hippocampus__M014             SET      32    0.0038261   0.00016131       0.1681      0.49092 brainseq__hippocampus__M014
brainseq__hippocampus__M015             SET      19       0.3654     0.011874      0.22027     0.048584 brainseq__hippocampus__M015
brainseq__dlpfc__M000                   SET     807     0.062859     0.013018     0.035126     0.036776 brainseq__dlpfc__M000
brainseq__dlpfc__M001                   SET     722    0.0092712    0.0018206     0.035994      0.39837 brainseq__dlpfc__M001
brainseq__dlpfc__M002                   SET     716     0.012059    0.0023585     0.036129      0.36928 brainseq__dlpfc__M002
brainseq__dlpfc__M003                   SET     546   -0.0083795   -0.0014382     0.039645       0.5837 brainseq__dlpfc__M003
brainseq__dlpfc__M004                   SET     535     0.021546    0.0036617     0.039834      0.29429 brainseq__dlpfc__M004
brainseq__dlpfc__M005                   SET     504    0.0014047   0.00023191     0.042444       0.4868 brainseq__dlpfc__M005
brainseq__dlpfc__M006                   SET     432   -0.0040998  -0.00062795     0.045152      0.53617 brainseq__dlpfc__M006
brainseq__dlpfc__M007                   SET     303    -0.045486   -0.0058561     0.051722      0.81041 brainseq__dlpfc__M007
brainseq__dlpfc__M008                   SET     177     0.011501    0.0011358     0.066974      0.43183 brainseq__dlpfc__M008
brainseq__dlpfc__M009                   SET     112     0.091081    0.0071678     0.087603      0.14925 brainseq__dlpfc__M009
brainseq__caudate_sczd__M000            SET     765    -0.019174   -0.0038709     0.034014      0.71353 brainseq__caudate_sczd__M000
brainseq__caudate_sczd__M001            SET    1415     0.016019    0.0043142     0.026107      0.26975 brainseq__caudate_sczd__M001
brainseq__caudate_sczd__M002            SET    1048     0.062446     0.014633     0.030774     0.021227 brainseq__caudate_sczd__M002
brainseq__caudate_sczd__M003            SET     776    -0.011525   -0.0023425     0.034895       0.6294 brainseq__caudate_sczd__M003
brainseq__caudate_sczd__M004            SET     357    0.0033839   0.00047218      0.05008      0.47306 brainseq__caudate_sczd__M004
brainseq__caudate_sczd__M005            SET     339    -0.044591   -0.0060661     0.047809       0.8245 brainseq__caudate_sczd__M005
brainseq__caudate_sczd__M006            SET     296    -0.068535   -0.0087227     0.052664      0.90342 brainseq__caudate_sczd__M006
brainseq__caudate_sczd__M007            SET     216     0.048622    0.0052983     0.061229      0.21357 brainseq__caudate_sczd__M007
brainseq__caudate_sczd__M008            SET     172    -0.046204   -0.0044984     0.068534       0.7499 brainseq__caudate_sczd__M008
brainseq__caudate_sczd__M009            SET     144    -0.095024   -0.0084717     0.076014      0.89436 brainseq__caudate_sczd__M009
brainseq__caudate_sczd__M010            SET      77     0.070635    0.0046135     0.099907      0.23979 brainseq__caudate_sczd__M010
brainseq__caudate_sczd__M011            SET      48     -0.20618    -0.010641       0.1411      0.92801 brainseq__caudate_sczd__M011
