# ALPHA = 0.05
# NUMBER_OF_TESTS = 600

# _SET1_  VARIABLE = gtex__putamen_basal_ganglia__M003 (set)
# _SET1_  NGENES = 405
# _SET1_  P-VALUE = 6.18695e-05
_SET1_   GENE     CHR      START       STOP  NSNPS  NPARAM       N        ZSTAT            P  ZFITTED_BASE  ZRESID_BASE
_SET1_   5590       1    1981909    2116834    884      74  463784      -1.8352      0.91584   -1.3323e-15      -1.8352
_SET1_   23261      1    6845384    7829766   5005     350  469732      0.15056       0.2509   -1.3878e-15      0.15056
_SET1_   23352      1   19401000   19536812    517      48  466789     -0.94751      0.69632   -1.3323e-15     -0.94751
_SET1_   57576      1   20990475   21044317    358      91  469445     -0.10785      0.35525   -1.3739e-15     -0.10785
_SET1_   55219      1   25757388   25826700    286      35  461615     -0.51709      0.53152   -1.3323e-15     -0.51709
_SET1_   56181      1   26146397   26159433     56      11  455830       1.4611     0.035963   -1.3323e-15       1.4611
_SET1_   84243      1   27153201   27184092    113      36  464413       1.3074     0.043837   -1.3323e-15       1.3074
_SET1_   2035       1   29213603   29446558    933      63  463422       1.0347     0.073468   -1.3323e-15       1.0347
_SET1_   8668       1   32687971   32697205     25       9  476319      0.59761       0.2035   -1.3323e-15      0.59761
_SET1_   55108      1   32830704   32860062     85      36  462233     -0.14632      0.42825   -1.3878e-15     -0.14632
_SET1_   23154      1   36023311   36032380     26      11  475189     -0.84987      0.73522   -1.3323e-15     -0.84987
_SET1_   5792       1   43991708   44089343    523      48  458125        2.225    0.0037616   -1.3323e-15        2.225
_SET1_   533        1   44440118   44443972     17       9  449709      0.12865       0.3403   -1.3878e-15      0.12865
_SET1_   5142       1   66258193   66840262   2710     174  466165     -0.59995       0.5426   -1.3323e-15     -0.59995
_SET1_   84251      1   66999066   67210768   1137      48  469166      0.41782      0.18898   -1.3878e-15      0.41782
_SET1_   127254     1   75033795   75139422    414      68  458171      0.84251     0.097567   -1.3323e-15      0.84251
_SET1_   5567       1   84543745   84704181    511      57  464021     -0.36504      0.46357   -1.3878e-15     -0.36504
_SET1_   54874      1   93913688   94020218    393      81  457770     -0.26897      0.44681   -1.3878e-15     -0.26897
_SET1_   9890       1   99729848   99775140    230      53  467050     -0.83486      0.65377   -1.3323e-15     -0.83486
_SET1_   118427     1  102268126  102462790   1093     150  471037     -0.77544      0.60957   -1.3323e-15     -0.77544
_SET1_   22854      1  107682540  108024477   1573     172  465721       -1.188      0.77515   -1.3323e-15       -1.188
_SET1_   57535      1  109656585  109749403    561      65  465003      0.12435      0.27894   -1.3739e-15      0.12435
_SET1_   271        1  110162435  110174677     49      19  474588       -1.121      0.77066   -1.3323e-15       -1.121
_SET1_   389        1  113243749  113250025     28      12  472630     -0.94348      0.71513   -1.3323e-15     -0.94348
_SET1_   148281     1  114631914  114696472    391      90  468838       1.0344     0.060965   -1.3323e-15       1.0344
_SET1_   9659       1  144851424  145076186     38      23  323544      -1.4496      0.85606   -1.3323e-15      -1.4496
_SET1_   79630      1  150244687  150253335     27      11  467101      0.75778      0.13039   -1.3323e-15      0.75778
_SET1_   6944       1  151148776  151162689     38      16  460312      0.37767       0.2525   -1.3878e-15      0.37767
_SET1_   7062       1  152078793  152087930     21      13  432011   -0.0092274      0.36076   -1.3739e-15   -0.0092274
_SET1_   1141       1  154540257  154552354     51      28  462754     0.047741      0.33613   -1.3739e-15     0.047741
_SET1_   80128      1  155145702  155157447     40      23  458401      -1.5055      0.86405   -1.3323e-15      -1.5055
_SET1_   9191       1  161090767  161103192     29      14  455133       4.2862   1.7029e-06   -1.7764e-15       4.2862
_SET1_   84134      1  161195729  161200536     17      10  464192        1.103     0.078537   -1.3323e-15        1.103
_SET1_   22920      1  169890461  170043882    817      36  468737       -1.086      0.76158   -1.3323e-15       -1.086
_SET1_   26052      1  171810618  172387606   2643     141  466605      0.74324      0.10562   -1.3323e-15      0.74324
_SET1_   9293       1  174417212  174418683      3       2  468103       1.2164      0.10128   -1.3323e-15       1.2164
_SET1_   9887       1  183441506  183523328    248      80  460743       1.2518     0.044577   -1.3323e-15       1.2518
_SET1_   148808     1  205538112  205572046    187      44  468546     -0.56973       0.5436   -1.3323e-15     -0.56973
_SET1_   57172      1  209757045  209787284    177      43  466959      -1.0606      0.72383   -1.3323e-15      -1.0606
_SET1_   3914       1  209788215  209825820    241      52  469487      0.46402      0.18042   -1.3878e-15      0.46402
_SET1_   3756       1  210851657  211307457   2464     156  469545     -0.26241      0.41047   -1.3878e-15     -0.26241
_SET1_   2058       1  220141940  220220000    448      27  470134      0.94609     0.088367   -1.3323e-15      0.94609
_SET1_   79605      1  230457392  230561674    656      82  469405     -0.62892      0.56386   -1.3323e-15     -0.62892
_SET1_   80003      1  233119855  233431459   1869     136  470961      0.23672      0.24311   -1.3878e-15      0.23672
_SET1_   10000      1  243651535  244014381   1214      73  463294       2.4587    0.0019571   -1.3323e-15       2.4587
_SET1_   23040      2    1792885    2335147   3145     181  464973       1.3695     0.033561   -1.3323e-15       1.3695
_SET1_   9270       2    9545810    9563698     92      23  466529       4.7995   9.3026e-08   -1.7764e-15       4.7995
_SET1_   27436      2   42396490   42559688    885      55  463257       2.0235    0.0064839   -1.3323e-15       2.0235
_SET1_   5581       2   45878454   46415129   3361     295  468494     -0.59516      0.54566   -1.3323e-15     -0.59516
_SET1_   23301      2   62900986   63273622   1078     106  455895     -0.34279      0.46623   -1.3878e-15     -0.34279
_SET1_   7360       2   64068084   64118696    212      59  466859     -0.19367      0.40478   -1.3878e-15     -0.19367
_SET1_   8291       2   71680347   71913895   1371     165  474087     -0.26823      0.42873   -1.3878e-15     -0.26823
_SET1_   10505      2   74881355   74910981    107      32  467777       2.0603     0.008305   -1.3323e-15       2.0603
_SET1_   3899       2  100162326  100759037   2439     133  467309      0.37079      0.19619   -1.3878e-15      0.37079
_SET1_   11159      2  114384814  114400975     63      25  447197     0.039646      0.32742   -1.3739e-15     0.039646
_SET1_   57628      2  115199899  116603328   6326     247  466966     -0.74627      0.61586   -1.3323e-15     -0.74627
_SET1_   23332      2  122095352  122407052   1285      39  467198       1.1476     0.069329   -1.3323e-15       1.1476
_SET1_   50649      2  131594489  131804826   1027     114  467723      0.94048     0.085601   -1.3323e-15      0.94048
_SET1_   29798      2  132479973  132524977    146      23  463615       1.7497     0.014465   -1.3323e-15       1.7497
_SET1_   22930      2  135809835  135928280    348      41  465891      0.94841     0.093867   -1.3323e-15      0.94841
_SET1_   785        2  152689285  152955593   1218      80  461794      -1.3465      0.81444   -1.3323e-15      -1.3465
_SET1_   3760       2  155555093  155714864    827      96  472373       1.0756      0.05979   -1.3323e-15       1.0756
_SET1_   8502       2  159313476  159537941   1143      58  469993       0.1029        0.287   -1.3739e-15       0.1029
_SET1_   57282      2  162480699  162841786   1538      60  470193       1.3146      0.04106   -1.3323e-15       1.3146
_SET1_   6328       2  165944030  166060577    503      54  469494     -0.41026       0.4908   -1.3878e-15     -0.41026
_SET1_   6323       2  166845670  167005642    898      53  463019     -0.49566       0.5136   -1.3878e-15     -0.49566
_SET1_   1781       2  172543919  172606668    262      33  463295      0.54713      0.17723   -1.3323e-15      0.54713
_SET1_   8604       2  172639915  172750816    524      47  466193      0.22513      0.26684   -1.3878e-15      0.22513
_SET1_   1123       2  175664042  175870671    716      64  458613      0.44561      0.18725   -1.3878e-15      0.44561
_SET1_   151126     2  180306709  180726232   2521     170  471448       1.2011     0.045667   -1.3323e-15       1.2011
_SET1_   51454      2  189156396  189460653   1266      74  462202       0.9044     0.090587   -1.3323e-15       0.9044
_SET1_   6775       2  191894302  192037404    600      92  469116      0.83083     0.096883   -1.3323e-15      0.83083
_SET1_   4133       2  210288733  210598842   1323      69  468200    -0.087241      0.37138   -1.3739e-15    -0.087241
_SET1_   25953      2  219135115  219211516    317      31  463983      0.65124      0.13972   -1.3323e-15      0.65124
_SET1_   130617     2  220071506  220074373     12       8  466781      0.32292      0.28149   -1.3878e-15      0.32292
_SET1_   80210      2  232063294  232238606    839      83  464346       1.7817     0.013379   -1.3323e-15       1.7817
_SET1_   25791      2  233743396  233877951    904      91  466766       1.3205     0.035123   -1.3323e-15       1.3205
_SET1_   55054      2  234160217  234204320    202      35  466873      0.45936      0.18162   -1.3878e-15      0.45936
_SET1_   10752      3     238279     451100   1492     145  469898      0.42222      0.18641   -1.3878e-15      0.42222
_SET1_   152330     3    2140550    3099645   6784     466  469671      -1.0365      0.68032   -1.3323e-15      -1.0365
_SET1_   3708       3    4535032    4889524   2242     273  467343      0.49755      0.17936   -1.3878e-15      0.49755
_SET1_   491        3   10365707   10733131   2240     209  472656      -1.5162      0.85829   -1.3323e-15      -1.5162
_SET1_   10533      3   11314010   11599139   1186      46  466779      -2.1217       0.9548   -1.3323e-15      -2.1217
_SET1_   80746      3   12517748   12580672    364      33  472852     -0.33879      0.47083   -1.3878e-15     -0.33879
_SET1_   80852      3   14530396   14583588    343      49  474484      -1.2331      0.77733   -1.3323e-15      -1.2331
_SET1_   79750      3   21459911   22414132   7423     375  470720      -1.6937      0.87793   -1.3323e-15      -1.6937
_SET1_   7068       3   24158644   24536772   2127     214  468323      0.42057      0.19704   -1.3878e-15      0.42057
_SET1_   5915       3   25215638   25639423   3123     173  469107      -2.1321       0.9489   -1.3323e-15      -2.1321
_SET1_   25827      3   33318934   33445505    530      48  470867      -1.2525      0.80605   -1.3323e-15      -1.2525
_SET1_   23122      3   33537737   33759705    803      69  467375       -1.027      0.72592   -1.3323e-15       -1.027
_SET1_   51304      3   44956753   45017674    197      49  461317     -0.83292      0.64891   -1.3323e-15     -0.83292
_SET1_   54681      3   49027304   49044582     40      22  466614       1.0687     0.073144   -1.3323e-15       1.0687
_SET1_   79012      3   49895414   49907655     30      12  474387       1.3201     0.044493   -1.3323e-15       1.3201
_SET1_   9254       3   50400230   50540892    543      66  457498       2.5092    0.0019371   -1.3323e-15       2.5092
_SET1_   1795       3   50712672   51421629   2541      49  460922       2.6655    0.0010526   -1.3323e-15       2.6655
_SET1_   26059      3   55542336   56502391   4963     212  470325       2.7229   0.00063928   -1.3323e-15       2.7229
_SET1_   7871       3   57741948   57915597    588      59  458621       1.0498     0.069543   -1.3323e-15       1.0498
_SET1_   84100      3   97483365   97520086    140      34  470492     -0.58575      0.56363   -1.3323e-15     -0.58575
_SET1_   55076      3  100211463  100296297    464      47  470801     -0.38093      0.47249   -1.3878e-15     -0.38093
_SET1_   7348       3  118892425  118924000    172      47  465824       2.6159    0.0010037   -1.3323e-15       2.6159
_SET1_   9515       3  120627050  121143608   2983      63  466095      -1.2277      0.76973   -1.3323e-15      -1.2277
_SET1_   111        3  123001143  123167924    809      88  462633       2.6446   0.00089269   -1.3323e-15       2.6446
_SET1_   64770      3  123616152  123680255    251      43  467844      0.14166       0.2887   -1.3878e-15      0.14166
_SET1_   11222      3  131181045  131221860    184      50  460628      0.17203      0.27161   -1.3878e-15      0.17203
_SET1_   25852      3  137906115  138017231    340      62  456820     -0.46858      0.52945   -1.3878e-15     -0.46858
_SET1_   5291       3  138371540  138553780    657      46  459590      0.12249      0.28639   -1.3739e-15      0.12249
_SET1_   344758     3  154055461  154147504    371      44  468129      -1.9718      0.93682   -1.3323e-15      -1.9718
_SET1_   4291       3  158288953  158324249    167      24  464985      0.37681      0.20641   -1.3878e-15      0.37681
_SET1_   165679     3  161062580  161090662    164      32  474017     -0.36031      0.47105   -1.3878e-15     -0.36031
_SET1_   57552      3  172348435  172429207    460      96  463148     -0.16049       0.3692   -1.3878e-15     -0.16049
_SET1_   1974       3  186501361  186507686     40      22  473070     -0.10704       0.3894   -1.3739e-15     -0.10704
_SET1_   1739       3  196769431  197026171   1309      60  467359      -0.4881      0.51608   -1.3878e-15      -0.4881
_SET1_   6002       4    3315874    3441640    794      79  460733      0.54414      0.16608   -1.3323e-15      0.54414
_SET1_   152789     4    6026661    6202318   1167     200  470174      0.74848      0.12364   -1.3323e-15      0.74848
_SET1_   5522       4    6322305    6565327   1750     183  469299     -0.57271      0.54544   -1.3323e-15     -0.57271
_SET1_   132299     4   48887405   48908815     69      26  463187      0.48394      0.19206   -1.3878e-15      0.48394
_SET1_   57619      4   77356253   77704406   1606     107  471077      0.64422      0.12721   -1.3323e-15      0.64422
_SET1_   133308     4  103946647  103998480    151      63  464052     -0.27232      0.43377   -1.3878e-15     -0.27232
_SET1_   56898      4  103998770  104021024    101      24  464606      0.90373      0.10011   -1.3323e-15      0.90373
_SET1_   287        4  113739239  114304896   3001     245  469907      0.19639      0.26334   -1.3878e-15      0.19639
_SET1_   84162      4  123073488  123283914    786      58  467540    -0.085666      0.38051   -1.3739e-15    -0.085666
_SET1_   166614     4  150999426  151178609    942      68  468770      -1.4614      0.84286   -1.3323e-15      -1.4614
_SET1_   987        4  151185811  151936879   2882     105  463978      0.45911      0.17276   -1.3878e-15      0.45911
_SET1_   59350      4  159442866  159574524    483      56  457584      0.44513      0.20583   -1.3878e-15      0.44513
_SET1_   55016      4  164445450  165305093   4777     200  471417     -0.16664      0.36361   -1.3878e-15     -0.16664
_SET1_   8470       4  186506598  186877870   2581     233  470402      -1.1795      0.76586   -1.3323e-15      -1.1795
_SET1_   22948      5   10250041   10266501    137      16  462268       1.0045     0.092855   -1.3323e-15       1.0045
_SET1_   1016       5   19473140   20575972   6120     227  466156      -1.2371      0.77773   -1.3323e-15      -1.2371
_SET1_   23548      5   40711678   40756072    175      37  467989      0.26291      0.23725   -1.3878e-15      0.26291
_SET1_   10884      5   44809027   44815616     19       9  451146     -0.32955      0.49591   -1.3878e-15     -0.32955
_SET1_   3796       5   61601989   61683011    340      38  464846      0.38012      0.20789   -1.3878e-15      0.38012
_SET1_   5295       5   67511584   67597649    362      74  463870      -0.9436      0.67983   -1.3323e-15      -0.9436
_SET1_   891        5   68462837   68474072     56      14  466804      0.44406      0.19944   -1.3878e-15      0.44406
_SET1_   8622       5   76476082   76724081   1133     101  472344       1.1979     0.046513   -1.3323e-15       1.1979
_SET1_   55255      5   76727622   76788332    410      33  473039      0.47192      0.18295   -1.3878e-15      0.47192
_SET1_   79772      5   94038280   94620279   2620     207  469203      0.86201     0.096628   -1.3323e-15      0.86201
_SET1_   5066       5  102201527  102366809    556      51  462854      -1.6897      0.89903   -1.3323e-15      -1.6897
_SET1_   9555       5  134670071  134735645    198      46  468402     -0.96965      0.73274   -1.3323e-15     -0.96965
_SET1_   9542       5  139226364  139422884    774     102  462592      0.34931      0.21685   -1.3878e-15      0.34931
_SET1_   2554       5  161274197  161326965    265      43  467991       1.0575     0.068617   -1.3323e-15       1.0575
_SET1_   2566       5  161494648  161582545    311      68  465896      0.57787      0.14998   -1.3323e-15      0.57787
_SET1_   27430      5  162930070  162946359     72      21  445647     -0.55305        0.559   -1.3323e-15     -0.55305
_SET1_   57451      5  166406083  167691162   5731     403  466979    -0.075335      0.32548   -1.3739e-15    -0.075335
_SET1_   3274       5  175084847  175136239    228      59  457280       1.1571     0.060324   -1.3323e-15       1.1571
_SET1_   57179      5  175773065  175788809     53      21  465686       -1.045      0.74043   -1.3323e-15       -1.045
_SET1_   51428      5  176938578  176943967     16      11  461361       2.7243    0.0010399   -1.3323e-15       2.7243
_SET1_   8878       5  179233388  179265078    211      61  468550       1.7498     0.012866   -1.3323e-15       1.7498
_SET1_   51149      5  179263927  179285867    118      30  464535      0.63827      0.14589   -1.3323e-15      0.63827
_SET1_   221692     6   12716888   13290476   2785     157  467177      -1.6028      0.86724   -1.3323e-15      -1.6028
_SET1_   50619      6   35265595   35289548    111      30  468582       1.7844     0.016324   -1.3323e-15       1.7844
_SET1_   116369     6   35911291   35992413    403      74  460383      0.30042      0.22156   -1.3878e-15      0.30042
_SET1_   577        6   69345210   70099403   3729     147  469314      0.78643     0.091614   -1.3323e-15      0.78643
_SET1_   3617       6   76631062   76782335    689      98  460749        1.664      0.01691   -1.3323e-15        1.664
_SET1_   9892       6   84262604   84419127    592      56  468090       2.2305    0.0037409   -1.3323e-15       2.2305
_SET1_   23036      6   87865269   87973926    536      37  460732      -1.4505      0.84532   -1.3323e-15      -1.4505
_SET1_   9896       6  110012424  110146634    614      73  461300      -0.7424      0.61459   -1.3323e-15      -0.7424
_SET1_   117247     6  111408728  111544608    484      65  464391     -0.23162      0.41575   -1.3878e-15     -0.23162
_SET1_   2534       6  111981535  112194655    990      78  470294     -0.77333      0.63257   -1.3323e-15     -0.77333
_SET1_   8838       6  112375278  112390889     59      25  465288     -0.12416      0.39252   -1.3739e-15     -0.12416
_SET1_   51390      6  143381979  143661441   1192     124  464337      0.78693      0.11199   -1.3323e-15      0.78693
_SET1_   23345      6  152442819  152958534   3010     215  469149      0.27739      0.22459   -1.3878e-15      0.27739
_SET1_   154197     6  160221281  160241736    112      34  471220      -1.8725      0.91962   -1.3323e-15      -1.8725
_SET1_   5071       6  161768590  163148834   8591     428  471125    -0.087794      0.32273   -1.3739e-15    -0.087794
_SET1_   4301       6  168227602  168372703    683      47  462536      0.62379      0.14622   -1.3323e-15      0.62379
_SET1_   84498      6  170615812  170716155    488      51  470660     -0.48325      0.52873   -1.3878e-15     -0.48325
_SET1_   155185     7    2719163    2755069    368      72  468099       1.0236     0.068841   -1.3323e-15       1.0236
_SET1_   26100      7    5229835    5273486    319      51  448959       2.1631     0.004873   -1.3323e-15       2.1631
_SET1_   113263     7    8008374    8128710    765      48  466250       1.5971     0.021342   -1.3323e-15       1.5971
_SET1_   3382       7    8152814    8302242   1003     145  466192       3.1137   0.00018347   -1.3323e-15       3.1137
_SET1_   9678       7   11013495   11209250    944      59  464870      0.72459      0.12112   -1.3323e-15      0.72459
_SET1_   85477      7   12609989   12693228    546      79  470604       1.0023      0.07078   -1.3323e-15       1.0023
_SET1_   9771       7   22157908   22396751   1283      94  467546     -0.69511      0.58773   -1.3323e-15     -0.69511
_SET1_   221895     7   27870192   28220437   1747     154  469907       3.4151   5.4378e-05   -1.3323e-15       3.4151
_SET1_   2617       7   30634181   30673649    168      35  468364      0.90522     0.098272   -1.3323e-15      0.90522
_SET1_   9844       7   36892511   37488895   3254     217  468435      0.99445     0.072449   -1.3323e-15      0.99445
_SET1_   23072      7   43152198   43603213   2470     209  470317     -0.60224       0.5554   -1.3323e-15     -0.60224
_SET1_   23386      7   44421965   44530474    412      34  468759       1.2881     0.048221   -1.3323e-15       1.2881
_SET1_   83637      7   44788168   44809480     86      39  463348       2.6621   0.00093316   -1.3323e-15       2.6621
_SET1_   51085      7   73007524   73038903    143      37  466294      -0.8581      0.67683   -1.3323e-15      -0.8581
_SET1_   83862      7   75616155   75623992     35      16  474598      0.57145      0.17448   -1.3323e-15      0.57145
_SET1_   4191       7   75677182   75696826     86      19  476056     -0.90384      0.69723   -1.3323e-15     -0.90384
_SET1_   27445      7   82383321   82792197   1913     106  469226     -0.83358      0.62525   -1.3323e-15     -0.83358
_SET1_   5218       7   90225681   90839905   3015     116  472027    -0.050701      0.31625   -1.3739e-15    -0.050701
_SET1_   1174       7  100797685  100804557     41      10  468904       1.4514     0.035583   -1.3323e-15       1.4514
_SET1_   5649       7  103112231  103629963   3197     187  472075      -1.7257      0.88726   -1.3323e-15      -1.7257
_SET1_   375612     7  103969104  104549005   3303     191  464246       0.6815      0.11929   -1.3323e-15       0.6815
_SET1_   5577       7  106685178  106802256    516      48  469396      -0.5107      0.53497   -1.3323e-15      -0.5107
_SET1_   1738       7  107531586  107561643    118      27  470166     0.031085      0.31768   -1.3739e-15     0.031085
_SET1_   4897       7  107788071  108096841   1751     102  467988       1.0176     0.066323   -1.3323e-15       1.0176
_SET1_   7982       7  116593381  116870077    942     140  464810     -0.89683      0.69029   -1.3323e-15     -0.89683
_SET1_   381        7  127228406  127231759     18       8  477140      0.34579      0.24839   -1.3878e-15      0.34579
_SET1_   55750      7  141251078  141354209    366      40  463743       1.8505     0.014287   -1.3323e-15       1.8505
_SET1_   26047      7  145813453  148118090  14390     468  469974     -0.28032      0.40177   -1.3878e-15     -0.28032
_SET1_   116988     7  150782918  150841523    270      49  464191     -0.66894      0.58465   -1.3323e-15     -0.66894
_SET1_   64327      7  156470537  156685902   1080      50  473530     -0.66936      0.60006   -1.3323e-15     -0.66936
_SET1_   10049      7  157129692  157210133    516      58  467566       0.7226      0.11816   -1.3323e-15       0.7226
_SET1_   5799       7  157331750  158380482   6004     411  466322    -0.075452      0.32289   -1.3739e-15    -0.075452
_SET1_   4023       8   19796582   19824770    187      43  470916       1.6148     0.019921   -1.3323e-15       1.6148
_SET1_   23221      8   22844930   22877710    160      40  458826      0.71105      0.13207   -1.3323e-15      0.71105
_SET1_   4741       8   24770712   24776607     24      15  456085     -0.76931      0.67519   -1.3323e-15     -0.76931
_SET1_   10687      8   26362196   26371608     33      15  473943      -0.4441      0.52282   -1.3878e-15      -0.4441
_SET1_   137970     8   35092975   35654068   2236     145  463550      -0.7686      0.62275   -1.3323e-15      -0.7686
_SET1_   7419       8   42249279   42263455     37      17  470697      0.75032      0.15354   -1.3323e-15      0.75032
_SET1_   157807     8   62200514   62414204    983     111  462828      0.64625      0.13643   -1.3323e-15      0.64625
_SET1_   6129       8   74202874   74205869     22      14  411581      -2.0168      0.95055   -1.3323e-15      -2.0168
_SET1_   27067      8   74332604   74659943   1547      92  470430       1.0387     0.064887   -1.3323e-15       1.0387
_SET1_   7163       8   80947103   81083836    696      51  468659      0.80378      0.10007   -1.3323e-15      0.80378
_SET1_   138046     8   85095453   85834079   3185     122  465348      -1.7548      0.89134   -1.3323e-15      -1.7548
_SET1_   7534       8  101930804  101965717    157      31  468084       2.1582    0.0052946   -1.3323e-15       2.1582
_SET1_   79870      8  104152921  104242533    470      63  474704      0.18976      0.25715   -1.3878e-15      0.18976
_SET1_   9166       8  110551929  110578225     84      33  461516        1.903     0.010522   -1.3323e-15        1.903
_SET1_   55638      8  110586405  110704020    572      57  465091      0.81307      0.11135   -1.3323e-15      0.81307
_SET1_   29894      8  145618446  145634733     44      15  463892     -0.38916      0.49846   -1.3878e-15     -0.38916
_SET1_   51160      8  145648984  145653946     20      11  451469      0.66466      0.15025   -1.3323e-15      0.66466
_SET1_   9684       8  145743349  145750562     31      15  469676      -2.1992      0.96404   -1.3323e-15      -2.1992
_SET1_   5789       9    8314246   10612723  17349     640  470171      0.40946      0.16398   -1.3878e-15      0.40946
_SET1_   10497      9   35161976   35405334    860      81  454297      0.16146        0.278   -1.3878e-15      0.16146
_SET1_   64768      9   95375466   95432547    289      39  470056     -0.26176      0.45469   -1.3878e-15     -0.26176
_SET1_   54886      9  103791031  104087417   1654     126  471516     -0.81803      0.63173   -1.3323e-15     -0.81803
_SET1_   57706      9  126141933  126692423   2436     120  469966      0.73376      0.11708   -1.3323e-15      0.73376
_SET1_   6709       9  131314837  131395944    256      45  465340     0.074389      0.33126   -1.3739e-15     0.074389
_SET1_   883        9  131595392  131644354    228      46  469086       1.2349      0.05359   -1.3323e-15       1.2349
_SET1_   445        9  133320094  133376661    285      56  461791      -2.1062      0.95096   -1.3323e-15      -2.1062
_SET1_   2902       9  140033609  140063214     93      36  460532       2.3218    0.0027594   -1.3323e-15       2.3218
_SET1_   509       10    7830093    7849764    102      22  461724    -0.066119      0.36272   -1.3739e-15    -0.066119
_SET1_   56243     10   23983675   24836772   4516     280  470097      0.21403      0.24479   -1.3878e-15      0.21403
_SET1_   10367     10   74127084   74385949    963      40  463043       2.3396    0.0028292   -1.3323e-15       2.3396
_SET1_   5532      10   75196563   75255782    261      17  468185      0.72564      0.17815   -1.3323e-15      0.72564
_SET1_   818       10   75572259   75634349    207      52  452970     -0.10077      0.36713   -1.3739e-15     -0.10077
_SET1_   132       10   75910943   76469061   2006      72  464025     0.078807      0.29497   -1.3739e-15     0.078807
_SET1_   3778      10   78629359   79397577   4047     284  470272     -0.58593      0.54012   -1.3323e-15     -0.58593
_SET1_   92211     10   85954391   85979377    163      39  465672     -0.31408      0.44272   -1.3878e-15     -0.31408
_SET1_   9211      10   95517566   95557916    227      45  467096      0.60303      0.14841   -1.3323e-15      0.60303
_SET1_   10580     10   97071530   97321171   1406     112  473505      0.53752      0.15669   -1.3323e-15      0.53752
_SET1_   60370     10   99437181   99447015     57      16  469561     -0.18717      0.42218   -1.3878e-15     -0.18717
_SET1_   26507     10  101088856  101154087    285      65  472642      0.30292      0.22739   -1.3878e-15      0.30292
_SET1_   7511      10  111624524  111683311    234      54  463849      -1.3282      0.80642   -1.3323e-15      -1.3282
_SET1_   84632     10  116041248  116164515    668     123  467461     -0.67244      0.59301   -1.3323e-15     -0.67244
_SET1_   161       11     925809    1012245    550      45  466125     0.057282      0.29956   -1.3739e-15     0.057282
_SET1_   6786      11    3876933    4114440   1200      71  462149      0.82075     0.099797   -1.3323e-15      0.82075
_SET1_   440026    11    9302201    9336315    160      29  477279     -0.12892      0.37971   -1.3878e-15     -0.12892
_SET1_   81846     11    9800214   10315754   3031      88  471519     -0.61102      0.53123   -1.3323e-15     -0.61102
_SET1_   5682      11   14526422   14665180    437      84  466675      0.81803      0.10359   -1.3323e-15      0.81803
_SET1_   4925      11   17281884   17371510    324      50  468284     -0.63716       0.5695   -1.3323e-15     -0.63716
_SET1_   7490      11   32408789   32457104    262      29  474691       1.5734     0.024408   -1.3323e-15       1.5734
_SET1_   26580     11   62457734   62477091     88      28  453647       1.2648     0.050002   -1.3323e-15       1.2648
_SET1_   6520      11   62623484   62656355     83      32  461963    -0.020483       0.3618   -1.3739e-15    -0.020483
_SET1_   10313     11   63448922   63527363    217      57  462242       0.7632      0.12331   -1.3323e-15       0.7632
_SET1_   2011      11   63606400   63678492    262      40  459114       1.0828     0.064876   -1.3323e-15       1.0828
_SET1_   10534     11   65336651   65340075     15       7  472294      0.55745      0.19643   -1.3323e-15      0.55745
_SET1_   9610      11   66099535   66104000     40      24  435287      -2.3574      0.97599   -1.3323e-15      -2.3574
_SET1_   10873     11   86152150   86383678   1384      88  469970     -0.11559      0.35559   -1.3739e-15     -0.11559
_SET1_   79659     11  102980160  103350591   2464      57  472396     -0.41862      0.46401   -1.3878e-15     -0.41862
_SET1_   4684      11  112831969  113149158   1675     110  470143      0.61533      0.13647   -1.3323e-15      0.61533
_SET1_   56912     11  118415243  118436791    136      26  451394      -0.3646      0.50844   -1.3878e-15      -0.3646
_SET1_   9854      11  118977771  118988304     55      19  471647      0.69885      0.13248   -1.3323e-15      0.69885
_SET1_   9099      11  119225925  119252436    109      38  458801    -0.071599       0.3527   -1.3739e-15    -0.071599
_SET1_   23085     12    1100404    1605099   2646     103  471401      -1.3571       0.8017   -1.3323e-15      -1.3571
_SET1_   171017    12    6775643    6798738     70      39  447260      0.59749      0.16981   -1.3323e-15      0.59749
_SET1_   1911      12    9067292    9094063    110      27  466019      0.51622      0.17316   -1.3323e-15      0.51622
_SET1_   55885     12   16701306   16761148    182      77  462116     -0.12825      0.37051   -1.3878e-15     -0.12825
_SET1_   9847      12   22601511   22697452    284      29  461736      -1.0371      0.76506   -1.3323e-15      -1.0371
_SET1_   55711     12   29301936   29488549   1094      65  469720      -1.3002      0.79544   -1.3323e-15      -1.3002
_SET1_   65981     12   30862486   30907448    220      37  466813      -1.7038      0.89279   -1.3323e-15      -1.7038
_SET1_   10059     12   32832134   32898584    406      22  469986     -0.12783      0.41528   -1.3878e-15     -0.12783
_SET1_   5318      12   32943680   33049780    534      59  473662      -1.0763      0.74073   -1.3323e-15      -1.0763
_SET1_   4753      12   44902058   45307711   1897     102  468470     -0.76072      0.61066   -1.3323e-15     -0.76072
_SET1_   84926     12   53458100   53473204     52      23  464032       1.1349     0.067048   -1.3323e-15       1.1349
_SET1_   7786      12   53873456   53893444     57      39  446356       2.1821      0.00502   -1.3323e-15       2.1821
_SET1_   283417    12   63952693   64062354    691      47  470840      0.38844      0.20216   -1.3878e-15      0.38844
_SET1_   23329     12   65218352   65274802    171      59  460259       1.3528      0.03899   -1.3323e-15       1.3528
_SET1_   23426     12   66741178   67463014   3811     261  469038       1.7913     0.011317   -1.3323e-15       1.7913
_SET1_   3747      12   75433858   75603584    761      64  468973       1.9161    0.0088948   -1.3323e-15       1.9161
_SET1_   22822     12   76419227   76425556     22      14  452213      0.33592      0.23451   -1.3878e-15      0.33592
_SET1_   89795     12   78224685   78606790   2033     138  471156       0.5741      0.14237   -1.3323e-15       0.5741
_SET1_   56899     12   99128569  100378512   5651     303  469588      0.67542      0.12127   -1.3323e-15      0.67542
_SET1_   56994     12  102091417  102122852    142      42  470699     -0.21803      0.40794   -1.3878e-15     -0.21803
_SET1_   9733      12  108915991  108955165    207      29  469560     -0.45955      0.52167   -1.3878e-15     -0.45955
_SET1_   9815      12  110367607  110434194    250      49  470585      0.87152      0.10756   -1.3323e-15      0.87152
_SET1_   79600     12  111051832  111086935    135      38  458078      0.45281      0.20559   -1.3878e-15      0.45281
_SET1_   11113     12  120123595  120315095    774      67  468019       1.3098     0.038379   -1.3323e-15       1.3098
_SET1_   144404    12  122150658  122219974    295      47  464174      -1.5301      0.86752   -1.3323e-15      -1.5301
_SET1_   9107      13   25820339   25861704    159      30  465036       2.1415    0.0063386   -1.3323e-15       2.1415
_SET1_   26960     13   35516424   36246874   3261     108  470506     -0.96939      0.68196   -1.3323e-15     -0.96939
_SET1_   220107    13   51286759   51417885    698      69  471005       3.2452   9.6948e-05   -1.3323e-15       3.2452
_SET1_   5100      13   53418109   53422775     18       9  473264      -1.0082      0.76858   -1.3323e-15      -1.0082
_SET1_   7347      13   76123616   76180156    259      27  470431      0.02001      0.33563   -1.3739e-15      0.02001
_SET1_   23348     13   99445741   99738660   1529      62  469410      -0.3173      0.43502   -1.3878e-15      -0.3173
_SET1_   57820     14   20779527   20801471    102      26  475392     -0.66373       0.5924   -1.3323e-15     -0.66373
_SET1_   5587      14   30045685   30396899   1816     122  465683       2.2018    0.0039136   -1.3323e-15       2.2018
_SET1_   1690      14   31343741   31364285     81      37  462830      -1.8258      0.91386   -1.3323e-15      -1.8258
_SET1_   253959    14   36007558   36278432    862      53  459039      -1.4269      0.85381   -1.3323e-15      -1.4269
_SET1_   55015     14   45553302   45584804     97      22  468128      -0.3505      0.52248   -1.3878e-15      -0.3505
_SET1_   4331      14   61201459   61435398    736      55  463436      0.40696      0.22133   -1.3878e-15      0.40696
_SET1_   9495      14   64932217   64941221     24      13  469173      0.63166      0.16305   -1.3323e-15      0.63166
_SET1_   10243     14   66974125   67648525   3552      42  467077      0.06051      0.31362   -1.3739e-15      0.06051
_SET1_   87        14   69340840   69446083    610      80  471421     -0.12146      0.36747   -1.3739e-15     -0.12146
_SET1_   10598     14   77924373   77935815     80      17  471426     0.024699      0.32939   -1.3739e-15     0.024699
_SET1_   145567    14   91006932   91282823   1444     138  471262      0.70031      0.12142   -1.3323e-15      0.70031
_SET1_   2009      14  100204056  100408397   1022      92  472166      0.12756      0.26965   -1.3878e-15      0.12756
_SET1_   51466     14  100485719  100610573    613      62  465553        1.399     0.036179   -1.3323e-15        1.399
_SET1_   55778     14  102783714  102809511    125      42  452191      0.51232      0.18088   -1.3323e-15      0.51232
_SET1_   3831      14  104095525  104167888    333      44  454692       2.5508    0.0014698   -1.3323e-15       2.5508
_SET1_   9112      14  105886186  105937066    169      95  452773       2.3415    0.0029829   -1.3323e-15       2.3415
_SET1_   6263      15   33603177   34158304   3732     310  471731      0.52666      0.15211   -1.3323e-15      0.52666
_SET1_   11245     15   40091223   40213093    505      67  470259        2.848   0.00047997   -1.3323e-15        2.848
_SET1_   56924     15   40509629   40569688    315      95  466536       0.1696      0.25795   -1.3878e-15       0.1696
_SET1_   23582     15   43477466   43489375     35      20  463969      -1.5602      0.88991   -1.3323e-15      -1.5602
_SET1_   9677      15   43825660   43882451     72      25  459324      0.22736      0.27471   -1.3878e-15      0.22736
_SET1_   1159      15   43885055   43891604     14       8  442157      -1.6463      0.91631   -1.3323e-15      -1.6463
_SET1_   23312     15   51739921   51915030    697      38  464860      0.89995     0.087218   -1.3323e-15      0.89995
_SET1_   55930     15   52484515   52587995    514      64  468967      -0.1577      0.40631   -1.3878e-15      -0.1577
_SET1_   83660     15   62682769   63136830   2373     236  468608       0.6184       0.1534   -1.3323e-15       0.6184
_SET1_   27020     15   73852344   73925753    246      49  470704      0.15984       0.2849   -1.3878e-15      0.15984
_SET1_   25942     15   75661720   75748181    266      46  456437      -1.1056      0.74975   -1.3323e-15      -1.1056
_SET1_   59274     15   81293295   81296345      8       4  477697      0.63317      0.20758   -1.3323e-15      0.63317
_SET1_   8120      15   83328033   83378660    210      54  467029     0.091655      0.29229   -1.3739e-15     0.091655
_SET1_   9640      15   85291818   85349663    250      54  470787       -1.053      0.72662   -1.3323e-15       -1.053
_SET1_   89941     16     718083     724174     37      14  478526       1.4039      0.03824   -1.3323e-15       1.4039
_SET1_   10273     16     730115     732768      9       6  473985       1.0826     0.092863   -1.3323e-15       1.0826
_SET1_   9074      16    3064713    3068188     26      14  473235      0.37458        0.224   -1.3878e-15      0.37458
_SET1_   29965     16    4560676    4588816    141      32  468016    -0.031461      0.35088   -1.3739e-15    -0.031461
_SET1_   23274     16   11038345   11276046   1325      71  462384       1.7569      0.01312   -1.3323e-15       1.7569
_SET1_   7385      16   21964609   21994668     82      39  455374      0.53952      0.17987   -1.3323e-15      0.53952
_SET1_   112476    16   29823409   29827202     11       7  468508      0.87192      0.13655   -1.3323e-15      0.87192
_SET1_   8448      16   30016835   30023424     25       9  438837       6.1629   3.2267e-11   -1.7764e-15       6.1629
_SET1_   226       16   30064411   30081741     38      25  465767       5.0574   2.5772e-08   -1.7764e-15       5.0574
_SET1_   55737     16   46693589   46723144     64      33  440580      0.54471      0.17029   -1.3323e-15      0.54471
_SET1_   2775      16   56225251   56391356    800     101  469822       1.4434     0.028635   -1.3323e-15       1.4434
_SET1_   55239     16   56485424   56511407     98      23  464526      0.30611      0.24638   -1.3878e-15      0.30611
_SET1_   65009     16   58497549   58547523    273      89  467702     -0.55783      0.53768   -1.3323e-15     -0.55783
_SET1_   146206    16   67679030   67691472     41      17  471752      -0.1669      0.44938   -1.3878e-15      -0.1669
_SET1_   2734      16   74481325   74641042    887      58  467436       3.0008   0.00029295   -1.3323e-15       3.0008
_SET1_   79791     16   87362942   87425708    392      78  465159       1.8169     0.011272   -1.3323e-15       1.8169
_SET1_   23108     17    2659050    2941035   1890     270  468578       2.0439    0.0070071   -1.3323e-15       2.0439
_SET1_   5026      17    3575156    3599698    125      34  474230      -1.1531      0.75488   -1.3323e-15      -1.1531
_SET1_   83394     17    6354583    6459877    584      63  472515      0.44297      0.17796   -1.3878e-15      0.44297
_SET1_   1742      17    7093209    7123369    117      38  465849       1.9081    0.0098026   -1.3323e-15       1.9081
_SET1_   1973      17    7476024    7482324     30      12  476363       1.2353     0.057691   -1.3323e-15       1.2353
_SET1_   4628      17    8377523    8534094    581      61  460536        2.207     0.003916   -1.3323e-15        2.207
_SET1_   7156      17   18177235   18218321    209      37  461757       1.8688     0.010819   -1.3323e-15       1.8688
_SET1_   124930    17   27920527   27941779     69      32  454642      0.86206     0.098661   -1.3323e-15      0.86206
_SET1_   55288     17   30469473   30552746    334      42  459314      0.68197      0.15005   -1.3323e-15      0.68197
_SET1_   782       17   37329709   37353956    108      48  466930     -0.48985      0.51593   -1.3878e-15     -0.48985
_SET1_   7067      17   38218446   38250120    113      42  460096      -1.1031      0.74848   -1.3323e-15      -1.1031
_SET1_   28511     17   40169594   40177659     23      14  446580       1.8261     0.016363   -1.3323e-15       1.8261
_SET1_   79132     17   40253422   40264751     51      15  458629      -1.2582      0.82291   -1.3323e-15      -1.2582
_SET1_   80755     17   41102543   41116515     33      16  452951     0.043174      0.33876   -1.3739e-15     0.043174
_SET1_   7343      17   42282401   42298994     57      23  457381       2.1147    0.0061997   -1.3323e-15       2.1147
_SET1_   4905      17   44668035   44834830    151      36  457952        5.207        1e-08   -1.7764e-15        5.207
_SET1_   4779      17   46125686   46138907     56      25  469286      0.16655      0.28863   -1.3878e-15      0.16655
_SET1_   404093    17   55938604   56032684    417      85  474371       1.3066     0.037766   -1.3323e-15       1.3066
_SET1_   1213      17   57697050   57774317    270      36  462085      -1.8347      0.92706   -1.3323e-15      -1.8347
_SET1_   63893     17   74385613   74449288    317      48  463041     -0.51929      0.53892   -1.3323e-15     -0.51929
_SET1_   6427      17   74730197   74733493     10       6  460866       2.0743     0.010082   -1.3323e-15       2.0743
_SET1_   396       17   79825595   79829282     15       8  469651         1.16     0.077223   -1.3323e-15         1.16
_SET1_   9229      18    3496030    4455310   5751     427  469862     -0.16675      0.34915   -1.3878e-15     -0.16675
_SET1_   4729      18    9102628    9134343    114      31  476106      0.67073      0.14411   -1.3323e-15      0.67073
_SET1_   284252    18   24034874   24237365    939     151  471196     -0.37488       0.4665   -1.3878e-15     -0.37488
_SET1_   23335     18   54318590   54697036   1931     111  463663     0.046002      0.31468   -1.3739e-15     0.046002
_SET1_   7776      18   74535149   74682688    702      56  470118     -0.70852      0.61204   -1.3323e-15     -0.70852
_SET1_   5725      19     797392     812327    136      43  458902      -1.2817      0.80839   -1.3323e-15      -1.2817
_SET1_   6794      19    1205798    1228434    130      37  468182       1.3063     0.040536   -1.3323e-15       1.3063
_SET1_   7089      19    2997636    3047846    328      72  472093     -0.51399      0.51195   -1.3323e-15     -0.51399
_SET1_   79085     19    6436092    6460232    156      32  471869     -0.73113      0.62542   -1.3323e-15     -0.73113
_SET1_   79958     19    6467218    6481798     85      25  470125    -0.094982      0.36914   -1.3739e-15    -0.094982
_SET1_   374882    19   11453452   11457065     10       6  457320     -0.66595      0.69006   -1.3323e-15     -0.66595
_SET1_   26993     19   15490859   15529916    121      25  466262      -1.2432      0.80031   -1.3323e-15      -1.2432
_SET1_   3780      19   18062111   18110133    226      58  469139     -0.75558      0.62113   -1.3323e-15     -0.75558
_SET1_   79036     19   18668572   18680197     69      19  465848    -0.083408      0.37168   -1.3739e-15    -0.083408
_SET1_   8193      19   38701649   38720317     94      29  455431      -0.3954      0.47477   -1.3878e-15      -0.3954
_SET1_   10298     19   39616417   39670046    284      41  463880     -0.35387      0.46385   -1.3878e-15     -0.35387
_SET1_   8425      19   41099072   41135725    183      34  471991        1.227      0.04657   -1.3323e-15        1.227
_SET1_   11100     19   41768391   41813811    158      37  456245       1.1848     0.057379   -1.3323e-15       1.1848
_SET1_   57787     19   45754516   45808541    244      42  471039       4.1655   1.8572e-06   -1.7764e-15       4.1655
_SET1_   24139     19   46112658   46148775    157      38  467676       2.8137   0.00052947   -1.3323e-15       2.8137
_SET1_   8775      19   47990891   48018515    102      27  468739     -0.59758      0.60187   -1.3323e-15     -0.59758
_SET1_   55260     19   48835613   48867489    169      33  465195      -1.5881      0.87319   -1.3323e-15      -1.5881
_SET1_   126129    19   50194363   50216988    120      34  460574     -0.86501      0.67308   -1.3323e-15     -0.86501
_SET1_   9491      20    1093872    1149017    256      56  465671      0.61118       0.1447   -1.3323e-15      0.61118
_SET1_   9751      20    1246948    1289971    219      65  462055     -0.23034      0.40584   -1.3878e-15     -0.23034
_SET1_   80025     20    3869486    3904538    164      37  471919      -0.4395      0.48852   -1.3878e-15      -0.4395
_SET1_   27131     20   17922244   17949490    158      27  469553      0.49457      0.17698   -1.3878e-15      0.49457
_SET1_   26074     20   20033158   20341359   1553     115  471670       0.5342      0.15523   -1.3323e-15       0.5342
_SET1_   955       20   25176327   25207365    186      38  468861      -1.9421       0.9313   -1.3323e-15      -1.9421
_SET1_   26090     20   25275379   25371618    487      36  466304      -0.5891      0.56059   -1.3323e-15      -0.5891
_SET1_   22981     20   25433333   25566167    638      57  466109     -0.70703      0.60936   -1.3323e-15     -0.70703
_SET1_   140688    20   31030862   31172875    567      72  462820       1.5012     0.027131   -1.3323e-15       1.5012
_SET1_   10904     20   36145819   36156333     36      19  467563      0.19863       0.2801   -1.3878e-15      0.19863
_SET1_   26051     20   37434348   37551667    518      91  468479       0.9213     0.083283   -1.3323e-15       0.9213
_SET1_   387521    20   48740274   48770335    140      46  453694     -0.35895      0.46905   -1.3878e-15     -0.35895
_SET1_   51507     20   55043641   55093942    214      34  469292       3.2947   9.0093e-05   -1.3323e-15       3.2947
_SET1_   79716     20   57264187   57290900    171      40  472685       1.9261    0.0086057   -1.3323e-15       1.9261
_SET1_   1917      20   62119365   62130668     76      25  479748       1.6726     0.017487   -1.3323e-15       1.6726
_SET1_   351       21   27252861   27543446   1456     129  467060       4.3391   8.2128e-07   -1.7764e-15       4.3391
_SET1_   2897      21   30909254   31312282   2124     131  467045       1.4156     0.029797   -1.3323e-15       1.4156
_SET1_   9946      21   34961647   35014160    149      65  452672        1.434     0.029539   -1.3323e-15        1.434
_SET1_   5116      21   47743976   47865682    807      52  470887     -0.84899      0.66825   -1.3323e-15     -0.84899
_SET1_   5413      22   19701987   19710845     18      10  466562    -0.067269      0.42883   -1.3739e-15    -0.067269
_SET1_   85379     22   25348676   25593415   1108     105  472619      -1.1269      0.74085   -1.3323e-15      -1.1269
_SET1_   9215      22   33668509   34316464   4129     270  469583      -1.7175      0.89296   -1.3323e-15      -1.7175
_SET1_   79734     22   37447779   37459430     37      20  472577      0.73518      0.14564   -1.3323e-15      0.73518
_SET1_   23466     22   39257468   39268258     48      20  467106     -0.51961      0.56495   -1.3323e-15     -0.51961
_SET1_   8911      22   39966758   40085740    603      86  457821     -0.33243      0.44237   -1.3878e-15     -0.33243
_SET1_   9701      22   50781746   50883519    577      55  467121     -0.16801      0.38794   -1.3878e-15     -0.16801
