# TOTAL_GENES = 17973
# TEST_DIRECTION = one-sided, positive (set), two-sided (covar)
# CONDITIONED_INTERNAL = gene size, gene density, sample size, inverse mac, log(gene size), log(gene density), log(sample size), log(inverse mac)
VARIABLE                               TYPE  NGENES         BETA     BETA_STD           SE            P FULL_NAME
gtex__amygdala__M000                    SET    1116     0.025374    0.0061236     0.029156      0.19208 gtex__amygdala__M000
gtex__amygdala__M001                    SET     910    0.0052144    0.0011433     0.032642      0.43654 gtex__amygdala__M001
gtex__amygdala__M002                    SET     397    -0.052958   -0.0077836     0.045008      0.88032 gtex__amygdala__M002
gtex__amygdala__M003                    SET     369     0.012849    0.0018221     0.045347      0.38846 gtex__amygdala__M003
gtex__amygdala__M004                    SET     395     0.015206    0.0022293     0.048265      0.37637 gtex__amygdala__M004
gtex__amygdala__M005                    SET     143     0.091644    0.0081421     0.078984      0.12297 gtex__amygdala__M005
gtex__amygdala__M006                    SET     130    -0.059765   -0.0050646     0.083902      0.76186 gtex__amygdala__M006
gtex__amygdala__M007                    SET     129    -0.056065   -0.0047328     0.076314      0.76872 gtex__amygdala__M007
gtex__amygdala__M008                    SET      97    -0.097776   -0.0071639     0.094861      0.84866 gtex__amygdala__M008
gtex__amygdala__M009                    SET      67    0.0037282   0.00022721      0.11493      0.48706 gtex__amygdala__M009
gtex__amygdala__M010                    SET      56      0.25922     0.014447      0.12517     0.019189 gtex__amygdala__M010
gtex__amygdala__M011                    SET      65     -0.12142   -0.0072892      0.11607      0.85223 gtex__amygdala__M011
gtex__amygdala__M012                    SET      43     0.041201    0.0020129      0.13683      0.38167 gtex__amygdala__M012
gtex__amygdala__M013                    SET      42   -0.0082457  -0.00039815      0.14421       0.5228 gtex__amygdala__M013
gtex__amygdala__M014                    SET      35     -0.10666   -0.0047022      0.14719      0.76565 gtex__amygdala__M014
gtex__amygdala__M015                    SET      33     -0.14997   -0.0064203      0.16385      0.81997 gtex__amygdala__M015
gtex__amygdala__M016                    SET      30     0.068711     0.002805      0.16165       0.3354 gtex__amygdala__M016
gtex__amygdala__M017                    SET      23    -0.020103  -0.00071871      0.19941      0.54015 gtex__amygdala__M017
gtex__amygdala__M018                    SET      22   -0.0071722  -0.00025078      0.20951      0.51365 gtex__amygdala__M018
gtex__amygdala__M019                    SET      18     -0.11299   -0.0035741      0.19005      0.72392 gtex__amygdala__M019
gtex__amygdala__M020                    SET      19      0.18891    0.0061392      0.20071       0.1733 gtex__amygdala__M020
gtex__amygdala__M021                    SET      18      0.13802    0.0043657      0.19197      0.23609 gtex__amygdala__M021
gtex__amygdala__M022                    SET      17      0.43237     0.013291      0.26696     0.052666 gtex__amygdala__M022
gtex__amygdala__M023                    SET      17      0.32829     0.010092      0.22754      0.07455 gtex__amygdala__M023
gtex__anterior_cingulate_cor...1        SET    2215     0.016675    0.0054815     0.021498      0.21898 gtex__anterior_cingulate_cortex_ba24__M000
gtex__anterior_cingulate_cor...2        SET     986     0.036032     0.008205     0.030826      0.12124 gtex__anterior_cingulate_cortex_ba24__M001
gtex__anterior_cingulate_cor...3        SET     334     0.093003      0.01256     0.054415     0.043721 gtex__anterior_cingulate_cortex_ba24__M002
gtex__anterior_cingulate_cor...4        SET     226    -0.090305    -0.010063     0.057145      0.94297 gtex__anterior_cingulate_cortex_ba24__M003
gtex__anterior_cingulate_cor...5        SET     227    -0.042886   -0.0047892       0.0591      0.76597 gtex__anterior_cingulate_cortex_ba24__M004
gtex__anterior_cingulate_cor...6        SET     233     0.098713     0.011167     0.061676     0.054752 gtex__anterior_cingulate_cortex_ba24__M005
gtex__anterior_cingulate_cor...7        SET     170     0.073082    0.0070741     0.073061      0.15859 gtex__anterior_cingulate_cortex_ba24__M006
gtex__anterior_cingulate_cor...8        SET     109    -0.085161   -0.0066121     0.088817      0.83117 gtex__anterior_cingulate_cortex_ba24__M007
gtex__anterior_cingulate_cor...9        SET     107     -0.11067   -0.0085136     0.094334      0.87962 gtex__anterior_cingulate_cortex_ba24__M008
gtex__anterior_cingulate_cor...10       SET      52      -0.2515    -0.013509       0.1219      0.98044 gtex__anterior_cingulate_cortex_ba24__M009
gtex__anterior_cingulate_cor...11       SET      59    -0.028664   -0.0016396      0.11606      0.59753 gtex__anterior_cingulate_cortex_ba24__M010
gtex__anterior_cingulate_cor...12       SET      63     0.053237    0.0031465      0.11595      0.32308 gtex__anterior_cingulate_cortex_ba24__M011
gtex__anterior_cingulate_cor...13       SET      55     0.085012    0.0046957      0.12435      0.24711 gtex__anterior_cingulate_cortex_ba24__M012
gtex__anterior_cingulate_cor...14       SET      37     0.086356    0.0039143      0.15954      0.29416 gtex__anterior_cingulate_cortex_ba24__M013
gtex__anterior_cingulate_cor...15       SET      43    -0.017187  -0.00083968      0.15144      0.54518 gtex__anterior_cingulate_cortex_ba24__M014
gtex__anterior_cingulate_cor...16       SET      39     0.071235    0.0033148      0.13873      0.30381 gtex__anterior_cingulate_cortex_ba24__M015
gtex__anterior_cingulate_cor...17       SET      31   -0.0020155  -8.3635e-05      0.16808      0.50478 gtex__anterior_cingulate_cortex_ba24__M016
gtex__anterior_cingulate_cor...18       SET      27    -0.046503   -0.0018011      0.14772      0.62354 gtex__anterior_cingulate_cortex_ba24__M017
gtex__anterior_cingulate_cor...19       SET      24     -0.07747   -0.0028291      0.18475       0.6625 gtex__anterior_cingulate_cortex_ba24__M018
gtex__anterior_cingulate_cor...20       SET      16      0.29375    0.0087607      0.23924      0.10976 gtex__anterior_cingulate_cortex_ba24__M019
gtex__anterior_cingulate_cor...21       SET      15     -0.25287   -0.0073022      0.25969      0.83489 gtex__anterior_cingulate_cortex_ba24__M020
gtex__caudate_basal_ganglia_...1        SET    1521     0.004952    0.0013783      0.02567      0.42352 gtex__caudate_basal_ganglia__M000
gtex__caudate_basal_ganglia_...2        SET     983     0.055418     0.012601     0.030946     0.036671 gtex__caudate_basal_ganglia__M001
gtex__caudate_basal_ganglia_...3        SET     368    -0.092407    -0.013087     0.047336      0.97453 gtex__caudate_basal_ganglia__M002
gtex__caudate_basal_ganglia_...4        SET     355     0.042239    0.0058775     0.051611      0.20657 gtex__caudate_basal_ganglia__M003
gtex__caudate_basal_ganglia_...5        SET     261    -0.034986   -0.0041854     0.054588       0.7392 gtex__caudate_basal_ganglia__M004
gtex__caudate_basal_ganglia_...6        SET     220   0.00080887   8.8944e-05     0.067023      0.49519 gtex__caudate_basal_ganglia__M005
gtex__caudate_basal_ganglia_...7        SET     184    -0.066181   -0.0066621     0.071433      0.82289 gtex__caudate_basal_ganglia__M006
gtex__caudate_basal_ganglia_...8        SET     109    0.0055408    0.0004302     0.094465      0.47661 gtex__caudate_basal_ganglia__M007
gtex__caudate_basal_ganglia_...9        SET     110    -0.041226   -0.0032154     0.085521      0.68511 gtex__caudate_basal_ganglia__M008
gtex__caudate_basal_ganglia_...10       SET      77     0.018705    0.0012217      0.10571      0.42978 gtex__caudate_basal_ganglia__M009
gtex__caudate_basal_ganglia_...11       SET      68      0.10256    0.0062964      0.10439      0.16296 gtex__caudate_basal_ganglia__M010
gtex__caudate_basal_ganglia_...12       SET      59    -0.036161   -0.0020685      0.11762      0.62075 gtex__caudate_basal_ganglia__M011
gtex__caudate_basal_ganglia_...13       SET      49    -0.082832   -0.0043192      0.12713      0.74266 gtex__caudate_basal_ganglia__M012
gtex__caudate_basal_ganglia_...14       SET      30        0.211    0.0086134      0.15242      0.08314 gtex__caudate_basal_ganglia__M013
gtex__caudate_basal_ganglia_...15       SET      39      0.12105    0.0056331      0.14616      0.20378 gtex__caudate_basal_ganglia__M014
gtex__caudate_basal_ganglia_...16       SET      27    -0.062269   -0.0024117      0.18694      0.63046 gtex__caudate_basal_ganglia__M015
gtex__caudate_basal_ganglia_...17       SET      27    -0.098353   -0.0038093      0.17896       0.7087 gtex__caudate_basal_ganglia__M016
gtex__caudate_basal_ganglia_...18       SET      27      -0.1602   -0.0062048      0.17979      0.81354 gtex__caudate_basal_ganglia__M017
gtex__caudate_basal_ganglia_...19       SET      18     0.038309    0.0012118      0.22106      0.43121 gtex__caudate_basal_ganglia__M018
gtex__caudate_basal_ganglia_...20       SET      20      0.16368    0.0054573      0.19366        0.199 gtex__caudate_basal_ganglia__M019
gtex__caudate_basal_ganglia_...21       SET      16    -0.022772  -0.00067916      0.20114      0.54507 gtex__caudate_basal_ganglia__M020
gtex__cerebellar_hemisphere_...1        SET    1498     0.050762     0.014031     0.025656     0.023937 gtex__cerebellar_hemisphere__M000
gtex__cerebellar_hemisphere_...2        SET     707      0.02649    0.0051497      0.03535      0.22682 gtex__cerebellar_hemisphere__M001
gtex__cerebellar_hemisphere_...3        SET     553     0.041903    0.0072363     0.038081       0.1356 gtex__cerebellar_hemisphere__M002
gtex__cerebellar_hemisphere_...4        SET     443     0.048124    0.0074619     0.042617      0.12941 gtex__cerebellar_hemisphere__M003
gtex__cerebellar_hemisphere_...5        SET     357     0.048365    0.0067486     0.049132      0.16247 gtex__cerebellar_hemisphere__M004
gtex__cerebellar_hemisphere_...6        SET     286     0.034321     0.004295     0.055748      0.26907 gtex__cerebellar_hemisphere__M005
gtex__cerebellar_hemisphere_...7        SET     218    -0.039091   -0.0042791     0.059355      0.74491 gtex__cerebellar_hemisphere__M006
gtex__cerebellar_hemisphere_...8        SET     147     0.059417    0.0053517     0.082793      0.23649 gtex__cerebellar_hemisphere__M007
gtex__cerebellar_hemisphere_...9        SET     100     0.040364    0.0030025     0.088026      0.32328 gtex__cerebellar_hemisphere__M008
gtex__cerebellar_hemisphere_...10       SET      87    -0.062486    -0.004337      0.10377      0.72647 gtex__cerebellar_hemisphere__M009
gtex__cerebellar_hemisphere_...11       SET      88      0.12749    0.0088995     0.093366     0.086053 gtex__cerebellar_hemisphere__M010
gtex__cerebellar_hemisphere_...12       SET      86    -0.027924    -0.001927      0.10527      0.60459 gtex__cerebellar_hemisphere__M011
gtex__cerebellar_hemisphere_...13       SET      53    -0.057964   -0.0031431      0.12033        0.685 gtex__cerebellar_hemisphere__M012
gtex__cerebellar_hemisphere_...14       SET      68     0.027185     0.001669      0.11847      0.40925 gtex__cerebellar_hemisphere__M013
gtex__cerebellar_hemisphere_...15       SET      37      0.10947    0.0049618      0.14817      0.23002 gtex__cerebellar_hemisphere__M014
gtex__cerebellar_hemisphere_...16       SET      31     0.051193    0.0021243      0.18208       0.3893 gtex__cerebellar_hemisphere__M015
gtex__cerebellar_hemisphere_...17       SET      30      0.24258    0.0099028      0.16834     0.074793 gtex__cerebellar_hemisphere__M016
gtex__cerebellar_hemisphere_...18       SET      25      0.21382    0.0079691      0.17278      0.10796 gtex__cerebellar_hemisphere__M017
gtex__cerebellar_hemisphere_...19       SET      26     -0.17296   -0.0065738      0.18788      0.82136 gtex__cerebellar_hemisphere__M018
gtex__cerebellar_hemisphere_...20       SET      22    -0.041502   -0.0014512      0.22185       0.5742 gtex__cerebellar_hemisphere__M019
gtex__cerebellar_hemisphere_...21       SET      20      -0.0286  -0.00095355      0.19019      0.55977 gtex__cerebellar_hemisphere__M020
gtex__cerebellar_hemisphere_...22       SET      14     -0.34648   -0.0096667      0.25658      0.91155 gtex__cerebellar_hemisphere__M021
gtex__cerebellum__M000                  SET    1188     0.044643     0.011092     0.028357     0.057717 gtex__cerebellum__M000
gtex__cerebellum__M001                  SET     295     0.026059    0.0033112     0.052625      0.31024 gtex__cerebellum__M001
gtex__cerebellum__M002                  SET     257    0.0071621   0.00085032     0.054599      0.44782 gtex__cerebellum__M002
gtex__cerebellum__M003                  SET     271     0.010143    0.0012361     0.054666       0.4264 gtex__cerebellum__M003
gtex__cerebellum__M004                  SET     217       0.0444    0.0048493      0.06086      0.23284 gtex__cerebellum__M004
gtex__cerebellum__M005                  SET     202    -0.073554   -0.0077541      0.06641      0.86597 gtex__cerebellum__M005
gtex__cerebellum__M006                  SET     206    -0.043376   -0.0046172     0.070217      0.73162 gtex__cerebellum__M006
gtex__cerebellum__M007                  SET     134    -0.033095    -0.002847     0.074983      0.67052 gtex__cerebellum__M007
gtex__cerebellum__M008                  SET     128   -0.0072529  -0.00060991     0.075164      0.53844 gtex__cerebellum__M008
gtex__cerebellum__M009                  SET     134     0.043774    0.0037657     0.078851       0.2894 gtex__cerebellum__M009
gtex__cerebellum__M010                  SET     117     0.074613    0.0060005       0.0869      0.19529 gtex__cerebellum__M010
gtex__cerebellum__M011                  SET     116      0.10457    0.0083739     0.089282      0.12076 gtex__cerebellum__M011
gtex__cerebellum__M012                  SET      66      0.11048     0.006683      0.11207      0.16211 gtex__cerebellum__M012
gtex__cerebellum__M013                  SET      69      -0.1088   -0.0067286      0.10793      0.84328 gtex__cerebellum__M013
gtex__cerebellum__M014                  SET      37    -0.016213  -0.00073488      0.14651      0.54406 gtex__cerebellum__M014
gtex__cerebellum__M015                  SET      40     0.040492    0.0019082      0.15919      0.39961 gtex__cerebellum__M015
gtex__cerebellum__M016                  SET      23     -0.12334   -0.0044097      0.22008      0.71241 gtex__cerebellum__M016
gtex__cerebellum__M017                  SET      23     0.037525    0.0013416      0.20814      0.42846 gtex__cerebellum__M017
gtex__cerebellum__M018                  SET      18      0.20622    0.0065232      0.23262      0.18767 gtex__cerebellum__M018
gtex__cortex__M000                      SET    1525   -0.0043984   -0.0012257     0.025653      0.56807 gtex__cortex__M000
gtex__cortex__M001                      SET     546      0.04376    0.0075106     0.040085       0.1375 gtex__cortex__M001
gtex__cortex__M002                      SET     244    0.0092025     0.001065     0.062456      0.44143 gtex__cortex__M002
gtex__cortex__M003                      SET     217    -0.026477   -0.0028917     0.061683      0.66612 gtex__cortex__M003
gtex__cortex__M004                      SET     155     0.047411     0.004384     0.075304      0.26448 gtex__cortex__M004
gtex__cortex__M005                      SET     130     0.034485    0.0029223     0.077104      0.32735 gtex__cortex__M005
gtex__cortex__M006                      SET     122    -0.017349   -0.0014245     0.077371      0.58871 gtex__cortex__M006
gtex__cortex__M007                      SET     112      0.13883     0.010925     0.083274      0.04775 gtex__cortex__M007
gtex__cortex__M008                      SET      96    -0.067678   -0.0049332     0.097196      0.75688 gtex__cortex__M008
gtex__cortex__M009                      SET      82       0.1307    0.0088083      0.10102     0.097866 gtex__cortex__M009
gtex__cortex__M010                      SET      71     -0.10333   -0.0064816       0.1024      0.84351 gtex__cortex__M010
gtex__cortex__M011                      SET      82      0.09418    0.0063471      0.10818      0.19201 gtex__cortex__M011
gtex__cortex__M012                      SET      72     0.097719    0.0061727      0.10412      0.17399 gtex__cortex__M012
gtex__cortex__M013                      SET      77    -0.055539   -0.0036275      0.10308      0.70499 gtex__cortex__M013
gtex__cortex__M014                      SET      71     0.095527    0.0059924      0.10909      0.19061 gtex__cortex__M014
gtex__cortex__M015                      SET      61    -0.055354   -0.0032194      0.12219      0.67473 gtex__cortex__M015
gtex__cortex__M016                      SET      50     -0.11037   -0.0058134      0.11947       0.8222 gtex__cortex__M016
gtex__cortex__M017                      SET      57     0.093095    0.0052345      0.13399       0.2436 gtex__cortex__M017
gtex__cortex__M018                      SET      37     -0.19617   -0.0088916      0.16735      0.87943 gtex__cortex__M018
gtex__cortex__M019                      SET      29     -0.27478    -0.011029      0.17145      0.94549 gtex__cortex__M019
gtex__cortex__M020                      SET      29     -0.18946   -0.0076044      0.19323      0.83657 gtex__cortex__M020
gtex__cortex__M021                      SET      22      0.65306     0.022835       0.2119    0.0010297 gtex__cortex__M021
gtex__cortex__M022                      SET      18      0.34107     0.010789      0.22511      0.06488 gtex__cortex__M022
gtex__cortex__M023                      SET      21    -0.047698   -0.0016295      0.19406      0.59708 gtex__cortex__M023
gtex__cortex__M024                      SET      18     0.022771   0.00072027      0.20575      0.45594 gtex__cortex__M024
gtex__frontal_cortex_ba9__M0...1        SET    2115     0.012417    0.0040011     0.022038      0.28657 gtex__frontal_cortex_ba9__M000
gtex__frontal_cortex_ba9__M0...2        SET    1063     0.053942     0.012725     0.029634      0.03437 gtex__frontal_cortex_ba9__M001
gtex__frontal_cortex_ba9__M0...3        SET     517     0.034173    0.0057121     0.043172      0.21431 gtex__frontal_cortex_ba9__M002
gtex__frontal_cortex_ba9__M0...4        SET     506     0.066667     0.011028     0.043511     0.062749 gtex__frontal_cortex_ba9__M003
gtex__frontal_cortex_ba9__M0...5        SET     386    -0.030194   -0.0043773     0.045623      0.74595 gtex__frontal_cortex_ba9__M004
gtex__frontal_cortex_ba9__M0...6        SET     140    -0.055024   -0.0048375     0.079293      0.75613 gtex__frontal_cortex_ba9__M005
gtex__frontal_cortex_ba9__M0...7        SET     133     0.070244    0.0060203     0.080206      0.19058 gtex__frontal_cortex_ba9__M006
gtex__frontal_cortex_ba9__M0...8        SET     130     -0.13474    -0.011418     0.077073      0.95978 gtex__frontal_cortex_ba9__M007
gtex__frontal_cortex_ba9__M0...9        SET     108     0.068312    0.0052796     0.088397      0.21983 gtex__frontal_cortex_ba9__M008
gtex__frontal_cortex_ba9__M0...10       SET      90     0.028432     0.002007     0.094205       0.3814 gtex__frontal_cortex_ba9__M009
gtex__frontal_cortex_ba9__M0...11       SET      71    -0.015018  -0.00094205      0.10339      0.55774 gtex__frontal_cortex_ba9__M010
gtex__frontal_cortex_ba9__M0...12       SET      72    0.0021773   0.00013753      0.10369      0.49162 gtex__frontal_cortex_ba9__M011
gtex__frontal_cortex_ba9__M0...13       SET      62     0.037184    0.0021802      0.12379      0.38194 gtex__frontal_cortex_ba9__M012
gtex__frontal_cortex_ba9__M0...14       SET      70      0.14546    0.0090604      0.11296     0.098935 gtex__frontal_cortex_ba9__M013
gtex__frontal_cortex_ba9__M0...15       SET      62    -0.060319   -0.0035367      0.11158       0.7056 gtex__frontal_cortex_ba9__M014
gtex__frontal_cortex_ba9__M0...16       SET      67      0.19417     0.011834      0.11781     0.049664 gtex__frontal_cortex_ba9__M015
gtex__frontal_cortex_ba9__M0...17       SET      58    -0.062677   -0.0035549      0.11845      0.70165 gtex__frontal_cortex_ba9__M016
gtex__frontal_cortex_ba9__M0...18       SET      56    -0.043796   -0.0024409      0.12959       0.6323 gtex__frontal_cortex_ba9__M017
gtex__frontal_cortex_ba9__M0...19       SET      54      0.13625    0.0074571      0.12172      0.13151 gtex__frontal_cortex_ba9__M018
gtex__frontal_cortex_ba9__M0...20       SET      30     -0.15406   -0.0062893      0.15527      0.83945 gtex__frontal_cortex_ba9__M019
gtex__frontal_cortex_ba9__M0...21       SET      23     -0.12653   -0.0045237      0.18295      0.75541 gtex__frontal_cortex_ba9__M020
gtex__frontal_cortex_ba9__M0...22       SET      22     -0.10928   -0.0038211      0.19816      0.70934 gtex__frontal_cortex_ba9__M021
gtex__frontal_cortex_ba9__M0...23       SET      18     0.097617    0.0030878      0.23192      0.33691 gtex__frontal_cortex_ba9__M022
gtex__frontal_cortex_ba9__M0...24       SET      19    -0.036296   -0.0011795      0.20273      0.57105 gtex__frontal_cortex_ba9__M023
gtex__frontal_cortex_ba9__M0...25       SET      19       0.1656    0.0053817      0.22089      0.22672 gtex__frontal_cortex_ba9__M024
gtex__hippocampus__M000                 SET    1189    -0.030911   -0.0076832     0.028635       0.8598 gtex__hippocampus__M000
gtex__hippocampus__M001                 SET    1194     0.072054     0.017945     0.027985    0.0050201 gtex__hippocampus__M001
gtex__hippocampus__M002                 SET     367      0.10299     0.014566     0.049747     0.019222 gtex__hippocampus__M002
gtex__hippocampus__M003                 SET     265    -0.017592   -0.0021204     0.058452      0.61828 gtex__hippocampus__M003
gtex__hippocampus__M004                 SET     217     0.062212    0.0067947     0.058392      0.14335 gtex__hippocampus__M004
gtex__hippocampus__M005                 SET     185      0.05736    0.0057896     0.065136      0.18927 gtex__hippocampus__M005
gtex__hippocampus__M006                 SET     135    -0.033944   -0.0029308      0.08487       0.6554 gtex__hippocampus__M006
gtex__hippocampus__M007                 SET     126     -0.13937    -0.011628     0.082259      0.95488 gtex__hippocampus__M007
gtex__hippocampus__M008                 SET     111     -0.11795    -0.009241     0.090729       0.9032 gtex__hippocampus__M008
gtex__hippocampus__M009                 SET     113     -0.18127    -0.014328     0.089726      0.97831 gtex__hippocampus__M009
gtex__hippocampus__M010                 SET      75     -0.15076   -0.0097189       0.1103      0.91415 gtex__hippocampus__M010
gtex__hippocampus__M011                 SET      70     0.015041   0.00093684      0.11853      0.44951 gtex__hippocampus__M011
gtex__hippocampus__M012                 SET      59       0.1967     0.011252      0.11943     0.049784 gtex__hippocampus__M012
gtex__hippocampus__M013                 SET      51    -0.040002   -0.0021279      0.12386      0.62664 gtex__hippocampus__M013
gtex__hippocampus__M014                 SET      51     0.052548    0.0027953      0.12511      0.33723 gtex__hippocampus__M014
gtex__hippocampus__M015                 SET      48     -0.17515   -0.0090394      0.12446      0.92031 gtex__hippocampus__M015
gtex__hippocampus__M016                 SET      45      0.20309      0.01015      0.13721     0.069425 gtex__hippocampus__M016
gtex__hippocampus__M017                 SET      43    -0.065856   -0.0032175      0.12869      0.69558 gtex__hippocampus__M017
gtex__hippocampus__M018                 SET      36     -0.11014   -0.0049243      0.15565       0.7604 gtex__hippocampus__M018
gtex__hippocampus__M019                 SET      38    -0.026834   -0.0012326      0.16456      0.56477 gtex__hippocampus__M019
gtex__hippocampus__M020                 SET      34    -0.094591   -0.0041104      0.14111      0.74867 gtex__hippocampus__M020
gtex__hippocampus__M021                 SET      34      0.17769    0.0077214      0.16563      0.14168 gtex__hippocampus__M021
gtex__hippocampus__M022                 SET      28      0.13577    0.0053547      0.16632      0.20717 gtex__hippocampus__M022
gtex__hippocampus__M023                 SET      31      -0.1186   -0.0049214      0.15226      0.78198 gtex__hippocampus__M023
gtex__hippocampus__M024                 SET      29    -0.007443  -0.00029874      0.18279      0.51624 gtex__hippocampus__M024
gtex__hippocampus__M025                 SET      25     0.080894     0.003015      0.20858      0.34907 gtex__hippocampus__M025
gtex__hippocampus__M026                 SET      19      0.15789    0.0051312        0.198       0.2126 gtex__hippocampus__M026
gtex__hippocampus__M027                 SET      16     -0.10653   -0.0031771      0.21931      0.68642 gtex__hippocampus__M027
gtex__hypothalamus__M000                SET    1462     0.042963     0.011745     0.025603     0.046677 gtex__hypothalamus__M000
gtex__hypothalamus__M001                SET     883   -0.0045068  -0.00097413     0.031931      0.55612 gtex__hypothalamus__M001
gtex__hypothalamus__M002                SET     268     0.018734    0.0022705     0.058694       0.3748 gtex__hypothalamus__M002
gtex__hypothalamus__M003                SET     264      0.12718       0.0153     0.059938     0.016935 gtex__hypothalamus__M003
gtex__hypothalamus__M004                SET     204       0.0104    0.0011018     0.060742      0.43203 gtex__hypothalamus__M004
gtex__hypothalamus__M005                SET     147    -0.005214  -0.00046962     0.073678      0.52821 gtex__hypothalamus__M005
gtex__hypothalamus__M006                SET     128     0.018281    0.0015373      0.08195      0.41174 gtex__hypothalamus__M006
gtex__hypothalamus__M007                SET     128    -0.055236   -0.0046449     0.076649      0.76443 gtex__hypothalamus__M007
gtex__hypothalamus__M008                SET      97    -0.010394  -0.00076154     0.090398      0.54577 gtex__hypothalamus__M008
gtex__hypothalamus__M009                SET      99     -0.23985    -0.017753      0.10021      0.99165 gtex__hypothalamus__M009
gtex__hypothalamus__M010                SET      77     -0.12155   -0.0079392      0.10798      0.86986 gtex__hypothalamus__M010
gtex__hypothalamus__M011                SET      80     0.041113    0.0027369      0.10259       0.3443 gtex__hypothalamus__M011
gtex__hypothalamus__M012                SET      71     0.078241     0.004908      0.10716      0.23266 gtex__hypothalamus__M012
gtex__hypothalamus__M013                SET      62     -0.11996   -0.0070336       0.1081      0.86643 gtex__hypothalamus__M013
gtex__hypothalamus__M014                SET      55     -0.28672    -0.015837      0.12933      0.98668 gtex__hypothalamus__M014
gtex__hypothalamus__M015                SET      39     0.027359    0.0012731      0.15542      0.43013 gtex__hypothalamus__M015
gtex__hypothalamus__M016                SET      28      0.25588     0.010092      0.18357     0.081679 gtex__hypothalamus__M016
gtex__hypothalamus__M017                SET      32     0.099008    0.0041741       0.1474      0.25089 gtex__hypothalamus__M017
gtex__hypothalamus__M018                SET      32     0.084747    0.0035728      0.17295      0.31207 gtex__hypothalamus__M018
gtex__hypothalamus__M019                SET      27      0.05426    0.0021016      0.17616      0.37904 gtex__hypothalamus__M019
gtex__hypothalamus__M020                SET      27      0.35635     0.013802      0.17677     0.021913 gtex__hypothalamus__M020
gtex__hypothalamus__M021                SET      21     0.038093    0.0013014      0.17616       0.4144 gtex__hypothalamus__M021
gtex__hypothalamus__M022                SET      28     -0.20584   -0.0081183      0.16929      0.88797 gtex__hypothalamus__M022
gtex__hypothalamus__M023                SET      24     -0.03526   -0.0012876      0.20524       0.5682 gtex__hypothalamus__M023
gtex__hypothalamus__M024                SET      25    -0.043757   -0.0016309      0.16603      0.60394 gtex__hypothalamus__M024
gtex__hypothalamus__M025                SET      25       0.2286    0.0085202      0.17421     0.094738 gtex__hypothalamus__M025
gtex__hypothalamus__M026                SET      21      0.15284    0.0052216      0.21439      0.23795 gtex__hypothalamus__M026
gtex__hypothalamus__M027                SET      22    -0.090818   -0.0031755      0.18781      0.68565 gtex__hypothalamus__M027
gtex__hypothalamus__M028                SET      14      0.34192    0.0095393      0.26332     0.097073 gtex__hypothalamus__M028
gtex__nucleus_accumbens_basa...1        SET    1684  -0.00093688  -0.00027302     0.023974      0.51559 gtex__nucleus_accumbens_basal_ganglia__M000
gtex__nucleus_accumbens_basa...2        SET    1122     0.030652    0.0074157     0.028904      0.14448 gtex__nucleus_accumbens_basal_ganglia__M001
gtex__nucleus_accumbens_basa...3        SET     340    -0.021033   -0.0028655      0.05133      0.65901 gtex__nucleus_accumbens_basal_ganglia__M002
gtex__nucleus_accumbens_basa...4        SET     220    -0.041993   -0.0046176     0.058707      0.76278 gtex__nucleus_accumbens_basal_ganglia__M003
gtex__nucleus_accumbens_basa...5        SET     180     0.077011    0.0076684     0.063346      0.11205 gtex__nucleus_accumbens_basal_ganglia__M004
gtex__nucleus_accumbens_basa...6        SET     102     0.012513   0.00093997      0.08976      0.44457 gtex__nucleus_accumbens_basal_ganglia__M005
gtex__nucleus_accumbens_basa...7        SET     116      -0.1044   -0.0083607     0.085282      0.88956 gtex__nucleus_accumbens_basal_ganglia__M006
gtex__nucleus_accumbens_basa...8        SET      94       0.1495     0.010783      0.10192     0.071232 gtex__nucleus_accumbens_basal_ganglia__M007
gtex__nucleus_accumbens_basa...9        SET      83     -0.01147   -0.0007777      0.10662      0.54283 gtex__nucleus_accumbens_basal_ganglia__M008
gtex__nucleus_accumbens_basa...10       SET      57   -0.0032478  -0.00018262      0.12183      0.51063 gtex__nucleus_accumbens_basal_ganglia__M009
gtex__nucleus_accumbens_basa...11       SET      65     0.037942    0.0022777      0.11174       0.3671 gtex__nucleus_accumbens_basal_ganglia__M010
gtex__nucleus_accumbens_basa...12       SET      43   0.00081261   3.9701e-05      0.15889      0.49796 gtex__nucleus_accumbens_basal_ganglia__M011
gtex__nucleus_accumbens_basa...13       SET      39      0.11979    0.0055742      0.13423      0.18609 gtex__nucleus_accumbens_basal_ganglia__M012
gtex__nucleus_accumbens_basa...14       SET      44      0.12921    0.0063853      0.13682       0.1725 gtex__nucleus_accumbens_basal_ganglia__M013
gtex__nucleus_accumbens_basa...15       SET      37    -0.077208   -0.0034996      0.14974      0.69693 gtex__nucleus_accumbens_basal_ganglia__M014
gtex__nucleus_accumbens_basa...16       SET      35    -0.086679   -0.0038214      0.15371      0.71359 gtex__nucleus_accumbens_basal_ganglia__M015
gtex__nucleus_accumbens_basa...17       SET      36     -0.12146   -0.0054307      0.15129      0.78896 gtex__nucleus_accumbens_basal_ganglia__M016
gtex__nucleus_accumbens_basa...18       SET      27      0.17052    0.0066043      0.15954      0.14258 gtex__nucleus_accumbens_basal_ganglia__M017
gtex__nucleus_accumbens_basa...19       SET      15      0.13966     0.004033      0.22919      0.27115 gtex__nucleus_accumbens_basal_ganglia__M018
gtex__nucleus_accumbens_basa...20       SET      20       0.4367      0.01456      0.20453     0.016382 gtex__nucleus_accumbens_basal_ganglia__M019
gtex__nucleus_accumbens_basa...21       SET      19     0.019514   0.00063417      0.23197      0.46648 gtex__nucleus_accumbens_basal_ganglia__M020
gtex__putamen_basal_ganglia_...1        SET    1426   -0.0037835   -0.0010226     0.026308      0.55718 gtex__putamen_basal_ganglia__M000
gtex__putamen_basal_ganglia_...2        SET     879     0.087155     0.018797     0.032461     0.003631 gtex__putamen_basal_ganglia__M001
gtex__putamen_basal_ganglia_...3        SET     438     0.021653    0.0033388     0.046195      0.31964 gtex__putamen_basal_ganglia__M002
gtex__putamen_basal_ganglia_...4        SET     276    -0.011142   -0.0013701     0.054268      0.58134 gtex__putamen_basal_ganglia__M003
gtex__putamen_basal_ganglia_...5        SET     250    -0.041453   -0.0048549     0.057485      0.76457 gtex__putamen_basal_ganglia__M004
gtex__putamen_basal_ganglia_...6        SET     173     0.080874    0.0078965     0.072537      0.13245 gtex__putamen_basal_ganglia__M005
gtex__putamen_basal_ganglia_...7        SET     156    -0.033284   -0.0030875     0.070265      0.68214 gtex__putamen_basal_ganglia__M006
gtex__putamen_basal_ganglia_...8        SET     140     0.032868    0.0028896     0.084248      0.34822 gtex__putamen_basal_ganglia__M007
gtex__putamen_basal_ganglia_...9        SET     124    -0.063422   -0.0052498     0.078492      0.79045 gtex__putamen_basal_ganglia__M008
gtex__putamen_basal_ganglia_...10       SET     115     0.087732    0.0069954     0.090853      0.16712 gtex__putamen_basal_ganglia__M009
gtex__putamen_basal_ganglia_...11       SET      87     0.044303    0.0030749     0.095143      0.32074 gtex__putamen_basal_ganglia__M010
gtex__putamen_basal_ganglia_...12       SET      78    -0.068555   -0.0045065      0.10522      0.74266 gtex__putamen_basal_ganglia__M011
gtex__putamen_basal_ganglia_...13       SET      71       0.1695     0.010633      0.10372     0.051111 gtex__putamen_basal_ganglia__M012
gtex__putamen_basal_ganglia_...14       SET      59    -0.058896    -0.003369      0.11476      0.69609 gtex__putamen_basal_ganglia__M013
gtex__putamen_basal_ganglia_...15       SET      38     0.056783    0.0026083       0.1513      0.35372 gtex__putamen_basal_ganglia__M014
gtex__putamen_basal_ganglia_...16       SET      30     0.036164    0.0014763      0.17081      0.41616 gtex__putamen_basal_ganglia__M015
gtex__putamen_basal_ganglia_...17       SET      28     0.055526      0.00219      0.16831      0.37073 gtex__putamen_basal_ganglia__M016
gtex__putamen_basal_ganglia_...18       SET      27      -0.1779   -0.0068902      0.18242      0.83527 gtex__putamen_basal_ganglia__M017
gtex__putamen_basal_ganglia_...19       SET      24    -0.030471   -0.0011128      0.18301      0.56612 gtex__putamen_basal_ganglia__M018
gtex__putamen_basal_ganglia_...20       SET      21      0.18794    0.0064207      0.21757      0.19385 gtex__putamen_basal_ganglia__M019
gtex__putamen_basal_ganglia_...21       SET      13    -0.014389  -0.00038685      0.26594      0.52157 gtex__putamen_basal_ganglia__M020
gtex__putamen_basal_ganglia_...22       SET      16     -0.24573   -0.0073286      0.24692      0.84016 gtex__putamen_basal_ganglia__M021
gtex__spinal_cord_cervical_c...1        SET    1363     0.065303     0.017289     0.026555    0.0069672 gtex__spinal_cord_cervical_c_1__M000
gtex__spinal_cord_cervical_c...2        SET     339     -0.10652    -0.014491     0.052439      0.97888 gtex__spinal_cord_cervical_c_1__M001
gtex__spinal_cord_cervical_c...3        SET     315      0.04406    0.0057818     0.053998      0.20727 gtex__spinal_cord_cervical_c_1__M002
gtex__spinal_cord_cervical_c...4        SET     170     0.061597    0.0059624     0.068608      0.18465 gtex__spinal_cord_cervical_c_1__M003
gtex__spinal_cord_cervical_c...5        SET     172    -0.043539    -0.004239     0.066804      0.74271 gtex__spinal_cord_cervical_c_1__M004
gtex__spinal_cord_cervical_c...6        SET     165      0.12685     0.012098     0.072225     0.039529 gtex__spinal_cord_cervical_c_1__M005
gtex__spinal_cord_cervical_c...7        SET     157     0.012741    0.0011856     0.077734       0.4349 gtex__spinal_cord_cervical_c_1__M006
gtex__spinal_cord_cervical_c...8        SET     102    -0.036853   -0.0027684      0.09214      0.65541 gtex__spinal_cord_cervical_c_1__M007
gtex__spinal_cord_cervical_c...9        SET      89      0.18961      0.01331       0.1021     0.031656 gtex__spinal_cord_cervical_c_1__M008
gtex__spinal_cord_cervical_c...10       SET      96      0.12075    0.0088015     0.094088     0.099692 gtex__spinal_cord_cervical_c_1__M009
gtex__spinal_cord_cervical_c...11       SET      83     0.089574    0.0060732      0.10133      0.18837 gtex__spinal_cord_cervical_c_1__M010
gtex__spinal_cord_cervical_c...12       SET      79      0.17041     0.011273      0.10193     0.047284 gtex__spinal_cord_cervical_c_1__M011
gtex__spinal_cord_cervical_c...13       SET      56     0.068535    0.0038197      0.12153      0.28641 gtex__spinal_cord_cervical_c_1__M012
gtex__spinal_cord_cervical_c...14       SET      46     0.073205    0.0036988      0.12477       0.2787 gtex__spinal_cord_cervical_c_1__M013
gtex__spinal_cord_cervical_c...15       SET      40      0.30477     0.014362      0.14401     0.017166 gtex__spinal_cord_cervical_c_1__M014
gtex__spinal_cord_cervical_c...16       SET      40       -0.107   -0.0050423      0.12958      0.79551 gtex__spinal_cord_cervical_c_1__M015
gtex__spinal_cord_cervical_c...17       SET      37      0.07217    0.0032712      0.13677      0.29887 gtex__spinal_cord_cervical_c_1__M016
gtex__spinal_cord_cervical_c...18       SET      38    -0.040693   -0.0018692      0.13656      0.61714 gtex__spinal_cord_cervical_c_1__M017
gtex__spinal_cord_cervical_c...19       SET      28     -0.19466   -0.0076774      0.15965      0.88862 gtex__spinal_cord_cervical_c_1__M018
gtex__spinal_cord_cervical_c...20       SET      33     -0.12411   -0.0053133      0.15737      0.78483 gtex__spinal_cord_cervical_c_1__M019
gtex__spinal_cord_cervical_c...21       SET      29      0.34234     0.013741      0.18097     0.029274 gtex__spinal_cord_cervical_c_1__M020
gtex__spinal_cord_cervical_c...22       SET      26      0.11888    0.0045183      0.19575      0.27183 gtex__spinal_cord_cervical_c_1__M021
gtex__spinal_cord_cervical_c...23       SET      27      0.10845    0.0042004      0.18937      0.28343 gtex__spinal_cord_cervical_c_1__M022
gtex__spinal_cord_cervical_c...24       SET      21     -0.45492    -0.015541       0.2145      0.98302 gtex__spinal_cord_cervical_c_1__M023
gtex__spinal_cord_cervical_c...25       SET      19      0.31669     0.010292      0.18633     0.044605 gtex__spinal_cord_cervical_c_1__M024
gtex__spinal_cord_cervical_c...26       SET      19    -0.097283   -0.0031615      0.20821      0.67983 gtex__spinal_cord_cervical_c_1__M025
gtex__spinal_cord_cervical_c...27       SET      16    -0.037321   -0.0011131      0.24079      0.56158 gtex__spinal_cord_cervical_c_1__M026
gtex__substantia_nigra__M000            SET    1263     0.057953     0.014813     0.027305      0.01691 gtex__substantia_nigra__M000
gtex__substantia_nigra__M001            SET     759      0.02475    0.0049777     0.035767      0.24448 gtex__substantia_nigra__M001
gtex__substantia_nigra__M002            SET     306     0.049208    0.0063661     0.054791      0.18457 gtex__substantia_nigra__M002
gtex__substantia_nigra__M003            SET     255    0.0022649   0.00026787     0.054424       0.4834 gtex__substantia_nigra__M003
gtex__substantia_nigra__M004            SET     228      0.12429      0.01391     0.062722     0.023771 gtex__substantia_nigra__M004
gtex__substantia_nigra__M005            SET     213    -0.041789   -0.0045224     0.066549      0.73498 gtex__substantia_nigra__M005
gtex__substantia_nigra__M006            SET     218     0.017367    0.0019011     0.060689      0.38738 gtex__substantia_nigra__M006
gtex__substantia_nigra__M007            SET      99     0.019465    0.0014407     0.088901      0.41335 gtex__substantia_nigra__M007
gtex__substantia_nigra__M008            SET      90     0.041655    0.0029404     0.096411      0.33285 gtex__substantia_nigra__M008
gtex__substantia_nigra__M009            SET      74     0.028005    0.0017933      0.10531      0.39515 gtex__substantia_nigra__M009
gtex__substantia_nigra__M010            SET      82     0.078695    0.0053035     0.095305      0.20449 gtex__substantia_nigra__M010
gtex__substantia_nigra__M011            SET      78     -0.03739   -0.0024579      0.10279      0.64198 gtex__substantia_nigra__M011
gtex__substantia_nigra__M012            SET      70     -0.20016    -0.012468      0.11115      0.96413 gtex__substantia_nigra__M012
gtex__substantia_nigra__M013            SET      56     0.083295    0.0046424      0.11776      0.23969 gtex__substantia_nigra__M013
gtex__substantia_nigra__M014            SET      53    -0.023472   -0.0012728      0.12138      0.57667 gtex__substantia_nigra__M014
gtex__substantia_nigra__M015            SET      49      0.17461    0.0091051      0.12178     0.075816 gtex__substantia_nigra__M015
gtex__substantia_nigra__M016            SET      47    -0.039251   -0.0020046      0.13525      0.61417 gtex__substantia_nigra__M016
gtex__substantia_nigra__M017            SET      47    -0.013499  -0.00068944      0.12531      0.54289 gtex__substantia_nigra__M017
gtex__substantia_nigra__M018            SET      41    -0.012962  -0.00061838       0.1328      0.53887 gtex__substantia_nigra__M018
gtex__substantia_nigra__M019            SET      41     -0.17238   -0.0082242      0.13739       0.8952 gtex__substantia_nigra__M019
gtex__substantia_nigra__M020            SET      42    0.0024687    0.0001192      0.13857      0.49289 gtex__substantia_nigra__M020
gtex__substantia_nigra__M021            SET      29       0.3333     0.013378      0.16475     0.021544 gtex__substantia_nigra__M021
gtex__substantia_nigra__M022            SET      22     -0.10464   -0.0036588      0.19027      0.70882 gtex__substantia_nigra__M022
gtex__substantia_nigra__M023            SET      27     -0.25317   -0.0098057      0.20284        0.894 gtex__substantia_nigra__M023
gtex__substantia_nigra__M024            SET      20     -0.13611   -0.0045379      0.20078      0.75108 gtex__substantia_nigra__M024
gtex__substantia_nigra__M025            SET      19      0.44353     0.014414      0.21745     0.020699 gtex__substantia_nigra__M025
gtex__substantia_nigra__M026            SET      17      0.22418    0.0068917      0.23611       0.1712 gtex__substantia_nigra__M026
gtex__substantia_nigra__M027            SET      20      0.37557     0.012522      0.20316     0.032263 gtex__substantia_nigra__M027
gtex__substantia_nigra__M028            SET      19      0.17912    0.0058208      0.19442      0.17846 gtex__substantia_nigra__M028
brainseq__caudate__M000                 SET     206     0.012115    0.0012896     0.064335      0.42532 brainseq__caudate__M000
brainseq__caudate__M001                 SET     686     0.055043     0.010547     0.036751     0.067111 brainseq__caudate__M001
brainseq__caudate__M002                 SET     625      0.11691     0.021419     0.039949    0.0017167 brainseq__caudate__M002
brainseq__caudate__M003                 SET     615    0.0017448   0.00031719      0.03834      0.48185 brainseq__caudate__M003
brainseq__caudate__M004                 SET     427     0.010172    0.0015491     0.047391      0.41503 brainseq__caudate__M004
brainseq__caudate__M005                 SET     308     0.025192    0.0032696     0.051823      0.31344 brainseq__caudate__M005
brainseq__caudate__M006                 SET     293    -0.024663   -0.0031233     0.054895      0.67338 brainseq__caudate__M006
brainseq__caudate__M007                 SET     221     -0.10388    -0.011448     0.061062      0.95553 brainseq__caudate__M007
brainseq__caudate__M008                 SET     159    -0.087447   -0.0081887     0.074489      0.87979 brainseq__caudate__M008
brainseq__caudate__M009                 SET     168      0.10901      0.01049     0.073565     0.069206 brainseq__caudate__M009
brainseq__caudate__M010                 SET     119     0.039623    0.0032135     0.082641      0.31581 brainseq__caudate__M010
brainseq__caudate__M011                 SET     107     0.081206    0.0062472     0.090032      0.18354 brainseq__caudate__M011
brainseq__caudate__M012                 SET     100     0.071988    0.0053549      0.09053      0.21326 brainseq__caudate__M012
brainseq__caudate__M013                 SET      49     -0.14097   -0.0073509      0.13894      0.84486 brainseq__caudate__M013
brainseq__caudate__M014                 SET      48     -0.10931   -0.0056418      0.13365      0.79329 brainseq__caudate__M014
brainseq__caudate__M015                 SET      46     -0.03038    -0.001535      0.13321      0.59019 brainseq__caudate__M015
brainseq__caudate__M016                 SET      41    -0.019976  -0.00095305      0.15197      0.55229 brainseq__caudate__M016
brainseq__caudate__M017                 SET      39     -0.35301    -0.016427       0.1621      0.98528 brainseq__caudate__M017
brainseq__caudate__M018                 SET      39    -0.031942   -0.0014864      0.14942      0.58464 brainseq__caudate__M018
brainseq__caudate__M019                 SET      32      0.17646    0.0074392      0.15891      0.13342 brainseq__caudate__M019
brainseq__caudate__M020                 SET      29    -0.065263   -0.0026195       0.1681      0.65108 brainseq__caudate__M020
brainseq__caudate__M021                 SET      22     -0.17963   -0.0062808      0.20544      0.80903 brainseq__caudate__M021
brainseq__caudate__M022                 SET      25     -0.18582   -0.0069255      0.16415      0.87118 brainseq__caudate__M022
brainseq__caudate__M023                 SET      19     -0.27926   -0.0090753       0.2177       0.9002 brainseq__caudate__M023
brainseq__caudate__M024                 SET      25      0.27235     0.010151      0.17276     0.057474 brainseq__caudate__M024
brainseq__caudate__M025                 SET      21     0.016224   0.00055425      0.18901       0.4658 brainseq__caudate__M025
brainseq__caudate__M026                 SET      16     0.086928    0.0025926      0.22065      0.34681 brainseq__caudate__M026
brainseq__caudate__M027                 SET      19      0.59298      0.01927      0.21487    0.0028958 brainseq__caudate__M027
brainseq__hippocampus__M000             SET     471     0.086227     0.013775     0.045795     0.029866 brainseq__hippocampus__M000
brainseq__hippocampus__M001             SET     370    0.0011497   0.00016325     0.051144      0.49103 brainseq__hippocampus__M001
brainseq__hippocampus__M002             SET     331    -0.057582   -0.0077423     0.048075      0.88449 brainseq__hippocampus__M002
brainseq__hippocampus__M003             SET     292    -0.022515   -0.0028465     0.056155      0.65577 brainseq__hippocampus__M003
brainseq__hippocampus__M004             SET     208     0.054643    0.0058444     0.065496      0.20206 brainseq__hippocampus__M004
brainseq__hippocampus__M005             SET     212     0.055237    0.0059638     0.063459      0.19204 brainseq__hippocampus__M005
brainseq__hippocampus__M006             SET     190     0.084392    0.0086313     0.068899      0.11032 brainseq__hippocampus__M006
brainseq__hippocampus__M007             SET     191     0.029139     0.002988     0.068589      0.33548 brainseq__hippocampus__M007
brainseq__hippocampus__M008             SET     135     -0.03763   -0.0032491     0.080973      0.67893 brainseq__hippocampus__M008
brainseq__hippocampus__M009             SET     123   -0.0044747  -0.00036891      0.08053      0.52216 brainseq__hippocampus__M009
brainseq__hippocampus__M010             SET     106      0.13411     0.010269     0.095284     0.079659 brainseq__hippocampus__M010
brainseq__hippocampus__M011             SET      99     0.044158    0.0032683     0.093993      0.31925 brainseq__hippocampus__M011
brainseq__hippocampus__M012             SET      79      0.11635     0.007697       0.1102      0.14554 brainseq__hippocampus__M012
brainseq__hippocampus__M013             SET      81      0.11267    0.0075471      0.11029      0.15348 brainseq__hippocampus__M013
brainseq__hippocampus__M014             SET      76      0.19741      0.01281      0.10861     0.034569 brainseq__hippocampus__M014
brainseq__hippocampus__M015             SET      81    0.0031152   0.00020866     0.097507      0.48726 brainseq__hippocampus__M015
brainseq__hippocampus__M016             SET      69      0.21064     0.013027      0.10589     0.023349 brainseq__hippocampus__M016
brainseq__hippocampus__M017             SET      73     -0.14652   -0.0093195      0.11077      0.90704 brainseq__hippocampus__M017
brainseq__hippocampus__M018             SET      68    -0.081616   -0.0050108      0.11868      0.75417 brainseq__hippocampus__M018
brainseq__hippocampus__M019             SET      66     -0.24047    -0.014546      0.12006       0.9774 brainseq__hippocampus__M019
brainseq__hippocampus__M020             SET      60    -0.048973   -0.0028249      0.11678      0.66252 brainseq__hippocampus__M020
brainseq__hippocampus__M021             SET      44      0.14745    0.0072868      0.14289      0.15107 brainseq__hippocampus__M021
brainseq__hippocampus__M022             SET      41    -0.023957    -0.001143      0.14683       0.5648 brainseq__hippocampus__M022
brainseq__hippocampus__M023             SET      36    -0.069299   -0.0030985      0.15813       0.6694 brainseq__hippocampus__M023
brainseq__hippocampus__M024             SET      34     0.020409   0.00088686      0.16081       0.4495 brainseq__hippocampus__M024
brainseq__hippocampus__M025             SET      37     -0.03562   -0.0016145      0.15801      0.58918 brainseq__hippocampus__M025
brainseq__hippocampus__M026             SET      34     -0.04042   -0.0017564      0.15563      0.60246 brainseq__hippocampus__M026
brainseq__hippocampus__M027             SET      34    0.0022737   9.8801e-05      0.17872      0.49492 brainseq__hippocampus__M027
brainseq__hippocampus__M028             SET      21     0.085853     0.002933      0.21213      0.34285 brainseq__hippocampus__M028
brainseq__hippocampus__M029             SET      20      0.39142      0.01305      0.21491     0.034288 brainseq__hippocampus__M029
brainseq__hippocampus__M030             SET      21       0.2898    0.0099003      0.22018     0.094062 brainseq__hippocampus__M030
brainseq__hippocampus__M031             SET      16      0.18975    0.0056591      0.22536       0.1999 brainseq__hippocampus__M031
brainseq__dlpfc__M000                   SET     589     0.027251    0.0048519     0.040545      0.25076 brainseq__dlpfc__M000
brainseq__dlpfc__M001                   SET     421     0.020644    0.0031224     0.046382      0.32813 brainseq__dlpfc__M001
brainseq__dlpfc__M002                   SET     368     0.011324    0.0016037      0.05097      0.41209 brainseq__dlpfc__M002
brainseq__dlpfc__M003                   SET     334     0.061885    0.0083577     0.053688      0.12453 brainseq__dlpfc__M003
brainseq__dlpfc__M004                   SET     260    -0.021339    -0.002548     0.054881      0.65129 brainseq__dlpfc__M004
brainseq__dlpfc__M005                   SET     217    -0.043873   -0.0047917     0.063683      0.75456 brainseq__dlpfc__M005
brainseq__dlpfc__M006                   SET     208     0.083592    0.0089407     0.069413      0.11425 brainseq__dlpfc__M006
brainseq__dlpfc__M007                   SET     199     0.074057    0.0077495     0.062374      0.11756 brainseq__dlpfc__M007
brainseq__dlpfc__M008                   SET     186    -0.020857   -0.0021108     0.069742      0.61755 brainseq__dlpfc__M008
brainseq__dlpfc__M009                   SET     160     0.055713    0.0052333      0.07418      0.22632 brainseq__dlpfc__M009
brainseq__dlpfc__M010                   SET     160    -0.093457   -0.0087787     0.074503      0.89515 brainseq__dlpfc__M010
brainseq__dlpfc__M011                   SET     153     0.050082    0.0046012     0.073714      0.24844 brainseq__dlpfc__M011
brainseq__dlpfc__M012                   SET     132     0.055387    0.0047293     0.080378      0.24539 brainseq__dlpfc__M012
brainseq__dlpfc__M013                   SET     134     0.048997     0.004215     0.082053      0.27521 brainseq__dlpfc__M013
brainseq__dlpfc__M014                   SET     111   -0.0014661  -0.00011486     0.086402      0.50677 brainseq__dlpfc__M014
brainseq__dlpfc__M015                   SET     112      0.10796     0.008496     0.082992     0.096665 brainseq__dlpfc__M015
brainseq__dlpfc__M016                   SET      99    -0.073095   -0.0054101     0.094506      0.78036 brainseq__dlpfc__M016
brainseq__dlpfc__M017                   SET      92    0.0053424   0.00038126      0.09453      0.47747 brainseq__dlpfc__M017
brainseq__dlpfc__M018                   SET      77      0.08247    0.0053866      0.10803      0.22262 brainseq__dlpfc__M018
brainseq__dlpfc__M019                   SET      78   -0.0094817  -0.00062329      0.11011      0.53431 brainseq__dlpfc__M019
brainseq__dlpfc__M020                   SET      68     -0.06938   -0.0042596       0.1188      0.72039 brainseq__dlpfc__M020
brainseq__dlpfc__M021                   SET      72     0.092481    0.0058418      0.10841      0.19682 brainseq__dlpfc__M021
brainseq__dlpfc__M022                   SET      72     -0.04348   -0.0027465      0.10126      0.66618 brainseq__dlpfc__M022
brainseq__dlpfc__M023                   SET      72    -0.081789   -0.0051664      0.10797      0.77563 brainseq__dlpfc__M023
brainseq__dlpfc__M024                   SET      38     0.079839    0.0036673      0.14981      0.29704 brainseq__dlpfc__M024
brainseq__dlpfc__M025                   SET      35     0.020196   0.00089038      0.15367      0.44772 brainseq__dlpfc__M025
brainseq__dlpfc__M026                   SET      34     -0.50763    -0.022058      0.15475      0.99948 brainseq__dlpfc__M026
brainseq__dlpfc__M027                   SET      28      0.25111    0.0099039      0.16278     0.061475 brainseq__dlpfc__M027
brainseq__dlpfc__M028                   SET      33      0.23791     0.010185      0.18149     0.094958 brainseq__dlpfc__M028
brainseq__dlpfc__M029                   SET      28    -0.098305   -0.0038772      0.17155      0.71668 brainseq__dlpfc__M029
brainseq__dlpfc__M030                   SET      25    -0.032263   -0.0012025      0.17618      0.57265 brainseq__dlpfc__M030
brainseq__dlpfc__M031                   SET      23    -0.036183   -0.0012936      0.18961      0.57567 brainseq__dlpfc__M031
brainseq__dlpfc__M032                   SET      22      0.24175    0.0084531      0.20641      0.12076 brainseq__dlpfc__M032
brainseq__dlpfc__M033                   SET      20      0.18422    0.0061419      0.20068      0.17933 brainseq__dlpfc__M033
brainseq__dlpfc__M034                   SET      20     -0.16125   -0.0053762      0.22043      0.76777 brainseq__dlpfc__M034
brainseq__dlpfc__M035                   SET      17     -0.04208   -0.0012936      0.21481      0.57765 brainseq__dlpfc__M035
brainseq__dlpfc__M036                   SET      18     -0.37938       -0.012      0.21466       0.9614 brainseq__dlpfc__M036
brainseq__dlpfc__M037                   SET      18     -0.27311   -0.0086389       0.1862      0.92877 brainseq__dlpfc__M037
brainseq__caudate_sczd__M000            SET     659     0.093172     0.017511     0.038994    0.0084428 brainseq__caudate_sczd__M000
brainseq__caudate_sczd__M001            SET     202    -0.013215   -0.0013931     0.065066      0.58047 brainseq__caudate_sczd__M001
brainseq__caudate_sczd__M002            SET     665     0.027439    0.0051796     0.037607      0.23281 brainseq__caudate_sczd__M002
brainseq__caudate_sczd__M003            SET     590    -0.021016   -0.0037448     0.038592      0.70697 brainseq__caudate_sczd__M003
brainseq__caudate_sczd__M004            SET     396     0.014301    0.0020994     0.048089      0.38308 brainseq__caudate_sczd__M004
brainseq__caudate_sczd__M005            SET     303     0.012681    0.0016326     0.051804      0.40331 brainseq__caudate_sczd__M005
brainseq__caudate_sczd__M006            SET     281    -0.059943   -0.0074365     0.056821      0.85426 brainseq__caudate_sczd__M006
brainseq__caudate_sczd__M007            SET      91    0.0010381   7.3679e-05     0.097377      0.49575 brainseq__caudate_sczd__M007
brainseq__caudate_sczd__M008            SET     240    -0.048182   -0.0055306     0.061093      0.78484 brainseq__caudate_sczd__M008
brainseq__caudate_sczd__M009            SET     204     -0.01539   -0.0016303      0.06631      0.59176 brainseq__caudate_sczd__M009
brainseq__caudate_sczd__M010            SET     123    0.0056863    0.0004688     0.088116      0.47427 brainseq__caudate_sczd__M010
brainseq__caudate_sczd__M011            SET     119    -0.044136   -0.0035795     0.086244      0.69559 brainseq__caudate_sczd__M011
brainseq__caudate_sczd__M012            SET     102     -0.15446    -0.011604     0.088553      0.95944 brainseq__caudate_sczd__M012
brainseq__caudate_sczd__M013            SET      89     0.027525    0.0019322     0.091126      0.38131 brainseq__caudate_sczd__M013
brainseq__caudate_sczd__M014            SET      65      0.16386    0.0098366      0.11403      0.07536 brainseq__caudate_sczd__M014
brainseq__caudate_sczd__M015            SET      57    -0.028499   -0.0016025      0.12876      0.58758 brainseq__caudate_sczd__M015
brainseq__caudate_sczd__M016            SET      58     0.040232    0.0022818      0.12062      0.36936 brainseq__caudate_sczd__M016
brainseq__caudate_sczd__M017            SET      52      0.10632    0.0057107      0.12663      0.20057 brainseq__caudate_sczd__M017
brainseq__caudate_sczd__M018            SET      46      0.20416     0.010316      0.14093     0.073726 brainseq__caudate_sczd__M018
brainseq__caudate_sczd__M019            SET      46      -0.2367     -0.01196      0.14239      0.95177 brainseq__caudate_sczd__M019
brainseq__caudate_sczd__M020            SET      41     -0.13577   -0.0064775      0.14959      0.81795 brainseq__caudate_sczd__M020
brainseq__caudate_sczd__M021            SET      32      0.40187     0.016943      0.15426    0.0045953 brainseq__caudate_sczd__M021
brainseq__caudate_sczd__M022            SET      29     -0.10587   -0.0042493      0.17308      0.72961 brainseq__caudate_sczd__M022
brainseq__caudate_sczd__M023            SET      27      0.08256    0.0031976      0.18446      0.32723 brainseq__caudate_sczd__M023
brainseq__caudate_sczd__M024            SET      25    -0.021346   -0.0007956      0.16735      0.55075 brainseq__caudate_sczd__M024
brainseq__caudate_sczd__M025            SET      25     -0.11302   -0.0042122       0.1684      0.74892 brainseq__caudate_sczd__M025
brainseq__caudate_sczd__M026            SET      23      0.35146     0.012565      0.17983     0.025335 brainseq__caudate_sczd__M026
brainseq__caudate_sczd__M027            SET      24     -0.07401   -0.0027028      0.17703      0.66205 brainseq__caudate_sczd__M027
brainseq__caudate_sczd__M028            SET      20     0.089473    0.0029831      0.22947       0.3483 brainseq__caudate_sczd__M028
brainseq__caudate_sczd__M029            SET      17     -0.11984    -0.003684      0.25429      0.68128 brainseq__caudate_sczd__M029
brainseq__caudate_sczd__M030            SET      19     0.073752    0.0023968      0.22302      0.37044 brainseq__caudate_sczd__M030
brainseq__caudate_sczd__M031            SET      18     -0.22252   -0.0070385      0.22702      0.83649 brainseq__caudate_sczd__M031
brainseq__caudate_sczd__M032            SET      13     0.089684    0.0024112      0.23558      0.35171 brainseq__caudate_sczd__M032
