# TOTAL_GENES = 17652
# TEST_DIRECTION = one-sided, positive (set), two-sided (covar)
# CONDITIONED_INTERNAL = gene size, gene density, inverse mac, log(gene size), log(gene density), log(inverse mac)
VARIABLE                               TYPE  NGENES         BETA     BETA_STD           SE            P FULL_NAME
gtex__amygdala__M000                    SET   12048     0.042525     0.019795     0.015118    0.0024578 gtex__amygdala__M000
gtex__amygdala__M002                    SET     429    -0.005475  -0.00084312     0.044279       0.5492 gtex__amygdala__M002
gtex__amygdala__M003                    SET     394     0.049395     0.007297     0.043155       0.1262 gtex__amygdala__M003
gtex__amygdala__M001                    SET     464     -0.08271    -0.013233     0.042507      0.97415 gtex__amygdala__M001
gtex__amygdala__M005                    SET     101    -0.074765   -0.0056394     0.089117      0.79925 gtex__amygdala__M005
gtex__amygdala__M004                    SET      91     0.057891     0.004146     0.091436      0.26333 gtex__amygdala__M004
gtex__anterior_cingulate_cor...2        SET    1524    -0.035766    -0.010046     0.023327      0.93739 gtex__anterior_cingulate_cortex_ba24__M001
gtex__anterior_cingulate_cor...1        SET   10588     0.054428     0.026667     0.014081   5.5667e-05 gtex__anterior_cingulate_cortex_ba24__M000
gtex__anterior_cingulate_cor...3        SET     644    -0.034973   -0.0065573     0.035403      0.83838 gtex__anterior_cingulate_cortex_ba24__M002
gtex__anterior_cingulate_cor...6        SET     152     0.027321    0.0025244     0.076231      0.36003 gtex__anterior_cingulate_cortex_ba24__M005
gtex__anterior_cingulate_cor...4        SET     266    0.0099231    0.0012089     0.054993       0.4284 gtex__anterior_cingulate_cortex_ba24__M003
gtex__anterior_cingulate_cor...5        SET     311    -0.091264    -0.012007      0.05129       0.9624 gtex__anterior_cingulate_cortex_ba24__M004
gtex__caudate_basal_ganglia_...4        SET     431    -0.066692    -0.010293     0.043002      0.93953 gtex__caudate_basal_ganglia__M003
gtex__caudate_basal_ganglia_...1        SET   11412     0.058966      0.02819     0.014678   2.9564e-05 gtex__caudate_basal_ganglia__M000
gtex__caudate_basal_ganglia_...5        SET     237     0.065275    0.0075128     0.060653      0.14092 gtex__caudate_basal_ganglia__M004
gtex__caudate_basal_ganglia_...2        SET     975    -0.071004     -0.01622     0.029567      0.99183 gtex__caudate_basal_ganglia__M001
gtex__caudate_basal_ganglia_...3        SET     492    -0.039998   -0.0065842      0.04197      0.82971 gtex__caudate_basal_ganglia__M002
gtex__caudate_basal_ganglia_...6        SET      39      0.31013     0.014562      0.14267     0.014871 gtex__caudate_basal_ganglia__M005
gtex__cerebellar_hemisphere_...2        SET     780    -0.041006   -0.0084275      0.03364      0.88857 gtex__cerebellar_hemisphere__M001
gtex__cerebellar_hemisphere_...1        SET   10584     0.065576     0.032132     0.014497   3.0633e-06 gtex__cerebellar_hemisphere__M000
gtex__cerebellar_hemisphere_...4        SET     266    -0.024323   -0.0029633     0.057014      0.66517 gtex__cerebellar_hemisphere__M003
gtex__cerebellar_hemisphere_...3        SET     539    -0.042868   -0.0073758     0.042037      0.84607 gtex__cerebellar_hemisphere__M002
gtex__cerebellar_hemisphere_...9        SET     153    -0.044113   -0.0040892     0.066377      0.74684 gtex__cerebellar_hemisphere__M008
gtex__cerebellar_hemisphere_...10       SET     155     0.077606    0.0072404     0.077431      0.15812 gtex__cerebellar_hemisphere__M009
gtex__cerebellar_hemisphere_...6        SET      74     0.014079   0.00090967     0.094314      0.44067 gtex__cerebellar_hemisphere__M005
gtex__cerebellar_hemisphere_...5        SET     130    -0.070318   -0.0060124     0.070546      0.84055 gtex__cerebellar_hemisphere__M004
gtex__cerebellar_hemisphere_...8        SET     178    -0.053374   -0.0053327     0.067665      0.78488 gtex__cerebellar_hemisphere__M007
gtex__cerebellar_hemisphere_...7        SET     222    -0.015965   -0.0017791     0.060176      0.60461 gtex__cerebellar_hemisphere__M006
gtex__cerebellar_hemisphere_...11       SET      85     0.090669    0.0062767     0.095434      0.17104 gtex__cerebellar_hemisphere__M010
gtex__cerebellum__M001                  SET     771    -0.050944    -0.010412     0.033755      0.93437 gtex__cerebellum__M001
gtex__cerebellum__M000                  SET   10977     0.059637      0.02892     0.014676   2.4263e-05 gtex__cerebellum__M000
gtex__cerebellum__M004                  SET     284   -0.0068322  -0.00085963     0.054028      0.55031 gtex__cerebellum__M004
gtex__cerebellum__M003                  SET     336    -0.060934   -0.0083267     0.052573      0.87677 gtex__cerebellum__M003
gtex__cerebellum__M009                  SET      60     0.027199    0.0015831      0.12244       0.4121 gtex__cerebellum__M009
gtex__cerebellum__M008                  SET      71     0.029188    0.0018474      0.10644      0.39196 gtex__cerebellum__M008
gtex__cerebellum__M006                  SET     134     0.031401    0.0027256     0.069339      0.32533 gtex__cerebellum__M006
gtex__cerebellum__M005                  SET     243     0.031336    0.0036514      0.05769       0.2935 gtex__cerebellum__M005
gtex__cerebellum__M007                  SET     141    0.0069265   0.00061659     0.075895      0.46364 gtex__cerebellum__M007
gtex__cerebellum__M002                  SET     120    -0.030958   -0.0025439     0.070866      0.66889 gtex__cerebellum__M002
gtex__cerebellum__M010                  SET      46    -0.024673   -0.0012579      0.13711       0.5714 gtex__cerebellum__M010
gtex__cortex__M001                      SET     902    -0.015905   -0.0035024     0.030096      0.70141 gtex__cortex__M001
gtex__cortex__M000                      SET   10420     0.064577     0.031759     0.013997   1.9936e-06 gtex__cortex__M000
gtex__cortex__M002                      SET     640    -0.048401   -0.0090477     0.036094      0.91003 gtex__cortex__M002
gtex__cortex__M003                      SET     464  -0.00010341  -1.6545e-05     0.041279        0.501 gtex__cortex__M003
gtex__cortex__M010                      SET      48    -0.076948   -0.0040072      0.13141      0.72092 gtex__cortex__M010
gtex__cortex__M005                      SET     197     -0.10349    -0.010872     0.065556      0.94278 gtex__cortex__M005
gtex__cortex__M008                      SET     197    -0.076793   -0.0080674       0.0558      0.91561 gtex__cortex__M008
gtex__cortex__M006                      SET     192    -0.065575   -0.0068019     0.066688      0.83727 gtex__cortex__M006
gtex__cortex__M004                      SET     401    -0.075625    -0.011268     0.047047      0.94601 gtex__cortex__M004
gtex__cortex__M007                      SET     101    -0.016941   -0.0012778     0.078664      0.58526 gtex__cortex__M007
gtex__cortex__M009                      SET      58     0.023671    0.0013547      0.12085      0.42236 gtex__cortex__M009
gtex__frontal_cortex_ba9__M0...2        SET    2508    -0.016185   -0.0056509     0.018386      0.81064 gtex__frontal_cortex_ba9__M001
gtex__frontal_cortex_ba9__M0...1        SET    9393     0.055414     0.027651     0.013398    1.776e-05 gtex__frontal_cortex_ba9__M000
gtex__frontal_cortex_ba9__M0...3        SET     672    -0.023371   -0.0044725     0.034829      0.74889 gtex__frontal_cortex_ba9__M002
gtex__frontal_cortex_ba9__M0...7        SET     179     0.072453    0.0072591     0.070934      0.15354 gtex__frontal_cortex_ba9__M006
gtex__frontal_cortex_ba9__M0...4        SET     354    -0.053215   -0.0074602     0.047975      0.86632 gtex__frontal_cortex_ba9__M003
gtex__frontal_cortex_ba9__M0...6        SET     182    -0.092534   -0.0093476      0.05902      0.94153 gtex__frontal_cortex_ba9__M005
gtex__frontal_cortex_ba9__M0...5        SET     268    -0.069219   -0.0084642     0.056605       0.8893 gtex__frontal_cortex_ba9__M004
gtex__hippocampus__M002                 SET     542    0.0045101   0.00077808     0.037994      0.45276 gtex__hippocampus__M002
gtex__hippocampus__M000                 SET   11951     0.047139     0.022043     0.015019   0.00085022 gtex__hippocampus__M000
gtex__hippocampus__M001                 SET    1069    -0.044222    -0.010548     0.028301      0.94091 gtex__hippocampus__M001
gtex__hypothalamus__M000                SET   11477     0.038095     0.018169     0.014662    0.0046897 gtex__hypothalamus__M000
gtex__hypothalamus__M005                SET     260     0.068731    0.0082801     0.057944      0.11779 gtex__hypothalamus__M005
gtex__hypothalamus__M004                SET     403    -0.017502   -0.0026142     0.044469      0.65305 gtex__hypothalamus__M004
gtex__hypothalamus__M002                SET     578     0.019619    0.0034915     0.037298      0.29945 gtex__hypothalamus__M002
gtex__hypothalamus__M001                SET     622   -0.0068682   -0.0012664     0.035422      0.57687 gtex__hypothalamus__M001
gtex__hypothalamus__M003                SET     447     -0.04336   -0.0068122     0.043142      0.84256 gtex__hypothalamus__M003
gtex__nucleus_accumbens_basa...1        SET   11520     0.047269     0.022507      0.01474   0.00067221 gtex__nucleus_accumbens_basal_ganglia__M000
gtex__nucleus_accumbens_basa...7        SET     242     0.064759    0.0075305     0.059135      0.13675 gtex__nucleus_accumbens_basal_ganglia__M006
gtex__nucleus_accumbens_basa...3        SET     482    -0.065793    -0.010723     0.041466       0.9437 gtex__nucleus_accumbens_basal_ganglia__M002
gtex__nucleus_accumbens_basa...5        SET     296     0.005694   0.00073115     0.052473       0.4568 gtex__nucleus_accumbens_basal_ganglia__M004
gtex__nucleus_accumbens_basa...2        SET     492    -0.040714    -0.006702     0.040384      0.84331 gtex__nucleus_accumbens_basal_ganglia__M001
gtex__nucleus_accumbens_basa...4        SET     346    -0.047063   -0.0065243     0.048738      0.83288 gtex__nucleus_accumbens_basal_ganglia__M003
gtex__nucleus_accumbens_basa...6        SET     233    0.0012521    0.0001429     0.057609      0.49133 gtex__nucleus_accumbens_basal_ganglia__M005
gtex__putamen_basal_ganglia_...2        SET     896    -0.014262   -0.0031307     0.030697      0.67889 gtex__putamen_basal_ganglia__M001
gtex__putamen_basal_ganglia_...1        SET   11012     0.049123     0.023797     0.014472   0.00034478 gtex__putamen_basal_ganglia__M000
gtex__putamen_basal_ganglia_...4        SET     301     0.049788     0.006446     0.053169      0.17454 gtex__putamen_basal_ganglia__M003
gtex__putamen_basal_ganglia_...3        SET    1035     -0.08986    -0.021112     0.028635      0.99915 gtex__putamen_basal_ganglia__M002
gtex__putamen_basal_ganglia_...5        SET     123    -0.025745   -0.0021416      0.08505      0.61894 gtex__putamen_basal_ganglia__M004
gtex__putamen_basal_ganglia_...6        SET      47       0.1671    0.0086109       0.1266     0.093457 gtex__putamen_basal_ganglia__M005
gtex__putamen_basal_ganglia_...7        SET      54      0.18091    0.0099912      0.12265     0.070113 gtex__putamen_basal_ganglia__M006
gtex__spinal_cord_cervical_c...1        SET   10306     0.030234     0.014904     0.014083     0.015912 gtex__spinal_cord_cervical_c_1__M000
gtex__spinal_cord_cervical_c...5        SET     288     -0.06486    -0.008217     0.053306      0.88814 gtex__spinal_cord_cervical_c_1__M004
gtex__spinal_cord_cervical_c...4        SET     542    -0.045723   -0.0078882     0.040558      0.87019 gtex__spinal_cord_cervical_c_1__M003
gtex__spinal_cord_cervical_c...2        SET    1096     0.043889     0.010592     0.028131      0.05937 gtex__spinal_cord_cervical_c_1__M001
gtex__spinal_cord_cervical_c...6        SET     128      0.03601    0.0030554     0.082525      0.33129 gtex__spinal_cord_cervical_c_1__M005
gtex__spinal_cord_cervical_c...3        SET     936    -0.032784   -0.0073466     0.029902      0.86354 gtex__spinal_cord_cervical_c_1__M002
gtex__spinal_cord_cervical_c...7        SET     130      0.12037     0.010292     0.073953     0.051813 gtex__spinal_cord_cervical_c_1__M006
gtex__spinal_cord_cervical_c...8        SET      53     -0.25607    -0.014011      0.12369      0.98078 gtex__spinal_cord_cervical_c_1__M007
gtex__substantia_nigra__M002            SET     657    -0.070731     -0.01339     0.036833      0.97258 gtex__substantia_nigra__M002
gtex__substantia_nigra__M000            SET    9372     0.022154     0.011056     0.013569     0.051277 gtex__substantia_nigra__M000
gtex__substantia_nigra__M001            SET    2603     0.035743     0.012674     0.018485     0.026587 gtex__substantia_nigra__M001
gtex__substantia_nigra__M005            SET     123    0.0019659   0.00016354     0.081346      0.49036 gtex__substantia_nigra__M005
gtex__substantia_nigra__M003            SET     477    -0.093283    -0.015126     0.041146       0.9883 gtex__substantia_nigra__M003
gtex__substantia_nigra__M006            SET     130    -0.068632   -0.0058683     0.083584       0.7942 gtex__substantia_nigra__M006
gtex__substantia_nigra__M004            SET      79    0.0082365   0.00054979     0.097951      0.46649 gtex__substantia_nigra__M004
brainseq__caudate__M003                 SET    1466   -0.0091348   -0.0025209     0.023176      0.65326 brainseq__caudate__M003
brainseq__caudate__M001                 SET    2064     0.045492     0.014618     0.019541    0.0099606 brainseq__caudate__M001
brainseq__caudate__M005                 SET     833     -0.01468   -0.0031128      0.03116      0.68121 brainseq__caudate__M005
brainseq__caudate__M010                 SET     296    -0.093777    -0.012042     0.052363      0.96334 brainseq__caudate__M010
brainseq__caudate__M000                 SET    1956    -0.001712   -0.0005374     0.019883      0.53431 brainseq__caudate__M000
brainseq__caudate__M007                 SET     362     -0.08356    -0.011843     0.046122      0.96498 brainseq__caudate__M007
brainseq__caudate__M009                 SET     328     0.039537    0.0053393     0.047076       0.2005 brainseq__caudate__M009
brainseq__caudate__M004                 SET    1088     0.038361    0.0092258     0.026942     0.077255 brainseq__caudate__M004
brainseq__caudate__M017                 SET      95     0.002787   0.00020391     0.074295      0.48504 brainseq__caudate__M017
brainseq__caudate__M014                 SET     119    -0.050195   -0.0041075     0.077046      0.74263 brainseq__caudate__M014
brainseq__caudate__M002                 SET    1643     0.056385     0.016383     0.023317    0.0078054 brainseq__caudate__M002
brainseq__caudate__M006                 SET     479     0.046173    0.0075024     0.039833       0.1232 brainseq__caudate__M006
brainseq__caudate__M013                 SET     202     0.052033    0.0055344     0.065179      0.21235 brainseq__caudate__M013
brainseq__caudate__M020                 SET      68    -0.040751   -0.0025245     0.095127      0.66581 brainseq__caudate__M020
brainseq__caudate__M012                 SET     236    -0.027609    -0.003171     0.059055      0.67993 brainseq__caudate__M012
brainseq__caudate__M011                 SET     282    0.0076408   0.00095804     0.046545       0.4348 brainseq__caudate__M011
brainseq__caudate__M008                 SET     302   -0.0095529   -0.0012388     0.051258      0.57392 brainseq__caudate__M008
brainseq__caudate__M019                 SET      39     -0.33814    -0.015877      0.13222      0.99472 brainseq__caudate__M019
brainseq__caudate__M018                 SET      66      0.34081     0.020801     0.096548   0.00020839 brainseq__caudate__M018
brainseq__caudate__M016                 SET     100     0.099413    0.0074614     0.087881      0.12899 brainseq__caudate__M016
brainseq__caudate__M015                 SET      97    -0.028753   -0.0021256     0.084818      0.63269 brainseq__caudate__M015
brainseq__caudate__M022                 SET      33      0.10848    0.0046863      0.13529      0.21132 brainseq__caudate__M022
brainseq__caudate__M021                 SET      37     -0.13907   -0.0063604      0.14434      0.83233 brainseq__caudate__M021
brainseq__hippocampus__M001             SET    1890    -0.055516    -0.017166     0.021507      0.99507 brainseq__hippocampus__M001
brainseq__hippocampus__M000             SET    9221     0.040429     0.020195     0.013595    0.0014727 brainseq__hippocampus__M000
brainseq__hippocampus__M004             SET     432     0.049745    0.0076864     0.045597      0.13765 brainseq__hippocampus__M004
brainseq__hippocampus__M002             SET     597     -0.01326   -0.0023971     0.036442      0.64202 brainseq__hippocampus__M002
brainseq__hippocampus__M005             SET     324    -0.055414   -0.0074385      0.05049      0.86379 brainseq__hippocampus__M005
brainseq__hippocampus__M007             SET     164    -0.012357   -0.0011856     0.072607      0.56757 brainseq__hippocampus__M007
brainseq__hippocampus__M003             SET     557    0.0084569    0.0014784     0.041233      0.41875 brainseq__hippocampus__M003
brainseq__hippocampus__M006             SET     163     0.055201      0.00528     0.077366      0.23777 brainseq__hippocampus__M006
brainseq__hippocampus__M008             SET      95     0.059975    0.0043881      0.10136      0.27704 brainseq__hippocampus__M008
brainseq__dlpfc__M010                   SET     416     -0.12302    -0.018663     0.045397      0.99663 brainseq__dlpfc__M010
brainseq__dlpfc__M009                   SET     565      0.03618    0.0063686     0.036965      0.16386 brainseq__dlpfc__M009
brainseq__dlpfc__M003                   SET    1645     0.021671    0.0062998     0.022366       0.1663 brainseq__dlpfc__M003
brainseq__dlpfc__M006                   SET     590    -0.014089   -0.0025325      0.03501      0.65632 brainseq__dlpfc__M006
brainseq__dlpfc__M014                   SET     279    -0.039998   -0.0049888     0.055022      0.76637 brainseq__dlpfc__M014
brainseq__dlpfc__M021                   SET      84     -0.10744   -0.0073941      0.10581      0.84504 brainseq__dlpfc__M021
brainseq__dlpfc__M002                   SET    1346    -0.017648   -0.0046841     0.024943      0.76038 brainseq__dlpfc__M002
brainseq__dlpfc__M008                   SET     667     0.025549    0.0048719     0.031184      0.20631 brainseq__dlpfc__M008
brainseq__dlpfc__M007                   SET     611    0.0035256   0.00064449     0.033487      0.45808 brainseq__dlpfc__M007
brainseq__dlpfc__M001                   SET     665     0.044861     0.008542     0.034834      0.09891 brainseq__dlpfc__M001
brainseq__dlpfc__M017                   SET     174     0.067498    0.0066685     0.055802      0.11322 brainseq__dlpfc__M017
brainseq__dlpfc__M011                   SET     342     -0.11197    -0.015435     0.049026      0.98881 brainseq__dlpfc__M011
brainseq__dlpfc__M004                   SET    1007     0.019261    0.0044674      0.03074      0.26547 brainseq__dlpfc__M004
brainseq__dlpfc__M000                   SET    1769     0.025043    0.0075203     0.022046        0.128 brainseq__dlpfc__M000
brainseq__dlpfc__M005                   SET    1040     0.055236     0.013007     0.026446     0.018377 brainseq__dlpfc__M005
brainseq__dlpfc__M013                   SET     322    -0.025376    -0.003396     0.043793      0.71885 brainseq__dlpfc__M013
brainseq__dlpfc__M012                   SET     345    -0.016809    -0.002327     0.046965      0.63979 brainseq__dlpfc__M012
brainseq__dlpfc__M016                   SET     187    -0.031841     -0.00326     0.063953      0.69071 brainseq__dlpfc__M016
brainseq__dlpfc__M020                   SET      78      0.07642    0.0050688     0.089129      0.19562 brainseq__dlpfc__M020
brainseq__dlpfc__M015                   SET     261    -0.076742   -0.0092627     0.051384      0.93234 brainseq__dlpfc__M015
brainseq__dlpfc__M018                   SET     165     0.045282    0.0043575      0.06615      0.24683 brainseq__dlpfc__M018
brainseq__dlpfc__M019                   SET     102      0.17447     0.013224     0.078918     0.013534 brainseq__dlpfc__M019
brainseq__dlpfc__M023                   SET      36      0.10378    0.0046819      0.16174      0.26056 brainseq__dlpfc__M023
brainseq__dlpfc__M022                   SET       3     0.061529   0.00080208      0.48104      0.44911 brainseq__dlpfc__M022
brainseq__caudate_sczd__M009            SET     357    -0.015294   -0.0021529     0.047376      0.62658 brainseq__caudate_sczd__M009
brainseq__caudate_sczd__M008            SET     360     0.026621    0.0037629     0.045442        0.279 brainseq__caudate_sczd__M008
brainseq__caudate_sczd__M003            SET    1134    -0.049711    -0.012189     0.026361      0.97033 brainseq__caudate_sczd__M003
brainseq__caudate_sczd__M006            SET     429      0.04032     0.006209     0.040188      0.15787 brainseq__caudate_sczd__M006
brainseq__caudate_sczd__M018            SET     161     0.026683    0.0025367     0.072907      0.35719 brainseq__caudate_sczd__M018
brainseq__caudate_sczd__M002            SET    1946     0.043163     0.013519     0.020097     0.015876 brainseq__caudate_sczd__M002
brainseq__caudate_sczd__M000            SET    2031     0.010946    0.0034927     0.019652      0.28878 brainseq__caudate_sczd__M000
brainseq__caudate_sczd__M013            SET     324    -0.020851    -0.002799     0.043668      0.68349 brainseq__caudate_sczd__M013
brainseq__caudate_sczd__M001            SET    2210     0.067173     0.022231     0.020416   0.00050163 brainseq__caudate_sczd__M001
brainseq__caudate_sczd__M017            SET     169     0.088758    0.0086432     0.064311      0.08378 brainseq__caudate_sczd__M017
brainseq__caudate_sczd__M012            SET     280      -0.1141    -0.014256     0.053662      0.98325 brainseq__caudate_sczd__M012
brainseq__caudate_sczd__M005            SET     975    -0.011273   -0.0025753     0.028735      0.65258 brainseq__caudate_sczd__M005
brainseq__caudate_sczd__M007            SET     385    0.0053874   0.00078693     0.042915      0.45005 brainseq__caudate_sczd__M007
brainseq__caudate_sczd__M004            SET     582     0.076749     0.013705     0.035772     0.015963 brainseq__caudate_sczd__M004
brainseq__caudate_sczd__M019            SET     143     0.041153    0.0036891      0.07511      0.29188 brainseq__caudate_sczd__M019
brainseq__caudate_sczd__M011            SET     338     -0.12296    -0.016852     0.049283       0.9937 brainseq__caudate_sczd__M011
brainseq__caudate_sczd__M015            SET     188     -0.10361    -0.010636      0.06658      0.94016 brainseq__caudate_sczd__M015
brainseq__caudate_sczd__M020            SET     118    -0.057527   -0.0046878     0.073252      0.78386 brainseq__caudate_sczd__M020
brainseq__caudate_sczd__M014            SET     196    -0.003518  -0.00036865     0.057325      0.52447 brainseq__caudate_sczd__M014
brainseq__caudate_sczd__M010            SET     301    -0.046924   -0.0060752     0.050915      0.82163 brainseq__caudate_sczd__M010
brainseq__caudate_sczd__M022            SET      50  -0.00041706  -2.2166e-05      0.12222      0.50136 brainseq__caudate_sczd__M022
brainseq__caudate_sczd__M016            SET     189     0.025939    0.0026697     0.061803      0.33735 brainseq__caudate_sczd__M016
brainseq__caudate_sczd__M021            SET      81     0.017911    0.0012105     0.098885      0.42814 brainseq__caudate_sczd__M021
brainseq__caudate_sczd__M023            SET       4      0.17068    0.0025691      0.39078      0.33114 brainseq__caudate_sczd__M023
