Welcome to MAGMA v1.10 (linux)
Using flags:
	--gene-results /ocean/projects/bio260021p/kbenjamin/projects/isograph-brain-aging-benchmarking/05_genetic_anchoring/_m/gwas/gene_analysis/als_noMHC.genes.raw
	--set-annot /ocean/projects/bio260021p/kbenjamin/projects/isograph-brain-aging-benchmarking/05_genetic_anchoring/_m/gwas/gene_sets/wgcna_gene_gene_sets.txt
	--out /ocean/projects/bio260021p/kbenjamin/projects/isograph-brain-aging-benchmarking/05_genetic_anchoring/_m/gwas/results/als_noMHC_wgcna_gene

Start time is 21:13:34, Tuesday 15 Sep 2026

Reading file /ocean/projects/bio260021p/kbenjamin/projects/isograph-brain-aging-benchmarking/05_genetic_anchoring/_m/gwas/gene_analysis/als_noMHC.genes.raw... 
	17652 genes read from file
Loading gene-set annotation...
Reading file /ocean/projects/bio260021p/kbenjamin/projects/isograph-brain-aging-benchmarking/05_genetic_anchoring/_m/gwas/gene_sets/wgcna_gene_gene_sets.txt... 
	WARNING: gene set gtex__cerebellum__M011 contains no genes defined in genotype data
	WARNING: gene set gtex__cortex__M011 contains no genes defined in genotype data
	WARNING: gene set gtex__hypothalamus__M006 contains no genes defined in genotype data
	181 gene-set definitions read from file
	found 178 gene sets containing genes defined in genotype data (containing a total of 14773 unique genes)
Preparing variables for analysis...
	truncating Z-scores 3 points below zero or 6 standard deviations above the mean
	WARNING: discarding gene set 'gtex__cerebellar_hemisphere__M011' from file /ocean/projects/bio260021p/kbenjamin/projects/isograph-brain-aging-benchmarking/05_genetic_anchoring/_m/gwas/gene_sets/wgcna_gene_gene_sets.txt, variance is too low (set contains only one gene used in analysis)
	WARNING: discarding gene set 'gtex__nucleus_accumbens_basal_ganglia__M007' from file /ocean/projects/bio260021p/kbenjamin/projects/isograph-brain-aging-benchmarking/05_genetic_anchoring/_m/gwas/gene_sets/wgcna_gene_gene_sets.txt, variance is too low (set contains only one gene used in analysis)
	truncating covariate values more than 5 standard deviations from the mean
	total variables available for analysis: 176 gene sets

Parsing model specifications...
Inverting gene-gene correlation matrix...
Performing regression analysis...
	testing direction: one-sided, positive (sets), two-sided (covar)
	conditioning on internal variables:
		gene size, log(gene size)
		gene density, log(gene density)
		inverse mac, log(inverse mac)
	analysing individual variables

	analysing single-variable models (number of models: 176)
	writing results to file /ocean/projects/bio260021p/kbenjamin/projects/isograph-brain-aging-benchmarking/05_genetic_anchoring/_m/gwas/results/als_noMHC_wgcna_gene.gsa.out
	writing gene information to file /ocean/projects/bio260021p/kbenjamin/projects/isograph-brain-aging-benchmarking/05_genetic_anchoring/_m/gwas/results/als_noMHC_wgcna_gene.gsa.genes.out
	writing gene analysis results per significant result (after multiple testing correction, at alpha = 0.05) to file /ocean/projects/bio260021p/kbenjamin/projects/isograph-brain-aging-benchmarking/05_genetic_anchoring/_m/gwas/results/als_noMHC_wgcna_gene.gsa.sets.genes.out

End time is 21:13:46, Tuesday 15 Sep 2026 (elapsed: 00:00:12)
