# ALPHA = 0.05
# NUMBER_OF_TESTS = 444

# _SET1_  VARIABLE = gtex__anterior_cingulate_cortex_ba24__M005 (set)
# _SET1_  NGENES = 231
# _SET1_  P-VALUE = 9.32604e-05
_SET1_   GENE        CHR      START       STOP  NSNPS  NPARAM       N        ZSTAT            P  ZFITTED_BASE  ZRESID_BASE
_SET1_   8764          1    2487291    2495268     20       5  138086       2.0808     0.011651             0       2.0808
_SET1_   11315         1    8021714    8045342     74      16  138086       0.8673      0.13544             0       0.8673
_SET1_   113444        1   35315963   35325417     27      10  138086     0.069046      0.38539   -4.1633e-17     0.069046
_SET1_   54933         1   39350614   39407456    228      37  138086       1.1487     0.080493             0       1.1487
_SET1_   2060          1   51819935   51985026    560      22  138086      0.23087      0.31124   -2.7756e-17      0.23087
_SET1_   54432         1   54317392   54355487    132      14  138086      -1.3297      0.86248             0      -1.3297
_SET1_   22823         1   93544792   93604638    129      21  138086      -0.1588      0.47149   -2.7756e-17      -0.1588
_SET1_   2947          1  110276554  110283660     18       6  138086      -1.0939      0.81527             0      -1.0939
_SET1_   7812          1  115259534  115300671    114      24  138086     -0.71279      0.68408             0     -0.71279
_SET1_   54834         1  118406107  118472302    217      20  138086      0.31171       0.2973   -5.5511e-17      0.31171
_SET1_   51177         1  150122170  150131825     23       4  138086      0.90372      0.14711             0      0.90372
_SET1_   9869          1  150898815  150937389     92      20  138086      0.13669      0.35493   -2.7756e-17      0.13669
_SET1_   5298          1  151264273  151300191     68      13  138086      -1.0089      0.78703             0      -1.0089
_SET1_   55249         1  155629233  155658823     24       7  138086       1.0937     0.099546             0       1.0937
_SET1_   3428          1  158979682  159024945    230      18  138086     -0.16676       0.4726   -2.7756e-17     -0.16676
_SET1_   9910          1  174128552  174964445   1978      33  138086      -1.0274       0.7101             0      -1.0274
_SET1_   55103         1  178694300  178890975    518      31  138086     0.053139      0.37117   -3.4694e-17     0.053139
_SET1_   23127         1  183898988  184006904    451      53  138086      0.37782       0.2609   -5.5511e-17      0.37782
_SET1_   23271         1  200708686  200829832    341      36  138086      0.71562       0.1661             0      0.71562
_SET1_   134           1  203096833  203136533    147      31  138086       1.4022     0.049825             0       1.4022
_SET1_   2104          1  216676588  217311097   2745     210  138086      0.15933      0.29537   -2.7756e-17      0.15933
_SET1_   4931          1  224415036  224517891    305      36  138086       2.1197    0.0092464             0       2.1197
_SET1_   27185         1  231762561  232177018   1544     155  138086       0.1572      0.34787   -2.7756e-17       0.1572
_SET1_   1876          2   11584501   11606303     65       6  138086      0.34944      0.30018   -5.5511e-17      0.34944
_SET1_   1653          2   15731745   15771235    132      15  138086     -0.44771      0.58464   -5.5511e-17     -0.44771
_SET1_   9167          2   42577640   42596150     38      12  138086       1.8193     0.020587             0       1.8193
_SET1_   2956          2   48010221   48034092    103      22  138086       1.9355     0.014906             0       1.9355
_SET1_   27248         2   54014068   54045956     94      21  138086       1.7314     0.024559             0       1.7314
_SET1_   6233          2   55459039   55462989     20      10  138086        1.633      0.03349             0        1.633
_SET1_   2202          2   56093097   56151298    261      35  138086     -0.16314       0.4669   -2.7756e-17     -0.16314
_SET1_   64895         2   60983365   61029221    128      22  138086     0.095786       0.3674   -4.1633e-17     0.095786
_SET1_   7514          2   61705069   61765440    154      26  138086       1.0287      0.10112             0       1.0287
_SET1_   390           2  151324707  151344209     34      11  138086      -2.0416      0.96607             0      -2.0416
_SET1_   8502          2  159313476  159537941    879      34  138086      0.54613      0.19025             0      0.54613
_SET1_   1386          2  175936978  176032934    251      23  138086    -0.080191      0.43762   -4.1633e-17    -0.080191
_SET1_   518           2  176040986  176046490     23       6  138086     -0.39742      0.58912   -5.5511e-17     -0.39742
_SET1_   547           2  241653181  241759725    341      44  138086      0.74265      0.15743             0      0.74265
_SET1_   7428          3   10183319   10195354     47       9  138086       1.1606     0.086045             0       1.1606
_SET1_   9497          3   27414212   27525911    476      32  138086     -0.64622       0.6442             0     -0.64622
_SET1_   2720          3   33038100   33138694    460      45  138086       1.1315      0.08109             0       1.1315
_SET1_   3921          3   39448204   39454033     29       4  138086       2.5251    0.0034623             0       2.5251
_SET1_   55129         3   43407818   43663560    653      45  138086      0.23062      0.30119   -2.7756e-17      0.23062
_SET1_   8994          3   45636323   45722755    398      30  138086     -0.51255       0.5978             0     -0.51255
_SET1_   25915         3   49057908   49060928      3       2  138086      0.64674      0.22827             0      0.64674
_SET1_   6159          3   52027644   52029958      2       1  138086       0.7075       0.2255             0       0.7075
_SET1_   285331        3   56591184   56655864    291      23  138086      0.30399      0.28779   -5.5511e-17      0.30399
_SET1_   54762         3  113557671  113666021    308      46  138086     -0.82942      0.71606             0     -0.82942
_SET1_   66000         3  132757171  133116619   1401      67  138086     -0.94177      0.71544             0     -0.94177
_SET1_   25852         3  137906115  138017231    137      30  138086     -0.60508      0.64343             0     -0.60508
_SET1_   9276          3  139076433  139108522     99      17  138086     -0.60791       0.6446             0     -0.60791
_SET1_   256356        3  141876369  141944449    182      34  138086      0.48283      0.23164   -5.5511e-17      0.48283
_SET1_   7095          3  169684580  169716161     75      10  138086      -0.1333      0.47304   -2.7756e-17      -0.1333
_SET1_   4976          3  193310933  193415600    372      24  138086      -1.0161      0.77189             0      -1.0161
_SET1_   9711          3  197398259  197476568    196      14  138086        1.308     0.064174             0        1.308
_SET1_   7884          4    1694527    1714421     45       9  138086       1.1542     0.085686             0       1.1542
_SET1_   29063         4   25314396   25374190    234      33  138086     -0.44763       0.5784   -5.5511e-17     -0.44763
_SET1_   132789        4   44694190   44728651    122      18  138086     -0.48203      0.59607   -5.5511e-17     -0.48203
_SET1_   6731          4   57333370   57369847     99      10  138086     -0.14673      0.47371   -2.7756e-17     -0.14673
_SET1_   7323          4  103715540  103790050    285      19  138086      -0.3968       0.5557   -5.5511e-17      -0.3968
_SET1_   79807         4  106629935  106768882    381      17  138086  -0.00074168      0.40425    -3.708e-17  -0.00074168
_SET1_   6164          4  109541722  109551640     23       8  138086       0.2957      0.31008   -5.5511e-17       0.2957
_SET1_   90826         4  148558936  148605381     92      15  138086      0.67636      0.19494             0      0.67636
_SET1_   56034         4  157682763  157892546    508      37  138086       0.1973      0.31959   -2.7756e-17       0.1973
_SET1_   1601          5   39371776   39425335    232      31  138086      0.36548      0.27148   -5.5511e-17      0.36548
_SET1_   54622         5   53180578   53606403   1844     119  138086      0.25107      0.27684   -5.5511e-17      0.25107
_SET1_   153129        5   54921673   55008163    492      12  138086      0.46896      0.23107   -5.5511e-17      0.46896
_SET1_   51194         5   61699522   61924416    535      30  138086       1.7845      0.01908             0       1.7845
_SET1_   100506658     5   68788119   68853931     42       9  138086      0.55195      0.22626             0      0.55195
_SET1_   3842          5   72112418   72210215    167      18  138086     -0.87367      0.73633             0     -0.87367
_SET1_   84135         5   72861568   72878984     43       6  138086      0.38683      0.28075   -5.5511e-17      0.38683
_SET1_   153396        5   87485450   87564665    167      27  138086      0.44825      0.24414   -5.5511e-17      0.44825
_SET1_   153241        5  122680579  122759286    284      18  138086      0.75397      0.15537             0      0.75397
_SET1_   501           5  125877533  125931104    191      34  138086       1.3633     0.053304             0       1.3633
_SET1_   7322          5  138940751  139008019    154      19  138086      0.48593      0.24149   -5.5511e-17      0.48593
_SET1_   9604          5  141346402  141369856     80      12  138086      -1.8958      0.95357             0      -1.8958
_SET1_   1452          5  148873896  148931115    147      32  138086        1.075     0.095216             0        1.075
_SET1_   10318         5  150409504  150467221    283      45  138086       5.1578   3.2898e-08             0       5.1578
_SET1_   54908         5  169010638  169031782     79      12  138086     -0.16687      0.48142   -2.7756e-17     -0.16687
_SET1_   57222         5  172261223  172379688    459      76  138086       4.2059   4.4821e-06             0       4.2059
_SET1_   54438         6   13363587   13487869    305      27  138086      -1.6278      0.91297             0      -1.6278
_SET1_   29116         6   16129277   16148479     54      17  138086      0.27401      0.30785   -5.5511e-17      0.27401
_SET1_   114781        6   38136227   38608202   1705     117  138086      0.16457      0.31216   -2.7756e-17      0.16457
_SET1_   22858         6   52866097   52926676    113      25  138086    0.0066789      0.40814   -3.7297e-17    0.0066789
_SET1_   79694         6   96025373   96057333    119      13  138086      0.26641      0.30811   -5.5511e-17      0.26641
_SET1_   51250         6  107349407  107372546     45       7  138086     -0.43891       0.5961   -5.5511e-17     -0.43891
_SET1_   27244         6  109307640  109415708    210      12  138086     -0.27035      0.52044   -5.5511e-17     -0.27035
_SET1_   3066          6  114257320  114292359     87      20  138086      0.24076      0.31648   -2.7756e-17      0.24076
_SET1_   135112        6  126102307  126253176    374      40  138086     -0.24331      0.49101   -2.7756e-17     -0.24331
_SET1_   3097          6  143072604  143267495    605      73  138086     -0.25965      0.50067   -5.5511e-17     -0.25965
_SET1_   6950          6  160199530  160212135     56      11  138086      0.22133      0.33034   -2.7756e-17      0.22133
_SET1_   11116         6  167412805  167458064    267      12  138086       1.5773     0.035512             0       1.5773
_SET1_   7559          7    6728064    6746566     41      10  138086       1.0532      0.10516             0       1.0532
_SET1_   11335         7   26240831   26253227     43      13  138086      -1.7599       0.9416             0      -1.7599
_SET1_   7697          7   64254766   64314178    240      19  138086     0.040958      0.38364   -3.4694e-17     0.040958
_SET1_   7784          7   76026841   76071388    195      28  138086      0.91229      0.12194             0      0.91229
_SET1_   55610         7   92861653   92990435    207      37  138086      0.35253      0.27645   -5.5511e-17      0.35253
_SET1_   221785        7   99214571   99275204    106      18  138086     -0.32825      0.55218   -5.5511e-17     -0.32825
_SET1_   352954        7   99798276   99869855    192      27  138086       1.7829     0.021178             0       1.7829
_SET1_   51593         7  100472701  100486285     43      12  138086     -0.59075      0.64303             0     -0.59075
_SET1_   168850        7  127010097  127032778     80      12  138086     -0.44901      0.58849   -5.5511e-17     -0.44901
_SET1_   4232          7  130126016  130146138     50      13  138086     -0.56841      0.63495             0     -0.56841
_SET1_   29062         7  134868590  134896316    126      13  138086      0.68596       0.1809             0      0.68596
_SET1_   155435        7  155437188  155574179    310       9  138086      0.51856      0.22915             0      0.51856
_SET1_   57509         8   17501303   17658729   1181      90  138086       0.1967      0.30919   -2.7756e-17       0.1967
_SET1_   137970        8   35092975   35654068    918      45  138086      0.91543      0.10614             0      0.91543
_SET1_   25960         8   37654401   37701504    104      31  138086     -0.63914      0.65548             0     -0.63914
_SET1_   23514         8   48173489   48648563    393      30  138086      0.77846      0.14755             0      0.77846
_SET1_   54332         8   75262618   75279345     91      17  138086       2.0024     0.012568             0       2.0024
_SET1_   619279        8   81540686   81787016    569      37  138086     -0.52809      0.60303             0     -0.52809
_SET1_   169200        8   91634223   91658133     92      14  138086     -0.47161      0.59942   -5.5511e-17     -0.47161
_SET1_   28998         8  121408083  121457647    101      18  138086      0.72874      0.16961             0      0.72874
_SET1_   22827         8  144898514  144911556     20       4  138086    -0.013347      0.44111   -3.6429e-17    -0.013347
_SET1_   414919        8  145751599  145754485      4       2  138086      0.08057      0.41277   -4.1633e-17      0.08057
_SET1_   29126         9    5450503    5470567     88      18  138086      -1.2277      0.83858             0      -1.2277
_SET1_   10020         9   36214438   36277053    244      36  138086      0.66572      0.18053             0      0.66572
_SET1_   257019        9   85857905   86153348   1456     110  138086    -0.053752      0.39876   -3.4694e-17    -0.053752
_SET1_   1514          9   90340974   90346384     20       7  138086     -0.32089      0.55376   -5.5511e-17     -0.32089
_SET1_   8013          9  102584137  102629173     68      21  138086        1.527     0.038877             0        1.527
_SET1_   23245         9  119187504  120177317   4366     223  138086      0.04113      0.33195   -3.4694e-17      0.04113
_SET1_   169611        9  127539435  127577161     24       4  138086      0.77114      0.17101             0      0.77114
_SET1_   883           9  131595392  131644354    128      16  138086    -0.013504      0.41969   -3.6429e-17    -0.013504
_SET1_   23404         9  133569158  133580452     27      13  138086      0.96428      0.12091             0      0.96428
_SET1_   51322        10   28821355   28912041    193      23  138086      0.50388      0.22399             0      0.50388
_SET1_   8505         10   51026325   51371346     70       7  138086      0.95778      0.12373             0      0.95778
_SET1_   3098         10   71029740   71161638    570      77  138086      -0.3542      0.54302   -5.5511e-17      -0.3542
_SET1_   119504       10   73975758   73995618     46       7  138086       2.7264    0.0018611             0       2.7264
_SET1_   142891       10   76871275   76941881    150      18  138086      0.16908      0.34163   -2.7756e-17      0.16908
_SET1_   657          10   88516396   88684945    525      34  138086     -0.29277      0.50488   -5.5511e-17     -0.29277
_SET1_   24138        10   91174031   91180759     40      15  138086      0.58131      0.20995             0      0.58131
_SET1_   54536        10   94590887   94819251    722      40  138086     -0.74202      0.66935             0     -0.74202
_SET1_   259217       10  118430703  118609693    555      56  138086      0.35914       0.2613   -5.5511e-17      0.35914
_SET1_   6786         11    3876933    4114440    742      37  138086       0.5604      0.19112             0       0.5604
_SET1_   56674        11    8968840    8986553     68      13  138086      0.58174      0.20942             0      0.58174
_SET1_   23258        11    9160372    9286882    380      31  138086        2.082     0.009357             0        2.082
_SET1_   1982         11   10818593   10830582     31       9  138086      0.20871      0.33748   -2.7756e-17      0.20871
_SET1_   55031        11   11862970   11980872    364      37  138086        1.518     0.037707             0        1.518
_SET1_   22800        11   14299466   14386052    169      50  138086       -2.275      0.97973             0       -2.275
_SET1_   120227       11   14899551   14913874     19       9  138086     -0.64215      0.66801             0     -0.64215
_SET1_   23193        11   62392298   62414198     29      11  138086       -1.318      0.86587             0       -1.318
_SET1_   11145        11   63341934   63381941     40      12  138086       1.1527     0.084412             0       1.1527
_SET1_   51504        11   64084163   64085455      4       2  138086       -1.096      0.83247             0       -1.096
_SET1_   154810       11   94439602   94609918    423      33  138086     -0.29589       0.5141   -5.5511e-17     -0.29589
_SET1_   8898         11   95566044   95657371    302      28  138086      -1.2513      0.83942             0      -1.2513
_SET1_   5805         11  112097088  112104696     25       9  138086     -0.63294      0.67031             0     -0.63294
_SET1_   57476        11  123325191  123498478    846     100  138086       1.0151      0.10439             0       1.0151
_SET1_   3703         11  125462690  125492654    153      13  138086      0.60736      0.20262             0      0.60736
_SET1_   83857        12   29653746   29937692   1356     103  138086     0.085506      0.34689   -4.1633e-17     0.085506
_SET1_   29951        12   41582250   41968392   1820      67  138086      0.54464       0.1658             0      0.54464
_SET1_   10956        12   58087738   58115340     84      15  138086        2.127    0.0094125             0        2.127
_SET1_   57122        12   69080731   69136473    163      27  138086      0.24393      0.31267   -2.7756e-17      0.24393
_SET1_   10818        12   69864129   69973573    387      33  138086     -0.73629      0.67963             0     -0.73629
_SET1_   4659         12   80167343   80329235    186       8  138086       1.2225     0.079153             0       1.2225
_SET1_   8499         12   81652045   82153109   1539      83  138086       0.3476       0.2401   -5.5511e-17       0.3476
_SET1_   4254         12   88886570   88974250    208      14  138086       0.7276       0.1705             0       0.7276
_SET1_   51347        12  118587606  118810750    537      28  138086      -2.4423      0.98463             0      -2.4423
_SET1_   144348       12  124457699  124499986    122      21  138086     -0.87464      0.73746             0     -0.87464
_SET1_   121256       12  129556271  130388212   3561     318  138086      0.35795      0.21636   -5.5511e-17      0.35795
_SET1_   80209        13   39584002   39612213     81      12  138086     -0.65072      0.67065             0     -0.65072
_SET1_   81617        13   49882786   50018221    574      57  138086       1.2756     0.060018             0       1.2756
_SET1_   26512        13   51927678   52027275    347      25  138086      -1.9644      0.95739             0      -1.9644
_SET1_   3981         13  108859790  108870716     14       5  138086     -0.38185      0.58335   -5.5511e-17     -0.38185
_SET1_   23256        14   31091460   31205034    291      23  138086       6.6292   1.7131e-14             0       6.6292
_SET1_   64067        14   33404115   34273382   3289     303  138086      0.27551      0.24299   -5.5511e-17      0.27551
_SET1_   122830       14   57857271   57879466     22       5  138086     -0.45741      0.61785   -5.5511e-17     -0.45741
_SET1_   64430        14   60558545   60601532    128      10  138086     -0.60836      0.65954             0     -0.60836
_SET1_   1965         14   67827034   67853233     75      13  138086     -0.55655      0.64071             0     -0.55655
_SET1_   9369         14   78636716   80334633   5785     284  138086       1.4645     0.030773             0       1.4645
_SET1_   23768        14   85996411   86095040    413      53  138086     -0.38341      0.54873   -5.5511e-17     -0.38341
_SET1_   6638         15   25068794   25223730    560      86  138086     -0.36305      0.54937   -5.5511e-17     -0.36305
_SET1_   6727         15   40327891   40331389     13       5  138086      0.13778      0.37507   -2.7756e-17      0.13778
_SET1_   146050       15   43650370   43663226     26       5  138086      0.15244      0.37241   -2.7756e-17      0.15244
_SET1_   5597         15   52296377   52358462    175      16  138086       1.2251     0.076131             0       1.2251
_SET1_   83660        15   62682769   63136830   1523     145  138086      0.83299      0.13983             0      0.83299
_SET1_   9960         15   63796710   63886839    321      28  138086       1.4461     0.044194             0       1.4461
_SET1_   10302        15   66782666   66790146     21      10  138086      0.81581      0.15503             0      0.81581
_SET1_   91860        15   68483043   68498448     31       9  138086     0.017818       0.4106   -3.8164e-17     0.017818
_SET1_   10573        16     417384     420584     19       6  138086       1.6107     0.036383             0       1.6107
_SET1_   9091         16     619968     634136     40       1  138086       1.3779     0.071657             0       1.3779
_SET1_   899          16    2479395    2508859     53       2  138086      0.61999      0.22706             0      0.61999
_SET1_   5170         16    2587965    2653191      5       2  138086       1.5916     0.042666             0       1.5916
_SET1_   51573        16   19513015   19533450     68      11  138086      0.61509      0.20377             0      0.61509
_SET1_   9810         16   30772933   30787628     16       7  138086       1.2988     0.069302             0       1.2988
_SET1_   5934         16   53468351   53525560    130      12  138086      0.33829      0.28397   -5.5511e-17      0.33829
_SET1_   80011        16   57186378   57220387     65      16  138086     -0.13674       0.4689   -2.7756e-17     -0.13674
_SET1_   9289         16   57653442   57698944    255      49  138086      0.99907      0.10611             0      0.99907
_SET1_   79650        16   58033450   58055527     48      10  138086     -0.46323      0.60126   -5.5511e-17     -0.46323
_SET1_   8883         16   66836781   66864880     72      17  138086        1.394     0.052336             0        1.394
_SET1_   10664        16   67596310   67673088    152      28  138086       1.3371     0.060274             0       1.3371
_SET1_   162239       16   75182392   75206132    106      11  138086       1.3329     0.061699             0       1.3329
_SET1_   124491       16   75477136   75498584    102      14  138086       1.0942     0.092428             0       1.0942
_SET1_   4927         17    5289346    5323400    175       7  138086       1.1805     0.081414             0       1.1805
_SET1_   51003        17    6546633    6555191     42       7  138086     -0.78832      0.72129             0     -0.78832
_SET1_   55731        17   27082996   27169857    191      20  138086       1.0487      0.09933             0       1.0487
_SET1_   7703         17   36890150   36906070     52      16  138086      0.52638      0.22341             0      0.52638
_SET1_   22794        17   38296507   38328431     47       8  138086      0.88197      0.14711             0      0.88197
_SET1_   54799        17   49254786   49337788    212      19  138086       1.2192     0.070434             0       1.2192
_SET1_   5573         17   66507921   66547457    118      21  138086     -0.97275        0.767             0     -0.97275
_SET1_   11314        17   72462509   72480937     86      17  138086       1.7599      0.02295             0       1.7599
_SET1_   23163        17   73232694   73258444     91      11  138086      0.99696      0.11596             0      0.99696
_SET1_   23265        17   74077086   74099868     61       5  138086       1.4508     0.050487             0       1.4508
_SET1_   57602        17   76783463   76836980    109      15  138086     -0.52252      0.61155             0     -0.52252
_SET1_   9984         18     214520     268059    102      14  138086      0.63049      0.19468             0      0.63049
_SET1_   7525         18     721592     812327    254      19  138086      0.58757      0.19979             0      0.58757
_SET1_   80816        18   31158541   31331159    516      40  138086       1.6909     0.023984             0       1.6909
_SET1_   10982        18   32556892   32723434    455      51  138086    -0.013791      0.40118   -3.6429e-17    -0.013791
_SET1_   57724        18   43427574   43547305    381      30  138086      0.84911      0.13352             0      0.84911
_SET1_   6925         18   52889562   53303252   1095      96  138086       1.1392     0.078985             0       1.1392
_SET1_   91039        19    4675239    4723855     82      15  138086      0.48892      0.23738   -5.5511e-17      0.48892
_SET1_   57693        19    9251056    9274091     89       8  138086      0.20007      0.34481   -2.7756e-17      0.20007
_SET1_   3609         19   10764937   10803095     76      14  138086      0.66483      0.18654             0      0.66483
_SET1_   7620         19   11998633   12025366     64       9  138086       1.3991     0.054348             0       1.3991
_SET1_   22847        19   32836514   32878573    105      21  138086       1.4536     0.045228             0       1.4536
_SET1_   147991       19   32896655   32976799    200      28  138086       1.3787     0.051685             0       1.3787
_SET1_   284406       19   36882861   36909550     61      11  138086      0.97274       0.1165             0      0.97274
_SET1_   84924        19   36936021   36980804    114      15  138086     -0.47814      0.59543   -5.5511e-17     -0.47814
_SET1_   10653        19   38755098   38783254    103      25  138086     -0.51973       0.6103             0     -0.51973
_SET1_   92609        19   39971052   39981528     37      12  138086      0.25125      0.31794   -5.5511e-17      0.25125
_SET1_   7772         19   44930423   44952766    117      21  138086     -0.26732      0.51052   -5.5511e-17     -0.26732
_SET1_   90338        19   53569181   53606690    186      30  138086         1.31     0.058942             0         1.31
_SET1_   6861         19   55682571   55691809     55       6  138086      0.79799      0.16841             0      0.79799
_SET1_   23236        20    8112912    8865547   2880     205  138086     -0.72864      0.63022             0     -0.72864
_SET1_   23613        20   45837994   45985485    208      33  138086      0.32007      0.28319   -5.5511e-17      0.32007
_SET1_   57169        20   47862437   47894756    126      16  138086      -1.2512      0.84562             0      -1.2512
_SET1_   23394        20   49505585   49547527    107      15  138086     0.022495      0.40349   -3.8164e-17     0.022495
_SET1_   10079        20   50213314   50384908    935      49  138086     0.092791      0.33521   -4.1633e-17     0.092791
_SET1_   9217         20   56964175   57026157    183      22  138086       1.6962     0.025958             0       1.6962
_SET1_   29761        21   17102327   17252377    234       9  138086     -0.69202      0.68644             0     -0.69202
_SET1_   9510         21   28208606   28217728      3       2  138086      -1.2913      0.88385             0      -1.2913
_SET1_   3454         21   34696748   34732129     91      19  138086     -0.66875      0.66586             0     -0.66875
_SET1_   7485         21   40752213   40769815     49       8  138086     -0.58063      0.64799             0     -0.58063
_SET1_   730005       22   30920629   30942669    105      15  138086     -0.79151      0.71479             0     -0.79151
