Welcome to MAGMA v1.10 (linux)
Using flags:
	--gene-results /ocean/projects/bio260021p/kbenjamin/projects/isograph-brain-aging-benchmarking/05_genetic_anchoring/_m/gwas/gene_analysis/als_noMHC.genes.raw
	--set-annot /ocean/projects/bio260021p/kbenjamin/projects/isograph-brain-aging-benchmarking/05_genetic_anchoring/_m/gwas/gene_sets/isograph_vae_res5_gene_sets.txt
	--out /ocean/projects/bio260021p/kbenjamin/projects/isograph-brain-aging-benchmarking/05_genetic_anchoring/_m/gwas/results/als_noMHC_isograph_vae_res5

Start time is 11:58:46, Thursday 17 Sep 2026

Reading file /ocean/projects/bio260021p/kbenjamin/projects/isograph-brain-aging-benchmarking/05_genetic_anchoring/_m/gwas/gene_analysis/als_noMHC.genes.raw... 
	17652 genes read from file
Loading gene-set annotation...
Reading file /ocean/projects/bio260021p/kbenjamin/projects/isograph-brain-aging-benchmarking/05_genetic_anchoring/_m/gwas/gene_sets/isograph_vae_res5_gene_sets.txt... 
	444 gene-set definitions read from file
	found 444 gene sets containing genes defined in genotype data (containing a total of 11972 unique genes)
Preparing variables for analysis...
	truncating Z-scores 3 points below zero or 6 standard deviations above the mean
	truncating covariate values more than 5 standard deviations from the mean
	total variables available for analysis: 444 gene sets

Parsing model specifications...
Inverting gene-gene correlation matrix...
Performing regression analysis...
	testing direction: one-sided, positive (sets), two-sided (covar)
	conditioning on internal variables:
		gene size, log(gene size)
		gene density, log(gene density)
		inverse mac, log(inverse mac)
	analysing individual variables

	analysing single-variable models (number of models: 444)
	writing results to file /ocean/projects/bio260021p/kbenjamin/projects/isograph-brain-aging-benchmarking/05_genetic_anchoring/_m/gwas/results/als_noMHC_isograph_vae_res5.gsa.out
	writing gene information to file /ocean/projects/bio260021p/kbenjamin/projects/isograph-brain-aging-benchmarking/05_genetic_anchoring/_m/gwas/results/als_noMHC_isograph_vae_res5.gsa.genes.out
	writing gene analysis results per significant result (after multiple testing correction, at alpha = 0.05) to file /ocean/projects/bio260021p/kbenjamin/projects/isograph-brain-aging-benchmarking/05_genetic_anchoring/_m/gwas/results/als_noMHC_isograph_vae_res5.gsa.sets.genes.out

End time is 11:59:00, Thursday 17 Sep 2026 (elapsed: 00:00:14)
