# TOTAL_GENES = 17652
# TEST_DIRECTION = one-sided, positive (set), two-sided (covar)
# CONDITIONED_INTERNAL = gene size, gene density, inverse mac, log(gene size), log(gene density), log(inverse mac)
VARIABLE                               TYPE  NGENES         BETA     BETA_STD           SE            P FULL_NAME
gtex__amygdala__M000                    SET    1106     0.065217     0.015805     0.026377     0.006713 gtex__amygdala__M000
gtex__amygdala__M001                    SET     906    0.0052199    0.0011519     0.029308      0.42932 gtex__amygdala__M001
gtex__amygdala__M002                    SET     390    0.0059486    0.0008744     0.040021      0.44092 gtex__amygdala__M002
gtex__amygdala__M003                    SET     364    -0.039803   -0.0056566     0.042087      0.82785 gtex__amygdala__M003
gtex__amygdala__M004                    SET     391     0.075474     0.011108     0.044061      0.04337 gtex__amygdala__M004
gtex__amygdala__M005                    SET     143      0.13376     0.011991     0.073389     0.034189 gtex__amygdala__M005
gtex__amygdala__M006                    SET     129      0.13304     0.011332     0.077741     0.043523 gtex__amygdala__M006
gtex__amygdala__M007                    SET     129     0.016351    0.0013927     0.066628      0.40307 gtex__amygdala__M007
gtex__amygdala__M008                    SET      96    -0.092128   -0.0067758     0.085178      0.86028 gtex__amygdala__M008
gtex__amygdala__M009                    SET      65    0.0028023   0.00016974     0.099335      0.48875 gtex__amygdala__M009
gtex__amygdala__M010                    SET      54      -0.1454   -0.0080297       0.1248      0.87798 gtex__amygdala__M010
gtex__amygdala__M011                    SET      64     0.074112    0.0044546      0.10784      0.24597 gtex__amygdala__M011
gtex__amygdala__M012                    SET      42     0.083185    0.0040529      0.12409      0.25132 gtex__amygdala__M012
gtex__amygdala__M013                    SET      40    0.0088968   0.00042304      0.12841      0.47238 gtex__amygdala__M013
gtex__amygdala__M014                    SET      35    -0.075376   -0.0033531      0.12692       0.7237 gtex__amygdala__M014
gtex__amygdala__M015                    SET      33     0.010357    0.0004474      0.14025      0.47057 gtex__amygdala__M015
gtex__amygdala__M016                    SET      29     0.070342    0.0028489      0.15184      0.32159 gtex__amygdala__M016
gtex__amygdala__M017                    SET      23     0.013154   0.00047454      0.19084      0.47252 gtex__amygdala__M017
gtex__amygdala__M018                    SET      22      0.20712    0.0073077      0.18907      0.13666 gtex__amygdala__M018
gtex__amygdala__M019                    SET      18     -0.27744   -0.0088551      0.19482      0.92277 gtex__amygdala__M019
gtex__amygdala__M020                    SET      19     -0.17574   -0.0057629      0.16979      0.84967 gtex__amygdala__M020
gtex__amygdala__M021                    SET      18     -0.14379   -0.0045893      0.20694      0.75641 gtex__amygdala__M021
gtex__amygdala__M022                    SET      16     0.063117    0.0018994      0.24033      0.39642 gtex__amygdala__M022
gtex__amygdala__M023                    SET      17    -0.079994   -0.0024813      0.19067      0.66259 gtex__amygdala__M023
gtex__anterior_cingulate_cor...1        SET    2192     0.036425     0.012013     0.019556      0.03127 gtex__anterior_cingulate_cortex_ba24__M000
gtex__anterior_cingulate_cor...2        SET     979     0.022646    0.0051832     0.027514      0.20524 gtex__anterior_cingulate_cortex_ba24__M001
gtex__anterior_cingulate_cor...3        SET     331     0.056284    0.0076348     0.050528      0.13267 gtex__anterior_cingulate_cortex_ba24__M002
gtex__anterior_cingulate_cor...4        SET     223    0.0098352    0.0010985     0.052721      0.42601 gtex__anterior_cingulate_cortex_ba24__M003
gtex__anterior_cingulate_cor...5        SET     220     0.017896    0.0019855     0.053582      0.36919 gtex__anterior_cingulate_cortex_ba24__M004
gtex__anterior_cingulate_cor...6        SET     231      0.21101     0.023981     0.056458    9.326e-05 gtex__anterior_cingulate_cortex_ba24__M005
gtex__anterior_cingulate_cor...7        SET     169     -0.00958   -0.0009329     0.068237      0.55582 gtex__anterior_cingulate_cortex_ba24__M006
gtex__anterior_cingulate_cor...8        SET     108    -0.084151   -0.0065623     0.078598      0.85783 gtex__anterior_cingulate_cortex_ba24__M007
gtex__anterior_cingulate_cor...9        SET     107     -0.10138   -0.0078692     0.088328      0.87446 gtex__anterior_cingulate_cortex_ba24__M008
gtex__anterior_cingulate_cor...10       SET      50    -0.018944   -0.0010068      0.12221      0.56159 gtex__anterior_cingulate_cortex_ba24__M009
gtex__anterior_cingulate_cor...11       SET      57     0.052782    0.0029946      0.10546      0.30836 gtex__anterior_cingulate_cortex_ba24__M010
gtex__anterior_cingulate_cor...12       SET      61    -0.068534    -0.004022      0.10225      0.74866 gtex__anterior_cingulate_cortex_ba24__M011
gtex__anterior_cingulate_cor...13       SET      54    -0.059637   -0.0032936       0.1095        0.707 gtex__anterior_cingulate_cortex_ba24__M012
gtex__anterior_cingulate_cor...14       SET      37      0.10622    0.0048581      0.14459      0.23129 gtex__anterior_cingulate_cortex_ba24__M013
gtex__anterior_cingulate_cor...15       SET      42     -0.02287   -0.0011143      0.13508      0.56722 gtex__anterior_cingulate_cortex_ba24__M014
gtex__anterior_cingulate_cor...16       SET      37     0.095177     0.004353      0.12761      0.22789 gtex__anterior_cingulate_cortex_ba24__M015
gtex__anterior_cingulate_cor...17       SET      31      0.24127     0.010102      0.14941     0.053185 gtex__anterior_cingulate_cortex_ba24__M016
gtex__anterior_cingulate_cor...18       SET      27    -0.072213   -0.0028221      0.14575      0.68986 gtex__anterior_cingulate_cortex_ba24__M017
gtex__anterior_cingulate_cor...19       SET      23     -0.19682   -0.0071002       0.1703      0.87609 gtex__anterior_cingulate_cortex_ba24__M018
gtex__anterior_cingulate_cor...20       SET      16    -0.062968    -0.001895      0.21602      0.61466 gtex__anterior_cingulate_cortex_ba24__M019
gtex__anterior_cingulate_cor...21       SET      15      0.57121     0.016645      0.24286    0.0093427 gtex__anterior_cingulate_cortex_ba24__M020
gtex__caudate_basal_ganglia_...1        SET    1508     0.076722     0.021446     0.023494   0.00054736 gtex__caudate_basal_ganglia__M000
gtex__caudate_basal_ganglia_...2        SET     977     0.026787    0.0061253     0.028185      0.17096 gtex__caudate_basal_ganglia__M001
gtex__caudate_basal_ganglia_...3        SET     360    -0.043109   -0.0060934       0.0423      0.84592 gtex__caudate_basal_ganglia__M002
gtex__caudate_basal_ganglia_...4        SET     353      0.11783     0.016496     0.047495    0.0065556 gtex__caudate_basal_ganglia__M003
gtex__caudate_basal_ganglia_...5        SET     257     0.044196    0.0052939     0.050475      0.19063 gtex__caudate_basal_ganglia__M004
gtex__caudate_basal_ganglia_...6        SET     218     0.014927    0.0016487     0.061982      0.40484 gtex__caudate_basal_ganglia__M005
gtex__caudate_basal_ganglia_...7        SET     183     0.038671    0.0039171     0.063712      0.27194 gtex__caudate_basal_ganglia__M006
gtex__caudate_basal_ganglia_...8        SET     109     0.045913    0.0035968     0.087856      0.30063 gtex__caudate_basal_ganglia__M007
gtex__caudate_basal_ganglia_...9        SET     108     0.081084    0.0063231     0.075125      0.14023 gtex__caudate_basal_ganglia__M008
gtex__caudate_basal_ganglia_...10       SET      74    -0.047873   -0.0030932     0.096358      0.69034 gtex__caudate_basal_ganglia__M009
gtex__caudate_basal_ganglia_...11       SET      66    -0.013405  -0.00081816     0.097967      0.55442 gtex__caudate_basal_ganglia__M010
gtex__caudate_basal_ganglia_...12       SET      59      0.06379    0.0036818      0.11148      0.28359 gtex__caudate_basal_ganglia__M011
gtex__caudate_basal_ganglia_...13       SET      47    -0.074869   -0.0038582      0.11363      0.74501 gtex__caudate_basal_ganglia__M012
gtex__caudate_basal_ganglia_...14       SET      29      0.03921     0.001588      0.15673      0.40123 gtex__caudate_basal_ganglia__M013
gtex__caudate_basal_ganglia_...15       SET      38     -0.03938   -0.0018252      0.14626      0.60613 gtex__caudate_basal_ganglia__M014
gtex__caudate_basal_ganglia_...16       SET      27     -0.20333   -0.0079464       0.1571      0.90221 gtex__caudate_basal_ganglia__M015
gtex__caudate_basal_ganglia_...17       SET      27     -0.27692    -0.010822      0.14331      0.97333 gtex__caudate_basal_ganglia__M016
gtex__caudate_basal_ganglia_...18       SET      26      0.12129    0.0046516      0.16773       0.2348 gtex__caudate_basal_ganglia__M017
gtex__caudate_basal_ganglia_...19       SET      18     0.001776   5.6685e-05      0.22371      0.49683 gtex__caudate_basal_ganglia__M018
gtex__caudate_basal_ganglia_...20       SET      20    -0.085483   -0.0028758      0.19063      0.67307 gtex__caudate_basal_ganglia__M019
gtex__caudate_basal_ganglia_...21       SET      16      0.25112    0.0075571       0.2377      0.14539 gtex__caudate_basal_ganglia__M020
gtex__cerebellar_hemisphere_...1        SET    1486     0.011371    0.0031575      0.02302      0.31066 gtex__cerebellar_hemisphere__M000
gtex__cerebellar_hemisphere_...2        SET     702     0.022644    0.0044252     0.032128      0.24047 gtex__cerebellar_hemisphere__M001
gtex__cerebellar_hemisphere_...3        SET     544     0.064598     0.011164     0.034996     0.032464 gtex__cerebellar_hemisphere__M002
gtex__cerebellar_hemisphere_...4        SET     431   -0.0084211   -0.0012997     0.038716      0.58609 gtex__cerebellar_hemisphere__M003
gtex__cerebellar_hemisphere_...5        SET     352     0.029802    0.0041663     0.043896       0.2486 gtex__cerebellar_hemisphere__M004
gtex__cerebellar_hemisphere_...6        SET     285   -0.0094096    -0.001186     0.051154      0.57297 gtex__cerebellar_hemisphere__M005
gtex__cerebellar_hemisphere_...7        SET     213      0.10436     0.011395     0.055311     0.029605 gtex__cerebellar_hemisphere__M006
gtex__cerebellar_hemisphere_...8        SET     146   -0.0021336  -0.00019325     0.075443      0.51128 gtex__cerebellar_hemisphere__M007
gtex__cerebellar_hemisphere_...9        SET      99     0.071938    0.0053724     0.079484      0.18272 gtex__cerebellar_hemisphere__M008
gtex__cerebellar_hemisphere_...10       SET      86     0.025975    0.0018087     0.096969       0.3944 gtex__cerebellar_hemisphere__M009
gtex__cerebellar_hemisphere_...11       SET      87     0.017297    0.0012113     0.082768      0.41723 gtex__cerebellar_hemisphere__M010
gtex__cerebellar_hemisphere_...12       SET      85     0.091569    0.0063391      0.10333      0.18777 gtex__cerebellar_hemisphere__M011
gtex__cerebellar_hemisphere_...13       SET      53     -0.01638  -0.00089624      0.10497        0.562 gtex__cerebellar_hemisphere__M012
gtex__cerebellar_hemisphere_...14       SET      68     0.054714    0.0033895      0.10734      0.30512 gtex__cerebellar_hemisphere__M013
gtex__cerebellar_hemisphere_...15       SET      36      0.15622     0.007048      0.14496      0.14059 gtex__cerebellar_hemisphere__M014
gtex__cerebellar_hemisphere_...16       SET      31    -0.025093   -0.0010507      0.14906      0.56684 gtex__cerebellar_hemisphere__M015
gtex__cerebellar_hemisphere_...17       SET      29    0.0050557   0.00020476      0.15149      0.48669 gtex__cerebellar_hemisphere__M016
gtex__cerebellar_hemisphere_...18       SET      25     -0.15689   -0.0059004      0.17089      0.82071 gtex__cerebellar_hemisphere__M017
gtex__cerebellar_hemisphere_...19       SET      26    -0.080309     -0.00308      0.15936      0.69284 gtex__cerebellar_hemisphere__M018
gtex__cerebellar_hemisphere_...20       SET      22      0.19943    0.0070364      0.19485      0.15304 gtex__cerebellar_hemisphere__M019
gtex__cerebellar_hemisphere_...21       SET      20      0.14148    0.0047597      0.17146      0.20465 gtex__cerebellar_hemisphere__M020
gtex__cerebellar_hemisphere_...22       SET      13      0.18645    0.0050582      0.23023      0.20901 gtex__cerebellar_hemisphere__M021
gtex__cerebellum__M000                  SET    1177     0.024843    0.0061977     0.025496      0.16494 gtex__cerebellum__M000
gtex__cerebellum__M001                  SET     291     0.095302     0.012135     0.046577     0.020381 gtex__cerebellum__M001
gtex__cerebellum__M002                  SET     254    -0.059071   -0.0070349     0.049203      0.88503 gtex__cerebellum__M002
gtex__cerebellum__M003                  SET     264     0.097455     0.011829     0.048725     0.022752 gtex__cerebellum__M003
gtex__cerebellum__M004                  SET     208     0.082544    0.0089076      0.05614     0.070746 gtex__cerebellum__M004
gtex__cerebellum__M005                  SET     202     0.059478    0.0063263     0.061805      0.16794 gtex__cerebellum__M005
gtex__cerebellum__M006                  SET     204     0.058306    0.0062319     0.065648      0.18723 gtex__cerebellum__M006
gtex__cerebellum__M007                  SET     130   0.00059545   5.0913e-05     0.070098      0.49661 gtex__cerebellum__M007
gtex__cerebellum__M008                  SET     125     0.067166    0.0056322     0.069683      0.16756 gtex__cerebellum__M008
gtex__cerebellum__M009                  SET     133    -0.084596   -0.0073155     0.071721      0.88089 gtex__cerebellum__M009
gtex__cerebellum__M010                  SET     114      0.12791     0.010246     0.078213     0.050991 gtex__cerebellum__M010
gtex__cerebellum__M011                  SET     114     0.081673    0.0065424     0.080839      0.15618 gtex__cerebellum__M011
gtex__cerebellum__M012                  SET      65     -0.10017   -0.0060677      0.10448      0.83116 gtex__cerebellum__M012
gtex__cerebellum__M013                  SET      69    -0.026157   -0.0016322      0.10072      0.60245 gtex__cerebellum__M013
gtex__cerebellum__M014                  SET      37     0.052844    0.0024169      0.13888      0.35179 gtex__cerebellum__M014
gtex__cerebellum__M015                  SET      40     0.067315    0.0032009      0.13518      0.30926 gtex__cerebellum__M015
gtex__cerebellum__M016                  SET      23     -0.27336   -0.0098612      0.17881      0.93683 gtex__cerebellum__M016
gtex__cerebellum__M017                  SET      22     0.031641    0.0011164      0.18988      0.43383 gtex__cerebellum__M017
gtex__cerebellum__M018                  SET      18     -0.14067   -0.0044898      0.21208      0.74642 gtex__cerebellum__M018
gtex__cortex__M000                      SET    1514      0.03236    0.0090618     0.023182     0.081381 gtex__cortex__M000
gtex__cortex__M001                      SET     542     0.053263     0.009189     0.036606     0.072842 gtex__cortex__M001
gtex__cortex__M002                      SET     243     0.043437    0.0050613     0.056326      0.22031 gtex__cortex__M002
gtex__cortex__M003                      SET     216     0.087817    0.0096548     0.057043     0.061854 gtex__cortex__M003
gtex__cortex__M004                      SET     148     0.019283    0.0017583     0.068916      0.38982 gtex__cortex__M004
gtex__cortex__M005                      SET     128    -0.047015   -0.0039891     0.070186      0.74852 gtex__cortex__M005
gtex__cortex__M006                      SET     117     0.033091    0.0026852     0.073882      0.32712 gtex__cortex__M006
gtex__cortex__M007                      SET     110     0.093907    0.0073901     0.077098      0.11162 gtex__cortex__M007
gtex__cortex__M008                      SET      96      -0.0887   -0.0065236     0.090518      0.83643 gtex__cortex__M008
gtex__cortex__M009                      SET      82      0.18515      0.01259     0.093104     0.023382 gtex__cortex__M009
gtex__cortex__M010                      SET      70    -0.024572   -0.0015444     0.092375      0.60488 gtex__cortex__M010
gtex__cortex__M011                      SET      82    -0.076285   -0.0051874     0.098803      0.77997 gtex__cortex__M011
gtex__cortex__M012                      SET      69     0.015194   0.00094813      0.10063      0.43999 gtex__cortex__M012
gtex__cortex__M013                      SET      77    -0.010229  -0.00067413      0.09027      0.54511 gtex__cortex__M013
gtex__cortex__M014                      SET      67     0.018813    0.0011569     0.097393      0.42342 gtex__cortex__M014
gtex__cortex__M015                      SET      60     -0.08406   -0.0048926      0.10786       0.7821 gtex__cortex__M015
gtex__cortex__M016                      SET      50     -0.15992   -0.0084994      0.11534       0.9172 gtex__cortex__M016
gtex__cortex__M017                      SET      56     -0.27819    -0.015645      0.11856      0.99052 gtex__cortex__M017
gtex__cortex__M018                      SET      37       0.2654     0.012138      0.14132     0.030203 gtex__cortex__M018
gtex__cortex__M019                      SET      29     0.054344    0.0022009      0.14232       0.3513 gtex__cortex__M019
gtex__cortex__M020                      SET      28      0.21295    0.0084748      0.18732      0.12781 gtex__cortex__M020
gtex__cortex__M021                      SET      22      0.08833    0.0031165      0.18187       0.3136 gtex__cortex__M021
gtex__cortex__M022                      SET      18      0.14691    0.0046889      0.18543      0.21412 gtex__cortex__M022
gtex__cortex__M023                      SET      20     -0.21134   -0.0071099      0.19996      0.85471 gtex__cortex__M023
gtex__cortex__M024                      SET      18      0.14762    0.0047116      0.18542      0.21298 gtex__cortex__M024
gtex__frontal_cortex_ba9__M0...1        SET    2097     0.033977     0.010993     0.020084     0.045361 gtex__frontal_cortex_ba9__M000
gtex__frontal_cortex_ba9__M0...2        SET    1058     0.045243      0.01074     0.026699     0.045088 gtex__frontal_cortex_ba9__M001
gtex__frontal_cortex_ba9__M0...3        SET     510    -0.028085   -0.0047045     0.040094      0.75818 gtex__frontal_cortex_ba9__M002
gtex__frontal_cortex_ba9__M0...4        SET     504      0.09674     0.016112     0.039071    0.0066479 gtex__frontal_cortex_ba9__M003
gtex__frontal_cortex_ba9__M0...5        SET     377    -0.016706   -0.0024153     0.042082      0.65431 gtex__frontal_cortex_ba9__M004
gtex__frontal_cortex_ba9__M0...6        SET     138      0.07063    0.0062207     0.076284      0.17726 gtex__frontal_cortex_ba9__M005
gtex__frontal_cortex_ba9__M0...7        SET     132    -0.010088  -0.00086913     0.071465      0.55613 gtex__frontal_cortex_ba9__M006
gtex__frontal_cortex_ba9__M0...8        SET     126     0.065508    0.0055149     0.069101      0.17157 gtex__frontal_cortex_ba9__M007
gtex__frontal_cortex_ba9__M0...9        SET     105      -0.1793    -0.013788     0.079887      0.98759 gtex__frontal_cortex_ba9__M008
gtex__frontal_cortex_ba9__M0...10       SET      87   -0.0086001  -0.00060229     0.085496      0.54006 gtex__frontal_cortex_ba9__M009
gtex__frontal_cortex_ba9__M0...11       SET      69    -0.053008   -0.0033077      0.10237      0.69771 gtex__frontal_cortex_ba9__M010
gtex__frontal_cortex_ba9__M0...12       SET      72    0.0093416   0.00059541     0.094259      0.46053 gtex__frontal_cortex_ba9__M011
gtex__frontal_cortex_ba9__M0...13       SET      61      0.15233    0.0089396      0.11288     0.088591 gtex__frontal_cortex_ba9__M012
gtex__frontal_cortex_ba9__M0...14       SET      69     0.089456    0.0055821      0.10295      0.19244 gtex__frontal_cortex_ba9__M013
gtex__frontal_cortex_ba9__M0...15       SET      61    0.0047368   0.00027798      0.10492        0.482 gtex__frontal_cortex_ba9__M014
gtex__frontal_cortex_ba9__M0...16       SET      66    -0.058114   -0.0035469      0.10964      0.70196 gtex__frontal_cortex_ba9__M015
gtex__frontal_cortex_ba9__M0...17       SET      57      0.15152    0.0085962      0.11576     0.095291 gtex__frontal_cortex_ba9__M016
gtex__frontal_cortex_ba9__M0...18       SET      56    -0.094277   -0.0053018      0.11843      0.78699 gtex__frontal_cortex_ba9__M017
gtex__frontal_cortex_ba9__M0...19       SET      54    -0.022105   -0.0012208      0.10768      0.58132 gtex__frontal_cortex_ba9__M018
gtex__frontal_cortex_ba9__M0...20       SET      29      0.16417     0.006649      0.14128      0.12262 gtex__frontal_cortex_ba9__M019
gtex__frontal_cortex_ba9__M0...21       SET      22      0.02425   0.00085561      0.16715      0.44232 gtex__frontal_cortex_ba9__M020
gtex__frontal_cortex_ba9__M0...22       SET      22      0.19125    0.0067477      0.18516      0.15083 gtex__frontal_cortex_ba9__M021
gtex__frontal_cortex_ba9__M0...23       SET      18     -0.11017   -0.0035164      0.19935      0.70975 gtex__frontal_cortex_ba9__M022
gtex__frontal_cortex_ba9__M0...24       SET      19     0.091175    0.0029897      0.18161      0.30783 gtex__frontal_cortex_ba9__M023
gtex__frontal_cortex_ba9__M0...25       SET      18    -0.098729   -0.0031512      0.20579       0.6843 gtex__frontal_cortex_ba9__M024
gtex__hippocampus__M000                 SET    1174     0.036394    0.0090686     0.025814     0.079299 gtex__hippocampus__M000
gtex__hippocampus__M001                 SET    1185     0.047934     0.011996     0.024901     0.027127 gtex__hippocampus__M001
gtex__hippocampus__M002                 SET     364      0.15609     0.022183     0.046055   0.00035135 gtex__hippocampus__M002
gtex__hippocampus__M003                 SET     263     0.012883    0.0015609     0.054122      0.40593 gtex__hippocampus__M003
gtex__hippocampus__M004                 SET     211    -0.018546   -0.0020155     0.056132      0.62945 gtex__hippocampus__M004
gtex__hippocampus__M005                 SET     181     0.017146    0.0017274     0.060429       0.3883 gtex__hippocampus__M005
gtex__hippocampus__M006                 SET     134     0.045288     0.003931     0.077522      0.27955 gtex__hippocampus__M006
gtex__hippocampus__M007                 SET     122      0.03052    0.0025286     0.076757      0.34546 gtex__hippocampus__M007
gtex__hippocampus__M008                 SET     111     0.086512    0.0068389     0.085142       0.1548 gtex__hippocampus__M008
gtex__hippocampus__M009                 SET     112    -0.047985   -0.0038102     0.080293      0.72495 gtex__hippocampus__M009
gtex__hippocampus__M010                 SET      75     0.091277    0.0059372     0.099279      0.17895 gtex__hippocampus__M010
gtex__hippocampus__M011                 SET      69     0.038775    0.0024196      0.10784      0.35959 gtex__hippocampus__M011
gtex__hippocampus__M012                 SET      57     -0.14951   -0.0084824       0.1102      0.91256 gtex__hippocampus__M012
gtex__hippocampus__M013                 SET      51     0.038522    0.0020677      0.11449      0.36827 gtex__hippocampus__M013
gtex__hippocampus__M014                 SET      50     0.084473    0.0044895      0.11459      0.23051 gtex__hippocampus__M014
gtex__hippocampus__M015                 SET      47     0.057392    0.0029576      0.11092      0.30244 gtex__hippocampus__M015
gtex__hippocampus__M016                 SET      42    -0.097206    -0.004736      0.13947      0.75708 gtex__hippocampus__M016
gtex__hippocampus__M017                 SET      43      -0.1763   -0.0086911      0.12911      0.91394 gtex__hippocampus__M017
gtex__hippocampus__M018                 SET      36     0.061407    0.0027704      0.12436      0.31073 gtex__hippocampus__M018
gtex__hippocampus__M019                 SET      37    -0.060762    -0.002779      0.15329      0.65409 gtex__hippocampus__M019
gtex__hippocampus__M020                 SET      33      0.14892    0.0064331      0.13106      0.12794 gtex__hippocampus__M020
gtex__hippocampus__M021                 SET      34    -0.066302   -0.0029071       0.1288      0.69664 gtex__hippocampus__M021
gtex__hippocampus__M022                 SET      27     -0.12741   -0.0049791      0.16102      0.78559 gtex__hippocampus__M022
gtex__hippocampus__M023                 SET      30       0.2706     0.011146      0.15337     0.038848 gtex__hippocampus__M023
gtex__hippocampus__M024                 SET      29      0.14373     0.005821      0.16997       0.1989 gtex__hippocampus__M024
gtex__hippocampus__M025                 SET      25    -0.010123   -0.0003807      0.19499       0.5207 gtex__hippocampus__M025
gtex__hippocampus__M026                 SET      19     -0.19648   -0.0064429      0.17706      0.86643 gtex__hippocampus__M026
gtex__hippocampus__M027                 SET      16     -0.28245      -0.0085       0.1979      0.92323 gtex__hippocampus__M027
gtex__hypothalamus__M000                SET    1447     0.031131    0.0085402     0.023282     0.090602 gtex__hypothalamus__M000
gtex__hypothalamus__M001                SET     877     0.057599     0.012516     0.028436     0.021413 gtex__hypothalamus__M001
gtex__hypothalamus__M002                SET     265   -0.0066171  -0.00080468     0.053346      0.54936 gtex__hypothalamus__M002
gtex__hypothalamus__M003                SET     261       0.1254     0.015136     0.053733    0.0098095 gtex__hypothalamus__M003
gtex__hypothalamus__M004                SET     200     0.046725    0.0049455     0.056802      0.20538 gtex__hypothalamus__M004
gtex__hypothalamus__M005                SET     146    -0.083177   -0.0075334     0.068231      0.88858 gtex__hypothalamus__M005
gtex__hypothalamus__M006                SET     127    -0.064178   -0.0054242     0.075111      0.80356 gtex__hypothalamus__M006
gtex__hypothalamus__M007                SET     126     0.023726    0.0019974     0.071524      0.37005 gtex__hypothalamus__M007
gtex__hypothalamus__M008                SET      95     0.017238    0.0012613     0.085853      0.42043 gtex__hypothalamus__M008
gtex__hypothalamus__M009                SET      99      0.10838    0.0080938     0.090843      0.11644 gtex__hypothalamus__M009
gtex__hypothalamus__M010                SET      76    -0.036073   -0.0023619      0.10183      0.63842 gtex__hypothalamus__M010
gtex__hypothalamus__M011                SET      77    -0.076944   -0.0050709      0.09235      0.79762 gtex__hypothalamus__M011
gtex__hypothalamus__M012                SET      70    -0.034445   -0.0021649     0.091032      0.64743 gtex__hypothalamus__M012
gtex__hypothalamus__M013                SET      61      0.37638     0.022088      0.10603    0.0001934 gtex__hypothalamus__M013
gtex__hypothalamus__M014                SET      55      0.10389    0.0057904       0.1167      0.18666 gtex__hypothalamus__M014
gtex__hypothalamus__M015                SET      38     -0.01984  -0.00091956      0.14853      0.55313 gtex__hypothalamus__M015
gtex__hypothalamus__M016                SET      28     -0.14527   -0.0057814      0.16843      0.80579 gtex__hypothalamus__M016
gtex__hypothalamus__M017                SET      32      0.12168    0.0051763      0.15221      0.21202 gtex__hypothalamus__M017
gtex__hypothalamus__M018                SET      32     0.071369     0.003036      0.15114      0.31839 gtex__hypothalamus__M018
gtex__hypothalamus__M019                SET      27    -0.020529  -0.00080229      0.16948      0.54821 gtex__hypothalamus__M019
gtex__hypothalamus__M020                SET      27    -0.072473   -0.0028323      0.15044        0.685 gtex__hypothalamus__M020
gtex__hypothalamus__M021                SET      20     -0.11871   -0.0039936      0.17014      0.75732 gtex__hypothalamus__M021
gtex__hypothalamus__M022                SET      28     -0.16103   -0.0064083      0.17061      0.82737 gtex__hypothalamus__M022
gtex__hypothalamus__M023                SET      24     0.025543   0.00094123      0.18505      0.44511 gtex__hypothalamus__M023
gtex__hypothalamus__M024                SET      24     -0.17823   -0.0065676      0.15842       0.8697 gtex__hypothalamus__M024
gtex__hypothalamus__M025                SET      25     0.059381    0.0022332       0.1773      0.36885 gtex__hypothalamus__M025
gtex__hypothalamus__M026                SET      21      0.16121    0.0055574      0.18905       0.1969 gtex__hypothalamus__M026
gtex__hypothalamus__M027                SET      20     -0.28541    -0.009602      0.18466      0.93889 gtex__hypothalamus__M027
gtex__hypothalamus__M028                SET      13     -0.19838   -0.0053818      0.25052      0.78578 gtex__hypothalamus__M028
gtex__nucleus_accumbens_basa...1        SET    1671     0.030819    0.0090225     0.021747     0.078227 gtex__nucleus_accumbens_basal_ganglia__M000
gtex__nucleus_accumbens_basa...2        SET    1114     0.021218    0.0051594     0.025895      0.20629 gtex__nucleus_accumbens_basal_ganglia__M001
gtex__nucleus_accumbens_basa...3        SET     338      0.09413       0.0129     0.047575     0.023941 gtex__nucleus_accumbens_basal_ganglia__M002
gtex__nucleus_accumbens_basa...4        SET     217    -0.056046   -0.0061759     0.053344      0.85329 gtex__nucleus_accumbens_basal_ganglia__M003
gtex__nucleus_accumbens_basa...5        SET     178     0.047241    0.0047201      0.06032      0.21677 gtex__nucleus_accumbens_basal_ganglia__M004
gtex__nucleus_accumbens_basa...6        SET     101     0.064585    0.0048715     0.084922      0.22348 gtex__nucleus_accumbens_basal_ganglia__M005
gtex__nucleus_accumbens_basa...7        SET     114      0.03258    0.0026099     0.078161       0.3384 gtex__nucleus_accumbens_basal_ganglia__M006
gtex__nucleus_accumbens_basa...8        SET      93    -0.062821    -0.004548     0.086866      0.76522 gtex__nucleus_accumbens_basal_ganglia__M007
gtex__nucleus_accumbens_basa...9        SET      83      0.16621     0.011371      0.09719     0.043624 gtex__nucleus_accumbens_basal_ganglia__M008
gtex__nucleus_accumbens_basa...10       SET      55    -0.040018   -0.0022304      0.11055      0.64132 gtex__nucleus_accumbens_basal_ganglia__M009
gtex__nucleus_accumbens_basa...11       SET      62     -0.20463    -0.012106      0.10016      0.97947 gtex__nucleus_accumbens_basal_ganglia__M010
gtex__nucleus_accumbens_basa...12       SET      42      0.14327    0.0069802      0.14245      0.15728 gtex__nucleus_accumbens_basal_ganglia__M011
gtex__nucleus_accumbens_basa...13       SET      38     -0.11979   -0.0055519      0.12939      0.82271 gtex__nucleus_accumbens_basal_ganglia__M012
gtex__nucleus_accumbens_basa...14       SET      43     0.011228   0.00055349      0.11748      0.46193 gtex__nucleus_accumbens_basal_ganglia__M013
gtex__nucleus_accumbens_basa...15       SET      37     -0.29351    -0.013424      0.15268      0.97272 gtex__nucleus_accumbens_basal_ganglia__M014
gtex__nucleus_accumbens_basa...16       SET      35     0.030235     0.001345      0.13339      0.41034 gtex__nucleus_accumbens_basal_ganglia__M015
gtex__nucleus_accumbens_basa...17       SET      33      0.15871    0.0068562        0.145      0.13686 gtex__nucleus_accumbens_basal_ganglia__M016
gtex__nucleus_accumbens_basa...18       SET      27    -0.039478   -0.0015428      0.16016      0.59735 gtex__nucleus_accumbens_basal_ganglia__M017
gtex__nucleus_accumbens_basa...19       SET      14     -0.35852    -0.010093      0.22742      0.94253 gtex__nucleus_accumbens_basal_ganglia__M018
gtex__nucleus_accumbens_basa...20       SET      20      0.02381   0.00080103        0.186      0.44907 gtex__nucleus_accumbens_basal_ganglia__M019
gtex__nucleus_accumbens_basa...21       SET      19     -0.11502   -0.0037716      0.20909      0.70886 gtex__nucleus_accumbens_basal_ganglia__M020
gtex__putamen_basal_ganglia_...1        SET    1412     0.046349     0.012574      0.02371     0.025308 gtex__putamen_basal_ganglia__M000
gtex__putamen_basal_ganglia_...2        SET     872    0.0016331    0.0003539     0.029726      0.47809 gtex__putamen_basal_ganglia__M001
gtex__putamen_basal_ganglia_...3        SET     438     0.039957    0.0062158     0.041849      0.16985 gtex__putamen_basal_ganglia__M002
gtex__putamen_basal_ganglia_...4        SET     269    -0.038363   -0.0046996     0.049032        0.783 gtex__putamen_basal_ganglia__M003
gtex__putamen_basal_ganglia_...5        SET     244    -0.062918   -0.0073461     0.049811      0.89672 gtex__putamen_basal_ganglia__M004
gtex__putamen_basal_ganglia_...6        SET     173      0.10687     0.010528     0.065695     0.051901 gtex__putamen_basal_ganglia__M005
gtex__putamen_basal_ganglia_...7        SET     153    -0.025797   -0.0023913     0.064262      0.65594 gtex__putamen_basal_ganglia__M006
gtex__putamen_basal_ganglia_...8        SET     140     0.036593     0.003246     0.074443      0.31152 gtex__putamen_basal_ganglia__M007
gtex__putamen_basal_ganglia_...9        SET     123     0.039462    0.0032827     0.072552      0.29325 gtex__putamen_basal_ganglia__M008
gtex__putamen_basal_ganglia_...10       SET     115    -0.014082   -0.0011329     0.081245       0.5688 gtex__putamen_basal_ganglia__M009
gtex__putamen_basal_ganglia_...11       SET      84     -0.10227   -0.0070383     0.092854      0.86463 gtex__putamen_basal_ganglia__M010
gtex__putamen_basal_ganglia_...12       SET      76     0.010362   0.00067848     0.093951      0.45609 gtex__putamen_basal_ganglia__M011
gtex__putamen_basal_ganglia_...13       SET      70     0.084591    0.0053165     0.095431       0.1877 gtex__putamen_basal_ganglia__M012
gtex__putamen_basal_ganglia_...14       SET      58    -0.088298   -0.0050532      0.10559      0.79848 gtex__putamen_basal_ganglia__M013
gtex__putamen_basal_ganglia_...15       SET      37      0.23271     0.010643      0.13506     0.042457 gtex__putamen_basal_ganglia__M014
gtex__putamen_basal_ganglia_...16       SET      28     -0.20514   -0.0081641      0.17044      0.88562 gtex__putamen_basal_ganglia__M015
gtex__putamen_basal_ganglia_...17       SET      28       0.1197    0.0047637      0.15495      0.21991 gtex__putamen_basal_ganglia__M016
gtex__putamen_basal_ganglia_...18       SET      26     -0.10157   -0.0038952      0.16265      0.73383 gtex__putamen_basal_ganglia__M017
gtex__putamen_basal_ganglia_...19       SET      24      0.14803    0.0054547      0.15755      0.17372 gtex__putamen_basal_ganglia__M018
gtex__putamen_basal_ganglia_...20       SET      20    -0.050856   -0.0017109       0.2062       0.5974 gtex__putamen_basal_ganglia__M019
gtex__putamen_basal_ganglia_...21       SET      13      0.35635    0.0096673      0.22809     0.059115 gtex__putamen_basal_ganglia__M020
gtex__putamen_basal_ganglia_...22       SET      15       0.1451     0.004228      0.23353       0.2672 gtex__putamen_basal_ganglia__M021
gtex__spinal_cord_cervical_c...1        SET    1349     0.045801     0.012168     0.023583     0.026071 gtex__spinal_cord_cervical_c_1__M000
gtex__spinal_cord_cervical_c...2        SET     337     0.062504    0.0085536     0.048676     0.099567 gtex__spinal_cord_cervical_c_1__M001
gtex__spinal_cord_cervical_c...3        SET     313     0.077326     0.010205     0.048929     0.057021 gtex__spinal_cord_cervical_c_1__M002
gtex__spinal_cord_cervical_c...4        SET     168     0.017374    0.0016869     0.063768      0.39264 gtex__spinal_cord_cervical_c_1__M003
gtex__spinal_cord_cervical_c...5        SET     169     0.049587    0.0048288     0.060087      0.20462 gtex__spinal_cord_cervical_c_1__M004
gtex__spinal_cord_cervical_c...6        SET     164     0.046745    0.0044848     0.067283      0.24361 gtex__spinal_cord_cervical_c_1__M005
gtex__spinal_cord_cervical_c...7        SET     156     0.030657    0.0028693     0.069779      0.33021 gtex__spinal_cord_cervical_c_1__M006
gtex__spinal_cord_cervical_c...8        SET      98    -0.016325   -0.0012131     0.082128      0.57878 gtex__spinal_cord_cervical_c_1__M007
gtex__spinal_cord_cervical_c...9        SET      87    -0.037724   -0.0026419      0.10004      0.64694 gtex__spinal_cord_cervical_c_1__M008
gtex__spinal_cord_cervical_c...10       SET      95    0.0029877    0.0002186     0.082317      0.48552 gtex__spinal_cord_cervical_c_1__M009
gtex__spinal_cord_cervical_c...11       SET      80     -0.10641   -0.0071473      0.09118      0.87838 gtex__spinal_cord_cervical_c_1__M010
gtex__spinal_cord_cervical_c...12       SET      76    -0.067451   -0.0044165      0.08935      0.77484 gtex__spinal_cord_cervical_c_1__M011
gtex__spinal_cord_cervical_c...13       SET      56    0.0025001    0.0001406      0.11026      0.49096 gtex__spinal_cord_cervical_c_1__M012
gtex__spinal_cord_cervical_c...14       SET      46      0.15209    0.0077539      0.11806     0.098833 gtex__spinal_cord_cervical_c_1__M013
gtex__spinal_cord_cervical_c...15       SET      40   -0.0017541  -8.3406e-05      0.12316      0.50568 gtex__spinal_cord_cervical_c_1__M014
gtex__spinal_cord_cervical_c...16       SET      40     -0.22886    -0.010882      0.13244        0.958 gtex__spinal_cord_cervical_c_1__M015
gtex__spinal_cord_cervical_c...17       SET      36       0.1318    0.0059463      0.12591      0.14761 gtex__spinal_cord_cervical_c_1__M016
gtex__spinal_cord_cervical_c...18       SET      38      0.18154    0.0084142       0.1242     0.071926 gtex__spinal_cord_cervical_c_1__M017
gtex__spinal_cord_cervical_c...19       SET      27      0.19767    0.0077252      0.17326      0.12696 gtex__spinal_cord_cervical_c_1__M018
gtex__spinal_cord_cervical_c...20       SET      31    -0.049362   -0.0020669      0.15079       0.6283 gtex__spinal_cord_cervical_c_1__M019
gtex__spinal_cord_cervical_c...21       SET      29      0.16824    0.0068137      0.16888      0.15959 gtex__spinal_cord_cervical_c_1__M020
gtex__spinal_cord_cervical_c...22       SET      26      -0.2347   -0.0090009      0.17647      0.90822 gtex__spinal_cord_cervical_c_1__M021
gtex__spinal_cord_cervical_c...23       SET      27    -0.085448   -0.0033394      0.16247      0.70053 gtex__spinal_cord_cervical_c_1__M022
gtex__spinal_cord_cervical_c...24       SET      21     -0.13068   -0.0045048      0.15879      0.79473 gtex__spinal_cord_cervical_c_1__M023
gtex__spinal_cord_cervical_c...25       SET      19     -0.27349    -0.008968       0.1799      0.93576 gtex__spinal_cord_cervical_c_1__M024
gtex__spinal_cord_cervical_c...26       SET      19     -0.47647    -0.015624      0.20944      0.98854 gtex__spinal_cord_cervical_c_1__M025
gtex__spinal_cord_cervical_c...27       SET      16    -0.023354  -0.00070283       0.2287      0.54067 gtex__spinal_cord_cervical_c_1__M026
gtex__substantia_nigra__M000            SET    1250     0.023214    0.0059549     0.024772      0.17435 gtex__substantia_nigra__M000
gtex__substantia_nigra__M001            SET     748     0.050887     0.010251     0.032781     0.060303 gtex__substantia_nigra__M001
gtex__substantia_nigra__M002            SET     302     0.044295    0.0057442     0.049449      0.18519 gtex__substantia_nigra__M002
gtex__substantia_nigra__M003            SET     254    -0.034657   -0.0041274     0.049036      0.76014 gtex__substantia_nigra__M003
gtex__substantia_nigra__M004            SET     227      0.12096     0.013629     0.056595     0.016293 gtex__substantia_nigra__M004
gtex__substantia_nigra__M005            SET     213    0.0058714   0.00064108     0.061767      0.46214 gtex__substantia_nigra__M005
gtex__substantia_nigra__M006            SET     214     0.056279    0.0061591     0.054363      0.15029 gtex__substantia_nigra__M006
gtex__substantia_nigra__M007            SET      98     0.051766    0.0038464     0.079903      0.25854 gtex__substantia_nigra__M007
gtex__substantia_nigra__M008            SET      87   -0.0059621  -0.00041754     0.084407      0.52816 gtex__substantia_nigra__M008
gtex__substantia_nigra__M009            SET      71    -0.086661   -0.0054852     0.098526      0.81045 gtex__substantia_nigra__M009
gtex__substantia_nigra__M010            SET      78    -0.074823   -0.0049629     0.094001      0.78697 gtex__substantia_nigra__M010
gtex__substantia_nigra__M011            SET      77     0.031676    0.0020876     0.092162      0.36554 gtex__substantia_nigra__M011
gtex__substantia_nigra__M012            SET      69      0.16548     0.010326       0.1048     0.057177 gtex__substantia_nigra__M012
gtex__substantia_nigra__M013            SET      56    -0.061323   -0.0034486      0.11315      0.70607 gtex__substantia_nigra__M013
gtex__substantia_nigra__M014            SET      52    -0.016033  -0.00086897      0.11932      0.55344 gtex__substantia_nigra__M014
gtex__substantia_nigra__M015            SET      49     0.084983    0.0044714      0.10524      0.20968 gtex__substantia_nigra__M015
gtex__substantia_nigra__M016            SET      46      0.16833    0.0085821      0.12092     0.081958 gtex__substantia_nigra__M016
gtex__substantia_nigra__M017            SET      46       0.1656    0.0084431      0.11603      0.07677 gtex__substantia_nigra__M017
gtex__substantia_nigra__M018            SET      40     0.041088    0.0019537      0.13598      0.38127 gtex__substantia_nigra__M018
gtex__substantia_nigra__M019            SET      40      0.18155    0.0086327      0.12634     0.075364 gtex__substantia_nigra__M019
gtex__substantia_nigra__M020            SET      42      0.10477    0.0051044       0.1237      0.19851 gtex__substantia_nigra__M020
gtex__substantia_nigra__M021            SET      28      0.24989    0.0099447      0.14385     0.041189 gtex__substantia_nigra__M021
gtex__substantia_nigra__M022            SET      22     -0.23415   -0.0082613      0.20099      0.87798 gtex__substantia_nigra__M022
gtex__substantia_nigra__M023            SET      26    -0.050708   -0.0019447      0.18135      0.61011 gtex__substantia_nigra__M023
gtex__substantia_nigra__M024            SET      20      0.10504    0.0035336       0.1908      0.29099 gtex__substantia_nigra__M024
gtex__substantia_nigra__M025            SET      19    -0.036552   -0.0011986       0.2083      0.56965 gtex__substantia_nigra__M025
gtex__substantia_nigra__M026            SET      17      -0.2565   -0.0079563      0.21328      0.88543 gtex__substantia_nigra__M026
gtex__substantia_nigra__M027            SET      20      0.22437    0.0075481      0.19576      0.12588 gtex__substantia_nigra__M027
gtex__substantia_nigra__M028            SET      19     0.098157    0.0032187      0.16928      0.28101 gtex__substantia_nigra__M028
brainseq__caudate__M000                 SET     202     0.067655     0.007196     0.059434       0.1275 brainseq__caudate__M000
brainseq__caudate__M001                 SET     681   -0.0021116  -0.00040669     0.033989      0.52477 brainseq__caudate__M001
brainseq__caudate__M002                 SET     620     0.082824     0.015248     0.036104     0.010901 brainseq__caudate__M002
brainseq__caudate__M003                 SET     609     0.011997    0.0021896     0.035215      0.36667 brainseq__caudate__M003
brainseq__caudate__M004                 SET     426    0.0050766    0.0007791     0.042016      0.45192 brainseq__caudate__M004
brainseq__caudate__M005                 SET     303     0.032524    0.0042246     0.046221      0.24083 brainseq__caudate__M005
brainseq__caudate__M006                 SET     290      0.10764     0.013683     0.050729     0.016932 brainseq__caudate__M006
brainseq__caudate__M007                 SET     221     0.085512    0.0095083     0.054434     0.058108 brainseq__caudate__M007
brainseq__caudate__M008                 SET     155    0.0025158   0.00023472     0.070137      0.48569 brainseq__caudate__M008
brainseq__caudate__M009                 SET     167     0.048587    0.0047036     0.067768      0.23671 brainseq__caudate__M009
brainseq__caudate__M010                 SET     118     0.030976    0.0025242     0.074145      0.33806 brainseq__caudate__M010
brainseq__caudate__M011                 SET     105     0.041198     0.003168      0.08362      0.31112 brainseq__caudate__M011
brainseq__caudate__M012                 SET      99    -0.031062   -0.0023198     0.081522      0.64841 brainseq__caudate__M012
brainseq__caudate__M013                 SET      49      0.14466    0.0076114      0.12997      0.13284 brainseq__caudate__M013
brainseq__caudate__M014                 SET      47     0.084023      0.00433      0.12218      0.24583 brainseq__caudate__M014
brainseq__caudate__M015                 SET      46      0.10729    0.0054699      0.12382      0.19311 brainseq__caudate__M015
brainseq__caudate__M016                 SET      40      0.04596    0.0021854      0.13781      0.36938 brainseq__caudate__M016
brainseq__caudate__M017                 SET      39     -0.17646   -0.0082854       0.1462      0.88627 brainseq__caudate__M017
brainseq__caudate__M018                 SET      38    -0.071799   -0.0033278      0.13608      0.70112 brainseq__caudate__M018
brainseq__caudate__M019                 SET      32      0.26391     0.011227      0.14025     0.029949 brainseq__caudate__M019
brainseq__caudate__M020                 SET      29     -0.39762    -0.016104      0.16347      0.99249 brainseq__caudate__M020
brainseq__caudate__M021                 SET      22     0.053255    0.0018789      0.17994      0.38363 brainseq__caudate__M021
brainseq__caudate__M022                 SET      25     -0.23237    -0.008739      0.15039      0.93883 brainseq__caudate__M022
brainseq__caudate__M023                 SET      19      0.23463     0.007694      0.19557      0.11513 brainseq__caudate__M023
brainseq__caudate__M024                 SET      24     0.094935    0.0034983      0.15447      0.26942 brainseq__caudate__M024
brainseq__caudate__M025                 SET      20      0.43131      0.01451       0.1794    0.0081115 brainseq__caudate__M025
brainseq__caudate__M026                 SET      16     0.099447    0.0029928      0.19347      0.30362 brainseq__caudate__M026
brainseq__caudate__M027                 SET      19     -0.26872   -0.0088118      0.20704      0.90283 brainseq__caudate__M027
brainseq__hippocampus__M000             SET     468    -0.022529   -0.0036194     0.041076      0.70831 brainseq__hippocampus__M000
brainseq__hippocampus__M001             SET     369    0.0055367   0.00079213     0.047155      0.45327 brainseq__hippocampus__M001
brainseq__hippocampus__M002             SET     331     0.029489    0.0040001     0.044489      0.25372 brainseq__hippocampus__M002
brainseq__hippocampus__M003             SET     291    0.0088826    0.0011311      0.05037      0.43001 brainseq__hippocampus__M003
brainseq__hippocampus__M004             SET     206     0.071797    0.0077109     0.062369      0.12484 brainseq__hippocampus__M004
brainseq__hippocampus__M005             SET     210    -0.002167  -0.00023496     0.057399      0.51506 brainseq__hippocampus__M005
brainseq__hippocampus__M006             SET     187     0.039655    0.0040599     0.066594      0.27577 brainseq__hippocampus__M006
brainseq__hippocampus__M007             SET     190     0.013079    0.0013496      0.06049      0.41441 brainseq__hippocampus__M007
brainseq__hippocampus__M008             SET     135    -0.056684   -0.0049383     0.072604      0.78251 brainseq__hippocampus__M008
brainseq__hippocampus__M009             SET     122     0.075698    0.0062715     0.072888      0.14951 brainseq__hippocampus__M009
brainseq__hippocampus__M010             SET     106       -0.102   -0.0078804     0.087491      0.87814 brainseq__hippocampus__M010
brainseq__hippocampus__M011             SET      98      0.12719    0.0094507     0.085943     0.069458 brainseq__hippocampus__M011
brainseq__hippocampus__M012             SET      79      0.10679    0.0071282     0.098684      0.13961 brainseq__hippocampus__M012
brainseq__hippocampus__M013             SET      81     0.015445    0.0010439     0.095527      0.43578 brainseq__hippocampus__M013
brainseq__hippocampus__M014             SET      75     0.052802    0.0034346     0.095911      0.29098 brainseq__hippocampus__M014
brainseq__hippocampus__M015             SET      81     0.037086    0.0025065     0.092602       0.3444 brainseq__hippocampus__M015
brainseq__hippocampus__M016             SET      69     0.004118   0.00025697      0.10357      0.48414 brainseq__hippocampus__M016
brainseq__hippocampus__M017             SET      73    -0.068499   -0.0043961      0.10021      0.75287 brainseq__hippocampus__M017
brainseq__hippocampus__M018             SET      67      0.24755     0.015222      0.10417    0.0087489 brainseq__hippocampus__M018
brainseq__hippocampus__M019             SET      66      0.14556    0.0088842      0.10049     0.073738 brainseq__hippocampus__M019
brainseq__hippocampus__M020             SET      58      0.10966    0.0062756      0.10599      0.15045 brainseq__hippocampus__M020
brainseq__hippocampus__M021             SET      44     0.087186    0.0043476      0.13202      0.25451 brainseq__hippocampus__M021
brainseq__hippocampus__M022             SET      41      0.07547    0.0036331       0.1359      0.28934 brainseq__hippocampus__M022
brainseq__hippocampus__M023             SET      36      0.16202    0.0073094      0.15204       0.1433 brainseq__hippocampus__M023
brainseq__hippocampus__M024             SET      33      0.15458    0.0066775      0.15147      0.15375 brainseq__hippocampus__M024
brainseq__hippocampus__M025             SET      37     -0.16777   -0.0076733      0.13849      0.88712 brainseq__hippocampus__M025
brainseq__hippocampus__M026             SET      34     0.083617    0.0036663      0.14903      0.28738 brainseq__hippocampus__M026
brainseq__hippocampus__M027             SET      34      0.10674    0.0046804      0.16412      0.25772 brainseq__hippocampus__M027
brainseq__hippocampus__M028             SET      21     -0.13411   -0.0046231      0.19848      0.75038 brainseq__hippocampus__M028
brainseq__hippocampus__M029             SET      20      0.18395    0.0061883      0.17993      0.15333 brainseq__hippocampus__M029
brainseq__hippocampus__M030             SET      21       0.4741     0.016343      0.21514      0.01378 brainseq__hippocampus__M030
brainseq__hippocampus__M031             SET      16      0.17178    0.0051695       0.2003      0.19556 brainseq__hippocampus__M031
brainseq__dlpfc__M000                   SET     586     0.039578    0.0070906     0.037281      0.14421 brainseq__dlpfc__M000
brainseq__dlpfc__M001                   SET     420    -0.019507    -0.002973     0.040871      0.68341 brainseq__dlpfc__M001
brainseq__dlpfc__M002                   SET     365    -0.035603   -0.0050666     0.046154      0.77976 brainseq__dlpfc__M002
brainseq__dlpfc__M003                   SET     330     0.066339    0.0089855     0.049159     0.088603 brainseq__dlpfc__M003
brainseq__dlpfc__M004                   SET     251     0.011779    0.0013946     0.052238       0.4108 brainseq__dlpfc__M004
brainseq__dlpfc__M005                   SET     215     0.040456    0.0044377      0.05708      0.23924 brainseq__dlpfc__M005
brainseq__dlpfc__M006                   SET     207     0.048168    0.0051856     0.060543      0.21314 brainseq__dlpfc__M006
brainseq__dlpfc__M007                   SET     198      0.12827     0.013509     0.058578     0.014281 brainseq__dlpfc__M007
brainseq__dlpfc__M008                   SET     186     0.088096    0.0089955     0.061285       0.0753 brainseq__dlpfc__M008
brainseq__dlpfc__M009                   SET     159     0.038918    0.0036771     0.065363      0.27579 brainseq__dlpfc__M009
brainseq__dlpfc__M010                   SET     160     0.052824    0.0050065     0.068211      0.21934 brainseq__dlpfc__M010
brainseq__dlpfc__M011                   SET     153    0.0068147   0.00063171     0.068019       0.4601 brainseq__dlpfc__M011
brainseq__dlpfc__M012                   SET     130    -0.058419    -0.004995     0.072995      0.78823 brainseq__dlpfc__M012
brainseq__dlpfc__M013                   SET     134     0.027871    0.0024191     0.074474      0.35412 brainseq__dlpfc__M013
brainseq__dlpfc__M014                   SET     111     0.083697    0.0066163     0.085166      0.16287 brainseq__dlpfc__M014
brainseq__dlpfc__M015                   SET     111     -0.14256    -0.011269     0.079497      0.96353 brainseq__dlpfc__M015
brainseq__dlpfc__M016                   SET      99    0.0053595   0.00040025     0.079346      0.47307 brainseq__dlpfc__M016
brainseq__dlpfc__M017                   SET      90   -0.0018807  -0.00013395     0.089225      0.50841 brainseq__dlpfc__M017
brainseq__dlpfc__M018                   SET      76    -0.044376   -0.0029056     0.096203       0.6777 brainseq__dlpfc__M018
brainseq__dlpfc__M019                   SET      77     0.092857    0.0061196     0.097637       0.1708 brainseq__dlpfc__M019
brainseq__dlpfc__M020                   SET      68     0.038206    0.0023668      0.10531      0.35838 brainseq__dlpfc__M020
brainseq__dlpfc__M021                   SET      72     0.085824    0.0054702     0.099061      0.19315 brainseq__dlpfc__M021
brainseq__dlpfc__M022                   SET      71     0.042816    0.0027101     0.096458      0.32857 brainseq__dlpfc__M022
brainseq__dlpfc__M023                   SET      71     -0.09389   -0.0059428     0.099455      0.82742 brainseq__dlpfc__M023
brainseq__dlpfc__M024                   SET      37     -0.11405   -0.0052161      0.13079      0.80839 brainseq__dlpfc__M024
brainseq__dlpfc__M025                   SET      35     0.084019    0.0037376      0.14543      0.28173 brainseq__dlpfc__M025
brainseq__dlpfc__M026                   SET      34    -0.031892   -0.0013984      0.12524       0.6005 brainseq__dlpfc__M026
brainseq__dlpfc__M027                   SET      28      0.13209    0.0052567      0.16821      0.21616 brainseq__dlpfc__M027
brainseq__dlpfc__M028                   SET      33     -0.30736    -0.013277      0.17029      0.96445 brainseq__dlpfc__M028
brainseq__dlpfc__M029                   SET      28      0.14404    0.0057322      0.14451      0.15946 brainseq__dlpfc__M029
brainseq__dlpfc__M030                   SET      25    -0.032055   -0.0012055      0.17419        0.573 brainseq__dlpfc__M030
brainseq__dlpfc__M031                   SET      22     -0.25098   -0.0088551      0.18376        0.914 brainseq__dlpfc__M031
brainseq__dlpfc__M032                   SET      21     -0.22865   -0.0078821      0.19906      0.87464 brainseq__dlpfc__M032
brainseq__dlpfc__M033                   SET      20     0.047845    0.0016096      0.18154      0.39607 brainseq__dlpfc__M033
brainseq__dlpfc__M034                   SET      20      0.16226    0.0054586      0.18674      0.19247 brainseq__dlpfc__M034
brainseq__dlpfc__M035                   SET      16      0.40907      0.01231      0.21402     0.027986 brainseq__dlpfc__M035
brainseq__dlpfc__M036                   SET      18    -0.074968   -0.0023928      0.19515      0.64957 brainseq__dlpfc__M036
brainseq__dlpfc__M037                   SET      18     0.040157    0.0012817      0.19323      0.41769 brainseq__dlpfc__M037
brainseq__caudate_sczd__M000            SET     654     0.079087     0.014939     0.035231     0.012396 brainseq__caudate_sczd__M000
brainseq__caudate_sczd__M001            SET     201      0.13047     0.013844     0.058815     0.013272 brainseq__caudate_sczd__M001
brainseq__caudate_sczd__M002            SET     658     0.024644    0.0046686     0.034831      0.23963 brainseq__caudate_sczd__M002
brainseq__caudate_sczd__M003            SET     585   -0.0066412   -0.0011888     0.035342      0.57453 brainseq__caudate_sczd__M003
brainseq__caudate_sczd__M004            SET     395    -0.021075   -0.0031172       0.0435      0.68598 brainseq__caudate_sczd__M004
brainseq__caudate_sczd__M005            SET     298     0.029254    0.0037689     0.046449      0.26441 brainseq__caudate_sczd__M005
brainseq__caudate_sczd__M006            SET     276     0.060174    0.0074655     0.051621      0.12188 brainseq__caudate_sczd__M006
brainseq__caudate_sczd__M007            SET      88     -0.19485    -0.013724       0.0937      0.98121 brainseq__caudate_sczd__M007
brainseq__caudate_sczd__M008            SET     239      0.13597     0.015714      0.05391    0.0058366 brainseq__caudate_sczd__M008
brainseq__caudate_sczd__M009            SET     200    -0.013364   -0.0014145     0.058894      0.58975 brainseq__caudate_sczd__M009
brainseq__caudate_sczd__M010            SET     122     0.068841    0.0057034     0.082731      0.20268 brainseq__caudate_sczd__M010
brainseq__caudate_sczd__M011            SET     119     -0.11617   -0.0095067     0.079437      0.92818 brainseq__caudate_sczd__M011
brainseq__caudate_sczd__M012            SET     101      0.09639    0.0072705     0.082068       0.1201 brainseq__caudate_sczd__M012
brainseq__caudate_sczd__M013            SET      87     0.052354    0.0036665       0.0829      0.26385 brainseq__caudate_sczd__M013
brainseq__caudate_sczd__M014            SET      64     0.069877       0.0042      0.10899      0.26072 brainseq__caudate_sczd__M014
brainseq__caudate_sczd__M015            SET      55    -0.093374   -0.0052041      0.12494      0.77258 brainseq__caudate_sczd__M015
brainseq__caudate_sczd__M016            SET      57     0.094301    0.0053501      0.10358      0.18131 brainseq__caudate_sczd__M016
brainseq__caudate_sczd__M017            SET      52      0.19667     0.010659      0.11616     0.045221 brainseq__caudate_sczd__M017
brainseq__caudate_sczd__M018            SET      44      0.18065    0.0090081      0.12738     0.078074 brainseq__caudate_sczd__M018
brainseq__caudate_sczd__M019            SET      46     -0.10124   -0.0051615      0.12537      0.79032 brainseq__caudate_sczd__M019
brainseq__caudate_sczd__M020            SET      41     0.050563    0.0024341      0.12009      0.33686 brainseq__caudate_sczd__M020
brainseq__caudate_sczd__M021            SET      32     0.086452    0.0036776      0.12679      0.24767 brainseq__caudate_sczd__M021
brainseq__caudate_sczd__M022            SET      29      0.16541    0.0066991      0.16256      0.15446 brainseq__caudate_sczd__M022
brainseq__caudate_sczd__M023            SET      27     -0.04764   -0.0018618      0.16903      0.61097 brainseq__caudate_sczd__M023
brainseq__caudate_sczd__M024            SET      25       0.3183     0.011971         0.17     0.030587 brainseq__caudate_sczd__M024
brainseq__caudate_sczd__M025            SET      25     0.018239   0.00068593      0.16682      0.45647 brainseq__caudate_sczd__M025
brainseq__caudate_sczd__M026            SET      21       0.3925      0.01353      0.15394     0.005396 brainseq__caudate_sczd__M026
brainseq__caudate_sczd__M027            SET      23      0.42948     0.015493      0.18497     0.010125 brainseq__caudate_sczd__M027
brainseq__caudate_sczd__M028            SET      20     -0.37317    -0.012554      0.21541      0.95838 brainseq__caudate_sczd__M028
brainseq__caudate_sczd__M029            SET      17      0.55232     0.017132      0.22099    0.0062278 brainseq__caudate_sczd__M029
brainseq__caudate_sczd__M030            SET      19      -0.2399   -0.0078666      0.18932      0.89744 brainseq__caudate_sczd__M030
brainseq__caudate_sczd__M031            SET      18     -0.13641    -0.004354      0.17203       0.7861 brainseq__caudate_sczd__M031
brainseq__caudate_sczd__M032            SET      13     -0.17609   -0.0047772      0.20072      0.80983 brainseq__caudate_sczd__M032
