# TOTAL_GENES = 17860
# TEST_DIRECTION = one-sided, positive (set), two-sided (covar)
# CONDITIONED_INTERNAL = gene size, gene density, sample size, inverse mac, log(gene size), log(gene density), log(sample size), log(inverse mac)
VARIABLE                               TYPE  NGENES         BETA     BETA_STD           SE            P FULL_NAME
gtex__amygdala__M000                    SET    1204     0.031275    0.0078421     0.028585      0.13696 gtex__amygdala__M000
gtex__amygdala__M001                    SET    1130     0.066353     0.016154     0.028806     0.010633 gtex__amygdala__M001
gtex__amygdala__M002                    SET     904     0.084591     0.018544     0.032317    0.0044328 gtex__amygdala__M002
gtex__amygdala__M003                    SET     646     0.038866     0.007257     0.035489      0.13674 gtex__amygdala__M003
gtex__amygdala__M004                    SET     523    -0.017143   -0.0028904     0.039439       0.6681 gtex__amygdala__M004
gtex__amygdala__M005                    SET     316      0.07569    0.0099788     0.053654     0.079174 gtex__amygdala__M005
gtex__amygdala__M006                    SET     170    0.0057207   0.00055548     0.072767      0.46867 gtex__amygdala__M006
gtex__amygdala__M007                    SET     139    -0.011991   -0.0010537     0.072537      0.56565 gtex__amygdala__M007
gtex__amygdala__M008                    SET     105    0.0015555   0.00011892     0.086202       0.4928 gtex__amygdala__M008
gtex__amygdala__M009                    SET      88     0.098078    0.0068677     0.095848       0.1531 gtex__amygdala__M009
gtex__amygdala__M010                    SET      79     0.063378    0.0042059      0.10176      0.26671 gtex__amygdala__M010
gtex__amygdala__M011                    SET      74       0.2222     0.014274     0.098967     0.012383 gtex__amygdala__M011
gtex__amygdala__M012                    SET      55    -0.070121   -0.0038854      0.13523      0.69795 gtex__amygdala__M012
gtex__amygdala__M013                    SET      60    -0.082443   -0.0047706      0.13272      0.73275 gtex__amygdala__M013
gtex__amygdala__M014                    SET      53     0.025841    0.0014056      0.14139      0.42749 gtex__amygdala__M014
gtex__amygdala__M015                    SET      38      0.16676    0.0076839      0.15385      0.13921 gtex__amygdala__M015
gtex__amygdala__M016                    SET      41     0.077107    0.0036903      0.13613      0.28556 gtex__amygdala__M016
gtex__amygdala__M017                    SET      36    -0.078684   -0.0035292      0.15183      0.69785 gtex__amygdala__M017
gtex__amygdala__M018                    SET      40      0.11624    0.0054951      0.13837      0.20043 gtex__amygdala__M018
gtex__amygdala__M019                    SET      31      0.22406    0.0093271      0.16264     0.084165 gtex__amygdala__M019
gtex__amygdala__M020                    SET      23     0.055574    0.0019931      0.19028      0.38512 gtex__amygdala__M020
gtex__amygdala__M021                    SET      27        0.254    0.0098685      0.18612      0.08619 gtex__amygdala__M021
gtex__amygdala__M022                    SET      22     -0.15522   -0.0054445      0.18362      0.80102 gtex__amygdala__M022
gtex__amygdala__M023                    SET      25     -0.22979   -0.0085915      0.19028       0.8864 gtex__amygdala__M023
gtex__amygdala__M024                    SET      15   -0.0041675  -0.00012073      0.23397      0.50711 gtex__amygdala__M024
gtex__amygdala__M025                    SET      18      0.35934     0.011402      0.22965     0.058834 gtex__amygdala__M025
gtex__amygdala__M026                    SET      17      0.23315    0.0071899      0.23219      0.15767 gtex__amygdala__M026
gtex__amygdala__M027                    SET      17      0.17435    0.0053765      0.21217      0.20563 gtex__amygdala__M027
gtex__amygdala__M028                    SET      19     0.071567    0.0023331      0.21739        0.371 gtex__amygdala__M028
gtex__amygdala__M029                    SET      13    -0.093539   -0.0025228      0.24527      0.64853 gtex__amygdala__M029
gtex__amygdala__M030                    SET      16      0.28475    0.0085193      0.22191     0.099719 gtex__amygdala__M030
gtex__amygdala__M031                    SET      14      0.23606    0.0066068      0.24065      0.16332 gtex__amygdala__M031
gtex__amygdala__M032                    SET      12      0.22232    0.0057609      0.25021      0.18714 gtex__amygdala__M032
gtex__anterior_cingulate_cor...1        SET    2251     0.095011     0.031534       0.0212   3.7299e-06 gtex__anterior_cingulate_cortex_ba24__M000
gtex__anterior_cingulate_cor...2        SET    1286     0.012909    0.0033371     0.027264      0.31793 gtex__anterior_cingulate_cortex_ba24__M001
gtex__anterior_cingulate_cor...3        SET     627      0.12714     0.023401     0.039442   0.00063452 gtex__anterior_cingulate_cortex_ba24__M002
gtex__anterior_cingulate_cor...4        SET     518  -0.00030089  -5.0495e-05     0.043821      0.50274 gtex__anterior_cingulate_cortex_ba24__M003
gtex__anterior_cingulate_cor...5        SET     435     0.028408    0.0043793     0.043351      0.25614 gtex__anterior_cingulate_cortex_ba24__M004
gtex__anterior_cingulate_cor...6        SET     462    -0.016586   -0.0026329     0.044099      0.64658 gtex__anterior_cingulate_cortex_ba24__M005
gtex__anterior_cingulate_cor...7        SET     297    0.0068021   0.00086986     0.052226      0.44819 gtex__anterior_cingulate_cortex_ba24__M006
gtex__anterior_cingulate_cor...8        SET     197      0.15722     0.016421      0.06565    0.0083204 gtex__anterior_cingulate_cortex_ba24__M007
gtex__anterior_cingulate_cor...9        SET     173   -0.0084589  -0.00082851     0.070555      0.54771 gtex__anterior_cingulate_cortex_ba24__M008
gtex__anterior_cingulate_cor...10       SET     102    -0.093685   -0.0070599     0.089827      0.85151 gtex__anterior_cingulate_cortex_ba24__M009
gtex__anterior_cingulate_cor...11       SET      91     0.086972    0.0061925     0.093201      0.17537 gtex__anterior_cingulate_cortex_ba24__M010
gtex__anterior_cingulate_cor...12       SET      72     0.075937    0.0048119      0.10637      0.23764 gtex__anterior_cingulate_cortex_ba24__M011
gtex__anterior_cingulate_cor...13       SET      65    -0.086463   -0.0052067      0.11226      0.77941 gtex__anterior_cingulate_cortex_ba24__M012
gtex__anterior_cingulate_cor...14       SET      72      0.11838    0.0075011      0.10262      0.12435 gtex__anterior_cingulate_cortex_ba24__M013
gtex__anterior_cingulate_cor...15       SET      51     0.082034    0.0043775      0.11702      0.24165 gtex__anterior_cingulate_cortex_ba24__M014
gtex__anterior_cingulate_cor...16       SET      43     0.030673    0.0015033      0.14762       0.4177 gtex__anterior_cingulate_cortex_ba24__M015
gtex__anterior_cingulate_cor...17       SET      35    -0.093129   -0.0041187      0.15727      0.72313 gtex__anterior_cingulate_cortex_ba24__M016
gtex__anterior_cingulate_cor...18       SET      30      0.18591    0.0076134      0.17716      0.14701 gtex__anterior_cingulate_cortex_ba24__M017
gtex__anterior_cingulate_cor...19       SET      17     0.088718    0.0027359      0.20312      0.33114 gtex__anterior_cingulate_cortex_ba24__M018
gtex__anterior_cingulate_cor...20       SET      19    0.0086299   0.00028133       0.2054      0.48324 gtex__anterior_cingulate_cortex_ba24__M019
gtex__anterior_cingulate_cor...21       SET      20     -0.18009   -0.0060233      0.20744      0.80735 gtex__anterior_cingulate_cortex_ba24__M020
gtex__anterior_cingulate_cor...22       SET      19    -0.064936   -0.0021169      0.20733      0.62293 gtex__anterior_cingulate_cortex_ba24__M021
gtex__anterior_cingulate_cor...23       SET      13      0.33139    0.0089375      0.24419     0.087389 gtex__anterior_cingulate_cortex_ba24__M022
gtex__anterior_cingulate_cor...24       SET      15        0.259    0.0075029      0.26685      0.16589 gtex__anterior_cingulate_cortex_ba24__M023
gtex__anterior_cingulate_cor...25       SET      16     -0.16343   -0.0048895      0.22697      0.76425 gtex__anterior_cingulate_cortex_ba24__M024
gtex__caudate_basal_ganglia_...1        SET    1515       0.1143     0.031847     0.025728   4.4739e-06 gtex__caudate_basal_ganglia__M000
gtex__caudate_basal_ganglia_...2        SET    1234    0.0099737    0.0025295     0.028202       0.3618 gtex__caudate_basal_ganglia__M001
gtex__caudate_basal_ganglia_...3        SET     842     0.050023     0.010603     0.033688     0.068798 gtex__caudate_basal_ganglia__M002
gtex__caudate_basal_ganglia_...4        SET     593     0.012012    0.0021522     0.036897      0.37238 gtex__caudate_basal_ganglia__M003
gtex__caudate_basal_ganglia_...5        SET     558     0.034415    0.0059874     0.040907       0.2001 gtex__caudate_basal_ganglia__M004
gtex__caudate_basal_ganglia_...6        SET     440      0.04082    0.0063279     0.043193      0.17232 gtex__caudate_basal_ganglia__M005
gtex__caudate_basal_ganglia_...7        SET     221    -0.018909   -0.0020905     0.060279      0.62312 gtex__caudate_basal_ganglia__M006
gtex__caudate_basal_ganglia_...8        SET     203      0.18203     0.019297     0.060278    0.0012665 gtex__caudate_basal_ganglia__M007
gtex__caudate_basal_ganglia_...9        SET     177    -0.018344   -0.0018171     0.073738      0.59823 gtex__caudate_basal_ganglia__M008
gtex__caudate_basal_ganglia_...10       SET     116    -0.060345   -0.0048476     0.083929      0.76392 gtex__caudate_basal_ganglia__M009
gtex__caudate_basal_ganglia_...11       SET     112    0.0011539   9.1091e-05     0.086086      0.49465 gtex__caudate_basal_ganglia__M010
gtex__caudate_basal_ganglia_...12       SET      76     -0.01654   -0.0010767       0.1075      0.56114 gtex__caudate_basal_ganglia__M011
gtex__caudate_basal_ganglia_...13       SET      71      0.11226    0.0070643      0.10488      0.14223 gtex__caudate_basal_ganglia__M012
gtex__caudate_basal_ganglia_...14       SET      75   -0.0099658  -0.00064447      0.11197      0.53546 gtex__caudate_basal_ganglia__M013
gtex__caudate_basal_ganglia_...15       SET      57      0.16151    0.0091102      0.11995     0.089071 gtex__caudate_basal_ganglia__M014
gtex__caudate_basal_ganglia_...16       SET      66      0.11966     0.007261      0.10807      0.13409 gtex__caudate_basal_ganglia__M015
gtex__caudate_basal_ganglia_...17       SET      48     -0.13629   -0.0070563      0.12757      0.85731 gtex__caudate_basal_ganglia__M016
gtex__caudate_basal_ganglia_...18       SET      33      -0.0593   -0.0025467      0.16047      0.64413 gtex__caudate_basal_ganglia__M017
gtex__caudate_basal_ganglia_...19       SET      34      0.35488      0.01547      0.15553     0.011256 gtex__caudate_basal_ganglia__M018
gtex__caudate_basal_ganglia_...20       SET      30     0.096667    0.0039586      0.16042      0.27339 gtex__caudate_basal_ganglia__M019
gtex__caudate_basal_ganglia_...21       SET      18     0.070357    0.0022325       0.1864      0.35292 gtex__caudate_basal_ganglia__M020
gtex__caudate_basal_ganglia_...22       SET      24     0.023982   0.00087857      0.18473      0.44835 gtex__caudate_basal_ganglia__M021
gtex__caudate_basal_ganglia_...23       SET      15      -0.1175    -0.003404      0.22988      0.69538 gtex__caudate_basal_ganglia__M022
gtex__caudate_basal_ganglia_...24       SET      20     0.091935    0.0030749      0.21019      0.33092 gtex__caudate_basal_ganglia__M023
gtex__caudate_basal_ganglia_...25       SET      16    -0.045391    -0.001358      0.22308      0.58062 gtex__caudate_basal_ganglia__M024
gtex__caudate_basal_ganglia_...26       SET      20     -0.11384   -0.0038075      0.20527      0.71041 gtex__caudate_basal_ganglia__M025
gtex__caudate_basal_ganglia_...27       SET      13      0.30621    0.0082585      0.25233      0.11248 gtex__caudate_basal_ganglia__M026
gtex__caudate_basal_ganglia_...28       SET      13      0.16868    0.0045493      0.22981      0.23148 gtex__caudate_basal_ganglia__M027
gtex__cerebellar_hemisphere_...1        SET    2456     0.057677     0.019864     0.020275    0.0022249 gtex__cerebellar_hemisphere__M000
gtex__cerebellar_hemisphere_...2        SET     755     0.027344    0.0055021     0.033277      0.20562 gtex__cerebellar_hemisphere__M001
gtex__cerebellar_hemisphere_...3        SET     836      0.09137       0.0193     0.033827     0.003459 gtex__cerebellar_hemisphere__M002
gtex__cerebellar_hemisphere_...4        SET     798     0.012507     0.002584     0.031467      0.34552 gtex__cerebellar_hemisphere__M003
gtex__cerebellar_hemisphere_...5        SET     574     0.060578     0.010684     0.038795     0.059213 gtex__cerebellar_hemisphere__M004
gtex__cerebellar_hemisphere_...6        SET     157     0.056327     0.005258     0.071004      0.21381 gtex__cerebellar_hemisphere__M005
gtex__cerebellar_hemisphere_...7        SET     173    -0.015881   -0.0015555     0.066028      0.59504 gtex__cerebellar_hemisphere__M006
gtex__cerebellar_hemisphere_...8        SET     140     0.066025    0.0058229     0.073939      0.18594 gtex__cerebellar_hemisphere__M007
gtex__cerebellar_hemisphere_...9        SET     113      0.14242     0.011293     0.085058      0.04704 gtex__cerebellar_hemisphere__M008
gtex__cerebellar_hemisphere_...10       SET     113    -0.089824   -0.0071224     0.089711      0.84164 gtex__cerebellar_hemisphere__M009
gtex__cerebellar_hemisphere_...11       SET     116    -0.050765    -0.004078     0.088251      0.71743 gtex__cerebellar_hemisphere__M010
gtex__cerebellar_hemisphere_...12       SET     105     0.077678    0.0059386      0.10538      0.23053 gtex__cerebellar_hemisphere__M011
gtex__cerebellar_hemisphere_...13       SET      78     0.054685    0.0036061      0.10799      0.30629 gtex__cerebellar_hemisphere__M012
gtex__cerebellar_hemisphere_...14       SET      54      0.06653    0.0036528      0.12105      0.29129 gtex__cerebellar_hemisphere__M013
gtex__cerebellar_hemisphere_...15       SET      45     0.016489   0.00082668      0.14437      0.45453 gtex__cerebellar_hemisphere__M014
gtex__cerebellar_hemisphere_...16       SET      43      0.15735    0.0077119      0.13253      0.11757 gtex__cerebellar_hemisphere__M015
gtex__cerebellar_hemisphere_...17       SET      36      0.13551    0.0060778      0.16067      0.19951 gtex__cerebellar_hemisphere__M016
gtex__cerebellar_hemisphere_...18       SET      36     -0.15507   -0.0069551      0.14514      0.85732 gtex__cerebellar_hemisphere__M017
gtex__cerebellar_hemisphere_...19       SET      38     0.099285    0.0045749      0.16503      0.27371 gtex__cerebellar_hemisphere__M018
gtex__cerebellar_hemisphere_...20       SET      31     0.079887    0.0033254      0.14701      0.29342 gtex__cerebellar_hemisphere__M019
gtex__cerebellar_hemisphere_...21       SET      30     0.029822    0.0012212      0.15122      0.42183 gtex__cerebellar_hemisphere__M020
gtex__cerebellar_hemisphere_...22       SET      16    -0.043347   -0.0012969      0.20439      0.58397 gtex__cerebellar_hemisphere__M021
gtex__cerebellar_hemisphere_...23       SET      15    -0.048491   -0.0014047      0.20142      0.59512 gtex__cerebellar_hemisphere__M022
gtex__cerebellar_hemisphere_...24       SET      16      0.33997     0.010171       0.2449     0.082547 gtex__cerebellar_hemisphere__M023
gtex__cerebellum__M000                  SET    1456     0.076995     0.021069     0.025693    0.0013665 gtex__cerebellum__M000
gtex__cerebellum__M001                  SET     596      0.10582     0.019006     0.039587    0.0037621 gtex__cerebellum__M001
gtex__cerebellum__M002                  SET     517     0.052815    0.0088551     0.039534     0.090795 gtex__cerebellum__M002
gtex__cerebellum__M003                  SET     486    0.0090008    0.0014645      0.04073      0.41255 gtex__cerebellum__M003
gtex__cerebellum__M004                  SET     412     0.079464      0.01193     0.042433     0.030565 gtex__cerebellum__M004
gtex__cerebellum__M005                  SET     234    -0.023332   -0.0026532      0.05856      0.65484 gtex__cerebellum__M005
gtex__cerebellum__M006                  SET     216     0.073456    0.0080294     0.063389      0.12327 gtex__cerebellum__M006
gtex__cerebellum__M007                  SET     212     0.084482    0.0091497     0.070374      0.11499 gtex__cerebellum__M007
gtex__cerebellum__M008                  SET     175       0.1151     0.011338     0.069211     0.048161 gtex__cerebellum__M008
gtex__cerebellum__M009                  SET     161    -0.038775    -0.003665     0.072018      0.70485 gtex__cerebellum__M009
gtex__cerebellum__M010                  SET     131      0.15896     0.013564     0.077256     0.019825 gtex__cerebellum__M010
gtex__cerebellum__M011                  SET     119     0.039315    0.0031985     0.085771      0.32335 gtex__cerebellum__M011
gtex__cerebellum__M012                  SET      75    -0.082936   -0.0053633      0.10696      0.78094 gtex__cerebellum__M012
gtex__cerebellum__M013                  SET      33    -0.080589    -0.003461      0.14609       0.7094 gtex__cerebellum__M013
gtex__cerebellum__M014                  SET      26     0.017054   0.00065021      0.18041      0.46235 gtex__cerebellum__M014
gtex__cerebellum__M015                  SET      28      0.13155    0.0052048      0.18494      0.23845 gtex__cerebellum__M015
gtex__cerebellum__M016                  SET      26    0.0079919   0.00030471      0.15988      0.48007 gtex__cerebellum__M016
gtex__cerebellum__M017                  SET      24     -0.01852  -0.00067847      0.18164      0.54061 gtex__cerebellum__M017
gtex__cerebellum__M018                  SET      23      0.05761    0.0020661      0.21345      0.39362 gtex__cerebellum__M018
gtex__cerebellum__M019                  SET      16    -0.016478    -0.000493       0.2331      0.52818 gtex__cerebellum__M019
gtex__cerebellum__M020                  SET      18      -0.0768    -0.002437      0.20519       0.6459 gtex__cerebellum__M020
gtex__cortex__M000                      SET    1577     0.094189     0.026725     0.025067   8.6098e-05 gtex__cortex__M000
gtex__cortex__M001                      SET     977     0.062765     0.014273     0.030385     0.019438 gtex__cortex__M001
gtex__cortex__M002                      SET     741     0.078443     0.015643     0.034788     0.012076 gtex__cortex__M002
gtex__cortex__M003                      SET     358    -0.015141   -0.0021221     0.050875        0.617 gtex__cortex__M003
gtex__cortex__M004                      SET     255     0.088203     0.010464     0.055138     0.054845 gtex__cortex__M004
gtex__cortex__M005                      SET     239      0.10292     0.011826     0.060841     0.045365 gtex__cortex__M005
gtex__cortex__M006                      SET     220    -0.004422  -0.00048776     0.059806      0.52947 gtex__cortex__M006
gtex__cortex__M007                      SET     188     0.068817    0.0070234     0.065333       0.1461 gtex__cortex__M007
gtex__cortex__M008                      SET     200     0.010293    0.0010832     0.067831      0.43969 gtex__cortex__M008
gtex__cortex__M009                      SET     132      0.16126     0.013813     0.078519     0.020005 gtex__cortex__M009
gtex__cortex__M010                      SET     138       0.1551     0.013581     0.087824     0.038705 gtex__cortex__M010
gtex__cortex__M011                      SET     129     0.080893    0.0068502     0.085703      0.17262 gtex__cortex__M011
gtex__cortex__M012                      SET     107      0.05048    0.0038957     0.087004      0.28089 gtex__cortex__M012
gtex__cortex__M013                      SET      85     0.060889    0.0041907     0.099655       0.2706 gtex__cortex__M013
gtex__cortex__M014                      SET      61    -0.013095  -0.00076402      0.12524      0.54164 gtex__cortex__M014
gtex__cortex__M015                      SET      40      0.16707    0.0078979      0.15678      0.14331 gtex__cortex__M015
gtex__cortex__M016                      SET      40     0.029935    0.0014151       0.1431      0.41715 gtex__cortex__M016
gtex__cortex__M017                      SET      31     0.080749    0.0033613      0.15932      0.30614 gtex__cortex__M017
gtex__cortex__M018                      SET      31    0.0026652   0.00011094      0.15109      0.49296 gtex__cortex__M018
gtex__cortex__M019                      SET      26     -0.38978    -0.014862      0.18997       0.9799 gtex__cortex__M019
gtex__cortex__M020                      SET      20    -0.009636  -0.00032229       0.2072      0.51855 gtex__cortex__M020
gtex__cortex__M021                      SET      14      0.40794     0.011417      0.23368     0.040437 gtex__cortex__M021
gtex__cortex__M022                      SET      17    -0.047347   -0.0014601      0.21534      0.58701 gtex__cortex__M022
gtex__cortex__M023                      SET      19     0.092716    0.0030225       0.1804      0.30364 gtex__cortex__M023
gtex__cortex__M024                      SET      20     -0.23195   -0.0077578      0.23287      0.84038 gtex__cortex__M024
gtex__frontal_cortex_ba9__M0...1        SET    3208     0.074942     0.028769     0.018563   2.7171e-05 gtex__frontal_cortex_ba9__M000
gtex__frontal_cortex_ba9__M0...2        SET     963     0.095515     0.021573     0.031389    0.0011733 gtex__frontal_cortex_ba9__M001
gtex__frontal_cortex_ba9__M0...3        SET     846    -0.038908   -0.0082652     0.034014      0.87365 gtex__frontal_cortex_ba9__M002
gtex__frontal_cortex_ba9__M0...4        SET     707    0.0022438   0.00043751     0.035275      0.47464 gtex__frontal_cortex_ba9__M003
gtex__frontal_cortex_ba9__M0...5        SET     645     0.065104     0.012147     0.035389     0.032917 gtex__frontal_cortex_ba9__M004
gtex__frontal_cortex_ba9__M0...6        SET     424     0.065261    0.0099355     0.046473     0.080128 gtex__frontal_cortex_ba9__M005
gtex__frontal_cortex_ba9__M0...7        SET     158     0.043356    0.0040599      0.07259      0.27517 gtex__frontal_cortex_ba9__M006
gtex__frontal_cortex_ba9__M0...8        SET     144    -0.087189   -0.0077975     0.079341      0.86409 gtex__frontal_cortex_ba9__M007
gtex__frontal_cortex_ba9__M0...9        SET     122     0.086385    0.0071154     0.086994      0.16036 gtex__frontal_cortex_ba9__M008
gtex__frontal_cortex_ba9__M0...10       SET     108     0.054938    0.0042593     0.083667      0.25571 gtex__frontal_cortex_ba9__M009
gtex__frontal_cortex_ba9__M0...11       SET      77      0.17046     0.011168      0.10443     0.051326 gtex__frontal_cortex_ba9__M010
gtex__frontal_cortex_ba9__M0...12       SET      62    -0.079132   -0.0046544      0.10933       0.7654 gtex__frontal_cortex_ba9__M011
gtex__frontal_cortex_ba9__M0...13       SET      62     -0.15373    -0.009042      0.11614      0.90717 gtex__frontal_cortex_ba9__M012
gtex__frontal_cortex_ba9__M0...14       SET      52     0.015859   0.00085452      0.12419      0.44919 gtex__frontal_cortex_ba9__M013
gtex__frontal_cortex_ba9__M0...15       SET      38    0.0062148   0.00028637      0.12987      0.48092 gtex__frontal_cortex_ba9__M014
gtex__frontal_cortex_ba9__M0...16       SET      37      0.21514    0.0097823      0.13993     0.062099 gtex__frontal_cortex_ba9__M015
gtex__frontal_cortex_ba9__M0...17       SET      38     -0.32173    -0.014825      0.14701      0.98568 gtex__frontal_cortex_ba9__M016
gtex__frontal_cortex_ba9__M0...18       SET      30     -0.21255    -0.008704      0.16618      0.89954 gtex__frontal_cortex_ba9__M017
gtex__frontal_cortex_ba9__M0...19       SET      23     -0.30302    -0.010867      0.17926      0.95452 gtex__frontal_cortex_ba9__M018
gtex__frontal_cortex_ba9__M0...20       SET      18       0.3852     0.012223       0.2186     0.039028 gtex__frontal_cortex_ba9__M019
gtex__frontal_cortex_ba9__M0...21       SET      12    0.0056541   0.00014651      0.26927      0.49162 gtex__frontal_cortex_ba9__M020
gtex__hippocampus__M000                 SET    1573     0.039609     0.011226     0.024757     0.054819 gtex__hippocampus__M000
gtex__hippocampus__M001                 SET    1182      0.11399     0.028338     0.028189   2.6421e-05 gtex__hippocampus__M001
gtex__hippocampus__M002                 SET     920      0.07599     0.016797     0.032371    0.0094562 gtex__hippocampus__M002
gtex__hippocampus__M003                 SET     595     0.021877     0.003926     0.038628      0.28558 gtex__hippocampus__M003
gtex__hippocampus__M004                 SET     468     0.045012    0.0071905     0.041548      0.13933 gtex__hippocampus__M004
gtex__hippocampus__M005                 SET     256     0.097211     0.011555     0.058334     0.047821 gtex__hippocampus__M005
gtex__hippocampus__M006                 SET     171     0.048751    0.0047475     0.071569      0.24788 gtex__hippocampus__M006
gtex__hippocampus__M007                 SET     136     0.015277    0.0013281     0.085422      0.42903 gtex__hippocampus__M007
gtex__hippocampus__M008                 SET     122    -0.013028   -0.0010731      0.08351      0.56198 gtex__hippocampus__M008
gtex__hippocampus__M009                 SET     131     -0.12906    -0.011013     0.085586      0.93421 gtex__hippocampus__M009
gtex__hippocampus__M010                 SET     112    0.0084991   0.00067095     0.082523      0.45899 gtex__hippocampus__M010
gtex__hippocampus__M011                 SET     109     0.023749    0.0018497     0.089693      0.39559 gtex__hippocampus__M011
gtex__hippocampus__M012                 SET     111     -0.02232   -0.0017542     0.087724      0.60042 gtex__hippocampus__M012
gtex__hippocampus__M013                 SET      78    -0.063026   -0.0041561     0.099829      0.73609 gtex__hippocampus__M013
gtex__hippocampus__M014                 SET      73     -0.04189   -0.0026727      0.10636      0.65315 gtex__hippocampus__M014
gtex__hippocampus__M015                 SET      60      0.11073    0.0064076      0.11892      0.17589 gtex__hippocampus__M015
gtex__hippocampus__M016                 SET      52      0.10707    0.0057688      0.13088      0.20667 gtex__hippocampus__M016
gtex__hippocampus__M017                 SET      48     -0.03675   -0.0019027      0.12211      0.61828 gtex__hippocampus__M017
gtex__hippocampus__M018                 SET      33      0.20475    0.0087935      0.17011      0.11437 gtex__hippocampus__M018
gtex__hippocampus__M019                 SET      37      0.32705     0.014871      0.15572     0.017859 gtex__hippocampus__M019
gtex__hippocampus__M020                 SET      44      0.03393    0.0016821      0.15086      0.41102 gtex__hippocampus__M020
gtex__hippocampus__M021                 SET      49     0.045161    0.0023623      0.13561      0.36956 gtex__hippocampus__M021
gtex__hippocampus__M022                 SET      32      -0.2439    -0.010315      0.17475      0.91858 gtex__hippocampus__M022
gtex__hippocampus__M023                 SET      33      0.14107    0.0060583      0.14289      0.16177 gtex__hippocampus__M023
gtex__hippocampus__M024                 SET      32    -0.035706   -0.0015101        0.145      0.59725 gtex__hippocampus__M024
gtex__hippocampus__M025                 SET      29      0.02225   0.00089588      0.15916      0.44441 gtex__hippocampus__M025
gtex__hippocampus__M026                 SET      24     0.074482    0.0027286      0.18303      0.34203 gtex__hippocampus__M026
gtex__hippocampus__M027                 SET      25   -0.0071383  -0.00026689      0.17572       0.5162 gtex__hippocampus__M027
gtex__hippocampus__M028                 SET      18      0.29254    0.0092828      0.22732     0.099072 gtex__hippocampus__M028
gtex__hippocampus__M029                 SET      16      0.43533     0.013024      0.22438     0.026189 gtex__hippocampus__M029
gtex__hypothalamus__M000                SET    1775     0.035935     0.010751     0.023402     0.062337 gtex__hypothalamus__M000
gtex__hypothalamus__M001                SET     868      0.13413     0.028842     0.033665   3.4005e-05 gtex__hypothalamus__M001
gtex__hypothalamus__M002                SET     862     0.052431     0.011238     0.031992     0.050627 gtex__hypothalamus__M002
gtex__hypothalamus__M003                SET     425    0.0084435    0.0012869     0.046394      0.42779 gtex__hypothalamus__M003
gtex__hypothalamus__M004                SET     305     0.045773    0.0059305     0.053019      0.19399 gtex__hypothalamus__M004
gtex__hypothalamus__M005                SET     211  -0.00050608  -5.4683e-05     0.062871      0.50321 gtex__hypothalamus__M005
gtex__hypothalamus__M006                SET     251     0.068997    0.0081221     0.058482      0.11905 gtex__hypothalamus__M006
gtex__hypothalamus__M007                SET     230     0.016911    0.0019067     0.059133      0.38745 gtex__hypothalamus__M007
gtex__hypothalamus__M008                SET     194     0.021257    0.0022034     0.063684      0.36927 gtex__hypothalamus__M008
gtex__hypothalamus__M009                SET     159     0.099864    0.0093807      0.07597     0.094345 gtex__hypothalamus__M009
gtex__hypothalamus__M010                SET     119     0.038724    0.0031504     0.081749      0.31786 gtex__hypothalamus__M010
gtex__hypothalamus__M011                SET     120     0.043065    0.0035182     0.084845      0.30588 gtex__hypothalamus__M011
gtex__hypothalamus__M012                SET      79     0.015196    0.0010084     0.097207      0.43789 gtex__hypothalamus__M012
gtex__hypothalamus__M013                SET      86      0.05445    0.0037694      0.10473      0.30156 gtex__hypothalamus__M013
gtex__hypothalamus__M014                SET      76     -0.14819   -0.0096466      0.11484      0.90153 gtex__hypothalamus__M014
gtex__hypothalamus__M015                SET      75    -0.066131   -0.0042765      0.10531      0.73498 gtex__hypothalamus__M015
gtex__hypothalamus__M016                SET      86     0.087974    0.0060901     0.093962      0.17457 gtex__hypothalamus__M016
gtex__hypothalamus__M017                SET      72     0.060001     0.003802      0.10371      0.28146 gtex__hypothalamus__M017
gtex__hypothalamus__M018                SET      53    -0.089177   -0.0048508       0.1188      0.77357 gtex__hypothalamus__M018
gtex__hypothalamus__M019                SET      46      0.07277    0.0036885      0.13926      0.30065 gtex__hypothalamus__M019
gtex__hypothalamus__M020                SET      51    -0.031194   -0.0016646       0.1365      0.59038 gtex__hypothalamus__M020
gtex__hypothalamus__M021                SET      23      0.15978    0.0057303      0.18655      0.19587 gtex__hypothalamus__M021
gtex__hypothalamus__M022                SET      33    -0.074655   -0.0032062      0.15634       0.6835 gtex__hypothalamus__M022
gtex__hypothalamus__M023                SET      30     0.062916    0.0025765      0.15569      0.34307 gtex__hypothalamus__M023
gtex__hypothalamus__M024                SET      18     0.015556   0.00049361      0.22588      0.47255 gtex__hypothalamus__M024
gtex__hypothalamus__M025                SET      18      0.59287     0.018813      0.20664    0.0020605 gtex__hypothalamus__M025
gtex__hypothalamus__M026                SET      18     -0.49903    -0.015835      0.22427      0.98696 gtex__hypothalamus__M026
gtex__nucleus_accumbens_basa...1        SET    2872     0.091066     0.033454     0.019163   1.0146e-06 gtex__nucleus_accumbens_basal_ganglia__M000
gtex__nucleus_accumbens_basa...2        SET     921      0.10443     0.023096     0.032762   0.00071844 gtex__nucleus_accumbens_basal_ganglia__M001
gtex__nucleus_accumbens_basa...3        SET     465     0.047237    0.0075223     0.040913      0.12414 gtex__nucleus_accumbens_basal_ganglia__M002
gtex__nucleus_accumbens_basa...4        SET     364    -0.069869   -0.0098726     0.046922      0.93175 gtex__nucleus_accumbens_basal_ganglia__M003
gtex__nucleus_accumbens_basa...5        SET     270     0.033173    0.0040479     0.053851      0.26894 gtex__nucleus_accumbens_basal_ganglia__M004
gtex__nucleus_accumbens_basa...6        SET     254     0.024392    0.0028882     0.060214      0.34271 gtex__nucleus_accumbens_basal_ganglia__M005
gtex__nucleus_accumbens_basa...7        SET     197     0.066248    0.0069194     0.066556      0.15978 gtex__nucleus_accumbens_basal_ganglia__M006
gtex__nucleus_accumbens_basa...8        SET     208   -0.0033834    -0.000363     0.061493      0.52194 gtex__nucleus_accumbens_basal_ganglia__M007
gtex__nucleus_accumbens_basa...9        SET     183      0.18642     0.018773     0.067162    0.0027579 gtex__nucleus_accumbens_basal_ganglia__M008
gtex__nucleus_accumbens_basa...10       SET      95     0.072938    0.0053055     0.095293      0.22202 gtex__nucleus_accumbens_basal_ganglia__M009
gtex__nucleus_accumbens_basa...11       SET      72    -0.006444  -0.00040833      0.11549      0.52225 gtex__nucleus_accumbens_basal_ganglia__M010
gtex__nucleus_accumbens_basa...12       SET      65     -0.12856   -0.0077418      0.11365      0.87101 gtex__nucleus_accumbens_basal_ganglia__M011
gtex__nucleus_accumbens_basa...13       SET      66     0.082942    0.0050329      0.11717      0.23952 gtex__nucleus_accumbens_basal_ganglia__M012
gtex__nucleus_accumbens_basa...14       SET      66      0.13385    0.0081219      0.10754      0.10664 gtex__nucleus_accumbens_basal_ganglia__M013
gtex__nucleus_accumbens_basa...15       SET      43   0.00014821   7.2636e-06      0.13527      0.49956 gtex__nucleus_accumbens_basal_ganglia__M014
gtex__nucleus_accumbens_basa...16       SET      43      -0.1748   -0.0085668      0.15433      0.87131 gtex__nucleus_accumbens_basal_ganglia__M015
gtex__nucleus_accumbens_basa...17       SET      46      0.15432    0.0078217      0.14863      0.14959 gtex__nucleus_accumbens_basal_ganglia__M016
gtex__nucleus_accumbens_basa...18       SET      34     0.052232    0.0022769       0.1533      0.36666 gtex__nucleus_accumbens_basal_ganglia__M017
gtex__nucleus_accumbens_basa...19       SET      40     0.097135    0.0045919      0.15147      0.26068 gtex__nucleus_accumbens_basal_ganglia__M018
gtex__nucleus_accumbens_basa...20       SET      35       0.1587    0.0070187      0.15413       0.1516 gtex__nucleus_accumbens_basal_ganglia__M019
gtex__nucleus_accumbens_basa...21       SET      30      0.17701    0.0072487      0.18065      0.16358 gtex__nucleus_accumbens_basal_ganglia__M020
gtex__nucleus_accumbens_basa...22       SET      16     -0.14332   -0.0042878      0.21109      0.75141 gtex__nucleus_accumbens_basal_ganglia__M021
gtex__nucleus_accumbens_basa...23       SET      20     -0.18453   -0.0061716      0.20008       0.8218 gtex__nucleus_accumbens_basal_ganglia__M022
gtex__nucleus_accumbens_basa...24       SET      25    -0.088229   -0.0032987      0.19952      0.67083 gtex__nucleus_accumbens_basal_ganglia__M023
gtex__nucleus_accumbens_basa...25       SET      20     0.031775    0.0010627      0.18581      0.43211 gtex__nucleus_accumbens_basal_ganglia__M024
gtex__nucleus_accumbens_basa...26       SET      19    -0.093543   -0.0030495      0.20877      0.67295 gtex__nucleus_accumbens_basal_ganglia__M025
gtex__nucleus_accumbens_basa...27       SET      17    -0.013841  -0.00042683       0.2287      0.52413 gtex__nucleus_accumbens_basal_ganglia__M026
gtex__putamen_basal_ganglia_...1        SET    1420      0.11298     0.030564     0.026221   8.2619e-06 gtex__putamen_basal_ganglia__M000
gtex__putamen_basal_ganglia_...2        SET    1222    0.0051049    0.0012888     0.028248       0.4283 gtex__putamen_basal_ganglia__M001
gtex__putamen_basal_ganglia_...3        SET     895       0.1172     0.025571     0.032189    0.0001362 gtex__putamen_basal_ganglia__M002
gtex__putamen_basal_ganglia_...4        SET     382        0.108     0.015626     0.046019    0.0094696 gtex__putamen_basal_ganglia__M003
gtex__putamen_basal_ganglia_...5        SET     360    -0.046079   -0.0064759     0.047177      0.83564 gtex__putamen_basal_ganglia__M004
gtex__putamen_basal_ganglia_...6        SET     365     0.023617    0.0033416     0.049092      0.31524 gtex__putamen_basal_ganglia__M005
gtex__putamen_basal_ganglia_...7        SET     281   -0.0024459  -0.00030438     0.053085      0.51837 gtex__putamen_basal_ganglia__M006
gtex__putamen_basal_ganglia_...8        SET     302     0.021814    0.0028125     0.051487      0.33591 gtex__putamen_basal_ganglia__M007
gtex__putamen_basal_ganglia_...9        SET     177   -0.0074358  -0.00073658     0.074533      0.53973 gtex__putamen_basal_ganglia__M008
gtex__putamen_basal_ganglia_...10       SET     157    -0.027104   -0.0025301     0.076504      0.63844 gtex__putamen_basal_ganglia__M009
gtex__putamen_basal_ganglia_...11       SET     139     0.070744    0.0062169     0.077461      0.18055 gtex__putamen_basal_ganglia__M010
gtex__putamen_basal_ganglia_...12       SET     104    -0.018825   -0.0014324     0.090425      0.58246 gtex__putamen_basal_ganglia__M011
gtex__putamen_basal_ganglia_...13       SET      74      0.16224     0.010422      0.10511     0.061354 gtex__putamen_basal_ganglia__M012
gtex__putamen_basal_ganglia_...14       SET      95     0.097607    0.0070999     0.098372      0.16055 gtex__putamen_basal_ganglia__M013
gtex__putamen_basal_ganglia_...15       SET      76      0.10272    0.0066864      0.10599      0.16624 gtex__putamen_basal_ganglia__M014
gtex__putamen_basal_ganglia_...16       SET      89      0.13296    0.0093626     0.092523     0.075365 gtex__putamen_basal_ganglia__M015
gtex__putamen_basal_ganglia_...17       SET      45     -0.10206   -0.0051169      0.12869      0.78613 gtex__putamen_basal_ganglia__M016
gtex__putamen_basal_ganglia_...18       SET      26     0.097895    0.0037325      0.16139      0.27206 gtex__putamen_basal_ganglia__M017
gtex__putamen_basal_ganglia_...19       SET      26    -0.019702  -0.00075118      0.16008      0.54897 gtex__putamen_basal_ganglia__M018
gtex__putamen_basal_ganglia_...20       SET      17     -0.23749   -0.0073238      0.20069      0.88166 gtex__putamen_basal_ganglia__M019
gtex__putamen_basal_ganglia_...21       SET      25      0.29212     0.010922      0.18543     0.057597 gtex__putamen_basal_ganglia__M020
gtex__putamen_basal_ganglia_...22       SET      21     0.066434    0.0022767      0.20016      0.36999 gtex__putamen_basal_ganglia__M021
gtex__putamen_basal_ganglia_...23       SET      15      0.17153    0.0049692      0.20641      0.20299 gtex__putamen_basal_ganglia__M022
gtex__putamen_basal_ganglia_...24       SET      21     0.095038     0.003257      0.21898      0.33215 gtex__putamen_basal_ganglia__M023
gtex__putamen_basal_ganglia_...25       SET      16     -0.02263  -0.00067706      0.23922      0.53768 gtex__putamen_basal_ganglia__M024
gtex__putamen_basal_ganglia_...26       SET      15    -0.060447   -0.0017511      0.26575      0.58996 gtex__putamen_basal_ganglia__M025
gtex__putamen_basal_ganglia_...27       SET      17     -0.35085     -0.01082       0.2412       0.9271 gtex__putamen_basal_ganglia__M026
gtex__spinal_cord_cervical_c...1        SET    1672     0.036186     0.010541      0.02402     0.065984 gtex__spinal_cord_cervical_c_1__M000
gtex__spinal_cord_cervical_c...2        SET     935     0.022707    0.0050579     0.031772       0.2374 gtex__spinal_cord_cervical_c_1__M001
gtex__spinal_cord_cervical_c...3        SET     318     0.022492    0.0029745     0.050522      0.32809 gtex__spinal_cord_cervical_c_1__M002
gtex__spinal_cord_cervical_c...4        SET     319      0.23081      0.03057     0.054293   1.0691e-05 gtex__spinal_cord_cervical_c_1__M003
gtex__spinal_cord_cervical_c...5        SET     274     0.044937    0.0055233     0.055964        0.211 gtex__spinal_cord_cervical_c_1__M004
gtex__spinal_cord_cervical_c...6        SET     191     0.071343    0.0073384     0.066363      0.14119 gtex__spinal_cord_cervical_c_1__M005
gtex__spinal_cord_cervical_c...7        SET     205     0.026329    0.0028047     0.061587      0.33451 gtex__spinal_cord_cervical_c_1__M006
gtex__spinal_cord_cervical_c...8        SET     192     0.039918    0.0041167     0.067783      0.27796 gtex__spinal_cord_cervical_c_1__M007
gtex__spinal_cord_cervical_c...9        SET     172     0.053164    0.0051922     0.069222      0.22124 gtex__spinal_cord_cervical_c_1__M008
gtex__spinal_cord_cervical_c...10       SET     168      0.12326     0.011899      0.06838     0.035736 gtex__spinal_cord_cervical_c_1__M009
gtex__spinal_cord_cervical_c...11       SET     178    -0.023488   -0.0023332     0.066222      0.63859 gtex__spinal_cord_cervical_c_1__M010
gtex__spinal_cord_cervical_c...12       SET     138     0.010277   0.00089991     0.083112       0.4508 gtex__spinal_cord_cervical_c_1__M011
gtex__spinal_cord_cervical_c...13       SET     140      0.12235      0.01079     0.079196     0.061196 gtex__spinal_cord_cervical_c_1__M012
gtex__spinal_cord_cervical_c...14       SET      98     0.098891    0.0073055     0.090842      0.13817 gtex__spinal_cord_cervical_c_1__M013
gtex__spinal_cord_cervical_c...15       SET      84      0.13817    0.0094538      0.10295     0.089784 gtex__spinal_cord_cervical_c_1__M014
gtex__spinal_cord_cervical_c...16       SET      84     -0.10625   -0.0072697     0.092976      0.87342 gtex__spinal_cord_cervical_c_1__M015
gtex__spinal_cord_cervical_c...17       SET      74     0.053446    0.0034332       0.1133      0.31857 gtex__spinal_cord_cervical_c_1__M016
gtex__spinal_cord_cervical_c...18       SET      66     -0.04722   -0.0028653      0.11733      0.65633 gtex__spinal_cord_cervical_c_1__M017
gtex__spinal_cord_cervical_c...19       SET      68     0.014986   0.00092297      0.10822      0.44493 gtex__spinal_cord_cervical_c_1__M018
gtex__spinal_cord_cervical_c...20       SET      61     0.084803    0.0049477      0.11741      0.23506 gtex__spinal_cord_cervical_c_1__M019
gtex__spinal_cord_cervical_c...21       SET      46      0.16628    0.0084283      0.13154      0.10309 gtex__spinal_cord_cervical_c_1__M020
gtex__spinal_cord_cervical_c...22       SET      17     -0.17962   -0.0055391      0.21903       0.7939 gtex__spinal_cord_cervical_c_1__M021
gtex__spinal_cord_cervical_c...23       SET      23     -0.25578   -0.0091732      0.21432      0.88365 gtex__spinal_cord_cervical_c_1__M022
gtex__spinal_cord_cervical_c...24       SET      28      0.39984      0.01582      0.17487      0.01112 gtex__spinal_cord_cervical_c_1__M023
gtex__spinal_cord_cervical_c...25       SET      20    -0.085051   -0.0028446      0.20511      0.66081 gtex__spinal_cord_cervical_c_1__M024
gtex__substantia_nigra__M000            SET    1522     0.025966    0.0072501     0.025013      0.14962 gtex__substantia_nigra__M000
gtex__substantia_nigra__M001            SET     876     0.050541     0.010916     0.032655     0.060855 gtex__substantia_nigra__M001
gtex__substantia_nigra__M002            SET     784     0.093557     0.019167     0.034709    0.0035182 gtex__substantia_nigra__M002
gtex__substantia_nigra__M003            SET     565      0.07333     0.012835     0.039451      0.03154 gtex__substantia_nigra__M003
gtex__substantia_nigra__M004            SET     490     0.030433    0.0049714     0.040137      0.22416 gtex__substantia_nigra__M004
gtex__substantia_nigra__M005            SET     224     0.034377    0.0038258     0.059326      0.28115 gtex__substantia_nigra__M005
gtex__substantia_nigra__M006            SET     180   -0.0078966  -0.00078877     0.070229      0.54476 gtex__substantia_nigra__M006
gtex__substantia_nigra__M007            SET     161     0.042354    0.0040033     0.070579      0.27422 gtex__substantia_nigra__M007
gtex__substantia_nigra__M008            SET     153    -0.046574   -0.0042923     0.070257       0.7463 gtex__substantia_nigra__M008
gtex__substantia_nigra__M009            SET     137     0.025746    0.0022463     0.079381      0.37284 gtex__substantia_nigra__M009
gtex__substantia_nigra__M010            SET      84   -0.0062404  -0.00042698     0.099608      0.52498 gtex__substantia_nigra__M010
gtex__substantia_nigra__M011            SET      88      0.13704    0.0095957     0.098947     0.083043 gtex__substantia_nigra__M011
gtex__substantia_nigra__M012            SET      87    0.0093996   0.00065446     0.097675      0.46167 gtex__substantia_nigra__M012
gtex__substantia_nigra__M013            SET      77      0.15797      0.01035        0.109     0.073635 gtex__substantia_nigra__M013
gtex__substantia_nigra__M014            SET      76     0.061488    0.0040026      0.10268      0.27465 gtex__substantia_nigra__M014
gtex__substantia_nigra__M015            SET      70    -0.031716   -0.0019818      0.11121      0.61225 gtex__substantia_nigra__M015
gtex__substantia_nigra__M016            SET      73    -0.030752   -0.0019621      0.11491       0.6055 gtex__substantia_nigra__M016
gtex__substantia_nigra__M017            SET      59    -5.21e-05  -2.9896e-06      0.11339      0.50018 gtex__substantia_nigra__M017
gtex__substantia_nigra__M018            SET      65      0.15867     0.009555      0.10887     0.072504 gtex__substantia_nigra__M018
gtex__substantia_nigra__M019            SET      64     0.098654    0.0058952      0.11421      0.19386 gtex__substantia_nigra__M019
gtex__substantia_nigra__M020            SET      53     0.078352     0.004262       0.1248      0.26506 gtex__substantia_nigra__M020
gtex__substantia_nigra__M021            SET      25     0.030839     0.001153      0.17045      0.42822 gtex__substantia_nigra__M021
gtex__substantia_nigra__M022            SET      28      0.03753    0.0014849      0.16076      0.40771 gtex__substantia_nigra__M022
gtex__substantia_nigra__M023            SET      21      0.12625    0.0043267      0.19876      0.26266 gtex__substantia_nigra__M023
brainseq__caudate__M000                 SET     641     0.081894     0.015234     0.036791     0.013017 brainseq__caudate__M000
brainseq__caudate__M001                 SET     992     0.086826     0.019887     0.031147    0.0026579 brainseq__caudate__M001
brainseq__caudate__M002                 SET     816   -0.0020772  -0.00043374     0.034705      0.52386 brainseq__caudate__M002
brainseq__caudate__M003                 SET     835      0.11326     0.023911     0.033681   0.00038664 brainseq__caudate__M003
brainseq__caudate__M004                 SET     661     0.034685    0.0065482     0.037458      0.17724 brainseq__caudate__M004
brainseq__caudate__M005                 SET     359    0.0020846   0.00029257     0.044966      0.48151 brainseq__caudate__M005
brainseq__caudate__M006                 SET     341     0.035202    0.0048176     0.050432      0.24259 brainseq__caudate__M006
brainseq__caudate__M007                 SET     220     0.046592    0.0051392     0.059698      0.21757 brainseq__caudate__M007
brainseq__caudate__M008                 SET     214     0.055779    0.0060692     0.061242      0.18121 brainseq__caudate__M008
brainseq__caudate__M009                 SET     158     0.051989    0.0048683     0.072293      0.23603 brainseq__caudate__M009
brainseq__caudate__M010                 SET     105       0.1563     0.011949     0.089169     0.039823 brainseq__caudate__M010
brainseq__caudate__M011                 SET      56      0.18134     0.010139       0.1215     0.067785 brainseq__caudate__M011
brainseq__caudate__M012                 SET      30     -0.11579   -0.0047417      0.17292      0.74844 brainseq__caudate__M012
brainseq__hippocampus__M000             SET     590      0.12377     0.022122     0.040473    0.0011152 brainseq__hippocampus__M000
brainseq__hippocampus__M001             SET     578     0.059322     0.010498     0.040948     0.073717 brainseq__hippocampus__M001
brainseq__hippocampus__M002             SET     553    -0.069721    -0.012077     0.042105      0.95112 brainseq__hippocampus__M002
brainseq__hippocampus__M003             SET     468     0.033099    0.0052874     0.044277      0.22738 brainseq__hippocampus__M003
brainseq__hippocampus__M004             SET     438      0.10046     0.015539     0.043199     0.010026 brainseq__hippocampus__M004
brainseq__hippocampus__M005             SET     300      0.10151     0.013045     0.052791     0.027258 brainseq__hippocampus__M005
brainseq__hippocampus__M006             SET     310      0.12272     0.016028     0.054408     0.012056 brainseq__hippocampus__M006
brainseq__hippocampus__M007             SET     273      0.11921     0.014625     0.058031     0.019987 brainseq__hippocampus__M007
brainseq__hippocampus__M008             SET     254      0.11422     0.013524     0.058958     0.026367 brainseq__hippocampus__M008
brainseq__hippocampus__M009             SET     160    0.0042253   0.00039814     0.081369      0.47929 brainseq__hippocampus__M009
brainseq__hippocampus__M010             SET      70     -0.14542   -0.0090865      0.11733      0.89241 brainseq__hippocampus__M010
brainseq__hippocampus__M011             SET      59    -0.039652   -0.0022753      0.11892       0.6306 brainseq__hippocampus__M011
brainseq__hippocampus__M012             SET      36      0.10029    0.0044983      0.14744      0.24818 brainseq__hippocampus__M012
brainseq__hippocampus__M013             SET      37    -0.036113   -0.0016421      0.15133      0.59431 brainseq__hippocampus__M013
brainseq__hippocampus__M014             SET      32     0.024186    0.0010229      0.17178      0.44402 brainseq__hippocampus__M014
brainseq__hippocampus__M015             SET      19    -0.069945   -0.0022802      0.21049      0.63016 brainseq__hippocampus__M015
brainseq__dlpfc__M000                   SET     807     0.094002     0.019526     0.035017    0.0036359 brainseq__dlpfc__M000
brainseq__dlpfc__M001                   SET     717     0.018483    0.0036284     0.036209      0.30487 brainseq__dlpfc__M001
brainseq__dlpfc__M002                   SET     716     0.067459     0.013234     0.037061      0.03437 brainseq__dlpfc__M002
brainseq__dlpfc__M003                   SET     546     0.087432     0.015052     0.040032     0.014487 brainseq__dlpfc__M003
brainseq__dlpfc__M004                   SET     535      0.05026    0.0085677     0.039623      0.10233 brainseq__dlpfc__M004
brainseq__dlpfc__M005                   SET     503     0.063871     0.010567     0.042161     0.064903 brainseq__dlpfc__M005
brainseq__dlpfc__M006                   SET     432     0.048582    0.0074639     0.044795      0.13907 brainseq__dlpfc__M006
brainseq__dlpfc__M007                   SET     302      0.10685     0.013777     0.054533     0.025038 brainseq__dlpfc__M007
brainseq__dlpfc__M008                   SET     177      0.10491     0.010393     0.066396     0.057048 brainseq__dlpfc__M008
brainseq__dlpfc__M009                   SET     112     0.077197    0.0060942     0.083567      0.17781 brainseq__dlpfc__M009
brainseq__caudate_sczd__M000            SET     763     0.062849      0.01271     0.033771     0.031378 brainseq__caudate_sczd__M000
brainseq__caudate_sczd__M001            SET    1411      0.01427    0.0038493     0.026617      0.29594 brainseq__caudate_sczd__M001
brainseq__caudate_sczd__M002            SET    1045     0.090691     0.021286     0.030679    0.0015598 brainseq__caudate_sczd__M002
brainseq__caudate_sczd__M003            SET     774     0.073452     0.014956     0.035295      0.01872 brainseq__caudate_sczd__M003
brainseq__caudate_sczd__M004            SET     358     0.079946     0.011205     0.050973     0.058404 brainseq__caudate_sczd__M004
brainseq__caudate_sczd__M005            SET     335     0.047478    0.0064413     0.047018       0.1563 brainseq__caudate_sczd__M005
brainseq__caudate_sczd__M006            SET     295    -0.004035   -0.0005143     0.053117      0.53028 brainseq__caudate_sczd__M006
brainseq__caudate_sczd__M007            SET     216      0.08394    0.0091753     0.058187     0.074577 brainseq__caudate_sczd__M007
brainseq__caudate_sczd__M008            SET     171    -0.018517   -0.0018033     0.068025      0.60727 brainseq__caudate_sczd__M008
brainseq__caudate_sczd__M009            SET     144     0.016146     0.001444     0.073865      0.41349 brainseq__caudate_sczd__M009
brainseq__caudate_sczd__M010            SET      77      0.14859    0.0097355     0.097832     0.064417 brainseq__caudate_sczd__M010
brainseq__caudate_sczd__M011            SET      48     -0.22178    -0.011482      0.14625      0.93528 brainseq__caudate_sczd__M011
