# TOTAL_GENES = 17860
# TEST_DIRECTION = one-sided, positive (set), two-sided (covar)
# CONDITIONED_INTERNAL = gene size, gene density, sample size, inverse mac, log(gene size), log(gene density), log(sample size), log(inverse mac)
VARIABLE                               TYPE  NGENES         BETA     BETA_STD           SE            P FULL_NAME
gtex__amygdala__M000                    SET   12149      0.11433     0.053322     0.016615    3.081e-12 gtex__amygdala__M000
gtex__amygdala__M002                    SET     432     -0.12754    -0.019594     0.049536      0.99498 gtex__amygdala__M002
gtex__amygdala__M003                    SET     394    -0.011087   -0.0016285     0.048982      0.58953 gtex__amygdala__M003
gtex__amygdala__M001                    SET     470    -0.071625    -0.011466      0.04702      0.93615 gtex__amygdala__M001
gtex__amygdala__M005                    SET     101     -0.26443    -0.019829     0.097751      0.99658 gtex__amygdala__M005
gtex__amygdala__M004                    SET      91     0.018893    0.0013452      0.10036      0.42534 gtex__amygdala__M004
gtex__anterior_cingulate_cor...2        SET    1533    -0.054375    -0.015232     0.025808      0.98243 gtex__anterior_cingulate_cortex_ba24__M001
gtex__anterior_cingulate_cor...1        SET   10672      0.12971      0.06361     0.015617   5.3529e-17 gtex__anterior_cingulate_cortex_ba24__M000
gtex__anterior_cingulate_cor...3        SET     652     -0.15342    -0.028774     0.039054      0.99996 gtex__anterior_cingulate_cortex_ba24__M002
gtex__anterior_cingulate_cor...6        SET     152     -0.11836    -0.010873     0.084334      0.91975 gtex__anterior_cingulate_cortex_ba24__M005
gtex__anterior_cingulate_cor...4        SET     268    -0.083024    -0.010094     0.061229      0.91243 gtex__anterior_cingulate_cortex_ba24__M003
gtex__anterior_cingulate_cor...5        SET     314    -0.022874   -0.0030063     0.056722      0.65662 gtex__anterior_cingulate_cortex_ba24__M004
gtex__caudate_basal_ganglia_...4        SET     432    -0.021767   -0.0033442     0.047418       0.6769 gtex__caudate_basal_ganglia__M003
gtex__caudate_basal_ganglia_...1        SET   11509      0.12752     0.061043     0.016168   1.6456e-15 gtex__caudate_basal_ganglia__M000
gtex__caudate_basal_ganglia_...5        SET     239     -0.11812    -0.013573     0.067343      0.96027 gtex__caudate_basal_ganglia__M004
gtex__caudate_basal_ganglia_...2        SET     982     -0.13744    -0.031331     0.032407      0.99999 gtex__caudate_basal_ganglia__M001
gtex__caudate_basal_ganglia_...3        SET     494    -0.046381   -0.0076064      0.04736      0.83628 gtex__caudate_basal_ganglia__M002
gtex__caudate_basal_ganglia_...6        SET      39      0.10258    0.0047883      0.16252      0.26397 gtex__caudate_basal_ganglia__M005
gtex__cerebellar_hemisphere_...2        SET     784    -0.063354     -0.01298     0.037685      0.95363 gtex__cerebellar_hemisphere__M001
gtex__cerebellar_hemisphere_...1        SET   10680      0.10529     0.051628     0.015999   2.3986e-11 gtex__cerebellar_hemisphere__M000
gtex__cerebellar_hemisphere_...4        SET     267     -0.20218    -0.024536     0.062962      0.99934 gtex__cerebellar_hemisphere__M003
gtex__cerebellar_hemisphere_...3        SET     540     0.075245     0.012885     0.047082     0.055012 gtex__cerebellar_hemisphere__M002
gtex__cerebellar_hemisphere_...9        SET     153    -0.026162   -0.0024112      0.07228      0.64131 gtex__cerebellar_hemisphere__M008
gtex__cerebellar_hemisphere_...10       SET     155     -0.15808    -0.014663     0.084345      0.96954 gtex__cerebellar_hemisphere__M009
gtex__cerebellar_hemisphere_...6        SET      75    -0.011978  -0.00077461      0.10714      0.54451 gtex__cerebellar_hemisphere__M005
gtex__cerebellar_hemisphere_...5        SET     130     0.050107    0.0042595      0.07711      0.25791 gtex__cerebellar_hemisphere__M004
gtex__cerebellar_hemisphere_...8        SET     180     0.018106    0.0018085     0.074664       0.4042 gtex__cerebellar_hemisphere__M007
gtex__cerebellar_hemisphere_...7        SET     224     0.067337    0.0074939     0.067053      0.15764 gtex__cerebellar_hemisphere__M006
gtex__cerebellar_hemisphere_...11       SET      86      0.13162    0.0091113      0.10754       0.1105 gtex__cerebellar_hemisphere__M010
gtex__cerebellum__M001                  SET     775    -0.082676    -0.016845      0.03725      0.98677 gtex__cerebellum__M001
gtex__cerebellum__M000                  SET   11066       0.1339     0.065009     0.016168   6.5236e-17 gtex__cerebellum__M000
gtex__cerebellum__M004                  SET     285     -0.18954    -0.023752     0.061021      0.99905 gtex__cerebellum__M004
gtex__cerebellum__M003                  SET     337     -0.13621    -0.018533     0.057623      0.99095 gtex__cerebellum__M003
gtex__cerebellum__M009                  SET      60     -0.13236   -0.0076591      0.13021       0.8453 gtex__cerebellum__M009
gtex__cerebellum__M008                  SET      71     0.082891    0.0052161      0.12452      0.25281 gtex__cerebellum__M008
gtex__cerebellum__M006                  SET     136     0.020956    0.0018218     0.074631      0.38944 gtex__cerebellum__M006
gtex__cerebellum__M005                  SET     244    -0.041601   -0.0048293     0.064228      0.74141 gtex__cerebellum__M005
gtex__cerebellum__M007                  SET     143     0.022196    0.0019782     0.083939      0.39573 gtex__cerebellum__M007
gtex__cerebellum__M002                  SET     124     -0.11144   -0.0092534      0.08005      0.91804 gtex__cerebellum__M002
gtex__cerebellum__M010                  SET      47      0.20521     0.010513      0.14808     0.082915 gtex__cerebellum__M010
gtex__cortex__M001                      SET     907    -0.034266   -0.0075235     0.032575      0.85357 gtex__cortex__M001
gtex__cortex__M000                      SET   10506      0.12718     0.062593     0.015498   1.2271e-16 gtex__cortex__M000
gtex__cortex__M002                      SET     644     -0.19216    -0.035827     0.039713            1 gtex__cortex__M002
gtex__cortex__M003                      SET     466    -0.034201   -0.0054522     0.046404      0.76944 gtex__cortex__M003
gtex__cortex__M010                      SET      48    -0.025152   -0.0013022      0.13962      0.57148 gtex__cortex__M010
gtex__cortex__M005                      SET     199    -0.050498   -0.0053008     0.074579      0.75083 gtex__cortex__M005
gtex__cortex__M008                      SET     198     0.039963    0.0041844     0.063202       0.2636 gtex__cortex__M008
gtex__cortex__M006                      SET     194    -0.043346   -0.0044931     0.071244      0.72854 gtex__cortex__M006
gtex__cortex__M004                      SET     403     -0.13762    -0.020438     0.052472      0.99563 gtex__cortex__M004
gtex__cortex__M007                      SET     102    -0.040847   -0.0030782     0.087471      0.67974 gtex__cortex__M007
gtex__cortex__M009                      SET      58    -0.088081   -0.0050114      0.13538      0.74235 gtex__cortex__M009
gtex__frontal_cortex_ba9__M0...2        SET    2530      -0.0152   -0.0053003      0.02029       0.7731 gtex__frontal_cortex_ba9__M001
gtex__frontal_cortex_ba9__M0...1        SET    9467      0.10446     0.052139     0.014824     9.52e-13 gtex__frontal_cortex_ba9__M000
gtex__frontal_cortex_ba9__M0...3        SET     678     -0.13189    -0.025206     0.038366      0.99971 gtex__frontal_cortex_ba9__M002
gtex__frontal_cortex_ba9__M0...7        SET     179     -0.18232    -0.018161     0.078967      0.98952 gtex__frontal_cortex_ba9__M006
gtex__frontal_cortex_ba9__M0...4        SET     357    -0.070328   -0.0098435     0.054255      0.90255 gtex__frontal_cortex_ba9__M003
gtex__frontal_cortex_ba9__M0...6        SET     181     0.019903    0.0019935     0.066499      0.38236 gtex__frontal_cortex_ba9__M005
gtex__frontal_cortex_ba9__M0...5        SET     271    -0.054259   -0.0066329     0.061892      0.80966 gtex__frontal_cortex_ba9__M004
gtex__hippocampus__M002                 SET     545    -0.036128   -0.0062143     0.042432      0.80273 gtex__hippocampus__M002
gtex__hippocampus__M000                 SET   12049      0.11191     0.052431     0.016523   6.5278e-12 gtex__hippocampus__M000
gtex__hippocampus__M001                 SET    1078    -0.078641    -0.018729     0.031147      0.99421 gtex__hippocampus__M001
gtex__hypothalamus__M000                SET   11571       0.1179     0.056314     0.016173   1.6225e-13 gtex__hypothalamus__M000
gtex__hypothalamus__M005                SET     262     -0.11177    -0.013438     0.063392      0.96106 gtex__hypothalamus__M005
gtex__hypothalamus__M004                SET     405      -0.1031    -0.015348     0.049311      0.98172 gtex__hypothalamus__M004
gtex__hypothalamus__M002                SET     583     -0.06374    -0.011327     0.041598      0.93727 gtex__hypothalamus__M002
gtex__hypothalamus__M001                SET     626    -0.053615   -0.0098605     0.039962      0.91014 gtex__hypothalamus__M001
gtex__hypothalamus__M003                SET     450    -0.069166     -0.01084     0.047809        0.926 gtex__hypothalamus__M003
gtex__nucleus_accumbens_basa...1        SET   11613      0.11741     0.055992     0.016281    2.894e-13 gtex__nucleus_accumbens_basal_ganglia__M000
gtex__nucleus_accumbens_basa...7        SET     242     -0.05269   -0.0060918     0.065888      0.78805 gtex__nucleus_accumbens_basal_ganglia__M006
gtex__nucleus_accumbens_basa...3        SET     485      -0.1304    -0.021195     0.045523      0.99791 gtex__nucleus_accumbens_basal_ganglia__M002
gtex__nucleus_accumbens_basa...5        SET     297   0.00041546    5.313e-05     0.059287       0.4972 gtex__nucleus_accumbens_basal_ganglia__M004
gtex__nucleus_accumbens_basa...2        SET     496    -0.081171    -0.013338     0.045197      0.96374 gtex__nucleus_accumbens_basal_ganglia__M001
gtex__nucleus_accumbens_basa...4        SET     352    -0.066717   -0.0092738     0.054028      0.89155 gtex__nucleus_accumbens_basal_ganglia__M003
gtex__nucleus_accumbens_basa...6        SET     233    -0.034132   -0.0038731     0.063783      0.70371 gtex__nucleus_accumbens_basal_ganglia__M005
gtex__putamen_basal_ganglia_...2        SET     903    -0.070872    -0.015528     0.034625      0.97966 gtex__putamen_basal_ganglia__M001
gtex__putamen_basal_ganglia_...1        SET   11098      0.13261     0.064325     0.015996     6.08e-17 gtex__putamen_basal_ganglia__M000
gtex__putamen_basal_ganglia_...4        SET     302    -0.046164   -0.0059522     0.057921      0.78728 gtex__putamen_basal_ganglia__M003
gtex__putamen_basal_ganglia_...3        SET    1047      -0.1408    -0.033076     0.031669            1 gtex__putamen_basal_ganglia__M002
gtex__putamen_basal_ganglia_...5        SET     125     -0.16679    -0.013905     0.090938      0.96668 gtex__putamen_basal_ganglia__M004
gtex__putamen_basal_ganglia_...6        SET      47     -0.02048   -0.0010492      0.13961      0.55831 gtex__putamen_basal_ganglia__M005
gtex__putamen_basal_ganglia_...7        SET      54      0.16392        0.009      0.13749      0.11659 gtex__putamen_basal_ganglia__M006
gtex__spinal_cord_cervical_c...1        SET   10386     0.068027     0.033559     0.015534   5.9922e-06 gtex__spinal_cord_cervical_c_1__M000
gtex__spinal_cord_cervical_c...5        SET     290    -0.095226    -0.012036     0.059865      0.94415 gtex__spinal_cord_cervical_c_1__M004
gtex__spinal_cord_cervical_c...4        SET     544    -0.082021    -0.014095     0.044425      0.96756 gtex__spinal_cord_cervical_c_1__M003
gtex__spinal_cord_cervical_c...2        SET    1112      0.13993     0.033812     0.031197   3.6651e-06 gtex__spinal_cord_cervical_c_1__M001
gtex__spinal_cord_cervical_c...6        SET     130    -0.044788   -0.0038073     0.093004      0.68494 gtex__spinal_cord_cervical_c_1__M005
gtex__spinal_cord_cervical_c...3        SET     944    -0.061017    -0.013653     0.033018      0.96769 gtex__spinal_cord_cervical_c_1__M002
gtex__spinal_cord_cervical_c...7        SET     130    -0.040737    -0.003463     0.083933      0.68629 gtex__spinal_cord_cervical_c_1__M006
gtex__spinal_cord_cervical_c...8        SET      54     0.095111    0.0052221      0.12871      0.22998 gtex__spinal_cord_cervical_c_1__M007
gtex__substantia_nigra__M002            SET     660    -0.094334    -0.017797     0.040722      0.98973 gtex__substantia_nigra__M002
gtex__substantia_nigra__M000            SET    9444     0.042962     0.021446     0.015023    0.0021231 gtex__substantia_nigra__M000
gtex__substantia_nigra__M001            SET    2630     0.082929     0.029388     0.020451   2.5179e-05 gtex__substantia_nigra__M001
gtex__substantia_nigra__M005            SET     123    -0.057806   -0.0047808     0.089597      0.74059 gtex__substantia_nigra__M005
gtex__substantia_nigra__M003            SET     482    -0.079796    -0.012931     0.046047      0.95844 gtex__substantia_nigra__M003
gtex__substantia_nigra__M006            SET     131    0.0025993    0.0002218     0.091267      0.48864 gtex__substantia_nigra__M006
gtex__substantia_nigra__M004            SET      79    -0.010512  -0.00069763      0.10988      0.53811 gtex__substantia_nigra__M004
brainseq__caudate__M003                 SET    1469    -0.039658    -0.010896     0.025434      0.94052 brainseq__caudate__M003
brainseq__caudate__M001                 SET    2072    0.0033888    0.0010853     0.021433      0.43719 brainseq__caudate__M001
brainseq__caudate__M005                 SET     835    -0.033012   -0.0069694     0.034576      0.83015 brainseq__caudate__M005
brainseq__caudate__M010                 SET     300     -0.15545    -0.019978     0.058413       0.9961 brainseq__caudate__M010
brainseq__caudate__M000                 SET    1995    0.0056446    0.0017781     0.022179      0.39956 brainseq__caudate__M000
brainseq__caudate__M007                 SET     362     0.062838    0.0088552     0.051626      0.11178 brainseq__caudate__M007
brainseq__caudate__M009                 SET     328   -0.0070121  -0.00094152     0.052533      0.55309 brainseq__caudate__M009
brainseq__caudate__M004                 SET    1101      0.14342     0.034496     0.029648   6.6315e-07 brainseq__caudate__M004
brainseq__caudate__M017                 SET      94     -0.15424    -0.011161     0.081497      0.97079 brainseq__caudate__M017
brainseq__caudate__M014                 SET     131      0.11902     0.010156      0.07868     0.065195 brainseq__caudate__M014
brainseq__caudate__M002                 SET    1649      0.10581     0.030633     0.025671   1.8872e-05 brainseq__caudate__M002
brainseq__caudate__M006                 SET     478     0.027915    0.0045054     0.044261      0.26412 brainseq__caudate__M006
brainseq__caudate__M013                 SET     204    0.0013267   0.00014098     0.071125      0.49256 brainseq__caudate__M013
brainseq__caudate__M020                 SET      68     0.047543    0.0029281      0.11221       0.3359 brainseq__caudate__M020
brainseq__caudate__M012                 SET     237     0.037911    0.0043382     0.065105      0.28018 brainseq__caudate__M012
brainseq__caudate__M011                 SET     285      0.11444     0.014341     0.050574     0.011829 brainseq__caudate__M011
brainseq__caudate__M008                 SET     302    -0.030913   -0.0039858     0.057446      0.70475 brainseq__caudate__M008
brainseq__caudate__M019                 SET      41      -0.2522     -0.01207      0.13366      0.97041 brainseq__caudate__M019
brainseq__caudate__M018                 SET      66      0.13204    0.0080121      0.11877      0.13313 brainseq__caudate__M018
brainseq__caudate__M016                 SET     100    -0.018532   -0.0013828     0.096637      0.57604 brainseq__caudate__M016
brainseq__caudate__M015                 SET      97      0.12411    0.0091215     0.092158     0.089054 brainseq__caudate__M015
brainseq__caudate__M022                 SET      33     0.094475    0.0040574      0.16254      0.28054 brainseq__caudate__M022
brainseq__caudate__M021                 SET      37     -0.15868   -0.0072151      0.15134      0.85279 brainseq__caudate__M021
brainseq__hippocampus__M001             SET    1899    -0.092322    -0.028459     0.023788      0.99995 brainseq__hippocampus__M001
brainseq__hippocampus__M000             SET    9300     0.038225     0.019097     0.014997    0.0054088 brainseq__hippocampus__M000
brainseq__hippocampus__M004             SET     434     0.056913    0.0087637       0.0493      0.12417 brainseq__hippocampus__M004
brainseq__hippocampus__M002             SET     604      0.22506     0.040684     0.040188   1.0875e-08 brainseq__hippocampus__M002
brainseq__hippocampus__M005             SET     326    0.0073518   0.00098417     0.055554      0.44736 brainseq__hippocampus__M005
brainseq__hippocampus__M007             SET     164     0.079318    0.0075659     0.080961      0.16362 brainseq__hippocampus__M007
brainseq__hippocampus__M003             SET     559      0.23875     0.041573      0.04556   8.1136e-08 brainseq__hippocampus__M003
brainseq__hippocampus__M006             SET     164     0.012671    0.0012086     0.084468      0.44038 brainseq__hippocampus__M006
brainseq__hippocampus__M008             SET      94      0.11136     0.008058      0.11193      0.15989 brainseq__hippocampus__M008
brainseq__dlpfc__M010                   SET     418    -0.094803    -0.014333     0.051115      0.96817 brainseq__dlpfc__M010
brainseq__dlpfc__M009                   SET     567    -0.055822   -0.0097874     0.041181      0.91237 brainseq__dlpfc__M009
brainseq__dlpfc__M003                   SET    1650     0.018764    0.0054336     0.024619      0.22298 brainseq__dlpfc__M003
brainseq__dlpfc__M006                   SET     590    -0.016195   -0.0028946     0.039418      0.65941 brainseq__dlpfc__M006
brainseq__dlpfc__M014                   SET     281     -0.10837    -0.013487     0.060987      0.96221 brainseq__dlpfc__M014
brainseq__dlpfc__M021                   SET      84    -0.039739    -0.002719      0.11298      0.63747 brainseq__dlpfc__M021
brainseq__dlpfc__M002                   SET    1349    -0.015523    -0.004102     0.027697      0.71241 brainseq__dlpfc__M002
brainseq__dlpfc__M008                   SET     666   -0.0081224    -0.001539     0.034576      0.59286 brainseq__dlpfc__M008
brainseq__dlpfc__M007                   SET     618    -0.014293   -0.0026124     0.036719      0.65145 brainseq__dlpfc__M007
brainseq__dlpfc__M001                   SET     672     0.052767     0.010041     0.038919     0.087588 brainseq__dlpfc__M001
brainseq__dlpfc__M017                   SET     183     0.053471    0.0053849     0.061589      0.19265 brainseq__dlpfc__M017
brainseq__dlpfc__M011                   SET     345    -0.066554   -0.0091605     0.054463      0.88914 brainseq__dlpfc__M011
brainseq__dlpfc__M004                   SET    1010     0.071699     0.016562     0.033739     0.016796 brainseq__dlpfc__M004
brainseq__dlpfc__M000                   SET    1789      0.14667     0.044036     0.024197    6.889e-10 brainseq__dlpfc__M000
brainseq__dlpfc__M005                   SET    1067     0.034503    0.0081777     0.028897      0.11625 brainseq__dlpfc__M005
brainseq__dlpfc__M013                   SET     322     0.017423    0.0023183     0.048581      0.35994 brainseq__dlpfc__M013
brainseq__dlpfc__M012                   SET     346     0.016033    0.0022099     0.052262      0.37951 brainseq__dlpfc__M012
brainseq__dlpfc__M016                   SET     189    -0.048657    -0.004979     0.070959      0.75355 brainseq__dlpfc__M016
brainseq__dlpfc__M020                   SET      78     0.086672    0.0057154      0.10905      0.21338 brainseq__dlpfc__M020
brainseq__dlpfc__M015                   SET     260   -0.0053559  -0.00064151      0.05489      0.53886 brainseq__dlpfc__M015
brainseq__dlpfc__M018                   SET     166      0.11705     0.011232     0.073051     0.054554 brainseq__dlpfc__M018
brainseq__dlpfc__M019                   SET     103      0.11018    0.0083431     0.089297      0.10864 brainseq__dlpfc__M019
brainseq__dlpfc__M023                   SET      36     -0.13063   -0.0058593      0.16163      0.79051 brainseq__dlpfc__M023
brainseq__dlpfc__M022                   SET       3      0.45651    0.0059163      0.52241       0.1911 brainseq__dlpfc__M022
brainseq__caudate_sczd__M009            SET     358    -0.058601   -0.0082133     0.052287      0.86879 brainseq__caudate_sczd__M009
brainseq__caudate_sczd__M008            SET     363     0.064197     0.009059     0.050047     0.099799 brainseq__caudate_sczd__M008
brainseq__caudate_sczd__M003            SET    1138    -0.039145   -0.0095613     0.029087       0.9108 brainseq__caudate_sczd__M003
brainseq__caudate_sczd__M006            SET     429     0.034562    0.0052921     0.045866      0.22556 brainseq__caudate_sczd__M006
brainseq__caudate_sczd__M018            SET     162    -0.025051    -0.002375     0.080651      0.62195 brainseq__caudate_sczd__M018
brainseq__caudate_sczd__M002            SET    1954   0.00095747   0.00029888      0.02196      0.48261 brainseq__caudate_sczd__M002
brainseq__caudate_sczd__M000            SET    2068     0.014908    0.0047702     0.021686       0.2459 brainseq__caudate_sczd__M000
brainseq__caudate_sczd__M013            SET     324    0.0089026    0.0011882       0.0487      0.42748 brainseq__caudate_sczd__M013
brainseq__caudate_sczd__M001            SET    2213     0.094951     0.031285     0.022607   1.3414e-05 brainseq__caudate_sczd__M001
brainseq__caudate_sczd__M017            SET     187      0.09254    0.0094197     0.065672     0.079407 brainseq__caudate_sczd__M017
brainseq__caudate_sczd__M012            SET     281    -0.014391   -0.0017909     0.059329      0.59583 brainseq__caudate_sczd__M012
brainseq__caudate_sczd__M005            SET     981    -0.044916    -0.010234     0.031656      0.92203 brainseq__caudate_sczd__M005
brainseq__caudate_sczd__M007            SET     390      0.19145     0.027981     0.047043   2.3657e-05 brainseq__caudate_sczd__M007
brainseq__caudate_sczd__M004            SET     585      0.10676     0.019003     0.039386     0.003361 brainseq__caudate_sczd__M004
brainseq__caudate_sczd__M019            SET     146    -0.071913   -0.0064755     0.081526      0.81113 brainseq__caudate_sczd__M019
brainseq__caudate_sczd__M011            SET     340     -0.12758    -0.017436      0.05504      0.98977 brainseq__caudate_sczd__M011
brainseq__caudate_sczd__M015            SET     188     -0.11576    -0.011814     0.071616      0.94699 brainseq__caudate_sczd__M015
brainseq__caudate_sczd__M020            SET     118     0.077584    0.0062855     0.083077      0.17519 brainseq__caudate_sczd__M020
brainseq__caudate_sczd__M014            SET     196    -0.014743    -0.001536     0.062507      0.59323 brainseq__caudate_sczd__M014
brainseq__caudate_sczd__M010            SET     300     0.026703    0.0034318     0.057364      0.32079 brainseq__caudate_sczd__M010
brainseq__caudate_sczd__M022            SET      51    -0.096022    -0.005124      0.13628      0.75946 brainseq__caudate_sczd__M022
brainseq__caudate_sczd__M016            SET     189      0.19551     0.020006     0.068142    0.0020603 brainseq__caudate_sczd__M016
brainseq__caudate_sczd__M021            SET      82     0.079163    0.0053518      0.10666        0.229 brainseq__caudate_sczd__M021
brainseq__caudate_sczd__M023            SET       4      0.53915     0.008068       0.4526      0.11679 brainseq__caudate_sczd__M023
