# TOTAL_GENES = 17860
# TEST_DIRECTION = one-sided, positive (set), two-sided (covar)
# CONDITIONED_INTERNAL = gene size, gene density, sample size, inverse mac, log(gene size), log(gene density), log(sample size), log(inverse mac)
VARIABLE                               TYPE  NGENES         BETA     BETA_STD           SE            P FULL_NAME
gtex__amygdala__M000                    SET    1116     0.063134     0.015281     0.028998     0.014739 gtex__amygdala__M000
gtex__amygdala__M001                    SET     909     0.032533    0.0071504     0.032854      0.16104 gtex__amygdala__M001
gtex__amygdala__M002                    SET     396    -0.018006   -0.0026513     0.044524      0.65704 gtex__amygdala__M002
gtex__amygdala__M003                    SET     368    -0.019232   -0.0027322     0.046255      0.66121 gtex__amygdala__M003
gtex__amygdala__M004                    SET     396      0.16514     0.024317     0.048648   0.00034439 gtex__amygdala__M004
gtex__amygdala__M005                    SET     142     0.021279    0.0018899     0.081539      0.39706 gtex__amygdala__M005
gtex__amygdala__M006                    SET     130     0.024379    0.0020724     0.086923      0.38956 gtex__amygdala__M006
gtex__amygdala__M007                    SET     125    -0.019536   -0.0016287     0.076718       0.6005 gtex__amygdala__M007
gtex__amygdala__M008                    SET      97      0.11441     0.008409     0.094874      0.11393 gtex__amygdala__M008
gtex__amygdala__M009                    SET      66     0.087891    0.0053331      0.10855      0.20908 gtex__amygdala__M009
gtex__amygdala__M010                    SET      56     -0.13833    -0.007734      0.13225      0.85221 gtex__amygdala__M010
gtex__amygdala__M011                    SET      64    -0.071495   -0.0042722      0.12946      0.70961 gtex__amygdala__M011
gtex__amygdala__M012                    SET      43     0.081479    0.0039933      0.12751      0.26142 gtex__amygdala__M012
gtex__amygdala__M013                    SET      41  -0.00039406  -1.8859e-05      0.13627      0.50115 gtex__amygdala__M013
gtex__amygdala__M014                    SET      35      0.14023    0.0062019      0.13866      0.15594 gtex__amygdala__M014
gtex__amygdala__M015                    SET      33    -0.049456   -0.0021239      0.14939      0.62969 gtex__amygdala__M015
gtex__amygdala__M016                    SET      30      0.26751     0.010955      0.17221     0.060177 gtex__amygdala__M016
gtex__amygdala__M017                    SET      23     0.054399     0.001951      0.18738      0.38579 gtex__amygdala__M017
gtex__amygdala__M018                    SET      22      0.18501    0.0064894      0.21471      0.19444 gtex__amygdala__M018
gtex__amygdala__M019                    SET      19      0.20099    0.0065524      0.21514       0.1751 gtex__amygdala__M019
gtex__amygdala__M020                    SET      19      0.18563    0.0060515      0.19648       0.1724 gtex__amygdala__M020
gtex__amygdala__M021                    SET      18     -0.12837   -0.0040734      0.24018      0.70349 gtex__amygdala__M021
gtex__amygdala__M022                    SET      17      0.23619    0.0072838      0.27145      0.19212 gtex__amygdala__M022
gtex__amygdala__M023                    SET      17      0.26139    0.0080607      0.21899      0.11632 gtex__amygdala__M023
gtex__anterior_cingulate_cor...1        SET    2210     0.094626      0.03116      0.02136   4.7414e-06 gtex__anterior_cingulate_cortex_ba24__M000
gtex__anterior_cingulate_cor...2        SET     984      0.04018     0.009168     0.030972     0.097275 gtex__anterior_cingulate_cortex_ba24__M001
gtex__anterior_cingulate_cor...3        SET     333      -0.0943    -0.012756     0.054696      0.95765 gtex__anterior_cingulate_cortex_ba24__M002
gtex__anterior_cingulate_cor...4        SET     224   -0.0024915  -0.00027727     0.057986      0.51714 gtex__anterior_cingulate_cortex_ba24__M003
gtex__anterior_cingulate_cor...5        SET     226    0.0016759   0.00018733     0.059068      0.48868 gtex__anterior_cingulate_cortex_ba24__M004
gtex__anterior_cingulate_cor...6        SET     232     0.056653     0.006415     0.063344      0.18557 gtex__anterior_cingulate_cortex_ba24__M005
gtex__anterior_cingulate_cor...7        SET     171    -0.088963   -0.0086635     0.073025      0.88843 gtex__anterior_cingulate_cortex_ba24__M006
gtex__anterior_cingulate_cor...8        SET     111      0.14368     0.011292     0.086335     0.048043 gtex__anterior_cingulate_cortex_ba24__M007
gtex__anterior_cingulate_cor...9        SET     107    -0.012455  -0.00096117     0.094599      0.55237 gtex__anterior_cingulate_cortex_ba24__M008
gtex__anterior_cingulate_cor...10       SET      52      0.25328     0.013647      0.13449     0.029837 gtex__anterior_cingulate_cortex_ba24__M009
gtex__anterior_cingulate_cor...11       SET      58      0.16123    0.0091732      0.11944     0.088536 gtex__anterior_cingulate_cortex_ba24__M010
gtex__anterior_cingulate_cor...12       SET      62     0.038413    0.0022594      0.11109      0.36475 gtex__anterior_cingulate_cortex_ba24__M011
gtex__anterior_cingulate_cor...13       SET      54    -0.030292   -0.0016632      0.11978      0.59982 gtex__anterior_cingulate_cortex_ba24__M012
gtex__anterior_cingulate_cor...14       SET      37        0.167    0.0075935       0.1682       0.1604 gtex__anterior_cingulate_cortex_ba24__M013
gtex__anterior_cingulate_cor...15       SET      43     0.058563    0.0028701      0.14687      0.34504 gtex__anterior_cingulate_cortex_ba24__M014
gtex__anterior_cingulate_cor...16       SET      39      0.19481    0.0090936      0.13722     0.077855 gtex__anterior_cingulate_cortex_ba24__M015
gtex__anterior_cingulate_cor...17       SET      31     -0.19429   -0.0080877      0.16466      0.88098 gtex__anterior_cingulate_cortex_ba24__M016
gtex__anterior_cingulate_cor...18       SET      27     0.099144    0.0038521      0.17171      0.28184 gtex__anterior_cingulate_cortex_ba24__M017
gtex__anterior_cingulate_cor...19       SET      24     -0.15373   -0.0056319      0.18032      0.80304 gtex__anterior_cingulate_cortex_ba24__M018
gtex__anterior_cingulate_cor...20       SET      16      0.02307   0.00069022      0.26147      0.46485 gtex__anterior_cingulate_cortex_ba24__M019
gtex__anterior_cingulate_cor...21       SET      15     0.083905    0.0024307      0.28314      0.38349 gtex__anterior_cingulate_cortex_ba24__M020
gtex__caudate_basal_ganglia_...1        SET    1516      0.11554     0.032204     0.025687   3.4498e-06 gtex__caudate_basal_ganglia__M000
gtex__caudate_basal_ganglia_...2        SET     981    -0.017694   -0.0040314     0.031302      0.71405 gtex__caudate_basal_ganglia__M001
gtex__caudate_basal_ganglia_...3        SET     368     0.035753     0.005079     0.046631      0.22163 gtex__caudate_basal_ganglia__M002
gtex__caudate_basal_ganglia_...4        SET     356      0.11628     0.016253     0.052022     0.012708 gtex__caudate_basal_ganglia__M003
gtex__caudate_basal_ganglia_...5        SET     261     0.016309    0.0019571     0.054101      0.38154 gtex__caudate_basal_ganglia__M004
gtex__caudate_basal_ganglia_...6        SET     220     0.018073    0.0019935     0.066748      0.39329 gtex__caudate_basal_ganglia__M005
gtex__caudate_basal_ganglia_...7        SET     183     0.014736     0.001484     0.073072      0.42009 gtex__caudate_basal_ganglia__M006
gtex__caudate_basal_ganglia_...8        SET     109     0.029313    0.0022831     0.095493      0.37944 gtex__caudate_basal_ganglia__M007
gtex__caudate_basal_ganglia_...9        SET     111      0.17049     0.013399     0.084806     0.022203 gtex__caudate_basal_ganglia__M008
gtex__caudate_basal_ganglia_...10       SET      76    -0.014907  -0.00097041      0.10934      0.55422 gtex__caudate_basal_ganglia__M009
gtex__caudate_basal_ganglia_...11       SET      67     0.070032    0.0042815      0.10716      0.25671 gtex__caudate_basal_ganglia__M010
gtex__caudate_basal_ganglia_...12       SET      59    -0.086489    -0.004963      0.11988      0.76468 gtex__caudate_basal_ganglia__M011
gtex__caudate_basal_ganglia_...13       SET      49      0.18271    0.0095575      0.12457     0.071225 gtex__caudate_basal_ganglia__M012
gtex__caudate_basal_ganglia_...14       SET      30      0.38169      0.01563      0.16148    0.0090516 gtex__caudate_basal_ganglia__M013
gtex__caudate_basal_ganglia_...15       SET      39    -0.025027   -0.0011682      0.15129      0.56569 gtex__caudate_basal_ganglia__M014
gtex__caudate_basal_ganglia_...16       SET      27    0.0062172   0.00024156      0.18572      0.48665 gtex__caudate_basal_ganglia__M015
gtex__caudate_basal_ganglia_...17       SET      27     0.095629    0.0037155      0.16553      0.28173 gtex__caudate_basal_ganglia__M016
gtex__caudate_basal_ganglia_...18       SET      26      0.03223    0.0012288      0.18286      0.43005 gtex__caudate_basal_ganglia__M017
gtex__caudate_basal_ganglia_...19       SET      18     -0.19728   -0.0062599      0.21234      0.82357 gtex__caudate_basal_ganglia__M018
gtex__caudate_basal_ganglia_...20       SET      20     0.078954    0.0026407      0.21315      0.35554 gtex__caudate_basal_ganglia__M019
gtex__caudate_basal_ganglia_...21       SET      16     -0.11454   -0.0034269      0.22512      0.69456 gtex__caudate_basal_ganglia__M020
gtex__cerebellar_hemisphere_...1        SET    1498      0.07886     0.021861     0.025548    0.0010136 gtex__cerebellar_hemisphere__M000
gtex__cerebellar_hemisphere_...2        SET     706     0.046596    0.0090796     0.034725     0.089828 gtex__cerebellar_hemisphere__M001
gtex__cerebellar_hemisphere_...3        SET     551    0.0080513    0.0013922     0.038731      0.41766 gtex__cerebellar_hemisphere__M002
gtex__cerebellar_hemisphere_...4        SET     440     0.042078    0.0065228     0.041663      0.15626 gtex__cerebellar_hemisphere__M003
gtex__cerebellar_hemisphere_...5        SET     355     0.055171    0.0077008     0.048839      0.12932 gtex__cerebellar_hemisphere__M004
gtex__cerebellar_hemisphere_...6        SET     286     0.087943      0.01104     0.056435     0.059591 gtex__cerebellar_hemisphere__M005
gtex__cerebellar_hemisphere_...7        SET     218    -0.055366   -0.0060797     0.059085      0.82563 gtex__cerebellar_hemisphere__M006
gtex__cerebellar_hemisphere_...8        SET     147     0.013558     0.001225     0.085767       0.4372 gtex__cerebellar_hemisphere__M007
gtex__cerebellar_hemisphere_...9        SET     100     0.024759    0.0018475     0.087363      0.38844 gtex__cerebellar_hemisphere__M008
gtex__cerebellar_hemisphere_...10       SET      87     0.050019    0.0034826      0.10702      0.32012 gtex__cerebellar_hemisphere__M009
gtex__cerebellar_hemisphere_...11       SET      88     0.082895    0.0058045     0.087747      0.17241 gtex__cerebellar_hemisphere__M010
gtex__cerebellar_hemisphere_...12       SET      86     0.079348     0.005493      0.11058      0.23652 gtex__cerebellar_hemisphere__M011
gtex__cerebellar_hemisphere_...13       SET      53    -0.046418   -0.0025249      0.11453      0.65736 gtex__cerebellar_hemisphere__M012
gtex__cerebellar_hemisphere_...14       SET      68     0.055258    0.0034032      0.11243      0.31155 gtex__cerebellar_hemisphere__M013
gtex__cerebellar_hemisphere_...15       SET      36      0.15271    0.0068496      0.15177      0.15716 gtex__cerebellar_hemisphere__M014
gtex__cerebellar_hemisphere_...16       SET      31      0.17305    0.0072034      0.17192      0.15709 gtex__cerebellar_hemisphere__M015
gtex__cerebellar_hemisphere_...17       SET      30       0.1486    0.0060854      0.16351      0.18173 gtex__cerebellar_hemisphere__M016
gtex__cerebellar_hemisphere_...18       SET      25      -0.1542   -0.0057653      0.16734      0.82159 gtex__cerebellar_hemisphere__M017
gtex__cerebellar_hemisphere_...19       SET      26    -0.093808   -0.0035767      0.17678      0.70217 gtex__cerebellar_hemisphere__M018
gtex__cerebellar_hemisphere_...20       SET      22       0.1401    0.0049142      0.21306      0.25542 gtex__cerebellar_hemisphere__M019
gtex__cerebellar_hemisphere_...21       SET      19       0.1126    0.0036706      0.22029      0.30463 gtex__cerebellar_hemisphere__M020
gtex__cerebellar_hemisphere_...22       SET      14      0.24563    0.0068747      0.26037      0.17275 gtex__cerebellar_hemisphere__M021
gtex__cerebellum__M000                  SET    1187     0.072433     0.018043     0.028368    0.0053391 gtex__cerebellum__M000
gtex__cerebellum__M001                  SET     294     0.039495    0.0050255       0.0514      0.22114 gtex__cerebellum__M001
gtex__cerebellum__M002                  SET     257     0.064812    0.0077188     0.053162       0.1114 gtex__cerebellum__M002
gtex__cerebellum__M003                  SET     271    -0.027135   -0.0033171     0.054151      0.69185 gtex__cerebellum__M003
gtex__cerebellum__M004                  SET     215      0.11698     0.012758     0.060786     0.027153 gtex__cerebellum__M004
gtex__cerebellum__M005                  SET     202      0.12413     0.013126     0.070534     0.039229 gtex__cerebellum__M005
gtex__cerebellum__M006                  SET     205     0.067518    0.0071922     0.071957      0.17405 gtex__cerebellum__M006
gtex__cerebellum__M007                  SET     134    -0.073245   -0.0063207     0.075745      0.83322 gtex__cerebellum__M007
gtex__cerebellum__M008                  SET     128     0.096514    0.0081415     0.078278       0.1088 gtex__cerebellum__M008
gtex__cerebellum__M009                  SET     133      0.11512    0.0098978     0.077702     0.069231 gtex__cerebellum__M009
gtex__cerebellum__M010                  SET     116     0.061677    0.0049546     0.086614      0.23821 gtex__cerebellum__M010
gtex__cerebellum__M011                  SET     116     0.046937    0.0037705     0.087953      0.29679 gtex__cerebellum__M011
gtex__cerebellum__M012                  SET      65     0.087866    0.0052912      0.11276      0.21794 gtex__cerebellum__M012
gtex__cerebellum__M013                  SET      68      0.11208    0.0069029       0.1147      0.16425 gtex__cerebellum__M013
gtex__cerebellum__M014                  SET      37      0.14936    0.0067912       0.1639      0.18108 gtex__cerebellum__M014
gtex__cerebellum__M015                  SET      40     -0.10563   -0.0049934      0.15005      0.75927 gtex__cerebellum__M015
gtex__cerebellum__M016                  SET      24      0.21552    0.0078954      0.18123      0.11718 gtex__cerebellum__M016
gtex__cerebellum__M017                  SET      23    -0.027927   -0.0010016      0.21174      0.55246 gtex__cerebellum__M017
gtex__cerebellum__M018                  SET      18      0.26165    0.0083025      0.24748       0.1452 gtex__cerebellum__M018
gtex__cortex__M000                      SET    1525     0.095136     0.026587     0.025426   9.1693e-05 gtex__cortex__M000
gtex__cortex__M001                      SET     545     0.030568    0.0052578     0.040071      0.22279 gtex__cortex__M001
gtex__cortex__M002                      SET     244    -0.014421   -0.0016741     0.062446      0.59132 gtex__cortex__M002
gtex__cortex__M003                      SET     217      0.12135     0.013295     0.063321     0.027667 gtex__cortex__M003
gtex__cortex__M004                      SET     153     0.044186    0.0040723     0.075524      0.27926 gtex__cortex__M004
gtex__cortex__M005                      SET     128     0.072111     0.006083     0.077374      0.17568 gtex__cortex__M005
gtex__cortex__M006                      SET     121     0.089475    0.0073399      0.08053      0.13327 gtex__cortex__M006
gtex__cortex__M007                      SET     111      0.12431    0.0097697      0.08314     0.067443 gtex__cortex__M007
gtex__cortex__M008                      SET      96    -0.011407  -0.00083408     0.098533      0.54608 gtex__cortex__M008
gtex__cortex__M009                      SET      82   0.00016431   1.1108e-05      0.10348      0.49937 gtex__cortex__M009
gtex__cortex__M010                      SET      72      0.10571    0.0066987      0.10129      0.14833 gtex__cortex__M010
gtex__cortex__M011                      SET      82      0.11741    0.0079375      0.11261      0.14858 gtex__cortex__M011
gtex__cortex__M012                      SET      72      0.13204    0.0083672      0.10873       0.1123 gtex__cortex__M012
gtex__cortex__M013                      SET      77      0.22504     0.014745      0.10258      0.01413 gtex__cortex__M013
gtex__cortex__M014                      SET      71    0.0023476   0.00014773      0.10914      0.49142 gtex__cortex__M014
gtex__cortex__M015                      SET      61     0.025354    0.0014792      0.12498      0.41962 gtex__cortex__M015
gtex__cortex__M016                      SET      50    -0.022728   -0.0012009      0.13007      0.56936 gtex__cortex__M016
gtex__cortex__M017                      SET      57      0.23818     0.013435      0.13719     0.041276 gtex__cortex__M017
gtex__cortex__M018                      SET      37     0.042474    0.0019313      0.16093      0.39592 gtex__cortex__M018
gtex__cortex__M019                      SET      30      0.20836    0.0085327       0.1539       0.0879 gtex__cortex__M019
gtex__cortex__M020                      SET      28    -0.039447   -0.0015607      0.19393      0.58059 gtex__cortex__M020
gtex__cortex__M021                      SET      22      0.36919      0.01295      0.21691     0.044384 gtex__cortex__M021
gtex__cortex__M022                      SET      18     -0.18765   -0.0059545      0.22189      0.80114 gtex__cortex__M022
gtex__cortex__M023                      SET      21       0.3675     0.012595      0.21521     0.043863 gtex__cortex__M023
gtex__cortex__M024                      SET      18     -0.34717    -0.011016      0.25074       0.9169 gtex__cortex__M024
gtex__frontal_cortex_ba9__M0...1        SET    2111      0.11592     0.037424     0.021909   6.1678e-08 gtex__frontal_cortex_ba9__M000
gtex__frontal_cortex_ba9__M0...2        SET    1062  -0.00029233  -6.9135e-05     0.030304      0.50385 gtex__frontal_cortex_ba9__M001
gtex__frontal_cortex_ba9__M0...3        SET     515    -0.068883    -0.011528     0.044471      0.93929 gtex__frontal_cortex_ba9__M002
gtex__frontal_cortex_ba9__M0...4        SET     506      0.10673      0.01771     0.043437    0.0070067 gtex__frontal_cortex_ba9__M003
gtex__frontal_cortex_ba9__M0...5        SET     387       0.0115    0.0016745     0.045802      0.40087 gtex__frontal_cortex_ba9__M004
gtex__frontal_cortex_ba9__M0...6        SET     140    -0.084258   -0.0074308     0.081846      0.84836 gtex__frontal_cortex_ba9__M005
gtex__frontal_cortex_ba9__M0...7        SET     132    0.0075511   0.00064678     0.079815      0.46231 gtex__frontal_cortex_ba9__M006
gtex__frontal_cortex_ba9__M0...8        SET     129     -0.06327   -0.0053579     0.078349      0.79032 gtex__frontal_cortex_ba9__M007
gtex__frontal_cortex_ba9__M0...9        SET     107   -0.0051504  -0.00039747     0.087212      0.52355 gtex__frontal_cortex_ba9__M008
gtex__frontal_cortex_ba9__M0...10       SET      89     0.074472    0.0052442     0.093309      0.21241 gtex__frontal_cortex_ba9__M009
gtex__frontal_cortex_ba9__M0...11       SET      71     0.090728    0.0057092      0.10404      0.19161 gtex__frontal_cortex_ba9__M010
gtex__frontal_cortex_ba9__M0...12       SET      71      0.14384    0.0090511      0.10632     0.088063 gtex__frontal_cortex_ba9__M011
gtex__frontal_cortex_ba9__M0...13       SET      62     -0.16412   -0.0096532      0.12413      0.90693 gtex__frontal_cortex_ba9__M012
gtex__frontal_cortex_ba9__M0...14       SET      70    -0.012561  -0.00078489      0.11617      0.54305 gtex__frontal_cortex_ba9__M013
gtex__frontal_cortex_ba9__M0...15       SET      62    -0.018562   -0.0010918      0.10561      0.56976 gtex__frontal_cortex_ba9__M014
gtex__frontal_cortex_ba9__M0...16       SET      67    -0.089868   -0.0054941      0.12073      0.77168 gtex__frontal_cortex_ba9__M015
gtex__frontal_cortex_ba9__M0...17       SET      58     0.059183    0.0033672      0.12522      0.31824 gtex__frontal_cortex_ba9__M016
gtex__frontal_cortex_ba9__M0...18       SET      56     -0.10097   -0.0056449      0.12547       0.7895 gtex__frontal_cortex_ba9__M017
gtex__frontal_cortex_ba9__M0...19       SET      54     0.084765     0.004654      0.12317      0.24567 gtex__frontal_cortex_ba9__M018
gtex__frontal_cortex_ba9__M0...20       SET      29    -0.056752   -0.0022851      0.15114      0.64635 gtex__frontal_cortex_ba9__M019
gtex__frontal_cortex_ba9__M0...21       SET      23     0.063791    0.0022878      0.19264      0.37027 gtex__frontal_cortex_ba9__M020
gtex__frontal_cortex_ba9__M0...22       SET      22      -0.1659   -0.0058193      0.18544      0.81451 gtex__frontal_cortex_ba9__M021
gtex__frontal_cortex_ba9__M0...23       SET      18      0.17936    0.0056913       0.2185      0.20586 gtex__frontal_cortex_ba9__M022
gtex__frontal_cortex_ba9__M0...24       SET      19      0.25606    0.0083477      0.19523     0.094838 gtex__frontal_cortex_ba9__M023
gtex__frontal_cortex_ba9__M0...25       SET      19   -0.0023591  -7.6907e-05      0.22267      0.50423 gtex__frontal_cortex_ba9__M024
gtex__hippocampus__M000                 SET    1188      0.13093     0.032627     0.028194    1.723e-06 gtex__hippocampus__M000
gtex__hippocampus__M001                 SET    1192     0.048958     0.012219     0.027865     0.039471 gtex__hippocampus__M001
gtex__hippocampus__M002                 SET     367      0.14584     0.020691     0.050897    0.0020849 gtex__hippocampus__M002
gtex__hippocampus__M003                 SET     265     0.040512    0.0048981     0.057901      0.24207 gtex__hippocampus__M003
gtex__hippocampus__M004                 SET     215    0.0015268   0.00016651      0.06015      0.48988 gtex__hippocampus__M004
gtex__hippocampus__M005                 SET     184    -0.014374   -0.0014515     0.066569      0.58548 gtex__hippocampus__M005
gtex__hippocampus__M006                 SET     135    -0.027205   -0.0023564      0.08623       0.6238 gtex__hippocampus__M006
gtex__hippocampus__M007                 SET     125    -0.033524   -0.0027948      0.08614      0.65142 gtex__hippocampus__M007
gtex__hippocampus__M008                 SET     111      0.08538    0.0067102     0.093601      0.18085 gtex__hippocampus__M008
gtex__hippocampus__M009                 SET     112     -0.14378     -0.01135     0.092709      0.93952 gtex__hippocampus__M009
gtex__hippocampus__M010                 SET      75      0.19904     0.012871      0.11711     0.044615 gtex__hippocampus__M010
gtex__hippocampus__M011                 SET      70     0.048838    0.0030516      0.11046      0.32919 gtex__hippocampus__M011
gtex__hippocampus__M012                 SET      58      0.22449     0.012773      0.12128     0.032086 gtex__hippocampus__M012
gtex__hippocampus__M013                 SET      51     -0.03221   -0.0017188      0.13367       0.5952 gtex__hippocampus__M013
gtex__hippocampus__M014                 SET      51      0.10226    0.0054568       0.1213      0.19961 gtex__hippocampus__M014
gtex__hippocampus__M015                 SET      47    -0.071305   -0.0036532      0.12682      0.71303 gtex__hippocampus__M015
gtex__hippocampus__M016                 SET      44     0.082647    0.0040972      0.14779      0.28801 gtex__hippocampus__M016
gtex__hippocampus__M017                 SET      43      0.04833    0.0023686      0.14083      0.36574 gtex__hippocampus__M017
gtex__hippocampus__M018                 SET      36      0.15332    0.0068767      0.14807      0.15024 gtex__hippocampus__M018
gtex__hippocampus__M019                 SET      38    -0.064358   -0.0029655      0.16845      0.64879 gtex__hippocampus__M019
gtex__hippocampus__M020                 SET      34     -0.12132   -0.0052883      0.14637      0.79639 gtex__hippocampus__M020
gtex__hippocampus__M021                 SET      34     -0.31292     -0.01364       0.1612      0.97387 gtex__hippocampus__M021
gtex__hippocampus__M022                 SET      28    -0.033008    -0.001306        0.177      0.57397 gtex__hippocampus__M022
gtex__hippocampus__M023                 SET      31     0.059234    0.0024657      0.16174       0.3571 gtex__hippocampus__M023
gtex__hippocampus__M024                 SET      29     -0.05777    -0.002326       0.1685      0.63414 gtex__hippocampus__M024
gtex__hippocampus__M025                 SET      25     0.069717    0.0026066      0.19914      0.36314 gtex__hippocampus__M025
gtex__hippocampus__M026                 SET      19    -0.067892   -0.0022133      0.19623      0.63532 gtex__hippocampus__M026
gtex__hippocampus__M027                 SET      16     0.013363   0.00039981      0.23087      0.47692 gtex__hippocampus__M027
gtex__hypothalamus__M000                SET    1461     0.043698     0.011976     0.025559     0.043668 gtex__hypothalamus__M000
gtex__hypothalamus__M001                SET     881     0.055858     0.012097     0.031647     0.038787 gtex__hypothalamus__M001
gtex__hypothalamus__M002                SET     267    -0.062369   -0.0075687     0.059048      0.85456 gtex__hypothalamus__M002
gtex__hypothalamus__M003                SET     264      0.12987     0.015673     0.058108     0.012715 gtex__hypothalamus__M003
gtex__hypothalamus__M004                SET     203     0.023529    0.0024943     0.061933      0.35201 gtex__hypothalamus__M004
gtex__hypothalamus__M005                SET     147    0.0041855   0.00037817      0.07423      0.47752 gtex__hypothalamus__M005
gtex__hypothalamus__M006                SET     129      0.10478    0.0088728     0.087106      0.11452 gtex__hypothalamus__M006
gtex__hypothalamus__M007                SET     129     -0.02517   -0.0021314      0.07845      0.62583 gtex__hypothalamus__M007
gtex__hypothalamus__M008                SET      97     0.063418    0.0046611     0.088624      0.23713 gtex__hypothalamus__M008
gtex__hypothalamus__M009                SET      99     -0.10261   -0.0076184      0.10218      0.84236 gtex__hypothalamus__M009
gtex__hypothalamus__M010                SET      76    -0.089755   -0.0058427      0.11596      0.78053 gtex__hypothalamus__M010
gtex__hypothalamus__M011                SET      79    0.0039482   0.00026201      0.10106      0.48442 gtex__hypothalamus__M011
gtex__hypothalamus__M012                SET      71     0.050908    0.0032034     0.096267      0.29847 gtex__hypothalamus__M012
gtex__hypothalamus__M013                SET      61     0.068206    0.0039794      0.11506      0.27666 gtex__hypothalamus__M013
gtex__hypothalamus__M014                SET      55     0.036471    0.0020208      0.13155       0.3908 gtex__hypothalamus__M014
gtex__hypothalamus__M015                SET      39    -0.023975   -0.0011191      0.17538      0.55437 gtex__hypothalamus__M015
gtex__hypothalamus__M016                SET      28      0.29573       0.0117      0.19476     0.064462 gtex__hypothalamus__M016
gtex__hypothalamus__M017                SET      32      0.31963     0.013518      0.16665     0.027566 gtex__hypothalamus__M017
gtex__hypothalamus__M018                SET      32    -0.040912   -0.0017303      0.15105      0.60675 gtex__hypothalamus__M018
gtex__hypothalamus__M019                SET      27   0.00089685   3.4845e-05       0.1838      0.49805 gtex__hypothalamus__M019
gtex__hypothalamus__M020                SET      27    -0.048356   -0.0018788      0.16612      0.61451 gtex__hypothalamus__M020
gtex__hypothalamus__M021                SET      21      0.10017     0.003433       0.1928      0.30169 gtex__hypothalamus__M021
gtex__hypothalamus__M022                SET      28      0.34277     0.013562       0.1963     0.040403 gtex__hypothalamus__M022
gtex__hypothalamus__M023                SET      24      0.11309    0.0041429      0.21192       0.2968 gtex__hypothalamus__M023
gtex__hypothalamus__M024                SET      25      0.33977     0.012704      0.16953     0.022532 gtex__hypothalamus__M024
gtex__hypothalamus__M025                SET      25      -0.0609   -0.0022769      0.19741      0.62114 gtex__hypothalamus__M025
gtex__hypothalamus__M026                SET      21    -0.022432  -0.00076878      0.21911      0.54077 gtex__hypothalamus__M026
gtex__hypothalamus__M027                SET      21     -0.26105   -0.0089465      0.19382      0.91098 gtex__hypothalamus__M027
gtex__hypothalamus__M028                SET      14     -0.49051    -0.013728      0.25654      0.97206 gtex__hypothalamus__M028
gtex__nucleus_accumbens_basa...1        SET    1679      0.10832     0.031613     0.024035   3.3141e-06 gtex__nucleus_accumbens_basal_ganglia__M000
gtex__nucleus_accumbens_basa...2        SET    1121       0.0482     0.011691     0.029078     0.048705 gtex__nucleus_accumbens_basal_ganglia__M001
gtex__nucleus_accumbens_basa...3        SET     339     0.053078    0.0072431     0.052849      0.15762 gtex__nucleus_accumbens_basal_ganglia__M002
gtex__nucleus_accumbens_basa...4        SET     220    -0.037436   -0.0041293     0.058884      0.73753 gtex__nucleus_accumbens_basal_ganglia__M003
gtex__nucleus_accumbens_basa...5        SET     179     0.052917    0.0052711     0.064545      0.20616 gtex__nucleus_accumbens_basal_ganglia__M004
gtex__nucleus_accumbens_basa...6        SET     102      0.10999    0.0082882     0.093452      0.11962 gtex__nucleus_accumbens_basal_ganglia__M005
gtex__nucleus_accumbens_basa...7        SET     116      0.15239     0.012242     0.086326     0.038765 gtex__nucleus_accumbens_basal_ganglia__M006
gtex__nucleus_accumbens_basa...8        SET      93     0.080882    0.0058215      0.10151       0.2128 gtex__nucleus_accumbens_basal_ganglia__M007
gtex__nucleus_accumbens_basa...9        SET      83     0.050522    0.0034362        0.112      0.32596 gtex__nucleus_accumbens_basal_ganglia__M008
gtex__nucleus_accumbens_basa...10       SET      57      0.08696    0.0049049      0.11386      0.22252 gtex__nucleus_accumbens_basal_ganglia__M009
gtex__nucleus_accumbens_basa...11       SET      63   -0.0096455  -0.00057187      0.11092      0.53465 gtex__nucleus_accumbens_basal_ganglia__M010
gtex__nucleus_accumbens_basa...12       SET      43     -0.21379    -0.010478      0.15442      0.91687 gtex__nucleus_accumbens_basal_ganglia__M011
gtex__nucleus_accumbens_basa...13       SET      39      0.16019    0.0074775      0.13297      0.11416 gtex__nucleus_accumbens_basal_ganglia__M012
gtex__nucleus_accumbens_basa...14       SET      44      0.11544    0.0057228      0.13115      0.18939 gtex__nucleus_accumbens_basal_ganglia__M013
gtex__nucleus_accumbens_basa...15       SET      37     -0.12423   -0.0056488       0.1624      0.77786 gtex__nucleus_accumbens_basal_ganglia__M014
gtex__nucleus_accumbens_basa...16       SET      35      -0.1767   -0.0078149      0.14152      0.89408 gtex__nucleus_accumbens_basal_ganglia__M015
gtex__nucleus_accumbens_basa...17       SET      36    -0.078808   -0.0035347      0.15096      0.69918 gtex__nucleus_accumbens_basal_ganglia__M016
gtex__nucleus_accumbens_basa...18       SET      27      0.30819     0.011974      0.17518     0.039279 gtex__nucleus_accumbens_basal_ganglia__M017
gtex__nucleus_accumbens_basa...19       SET      14     -0.16817   -0.0047068      0.23257      0.76519 gtex__nucleus_accumbens_basal_ganglia__M018
gtex__nucleus_accumbens_basa...20       SET      20     -0.23837   -0.0079725      0.20022      0.88308 gtex__nucleus_accumbens_basal_ganglia__M019
gtex__nucleus_accumbens_basa...21       SET      19      0.20113    0.0065569      0.20487      0.16312 gtex__nucleus_accumbens_basal_ganglia__M020
gtex__putamen_basal_ganglia_...1        SET    1419      0.11559     0.031262     0.026218   5.2288e-06 gtex__putamen_basal_ganglia__M000
gtex__putamen_basal_ganglia_...2        SET     879   -0.0099601   -0.0021546     0.033305      0.61755 gtex__putamen_basal_ganglia__M001
gtex__putamen_basal_ganglia_...3        SET     438     0.089318     0.013815     0.045847     0.025707 gtex__putamen_basal_ganglia__M002
gtex__putamen_basal_ganglia_...4        SET     272      0.12714     0.015571     0.053842    0.0091084 gtex__putamen_basal_ganglia__M003
gtex__putamen_basal_ganglia_...5        SET     249     0.022156    0.0025979     0.055414      0.34464 gtex__putamen_basal_ganglia__M004
gtex__putamen_basal_ganglia_...6        SET     173    -0.065129    -0.006379      0.07539      0.80617 gtex__putamen_basal_ganglia__M005
gtex__putamen_basal_ganglia_...7        SET     157    -0.061494   -0.0057403     0.069846      0.81068 gtex__putamen_basal_ganglia__M006
gtex__putamen_basal_ganglia_...8        SET     140     0.015888    0.0014012     0.081021      0.42227 gtex__putamen_basal_ganglia__M007
gtex__putamen_basal_ganglia_...9        SET     124    -0.048314   -0.0040118     0.076563      0.73598 gtex__putamen_basal_ganglia__M008
gtex__putamen_basal_ganglia_...10       SET     115     0.092063    0.0073638     0.086423      0.14339 gtex__putamen_basal_ganglia__M009
gtex__putamen_basal_ganglia_...11       SET      86      0.04945    0.0034232     0.098555      0.30792 gtex__putamen_basal_ganglia__M010
gtex__putamen_basal_ganglia_...12       SET      78     0.092069    0.0060713      0.10565      0.19175 gtex__putamen_basal_ganglia__M011
gtex__putamen_basal_ganglia_...13       SET      71     0.091485    0.0057569      0.10205        0.185 gtex__putamen_basal_ganglia__M012
gtex__putamen_basal_ganglia_...14       SET      58      0.12883    0.0073299      0.11956      0.14062 gtex__putamen_basal_ganglia__M013
gtex__putamen_basal_ganglia_...15       SET      38      0.16273    0.0074983      0.15921      0.15337 gtex__putamen_basal_ganglia__M014
gtex__putamen_basal_ganglia_...16       SET      30      0.19009    0.0077842      0.19367      0.16318 gtex__putamen_basal_ganglia__M015
gtex__putamen_basal_ganglia_...17       SET      28      0.36801      0.01456      0.17073      0.01557 gtex__putamen_basal_ganglia__M016
gtex__putamen_basal_ganglia_...18       SET      27      0.10054    0.0039063      0.16658      0.27308 gtex__putamen_basal_ganglia__M017
gtex__putamen_basal_ganglia_...19       SET      24     -0.11985   -0.0043906      0.16414      0.76736 gtex__putamen_basal_ganglia__M018
gtex__putamen_basal_ganglia_...20       SET      21     0.061473    0.0021067      0.20058      0.37962 gtex__putamen_basal_ganglia__M019
gtex__putamen_basal_ganglia_...21       SET      13     -0.06226   -0.0016792      0.25993      0.59465 gtex__putamen_basal_ganglia__M020
gtex__putamen_basal_ganglia_...22       SET      16      0.61165     0.018299      0.25803    0.0088884 gtex__putamen_basal_ganglia__M021
gtex__spinal_cord_cervical_c...1        SET    1362     0.036937    0.0098038     0.026507     0.081747 gtex__spinal_cord_cervical_c_1__M000
gtex__spinal_cord_cervical_c...2        SET     339      0.22168      0.03025     0.053665   1.8169e-05 gtex__spinal_cord_cervical_c_1__M001
gtex__spinal_cord_cervical_c...3        SET     315       0.0851     0.011202     0.054184      0.05815 gtex__spinal_cord_cervical_c_1__M002
gtex__spinal_cord_cervical_c...4        SET     169     0.036344    0.0035187     0.068546      0.29799 gtex__spinal_cord_cervical_c_1__M003
gtex__spinal_cord_cervical_c...5        SET     171    0.0068738   0.00066939     0.066312      0.45872 gtex__spinal_cord_cervical_c_1__M004
gtex__spinal_cord_cervical_c...6        SET     165     0.040917    0.0039147     0.075278      0.29338 gtex__spinal_cord_cervical_c_1__M005
gtex__spinal_cord_cervical_c...7        SET     157     0.060732    0.0056692     0.075248      0.20981 gtex__spinal_cord_cervical_c_1__M006
gtex__spinal_cord_cervical_c...8        SET     100      0.16306     0.012167     0.087088     0.030591 gtex__spinal_cord_cervical_c_1__M007
gtex__spinal_cord_cervical_c...9        SET      89      0.10148     0.007146      0.10037      0.15599 gtex__spinal_cord_cervical_c_1__M008
gtex__spinal_cord_cervical_c...10       SET      96      0.13044    0.0095376     0.099393     0.094711 gtex__spinal_cord_cervical_c_1__M009
gtex__spinal_cord_cervical_c...11       SET      83     0.059303    0.0040334     0.098522      0.27362 gtex__spinal_cord_cervical_c_1__M010
gtex__spinal_cord_cervical_c...12       SET      78    -0.044528   -0.0029363     0.097062      0.67679 gtex__spinal_cord_cervical_c_1__M011
gtex__spinal_cord_cervical_c...13       SET      56    -0.097194    -0.005434        0.113      0.80513 gtex__spinal_cord_cervical_c_1__M012
gtex__spinal_cord_cervical_c...14       SET      46     0.011956   0.00060603      0.12933      0.46317 gtex__spinal_cord_cervical_c_1__M013
gtex__spinal_cord_cervical_c...15       SET      40       -0.165   -0.0078002      0.13568      0.88802 gtex__spinal_cord_cervical_c_1__M014
gtex__spinal_cord_cervical_c...16       SET      40      0.18248    0.0086262       0.1451      0.10427 gtex__spinal_cord_cervical_c_1__M015
gtex__spinal_cord_cervical_c...17       SET      36     0.070467    0.0031606      0.15368      0.32329 gtex__spinal_cord_cervical_c_1__M016
gtex__spinal_cord_cervical_c...18       SET      38      -0.1776   -0.0081834      0.13302      0.90907 gtex__spinal_cord_cervical_c_1__M017
gtex__spinal_cord_cervical_c...19       SET      28   -0.0031175  -0.00012334      0.17447      0.50713 gtex__spinal_cord_cervical_c_1__M018
gtex__spinal_cord_cervical_c...20       SET      32      0.22584    0.0095514      0.16449     0.084883 gtex__spinal_cord_cervical_c_1__M019
gtex__spinal_cord_cervical_c...21       SET      29     0.010495   0.00042256      0.19101      0.47809 gtex__spinal_cord_cervical_c_1__M020
gtex__spinal_cord_cervical_c...22       SET      26      0.13367    0.0050965      0.19506      0.24659 gtex__spinal_cord_cervical_c_1__M021
gtex__spinal_cord_cervical_c...23       SET      27     0.078383    0.0030454      0.17252       0.3248 gtex__spinal_cord_cervical_c_1__M022
gtex__spinal_cord_cervical_c...24       SET      21    -0.010445  -0.00035794      0.18431      0.52259 gtex__spinal_cord_cervical_c_1__M023
gtex__spinal_cord_cervical_c...25       SET      19      0.20197    0.0065841      0.19181      0.14619 gtex__spinal_cord_cervical_c_1__M024
gtex__spinal_cord_cervical_c...26       SET      19    -0.056544   -0.0018433      0.20004      0.61128 gtex__spinal_cord_cervical_c_1__M025
gtex__spinal_cord_cervical_c...27       SET      16     -0.22821   -0.0068275      0.24684      0.82238 gtex__spinal_cord_cervical_c_1__M026
gtex__substantia_nigra__M000            SET    1262     0.029047    0.0074437     0.027476      0.14522 gtex__substantia_nigra__M000
gtex__substantia_nigra__M001            SET     756     0.085975     0.017311      0.03532    0.0074685 gtex__substantia_nigra__M001
gtex__substantia_nigra__M002            SET     306       0.1135     0.014729     0.053833     0.017506 gtex__substantia_nigra__M002
gtex__substantia_nigra__M003            SET     254    -0.015541   -0.0018402     0.053976      0.61329 gtex__substantia_nigra__M003
gtex__substantia_nigra__M004            SET     229    -0.020131   -0.0022649       0.0629      0.62553 gtex__substantia_nigra__M004
gtex__substantia_nigra__M005            SET     212     0.020044    0.0021709     0.067895      0.38391 gtex__substantia_nigra__M005
gtex__substantia_nigra__M006            SET     217     0.015554    0.0017041     0.060309      0.39824 gtex__substantia_nigra__M006
gtex__substantia_nigra__M007            SET      98      0.13806     0.010199     0.091215     0.065079 gtex__substantia_nigra__M007
gtex__substantia_nigra__M008            SET      89     0.025334     0.001784     0.093472      0.39318 gtex__substantia_nigra__M008
gtex__substantia_nigra__M009            SET      74     -0.10746   -0.0069027      0.10973      0.83627 gtex__substantia_nigra__M009
gtex__substantia_nigra__M010            SET      81     0.066839    0.0044911      0.10199      0.25612 gtex__substantia_nigra__M010
gtex__substantia_nigra__M011            SET      78     0.096236    0.0063461      0.10053      0.16922 gtex__substantia_nigra__M011
gtex__substantia_nigra__M012            SET      69     0.083524    0.0051817      0.11893      0.24125 gtex__substantia_nigra__M012
gtex__substantia_nigra__M013            SET      56     0.054811    0.0030644      0.12518      0.33075 gtex__substantia_nigra__M013
gtex__substantia_nigra__M014            SET      53      0.10667    0.0058026       0.1265      0.19955 gtex__substantia_nigra__M014
gtex__substantia_nigra__M015            SET      49    -0.024534   -0.0012834       0.1171      0.58298 gtex__substantia_nigra__M015
gtex__substantia_nigra__M016            SET      47     0.098515    0.0050472      0.13026      0.22474 gtex__substantia_nigra__M016
gtex__substantia_nigra__M017            SET      47      0.13759    0.0070493       0.1252       0.1359 gtex__substantia_nigra__M017
gtex__substantia_nigra__M018            SET      41     0.038113    0.0018241      0.14288      0.39483 gtex__substantia_nigra__M018
gtex__substantia_nigra__M019            SET      40      0.13477    0.0063711      0.14345      0.17374 gtex__substantia_nigra__M019
gtex__substantia_nigra__M020            SET      42      0.21873     0.010595      0.14141     0.060968 gtex__substantia_nigra__M020
gtex__substantia_nigra__M021            SET      28     0.085286    0.0033743      0.15585      0.29211 gtex__substantia_nigra__M021
gtex__substantia_nigra__M022            SET      22     -0.16798   -0.0058923      0.20332      0.79565 gtex__substantia_nigra__M022
gtex__substantia_nigra__M023            SET      27     0.063325    0.0024604      0.19747      0.37423 gtex__substantia_nigra__M023
gtex__substantia_nigra__M024            SET      21      -0.1027   -0.0035197      0.19464      0.70113 gtex__substantia_nigra__M024
gtex__substantia_nigra__M025            SET      19      0.43533     0.014192      0.23302     0.030878 gtex__substantia_nigra__M025
gtex__substantia_nigra__M026            SET      17     0.020681   0.00063777      0.22347      0.46313 gtex__substantia_nigra__M026
gtex__substantia_nigra__M027            SET      20     -0.11905   -0.0039816      0.21388      0.71109 gtex__substantia_nigra__M027
gtex__substantia_nigra__M028            SET      19    -0.094607   -0.0030842      0.20719      0.67602 gtex__substantia_nigra__M028
brainseq__caudate__M000                 SET     204     0.081886    0.0087016     0.066379      0.10868 brainseq__caudate__M000
brainseq__caudate__M001                 SET     683     0.007364    0.0014123     0.037563      0.42229 brainseq__caudate__M001
brainseq__caudate__M002                 SET     623      0.06728     0.012345     0.040118     0.046774 brainseq__caudate__M002
brainseq__caudate__M003                 SET     615      0.04639     0.008459     0.038512       0.1142 brainseq__caudate__M003
brainseq__caudate__M004                 SET     427     0.052633    0.0080406     0.048201      0.13744 brainseq__caudate__M004
brainseq__caudate__M005                 SET     307     0.052626    0.0068403     0.050513      0.14876 brainseq__caudate__M005
brainseq__caudate__M006                 SET     291       0.1446     0.018307     0.057266    0.0057876 brainseq__caudate__M006
brainseq__caudate__M007                 SET     219     0.053175    0.0058522     0.059759      0.18679 brainseq__caudate__M007
brainseq__caudate__M008                 SET     158       0.1122     0.010506     0.074244     0.065382 brainseq__caudate__M008
brainseq__caudate__M009                 SET     169     0.088991    0.0086158     0.074686      0.11673 brainseq__caudate__M009
brainseq__caudate__M010                 SET     119     0.049599    0.0040352     0.080586      0.26912 brainseq__caudate__M010
brainseq__caudate__M011                 SET     106     0.061166    0.0046983     0.091032      0.25082 brainseq__caudate__M011
brainseq__caudate__M012                 SET     100     0.036441    0.0027192     0.089356      0.34171 brainseq__caudate__M012
brainseq__caudate__M013                 SET      49     -0.10647   -0.0055695      0.13929      0.77769 brainseq__caudate__M013
brainseq__caudate__M014                 SET      48       0.2217     0.011478      0.13468     0.049877 brainseq__caudate__M014
brainseq__caudate__M015                 SET      46     0.098588    0.0049971      0.13525      0.23302 brainseq__caudate__M015
brainseq__caudate__M016                 SET      41     0.081347    0.0038932        0.148      0.29128 brainseq__caudate__M016
brainseq__caudate__M017                 SET      39    -0.082266   -0.0038402        0.171      0.68477 brainseq__caudate__M017
brainseq__caudate__M018                 SET      38  -0.00090285  -4.1602e-05      0.13791      0.50261 brainseq__caudate__M018
brainseq__caudate__M019                 SET      32      0.15324    0.0064806      0.14893      0.15177 brainseq__caudate__M019
brainseq__caudate__M020                 SET      29      0.10296    0.0041454       0.1807      0.28442 brainseq__caudate__M020
brainseq__caudate__M021                 SET      22      0.12485    0.0043792       0.2087      0.27486 brainseq__caudate__M021
brainseq__caudate__M022                 SET      25    0.0037667   0.00014083      0.16003      0.49061 brainseq__caudate__M022
brainseq__caudate__M023                 SET      19      0.24526    0.0079955      0.19911      0.10902 brainseq__caudate__M023
brainseq__caudate__M024                 SET      25   -0.0013253  -4.9549e-05      0.18794      0.50281 brainseq__caudate__M024
brainseq__caudate__M025                 SET      21      0.14803     0.005073      0.19453      0.22335 brainseq__caudate__M025
brainseq__caudate__M026                 SET      16     0.029221   0.00087423      0.21276      0.44538 brainseq__caudate__M026
brainseq__caudate__M027                 SET      19     0.098072    0.0031971      0.22249      0.32968 brainseq__caudate__M027
brainseq__hippocampus__M000             SET     471      0.15306     0.024527     0.045736   0.00040988 brainseq__hippocampus__M000
brainseq__hippocampus__M001             SET     370    -0.085348    -0.012157     0.051051      0.95271 brainseq__hippocampus__M001
brainseq__hippocampus__M002             SET     331      0.10088     0.013606     0.048999     0.019763 brainseq__hippocampus__M002
brainseq__hippocampus__M003             SET     292     0.031843    0.0040383     0.054835      0.28072 brainseq__hippocampus__M003
brainseq__hippocampus__M004             SET     207     0.021465    0.0022974     0.068888      0.37768 brainseq__hippocampus__M004
brainseq__hippocampus__M005             SET     211     0.094985     0.010263     0.064194     0.069492 brainseq__hippocampus__M005
brainseq__hippocampus__M006             SET     188     0.013226    0.0013498     0.070842      0.42595 brainseq__hippocampus__M006
brainseq__hippocampus__M007             SET     190     0.077671    0.0079686      0.06637      0.12095 brainseq__hippocampus__M007
brainseq__hippocampus__M008             SET     135     0.066447    0.0057553     0.080222      0.20376 brainseq__hippocampus__M008
brainseq__hippocampus__M009             SET     123      0.10884    0.0090017     0.079593     0.085744 brainseq__hippocampus__M009
brainseq__hippocampus__M010             SET     106     -0.12827   -0.0098527     0.094717      0.91216 brainseq__hippocampus__M010
brainseq__hippocampus__M011             SET      99    -0.010785  -0.00080074     0.099033      0.54336 brainseq__hippocampus__M011
brainseq__hippocampus__M012             SET      79    -0.063181   -0.0041928      0.10196      0.73226 brainseq__hippocampus__M012
brainseq__hippocampus__M013             SET      81     0.096077    0.0064557       0.1135      0.19864 brainseq__hippocampus__M013
brainseq__hippocampus__M014             SET      76      0.18926      0.01232      0.10669     0.038047 brainseq__hippocampus__M014
brainseq__hippocampus__M015             SET      81     0.061138    0.0041081     0.099585      0.26963 brainseq__hippocampus__M015
brainseq__hippocampus__M016             SET      69  -0.00040512  -2.5133e-05      0.10707      0.50151 brainseq__hippocampus__M016
brainseq__hippocampus__M017             SET      73     -0.18511    -0.011811       0.1148      0.94656 brainseq__hippocampus__M017
brainseq__hippocampus__M018             SET      68    -0.056205   -0.0034615      0.10705      0.70022 brainseq__hippocampus__M018
brainseq__hippocampus__M019             SET      66      0.12617    0.0076557      0.13269      0.17085 brainseq__hippocampus__M019
brainseq__hippocampus__M020             SET      60    -0.034745   -0.0020105      0.11903      0.61482 brainseq__hippocampus__M020
brainseq__hippocampus__M021             SET      44     0.095567    0.0047377      0.14307      0.25208 brainseq__hippocampus__M021
brainseq__hippocampus__M022             SET      40      0.21395     0.010114      0.14942     0.076098 brainseq__hippocampus__M022
brainseq__hippocampus__M023             SET      36      0.18379    0.0082432      0.18011      0.15377 brainseq__hippocampus__M023
brainseq__hippocampus__M024             SET      34      0.22282     0.009713      0.17108     0.096398 brainseq__hippocampus__M024
brainseq__hippocampus__M025             SET      37     -0.13091   -0.0059522      0.15469      0.80128 brainseq__hippocampus__M025
brainseq__hippocampus__M026             SET      34    -0.035508   -0.0015479      0.16282      0.58632 brainseq__hippocampus__M026
brainseq__hippocampus__M027             SET      34    -0.012815  -0.00055862      0.16959      0.53012 brainseq__hippocampus__M027
brainseq__hippocampus__M028             SET      22     -0.12965   -0.0045478      0.17863      0.76602 brainseq__hippocampus__M028
brainseq__hippocampus__M029             SET      20    -0.061494   -0.0020567      0.20485      0.61798 brainseq__hippocampus__M029
brainseq__hippocampus__M030             SET      21      0.63478     0.021754      0.23097    0.0029988 brainseq__hippocampus__M030
brainseq__hippocampus__M031             SET      16      0.16474    0.0049287      0.24455      0.25027 brainseq__hippocampus__M031
brainseq__dlpfc__M000                   SET     589      0.11166     0.019942     0.040909     0.003174 brainseq__dlpfc__M000
brainseq__dlpfc__M001                   SET     421     0.045389    0.0068862     0.045645      0.16002 brainseq__dlpfc__M001
brainseq__dlpfc__M002                   SET     368      0.11821     0.016792     0.052743     0.012514 brainseq__dlpfc__M002
brainseq__dlpfc__M003                   SET     330    -0.066739   -0.0089878     0.053803      0.89258 brainseq__dlpfc__M003
brainseq__dlpfc__M004                   SET     260      0.15133     0.018125     0.058324    0.0047398 brainseq__dlpfc__M004
brainseq__dlpfc__M005                   SET     216     0.085363    0.0093309     0.063963     0.091018 brainseq__dlpfc__M005
brainseq__dlpfc__M006                   SET     208     0.098644     0.010584     0.066701     0.069595 brainseq__dlpfc__M006
brainseq__dlpfc__M007                   SET     199      0.11038     0.011587     0.062804     0.039416 brainseq__dlpfc__M007
brainseq__dlpfc__M008                   SET     186   -0.0018845  -0.00019131     0.069794      0.51077 brainseq__dlpfc__M008
brainseq__dlpfc__M009                   SET     160     0.016159    0.0015227     0.072205      0.41146 brainseq__dlpfc__M009
brainseq__dlpfc__M010                   SET     160     0.026701    0.0025159      0.07233      0.35601 brainseq__dlpfc__M010
brainseq__dlpfc__M011                   SET     153    -0.040151   -0.0037004      0.07495      0.70392 brainseq__dlpfc__M011
brainseq__dlpfc__M012                   SET     132    -0.041497   -0.0035544       0.0804      0.69711 brainseq__dlpfc__M012
brainseq__dlpfc__M013                   SET     134      0.11474    0.0099012     0.084884     0.088248 brainseq__dlpfc__M013
brainseq__dlpfc__M014                   SET     111      0.10016    0.0078719     0.091183      0.13601 brainseq__dlpfc__M014
brainseq__dlpfc__M015                   SET     112       0.1607     0.012686     0.083865     0.027681 brainseq__dlpfc__M015
brainseq__dlpfc__M016                   SET      99      0.07137     0.005299     0.089514      0.21264 brainseq__dlpfc__M016
brainseq__dlpfc__M017                   SET      91     0.041773    0.0029743     0.093882      0.32818 brainseq__dlpfc__M017
brainseq__dlpfc__M018                   SET      78    -0.032577   -0.0021483      0.10864      0.61786 brainseq__dlpfc__M018
brainseq__dlpfc__M019                   SET      78     0.035384    0.0023333     0.099186      0.36064 brainseq__dlpfc__M019
brainseq__dlpfc__M020                   SET      68    0.0024695   0.00015209      0.11445      0.49139 brainseq__dlpfc__M020
brainseq__dlpfc__M021                   SET      72      0.14531    0.0092076       0.1147      0.10262 brainseq__dlpfc__M021
brainseq__dlpfc__M022                   SET      71      0.17076     0.010745      0.11065     0.061404 brainseq__dlpfc__M022
brainseq__dlpfc__M023                   SET      72      0.10486    0.0066449      0.11037      0.17103 brainseq__dlpfc__M023
brainseq__dlpfc__M024                   SET      38        0.312     0.014377      0.15149     0.019732 brainseq__dlpfc__M024
brainseq__dlpfc__M025                   SET      35     0.073453    0.0032485      0.14309      0.30387 brainseq__dlpfc__M025
brainseq__dlpfc__M026                   SET      34      0.15452    0.0067358      0.14793      0.14812 brainseq__dlpfc__M026
brainseq__dlpfc__M027                   SET      28      0.17139    0.0067811      0.17898      0.16914 brainseq__dlpfc__M027
brainseq__dlpfc__M028                   SET      33     0.006636   0.00028499      0.18581      0.48576 brainseq__dlpfc__M028
brainseq__dlpfc__M029                   SET      28    -0.055895   -0.0022115      0.16796      0.63035 brainseq__dlpfc__M029
brainseq__dlpfc__M030                   SET      25        0.181    0.0067675       0.1771      0.15339 brainseq__dlpfc__M030
brainseq__dlpfc__M031                   SET      22      0.42192       0.0148      0.18473     0.011193 brainseq__dlpfc__M031
brainseq__dlpfc__M032                   SET      22     0.024084   0.00084477      0.20007      0.45209 brainseq__dlpfc__M032
brainseq__dlpfc__M033                   SET      20     -0.13867   -0.0046381      0.20626      0.74931 brainseq__dlpfc__M033
brainseq__dlpfc__M034                   SET      20     0.061025     0.002041      0.21722      0.38938 brainseq__dlpfc__M034
brainseq__dlpfc__M035                   SET      17     -0.15499   -0.0047795      0.19051      0.79203 brainseq__dlpfc__M035
brainseq__dlpfc__M036                   SET      18     -0.23447   -0.0074401       0.2148      0.86248 brainseq__dlpfc__M036
brainseq__dlpfc__M037                   SET      18     0.064412    0.0020439      0.23053      0.38997 brainseq__dlpfc__M037
brainseq__caudate_sczd__M000            SET     656      0.11168     0.021007     0.038865    0.0020323 brainseq__caudate_sczd__M000
brainseq__caudate_sczd__M001            SET     202     0.057953    0.0061285     0.065558      0.18835 brainseq__caudate_sczd__M001
brainseq__caudate_sczd__M002            SET     662     0.025703     0.004856     0.038212      0.25059 brainseq__caudate_sczd__M002
brainseq__caudate_sczd__M003            SET     590      0.02997    0.0053566     0.039654      0.22489 brainseq__caudate_sczd__M003
brainseq__caudate_sczd__M004            SET     396     0.066241    0.0097539     0.049179     0.089009 brainseq__caudate_sczd__M004
brainseq__caudate_sczd__M005            SET     303     0.038697    0.0049975     0.050452      0.22155 brainseq__caudate_sczd__M005
brainseq__caudate_sczd__M006            SET     279      0.12508     0.015511     0.056938     0.014028 brainseq__caudate_sczd__M006
brainseq__caudate_sczd__M007            SET      89     0.028647    0.0020173     0.099059      0.38622 brainseq__caudate_sczd__M007
brainseq__caudate_sczd__M008            SET     240     0.064931    0.0074763     0.062069      0.14777 brainseq__caudate_sczd__M008
brainseq__caudate_sczd__M009            SET     203      0.10349     0.010971     0.066634      0.06021 brainseq__caudate_sczd__M009
brainseq__caudate_sczd__M010            SET     124     0.086428    0.0071767     0.090951      0.17099 brainseq__caudate_sczd__M010
brainseq__caudate_sczd__M011            SET     119     -0.20255    -0.016478     0.088676      0.98881 brainseq__caudate_sczd__M011
brainseq__caudate_sczd__M012            SET     102     -0.12704   -0.0095731     0.088809       0.9237 brainseq__caudate_sczd__M012
brainseq__caudate_sczd__M013            SET      90      0.17851      0.01264     0.089408     0.022944 brainseq__caudate_sczd__M013
brainseq__caudate_sczd__M014            SET      64     0.052411    0.0031319      0.12313      0.33518 brainseq__caudate_sczd__M014
brainseq__caudate_sczd__M015            SET      57     -0.11485   -0.0064781      0.12868      0.81394 brainseq__caudate_sczd__M015
brainseq__caudate_sczd__M016            SET      58    0.0061077    0.0003475      0.11089      0.47804 brainseq__caudate_sczd__M016
brainseq__caudate_sczd__M017            SET      52      0.11102    0.0059822        0.123      0.18336 brainseq__caudate_sczd__M017
brainseq__caudate_sczd__M018            SET      46      0.14294    0.0072449      0.12874      0.13344 brainseq__caudate_sczd__M018
brainseq__caudate_sczd__M019            SET      46     -0.22946    -0.011631      0.14855      0.93878 brainseq__caudate_sczd__M019
brainseq__caudate_sczd__M020            SET      38      0.04547    0.0020952      0.13857       0.3714 brainseq__caudate_sczd__M020
brainseq__caudate_sczd__M021            SET      32   -0.0074232  -0.00031394       0.1413      0.52095 brainseq__caudate_sczd__M021
brainseq__caudate_sczd__M022            SET      29     -0.10249   -0.0041268      0.17533      0.72058 brainseq__caudate_sczd__M022
brainseq__caudate_sczd__M023            SET      27     0.087678    0.0034065      0.17686      0.31004 brainseq__caudate_sczd__M023
brainseq__caudate_sczd__M024            SET      25      0.06327    0.0023656       0.1802      0.36276 brainseq__caudate_sczd__M024
brainseq__caudate_sczd__M025            SET      25      0.34266     0.012811      0.18226     0.030062 brainseq__caudate_sczd__M025
brainseq__caudate_sczd__M026            SET      23    -0.058803   -0.0021089      0.18147      0.62704 brainseq__caudate_sczd__M026
brainseq__caudate_sczd__M027            SET      24     -0.17756   -0.0065046      0.18663      0.82928 brainseq__caudate_sczd__M027
brainseq__caudate_sczd__M028            SET      20     0.091497    0.0030602      0.19714      0.32128 brainseq__caudate_sczd__M028
brainseq__caudate_sczd__M029            SET      17      0.10092    0.0031121      0.25736      0.34748 brainseq__caudate_sczd__M029
brainseq__caudate_sczd__M030            SET      19     -0.11562   -0.0037693      0.20556       0.7131 brainseq__caudate_sczd__M030
brainseq__caudate_sczd__M031            SET      18     -0.34622    -0.010986      0.21371      0.94738 brainseq__caudate_sczd__M031
brainseq__caudate_sczd__M032            SET      13     -0.20317   -0.0054797      0.26635       0.7772 brainseq__caudate_sczd__M032
