# MEAN_SAMPLE_SIZE = 6618
# TOTAL_GENES = 17717
# TEST_DIRECTION = one-sided, positive (set), two-sided (covar)
# CONDITIONED_INTERNAL = gene size, gene density, inverse mac, log(gene size), log(gene density), log(inverse mac)
VARIABLE                               TYPE  NGENES         BETA     BETA_STD           SE            P FULL_NAME
gtex__amygdala__M000                    SET   12096     0.022547     0.010494     0.014295     0.057379 gtex__amygdala__M000
gtex__amygdala__M002                    SET     432    -0.022556   -0.0034791      0.04172      0.70562 gtex__amygdala__M002
gtex__amygdala__M003                    SET     394     0.010323    0.0015223     0.041538      0.40187 gtex__amygdala__M003
gtex__amygdala__M001                    SET     466     0.031316    0.0050117     0.039913      0.21635 gtex__amygdala__M001
gtex__amygdala__M005                    SET     101    -0.064177   -0.0048319     0.084867      0.77523 gtex__amygdala__M005
gtex__amygdala__M004                    SET      91    -0.038629   -0.0027614     0.085208      0.67485 gtex__amygdala__M004
gtex__anterior_cingulate_cor...2        SET    1522     0.022942    0.0064291     0.022022      0.14877 gtex__anterior_cingulate_cortex_ba24__M001
gtex__anterior_cingulate_cor...1        SET   10635     0.011571     0.005668     0.013394      0.19383 gtex__anterior_cingulate_cortex_ba24__M000
gtex__anterior_cingulate_cor...3        SET     650    -0.046911   -0.0088192     0.033515      0.91919 gtex__anterior_cingulate_cortex_ba24__M002
gtex__anterior_cingulate_cor...6        SET     152      0.12349     0.011389     0.070226     0.039345 gtex__anterior_cingulate_cortex_ba24__M005
gtex__anterior_cingulate_cor...4        SET     266    -0.017042   -0.0020725     0.051958      0.62854 gtex__anterior_cingulate_cortex_ba24__M003
gtex__anterior_cingulate_cor...5        SET     312     0.036722    0.0048302     0.048195      0.22305 gtex__anterior_cingulate_cortex_ba24__M004
gtex__caudate_basal_ganglia_...4        SET     430     0.035955    0.0055332     0.040914      0.18976 gtex__caudate_basal_ganglia__M003
gtex__caudate_basal_ganglia_...1        SET   11462    0.0097626    0.0046659     0.013926      0.24164 gtex__caudate_basal_ganglia__M000
gtex__caudate_basal_ganglia_...5        SET     239    -0.011527   -0.0013298     0.057643      0.57925 gtex__caudate_basal_ganglia__M004
gtex__caudate_basal_ganglia_...2        SET     975     0.030279    0.0069051     0.027762      0.13772 gtex__caudate_basal_ganglia__M001
gtex__caudate_basal_ganglia_...3        SET     492     0.041554    0.0068281     0.040465      0.15224 gtex__caudate_basal_ganglia__M002
gtex__caudate_basal_ganglia_...6        SET      39     -0.20134   -0.0094361      0.13485      0.93227 gtex__caudate_basal_ganglia__M005
gtex__cerebellar_hemisphere_...2        SET     780   -0.0079849   -0.0016382     0.032292      0.59765 gtex__cerebellar_hemisphere__M001
gtex__cerebellar_hemisphere_...1        SET   10643     0.018782    0.0091988     0.013809     0.086908 gtex__cerebellar_hemisphere__M000
gtex__cerebellar_hemisphere_...4        SET     266    -0.021017   -0.0025559     0.054016      0.65139 gtex__cerebellar_hemisphere__M003
gtex__cerebellar_hemisphere_...3        SET     538    0.0037363   0.00064114      0.04061      0.46335 gtex__cerebellar_hemisphere__M002
gtex__cerebellar_hemisphere_...9        SET     152   -0.0055954  -0.00051606     0.062204      0.53584 gtex__cerebellar_hemisphere__M008
gtex__cerebellar_hemisphere_...10       SET     155    0.0002923   2.7221e-05      0.07251      0.49839 gtex__cerebellar_hemisphere__M009
gtex__cerebellar_hemisphere_...6        SET      74    -0.023325   -0.0015044     0.091807      0.60028 gtex__cerebellar_hemisphere__M005
gtex__cerebellar_hemisphere_...5        SET     129    -0.076256   -0.0064834     0.067452      0.87087 gtex__cerebellar_hemisphere__M004
gtex__cerebellar_hemisphere_...8        SET     179    -0.075593     -0.00756     0.063457      0.88321 gtex__cerebellar_hemisphere__M007
gtex__cerebellar_hemisphere_...7        SET     224      0.13237      0.01479     0.057372     0.010526 gtex__cerebellar_hemisphere__M006
gtex__cerebellar_hemisphere_...11       SET      85    -0.073733    -0.005095     0.087744      0.79963 gtex__cerebellar_hemisphere__M010
gtex__cerebellum__M001                  SET     772   -0.0062475   -0.0012754     0.031935      0.57755 gtex__cerebellum__M001
gtex__cerebellum__M000                  SET   11027     0.012727    0.0061701     0.013959      0.18096 gtex__cerebellum__M000
gtex__cerebellum__M004                  SET     285    -0.010873   -0.0013679     0.051613      0.58342 gtex__cerebellum__M004
gtex__cerebellum__M003                  SET     335     0.013418    0.0018277     0.049815      0.39383 gtex__cerebellum__M003
gtex__cerebellum__M009                  SET      60       0.1249    0.0072564       0.1106       0.1294 gtex__cerebellum__M009
gtex__cerebellum__M008                  SET      71    -0.048041   -0.0030352       0.1056      0.67542 gtex__cerebellum__M008
gtex__cerebellum__M006                  SET     135    -0.015068   -0.0013104      0.06476      0.59199 gtex__cerebellum__M006
gtex__cerebellum__M005                  SET     242    -0.025015   -0.0029036     0.054997      0.67539 gtex__cerebellum__M005
gtex__cerebellum__M007                  SET     143      0.13274     0.011877     0.071775     0.032211 gtex__cerebellum__M007
gtex__cerebellum__M002                  SET     125     0.031595    0.0026446     0.065721      0.31535 gtex__cerebellum__M002
gtex__cerebellum__M010                  SET      46     0.098681    0.0050219      0.12436      0.21375 gtex__cerebellum__M010
gtex__cortex__M001                      SET     897     0.015922    0.0034909     0.028159      0.28589 gtex__cortex__M001
gtex__cortex__M000                      SET   10472    0.0072789    0.0035787     0.013382      0.29325 gtex__cortex__M000
gtex__cortex__M002                      SET     641    -0.015873   -0.0029642     0.034378      0.67786 gtex__cortex__M002
gtex__cortex__M003                      SET     463      -0.0208   -0.0033183     0.039571      0.70042 gtex__cortex__M003
gtex__cortex__M010                      SET      48   -0.0030603  -0.00015908      0.11962       0.5102 gtex__cortex__M010
gtex__cortex__M005                      SET     199     0.027851    0.0029351     0.064063      0.33188 gtex__cortex__M005
gtex__cortex__M008                      SET     198     0.024196    0.0025436     0.053724      0.32623 gtex__cortex__M008
gtex__cortex__M006                      SET     193     0.085105    0.0088343     0.059909     0.077732 gtex__cortex__M006
gtex__cortex__M004                      SET     403     0.021184    0.0031585     0.044691      0.31775 gtex__cortex__M004
gtex__cortex__M007                      SET     102     0.051733    0.0039141     0.075616      0.24695 gtex__cortex__M007
gtex__cortex__M009                      SET      58      0.12695    0.0072522      0.11543      0.13571 gtex__cortex__M009
gtex__frontal_cortex_ba9__M0...2        SET    2517     0.015898    0.0055505     0.017385      0.18024 gtex__frontal_cortex_ba9__M001
gtex__frontal_cortex_ba9__M0...1        SET    9433   -0.0011635  -0.00058056     0.012777      0.53628 gtex__frontal_cortex_ba9__M000
gtex__frontal_cortex_ba9__M0...3        SET     676     0.045724    0.0087596     0.033011     0.083016 gtex__frontal_cortex_ba9__M002
gtex__frontal_cortex_ba9__M0...7        SET     179     0.060424     0.006043     0.066509      0.18181 gtex__frontal_cortex_ba9__M006
gtex__frontal_cortex_ba9__M0...4        SET     354    -0.009307   -0.0013024     0.045947      0.58026 gtex__frontal_cortex_ba9__M003
gtex__frontal_cortex_ba9__M0...6        SET     182    -0.012298     -0.00124     0.056588      0.58602 gtex__frontal_cortex_ba9__M005
gtex__frontal_cortex_ba9__M0...5        SET     270     0.032568    0.0039898      0.05221      0.26639 gtex__frontal_cortex_ba9__M004
gtex__hippocampus__M002                 SET     543     0.025888    0.0044622     0.036426      0.23864 gtex__hippocampus__M002
gtex__hippocampus__M000                 SET   12002     0.026405     0.012344     0.014218     0.031654 gtex__hippocampus__M000
gtex__hippocampus__M001                 SET    1074   -0.0073992   -0.0017657      0.02647      0.61008 gtex__hippocampus__M001
gtex__hypothalamus__M000                SET   11521     0.013251    0.0063192     0.013926      0.17068 gtex__hypothalamus__M000
gtex__hypothalamus__M005                SET     262    -0.059228   -0.0071493     0.054014      0.86357 gtex__hypothalamus__M005
gtex__hypothalamus__M004                SET     404     0.065814    0.0098247     0.042401     0.060316 gtex__hypothalamus__M004
gtex__hypothalamus__M002                SET     579    -0.035107   -0.0062421     0.035351      0.83966 gtex__hypothalamus__M002
gtex__hypothalamus__M001                SET     623   -0.0075933   -0.0013987     0.034062       0.5882 gtex__hypothalamus__M001
gtex__hypothalamus__M003                SET     448     0.063163    0.0099165     0.040692     0.060313 gtex__hypothalamus__M003
gtex__nucleus_accumbens_basa...1        SET   11566     0.016973    0.0080808     0.014031      0.11321 gtex__nucleus_accumbens_basal_ganglia__M000
gtex__nucleus_accumbens_basa...7        SET     242    -0.020447   -0.0023733     0.055208      0.64444 gtex__nucleus_accumbens_basal_ganglia__M006
gtex__nucleus_accumbens_basa...3        SET     484     0.039382    0.0064198     0.039175      0.15739 gtex__nucleus_accumbens_basal_ganglia__M002
gtex__nucleus_accumbens_basa...5        SET     296     0.033757    0.0043268     0.050947       0.2538 gtex__nucleus_accumbens_basal_ganglia__M004
gtex__nucleus_accumbens_basa...2        SET     494    -0.023373   -0.0038481     0.038407      0.72859 gtex__nucleus_accumbens_basal_ganglia__M001
gtex__nucleus_accumbens_basa...4        SET     347    0.0018379   0.00025469     0.045985      0.48406 gtex__nucleus_accumbens_basal_ganglia__M003
gtex__nucleus_accumbens_basa...6        SET     233      0.10869     0.012382     0.054609     0.023288 gtex__nucleus_accumbens_basal_ganglia__M005
gtex__putamen_basal_ganglia_...2        SET     897     0.031003    0.0067973     0.029349      0.14541 gtex__putamen_basal_ganglia__M001
gtex__putamen_basal_ganglia_...1        SET   11055     0.014639    0.0070912     0.013755      0.14362 gtex__putamen_basal_ganglia__M000
gtex__putamen_basal_ganglia_...4        SET     302     0.044856    0.0058065     0.049484      0.18235 gtex__putamen_basal_ganglia__M003
gtex__putamen_basal_ganglia_...3        SET    1040     0.020226    0.0047544     0.026804      0.22526 gtex__putamen_basal_ganglia__M002
gtex__putamen_basal_ganglia_...5        SET     125    -0.023528   -0.0019693     0.078903      0.61722 gtex__putamen_basal_ganglia__M004
gtex__putamen_basal_ganglia_...6        SET      47     -0.11477   -0.0059038      0.11422       0.8425 gtex__putamen_basal_ganglia__M005
gtex__putamen_basal_ganglia_...7        SET      53      0.15501    0.0084656      0.11925     0.096835 gtex__putamen_basal_ganglia__M006
gtex__spinal_cord_cervical_c...1        SET   10344     0.026833     0.013227     0.013368     0.022365 gtex__spinal_cord_cervical_c_1__M000
gtex__spinal_cord_cervical_c...5        SET     290    -0.067269   -0.0085358     0.050092      0.91034 gtex__spinal_cord_cervical_c_1__M004
gtex__spinal_cord_cervical_c...4        SET     544     0.022068    0.0038073     0.038327      0.28238 gtex__spinal_cord_cervical_c_1__M003
gtex__spinal_cord_cervical_c...2        SET    1106     -0.03804   -0.0092032      0.02657      0.92387 gtex__spinal_cord_cervical_c_1__M001
gtex__spinal_cord_cervical_c...6        SET     131    -0.060301   -0.0051662     0.077877      0.78062 gtex__spinal_cord_cervical_c_1__M005
gtex__spinal_cord_cervical_c...3        SET     936     0.039704    0.0088818     0.028166      0.07933 gtex__spinal_cord_cervical_c_1__M002
gtex__spinal_cord_cervical_c...7        SET     130    0.0094659   0.00080789     0.070047      0.44625 gtex__spinal_cord_cervical_c_1__M006
gtex__spinal_cord_cervical_c...8        SET      54    -0.002386  -0.00013153      0.10843      0.50878 gtex__spinal_cord_cervical_c_1__M007
gtex__substantia_nigra__M002            SET     656     0.033779    0.0063785     0.034919      0.16669 gtex__substantia_nigra__M002
gtex__substantia_nigra__M000            SET    9405     0.017969    0.0089678     0.012993     0.083338 gtex__substantia_nigra__M000
gtex__substantia_nigra__M001            SET    2623    0.0012894   0.00045796     0.017626      0.47084 gtex__substantia_nigra__M001
gtex__substantia_nigra__M005            SET     123     0.047018    0.0039041     0.073568      0.26138 gtex__substantia_nigra__M005
gtex__substantia_nigra__M003            SET     478     0.054276    0.0087943      0.03901     0.082068 gtex__substantia_nigra__M003
gtex__substantia_nigra__M006            SET     131    -0.021767   -0.0018648     0.077296      0.61087 gtex__substantia_nigra__M006
gtex__substantia_nigra__M004            SET      79     -0.12149   -0.0080946     0.090623      0.90996 gtex__substantia_nigra__M004
brainseq__caudate__M003                 SET    1461   0.00071492   0.00019666     0.021801      0.48692 brainseq__caudate__M003
brainseq__caudate__M001                 SET    2065      0.02169    0.0069604     0.018662      0.12257 brainseq__caudate__M001
brainseq__caudate__M005                 SET     831     0.024754     0.005234     0.029174      0.19808 brainseq__caudate__M005
brainseq__caudate__M010                 SET     298     -0.10563    -0.013584     0.049505      0.98356 brainseq__caudate__M010
brainseq__caudate__M000                 SET    1984    -0.016157   -0.0050951     0.019056      0.80174 brainseq__caudate__M000
brainseq__caudate__M007                 SET     359     0.059058    0.0083215     0.043993     0.089736 brainseq__caudate__M007
brainseq__caudate__M009                 SET     327     0.042969    0.0057837     0.045222      0.17102 brainseq__caudate__M009
brainseq__caudate__M004                 SET    1099   -0.0041735   -0.0010067     0.025621       0.5647 brainseq__caudate__M004
brainseq__caudate__M017                 SET      93     0.052581    0.0037996     0.071085      0.22975 brainseq__caudate__M017
brainseq__caudate__M014                 SET     131    -0.019832   -0.0016991     0.067417      0.61568 brainseq__caudate__M014
brainseq__caudate__M002                 SET    1643    -0.032623   -0.0094629     0.022194       0.9292 brainseq__caudate__M002
brainseq__caudate__M006                 SET     477     0.053112    0.0085969     0.037337     0.077449 brainseq__caudate__M006
brainseq__caudate__M013                 SET     203     0.052796    0.0056191     0.061174      0.19406 brainseq__caudate__M013
brainseq__caudate__M020                 SET      68     0.073926    0.0045713     0.091083      0.20851 brainseq__caudate__M020
brainseq__caudate__M012                 SET     237     0.051141    0.0058753      0.05488      0.17571 brainseq__caudate__M012
brainseq__caudate__M011                 SET     285    -0.014052   -0.0017679     0.043317      0.62718 brainseq__caudate__M011
brainseq__caudate__M008                 SET     302     0.062657    0.0081107     0.048749     0.099353 brainseq__caudate__M008
brainseq__caudate__M019                 SET      38   -0.0059008    -0.000273      0.12025      0.51957 brainseq__caudate__M019
brainseq__caudate__M018                 SET      66    -0.055197   -0.0033627     0.096586      0.71616 brainseq__caudate__M018
brainseq__caudate__M016                 SET      99    -0.050796   -0.0037866     0.083146      0.72937 brainseq__caudate__M016
brainseq__caudate__M015                 SET      98     0.092647    0.0068716      0.07645      0.11279 brainseq__caudate__M015
brainseq__caudate__M022                 SET      33      0.11336    0.0048878      0.13447      0.19962 brainseq__caudate__M022
brainseq__caudate__M021                 SET      37      0.14727    0.0067234      0.13063      0.12979 brainseq__caudate__M021
brainseq__hippocampus__M001             SET    1891    0.0098013    0.0030265     0.020267      0.31434 brainseq__hippocampus__M001
brainseq__hippocampus__M000             SET    9260     0.023462     0.011719     0.012864     0.034095 brainseq__hippocampus__M000
brainseq__hippocampus__M004             SET     429    0.0040308   0.00061961     0.042989      0.46265 brainseq__hippocampus__M004
brainseq__hippocampus__M002             SET     604     0.015024    0.0027264     0.034547      0.33183 brainseq__hippocampus__M002
brainseq__hippocampus__M005             SET     326      0.14672     0.019719     0.046693   0.00083983 brainseq__hippocampus__M005
brainseq__hippocampus__M007             SET     164    -0.021017   -0.0020127     0.069067      0.61955 brainseq__hippocampus__M007
brainseq__hippocampus__M003             SET     557     -0.12086     -0.02109     0.038876      0.99906 brainseq__hippocampus__M003
brainseq__hippocampus__M006             SET     163     -0.10802    -0.010314     0.072465      0.93197 brainseq__hippocampus__M006
brainseq__hippocampus__M008             SET      94     -0.11742   -0.0085306     0.096114      0.88908 brainseq__hippocampus__M008
brainseq__dlpfc__M010                   SET     416     0.055762    0.0084438     0.043725      0.10111 brainseq__dlpfc__M010
brainseq__dlpfc__M009                   SET     564      0.02661    0.0046717     0.035473      0.22659 brainseq__dlpfc__M009
brainseq__dlpfc__M003                   SET    1648     0.034852     0.010123     0.021398     0.051693 brainseq__dlpfc__M003
brainseq__dlpfc__M006                   SET     585    -0.017573   -0.0031401     0.033097      0.70227 brainseq__dlpfc__M006
brainseq__dlpfc__M014                   SET     280    -0.042274   -0.0052725     0.052137      0.79126 brainseq__dlpfc__M014
brainseq__dlpfc__M021                   SET      84    -0.021088   -0.0014487      0.09508      0.58776 brainseq__dlpfc__M021
brainseq__dlpfc__M002                   SET    1340   -0.0041813   -0.0011056     0.023485      0.57065 brainseq__dlpfc__M002
brainseq__dlpfc__M008                   SET     664     0.018872    0.0035844     0.030096      0.26532 brainseq__dlpfc__M008
brainseq__dlpfc__M007                   SET     617    -0.032178   -0.0058997     0.031643       0.8454 brainseq__dlpfc__M007
brainseq__dlpfc__M001                   SET     671     0.069105     0.013192     0.033037     0.018237 brainseq__dlpfc__M001
brainseq__dlpfc__M017                   SET     181   -0.0056259  -0.00056574     0.053268      0.54206 brainseq__dlpfc__M017
brainseq__dlpfc__M011                   SET     344     0.093376     0.012885     0.046517     0.022364 brainseq__dlpfc__M011
brainseq__dlpfc__M004                   SET    1004    -0.047692    -0.011027     0.028994      0.94999 brainseq__dlpfc__M004
brainseq__dlpfc__M000                   SET    1784   -0.0024838  -0.00074744     0.020666      0.54783 brainseq__dlpfc__M000
brainseq__dlpfc__M005                   SET    1065    -0.022331   -0.0053081     0.024932      0.81478 brainseq__dlpfc__M005
brainseq__dlpfc__M013                   SET     321     0.018335    0.0024456     0.041545      0.32949 brainseq__dlpfc__M013
brainseq__dlpfc__M012                   SET     345    -0.037423   -0.0051712     0.044939       0.7975 brainseq__dlpfc__M012
brainseq__dlpfc__M016                   SET     189     0.097559     0.010023     0.059568     0.050744 brainseq__dlpfc__M016
brainseq__dlpfc__M020                   SET      78     0.022949    0.0015194     0.088213      0.39737 brainseq__dlpfc__M020
brainseq__dlpfc__M015                   SET     260    0.0083041   0.00099858     0.047211      0.43019 brainseq__dlpfc__M015
brainseq__dlpfc__M018                   SET     165     0.063779    0.0061264     0.063192      0.15643 brainseq__dlpfc__M018
brainseq__dlpfc__M019                   SET     102    -0.026903   -0.0020355     0.077357      0.63599 brainseq__dlpfc__M019
brainseq__dlpfc__M023                   SET      35     0.033394    0.0014828      0.14507      0.40897 brainseq__dlpfc__M023
brainseq__dlpfc__M022                   SET       3     -0.42153    -0.005485      0.41152      0.84715 brainseq__dlpfc__M022
brainseq__caudate_sczd__M009            SET     358    -0.020224   -0.0028457     0.045368      0.67212 brainseq__caudate_sczd__M009
brainseq__caudate_sczd__M008            SET     363      0.10128     0.014348     0.042314    0.0083501 brainseq__caudate_sczd__M008
brainseq__caudate_sczd__M003            SET    1133   -0.0037647   -0.0009211     0.024799      0.56033 brainseq__caudate_sczd__M003
brainseq__caudate_sczd__M006            SET     429       0.0308    0.0047344     0.038249      0.21035 brainseq__caudate_sczd__M006
brainseq__caudate_sczd__M018            SET     161    -0.052541   -0.0049859     0.068581      0.77819 brainseq__caudate_sczd__M018
brainseq__caudate_sczd__M002            SET    1948     0.014133    0.0044213     0.019156      0.23033 brainseq__caudate_sczd__M002
brainseq__caudate_sczd__M000            SET    2056    0.0034716    0.0011119     0.018787       0.4267 brainseq__caudate_sczd__M000
brainseq__caudate_sczd__M013            SET     322     0.045922    0.0061345     0.041859      0.13632 brainseq__caudate_sczd__M013
brainseq__caudate_sczd__M001            SET    2208     -0.03157    -0.010428     0.019478      0.94746 brainseq__caudate_sczd__M001
brainseq__caudate_sczd__M017            SET     185      0.06121    0.0062222     0.058412      0.14735 brainseq__caudate_sczd__M017
brainseq__caudate_sczd__M012            SET     279     0.048165    0.0059965     0.050204      0.16869 brainseq__caudate_sczd__M012
brainseq__caudate_sczd__M005            SET     975    0.0037139   0.00084696     0.027087      0.44547 brainseq__caudate_sczd__M005
brainseq__caudate_sczd__M007            SET     389    -0.029044   -0.0042563     0.040551      0.76307 brainseq__caudate_sczd__M007
brainseq__caudate_sczd__M004            SET     585  -6.8519e-06  -1.2244e-06     0.033195      0.50008 brainseq__caudate_sczd__M004
brainseq__caudate_sczd__M019            SET     145     0.095994    0.0086489     0.069217     0.082752 brainseq__caudate_sczd__M019
brainseq__caudate_sczd__M011            SET     338    -0.070686   -0.0096699     0.046737      0.93478 brainseq__caudate_sczd__M011
brainseq__caudate_sczd__M015            SET     186    -0.039047   -0.0039798     0.063181      0.73171 brainseq__caudate_sczd__M015
brainseq__caudate_sczd__M020            SET     118     0.057521    0.0046788     0.069557      0.20414 brainseq__caudate_sczd__M020
brainseq__caudate_sczd__M014            SET     196      0.05118    0.0053534     0.053276      0.16837 brainseq__caudate_sczd__M014
brainseq__caudate_sczd__M010            SET     299      0.13509     0.017401     0.048473    0.0026636 brainseq__caudate_sczd__M010
brainseq__caudate_sczd__M022            SET      51       0.1744     0.009344      0.11355     0.062287 brainseq__caudate_sczd__M022
brainseq__caudate_sczd__M016            SET     186     0.035636    0.0036322      0.05831      0.27056 brainseq__caudate_sczd__M016
brainseq__caudate_sczd__M021            SET      81     0.033064    0.0022306     0.091522      0.35895 brainseq__caudate_sczd__M021
brainseq__caudate_sczd__M023            SET       4     -0.40771   -0.0061256      0.40425       0.8434 brainseq__caudate_sczd__M023
