# MEAN_SAMPLE_SIZE = 6618
# TOTAL_GENES = 17717
# TEST_DIRECTION = one-sided, positive (set), two-sided (covar)
# CONDITIONED_INTERNAL = gene size, gene density, inverse mac, log(gene size), log(gene density), log(inverse mac)
VARIABLE                               TYPE  NGENES         BETA     BETA_STD           SE            P FULL_NAME
gtex__amygdala__M000                    SET     555      -0.0164    -0.002857     0.036708      0.67248 gtex__amygdala__M000
gtex__amygdala__M001                    SET     377    0.0089505    0.0012917     0.042954      0.41747 gtex__amygdala__M001
gtex__amygdala__M002                    SET     339    -0.024675   -0.0033805     0.042435      0.71954 gtex__amygdala__M002
gtex__amygdala__M003                    SET     237     0.097387     0.011188      0.05455     0.037115 gtex__amygdala__M003
gtex__amygdala__M004                    SET     224     -0.10329    -0.011541     0.050869      0.97884 gtex__amygdala__M004
gtex__amygdala__M005                    SET     221    -0.021065    -0.002338       0.0532      0.65393 gtex__amygdala__M005
gtex__amygdala__M006                    SET     170    -0.056567   -0.0055146     0.065676      0.80546 gtex__amygdala__M006
gtex__amygdala__M007                    SET     134     0.046348    0.0040156     0.074084      0.26579 gtex__amygdala__M007
gtex__amygdala__M008                    SET     123    -0.012053   -0.0010008     0.068995      0.56934 gtex__amygdala__M008
gtex__amygdala__M009                    SET     108     0.050788    0.0039534     0.074207      0.24686 gtex__amygdala__M009
gtex__amygdala__M010                    SET     108     -0.07346   -0.0057181     0.077036      0.82985 gtex__amygdala__M010
gtex__amygdala__M011                    SET      84   -0.0035333  -0.00024272     0.083181      0.51694 gtex__amygdala__M011
gtex__amygdala__M012                    SET      70    -0.045612   -0.0028614     0.099579      0.67654 gtex__amygdala__M012
gtex__amygdala__M013                    SET      53     0.058014    0.0031684      0.11731      0.31046 gtex__amygdala__M013
gtex__amygdala__M014                    SET      53     0.033914    0.0018522      0.10106      0.36859 gtex__amygdala__M014
gtex__amygdala__M015                    SET      41     -0.10721   -0.0051515      0.13522      0.78606 gtex__amygdala__M015
gtex__amygdala__M016                    SET      41     0.060993    0.0029308      0.12445      0.31203 gtex__amygdala__M016
gtex__amygdala__M017                    SET      34     -0.04029   -0.0017634      0.13267      0.61932 gtex__amygdala__M017
gtex__amygdala__M018                    SET      17     0.039342    0.0012181      0.22088      0.42932 gtex__amygdala__M018
gtex__amygdala__M019                    SET      25      0.43319     0.016261      0.13418    0.0006234 gtex__amygdala__M019
gtex__amygdala__M020                    SET      14     -0.55019     -0.01546      0.24967      0.98622 gtex__amygdala__M020
gtex__amygdala__M021                    SET      28     -0.22702   -0.0090183       0.1487      0.93658 gtex__amygdala__M021
gtex__amygdala__M022                    SET      26      0.17135    0.0065595      0.16138      0.14418 gtex__amygdala__M022
gtex__amygdala__M023                    SET      27      0.22696    0.0088537      0.14024       0.0528 gtex__amygdala__M023
gtex__amygdala__M024                    SET      19    -0.063837   -0.0020895      0.17513      0.64226 gtex__amygdala__M024
gtex__amygdala__M025                    SET      18   0.00055844   1.7791e-05      0.17274      0.49871 gtex__amygdala__M025
gtex__anterior_cingulate_cor...1        SET     502     0.010202    0.0016928     0.037253       0.3921 gtex__anterior_cingulate_cortex_ba24__M000
gtex__anterior_cingulate_cor...2        SET     433     0.060098      0.00928      0.04147      0.07365 gtex__anterior_cingulate_cortex_ba24__M001
gtex__anterior_cingulate_cor...3        SET     273    -0.033212   -0.0040909     0.052951      0.73474 gtex__anterior_cingulate_cortex_ba24__M002
gtex__anterior_cingulate_cor...4        SET     311     0.023775    0.0031223     0.045261      0.29969 gtex__anterior_cingulate_cortex_ba24__M003
gtex__anterior_cingulate_cor...5        SET     291     0.070601    0.0089738      0.04769     0.069392 gtex__anterior_cingulate_cortex_ba24__M004
gtex__anterior_cingulate_cor...6        SET     176     0.057887    0.0057409     0.060335      0.16868 gtex__anterior_cingulate_cortex_ba24__M005
gtex__anterior_cingulate_cor...7        SET     242    -0.023406   -0.0027168     0.050369      0.67892 gtex__anterior_cingulate_cortex_ba24__M006
gtex__anterior_cingulate_cor...8        SET     197     0.003679   0.00038579     0.055136       0.4734 gtex__anterior_cingulate_cortex_ba24__M007
gtex__anterior_cingulate_cor...9        SET     224      0.02009    0.0022447     0.059029       0.3668 gtex__anterior_cingulate_cortex_ba24__M008
gtex__anterior_cingulate_cor...10       SET     176    -0.065594   -0.0065053     0.057699      0.87219 gtex__anterior_cingulate_cortex_ba24__M009
gtex__anterior_cingulate_cor...11       SET     163    -0.063699   -0.0060819     0.065219      0.83563 gtex__anterior_cingulate_cortex_ba24__M010
gtex__anterior_cingulate_cor...12       SET     155     -0.13684    -0.012743     0.061687      0.98673 gtex__anterior_cingulate_cortex_ba24__M011
gtex__anterior_cingulate_cor...13       SET     112    0.0084978   0.00067353     0.072627      0.45343 gtex__anterior_cingulate_cortex_ba24__M012
gtex__anterior_cingulate_cor...14       SET     142     0.024703    0.0022027     0.063372      0.34834 gtex__anterior_cingulate_cortex_ba24__M013
gtex__anterior_cingulate_cor...15       SET      98     0.045158    0.0033494     0.083526      0.29438 gtex__anterior_cingulate_cortex_ba24__M014
gtex__anterior_cingulate_cor...16       SET     112    0.0044409   0.00035198     0.083019      0.47867 gtex__anterior_cingulate_cortex_ba24__M015
gtex__anterior_cingulate_cor...17       SET      97     0.057451    0.0042394     0.082934      0.24424 gtex__anterior_cingulate_cortex_ba24__M016
gtex__anterior_cingulate_cor...18       SET     110     0.026475    0.0020797     0.073641      0.35961 gtex__anterior_cingulate_cortex_ba24__M017
gtex__anterior_cingulate_cor...19       SET      95     0.026271    0.0019186      0.08253      0.37512 gtex__anterior_cingulate_cortex_ba24__M018
gtex__anterior_cingulate_cor...20       SET      88    -0.035533   -0.0024981     0.091335      0.65137 gtex__anterior_cingulate_cortex_ba24__M019
gtex__anterior_cingulate_cor...21       SET      62     0.098599    0.0058227      0.10733      0.17915 gtex__anterior_cingulate_cortex_ba24__M020
gtex__anterior_cingulate_cor...22       SET      56     0.071171    0.0039951      0.11186      0.26231 gtex__anterior_cingulate_cortex_ba24__M021
gtex__anterior_cingulate_cor...23       SET      63    0.0089713   0.00053403      0.09489      0.46234 gtex__anterior_cingulate_cortex_ba24__M022
gtex__anterior_cingulate_cor...24       SET      65    -0.087919   -0.0053157     0.092896      0.82803 gtex__anterior_cingulate_cortex_ba24__M023
gtex__anterior_cingulate_cor...25       SET      59    -0.018712   -0.0010781      0.10586      0.57015 gtex__anterior_cingulate_cortex_ba24__M024
gtex__anterior_cingulate_cor...26       SET      54     -0.01893   -0.0010435      0.11147      0.56743 gtex__anterior_cingulate_cortex_ba24__M025
gtex__anterior_cingulate_cor...27       SET      47      0.12555    0.0064583       0.1083      0.12317 gtex__anterior_cingulate_cortex_ba24__M026
gtex__anterior_cingulate_cor...28       SET      30    -0.093438   -0.0038418      0.12715      0.76879 gtex__anterior_cingulate_cortex_ba24__M027
gtex__anterior_cingulate_cor...29       SET      34      0.12631    0.0055283       0.1306      0.16673 gtex__anterior_cingulate_cortex_ba24__M028
gtex__anterior_cingulate_cor...30       SET      21     -0.07676   -0.0026412      0.18411      0.66163 gtex__anterior_cingulate_cortex_ba24__M029
gtex__anterior_cingulate_cor...31       SET      27     0.079559    0.0031035      0.15022      0.29819 gtex__anterior_cingulate_cortex_ba24__M030
gtex__anterior_cingulate_cor...32       SET      25     0.043577    0.0016358      0.16605       0.3965 gtex__anterior_cingulate_cortex_ba24__M031
gtex__anterior_cingulate_cor...33       SET      19      0.26721    0.0087462      0.17253      0.06073 gtex__anterior_cingulate_cortex_ba24__M032
gtex__anterior_cingulate_cor...34       SET      25    -0.020708  -0.00077734       0.1483      0.55552 gtex__anterior_cingulate_cortex_ba24__M033
gtex__anterior_cingulate_cor...35       SET      25     0.052384    0.0019664      0.17367      0.38147 gtex__anterior_cingulate_cortex_ba24__M034
gtex__anterior_cingulate_cor...36       SET      16      0.14218    0.0042709      0.21856      0.25768 gtex__anterior_cingulate_cortex_ba24__M035
gtex__anterior_cingulate_cor...37       SET      20     -0.13732   -0.0046113      0.17378      0.78529 gtex__anterior_cingulate_cortex_ba24__M036
gtex__anterior_cingulate_cor...38       SET      20     0.097129    0.0032616      0.15281      0.26252 gtex__anterior_cingulate_cortex_ba24__M037
gtex__anterior_cingulate_cor...39       SET      21    -0.079758   -0.0027444      0.18736      0.66483 gtex__anterior_cingulate_cortex_ba24__M038
gtex__anterior_cingulate_cor...40       SET      18       0.1697    0.0054065       0.1919      0.18827 gtex__anterior_cingulate_cortex_ba24__M039
gtex__anterior_cingulate_cor...41       SET      19     -0.12868   -0.0042118      0.18207      0.76013 gtex__anterior_cingulate_cortex_ba24__M040
gtex__anterior_cingulate_cor...42       SET      15   -0.0097905  -0.00028476      0.21756      0.51795 gtex__anterior_cingulate_cortex_ba24__M041
gtex__caudate_basal_ganglia_...1        SET     793     0.022531     0.004659     0.030054      0.22672 gtex__caudate_basal_ganglia__M000
gtex__caudate_basal_ganglia_...2        SET     452    -0.036796    -0.005802     0.038832      0.82832 gtex__caudate_basal_ganglia__M001
gtex__caudate_basal_ganglia_...3        SET     387   -0.0063878  -0.00093375     0.042058      0.56036 gtex__caudate_basal_ganglia__M002
gtex__caudate_basal_ganglia_...4        SET     311     0.044082    0.0057892     0.049276       0.1855 gtex__caudate_basal_ganglia__M003
gtex__caudate_basal_ganglia_...5        SET     335    -0.016064    -0.002188     0.044092      0.64219 gtex__caudate_basal_ganglia__M004
gtex__caudate_basal_ganglia_...6        SET     272    -0.010044   -0.0012349     0.045478      0.58739 gtex__caudate_basal_ganglia__M005
gtex__caudate_basal_ganglia_...7        SET     168     -0.05264   -0.0051018     0.069676      0.77502 gtex__caudate_basal_ganglia__M006
gtex__caudate_basal_ganglia_...8        SET     148     0.033897    0.0030852     0.064343      0.29916 gtex__caudate_basal_ganglia__M007
gtex__caudate_basal_ganglia_...9        SET     245    -0.097036    -0.011332     0.055822      0.95891 gtex__caudate_basal_ganglia__M008
gtex__caudate_basal_ganglia_...10       SET     162    -0.019068    -0.001815     0.066636      0.61262 gtex__caudate_basal_ganglia__M009
gtex__caudate_basal_ganglia_...11       SET     183   -0.0092594  -0.00093621     0.064584        0.557 gtex__caudate_basal_ganglia__M010
gtex__caudate_basal_ganglia_...12       SET     136   -0.0012813  -0.00011183      0.06892      0.50742 gtex__caudate_basal_ganglia__M011
gtex__caudate_basal_ganglia_...13       SET     123     0.033435    0.0027762     0.075517      0.32898 gtex__caudate_basal_ganglia__M012
gtex__caudate_basal_ganglia_...14       SET     100    -0.043292   -0.0032433     0.077554      0.71165 gtex__caudate_basal_ganglia__M013
gtex__caudate_basal_ganglia_...15       SET     117     0.028606     0.002317     0.067901      0.33677 gtex__caudate_basal_ganglia__M014
gtex__caudate_basal_ganglia_...16       SET      86   -0.0086848  -0.00060363     0.086745      0.53987 gtex__caudate_basal_ganglia__M015
gtex__caudate_basal_ganglia_...17       SET      89     -0.01602   -0.0011326     0.078447      0.58091 gtex__caudate_basal_ganglia__M016
gtex__caudate_basal_ganglia_...18       SET      79    -0.024599    -0.001639     0.084132        0.615 gtex__caudate_basal_ganglia__M017
gtex__caudate_basal_ganglia_...19       SET      79    -0.047408   -0.0031587     0.090824      0.69915 gtex__caudate_basal_ganglia__M018
gtex__caudate_basal_ganglia_...20       SET      65     0.080327    0.0048566      0.09911      0.20884 gtex__caudate_basal_ganglia__M019
gtex__caudate_basal_ganglia_...21       SET      70    -0.044794   -0.0028101     0.094819      0.68168 gtex__caudate_basal_ganglia__M020
gtex__caudate_basal_ganglia_...22       SET      56     0.029596    0.0016613      0.10414      0.38813 gtex__caudate_basal_ganglia__M021
gtex__caudate_basal_ganglia_...23       SET      60     0.029493    0.0017135      0.11186      0.39602 gtex__caudate_basal_ganglia__M022
gtex__caudate_basal_ganglia_...24       SET      68    -0.083743   -0.0051783     0.090594      0.82235 gtex__caudate_basal_ganglia__M023
gtex__caudate_basal_ganglia_...25       SET      62      0.16857    0.0099547     0.094513     0.037258 gtex__caudate_basal_ganglia__M024
gtex__caudate_basal_ganglia_...26       SET      64    -0.069516   -0.0041707      0.10389       0.7483 gtex__caudate_basal_ganglia__M025
gtex__caudate_basal_ganglia_...27       SET      47      0.13286     0.006834      0.11623      0.12652 gtex__caudate_basal_ganglia__M026
gtex__caudate_basal_ganglia_...28       SET      34     -0.07349   -0.0032164      0.13302      0.70969 gtex__caudate_basal_ganglia__M027
gtex__caudate_basal_ganglia_...29       SET      34    -0.086861   -0.0038016      0.15359      0.71414 gtex__caudate_basal_ganglia__M028
gtex__caudate_basal_ganglia_...30       SET      37     0.090873    0.0041486      0.13842      0.25575 gtex__caudate_basal_ganglia__M029
gtex__caudate_basal_ganglia_...31       SET      39     0.022971    0.0010766      0.12892      0.42929 gtex__caudate_basal_ganglia__M030
gtex__caudate_basal_ganglia_...32       SET      33    -0.096613   -0.0041659      0.14869      0.74207 gtex__caudate_basal_ganglia__M031
gtex__caudate_basal_ganglia_...33       SET      28     0.021744   0.00086377       0.1425      0.43936 gtex__caudate_basal_ganglia__M032
gtex__caudate_basal_ganglia_...34       SET      15      0.12604    0.0036659      0.20465      0.26899 gtex__caudate_basal_ganglia__M033
gtex__caudate_basal_ganglia_...35       SET      24    -0.059296    -0.002181      0.15598      0.64808 gtex__caudate_basal_ganglia__M034
gtex__caudate_basal_ganglia_...36       SET      21     -0.16527   -0.0056866      0.15831      0.85174 gtex__caudate_basal_ganglia__M035
gtex__caudate_basal_ganglia_...37       SET      22     -0.38349    -0.013505      0.14754      0.99532 gtex__caudate_basal_ganglia__M036
gtex__caudate_basal_ganglia_...38       SET      11     0.080666    0.0020094      0.27732      0.38557 gtex__caudate_basal_ganglia__M037
gtex__caudate_basal_ganglia_...39       SET      22     -0.13313   -0.0046885       0.1644      0.79097 gtex__caudate_basal_ganglia__M038
gtex__caudate_basal_ganglia_...40       SET      12    -0.015429  -0.00040143      0.23504      0.52617 gtex__caudate_basal_ganglia__M040
gtex__caudate_basal_ganglia_...41       SET      17      0.27779    0.0086009      0.19291     0.074942 gtex__caudate_basal_ganglia__M041
gtex__cerebellar_hemisphere_...1        SET     706    -0.011542   -0.0022577     0.030995      0.64519 gtex__cerebellar_hemisphere__M000
gtex__cerebellar_hemisphere_...2        SET     666     0.042467    0.0080776     0.030627     0.082795 gtex__cerebellar_hemisphere__M001
gtex__cerebellar_hemisphere_...3        SET     409     0.036401    0.0054666     0.039398      0.17777 gtex__cerebellar_hemisphere__M002
gtex__cerebellar_hemisphere_...4        SET     375    -0.080733    -0.011621     0.040237      0.97759 gtex__cerebellar_hemisphere__M003
gtex__cerebellar_hemisphere_...5        SET     409    -0.021227   -0.0031878     0.044611       0.6829 gtex__cerebellar_hemisphere__M004
gtex__cerebellar_hemisphere_...6        SET     256    -0.048305   -0.0057646     0.050457       0.8308 gtex__cerebellar_hemisphere__M005
gtex__cerebellar_hemisphere_...7        SET     260    -0.022884   -0.0027519     0.051999      0.67006 gtex__cerebellar_hemisphere__M006
gtex__cerebellar_hemisphere_...8        SET     224     0.058012    0.0064818      0.04981      0.12208 gtex__cerebellar_hemisphere__M007
gtex__cerebellar_hemisphere_...9        SET     173    -0.024429   -0.0024022     0.059153      0.66019 gtex__cerebellar_hemisphere__M008
gtex__cerebellar_hemisphere_...10       SET     112    -0.055923   -0.0044324     0.077039      0.76604 gtex__cerebellar_hemisphere__M009
gtex__cerebellar_hemisphere_...11       SET     153    -0.044122   -0.0040826     0.073825      0.72496 gtex__cerebellar_hemisphere__M010
gtex__cerebellar_hemisphere_...12       SET      91     0.078641    0.0056217     0.075375      0.14841 gtex__cerebellar_hemisphere__M011
gtex__cerebellar_hemisphere_...13       SET      72    -0.073962   -0.0047055      0.10163      0.76661 gtex__cerebellar_hemisphere__M012
gtex__cerebellar_hemisphere_...14       SET      70     -0.05407   -0.0033921     0.085769      0.73578 gtex__cerebellar_hemisphere__M013
gtex__cerebellar_hemisphere_...15       SET      42     -0.10203   -0.0049622       0.1157      0.81107 gtex__cerebellar_hemisphere__M014
gtex__cerebellar_hemisphere_...16       SET      63      0.25689     0.015292      0.10711    0.0082398 gtex__cerebellar_hemisphere__M015
gtex__cerebellar_hemisphere_...17       SET      50    -0.016914   -0.0008973      0.11002      0.56109 gtex__cerebellar_hemisphere__M016
gtex__cerebellar_hemisphere_...18       SET      45    -0.020062   -0.0010098      0.11636      0.56844 gtex__cerebellar_hemisphere__M017
gtex__cerebellar_hemisphere_...19       SET      48    -0.047953   -0.0024927      0.10398      0.67767 gtex__cerebellar_hemisphere__M018
gtex__cerebellar_hemisphere_...20       SET      47     0.019785    0.0010177      0.12703      0.43812 gtex__cerebellar_hemisphere__M019
gtex__cerebellar_hemisphere_...21       SET      29    -0.042987   -0.0017378      0.14389      0.61743 gtex__cerebellar_hemisphere__M020
gtex__cerebellar_hemisphere_...22       SET      34     -0.11994   -0.0052492      0.11861      0.84402 gtex__cerebellar_hemisphere__M021
gtex__cerebellar_hemisphere_...23       SET      37    -0.060505   -0.0027622      0.13036      0.67873 gtex__cerebellar_hemisphere__M022
gtex__cerebellar_hemisphere_...24       SET      29    0.0070445   0.00028478      0.13641      0.47941 gtex__cerebellar_hemisphere__M023
gtex__cerebellar_hemisphere_...25       SET      32    -0.046356   -0.0019684      0.14635      0.62428 gtex__cerebellar_hemisphere__M024
gtex__cerebellar_hemisphere_...26       SET      22     -0.34105    -0.012011      0.18661      0.96619 gtex__cerebellar_hemisphere__M025
gtex__cerebellar_hemisphere_...27       SET      21    0.0085337   0.00029363      0.17235      0.48026 gtex__cerebellar_hemisphere__M026
gtex__cerebellar_hemisphere_...28       SET      18     -0.06837   -0.0021782      0.19342      0.63813 gtex__cerebellar_hemisphere__M027
gtex__cerebellar_hemisphere_...29       SET      23      0.13154    0.0047364      0.16974       0.2192 gtex__cerebellar_hemisphere__M028
gtex__cerebellum__M000                  SET     316     0.060955    0.0080679     0.045901     0.092103 gtex__cerebellum__M000
gtex__cerebellum__M001                  SET     300     0.027858    0.0035943      0.04517      0.26871 gtex__cerebellum__M001
gtex__cerebellum__M002                  SET     198    -0.021102   -0.0022183     0.063619      0.62994 gtex__cerebellum__M002
gtex__cerebellum__M003                  SET     128     0.096554    0.0081774     0.066943     0.074613 gtex__cerebellum__M003
gtex__cerebellum__M004                  SET     149     0.017153    0.0015665     0.061144      0.38953 gtex__cerebellum__M004
gtex__cerebellum__M005                  SET     101    -0.068089   -0.0051264      0.08041      0.80143 gtex__cerebellum__M005
gtex__cerebellum__M006                  SET      96      -0.1355   -0.0099474     0.082975      0.94876 gtex__cerebellum__M006
gtex__cerebellum__M007                  SET      91    -0.057627   -0.0041195     0.089701       0.7397 gtex__cerebellum__M007
gtex__cerebellum__M008                  SET      89     0.025105    0.0017749     0.078342      0.37432 gtex__cerebellum__M008
gtex__cerebellum__M009                  SET      87     -0.11973   -0.0083697     0.096453      0.89275 gtex__cerebellum__M009
gtex__cerebellum__M010                  SET      86     0.086084    0.0059832      0.08035      0.14201 gtex__cerebellum__M010
gtex__cerebellum__M011                  SET      67     0.073135    0.0044891     0.095179      0.22113 gtex__cerebellum__M011
gtex__cerebellum__M012                  SET      75     -0.20277    -0.013165       0.1035      0.97495 gtex__cerebellum__M012
gtex__cerebellum__M013                  SET      60       -0.114   -0.0066228      0.11317      0.84309 gtex__cerebellum__M013
gtex__cerebellum__M014                  SET      65      0.03194    0.0019311      0.10308      0.37834 gtex__cerebellum__M014
gtex__cerebellum__M015                  SET      49     0.095571    0.0050193      0.11288      0.19859 gtex__cerebellum__M015
gtex__cerebellum__M016                  SET      44       0.2607     0.012976      0.12794       0.0208 gtex__cerebellum__M016
gtex__cerebellum__M017                  SET      39      0.19573    0.0091735      0.13518      0.07382 gtex__cerebellum__M017
gtex__cerebellum__M018                  SET      32    -0.044418   -0.0018861      0.14677      0.61891 gtex__cerebellum__M018
gtex__cerebellum__M019                  SET      34      0.10347    0.0045284        0.135      0.22171 gtex__cerebellum__M019
gtex__cerebellum__M020                  SET      26    -0.048311   -0.0018494      0.14353      0.63178 gtex__cerebellum__M020
gtex__cerebellum__M021                  SET      19      0.19812    0.0064847      0.19448      0.15417 gtex__cerebellum__M021
gtex__cerebellum__M022                  SET      28    -0.011133  -0.00044225      0.15487      0.52865 gtex__cerebellum__M022
gtex__cerebellum__M023                  SET      24      0.17364    0.0063868      0.17012      0.15371 gtex__cerebellum__M023
gtex__cerebellum__M024                  SET      26      -0.1338   -0.0051219      0.16136      0.79649 gtex__cerebellum__M024
gtex__cerebellum__M025                  SET      24      -0.2302   -0.0084671       0.1621       0.9222 gtex__cerebellum__M025
gtex__cerebellum__M026                  SET      25   -0.0070305  -0.00026391      0.14482      0.51936 gtex__cerebellum__M026
gtex__cerebellum__M028                  SET      20      0.13297    0.0044652      0.20163       0.2548 gtex__cerebellum__M028
gtex__cerebellum__M029                  SET      21    -0.027067  -0.00093133      0.20364      0.55287 gtex__cerebellum__M029
gtex__cerebellum__M030                  SET      14      0.01139   0.00032006      0.22188      0.47953 gtex__cerebellum__M030
gtex__cortex__M000                      SET     337      0.04887    0.0066758     0.043457       0.1304 gtex__cortex__M000
gtex__cortex__M001                      SET     172     0.028096    0.0027549     0.065421       0.3338 gtex__cortex__M001
gtex__cortex__M002                      SET     179     0.009807   0.00098079     0.059848      0.43492 gtex__cortex__M002
gtex__cortex__M003                      SET     126    -0.018536   -0.0015576     0.076888      0.59525 gtex__cortex__M003
gtex__cortex__M004                      SET     148     0.088857    0.0080876     0.063512     0.080907 gtex__cortex__M004
gtex__cortex__M005                      SET     150     0.019132     0.001753     0.066266       0.3864 gtex__cortex__M005
gtex__cortex__M006                      SET      81    -0.053072   -0.0035804     0.097179      0.70751 gtex__cortex__M006
gtex__cortex__M007                      SET      52       0.1257    0.0068002      0.11993      0.14729 gtex__cortex__M007
gtex__cortex__M008                      SET      94     0.070135    0.0050952      0.07401      0.17166 gtex__cortex__M008
gtex__cortex__M009                      SET     101    -0.030917   -0.0023277     0.078892      0.65243 gtex__cortex__M009
gtex__cortex__M010                      SET      97     0.023287    0.0017184     0.082047      0.38827 gtex__cortex__M010
gtex__cortex__M011                      SET      73    -0.046023   -0.0029482     0.089817      0.69582 gtex__cortex__M011
gtex__cortex__M012                      SET      92     0.065376    0.0046989     0.078651      0.20293 gtex__cortex__M012
gtex__cortex__M013                      SET      42    -0.030699    -0.001493      0.12256      0.59889 gtex__cortex__M013
gtex__cortex__M014                      SET      79     -0.14601   -0.0097282     0.087573      0.95226 gtex__cortex__M014
gtex__cortex__M015                      SET      78     0.044395    0.0029393     0.093062      0.31666 gtex__cortex__M015
gtex__cortex__M016                      SET      79     0.022551    0.0015025      0.08967      0.40072 gtex__cortex__M016
gtex__cortex__M017                      SET      59    -0.023147   -0.0013335      0.10947      0.58373 gtex__cortex__M017
gtex__cortex__M018                      SET      55     -0.16466   -0.0091604      0.12364      0.90853 gtex__cortex__M018
gtex__cortex__M019                      SET      41     0.046409      0.00223      0.12836      0.35884 gtex__cortex__M019
gtex__cortex__M020                      SET      38      0.06599     0.003053      0.11961      0.29058 gtex__cortex__M020
gtex__cortex__M021                      SET      43     -0.13609   -0.0066963      0.11764      0.87631 gtex__cortex__M021
gtex__cortex__M022                      SET      40       0.2189      0.01039       0.1225      0.03698 gtex__cortex__M022
gtex__cortex__M023                      SET      28     -0.24346   -0.0096711      0.16587      0.92891 gtex__cortex__M023
gtex__cortex__M024                      SET      23    -0.098384   -0.0035426      0.16985      0.71878 gtex__cortex__M024
gtex__cortex__M025                      SET      23      0.20044    0.0072175      0.15329     0.095519 gtex__cortex__M025
gtex__cortex__M026                      SET      23     0.029681    0.0010688      0.18849      0.43744 gtex__cortex__M026
gtex__cortex__M027                      SET      24    -0.082867    -0.003048      0.15877      0.69914 gtex__cortex__M027
gtex__cortex__M028                      SET      24   -0.0043571  -0.00016026      0.14806      0.51174 gtex__cortex__M028
gtex__cortex__M029                      SET      24     -0.25763    -0.009476      0.14582      0.96136 gtex__cortex__M029
gtex__cortex__M030                      SET      22        0.225    0.0079239      0.16241     0.082984 gtex__cortex__M030
gtex__cortex__M031                      SET      18      0.13803    0.0043976      0.22001      0.26521 gtex__cortex__M031
gtex__cortex__M032                      SET      22      0.13077    0.0046055      0.17978       0.2335 gtex__cortex__M032
gtex__cortex__M033                      SET      18     0.053707     0.001711      0.16879      0.37517 gtex__cortex__M033
gtex__cortex__M034                      SET      22      0.05014    0.0017658      0.18003      0.39031 gtex__cortex__M034
gtex__cortex__M036                      SET      20    -0.016363  -0.00054949      0.16786      0.53883 gtex__cortex__M036
gtex__frontal_cortex_ba9__M0...1        SET     676     0.066947     0.012826     0.033048     0.021403 gtex__frontal_cortex_ba9__M000
gtex__frontal_cortex_ba9__M0...2        SET     598    -0.008899   -0.0016071     0.033914      0.60349 gtex__frontal_cortex_ba9__M001
gtex__frontal_cortex_ba9__M0...3        SET     412    -0.016001   -0.0024116     0.041997       0.6484 gtex__frontal_cortex_ba9__M002
gtex__frontal_cortex_ba9__M0...4        SET     379    -0.031821   -0.0046042     0.039476       0.7899 gtex__frontal_cortex_ba9__M003
gtex__frontal_cortex_ba9__M0...5        SET     450     0.008996    0.0014154     0.039946      0.41091 gtex__frontal_cortex_ba9__M004
gtex__frontal_cortex_ba9__M0...6        SET     454   -0.0098147   -0.0015509      0.03566      0.60843 gtex__frontal_cortex_ba9__M005
gtex__frontal_cortex_ba9__M0...7        SET     441      0.04655    0.0072525     0.037933      0.10989 gtex__frontal_cortex_ba9__M006
gtex__frontal_cortex_ba9__M0...8        SET     398     0.046703     0.006921     0.041529      0.13039 gtex__frontal_cortex_ba9__M007
gtex__frontal_cortex_ba9__M0...9        SET     273     0.047784    0.0058859     0.048477      0.16214 gtex__frontal_cortex_ba9__M008
gtex__frontal_cortex_ba9__M0...10       SET     219      0.02809    0.0031038     0.052067      0.29477 gtex__frontal_cortex_ba9__M009
gtex__frontal_cortex_ba9__M0...11       SET     148    -0.056152   -0.0051108     0.069294      0.79112 gtex__frontal_cortex_ba9__M010
gtex__frontal_cortex_ba9__M0...12       SET     159   4.4557e-05   4.2022e-06     0.065239      0.49973 gtex__frontal_cortex_ba9__M011
gtex__frontal_cortex_ba9__M0...13       SET     137     -0.16147    -0.014145     0.078002      0.98077 gtex__frontal_cortex_ba9__M012
gtex__frontal_cortex_ba9__M0...14       SET     122     0.072919    0.0060303     0.073703      0.16125 gtex__frontal_cortex_ba9__M013
gtex__frontal_cortex_ba9__M0...15       SET      68      0.18439     0.011402      0.09521     0.026405 gtex__frontal_cortex_ba9__M014
gtex__frontal_cortex_ba9__M0...16       SET     130  -0.00083063  -7.0892e-05     0.068632      0.50483 gtex__frontal_cortex_ba9__M015
gtex__frontal_cortex_ba9__M0...17       SET     131      0.11791     0.010102     0.065413     0.035736 gtex__frontal_cortex_ba9__M016
gtex__frontal_cortex_ba9__M0...18       SET     114    -0.013522   -0.0010812     0.072821      0.57366 gtex__frontal_cortex_ba9__M017
gtex__frontal_cortex_ba9__M0...19       SET     108    -0.066002   -0.0051376     0.077898      0.80158 gtex__frontal_cortex_ba9__M018
gtex__frontal_cortex_ba9__M0...20       SET     109     0.089176    0.0069733     0.071043       0.1047 gtex__frontal_cortex_ba9__M019
gtex__frontal_cortex_ba9__M0...21       SET      92     0.031807    0.0022862     0.076098      0.33798 gtex__frontal_cortex_ba9__M020
gtex__frontal_cortex_ba9__M0...22       SET      61    -0.045437   -0.0026616      0.10325      0.67006 gtex__frontal_cortex_ba9__M021
gtex__frontal_cortex_ba9__M0...23       SET      85     0.010292   0.00071121     0.087745      0.45331 gtex__frontal_cortex_ba9__M022
gtex__frontal_cortex_ba9__M0...24       SET      82     -0.17902    -0.012151     0.088629      0.97829 gtex__frontal_cortex_ba9__M023
gtex__frontal_cortex_ba9__M0...25       SET      73     -0.14079   -0.0090188       0.1052       0.9096 gtex__frontal_cortex_ba9__M024
gtex__frontal_cortex_ba9__M0...26       SET      81    -0.031305   -0.0021119     0.078085      0.65575 gtex__frontal_cortex_ba9__M025
gtex__frontal_cortex_ba9__M0...27       SET      75    -0.038764   -0.0025168     0.086741      0.67252 gtex__frontal_cortex_ba9__M026
gtex__frontal_cortex_ba9__M0...28       SET      47      0.10687    0.0054974      0.12108      0.18872 gtex__frontal_cortex_ba9__M027
gtex__frontal_cortex_ba9__M0...29       SET      70    -0.012817  -0.00080404      0.10327      0.54938 gtex__frontal_cortex_ba9__M028
gtex__frontal_cortex_ba9__M0...30       SET      57     0.043226    0.0024479      0.12567      0.36544 gtex__frontal_cortex_ba9__M029
gtex__frontal_cortex_ba9__M0...31       SET      66     0.094327    0.0057467     0.091514      0.15134 gtex__frontal_cortex_ba9__M030
gtex__frontal_cortex_ba9__M0...32       SET      50     0.038522    0.0020436      0.11309      0.36669 gtex__frontal_cortex_ba9__M031
gtex__frontal_cortex_ba9__M0...33       SET      55    -0.075596   -0.0042055      0.10223      0.77018 gtex__frontal_cortex_ba9__M032
gtex__frontal_cortex_ba9__M0...34       SET      49     -0.21647    -0.011369      0.13883      0.94053 gtex__frontal_cortex_ba9__M033
gtex__frontal_cortex_ba9__M0...35       SET      26     0.068048     0.002605      0.15344      0.32871 gtex__frontal_cortex_ba9__M034
gtex__frontal_cortex_ba9__M0...36       SET      39    -0.063186   -0.0029614      0.12613       0.6918 gtex__frontal_cortex_ba9__M035
gtex__frontal_cortex_ba9__M0...37       SET      40     -0.10534   -0.0049996      0.13805      0.77727 gtex__frontal_cortex_ba9__M036
gtex__frontal_cortex_ba9__M0...38       SET      35     0.026938    0.0011962      0.12754      0.41636 gtex__frontal_cortex_ba9__M037
gtex__frontal_cortex_ba9__M0...39       SET      29     -0.14244   -0.0057583       0.1401      0.84535 gtex__frontal_cortex_ba9__M038
gtex__frontal_cortex_ba9__M0...40       SET      23      0.19832     0.007141      0.17742      0.13184 gtex__frontal_cortex_ba9__M039
gtex__frontal_cortex_ba9__M0...41       SET      24     -0.23158   -0.0085177      0.16653      0.91782 gtex__frontal_cortex_ba9__M040
gtex__frontal_cortex_ba9__M0...42       SET      26      0.21573    0.0082585      0.13962     0.061164 gtex__frontal_cortex_ba9__M041
gtex__frontal_cortex_ba9__M0...43       SET      16       0.3602      0.01082      0.24025      0.06691 gtex__frontal_cortex_ba9__M042
gtex__frontal_cortex_ba9__M0...44       SET      22   0.00027767   9.7789e-06      0.15512      0.49929 gtex__frontal_cortex_ba9__M043
gtex__frontal_cortex_ba9__M0...45       SET      23  -0.00097218  -3.5006e-05      0.16113      0.50241 gtex__frontal_cortex_ba9__M044
gtex__frontal_cortex_ba9__M0...46       SET      19     0.076796    0.0025136      0.22604      0.36702 gtex__frontal_cortex_ba9__M045
gtex__hippocampus__M000                 SET     810    -0.015514   -0.0032406      0.02884      0.70469 gtex__hippocampus__M000
gtex__hippocampus__M001                 SET     529    -0.065855    -0.011209     0.037858      0.95902 gtex__hippocampus__M001
gtex__hippocampus__M002                 SET     422    -0.030428     -0.00464     0.041978      0.76573 gtex__hippocampus__M002
gtex__hippocampus__M003                 SET     315   -0.0096432   -0.0012744     0.046862      0.58152 gtex__hippocampus__M003
gtex__hippocampus__M004                 SET     358    -0.032033   -0.0045073     0.042608      0.77391 gtex__hippocampus__M004
gtex__hippocampus__M005                 SET     358     0.053345    0.0075062     0.040909     0.096127 gtex__hippocampus__M005
gtex__hippocampus__M006                 SET     266     0.015629    0.0019007     0.052793       0.3836 gtex__hippocampus__M006
gtex__hippocampus__M007                 SET     323     0.011135    0.0014898     0.044566      0.40135 gtex__hippocampus__M007
gtex__hippocampus__M008                 SET     202     0.030686    0.0032579     0.053421      0.28285 gtex__hippocampus__M008
gtex__hippocampus__M009                 SET     169     0.022947    0.0022306     0.066097      0.36423 gtex__hippocampus__M009
gtex__hippocampus__M010                 SET     119     0.090694    0.0074081     0.083542      0.13883 gtex__hippocampus__M010
gtex__hippocampus__M011                 SET     130    -0.086419   -0.0073757     0.067093      0.90113 gtex__hippocampus__M011
gtex__hippocampus__M012                 SET     142     0.068898    0.0061436     0.069665      0.16134 gtex__hippocampus__M012
gtex__hippocampus__M013                 SET     104     0.083942    0.0064126     0.074333       0.1294 gtex__hippocampus__M013
gtex__hippocampus__M014                 SET      48    -0.094557   -0.0049152      0.13224      0.76271 gtex__hippocampus__M014
gtex__hippocampus__M015                 SET      90    -0.061372   -0.0043632     0.087659      0.75807 gtex__hippocampus__M015
gtex__hippocampus__M016                 SET      76     0.066386    0.0043388     0.099402      0.25212 gtex__hippocampus__M016
gtex__hippocampus__M017                 SET      70    -0.045967   -0.0028837     0.088152      0.69897 gtex__hippocampus__M017
gtex__hippocampus__M018                 SET      75     0.022106    0.0014353     0.091193      0.40423 gtex__hippocampus__M018
gtex__hippocampus__M019                 SET      59    -0.072726   -0.0041899      0.10723      0.75117 gtex__hippocampus__M019
gtex__hippocampus__M020                 SET      54      0.11665    0.0064304      0.10559      0.13464 gtex__hippocampus__M020
gtex__hippocampus__M021                 SET      51     0.018449   0.00098845      0.10899      0.43279 gtex__hippocampus__M021
gtex__hippocampus__M022                 SET      57     0.017047    0.0009654      0.10097      0.43296 gtex__hippocampus__M022
gtex__hippocampus__M023                 SET      56     0.045589    0.0025591      0.10523      0.33243 gtex__hippocampus__M023
gtex__hippocampus__M024                 SET      43     0.048035    0.0023636      0.11857       0.3427 gtex__hippocampus__M024
gtex__hippocampus__M025                 SET      33     -0.05211   -0.0022469      0.13341      0.65195 gtex__hippocampus__M025
gtex__hippocampus__M026                 SET      39     -0.18387   -0.0086176      0.13041      0.92072 gtex__hippocampus__M026
gtex__hippocampus__M027                 SET      35    -0.055952   -0.0024845      0.14017      0.65512 gtex__hippocampus__M027
gtex__hippocampus__M028                 SET      40     0.022202    0.0010538      0.10752      0.41821 gtex__hippocampus__M028
gtex__hippocampus__M029                 SET      31    -0.052082   -0.0021767      0.13715      0.64793 gtex__hippocampus__M029
gtex__hippocampus__M030                 SET      26     0.099957    0.0038265      0.14891      0.25104 gtex__hippocampus__M030
gtex__hippocampus__M031                 SET      28    -0.049965   -0.0019848      0.14806      0.63211 gtex__hippocampus__M031
gtex__hippocampus__M032                 SET      25     -0.06994   -0.0026254       0.1592      0.66978 gtex__hippocampus__M032
gtex__hippocampus__M033                 SET      20     0.047918    0.0016091      0.16538      0.38601 gtex__hippocampus__M033
gtex__hippocampus__M034                 SET      22      0.15656    0.0055135      0.14819      0.14539 gtex__hippocampus__M034
gtex__hippocampus__M035                 SET      20     0.080414    0.0027004      0.16876      0.31687 gtex__hippocampus__M035
gtex__hippocampus__M036                 SET      17    -0.068563   -0.0021229      0.18796      0.64236 gtex__hippocampus__M036
gtex__hippocampus__M037                 SET      19      0.18724    0.0061285      0.18485      0.15555 gtex__hippocampus__M037
gtex__hippocampus__M038                 SET      15     0.023984   0.00069759      0.19993      0.45226 gtex__hippocampus__M038
gtex__hippocampus__M039                 SET      16      -0.4815    -0.014464      0.20306      0.99113 gtex__hippocampus__M039
gtex__hippocampus__M040                 SET      15     -0.22169   -0.0064479      0.17974      0.89127 gtex__hippocampus__M040
gtex__hypothalamus__M000                SET     691   -0.0039125  -0.00075749     0.033097      0.54705 gtex__hypothalamus__M000
gtex__hypothalamus__M001                SET     884     0.013435    0.0029252     0.028286      0.31741 gtex__hypothalamus__M001
gtex__hypothalamus__M002                SET     449     0.011872    0.0018659     0.037141      0.37462 gtex__hypothalamus__M002
gtex__hypothalamus__M003                SET     223    -0.034233   -0.0038164     0.055405      0.73166 gtex__hypothalamus__M003
gtex__hypothalamus__M004                SET     220    -0.018671   -0.0020677     0.057981      0.62628 gtex__hypothalamus__M004
gtex__hypothalamus__M005                SET     189     0.002184   0.00022438     0.056315      0.48453 gtex__hypothalamus__M005
gtex__hypothalamus__M006                SET     182     0.070078    0.0070663     0.063874       0.1363 gtex__hypothalamus__M006
gtex__hypothalamus__M007                SET     196    -0.031815   -0.0033278     0.058303      0.70735 gtex__hypothalamus__M007
gtex__hypothalamus__M008                SET     111     0.059516    0.0046962     0.079281      0.22642 gtex__hypothalamus__M008
gtex__hypothalamus__M009                SET     125     0.013922    0.0011653     0.074269      0.42565 gtex__hypothalamus__M009
gtex__hypothalamus__M010                SET      93     0.048236    0.0034857     0.077467      0.26676 gtex__hypothalamus__M010
gtex__hypothalamus__M011                SET      99    -0.054542   -0.0040658     0.079037      0.75492 gtex__hypothalamus__M011
gtex__hypothalamus__M012                SET      81    -0.071883   -0.0048494     0.088975      0.79042 gtex__hypothalamus__M012
gtex__hypothalamus__M013                SET      73      0.18936     0.012131     0.084882      0.01285 gtex__hypothalamus__M013
gtex__hypothalamus__M014                SET      73     -0.14312   -0.0091684     0.091713      0.94068 gtex__hypothalamus__M014
gtex__hypothalamus__M015                SET      76       0.0813    0.0053135     0.081849      0.16029 gtex__hypothalamus__M015
gtex__hypothalamus__M016                SET      58      0.19437     0.011103     0.092815     0.018129 gtex__hypothalamus__M016
gtex__hypothalamus__M017                SET      52    -0.051409   -0.0027811      0.11188      0.67706 gtex__hypothalamus__M017
gtex__hypothalamus__M018                SET      34      0.21251    0.0093006      0.14966     0.077828 gtex__hypothalamus__M018
gtex__hypothalamus__M019                SET      33   -0.0048085  -0.00020734      0.12026      0.51595 gtex__hypothalamus__M019
gtex__hypothalamus__M020                SET      30     0.053488    0.0021992      0.13491      0.34588 gtex__hypothalamus__M020
gtex__hypothalamus__M021                SET      24     -0.12152   -0.0044698      0.15459      0.78409 gtex__hypothalamus__M021
gtex__hypothalamus__M022                SET      20    -0.080692   -0.0027097      0.16328      0.68941 gtex__hypothalamus__M022
gtex__hypothalamus__M023                SET      24     -0.29977    -0.011026      0.18519      0.94723 gtex__hypothalamus__M023
gtex__hypothalamus__M024                SET      22     -0.15496   -0.0054573      0.16102      0.83206 gtex__hypothalamus__M024
gtex__hypothalamus__M026                SET      20     -0.32034    -0.010757      0.18028       0.9622 gtex__hypothalamus__M026
gtex__nucleus_accumbens_basa...1        SET    1013     0.040552    0.0094156     0.026567     0.063464 gtex__nucleus_accumbens_basal_ganglia__M000
gtex__nucleus_accumbens_basa...2        SET     650   -0.0097047   -0.0018245     0.032899        0.616 gtex__nucleus_accumbens_basal_ganglia__M001
gtex__nucleus_accumbens_basa...3        SET     429     0.010579    0.0016262     0.039173      0.39356 gtex__nucleus_accumbens_basal_ganglia__M002
gtex__nucleus_accumbens_basa...4        SET     294     0.011362    0.0014515     0.044897      0.40011 gtex__nucleus_accumbens_basal_ganglia__M003
gtex__nucleus_accumbens_basa...5        SET     302    -0.028982   -0.0037516     0.046898       0.7317 gtex__nucleus_accumbens_basal_ganglia__M004
gtex__nucleus_accumbens_basa...6        SET     189     0.081224    0.0083445     0.058426     0.082243 gtex__nucleus_accumbens_basal_ganglia__M005
gtex__nucleus_accumbens_basa...7        SET     236    -0.039268   -0.0045019     0.054064      0.76617 gtex__nucleus_accumbens_basal_ganglia__M006
gtex__nucleus_accumbens_basa...8        SET     183   -0.0020521  -0.00020748     0.062071      0.51319 gtex__nucleus_accumbens_basal_ganglia__M007
gtex__nucleus_accumbens_basa...9        SET     157     0.062425    0.0058505     0.069318      0.18392 gtex__nucleus_accumbens_basal_ganglia__M008
gtex__nucleus_accumbens_basa...10       SET     145    -0.014164   -0.0012761     0.064193      0.58731 gtex__nucleus_accumbens_basal_ganglia__M009
gtex__nucleus_accumbens_basa...11       SET      95    -0.078005   -0.0056968     0.071834      0.86123 gtex__nucleus_accumbens_basal_ganglia__M010
gtex__nucleus_accumbens_basa...12       SET      94    -0.063315   -0.0045998     0.084091      0.77425 gtex__nucleus_accumbens_basal_ganglia__M011
gtex__nucleus_accumbens_basa...13       SET      92    -0.017244   -0.0012394     0.086472      0.57903 gtex__nucleus_accumbens_basal_ganglia__M012
gtex__nucleus_accumbens_basa...14       SET      84     0.064805    0.0044518      0.09067      0.23739 gtex__nucleus_accumbens_basal_ganglia__M013
gtex__nucleus_accumbens_basa...15       SET      65   -0.0086008  -0.00052001      0.10173      0.53369 gtex__nucleus_accumbens_basal_ganglia__M014
gtex__nucleus_accumbens_basa...16       SET      47    0.0074874   0.00038514      0.11803      0.47471 gtex__nucleus_accumbens_basal_ganglia__M015
gtex__nucleus_accumbens_basa...17       SET      59     0.040384    0.0023267     0.098455      0.34084 gtex__nucleus_accumbens_basal_ganglia__M016
gtex__nucleus_accumbens_basa...18       SET      57      0.12329    0.0069819      0.09446     0.095924 gtex__nucleus_accumbens_basal_ganglia__M017
gtex__nucleus_accumbens_basa...19       SET      44      0.17993     0.008956      0.11728     0.062505 gtex__nucleus_accumbens_basal_ganglia__M018
gtex__nucleus_accumbens_basa...20       SET      43      0.13426    0.0066063      0.13301       0.1564 gtex__nucleus_accumbens_basal_ganglia__M019
gtex__nucleus_accumbens_basa...21       SET      34     0.021692    0.0009494      0.13085      0.43417 gtex__nucleus_accumbens_basal_ganglia__M020
gtex__nucleus_accumbens_basa...22       SET      33   -0.0050105  -0.00021605      0.13334      0.51499 gtex__nucleus_accumbens_basal_ganglia__M021
gtex__nucleus_accumbens_basa...23       SET      24      -0.1246   -0.0045828      0.15225      0.79341 gtex__nucleus_accumbens_basal_ganglia__M022
gtex__nucleus_accumbens_basa...24       SET      28     0.033382    0.0013261      0.11935      0.38986 gtex__nucleus_accumbens_basal_ganglia__M023
gtex__nucleus_accumbens_basa...25       SET      23     0.076335    0.0027487      0.14675      0.30148 gtex__nucleus_accumbens_basal_ganglia__M024
gtex__nucleus_accumbens_basa...26       SET       3     -0.15495   -0.0020162      0.45183      0.63418 gtex__nucleus_accumbens_basal_ganglia__M025
gtex__nucleus_accumbens_basa...27       SET      23      0.21886    0.0078805      0.18402      0.11717 gtex__nucleus_accumbens_basal_ganglia__M026
gtex__nucleus_accumbens_basa...28       SET      13     -0.28758   -0.0077872      0.21937      0.90505 gtex__nucleus_accumbens_basal_ganglia__M027
gtex__nucleus_accumbens_basa...29       SET      16     0.021364   0.00064176      0.20085      0.45764 gtex__nucleus_accumbens_basal_ganglia__M028
gtex__nucleus_accumbens_basa...30       SET      21    -0.036915   -0.0012702      0.16142      0.59044 gtex__nucleus_accumbens_basal_ganglia__M029
gtex__nucleus_accumbens_basa...31       SET      17    -0.030435  -0.00094233      0.18586      0.56504 gtex__nucleus_accumbens_basal_ganglia__M030
gtex__nucleus_accumbens_basa...32       SET      20     -0.12372   -0.0041545      0.14515      0.80298 gtex__nucleus_accumbens_basal_ganglia__M031
gtex__putamen_basal_ganglia_...1        SET     673     0.015535    0.0029697     0.033196      0.31991 gtex__putamen_basal_ganglia__M000
gtex__putamen_basal_ganglia_...2        SET     460    0.0080332    0.0012775     0.037581      0.41537 gtex__putamen_basal_ganglia__M001
gtex__putamen_basal_ganglia_...3        SET     415     0.007889    0.0011932     0.037254      0.41615 gtex__putamen_basal_ganglia__M002
gtex__putamen_basal_ganglia_...4        SET     262     0.044677    0.0053928      0.04874      0.17967 gtex__putamen_basal_ganglia__M003
gtex__putamen_basal_ganglia_...5        SET     334    -0.020242    -0.002753     0.042708      0.68223 gtex__putamen_basal_ganglia__M004
gtex__putamen_basal_ganglia_...6        SET     178    -0.089421   -0.0089182     0.067258      0.90815 gtex__putamen_basal_ganglia__M005
gtex__putamen_basal_ganglia_...7        SET     291   -0.0072318  -0.00091921     0.049861      0.55766 gtex__putamen_basal_ganglia__M006
gtex__putamen_basal_ganglia_...8        SET     269    -0.050747   -0.0062056     0.050398      0.84301 gtex__putamen_basal_ganglia__M007
gtex__putamen_basal_ganglia_...9        SET     224    -0.027808   -0.0031071     0.060789      0.67632 gtex__putamen_basal_ganglia__M008
gtex__putamen_basal_ganglia_...10       SET     208    -0.048667   -0.0052423     0.058571      0.79698 gtex__putamen_basal_ganglia__M009
gtex__putamen_basal_ganglia_...11       SET     237      -0.0534   -0.0061349     0.053098      0.84271 gtex__putamen_basal_ganglia__M010
gtex__putamen_basal_ganglia_...12       SET     142     0.087511    0.0078032     0.066333     0.093551 gtex__putamen_basal_ganglia__M011
gtex__putamen_basal_ganglia_...13       SET     128     -0.13064    -0.011065     0.078179      0.95264 gtex__putamen_basal_ganglia__M012
gtex__putamen_basal_ganglia_...14       SET      98     0.012486   0.00092605     0.078203      0.43658 gtex__putamen_basal_ganglia__M013
gtex__putamen_basal_ganglia_...15       SET     117    -0.023135   -0.0018739      0.06976      0.62991 gtex__putamen_basal_ganglia__M014
gtex__putamen_basal_ganglia_...16       SET     108    -0.072996    -0.005682     0.082302      0.81244 gtex__putamen_basal_ganglia__M015
gtex__putamen_basal_ganglia_...17       SET      62    -0.098542   -0.0058193       0.1122       0.8101 gtex__putamen_basal_ganglia__M016
gtex__putamen_basal_ganglia_...18       SET      82     0.056585    0.0038408     0.086651      0.25688 gtex__putamen_basal_ganglia__M017
gtex__putamen_basal_ganglia_...19       SET      88    -0.045269   -0.0031826     0.085361      0.70205 gtex__putamen_basal_ganglia__M018
gtex__putamen_basal_ganglia_...20       SET      71     0.073311    0.0046317     0.098512      0.22839 gtex__putamen_basal_ganglia__M019
gtex__putamen_basal_ganglia_...21       SET      80      0.15306     0.010262     0.082619     0.031983 gtex__putamen_basal_ganglia__M020
gtex__putamen_basal_ganglia_...22       SET      79    -0.014641  -0.00097554     0.085826      0.56773 gtex__putamen_basal_ganglia__M021
gtex__putamen_basal_ganglia_...23       SET      77    -0.067523   -0.0044419     0.076361      0.81172 gtex__putamen_basal_ganglia__M022
gtex__putamen_basal_ganglia_...24       SET      72     0.076708    0.0048802     0.088861      0.19401 gtex__putamen_basal_ganglia__M023
gtex__putamen_basal_ganglia_...25       SET      66     0.090696    0.0055254     0.097287      0.17561 gtex__putamen_basal_ganglia__M024
gtex__putamen_basal_ganglia_...26       SET      61     0.041046    0.0024044      0.11029      0.35489 gtex__putamen_basal_ganglia__M025
gtex__putamen_basal_ganglia_...27       SET      55     0.056308    0.0031325      0.10279      0.29192 gtex__putamen_basal_ganglia__M026
gtex__putamen_basal_ganglia_...28       SET      47     -0.07671   -0.0039459      0.11408      0.74934 gtex__putamen_basal_ganglia__M027
gtex__putamen_basal_ganglia_...29       SET      34     -0.13432   -0.0058789      0.12982      0.84958 gtex__putamen_basal_ganglia__M028
gtex__putamen_basal_ganglia_...30       SET      46     0.036774    0.0018714      0.11372      0.37321 gtex__putamen_basal_ganglia__M029
gtex__putamen_basal_ganglia_...31       SET      38     -0.29108    -0.013467       0.1316      0.98651 gtex__putamen_basal_ganglia__M030
gtex__putamen_basal_ganglia_...32       SET      29      0.22875    0.0092474      0.15423     0.069019 gtex__putamen_basal_ganglia__M031
gtex__putamen_basal_ganglia_...33       SET      31      -0.2556    -0.010683      0.14467      0.96136 gtex__putamen_basal_ganglia__M032
gtex__putamen_basal_ganglia_...34       SET      24    0.0093784   0.00034495      0.16977      0.47797 gtex__putamen_basal_ganglia__M033
gtex__putamen_basal_ganglia_...35       SET      29    -0.098325   -0.0039749      0.13623      0.76477 gtex__putamen_basal_ganglia__M034
gtex__putamen_basal_ganglia_...36       SET      24     -0.34143    -0.012558      0.19104      0.96304 gtex__putamen_basal_ganglia__M035
gtex__putamen_basal_ganglia_...37       SET      21      0.09564    0.0032909      0.17429       0.2916 gtex__putamen_basal_ganglia__M036
gtex__putamen_basal_ganglia_...38       SET      17      0.19429    0.0060158      0.21291      0.18075 gtex__putamen_basal_ganglia__M037
gtex__putamen_basal_ganglia_...39       SET      19      -0.1198   -0.0039211      0.18616      0.74005 gtex__putamen_basal_ganglia__M039
gtex__putamen_basal_ganglia_...40       SET      16    0.0037244   0.00011188      0.17036      0.49128 gtex__putamen_basal_ganglia__M040
gtex__spinal_cord_cervical_c...1        SET     711     0.035284    0.0069253      0.03174      0.13315 gtex__spinal_cord_cervical_c_1__M000
gtex__spinal_cord_cervical_c...2        SET     501     0.028751    0.0047661     0.035346      0.20799 gtex__spinal_cord_cervical_c_1__M001
gtex__spinal_cord_cervical_c...3        SET     508     0.016512    0.0027556      0.03916      0.33664 gtex__spinal_cord_cervical_c_1__M002
gtex__spinal_cord_cervical_c...4        SET     353    0.0026504   0.00037037     0.046452      0.47725 gtex__spinal_cord_cervical_c_1__M003
gtex__spinal_cord_cervical_c...5        SET     254     -0.08489    -0.010091      0.04973      0.95608 gtex__spinal_cord_cervical_c_1__M004
gtex__spinal_cord_cervical_c...6        SET     169    -0.086107   -0.0083699     0.059112      0.92739 gtex__spinal_cord_cervical_c_1__M005
gtex__spinal_cord_cervical_c...7        SET     120    -0.090335   -0.0074095     0.074864      0.88621 gtex__spinal_cord_cervical_c_1__M006
gtex__spinal_cord_cervical_c...8        SET      98    -0.098589   -0.0073123      0.08115      0.88779 gtex__spinal_cord_cervical_c_1__M007
gtex__spinal_cord_cervical_c...9        SET     121     0.069076    0.0056892     0.069927      0.16163 gtex__spinal_cord_cervical_c_1__M008
gtex__spinal_cord_cervical_c...10       SET      88     0.003308   0.00023257     0.085964      0.48465 gtex__spinal_cord_cervical_c_1__M009
gtex__spinal_cord_cervical_c...11       SET     105    -0.095154   -0.0073038     0.081398      0.87879 gtex__spinal_cord_cervical_c_1__M010
gtex__spinal_cord_cervical_c...12       SET     111   -0.0073541  -0.00058029     0.077047      0.53802 gtex__spinal_cord_cervical_c_1__M011
gtex__spinal_cord_cervical_c...13       SET      47     0.011905   0.00061236      0.11891      0.46013 gtex__spinal_cord_cervical_c_1__M012
gtex__spinal_cord_cervical_c...14       SET      69      0.08866    0.0055224     0.095612      0.17689 gtex__spinal_cord_cervical_c_1__M013
gtex__spinal_cord_cervical_c...15       SET      68      0.12645    0.0078189     0.087735     0.074768 gtex__spinal_cord_cervical_c_1__M014
gtex__spinal_cord_cervical_c...16       SET      67      0.10247    0.0062896      0.10572      0.16621 gtex__spinal_cord_cervical_c_1__M015
gtex__spinal_cord_cervical_c...17       SET      59     0.095604     0.005508      0.11561      0.20414 gtex__spinal_cord_cervical_c_1__M016
gtex__spinal_cord_cervical_c...18       SET      57     0.043515    0.0024643      0.10029      0.33219 gtex__spinal_cord_cervical_c_1__M017
gtex__spinal_cord_cervical_c...19       SET      50     -0.18099   -0.0096014      0.10763      0.95366 gtex__spinal_cord_cervical_c_1__M018
gtex__spinal_cord_cervical_c...20       SET      32     0.066618    0.0028287      0.13508      0.31095 gtex__spinal_cord_cervical_c_1__M019
gtex__spinal_cord_cervical_c...21       SET      46      0.15974    0.0081289      0.10544     0.064895 gtex__spinal_cord_cervical_c_1__M020
gtex__spinal_cord_cervical_c...22       SET      35    0.0081419   0.00036153       0.1208      0.47313 gtex__spinal_cord_cervical_c_1__M021
gtex__spinal_cord_cervical_c...23       SET      32     0.012478   0.00052984      0.14978       0.4668 gtex__spinal_cord_cervical_c_1__M022
gtex__spinal_cord_cervical_c...24       SET      26     -0.10131   -0.0038781      0.15869      0.73839 gtex__spinal_cord_cervical_c_1__M023
gtex__spinal_cord_cervical_c...25       SET      28     -0.24181   -0.0096056      0.14214      0.95554 gtex__spinal_cord_cervical_c_1__M024
gtex__spinal_cord_cervical_c...26       SET      27     -0.17245    -0.006727      0.16286      0.85517 gtex__spinal_cord_cervical_c_1__M025
gtex__spinal_cord_cervical_c...27       SET      23      0.16248    0.0058507      0.15141      0.14161 gtex__spinal_cord_cervical_c_1__M026
gtex__spinal_cord_cervical_c...28       SET      20      0.27857    0.0093545      0.15012     0.031764 gtex__spinal_cord_cervical_c_1__M027
gtex__spinal_cord_cervical_c...29       SET      22     -0.22146   -0.0077992      0.19061      0.87734 gtex__spinal_cord_cervical_c_1__M028
gtex__spinal_cord_cervical_c...30       SET      21     -0.18564   -0.0063875      0.16977      0.86289 gtex__spinal_cord_cervical_c_1__M029
gtex__spinal_cord_cervical_c...31       SET      18     -0.16401   -0.0052251      0.20654      0.78641 gtex__spinal_cord_cervical_c_1__M030
gtex__substantia_nigra__M000            SET     676   -0.0064629   -0.0012381      0.03181       0.5805 gtex__substantia_nigra__M000
gtex__substantia_nigra__M001            SET     296     0.079496     0.010189     0.046649      0.04419 gtex__substantia_nigra__M001
gtex__substantia_nigra__M002            SET     328     -0.05115   -0.0068951     0.045297      0.87059 gtex__substantia_nigra__M002
gtex__substantia_nigra__M003            SET     325     0.024754    0.0033218     0.044695      0.28985 gtex__substantia_nigra__M003
gtex__substantia_nigra__M004            SET     193    -0.049813   -0.0051708     0.054772      0.81844 gtex__substantia_nigra__M004
gtex__substantia_nigra__M005            SET     175    0.0067494   0.00066749     0.064901      0.45859 gtex__substantia_nigra__M005
gtex__substantia_nigra__M006            SET     188     0.022721    0.0023281     0.059275      0.35075 gtex__substantia_nigra__M006
gtex__substantia_nigra__M007            SET     135      0.10277    0.0089365     0.066061     0.059909 gtex__substantia_nigra__M007
gtex__substantia_nigra__M008            SET     136      0.06569    0.0057334     0.064358      0.15371 gtex__substantia_nigra__M008
gtex__substantia_nigra__M009            SET     106    -0.040894   -0.0031538     0.085128      0.68452 gtex__substantia_nigra__M009
gtex__substantia_nigra__M010            SET     100    -0.097764   -0.0073243     0.088365      0.86571 gtex__substantia_nigra__M010
gtex__substantia_nigra__M011            SET     100    -0.030209   -0.0022632     0.083742      0.64085 gtex__substantia_nigra__M011
gtex__substantia_nigra__M012            SET      97    -0.029134   -0.0021498     0.078314      0.64505 gtex__substantia_nigra__M012
gtex__substantia_nigra__M013            SET      90      0.03324    0.0023632     0.079921      0.33874 gtex__substantia_nigra__M013
gtex__substantia_nigra__M014            SET      62    -0.014633  -0.00086415     0.094683      0.56141 gtex__substantia_nigra__M014
gtex__substantia_nigra__M015            SET      66    -0.018017   -0.0010977      0.10687      0.56694 gtex__substantia_nigra__M015
gtex__substantia_nigra__M016            SET      70     -0.01602    -0.001005     0.098245      0.56476 gtex__substantia_nigra__M016
gtex__substantia_nigra__M017            SET      63     0.060181    0.0035824      0.10309      0.27968 gtex__substantia_nigra__M017
gtex__substantia_nigra__M018            SET      62    -0.017598   -0.0010392      0.10647      0.56564 gtex__substantia_nigra__M018
gtex__substantia_nigra__M019            SET      58     0.018929    0.0010813     0.094578      0.42069 gtex__substantia_nigra__M019
gtex__substantia_nigra__M020            SET      62    -0.032155   -0.0018989     0.089858      0.63977 gtex__substantia_nigra__M020
gtex__substantia_nigra__M021            SET      41    -0.088568   -0.0042558      0.13182      0.74916 gtex__substantia_nigra__M021
gtex__substantia_nigra__M022            SET      51     -0.08799   -0.0047142      0.10209      0.80561 gtex__substantia_nigra__M022
gtex__substantia_nigra__M023            SET      44      0.38282     0.019054      0.12148   0.00081392 gtex__substantia_nigra__M023
gtex__substantia_nigra__M024            SET      41      0.11321    0.0054397      0.12343      0.17954 gtex__substantia_nigra__M024
gtex__substantia_nigra__M025            SET      33     -0.19146   -0.0082555      0.13359      0.92408 gtex__substantia_nigra__M025
gtex__substantia_nigra__M026            SET      32      0.13074    0.0055514      0.15029      0.19218 gtex__substantia_nigra__M026
gtex__substantia_nigra__M027            SET      34    -0.027515   -0.0012042      0.14383      0.57585 gtex__substantia_nigra__M027
gtex__substantia_nigra__M028            SET      26      0.12671    0.0048504      0.15036      0.19971 gtex__substantia_nigra__M028
gtex__substantia_nigra__M029            SET      29   -0.0092277  -0.00037304      0.13838      0.52658 gtex__substantia_nigra__M029
gtex__substantia_nigra__M030            SET      27     -0.13981    -0.005454      0.16513       0.8014 gtex__substantia_nigra__M030
gtex__substantia_nigra__M031            SET      23      0.21471    0.0077313      0.14122     0.064222 gtex__substantia_nigra__M031
gtex__substantia_nigra__M032            SET      21     -0.41412    -0.014249      0.16206      0.99469 gtex__substantia_nigra__M032
gtex__substantia_nigra__M033            SET      23     0.046274    0.0016662       0.1667      0.39067 gtex__substantia_nigra__M033
gtex__substantia_nigra__M034            SET      23     -0.23347    -0.008407      0.16358      0.92324 gtex__substantia_nigra__M034
gtex__substantia_nigra__M035            SET      17      0.07472    0.0023135      0.19901      0.35366 gtex__substantia_nigra__M035
gtex__substantia_nigra__M036            SET      14     -0.15016   -0.0042195      0.20908      0.76367 gtex__substantia_nigra__M036
gtex__substantia_nigra__M037            SET      18    -0.048381   -0.0015414      0.19911      0.59599 gtex__substantia_nigra__M037
gtex__substantia_nigra__M038            SET      12     -0.21305    -0.005543       0.2691      0.78573 gtex__substantia_nigra__M038
gtex__substantia_nigra__M040            SET      14    0.0015361   4.3166e-05      0.22987      0.49733 gtex__substantia_nigra__M040
gtex__substantia_nigra__M041            SET      15     -0.13767   -0.0040042      0.20715      0.74684 gtex__substantia_nigra__M041
brainseq__caudate__M000                 SET     590     0.024948    0.0044764     0.033427      0.22773 brainseq__caudate__M000
brainseq__caudate__M001                 SET     479     0.032654    0.0052963     0.038625      0.19894 brainseq__caudate__M001
brainseq__caudate__M002                 SET     108     0.073232    0.0057004     0.076804      0.17018 brainseq__caudate__M002
brainseq__caudate__M003                 SET     409    -0.025535   -0.0038348     0.040134      0.73769 brainseq__caudate__M003
brainseq__caudate__M004                 SET     322    -0.032292   -0.0043138      0.04709      0.75356 brainseq__caudate__M004
brainseq__caudate__M005                 SET      82      0.11536    0.0078303     0.082994     0.082275 brainseq__caudate__M005
brainseq__caudate__M006                 SET     207     0.068164     0.007325     0.054614        0.106 brainseq__caudate__M006
brainseq__caudate__M007                 SET     158    -0.013877   -0.0013046      0.06599      0.58328 brainseq__caudate__M007
brainseq__caudate__M008                 SET     144    -0.058652   -0.0052664     0.072448       0.7909 brainseq__caudate__M008
brainseq__caudate__M009                 SET     138    -0.044727   -0.0039321     0.069376      0.74043 brainseq__caudate__M009
brainseq__caudate__M010                 SET     136     0.054503     0.004757     0.062503      0.19161 brainseq__caudate__M010
brainseq__caudate__M011                 SET     115   -0.0076893   -0.0006175     0.077577      0.53948 brainseq__caudate__M011
brainseq__caudate__M012                 SET     115     0.081872    0.0065749       0.0769      0.14353 brainseq__caudate__M012
brainseq__caudate__M013                 SET      99   -0.0088797  -0.00066194     0.082069      0.54308 brainseq__caudate__M013
brainseq__caudate__M014                 SET     105      0.13651     0.010478     0.076249     0.036706 brainseq__caudate__M014
brainseq__caudate__M015                 SET      82    -0.029778   -0.0020212     0.087418      0.63331 brainseq__caudate__M015
brainseq__caudate__M016                 SET      81    -0.091662   -0.0061838     0.086047      0.85661 brainseq__caudate__M016
brainseq__caudate__M017                 SET      64     -0.12746   -0.0076471        0.106       0.8854 brainseq__caudate__M017
brainseq__caudate__M018                 SET      25      -0.4445    -0.016686      0.16407      0.99662 brainseq__caudate__M018
brainseq__caudate__M019                 SET      52      0.14268     0.007719      0.11093     0.099175 brainseq__caudate__M019
brainseq__caudate__M020                 SET      32       0.2294    0.0097408      0.12944     0.038191 brainseq__caudate__M020
brainseq__caudate__M021                 SET      50     0.065867    0.0034943      0.11651      0.28592 brainseq__caudate__M021
brainseq__caudate__M022                 SET      48     -0.15586   -0.0081021      0.11303      0.91604 brainseq__caudate__M022
brainseq__caudate__M023                 SET      50    -0.064199   -0.0034058      0.11007      0.72014 brainseq__caudate__M023
brainseq__caudate__M024                 SET      50     -0.14845   -0.0078754      0.11331      0.90492 brainseq__caudate__M024
brainseq__caudate__M025                 SET      41     0.008324   0.00039998      0.12607      0.47368 brainseq__caudate__M025
brainseq__caudate__M026                 SET      22     -0.40488    -0.014259      0.17008      0.99135 brainseq__caudate__M026
brainseq__caudate__M027                 SET      41     -0.12805    -0.006153      0.12084      0.85533 brainseq__caudate__M027
brainseq__caudate__M028                 SET      38      0.10779    0.0049869       0.1199      0.18433 brainseq__caudate__M028
brainseq__caudate__M029                 SET      36     0.017975   0.00080946      0.13506      0.44706 brainseq__caudate__M029
brainseq__caudate__M030                 SET      32     -0.20147   -0.0085547      0.16408      0.89025 brainseq__caudate__M030
brainseq__caudate__M031                 SET      28     -0.08223   -0.0032665      0.15248      0.70516 brainseq__caudate__M031
brainseq__caudate__M032                 SET      25      0.22346    0.0083885      0.16685     0.090242 brainseq__caudate__M032
brainseq__caudate__M033                 SET      15        0.122    0.0035485      0.19492      0.26569 brainseq__caudate__M033
brainseq__caudate__M034                 SET      24      0.11595     0.004265      0.13631      0.19749 brainseq__caudate__M034
brainseq__caudate__M035                 SET       9     -0.23818    -0.005367      0.28435      0.79888 brainseq__caudate__M035
brainseq__caudate__M036                 SET      23     0.043024    0.0015492      0.15614      0.39145 brainseq__caudate__M036
brainseq__caudate__M037                 SET      17    -0.023603  -0.00073082      0.18129      0.55179 brainseq__caudate__M037
brainseq__caudate__M038                 SET      23      0.14595    0.0052554      0.15712      0.17648 brainseq__caudate__M038
brainseq__caudate__M039                 SET      20    -0.074459   -0.0025004      0.18467       0.6566 brainseq__caudate__M039
brainseq__caudate__M040                 SET      17     0.022532   0.00069764      0.20887      0.45705 brainseq__caudate__M040
brainseq__caudate__M041                 SET      20     -0.28452   -0.0095543      0.15097      0.97025 brainseq__caudate__M041
brainseq__caudate__M042                 SET      11     0.035474   0.00088366      0.25132      0.44388 brainseq__caudate__M042
brainseq__caudate__M043                 SET      18      0.15463    0.0049265      0.17779      0.19222 brainseq__caudate__M043
brainseq__caudate__M044                 SET      16    -0.082528    -0.002479      0.20719       0.6548 brainseq__caudate__M044
brainseq__caudate__M045                 SET      17     -0.36955    -0.011442      0.19454      0.97125 brainseq__caudate__M045
brainseq__hippocampus__M000             SET     371    -0.045042   -0.0064495     0.042333      0.85632 brainseq__hippocampus__M000
brainseq__hippocampus__M001             SET     358    -0.089535    -0.012599     0.044841      0.97706 brainseq__hippocampus__M001
brainseq__hippocampus__M002             SET     222     0.016325     0.001816     0.056389       0.3861 brainseq__hippocampus__M002
brainseq__hippocampus__M003             SET     215      0.04429    0.0048495     0.049269      0.18435 brainseq__hippocampus__M003
brainseq__hippocampus__M004             SET     149     0.089052    0.0081325     0.062927     0.078518 brainseq__hippocampus__M004
brainseq__hippocampus__M005             SET     144     0.057883    0.0051973     0.065082       0.1869 brainseq__hippocampus__M005
brainseq__hippocampus__M006             SET     128    -0.038473   -0.0032584     0.071724      0.70415 brainseq__hippocampus__M006
brainseq__hippocampus__M007             SET     113      0.14913     0.011873      0.08073      0.03236 brainseq__hippocampus__M007
brainseq__hippocampus__M008             SET     113    -0.073189   -0.0058266     0.075219      0.83472 brainseq__hippocampus__M008
brainseq__hippocampus__M009             SET      98      0.16172     0.011995     0.080752     0.022612 brainseq__hippocampus__M009
brainseq__hippocampus__M010             SET      82    -0.040578   -0.0027543     0.082286      0.68904 brainseq__hippocampus__M010
brainseq__hippocampus__M011             SET      86     0.055264     0.003841      0.09198      0.27398 brainseq__hippocampus__M011
brainseq__hippocampus__M012             SET      83     0.017958    0.0012263     0.087728      0.41891 brainseq__hippocampus__M012
brainseq__hippocampus__M013             SET      71      0.18947     0.011971     0.097213     0.025653 brainseq__hippocampus__M013
brainseq__hippocampus__M014             SET      76     0.038421     0.002511      0.09455      0.34224 brainseq__hippocampus__M014
brainseq__hippocampus__M015             SET      63      0.12252    0.0072935       0.1008      0.11209 brainseq__hippocampus__M015
brainseq__hippocampus__M016             SET      62    0.0058361   0.00034465      0.11491      0.47975 brainseq__hippocampus__M016
brainseq__hippocampus__M017             SET      59     0.018433     0.001062      0.11295      0.43518 brainseq__hippocampus__M017
brainseq__hippocampus__M018             SET      48     0.071908    0.0037379      0.12452      0.28181 brainseq__hippocampus__M018
brainseq__hippocampus__M019             SET      47      0.43467     0.022359       0.1173   0.00010577 brainseq__hippocampus__M019
brainseq__hippocampus__M020             SET      48      0.11196      0.00582      0.12757      0.19006 brainseq__hippocampus__M020
brainseq__hippocampus__M021             SET      48      0.13602    0.0070707      0.12229      0.13301 brainseq__hippocampus__M021
brainseq__hippocampus__M022             SET      45     0.038146    0.0019201      0.14474      0.39607 brainseq__hippocampus__M022
brainseq__hippocampus__M023             SET      38     -0.16833   -0.0077874      0.13444      0.89472 brainseq__hippocampus__M023
brainseq__hippocampus__M024             SET      39    -0.030172   -0.0014141      0.13522      0.58828 brainseq__hippocampus__M024
brainseq__hippocampus__M025             SET      38      0.26537     0.012277       0.1339     0.023754 brainseq__hippocampus__M025
brainseq__hippocampus__M026             SET      41     -0.14846   -0.0071336      0.12671      0.87932 brainseq__hippocampus__M026
brainseq__hippocampus__M027             SET      35      0.11112    0.0049341      0.13042      0.19711 brainseq__hippocampus__M027
brainseq__hippocampus__M028             SET      33    -0.051453   -0.0022186      0.13327      0.65027 brainseq__hippocampus__M028
brainseq__hippocampus__M029             SET      33      0.11187    0.0048237      0.13097      0.19652 brainseq__hippocampus__M029
brainseq__hippocampus__M030             SET      30     -0.18312   -0.0075293      0.16501      0.86644 brainseq__hippocampus__M030
brainseq__hippocampus__M031             SET      29     0.057591    0.0023282      0.14933      0.34988 brainseq__hippocampus__M031
brainseq__hippocampus__M032             SET      29      0.19852    0.0080255      0.16412      0.11322 brainseq__hippocampus__M032
brainseq__hippocampus__M033             SET      27     -0.13895   -0.0054203      0.14865      0.82502 brainseq__hippocampus__M033
brainseq__hippocampus__M034             SET      24    -0.028888   -0.0010626      0.15681      0.57308 brainseq__hippocampus__M034
brainseq__hippocampus__M035             SET      28     -0.15366   -0.0061041      0.17212        0.814 brainseq__hippocampus__M035
brainseq__hippocampus__M036             SET      27     0.038334    0.0014954      0.15719      0.40367 brainseq__hippocampus__M036
brainseq__hippocampus__M037             SET      23     0.091179    0.0032832      0.15801      0.28196 brainseq__hippocampus__M037
brainseq__hippocampus__M038             SET      25    -0.021764  -0.00081698      0.18708       0.5463 brainseq__hippocampus__M038
brainseq__hippocampus__M039             SET      22     -0.02497  -0.00087939      0.16712      0.55939 brainseq__hippocampus__M039
brainseq__hippocampus__M040             SET      27     -0.12064   -0.0047062      0.17085      0.75994 brainseq__hippocampus__M040
brainseq__hippocampus__M041             SET      25    -0.046519   -0.0017463      0.17391      0.60545 brainseq__hippocampus__M041
brainseq__hippocampus__M042             SET      25      0.36651     0.013758      0.16146      0.01161 brainseq__hippocampus__M042
brainseq__hippocampus__M043             SET      26      0.01237   0.00047356      0.16316      0.46978 brainseq__hippocampus__M043
brainseq__hippocampus__M044             SET      24     0.042967    0.0015804        0.169      0.39965 brainseq__hippocampus__M044
brainseq__hippocampus__M045             SET      24      0.14615    0.0053756      0.17783      0.20558 brainseq__hippocampus__M045
brainseq__hippocampus__M046             SET      24      0.18654    0.0068611      0.16605      0.13065 brainseq__hippocampus__M046
brainseq__hippocampus__M047             SET      23      0.10907    0.0039273      0.15505      0.24089 brainseq__hippocampus__M047
brainseq__hippocampus__M048             SET      22    -0.033644   -0.0011849       0.1748      0.57631 brainseq__hippocampus__M048
brainseq__hippocampus__M049             SET      21     -0.16068   -0.0055287      0.17802      0.81662 brainseq__hippocampus__M049
brainseq__dlpfc__M000                   SET     379     0.048862      0.00707     0.042181      0.12336 brainseq__dlpfc__M000
brainseq__dlpfc__M001                   SET     307     0.028311    0.0036944     0.050411       0.2872 brainseq__dlpfc__M001
brainseq__dlpfc__M002                   SET     298    -0.067339   -0.0086598     0.046308      0.92704 brainseq__dlpfc__M002
brainseq__dlpfc__M003                   SET     285     0.001166    0.0001467     0.050223      0.49074 brainseq__dlpfc__M003
brainseq__dlpfc__M004                   SET     251    -0.034718   -0.0041031     0.050509      0.75407 brainseq__dlpfc__M004
brainseq__dlpfc__M005                   SET     141    -0.082334    -0.007316     0.068855       0.8841 brainseq__dlpfc__M005
brainseq__dlpfc__M006                   SET     209    -0.030039   -0.0032433     0.053723      0.71196 brainseq__dlpfc__M006
brainseq__dlpfc__M007                   SET     169      0.14904     0.014487     0.059309    0.0059922 brainseq__dlpfc__M007
brainseq__dlpfc__M008                   SET     146   -0.0011691  -0.00010569     0.066674      0.50699 brainseq__dlpfc__M008
brainseq__dlpfc__M009                   SET     158    0.0010729   0.00010087     0.062947       0.4932 brainseq__dlpfc__M009
brainseq__dlpfc__M010                   SET     130    -0.039768   -0.0033941     0.072774      0.70762 brainseq__dlpfc__M010
brainseq__dlpfc__M011                   SET     110     0.016917    0.0013289     0.073796      0.40934 brainseq__dlpfc__M011
brainseq__dlpfc__M012                   SET     115    -0.029525    -0.002371     0.073425       0.6562 brainseq__dlpfc__M012
brainseq__dlpfc__M013                   SET      98      0.16318     0.012103     0.080897     0.021847 brainseq__dlpfc__M013
brainseq__dlpfc__M014                   SET      92     0.086623     0.006226     0.080745      0.14169 brainseq__dlpfc__M014
brainseq__dlpfc__M015                   SET      72     0.018097    0.0011513      0.09511      0.42455 brainseq__dlpfc__M015
brainseq__dlpfc__M016                   SET      61     0.027174    0.0015918      0.10016      0.39308 brainseq__dlpfc__M016
brainseq__dlpfc__M017                   SET      64      0.17724     0.010634      0.10478     0.045375 brainseq__dlpfc__M017
brainseq__dlpfc__M018                   SET      61      0.02655    0.0015552      0.10419      0.39944 brainseq__dlpfc__M018
brainseq__dlpfc__M019                   SET      49    -0.045398   -0.0023842      0.10491      0.66739 brainseq__dlpfc__M019
brainseq__dlpfc__M020                   SET      61       0.1076    0.0063027      0.11131      0.16687 brainseq__dlpfc__M020
brainseq__dlpfc__M021                   SET      45    -0.027532   -0.0013858      0.12412      0.58777 brainseq__dlpfc__M021
brainseq__dlpfc__M022                   SET      49     -0.23078     -0.01212      0.11436      0.97819 brainseq__dlpfc__M022
brainseq__dlpfc__M023                   SET      48    0.0018155   9.4373e-05       0.1261      0.49426 brainseq__dlpfc__M023
brainseq__dlpfc__M024                   SET      45    -0.021148   -0.0010645      0.11692      0.57177 brainseq__dlpfc__M024
brainseq__dlpfc__M025                   SET      39      0.28104     0.013172      0.13792     0.020797 brainseq__dlpfc__M025
brainseq__dlpfc__M026                   SET      30     0.056335    0.0023163      0.14761      0.35137 brainseq__dlpfc__M026
brainseq__dlpfc__M027                   SET      34      0.11009    0.0048183      0.12246      0.18434 brainseq__dlpfc__M027
brainseq__dlpfc__M028                   SET      29    -0.070487   -0.0028495      0.16535      0.66505 brainseq__dlpfc__M028
brainseq__dlpfc__M029                   SET      33     -0.18892   -0.0081461      0.13486      0.91936 brainseq__dlpfc__M029
brainseq__dlpfc__M030                   SET      31     0.078246    0.0032703      0.14508      0.29483 brainseq__dlpfc__M030
brainseq__dlpfc__M031                   SET      32    -0.092226   -0.0039161      0.13371      0.75482 brainseq__dlpfc__M031
brainseq__dlpfc__M032                   SET      25    -0.030884   -0.0011594      0.16314      0.57507 brainseq__dlpfc__M032
brainseq__dlpfc__M033                   SET      23      0.20981    0.0075549      0.15743     0.091314 brainseq__dlpfc__M033
brainseq__dlpfc__M034                   SET      27       0.1088    0.0042444      0.14893      0.23252 brainseq__dlpfc__M034
brainseq__dlpfc__M035                   SET      26      0.15417    0.0059016      0.15339      0.15744 brainseq__dlpfc__M035
brainseq__dlpfc__M036                   SET      23    -0.026764  -0.00096371      0.17604      0.56042 brainseq__dlpfc__M036
brainseq__dlpfc__M037                   SET      18     -0.38843    -0.012375        0.175      0.98677 brainseq__dlpfc__M037
brainseq__dlpfc__M038                   SET      18      0.16588    0.0052849      0.18914      0.19024 brainseq__dlpfc__M038
brainseq__caudate_sczd__M000            SET      92      0.07047    0.0050651     0.091006      0.21937 brainseq__caudate_sczd__M000
brainseq__caudate_sczd__M001            SET     365    -0.023878   -0.0033919     0.043867      0.70689 brainseq__caudate_sczd__M001
brainseq__caudate_sczd__M002            SET     287    -0.012776   -0.0016129     0.050478       0.5999 brainseq__caudate_sczd__M002
brainseq__caudate_sczd__M003            SET      93     0.074124    0.0053564     0.079603      0.17589 brainseq__caudate_sczd__M003
brainseq__caudate_sczd__M004            SET     185    -0.028394   -0.0028863     0.058183      0.68722 brainseq__caudate_sczd__M004
brainseq__caudate_sczd__M005            SET     203     0.030901    0.0032887     0.055247      0.28798 brainseq__caudate_sczd__M005
brainseq__caudate_sczd__M006            SET     146     0.015725    0.0014216      0.07089      0.41223 brainseq__caudate_sczd__M006
brainseq__caudate_sczd__M007            SET     168     0.046664    0.0045226     0.064294      0.23399 brainseq__caudate_sczd__M007
brainseq__caudate_sczd__M008            SET     138      0.13479      0.01185     0.070658     0.028233 brainseq__caudate_sczd__M008
brainseq__caudate_sczd__M009            SET     119     0.015444    0.0012615     0.078304      0.42182 brainseq__caudate_sczd__M009
brainseq__caudate_sczd__M010            SET      49    -0.047411     -0.00249      0.10737      0.67059 brainseq__caudate_sczd__M010
brainseq__caudate_sczd__M011            SET      46    -0.015999  -0.00081419      0.12109      0.55256 brainseq__caudate_sczd__M011
brainseq__caudate_sczd__M012            SET      48     0.042189    0.0021931      0.12252       0.3653 brainseq__caudate_sczd__M012
brainseq__caudate_sczd__M013            SET      40    -0.083641   -0.0039699      0.13313      0.73509 brainseq__caudate_sczd__M013
brainseq__caudate_sczd__M014            SET      26      -0.3683    -0.014099      0.18481      0.97685 brainseq__caudate_sczd__M014
brainseq__caudate_sczd__M015            SET      35     -0.10203   -0.0045305       0.1578      0.74104 brainseq__caudate_sczd__M015
brainseq__caudate_sczd__M016            SET      26     0.012522   0.00047934      0.15018      0.46678 brainseq__caudate_sczd__M016
brainseq__caudate_sczd__M017            SET      25      0.11285    0.0042362      0.13634      0.20392 brainseq__caudate_sczd__M017
brainseq__caudate_sczd__M018            SET      30    -0.027659   -0.0011372      0.16115      0.56814 brainseq__caudate_sczd__M018
brainseq__caudate_sczd__M020            SET       4      0.12151    0.0018257      0.33747       0.3594 brainseq__caudate_sczd__M020
brainseq__caudate_sczd__M021            SET      28     0.093012    0.0036948      0.16206      0.28302 brainseq__caudate_sczd__M021
brainseq__caudate_sczd__M022            SET      28     0.013341   0.00052996      0.14461      0.46325 brainseq__caudate_sczd__M022
brainseq__caudate_sczd__M023            SET      23    -0.060917   -0.0021935      0.17917      0.63307 brainseq__caudate_sczd__M023
brainseq__caudate_sczd__M024            SET      22       0.1552    0.0054656      0.15899      0.16451 brainseq__caudate_sczd__M024
brainseq__caudate_sczd__M025            SET      20    -0.099686   -0.0033475      0.17852      0.71171 brainseq__caudate_sczd__M025
brainseq__caudate_sczd__M026            SET      22       0.1048    0.0036909      0.17396      0.27344 brainseq__caudate_sczd__M026
brainseq__caudate_sczd__M027            SET      20     0.011252   0.00037786      0.17769      0.47475 brainseq__caudate_sczd__M027
brainseq__caudate_sczd__M028            SET      17      0.02967   0.00091866      0.18949      0.43779 brainseq__caudate_sczd__M028
brainseq__caudate_sczd__M029            SET      19      0.14168    0.0046374      0.20958      0.24952 brainseq__caudate_sczd__M029
