# MEAN_SAMPLE_SIZE = 14343
# TOTAL_GENES = 17680
# TEST_DIRECTION = one-sided, positive (set), two-sided (covar)
# CONDITIONED_INTERNAL = gene size, gene density, inverse mac, log(gene size), log(gene density), log(inverse mac)
VARIABLE                               TYPE  NGENES         BETA     BETA_STD           SE            P FULL_NAME
gtex__amygdala__M000                    SET   12224      0.10512     0.048556     0.016309   5.9273e-11 gtex__amygdala__M000
gtex__amygdala__M001                    SET     426     -0.19277    -0.029562     0.047022      0.99998 gtex__amygdala__M001
gtex__amygdala__M002                    SET     445    -0.042755   -0.0066973     0.045536      0.82611 gtex__amygdala__M002
gtex__amygdala__M003                    SET     283    -0.070617   -0.0088627      0.05632      0.89504 gtex__amygdala__M003
gtex__amygdala__M004                    SET     181     -0.02137   -0.0021512     0.073752        0.614 gtex__amygdala__M004
gtex__amygdala__M006                    SET      95     -0.15502    -0.011333      0.10023      0.93903 gtex__amygdala__M006
gtex__amygdala__M005                    SET      64     0.073046     0.004387      0.11533      0.26324 gtex__amygdala__M005
gtex__anterior_cingulate_cor...1        SET   11502     0.077212     0.036815     0.015651   4.0806e-07 gtex__anterior_cingulate_cortex_ba24__M000
gtex__anterior_cingulate_cor...4        SET     241    -0.028371   -0.0032898     0.060944      0.67922 gtex__anterior_cingulate_cortex_ba24__M003
gtex__anterior_cingulate_cor...3        SET     426    -0.045163   -0.0069258     0.047006      0.83167 gtex__anterior_cingulate_cortex_ba24__M002
gtex__anterior_cingulate_cor...2        SET     844   -0.0016403  -0.00034975     0.033508      0.51952 gtex__anterior_cingulate_cortex_ba24__M001
gtex__anterior_cingulate_cor...7        SET     119      0.12346     0.010095     0.081638     0.065245 gtex__anterior_cingulate_cortex_ba24__M006
gtex__anterior_cingulate_cor...5        SET     253     -0.21528    -0.025568     0.059901      0.99984 gtex__anterior_cingulate_cortex_ba24__M004
gtex__anterior_cingulate_cor...6        SET     190    -0.068192   -0.0070313     0.071738      0.82908 gtex__anterior_cingulate_cortex_ba24__M005
gtex__caudate_basal_ganglia_...1        SET   10727     0.070201     0.034292     0.015128   1.7513e-06 gtex__caudate_basal_ganglia__M000
gtex__caudate_basal_ganglia_...2        SET    1187    -0.060917    -0.015246     0.028201      0.98461 gtex__caudate_basal_ganglia__M001
gtex__caudate_basal_ganglia_...5        SET     394    -0.069151    -0.010208      0.04831      0.92383 gtex__caudate_basal_ganglia__M004
gtex__caudate_basal_ganglia_...4        SET     493   -0.0080016   -0.0013174     0.044395      0.57151 gtex__caudate_basal_ganglia__M003
gtex__caudate_basal_ganglia_...6        SET     239    -0.030922    -0.003571     0.064454       0.6843 gtex__caudate_basal_ganglia__M005
gtex__caudate_basal_ganglia_...3        SET     682      0.02291     0.004412     0.038062      0.27362 gtex__caudate_basal_ganglia__M002
gtex__cerebellar_hemisphere_...1        SET   10422     0.073341      0.03608       0.0154   9.6505e-07 gtex__cerebellar_hemisphere__M000
gtex__cerebellar_hemisphere_...3        SET     584     0.070245     0.012555     0.043512     0.053232 gtex__cerebellar_hemisphere__M002
gtex__cerebellar_hemisphere_...2        SET     899   -0.0040028   -0.0008794     0.033672      0.54731 gtex__cerebellar_hemisphere__M001
gtex__cerebellar_hemisphere_...10       SET     153      -0.1075   -0.0099576     0.083045      0.90225 gtex__cerebellar_hemisphere__M009
gtex__cerebellar_hemisphere_...5        SET      74     -0.12612   -0.0081428     0.097134      0.90292 gtex__cerebellar_hemisphere__M004
gtex__cerebellar_hemisphere_...8        SET     121    -0.050032   -0.0041249     0.078884      0.73704 gtex__cerebellar_hemisphere__M007
gtex__cerebellar_hemisphere_...4        SET     229     0.010644    0.0012036     0.057306      0.42632 gtex__cerebellar_hemisphere__M003
gtex__cerebellar_hemisphere_...9        SET     188    -0.048266   -0.0049507     0.070802      0.75228 gtex__cerebellar_hemisphere__M008
gtex__cerebellar_hemisphere_...7        SET     239     -0.14771    -0.017058     0.062084      0.99132 gtex__cerebellar_hemisphere__M006
gtex__cerebellar_hemisphere_...6        SET     272     -0.10126    -0.012463     0.060734      0.95226 gtex__cerebellar_hemisphere__M005
gtex__cerebellar_hemisphere_...11       SET      65     0.069366    0.0041983      0.11728      0.27711 gtex__cerebellar_hemisphere__M010
gtex__cerebellum__M000                  SET    9933     0.071101     0.035279     0.015048   1.1603e-06 gtex__cerebellum__M000
gtex__cerebellum__M001                  SET     881   -0.0011913  -0.00025923      0.03371       0.5141 gtex__cerebellum__M001
gtex__cerebellum__M003                  SET     281    -0.035747   -0.0044709      0.05067      0.75974 gtex__cerebellum__M003
gtex__cerebellum__M004                  SET     332    -0.052916   -0.0071831     0.054331      0.83495 gtex__cerebellum__M004
gtex__cerebellum__M005                  SET     370    -0.082615    -0.011826     0.052648      0.94169 gtex__cerebellum__M005
gtex__cerebellum__M009                  SET     113     0.053498    0.0042634     0.084154      0.26249 gtex__cerebellum__M009
gtex__cerebellum__M007                  SET     111     -0.10268   -0.0081109     0.080828      0.89802 gtex__cerebellum__M007
gtex__cerebellum__M006                  SET     255    -0.084743    -0.010104     0.059632      0.92235 gtex__cerebellum__M006
gtex__cerebellum__M002                  SET     564     0.077756     0.013665     0.043902     0.038279 gtex__cerebellum__M002
gtex__cerebellum__M010                  SET      94      -0.1281   -0.0093157       0.1022      0.89495 gtex__cerebellum__M010
gtex__cerebellum__M008                  SET     146     -0.17896    -0.016196      0.07896      0.98828 gtex__cerebellum__M008
gtex__cerebellum__M014                  SET      46      0.07287    0.0037122      0.13299      0.29187 gtex__cerebellum__M014
gtex__cerebellum__M012                  SET      71     0.054717    0.0034605      0.11664      0.31949 gtex__cerebellum__M012
gtex__cerebellum__M013                  SET      40     0.091557    0.0043501      0.14973      0.27045 gtex__cerebellum__M013
gtex__cerebellum__M011                  SET      62    0.0092281   0.00054553      0.10579      0.46524 gtex__cerebellum__M011
gtex__cortex__M000                      SET   10420     0.074012     0.036411      0.01506   4.4957e-07 gtex__cortex__M000
gtex__cortex__M005                      SET     251     -0.19908    -0.023552     0.060678      0.99948 gtex__cortex__M005
gtex__cortex__M003                      SET     642    -0.086051    -0.016098     0.038572      0.98715 gtex__cortex__M003
gtex__cortex__M008                      SET     133     0.097177    0.0083969     0.077492      0.10492 gtex__cortex__M008
gtex__cortex__M010                      SET      53       0.1258    0.0068775      0.13619      0.17783 gtex__cortex__M010
gtex__cortex__M004                      SET     441    -0.074161    -0.011566     0.048442       0.9371 gtex__cortex__M004
gtex__cortex__M002                      SET     520    -0.026723   -0.0045152      0.04149      0.74024 gtex__cortex__M002
gtex__cortex__M009                      SET      67      0.11713    0.0071968      0.11778      0.16001 gtex__cortex__M009
gtex__cortex__M001                      SET     804      0.01535    0.0031982     0.034817      0.32965 gtex__cortex__M001
gtex__cortex__M006                      SET     178     0.089483    0.0089336     0.077743      0.12487 gtex__cortex__M006
gtex__cortex__M007                      SET     173     0.048539    0.0047781     0.064191      0.22478 gtex__cortex__M007
gtex__frontal_cortex_ba9__M0...1        SET   10483     0.071423      0.03509     0.014936   8.7507e-07 gtex__frontal_cortex_ba9__M000
gtex__frontal_cortex_ba9__M0...3        SET     600    -0.054048   -0.0097866     0.038829      0.91802 gtex__frontal_cortex_ba9__M002
gtex__frontal_cortex_ba9__M0...2        SET    1366    -0.003223  -0.00086059     0.026336       0.5487 gtex__frontal_cortex_ba9__M001
gtex__frontal_cortex_ba9__M0...6        SET     193      0.10439     0.010847     0.060344     0.041832 gtex__frontal_cortex_ba9__M005
gtex__frontal_cortex_ba9__M0...4        SET     540     0.030623    0.0052696     0.042698      0.23663 gtex__frontal_cortex_ba9__M003
gtex__frontal_cortex_ba9__M0...5        SET     250     -0.20794    -0.024552      0.06164      0.99963 gtex__frontal_cortex_ba9__M004
gtex__frontal_cortex_ba9__M0...7        SET     168     -0.11194     -0.01086     0.079731      0.91982 gtex__frontal_cortex_ba9__M006
gtex__hippocampus__M000                 SET   12074     0.091306     0.042489     0.016081   6.9396e-09 gtex__hippocampus__M000
gtex__hippocampus__M001                 SET    1078     -0.09788    -0.023421     0.029829      0.99948 gtex__hippocampus__M001
gtex__hippocampus__M002                 SET     524    -0.062464    -0.010593     0.041811       0.9324 gtex__hippocampus__M002
gtex__hippocampus__M003                 SET      92    0.0025073    0.0001804      0.10762      0.49071 gtex__hippocampus__M003
gtex__hypothalamus__M000                SET   11008     0.082835     0.040154      0.01516   2.3607e-08 gtex__hypothalamus__M000
gtex__hypothalamus__M003                SET     402     -0.12851    -0.019157       0.0477      0.99647 gtex__hypothalamus__M003
gtex__hypothalamus__M001                SET    1442    -0.030391   -0.0083181     0.025657      0.88188 gtex__hypothalamus__M001
gtex__hypothalamus__M004                SET     348    -0.086356    -0.011996     0.051223      0.95408 gtex__hypothalamus__M004
gtex__hypothalamus__M002                SET     541  -0.00092834  -0.00015989      0.04141      0.50894 gtex__hypothalamus__M002
gtex__hypothalamus__M005                SET     246    -0.073722   -0.0086356      0.06306       0.8788 gtex__hypothalamus__M005
gtex__nucleus_accumbens_basa...1        SET   11882     0.083162     0.039043     0.016048   1.1097e-07 gtex__nucleus_accumbens_basal_ganglia__M000
gtex__nucleus_accumbens_basa...3        SET     355    -0.029358   -0.0041181     0.051509      0.71564 gtex__nucleus_accumbens_basal_ganglia__M002
gtex__nucleus_accumbens_basa...2        SET     484    -0.043228    -0.007054     0.043708      0.83867 gtex__nucleus_accumbens_basal_ganglia__M001
gtex__nucleus_accumbens_basa...7        SET     185    -0.046072   -0.0046882     0.069529      0.74621 gtex__nucleus_accumbens_basal_ganglia__M006
gtex__nucleus_accumbens_basa...5        SET     231    -0.033394   -0.0037922     0.064969      0.69637 gtex__nucleus_accumbens_basal_ganglia__M004
gtex__nucleus_accumbens_basa...6        SET     209      0.18161     0.019629     0.071656    0.0056364 gtex__nucleus_accumbens_basal_ganglia__M005
gtex__nucleus_accumbens_basa...4        SET     355     -0.17309    -0.024281     0.050397       0.9997 gtex__nucleus_accumbens_basal_ganglia__M003
gtex__putamen_basal_ganglia_...1        SET   11363      0.07287     0.034921      0.01569   1.7191e-06 gtex__putamen_basal_ganglia__M000
gtex__putamen_basal_ganglia_...7        SET      65      0.13749    0.0083215      0.11557       0.1171 gtex__putamen_basal_ganglia__M006
gtex__putamen_basal_ganglia_...2        SET    1132   -0.0012299  -0.00030108     0.029553       0.5166 gtex__putamen_basal_ganglia__M001
gtex__putamen_basal_ganglia_...5        SET     254    -0.067839   -0.0080728     0.062976       0.8593 gtex__putamen_basal_ganglia__M004
gtex__putamen_basal_ganglia_...4        SET     266     -0.19485     -0.02372     0.058813      0.99954 gtex__putamen_basal_ganglia__M003
gtex__putamen_basal_ganglia_...3        SET     429    -0.075478    -0.011614     0.047448      0.94416 gtex__putamen_basal_ganglia__M002
gtex__putamen_basal_ganglia_...6        SET      53     0.071621    0.0039156      0.12713       0.2866 gtex__putamen_basal_ganglia__M005
gtex__spinal_cord_cervical_c...1        SET   10654     0.068525     0.033535     0.015115   2.9198e-06 gtex__spinal_cord_cervical_c_1__M000
gtex__spinal_cord_cervical_c...2        SET     993    -0.078993    -0.018188     0.030638      0.99503 gtex__spinal_cord_cervical_c_1__M001
gtex__spinal_cord_cervical_c...4        SET     617      -0.0764    -0.014021     0.040245      0.97117 gtex__spinal_cord_cervical_c_1__M003
gtex__spinal_cord_cervical_c...3        SET    1032     0.072228     0.016934     0.031709     0.011374 gtex__spinal_cord_cervical_c_1__M002
gtex__spinal_cord_cervical_c...6        SET     130     0.041039    0.0035062     0.079234      0.30225 gtex__spinal_cord_cervical_c_1__M005
gtex__spinal_cord_cervical_c...5        SET     280    -0.042396    -0.005293     0.057472      0.76964 gtex__spinal_cord_cervical_c_1__M004
gtex__spinal_cord_cervical_c...7        SET      77      0.02109    0.0013888      0.11511      0.42731 gtex__spinal_cord_cervical_c_1__M006
gtex__substantia_nigra__M000            SET    8425     0.042158     0.021056     0.014461     0.001779 gtex__substantia_nigra__M000
gtex__substantia_nigra__M004            SET     533     -0.15728    -0.026895     0.041205      0.99993 gtex__substantia_nigra__M004
gtex__substantia_nigra__M001            SET    2614     0.044979     0.015966     0.020153     0.012819 gtex__substantia_nigra__M001
gtex__substantia_nigra__M002            SET     968   -0.0083145   -0.0018916     0.031164      0.60519 gtex__substantia_nigra__M002
gtex__substantia_nigra__M003            SET     787     0.041158    0.0084884     0.035956      0.12618 gtex__substantia_nigra__M003
gtex__substantia_nigra__M007            SET     124     0.019823    0.0016544      0.08386      0.40657 gtex__substantia_nigra__M007
gtex__substantia_nigra__M005            SET     134    -0.095028   -0.0082418     0.087835      0.86034 gtex__substantia_nigra__M005
gtex__substantia_nigra__M006            SET      79     0.045051    0.0030048      0.10363      0.33188 gtex__substantia_nigra__M006
brainseq__caudate__M000                 SET    3157     0.047308     0.018119      0.01787    0.0040595 brainseq__caudate__M000
brainseq__caudate__M015                 SET       9      0.11105     0.002505      0.29471      0.35316 brainseq__caudate__M015
brainseq__caudate__M002                 SET    1060      0.02822    0.0066998     0.029473      0.16917 brainseq__caudate__M002
brainseq__caudate__M004                 SET    1195     0.059911     0.015041     0.028635     0.018217 brainseq__caudate__M004
brainseq__caudate__M005                 SET     551    -0.077371    -0.013445     0.041917      0.96753 brainseq__caudate__M005
brainseq__caudate__M013                 SET     149    -0.037273   -0.0034074      0.06745      0.70973 brainseq__caudate__M013
brainseq__caudate__M014                 SET     139     0.084858    0.0074947     0.072382      0.12054 brainseq__caudate__M014
brainseq__caudate__M001                 SET    2537    0.0096947    0.0033988     0.019446      0.30905 brainseq__caudate__M001
brainseq__caudate__M003                 SET    1278    -0.025472   -0.0065964     0.026969      0.82754 brainseq__caudate__M003
brainseq__caudate__M019                 SET      72      0.12029    0.0076611      0.10016      0.11489 brainseq__caudate__M019
brainseq__caudate__M008                 SET     263     -0.20895    -0.025295     0.058834      0.99981 brainseq__caudate__M008
brainseq__caudate__M016                 SET     102    -0.035532   -0.0026911     0.092487      0.64958 brainseq__caudate__M016
brainseq__caudate__M009                 SET     299     0.036285    0.0046787     0.053404      0.24843 brainseq__caudate__M009
brainseq__caudate__M007                 SET     311    0.0042727   0.00056169     0.052457      0.46754 brainseq__caudate__M007
brainseq__caudate__M018                 SET      55    -0.049282   -0.0027445      0.11389      0.66738 brainseq__caudate__M018
brainseq__caudate__M011                 SET     240     -0.04886   -0.0056541     0.063305      0.77988 brainseq__caudate__M011
brainseq__caudate__M010                 SET     249     0.021489    0.0025323     0.062179      0.36482 brainseq__caudate__M010
brainseq__caudate__M006                 SET     548     0.011829      0.00205     0.038967      0.38074 brainseq__caudate__M006
brainseq__caudate__M017                 SET      81      0.14726    0.0099449     0.097441     0.065371 brainseq__caudate__M017
brainseq__caudate__M012                 SET     166       0.1032    0.0099526     0.075907     0.087003 brainseq__caudate__M012
brainseq__hippocampus__M000             SET   10078     0.054322     0.026894     0.014759   0.00011665 brainseq__hippocampus__M000
brainseq__hippocampus__M008             SET     147     -0.23724    -0.021543     0.083014      0.99786 brainseq__hippocampus__M008
brainseq__hippocampus__M001             SET     885      0.08637     0.018834     0.034545    0.0062103 brainseq__hippocampus__M001
brainseq__hippocampus__M002             SET    1031    -0.038564   -0.0090372     0.030716      0.89534 brainseq__hippocampus__M002
brainseq__hippocampus__M004             SET     458    -0.091927    -0.014603      0.04355       0.9826 brainseq__hippocampus__M004
brainseq__hippocampus__M003             SET     445       0.0515    0.0080672     0.048188       0.1426 brainseq__hippocampus__M003
brainseq__hippocampus__M006             SET     259    -0.038127   -0.0045809     0.060258      0.73654 brainseq__hippocampus__M006
brainseq__hippocampus__M005             SET     199     0.086681    0.0091446     0.071224      0.11181 brainseq__hippocampus__M005
brainseq__hippocampus__M007             SET     107     -0.11593   -0.0089918      0.10266       0.8706 brainseq__hippocampus__M007
brainseq__dlpfc__M002                   SET    1314     0.023334    0.0061206     0.026236       0.1869 brainseq__dlpfc__M002
brainseq__dlpfc__M000                   SET     856     0.052255     0.011216     0.032471      0.05379 brainseq__dlpfc__M000
brainseq__dlpfc__M005                   SET    1044     0.026227    0.0061823     0.027983      0.17432 brainseq__dlpfc__M005
brainseq__dlpfc__M014                   SET     253     0.050461    0.0059931     0.063197      0.21231 brainseq__dlpfc__M014
brainseq__dlpfc__M004                   SET    1171     0.020672    0.0051411     0.028198      0.23175 brainseq__dlpfc__M004
brainseq__dlpfc__M011                   SET     416   -0.0060586  -0.00091837     0.046273      0.55208 brainseq__dlpfc__M011
brainseq__dlpfc__M008                   SET     599     0.029346    0.0053094     0.035124      0.20173 brainseq__dlpfc__M008
brainseq__dlpfc__M006                   SET    1138     0.037998    0.0093251     0.027819     0.085995 brainseq__dlpfc__M006
brainseq__dlpfc__M010                   SET     505    -0.050546     -0.00842     0.042722      0.88161 brainseq__dlpfc__M010
brainseq__dlpfc__M009                   SET     238     0.010705    0.0012337     0.060126      0.42935 brainseq__dlpfc__M009
brainseq__dlpfc__M015                   SET     343    -0.011774    -0.001624     0.044207      0.60501 brainseq__dlpfc__M015
brainseq__dlpfc__M001                   SET    1668  -0.00060698  -0.00017743     0.023884      0.51014 brainseq__dlpfc__M001
brainseq__dlpfc__M003                   SET    1208     0.071799     0.018116     0.029798     0.007991 brainseq__dlpfc__M003
brainseq__dlpfc__M012                   SET     374    0.0078297    0.0011267     0.050941      0.43892 brainseq__dlpfc__M012
brainseq__dlpfc__M016                   SET     274      0.09927     0.012262      0.05145     0.026846 brainseq__dlpfc__M016
brainseq__dlpfc__M018                   SET     136     -0.01263   -0.0011035     0.075108      0.56677 brainseq__dlpfc__M018
brainseq__dlpfc__M013                   SET     326     -0.19916    -0.026795     0.052886      0.99992 brainseq__dlpfc__M013
brainseq__dlpfc__M007                   SET     647    0.0095703     0.001797     0.036873      0.39761 brainseq__dlpfc__M007
brainseq__dlpfc__M020                   SET      62     0.018954    0.0011205      0.11457      0.43431 brainseq__dlpfc__M020
brainseq__dlpfc__M017                   SET     136     -0.13994    -0.012227     0.080224      0.95945 brainseq__dlpfc__M017
brainseq__dlpfc__M019                   SET      60      0.10927    0.0063549      0.11101      0.16249 brainseq__dlpfc__M019
brainseq__dlpfc__M021                   SET     104     -0.38356    -0.029332      0.10237      0.99991 brainseq__dlpfc__M021
brainseq__caudate_sczd__M002            SET    1752     0.016941    0.0050618     0.022344      0.22418 brainseq__caudate_sczd__M002
brainseq__caudate_sczd__M000            SET    1959     0.026045    0.0081755     0.021486      0.11273 brainseq__caudate_sczd__M000
brainseq__caudate_sczd__M009            SET     271     -0.01302   -0.0015996     0.060075      0.58579 brainseq__caudate_sczd__M009
brainseq__caudate_sczd__M017            SET      13     0.010008   0.00027129      0.23841      0.48326 brainseq__caudate_sczd__M017
brainseq__caudate_sczd__M004            SET     976     0.065612     0.014985     0.030826     0.016658 brainseq__caudate_sczd__M004
brainseq__caudate_sczd__M003            SET    1118    -0.027343   -0.0066552     0.028432       0.8319 brainseq__caudate_sczd__M003
brainseq__caudate_sczd__M006            SET     521    -0.066271    -0.011208     0.042605      0.94007 brainseq__caudate_sczd__M006
brainseq__caudate_sczd__M016            SET     176    0.0019931   0.00019787     0.062878      0.48736 brainseq__caudate_sczd__M016
brainseq__caudate_sczd__M018            SET     131     0.042249    0.0036233     0.074742      0.28595 brainseq__caudate_sczd__M018
brainseq__caudate_sczd__M001            SET    2499     0.043643     0.015205     0.019752     0.013575 brainseq__caudate_sczd__M001
brainseq__caudate_sczd__M020            SET     115    -0.028771   -0.0023129     0.078121      0.64367 brainseq__caudate_sczd__M020
brainseq__caudate_sczd__M011            SET     193      0.11314     0.011757     0.068857     0.050191 brainseq__caudate_sczd__M011
brainseq__caudate_sczd__M012            SET     191     -0.25862    -0.026735     0.069493       0.9999 brainseq__caudate_sczd__M012
brainseq__caudate_sczd__M007            SET     492    -0.030897    -0.005082     0.042928      0.76415 brainseq__caudate_sczd__M007
brainseq__caudate_sczd__M008            SET     375     0.069683     0.010041     0.048548     0.075602 brainseq__caudate_sczd__M008
brainseq__caudate_sczd__M014            SET     203    -0.049005    -0.005221     0.067108      0.76738 brainseq__caudate_sczd__M014
brainseq__caudate_sczd__M019            SET     126     -0.10436   -0.0087792     0.082645      0.89666 brainseq__caudate_sczd__M019
brainseq__caudate_sczd__M015            SET     177     0.021637    0.0021541     0.058808      0.35647 brainseq__caudate_sczd__M015
brainseq__caudate_sczd__M010            SET     239     0.020801    0.0024021     0.062362      0.36936 brainseq__caudate_sczd__M010
brainseq__caudate_sczd__M005            SET    1229     0.014532    0.0036959     0.027439      0.29819 brainseq__caudate_sczd__M005
brainseq__caudate_sczd__M013            SET     156      0.13771     0.012879     0.068177     0.021704 brainseq__caudate_sczd__M013
brainseq__caudate_sczd__M021            SET     114    -0.012648   -0.0010124     0.097314      0.55171 brainseq__caudate_sczd__M021
