# MEAN_SAMPLE_SIZE = 14343
# TOTAL_GENES = 17680
# TEST_DIRECTION = one-sided, positive (set), two-sided (covar)
# CONDITIONED_INTERNAL = gene size, gene density, inverse mac, log(gene size), log(gene density), log(inverse mac)
VARIABLE                               TYPE  NGENES         BETA     BETA_STD           SE            P FULL_NAME
gtex__amygdala__M000                    SET     936     0.040702     0.009114      0.03093     0.094111 gtex__amygdala__M000
gtex__amygdala__M001                    SET     560     0.013269    0.0023238       0.0403      0.37099 gtex__amygdala__M001
gtex__amygdala__M002                    SET     544    -0.019055   -0.0032908     0.038463      0.68984 gtex__amygdala__M002
gtex__amygdala__M003                    SET     408    -0.036495   -0.0054799      0.04269      0.80369 gtex__amygdala__M003
gtex__amygdala__M004                    SET     293      0.12363     0.015783     0.054501     0.011662 gtex__amygdala__M004
gtex__amygdala__M005                    SET     280     0.040638    0.0050736     0.051067      0.21308 gtex__amygdala__M005
gtex__amygdala__M006                    SET     240    -0.013948   -0.0016141     0.058651      0.59399 gtex__amygdala__M006
gtex__amygdala__M007                    SET     166     -0.25563    -0.024654     0.076397      0.99959 gtex__amygdala__M007
gtex__amygdala__M008                    SET     162    -0.040526   -0.0038616     0.075417      0.70449 gtex__amygdala__M008
gtex__amygdala__M009                    SET     134     0.073999     0.006418     0.076403      0.16639 gtex__amygdala__M009
gtex__amygdala__M010                    SET     125      0.01757    0.0014722     0.078664      0.41163 gtex__amygdala__M010
gtex__amygdala__M011                    SET     102     0.027425    0.0020771     0.085371      0.37401 gtex__amygdala__M011
gtex__amygdala__M012                    SET      80     0.028202    0.0018928     0.092336      0.38002 gtex__amygdala__M012
gtex__amygdala__M013                    SET      64     -0.13053   -0.0078396      0.12454       0.8527 gtex__amygdala__M013
gtex__amygdala__M014                    SET      60      0.11153    0.0064861      0.11185      0.15937 gtex__amygdala__M014
gtex__amygdala__M015                    SET      16      0.41593     0.012507      0.25535     0.051681 gtex__amygdala__M015
gtex__amygdala__M016                    SET      12     -0.24707   -0.0064349      0.24898      0.83948 gtex__amygdala__M016
gtex__amygdala__M017                    SET      21    -0.077224     -0.00266      0.18042      0.66568 gtex__amygdala__M017
gtex__amygdala__M018                    SET      16      0.17542    0.0052748      0.23511      0.22781 gtex__amygdala__M018
gtex__amygdala__M019                    SET      18      0.23113    0.0073713      0.22725      0.15457 gtex__amygdala__M019
gtex__anterior_cingulate_cor...1        SET    1805     0.030233    0.0091538     0.022744      0.09189 gtex__anterior_cingulate_cortex_ba24__M000
gtex__anterior_cingulate_cor...2        SET     679     0.067981     0.013064     0.034461     0.024275 gtex__anterior_cingulate_cortex_ba24__M001
gtex__anterior_cingulate_cor...3        SET     721      0.07757     0.015342     0.035382     0.014183 gtex__anterior_cingulate_cortex_ba24__M002
gtex__anterior_cingulate_cor...4        SET     653     -0.01327   -0.0025027     0.035683      0.64501 gtex__anterior_cingulate_cortex_ba24__M003
gtex__anterior_cingulate_cor...5        SET     600    -0.075959    -0.013754     0.036783      0.98053 gtex__anterior_cingulate_cortex_ba24__M004
gtex__anterior_cingulate_cor...6        SET     553     0.071604     0.012464      0.03805     0.029938 gtex__anterior_cingulate_cortex_ba24__M005
gtex__anterior_cingulate_cor...7        SET     397     -0.07144    -0.010585     0.045756      0.94077 gtex__anterior_cingulate_cortex_ba24__M006
gtex__anterior_cingulate_cor...8        SET     298     -0.14432    -0.018579     0.054966      0.99567 gtex__anterior_cingulate_cortex_ba24__M007
gtex__anterior_cingulate_cor...9        SET     123      0.10056    0.0083582     0.079984      0.10435 gtex__anterior_cingulate_cortex_ba24__M008
gtex__anterior_cingulate_cor...10       SET     119     0.019917    0.0016285     0.079272      0.40081 gtex__anterior_cingulate_cortex_ba24__M009
gtex__anterior_cingulate_cor...11       SET      94    -0.043461   -0.0031607     0.092392      0.68096 gtex__anterior_cingulate_cortex_ba24__M010
gtex__anterior_cingulate_cor...12       SET     106     0.046434    0.0035847     0.080016      0.28086 gtex__anterior_cingulate_cortex_ba24__M011
gtex__anterior_cingulate_cor...13       SET      84    -0.032542   -0.0022378     0.094286        0.635 gtex__anterior_cingulate_cortex_ba24__M012
gtex__anterior_cingulate_cor...14       SET      68     0.044712    0.0027677      0.11097      0.34351 gtex__anterior_cingulate_cortex_ba24__M013
gtex__anterior_cingulate_cor...15       SET      53     0.029956    0.0016377      0.10887       0.3916 gtex__anterior_cingulate_cortex_ba24__M014
gtex__anterior_cingulate_cor...16       SET      60     -0.14436   -0.0083954      0.12027      0.88496 gtex__anterior_cingulate_cortex_ba24__M015
gtex__anterior_cingulate_cor...17       SET      39     -0.17225   -0.0080814      0.15231      0.87094 gtex__anterior_cingulate_cortex_ba24__M016
gtex__anterior_cingulate_cor...18       SET      33     0.043903     0.001895      0.15547      0.38883 gtex__anterior_cingulate_cortex_ba24__M017
gtex__anterior_cingulate_cor...19       SET      28    0.0078681   0.00031288      0.16895      0.48143 gtex__anterior_cingulate_cortex_ba24__M018
gtex__anterior_cingulate_cor...20       SET      22      0.33818     0.011922      0.16781     0.021948 gtex__anterior_cingulate_cortex_ba24__M019
gtex__anterior_cingulate_cor...21       SET      22     -0.13005    -0.004585      0.20672      0.73536 gtex__anterior_cingulate_cortex_ba24__M020
gtex__caudate_basal_ganglia_...1        SET    1293     0.048841     0.012716     0.026929     0.034871 gtex__caudate_basal_ganglia__M000
gtex__caudate_basal_ganglia_...2        SET    1195     -0.01861   -0.0046719      0.02751      0.75062 gtex__caudate_basal_ganglia__M001
gtex__caudate_basal_ganglia_...3        SET     758    -0.052789    -0.010694     0.033539      0.94224 gtex__caudate_basal_ganglia__M002
gtex__caudate_basal_ganglia_...4        SET     655    -0.021345   -0.0040317     0.034342      0.73287 gtex__caudate_basal_ganglia__M003
gtex__caudate_basal_ganglia_...5        SET     612   -0.0053936    -0.000986     0.036611      0.55856 gtex__caudate_basal_ganglia__M004
gtex__caudate_basal_ganglia_...6        SET     442        0.103     0.016082     0.041735    0.0067971 gtex__caudate_basal_ganglia__M005
gtex__caudate_basal_ganglia_...7        SET     336   -0.0030408   -0.0004152     0.052545      0.52307 gtex__caudate_basal_ganglia__M006
gtex__caudate_basal_ganglia_...8        SET     285     0.091753     0.011555     0.053264     0.042488 gtex__caudate_basal_ganglia__M007
gtex__caudate_basal_ganglia_...9        SET     264     0.009443    0.0011453     0.051162      0.42678 gtex__caudate_basal_ganglia__M008
gtex__caudate_basal_ganglia_...10       SET     245     0.058555    0.0068452      0.06223      0.17337 gtex__caudate_basal_ganglia__M009
gtex__caudate_basal_ganglia_...11       SET     172     0.038883    0.0038165     0.063738      0.27092 gtex__caudate_basal_ganglia__M010
gtex__caudate_basal_ganglia_...12       SET      72    0.0074562   0.00047486      0.10046      0.47042 gtex__caudate_basal_ganglia__M011
gtex__caudate_basal_ganglia_...13       SET      55      0.20681     0.011517      0.12158     0.044476 gtex__caudate_basal_ganglia__M012
gtex__caudate_basal_ganglia_...14       SET      58    -0.011343  -0.00064864      0.11191      0.54037 gtex__caudate_basal_ganglia__M013
gtex__caudate_basal_ganglia_...15       SET      47     0.005857   0.00030159      0.13844      0.48313 gtex__caudate_basal_ganglia__M014
gtex__caudate_basal_ganglia_...16       SET      39     0.022614     0.001061      0.13471      0.43334 gtex__caudate_basal_ganglia__M015
gtex__caudate_basal_ganglia_...17       SET      17     -0.40381    -0.012516      0.19007      0.98318 gtex__caudate_basal_ganglia__M016
gtex__cerebellar_hemisphere_...1        SET    2196     0.047757     0.015752      0.02068     0.010467 gtex__cerebellar_hemisphere__M000
gtex__cerebellar_hemisphere_...2        SET     704      0.06106      0.01194     0.032841     0.031502 gtex__cerebellar_hemisphere__M001
gtex__cerebellar_hemisphere_...3        SET     654     0.095132     0.017956     0.035837    0.0039745 gtex__cerebellar_hemisphere__M002
gtex__cerebellar_hemisphere_...4        SET     600     0.026599    0.0048162      0.03573      0.22831 gtex__cerebellar_hemisphere__M003
gtex__cerebellar_hemisphere_...5        SET     484        -0.11    -0.017949     0.046625      0.99084 gtex__cerebellar_hemisphere__M004
gtex__cerebellar_hemisphere_...6        SET     265     0.057455    0.0069814     0.054248      0.14478 gtex__cerebellar_hemisphere__M005
gtex__cerebellar_hemisphere_...7        SET     224    -0.016995   -0.0019009     0.057497      0.61622 gtex__cerebellar_hemisphere__M006
gtex__cerebellar_hemisphere_...8        SET     189    -0.047607    -0.004896     0.062011      0.77867 gtex__cerebellar_hemisphere__M007
gtex__cerebellar_hemisphere_...9        SET     137      0.04405    0.0038627     0.074425      0.27697 gtex__cerebellar_hemisphere__M008
gtex__cerebellar_hemisphere_...10       SET      86     0.085038    0.0059166     0.096626      0.18941 gtex__cerebellar_hemisphere__M009
gtex__cerebellar_hemisphere_...11       SET      73    -0.070842   -0.0045428     0.096148      0.76937 gtex__cerebellar_hemisphere__M010
gtex__cerebellar_hemisphere_...12       SET      66     -0.12298   -0.0075003      0.10424      0.88095 gtex__cerebellar_hemisphere__M011
gtex__cerebellar_hemisphere_...13       SET      62     0.056843    0.0033604     0.099597      0.28409 gtex__cerebellar_hemisphere__M012
gtex__cerebellar_hemisphere_...14       SET      47     0.015406   0.00079327      0.14015      0.45624 gtex__cerebellar_hemisphere__M013
gtex__cerebellar_hemisphere_...15       SET      39     0.051534    0.0024178      0.14938      0.36506 gtex__cerebellar_hemisphere__M014
gtex__cerebellar_hemisphere_...16       SET      23     0.035126    0.0012662      0.18598       0.4251 gtex__cerebellar_hemisphere__M015
gtex__cerebellar_hemisphere_...17       SET      32     -0.17014   -0.0072322      0.18084       0.8266 gtex__cerebellar_hemisphere__M016
gtex__cerebellar_hemisphere_...18       SET      28     0.020057   0.00079759      0.16384      0.45128 gtex__cerebellar_hemisphere__M017
gtex__cerebellar_hemisphere_...19       SET      25      0.36303     0.013642      0.16978     0.016257 gtex__cerebellar_hemisphere__M018
gtex__cerebellar_hemisphere_...20       SET      23     -0.25635   -0.0092402      0.18749      0.91422 gtex__cerebellar_hemisphere__M019
gtex__cerebellar_hemisphere_...21       SET      14      0.24753     0.006963      0.22964      0.14055 gtex__cerebellar_hemisphere__M020
gtex__cerebellar_hemisphere_...22       SET      19     -0.21803   -0.0071439      0.22056      0.83854 gtex__cerebellar_hemisphere__M022
gtex__cerebellar_hemisphere_...23       SET      16        0.303    0.0091112      0.24723      0.11019 gtex__cerebellar_hemisphere__M023
gtex__cerebellar_hemisphere_...24       SET      13     -0.21572   -0.0058474       0.2682      0.78939 gtex__cerebellar_hemisphere__M024
gtex__cerebellum__M000                  SET     731     0.039346    0.0078336     0.033783      0.12209 gtex__cerebellum__M000
gtex__cerebellum__M001                  SET     332     -0.10904    -0.014802     0.054209      0.97786 gtex__cerebellum__M001
gtex__cerebellum__M002                  SET     249      0.13906     0.016387     0.056646    0.0070505 gtex__cerebellum__M002
gtex__cerebellum__M003                  SET     242      0.07679    0.0089226     0.059124     0.097016 gtex__cerebellum__M003
gtex__cerebellum__M004                  SET     172     -0.03217   -0.0031577     0.062228      0.69741 gtex__cerebellum__M004
gtex__cerebellum__M005                  SET     160     -0.01425   -0.0013495     0.066226      0.58518 gtex__cerebellum__M005
gtex__cerebellum__M006                  SET     162    -0.022335   -0.0021282     0.070306      0.62463 gtex__cerebellum__M006
gtex__cerebellum__M007                  SET      87     -0.14961     -0.01047     0.092926      0.94629 gtex__cerebellum__M007
gtex__cerebellum__M008                  SET     122     0.028868    0.0023898     0.084695      0.36661 gtex__cerebellum__M008
gtex__cerebellum__M009                  SET      93     0.090566    0.0065514     0.091935      0.16229 gtex__cerebellum__M009
gtex__cerebellum__M010                  SET     107     0.037062    0.0028746      0.08096      0.32356 gtex__cerebellum__M010
gtex__cerebellum__M011                  SET      80   -0.0066869   -0.0004488       0.1144      0.52331 gtex__cerebellum__M011
gtex__cerebellum__M012                  SET      75     0.018923    0.0012299     0.096942      0.42262 gtex__cerebellum__M012
gtex__cerebellum__M013                  SET      47     0.060542    0.0031174      0.11842      0.30459 gtex__cerebellum__M013
gtex__cerebellum__M014                  SET      45      0.12528    0.0063126      0.13261       0.1724 gtex__cerebellum__M014
gtex__cerebellum__M015                  SET      42       0.1835    0.0089332      0.14887      0.10887 gtex__cerebellum__M015
gtex__cerebellum__M016                  SET      39    -0.047575    -0.002232      0.13596       0.6368 gtex__cerebellum__M016
gtex__cerebellum__M017                  SET      37     0.038152    0.0017435      0.13388      0.38784 gtex__cerebellum__M017
gtex__cerebellum__M018                  SET      19     0.031302    0.0010256      0.21416       0.4419 gtex__cerebellum__M018
gtex__cerebellum__M019                  SET      25  -0.00023773  -8.9333e-06      0.18204      0.50052 gtex__cerebellum__M019
gtex__cerebellum__M020                  SET      21      0.11411    0.0039304      0.17896      0.26187 gtex__cerebellum__M020
gtex__cerebellum__M022                  SET      21     -0.35669    -0.012286      0.23094      0.93876 gtex__cerebellum__M022
gtex__cerebellum__M023                  SET      18     0.022998   0.00073346       0.2525      0.46372 gtex__cerebellum__M023
gtex__cerebellum__M024                  SET      17     -0.10878   -0.0033717      0.18221      0.72475 gtex__cerebellum__M024
gtex__cortex__M000                      SET     669      0.07076     0.013502     0.035234     0.022314 gtex__cortex__M000
gtex__cortex__M001                      SET     562      0.13424      0.02355     0.039497   0.00033941 gtex__cortex__M001
gtex__cortex__M002                      SET     615   -0.0051404  -0.00094192     0.037644      0.55431 gtex__cortex__M002
gtex__cortex__M003                      SET     570     0.055888    0.0098722     0.037166      0.06633 gtex__cortex__M003
gtex__cortex__M004                      SET     356    -0.052241   -0.0073383     0.048575      0.85891 gtex__cortex__M004
gtex__cortex__M005                      SET     259     0.068874    0.0082751     0.055315      0.10655 gtex__cortex__M005
gtex__cortex__M006                      SET     180     -0.18647     -0.01872     0.073937      0.99416 gtex__cortex__M006
gtex__cortex__M007                      SET     184     0.057563    0.0058419     0.064128       0.1847 gtex__cortex__M007
gtex__cortex__M008                      SET     149    -0.026895   -0.0024587     0.069397      0.65082 gtex__cortex__M008
gtex__cortex__M009                      SET      71     -0.16638    -0.010523      0.10599      0.94176 gtex__cortex__M009
gtex__cortex__M010                      SET      98    -0.035292   -0.0026203     0.098633      0.63976 gtex__cortex__M010
gtex__cortex__M011                      SET      35     -0.21655   -0.0096257      0.14349      0.93436 gtex__cortex__M011
gtex__frontal_cortex_ba9__M0...1        SET    1144      0.04761     0.011713     0.026703     0.037309 gtex__frontal_cortex_ba9__M000
gtex__frontal_cortex_ba9__M0...2        SET    1184    -0.034588    -0.008646     0.028504      0.88751 gtex__frontal_cortex_ba9__M001
gtex__frontal_cortex_ba9__M0...3        SET    1118    -0.012247   -0.0029809     0.027204      0.67372 gtex__frontal_cortex_ba9__M002
gtex__frontal_cortex_ba9__M0...4        SET    1087     0.085613     0.020566     0.028829    0.0014926 gtex__frontal_cortex_ba9__M003
gtex__frontal_cortex_ba9__M0...5        SET     818     0.039566    0.0083115     0.032694      0.11312 gtex__frontal_cortex_ba9__M004
gtex__frontal_cortex_ba9__M0...6        SET     667    -0.059127    -0.011266     0.035304        0.953 gtex__frontal_cortex_ba9__M005
gtex__frontal_cortex_ba9__M0...7        SET     458   -0.0015162  -0.00024086      0.04386      0.51379 gtex__frontal_cortex_ba9__M006
gtex__frontal_cortex_ba9__M0...8        SET     502   -0.0094025   -0.0015617     0.037693      0.59849 gtex__frontal_cortex_ba9__M007
gtex__frontal_cortex_ba9__M0...9        SET     427     0.086678     0.013307     0.050199      0.04212 gtex__frontal_cortex_ba9__M008
gtex__frontal_cortex_ba9__M0...10       SET     458     0.085707     0.013615     0.042678     0.022319 gtex__frontal_cortex_ba9__M009
gtex__frontal_cortex_ba9__M0...11       SET      81      0.06319    0.0042674     0.099908      0.26354 gtex__frontal_cortex_ba9__M010
gtex__hippocampus__M000                 SET    1317     0.050705     0.013314     0.026965     0.030035 gtex__hippocampus__M000
gtex__hippocampus__M001                 SET    1405     0.022985    0.0062168     0.025123      0.18013 gtex__hippocampus__M001
gtex__hippocampus__M002                 SET     762     0.040516    0.0082283     0.032871      0.10887 gtex__hippocampus__M002
gtex__hippocampus__M003                 SET     812    -0.010845   -0.0022702     0.031688      0.63392 gtex__hippocampus__M003
gtex__hippocampus__M004                 SET     388    -0.037876   -0.0055492     0.043517      0.80794 gtex__hippocampus__M004
gtex__hippocampus__M005                 SET     348     0.057739    0.0080207     0.047947      0.11426 gtex__hippocampus__M005
gtex__hippocampus__M006                 SET     326    -0.072312   -0.0097286     0.053294      0.91258 gtex__hippocampus__M006
gtex__hippocampus__M007                 SET     275   -0.0035487  -0.00043913     0.050972      0.52775 gtex__hippocampus__M007
gtex__hippocampus__M008                 SET     225      0.01676    0.0018787     0.061238      0.39216 gtex__hippocampus__M008
gtex__hippocampus__M009                 SET     162     -0.26285    -0.025046      0.07625      0.99972 gtex__hippocampus__M009
gtex__hippocampus__M010                 SET     130     0.035238    0.0030106     0.074848       0.3189 gtex__hippocampus__M010
gtex__hippocampus__M011                 SET      94     0.053045    0.0038576     0.085052      0.26643 gtex__hippocampus__M011
gtex__hippocampus__M012                 SET     100    -0.047051   -0.0035286     0.091133      0.69717 gtex__hippocampus__M012
gtex__hippocampus__M013                 SET      69    0.0072012   0.00044901      0.10334      0.47222 gtex__hippocampus__M013
gtex__hippocampus__M014                 SET      66     0.051213    0.0031233     0.096271      0.29738 gtex__hippocampus__M014
gtex__hippocampus__M015                 SET      36     -0.24676    -0.011124      0.15083      0.94907 gtex__hippocampus__M015
gtex__hippocampus__M016                 SET      28     -0.08584   -0.0034135      0.17048       0.6927 gtex__hippocampus__M016
gtex__hippocampus__M017                 SET      34     -0.17333    -0.007594      0.16544       0.8526 gtex__hippocampus__M017
gtex__hypothalamus__M000                SET    2002     0.056489     0.017901     0.021835    0.0048432 gtex__hypothalamus__M000
gtex__hypothalamus__M001                SET     678   -0.0038445   -0.0007383     0.034838      0.54393 gtex__hypothalamus__M001
gtex__hypothalamus__M002                SET     484     0.064717     0.010561     0.039921     0.052506 gtex__hypothalamus__M002
gtex__hypothalamus__M003                SET     366     0.044128    0.0062833     0.045632      0.16677 gtex__hypothalamus__M003
gtex__hypothalamus__M004                SET     349     0.031492    0.0043809     0.045579      0.24481 gtex__hypothalamus__M004
gtex__hypothalamus__M005                SET     201    -0.085275   -0.0090408     0.064804      0.90588 gtex__hypothalamus__M005
gtex__hypothalamus__M006                SET     221    -0.036795   -0.0040882     0.065625      0.71249 gtex__hypothalamus__M006
gtex__hypothalamus__M007                SET     249    -0.014439   -0.0017015     0.058852       0.5969 gtex__hypothalamus__M007
gtex__hypothalamus__M008                SET     186     -0.17624    -0.017982     0.073143      0.99201 gtex__hypothalamus__M008
gtex__hypothalamus__M009                SET     131     0.039237     0.003365     0.081118       0.3143 gtex__hypothalamus__M009
gtex__hypothalamus__M010                SET     101     0.081691    0.0061569     0.082393      0.16073 gtex__hypothalamus__M010
gtex__hypothalamus__M011                SET      89     -0.10289    -0.007282     0.088064      0.87866 gtex__hypothalamus__M011
gtex__hypothalamus__M012                SET      77     -0.17981    -0.011841     0.094662      0.97124 gtex__hypothalamus__M012
gtex__hypothalamus__M013                SET      67      0.22314     0.013711      0.10543     0.017154 gtex__hypothalamus__M013
gtex__hypothalamus__M014                SET      65     -0.18232    -0.011034       0.1121      0.94805 gtex__hypothalamus__M014
gtex__hypothalamus__M015                SET      68     0.074713    0.0046247     0.096317      0.21897 gtex__hypothalamus__M015
gtex__hypothalamus__M016                SET      58  -0.00087621  -5.0105e-05      0.11478      0.50305 gtex__hypothalamus__M016
gtex__hypothalamus__M017                SET      56     -0.14396   -0.0080896      0.12115      0.88263 gtex__hypothalamus__M017
gtex__hypothalamus__M018                SET      36     -0.12556   -0.0056601      0.14818      0.80159 gtex__hypothalamus__M018
gtex__hypothalamus__M019                SET      26      0.12347    0.0047314      0.18183      0.24857 gtex__hypothalamus__M019
gtex__hypothalamus__M020                SET      26    -0.056274   -0.0021565      0.14796      0.64815 gtex__hypothalamus__M020
gtex__hypothalamus__M021                SET      23     0.028981    0.0010446      0.16438      0.43003 gtex__hypothalamus__M021
gtex__hypothalamus__M022                SET      24    -0.085785   -0.0031586      0.20611      0.66137 gtex__hypothalamus__M022
gtex__hypothalamus__M024                SET      20     0.072517    0.0024377      0.20405      0.36116 gtex__hypothalamus__M024
gtex__nucleus_accumbens_basa...1        SET    2593     0.055588     0.019666      0.01954    0.0022249 gtex__nucleus_accumbens_basal_ganglia__M000
gtex__nucleus_accumbens_basa...2        SET     756     0.018144    0.0036709     0.032231      0.28674 gtex__nucleus_accumbens_basal_ganglia__M001
gtex__nucleus_accumbens_basa...3        SET     794     0.016383     0.003393     0.032436      0.30675 gtex__nucleus_accumbens_basal_ganglia__M002
gtex__nucleus_accumbens_basa...4        SET     387     0.030195    0.0044183     0.045078      0.25149 gtex__nucleus_accumbens_basal_ganglia__M003
gtex__nucleus_accumbens_basa...5        SET     277    -0.037972   -0.0047157     0.055421      0.75338 gtex__nucleus_accumbens_basal_ganglia__M004
gtex__nucleus_accumbens_basa...6        SET     225   -0.0022574  -0.00025304      0.06071      0.51483 gtex__nucleus_accumbens_basal_ganglia__M005
gtex__nucleus_accumbens_basa...7        SET     185    -0.066775    -0.006795     0.065752      0.84507 gtex__nucleus_accumbens_basal_ganglia__M006
gtex__nucleus_accumbens_basa...8        SET     175    -0.050635   -0.0050128     0.063828       0.7862 gtex__nucleus_accumbens_basal_ganglia__M007
gtex__nucleus_accumbens_basa...9        SET     165     -0.22778    -0.021903     0.074794      0.99884 gtex__nucleus_accumbens_basal_ganglia__M008
gtex__nucleus_accumbens_basa...10       SET     157     0.017394    0.0016319     0.069302      0.40091 gtex__nucleus_accumbens_basal_ganglia__M009
gtex__nucleus_accumbens_basa...11       SET     130   -0.0062726   -0.0005359     0.079113       0.5316 gtex__nucleus_accumbens_basal_ganglia__M010
gtex__nucleus_accumbens_basa...12       SET      92    -0.060308   -0.0043392      0.08445      0.76242 gtex__nucleus_accumbens_basal_ganglia__M011
gtex__nucleus_accumbens_basa...13       SET      79      0.10261    0.0068436      0.10786      0.17074 gtex__nucleus_accumbens_basal_ganglia__M012
gtex__nucleus_accumbens_basa...14       SET      67      0.19799     0.012166       0.1117      0.03816 gtex__nucleus_accumbens_basal_ganglia__M013
gtex__nucleus_accumbens_basa...15       SET      58    -0.059518   -0.0034035      0.11687      0.69472 gtex__nucleus_accumbens_basal_ganglia__M014
gtex__nucleus_accumbens_basa...16       SET      23     0.036432    0.0013132      0.17682      0.41838 gtex__nucleus_accumbens_basal_ganglia__M015
gtex__nucleus_accumbens_basa...17       SET      19       0.5348     0.017523      0.19989    0.0037349 gtex__nucleus_accumbens_basal_ganglia__M016
gtex__nucleus_accumbens_basa...18       SET      18      0.34377     0.010964      0.20105     0.043656 gtex__nucleus_accumbens_basal_ganglia__M017
gtex__putamen_basal_ganglia_...1        SET    1170     0.017493    0.0043488     0.028161      0.26724 gtex__putamen_basal_ganglia__M000
gtex__putamen_basal_ganglia_...2        SET    1377    -0.014261   -0.0038219     0.026066      0.70784 gtex__putamen_basal_ganglia__M001
gtex__putamen_basal_ganglia_...3        SET     880    -0.036314   -0.0078978      0.03032      0.88448 gtex__putamen_basal_ganglia__M002
gtex__putamen_basal_ganglia_...4        SET     716     0.037712    0.0074341     0.032323      0.12167 gtex__putamen_basal_ganglia__M003
gtex__putamen_basal_ganglia_...5        SET     518     0.089666     0.015122     0.042386     0.017202 gtex__putamen_basal_ganglia__M004
gtex__putamen_basal_ganglia_...6        SET     452     0.091261     0.014405     0.042061     0.015021 gtex__putamen_basal_ganglia__M005
gtex__putamen_basal_ganglia_...7        SET     438     0.041161     0.006398     0.043299      0.17091 gtex__putamen_basal_ganglia__M006
gtex__putamen_basal_ganglia_...8        SET     420    0.0023516   0.00035813     0.042113      0.47773 gtex__putamen_basal_ganglia__M007
gtex__putamen_basal_ganglia_...9        SET     342     0.025943    0.0035733     0.047087      0.29083 gtex__putamen_basal_ganglia__M008
gtex__putamen_basal_ganglia_...10       SET     159     0.022866    0.0021588     0.067692      0.36776 gtex__putamen_basal_ganglia__M009
gtex__putamen_basal_ganglia_...11       SET      97    -0.025263   -0.0018662     0.090008      0.61052 gtex__putamen_basal_ganglia__M010
gtex__putamen_basal_ganglia_...12       SET     105      0.15403     0.011835     0.086423     0.037361 gtex__putamen_basal_ganglia__M011
gtex__putamen_basal_ganglia_...13       SET      44     -0.24542    -0.012228      0.12835      0.97206 gtex__putamen_basal_ganglia__M012
gtex__putamen_basal_ganglia_...14       SET      37       0.2403     0.010982      0.12854     0.030786 gtex__putamen_basal_ganglia__M013
gtex__putamen_basal_ganglia_...15       SET      34     0.051168    0.0022418      0.16758      0.38006 gtex__putamen_basal_ganglia__M014
gtex__putamen_basal_ganglia_...16       SET      33     0.086335    0.0037266      0.14108      0.27028 gtex__putamen_basal_ganglia__M015
gtex__putamen_basal_ganglia_...17       SET      33      0.16371    0.0070663      0.14571      0.13061 gtex__putamen_basal_ganglia__M016
gtex__putamen_basal_ganglia_...18       SET      21      0.19481    0.0067102      0.22194      0.19004 gtex__putamen_basal_ganglia__M017
gtex__spinal_cord_cervical_c...1        SET    1288      0.01581     0.004109     0.026549      0.27576 gtex__spinal_cord_cervical_c_1__M000
gtex__spinal_cord_cervical_c...2        SET     723     0.048911    0.0096867     0.033489     0.072086 gtex__spinal_cord_cervical_c_1__M001
gtex__spinal_cord_cervical_c...3        SET     586      0.10339     0.018509     0.040758    0.0055988 gtex__spinal_cord_cervical_c_1__M002
gtex__spinal_cord_cervical_c...4        SET     329    -0.088783    -0.011998     0.053963      0.95003 gtex__spinal_cord_cervical_c_1__M003
gtex__spinal_cord_cervical_c...5        SET     404     0.019748    0.0029509     0.044959      0.33025 gtex__spinal_cord_cervical_c_1__M004
gtex__spinal_cord_cervical_c...6        SET     277     0.061027    0.0075788     0.056236      0.13893 gtex__spinal_cord_cervical_c_1__M005
gtex__spinal_cord_cervical_c...7        SET     221    0.0048938   0.00054373     0.059977      0.46748 gtex__spinal_cord_cervical_c_1__M006
gtex__spinal_cord_cervical_c...8        SET     249     0.018447    0.0021738     0.054077       0.3665 gtex__spinal_cord_cervical_c_1__M007
gtex__spinal_cord_cervical_c...9        SET     168     0.041641    0.0040399      0.06427      0.25853 gtex__spinal_cord_cervical_c_1__M008
gtex__spinal_cord_cervical_c...10       SET     140      0.04019    0.0035623     0.070015      0.28298 gtex__spinal_cord_cervical_c_1__M009
gtex__spinal_cord_cervical_c...11       SET      92     -0.28439    -0.020462     0.094368      0.99871 gtex__spinal_cord_cervical_c_1__M010
gtex__spinal_cord_cervical_c...12       SET     104     0.094047     0.007192     0.094295       0.1593 gtex__spinal_cord_cervical_c_1__M011
gtex__spinal_cord_cervical_c...13       SET      90      0.12395    0.0088216     0.089966     0.084143 gtex__spinal_cord_cervical_c_1__M012
gtex__spinal_cord_cervical_c...14       SET      48    -0.054176   -0.0028191      0.12164      0.67198 gtex__spinal_cord_cervical_c_1__M013
gtex__spinal_cord_cervical_c...15       SET      32    -0.028124   -0.0011954      0.16812      0.56643 gtex__spinal_cord_cervical_c_1__M014
gtex__spinal_cord_cervical_c...16       SET      25     0.053473    0.0020094      0.16237      0.37096 gtex__spinal_cord_cervical_c_1__M015
gtex__spinal_cord_cervical_c...17       SET      22     -0.18617   -0.0065634      0.17397      0.85772 gtex__spinal_cord_cervical_c_1__M016
gtex__spinal_cord_cervical_c...18       SET      22     0.032037    0.0011295      0.21361      0.44039 gtex__spinal_cord_cervical_c_1__M017
gtex__spinal_cord_cervical_c...19       SET      18     -0.25391   -0.0080977      0.19191      0.90708 gtex__spinal_cord_cervical_c_1__M018
gtex__substantia_nigra__M000            SET    1018    -0.024347   -0.0056716     0.029669      0.79406 gtex__substantia_nigra__M000
gtex__substantia_nigra__M001            SET     845     0.041456    0.0088441     0.030397     0.086324 gtex__substantia_nigra__M001
gtex__substantia_nigra__M002            SET     968    -0.038008   -0.0086469      0.02871      0.90722 gtex__substantia_nigra__M002
gtex__substantia_nigra__M003            SET     540     0.039641    0.0068215     0.041692      0.17086 gtex__substantia_nigra__M003
gtex__substantia_nigra__M004            SET     561    -0.016742   -0.0029347      0.03881      0.66691 gtex__substantia_nigra__M004
gtex__substantia_nigra__M005            SET     419     0.088695     0.013492     0.046726     0.028843 gtex__substantia_nigra__M005
gtex__substantia_nigra__M006            SET     172     -0.14445    -0.014178     0.074871      0.97315 gtex__substantia_nigra__M006
gtex__substantia_nigra__M007            SET     102      0.07189    0.0054448     0.092451      0.21841 gtex__substantia_nigra__M007
gtex__substantia_nigra__M008            SET      45    -0.017976  -0.00090574      0.12178      0.55867 gtex__substantia_nigra__M008
gtex__substantia_nigra__M009            SET      39    -0.036604   -0.0017173      0.15552      0.59303 gtex__substantia_nigra__M009
brainseq__caudate__M000                 SET    1007      0.02063    0.0047815     0.029425      0.24162 brainseq__caudate__M000
brainseq__caudate__M001                 SET    1318     0.035075    0.0092131     0.026316     0.091303 brainseq__caudate__M001
brainseq__caudate__M002                 SET     908     0.034625    0.0076429     0.031969      0.13939 brainseq__caudate__M002
brainseq__caudate__M003                 SET     809    -0.014829   -0.0030988     0.030926       0.6842 brainseq__caudate__M003
brainseq__caudate__M004                 SET     577     0.014274    0.0025364     0.038184      0.35427 brainseq__caudate__M004
brainseq__caudate__M005                 SET     126    -0.053355   -0.0044883     0.079167      0.74983 brainseq__caudate__M005
brainseq__caudate__M006                 SET     366    0.0062458   0.00088932       0.0464      0.44646 brainseq__caudate__M006
brainseq__caudate__M007                 SET     195     0.041333    0.0043169     0.061414      0.25047 brainseq__caudate__M007
brainseq__caudate__M008                 SET      53    -0.068927   -0.0037683      0.12034       0.7166 brainseq__caudate__M008
brainseq__caudate__M009                 SET      47     0.018651    0.0009604      0.12301      0.43974 brainseq__caudate__M009
brainseq__hippocampus__M000             SET     502    -0.029494   -0.0048989     0.042616      0.75555 brainseq__hippocampus__M000
brainseq__hippocampus__M001             SET     484   -0.0016335  -0.00026656     0.040803      0.51597 brainseq__hippocampus__M001
brainseq__hippocampus__M002             SET     461    -0.013098   -0.0020874     0.043594      0.61808 brainseq__hippocampus__M002
brainseq__hippocampus__M003             SET     466      0.10295     0.016492     0.044048    0.0097214 brainseq__hippocampus__M003
brainseq__hippocampus__M004             SET     364    -0.021342   -0.0030306     0.048586      0.66976 brainseq__hippocampus__M004
brainseq__hippocampus__M005             SET     357     0.046166    0.0064938     0.048596      0.17106 brainseq__hippocampus__M005
brainseq__hippocampus__M006             SET     342     0.014731     0.002029     0.048955      0.38174 brainseq__hippocampus__M006
brainseq__hippocampus__M007             SET     305    -0.027664   -0.0036021     0.054345      0.69464 brainseq__hippocampus__M007
brainseq__hippocampus__M008             SET     296     0.047104    0.0060438     0.051963      0.18234 brainseq__hippocampus__M008
brainseq__hippocampus__M009             SET      46    -0.083559   -0.0042567      0.12689      0.74489 brainseq__hippocampus__M009
brainseq__hippocampus__M010             SET      47      0.15615    0.0080403      0.13529      0.12423 brainseq__hippocampus__M010
brainseq__hippocampus__M011             SET      23     -0.13908   -0.0050131       0.1805       0.7795 brainseq__hippocampus__M011
brainseq__hippocampus__M012             SET      18      0.31852     0.010158      0.21128     0.065842 brainseq__hippocampus__M012
brainseq__dlpfc__M000                   SET     536     0.089469      0.01534      0.03992     0.012514 brainseq__dlpfc__M000
brainseq__dlpfc__M001                   SET     495    -0.045062   -0.0074339     0.039942      0.87037 brainseq__dlpfc__M001
brainseq__dlpfc__M002                   SET     434     0.072018     0.011145     0.043683     0.049618 brainseq__dlpfc__M002
brainseq__dlpfc__M003                   SET     443    -0.031551   -0.0049315     0.045774      0.75467 brainseq__dlpfc__M003
brainseq__dlpfc__M004                   SET     403    -0.062657   -0.0093517     0.046878      0.90932 brainseq__dlpfc__M004
brainseq__dlpfc__M005                   SET     409     -0.03288    -0.004943     0.044057      0.77226 brainseq__dlpfc__M005
brainseq__dlpfc__M006                   SET     391     0.017031    0.0025047     0.045219      0.35322 brainseq__dlpfc__M006
brainseq__dlpfc__M007                   SET     352     0.067618    0.0094458     0.048035     0.079621 brainseq__dlpfc__M007
brainseq__dlpfc__M008                   SET     348     0.069162    0.0096075     0.047232     0.071566 brainseq__dlpfc__M008
brainseq__dlpfc__M009                   SET     185     0.018148    0.0018467      0.06652       0.3925 brainseq__dlpfc__M009
brainseq__dlpfc__M010                   SET     139    0.0088831   0.00078456     0.075395      0.45311 brainseq__dlpfc__M010
brainseq__dlpfc__M011                   SET      47      0.11029     0.005679      0.14884      0.22936 brainseq__dlpfc__M011
brainseq__caudate_sczd__M000            SET     406     0.048365    0.0072447     0.045495      0.14388 brainseq__caudate_sczd__M000
brainseq__caudate_sczd__M001            SET     527     0.075223     0.012793      0.04099     0.033249 brainseq__caudate_sczd__M001
brainseq__caudate_sczd__M002            SET     403     0.081213     0.012121     0.044323     0.033461 brainseq__caudate_sczd__M002
brainseq__caudate_sczd__M003            SET     327    -0.031784   -0.0042825     0.053462      0.72391 brainseq__caudate_sczd__M003
brainseq__caudate_sczd__M004            SET     324     0.010015    0.0013433     0.049391      0.41966 brainseq__caudate_sczd__M004
brainseq__caudate_sczd__M005            SET     277     0.074008    0.0091909     0.057534     0.099172 brainseq__caudate_sczd__M005
brainseq__caudate_sczd__M006            SET     182    -0.044426   -0.0044844     0.070629      0.73533 brainseq__caudate_sczd__M006
brainseq__caudate_sczd__M007            SET     144     0.072314    0.0064998     0.075309      0.16847 brainseq__caudate_sczd__M007
brainseq__caudate_sczd__M008            SET     111     -0.29002    -0.022909     0.085354      0.99966 brainseq__caudate_sczd__M008
brainseq__caudate_sczd__M009            SET      86     0.093604    0.0065126     0.087862      0.14337 brainseq__caudate_sczd__M009
brainseq__caudate_sczd__M010            SET      66    -0.003947  -0.00024071      0.12164      0.51294 brainseq__caudate_sczd__M010
brainseq__caudate_sczd__M011            SET      61    -0.073026   -0.0042822      0.11147       0.7438 brainseq__caudate_sczd__M011
brainseq__caudate_sczd__M012            SET      42      0.21887     0.010655      0.12123     0.035517 brainseq__caudate_sczd__M012
brainseq__caudate_sczd__M013            SET      31     0.058857    0.0024625      0.15638      0.35332 brainseq__caudate_sczd__M013
brainseq__caudate_sczd__M014            SET      40     0.087685    0.0041662      0.13746      0.26178 brainseq__caudate_sczd__M014
brainseq__caudate_sczd__M015            SET      22     -0.17128   -0.0060385      0.20418      0.79923 brainseq__caudate_sczd__M015
brainseq__caudate_sczd__M016            SET       5    0.0026377   4.4352e-05      0.39026       0.4973 brainseq__caudate_sczd__M016
brainseq__caudate_sczd__M018            SET      21      -0.1265   -0.0043573      0.19992      0.73655 brainseq__caudate_sczd__M018
