# MEAN_SAMPLE_SIZE = 14343
# TOTAL_GENES = 17680
# TEST_DIRECTION = one-sided, positive (set), two-sided (covar)
# CONDITIONED_INTERNAL = gene size, gene density, inverse mac, log(gene size), log(gene density), log(inverse mac)
VARIABLE                               TYPE  NGENES         BETA     BETA_STD           SE            P FULL_NAME
gtex__amygdala__M000                    SET    1103     0.018521    0.0044797     0.028127      0.25512 gtex__amygdala__M000
gtex__amygdala__M001                    SET     908     0.080024     0.017664     0.031457    0.0054851 gtex__amygdala__M001
gtex__amygdala__M002                    SET     390     -0.05104   -0.0074966     0.043005      0.88234 gtex__amygdala__M002
gtex__amygdala__M003                    SET     361    -0.059862   -0.0084663     0.046967      0.89876 gtex__amygdala__M003
gtex__amygdala__M004                    SET     391     0.043989    0.0064692     0.046926      0.17428 gtex__amygdala__M004
gtex__amygdala__M005                    SET     143    -0.088915   -0.0079643     0.077417      0.87461 gtex__amygdala__M005
gtex__amygdala__M006                    SET     129     0.019975    0.0017001     0.082577      0.40443 gtex__amygdala__M006
gtex__amygdala__M007                    SET     124     0.021299    0.0017775     0.071273      0.38253 gtex__amygdala__M007
gtex__amygdala__M008                    SET      95    -0.015797   -0.0011549     0.096314      0.56514 gtex__amygdala__M008
gtex__amygdala__M009                    SET      65     0.092856      0.00562      0.10272      0.18302 gtex__amygdala__M009
gtex__amygdala__M010                    SET      53     -0.55659    -0.030429      0.13395      0.99998 gtex__amygdala__M010
gtex__amygdala__M011                    SET      62      0.19406     0.011472      0.12313     0.057514 gtex__amygdala__M011
gtex__amygdala__M012                    SET      43    -0.016329  -0.00080434      0.12187      0.55329 gtex__amygdala__M012
gtex__amygdala__M013                    SET      41     -0.02869     -0.00138      0.12867      0.58822 gtex__amygdala__M013
gtex__amygdala__M014                    SET      35    -0.014586  -0.00064834       0.1449      0.54009 gtex__amygdala__M014
gtex__amygdala__M015                    SET      33     -0.12952   -0.0055908       0.1508       0.8048 gtex__amygdala__M015
gtex__amygdala__M016                    SET      30    -0.091115   -0.0037502      0.17301      0.70078 gtex__amygdala__M016
gtex__amygdala__M017                    SET      23      0.16801    0.0060559      0.17137      0.16345 gtex__amygdala__M017
gtex__amygdala__M018                    SET      22    -0.095059   -0.0033513      0.20145      0.68149 gtex__amygdala__M018
gtex__amygdala__M019                    SET      19     -0.15159   -0.0049669      0.19974      0.77604 gtex__amygdala__M019
gtex__amygdala__M020                    SET      19     -0.14284   -0.0046801      0.19107      0.77264 gtex__amygdala__M020
gtex__amygdala__M021                    SET      17     0.087644    0.0027165      0.25756      0.36682 gtex__amygdala__M021
gtex__amygdala__M022                    SET      17      0.16536    0.0051252      0.25755      0.26042 gtex__amygdala__M022
gtex__amygdala__M023                    SET      17     -0.34763    -0.010775       0.2352      0.93029 gtex__amygdala__M023
gtex__anterior_cingulate_cor...1        SET    2194     0.026237    0.0086504      0.02083      0.10392 gtex__anterior_cingulate_cortex_ba24__M000
gtex__anterior_cingulate_cor...2        SET     979     0.052554      0.01202     0.029872     0.039274 gtex__anterior_cingulate_cortex_ba24__M001
gtex__anterior_cingulate_cor...3        SET     332    -0.036321   -0.0049304     0.053198      0.75261 gtex__anterior_cingulate_cortex_ba24__M002
gtex__anterior_cingulate_cor...4        SET     218    -0.033576   -0.0037054     0.057615      0.71997 gtex__anterior_cingulate_cortex_ba24__M003
gtex__anterior_cingulate_cor...5        SET     220      0.03668    0.0040662     0.056735      0.25898 gtex__anterior_cingulate_cortex_ba24__M004
gtex__anterior_cingulate_cor...6        SET     232    -0.030088    -0.003424     0.061566      0.68747 gtex__anterior_cingulate_cortex_ba24__M005
gtex__anterior_cingulate_cor...7        SET     169      -0.1059    -0.010304     0.074193      0.92325 gtex__anterior_cingulate_cortex_ba24__M006
gtex__anterior_cingulate_cor...8        SET     109     0.034151    0.0026733     0.086541      0.34656 gtex__anterior_cingulate_cortex_ba24__M007
gtex__anterior_cingulate_cor...9        SET     107      0.27805     0.021566     0.094306    0.0015995 gtex__anterior_cingulate_cortex_ba24__M008
gtex__anterior_cingulate_cor...10       SET      51       0.1182    0.0063391      0.12484      0.17188 gtex__anterior_cingulate_cortex_ba24__M009
gtex__anterior_cingulate_cor...11       SET      57    0.0069796   0.00039567      0.12267      0.47731 gtex__anterior_cingulate_cortex_ba24__M010
gtex__anterior_cingulate_cor...12       SET      61    -0.090211   -0.0052899      0.10803      0.79816 gtex__anterior_cingulate_cortex_ba24__M011
gtex__anterior_cingulate_cor...13       SET      54      0.13894     0.007667      0.11016      0.10362 gtex__anterior_cingulate_cortex_ba24__M012
gtex__anterior_cingulate_cor...14       SET      36      0.12472    0.0056223      0.15262      0.20691 gtex__anterior_cingulate_cortex_ba24__M013
gtex__anterior_cingulate_cor...15       SET      43    -0.056178   -0.0027672      0.14386      0.65192 gtex__anterior_cingulate_cortex_ba24__M014
gtex__anterior_cingulate_cor...16       SET      39      0.18295    0.0085833       0.1313     0.081763 gtex__anterior_cingulate_cortex_ba24__M015
gtex__anterior_cingulate_cor...17       SET      31     -0.27738    -0.011605      0.14136      0.97513 gtex__anterior_cingulate_cortex_ba24__M016
gtex__anterior_cingulate_cor...18       SET      27     -0.16815   -0.0065664      0.18032      0.82446 gtex__anterior_cingulate_cortex_ba24__M017
gtex__anterior_cingulate_cor...19       SET      23      0.14866    0.0053585      0.17378      0.19617 gtex__anterior_cingulate_cortex_ba24__M018
gtex__anterior_cingulate_cor...20       SET      16      0.14263    0.0042887      0.25525      0.28817 gtex__anterior_cingulate_cortex_ba24__M019
gtex__anterior_cingulate_cor...21       SET      15     0.017689   0.00051503      0.27859      0.47469 gtex__anterior_cingulate_cortex_ba24__M020
gtex__caudate_basal_ganglia_...1        SET    1507      0.06842     0.019106     0.024915    0.0030187 gtex__caudate_basal_ganglia__M000
gtex__caudate_basal_ganglia_...2        SET     981     0.016774      0.00384      0.02986      0.28715 gtex__caudate_basal_ganglia__M001
gtex__caudate_basal_ganglia_...3        SET     362      0.03685    0.0052188     0.044381      0.20318 gtex__caudate_basal_ganglia__M002
gtex__caudate_basal_ganglia_...4        SET     353    -0.033342   -0.0046641     0.050529      0.74532 gtex__caudate_basal_ganglia__M003
gtex__caudate_basal_ganglia_...5        SET     257    -0.035443   -0.0042422     0.054519      0.74218 gtex__caudate_basal_ganglia__M004
gtex__caudate_basal_ganglia_...6        SET     217     0.029926    0.0032951      0.06393      0.31986 gtex__caudate_basal_ganglia__M005
gtex__caudate_basal_ganglia_...7        SET     181     0.022954    0.0023107     0.071028      0.37328 gtex__caudate_basal_ganglia__M006
gtex__caudate_basal_ganglia_...8        SET     109      0.25007     0.019575     0.091983    0.0032808 gtex__caudate_basal_ganglia__M007
gtex__caudate_basal_ganglia_...9        SET     109    -0.032677   -0.0025579     0.082959      0.65317 gtex__caudate_basal_ganglia__M008
gtex__caudate_basal_ganglia_...10       SET      74    -0.010946  -0.00070672      0.10305       0.5423 gtex__caudate_basal_ganglia__M009
gtex__caudate_basal_ganglia_...11       SET      67     0.016278    0.0010002      0.10209      0.43666 gtex__caudate_basal_ganglia__M010
gtex__caudate_basal_ganglia_...12       SET      59     -0.18459    -0.010646      0.11837      0.94055 gtex__caudate_basal_ganglia__M011
gtex__caudate_basal_ganglia_...13       SET      49     -0.12281   -0.0064568      0.11825       0.8505 gtex__caudate_basal_ganglia__M012
gtex__caudate_basal_ganglia_...14       SET      30      0.12874    0.0052988      0.15266      0.19954 gtex__caudate_basal_ganglia__M013
gtex__caudate_basal_ganglia_...15       SET      39    -0.038346    -0.001799      0.14318      0.60558 gtex__caudate_basal_ganglia__M014
gtex__caudate_basal_ganglia_...16       SET      26    -0.098564   -0.0037771       0.1925      0.69568 gtex__caudate_basal_ganglia__M015
gtex__caudate_basal_ganglia_...17       SET      27      0.16343    0.0063819      0.16594      0.16236 gtex__caudate_basal_ganglia__M016
gtex__caudate_basal_ganglia_...18       SET      26     0.097592    0.0037398      0.17544      0.28902 gtex__caudate_basal_ganglia__M017
gtex__caudate_basal_ganglia_...19       SET      18      0.22605    0.0072091      0.20253      0.13219 gtex__caudate_basal_ganglia__M018
gtex__caudate_basal_ganglia_...20       SET      19     -0.61477    -0.020143      0.21701      0.99769 gtex__caudate_basal_ganglia__M019
gtex__caudate_basal_ganglia_...21       SET      16     -0.35805    -0.010766      0.20015      0.96317 gtex__caudate_basal_ganglia__M020
gtex__cerebellar_hemisphere_...1        SET    1491     0.070205     0.019509     0.024675    0.0022221 gtex__cerebellar_hemisphere__M000
gtex__cerebellar_hemisphere_...2        SET     700     0.017834    0.0034776     0.034294      0.30153 gtex__cerebellar_hemisphere__M001
gtex__cerebellar_hemisphere_...3        SET     547     0.052293    0.0090548     0.037751     0.083003 gtex__cerebellar_hemisphere__M002
gtex__cerebellar_hemisphere_...4        SET     431    -0.049922   -0.0076991     0.040787      0.88951 gtex__cerebellar_hemisphere__M003
gtex__cerebellar_hemisphere_...5        SET     351     0.052052    0.0072612     0.046097      0.12942 gtex__cerebellar_hemisphere__M004
gtex__cerebellar_hemisphere_...6        SET     286       0.0636    0.0080236     0.055525      0.12602 gtex__cerebellar_hemisphere__M005
gtex__cerebellar_hemisphere_...7        SET     213    -0.037104   -0.0040481     0.057576      0.74035 gtex__cerebellar_hemisphere__M006
gtex__cerebellar_hemisphere_...8        SET     146    -0.071712   -0.0064899     0.080678      0.81296 gtex__cerebellar_hemisphere__M007
gtex__cerebellar_hemisphere_...9        SET     100      0.13398     0.010048     0.088096     0.064163 gtex__cerebellar_hemisphere__M008
gtex__cerebellar_hemisphere_...10       SET      86      0.11454    0.0079693      0.10293      0.13292 gtex__cerebellar_hemisphere__M009
gtex__cerebellar_hemisphere_...11       SET      87     0.072344    0.0050625     0.085268       0.1981 gtex__cerebellar_hemisphere__M010
gtex__cerebellar_hemisphere_...12       SET      85    -0.098597   -0.0068202      0.10897      0.81721 gtex__cerebellar_hemisphere__M011
gtex__cerebellar_hemisphere_...13       SET      53     -0.17175     -0.00939      0.11422      0.93366 gtex__cerebellar_hemisphere__M012
gtex__cerebellar_hemisphere_...14       SET      68    -0.058118   -0.0035975      0.10533      0.70944 gtex__cerebellar_hemisphere__M013
gtex__cerebellar_hemisphere_...15       SET      35     0.096373    0.0042838      0.14735      0.25654 gtex__cerebellar_hemisphere__M014
gtex__cerebellar_hemisphere_...16       SET      30     -0.11682   -0.0048081      0.16701      0.75786 gtex__cerebellar_hemisphere__M015
gtex__cerebellar_hemisphere_...17       SET      28      0.18526     0.007367      0.16249      0.12712 gtex__cerebellar_hemisphere__M016
gtex__cerebellar_hemisphere_...18       SET      25     -0.29442    -0.011064      0.17803       0.9509 gtex__cerebellar_hemisphere__M017
gtex__cerebellar_hemisphere_...19       SET      26   -0.0076495  -0.00029314      0.18663      0.51635 gtex__cerebellar_hemisphere__M018
gtex__cerebellar_hemisphere_...20       SET      22      0.34469     0.012152      0.22093     0.059367 gtex__cerebellar_hemisphere__M019
gtex__cerebellar_hemisphere_...21       SET      20     -0.23616   -0.0079387      0.16653      0.92191 gtex__cerebellar_hemisphere__M020
gtex__cerebellar_hemisphere_...22       SET      14     0.011022   0.00031004      0.25061      0.48246 gtex__cerebellar_hemisphere__M021
gtex__cerebellum__M000                  SET    1179     0.029837    0.0074439     0.027393      0.13803 gtex__cerebellum__M000
gtex__cerebellum__M001                  SET     289     0.043997    0.0055791     0.050323      0.19098 gtex__cerebellum__M001
gtex__cerebellum__M002                  SET     251    -0.055187   -0.0065289     0.052037      0.85554 gtex__cerebellum__M002
gtex__cerebellum__M003                  SET     269     -0.03192   -0.0039073     0.052364      0.72892 gtex__cerebellum__M003
gtex__cerebellum__M004                  SET     210     0.037152     0.004025     0.059933      0.26767 gtex__cerebellum__M004
gtex__cerebellum__M005                  SET     200     0.034258    0.0036231     0.064222      0.29687 gtex__cerebellum__M005
gtex__cerebellum__M006                  SET     201     -0.08656    -0.009177     0.068124      0.89806 gtex__cerebellum__M006
gtex__cerebellum__M007                  SET     134    -0.028133     -0.00244     0.075067      0.64608 gtex__cerebellum__M007
gtex__cerebellum__M008                  SET     127     -0.03043   -0.0025698     0.075642      0.65626 gtex__cerebellum__M008
gtex__cerebellum__M009                  SET     132    -0.003576  -0.00030784     0.073426      0.51942 gtex__cerebellum__M009
gtex__cerebellum__M010                  SET     114     0.051234    0.0041009     0.083174      0.26896 gtex__cerebellum__M010
gtex__cerebellum__M011                  SET     115      0.17032     0.013692     0.086668     0.024704 gtex__cerebellum__M011
gtex__cerebellum__M012                  SET      65     0.010268   0.00062144      0.10619      0.46149 gtex__cerebellum__M012
gtex__cerebellum__M013                  SET      69    -0.067392    -0.004202      0.10723      0.73515 gtex__cerebellum__M013
gtex__cerebellum__M014                  SET      37     -0.06802   -0.0031085      0.14511      0.68037 gtex__cerebellum__M014
gtex__cerebellum__M015                  SET      40      0.10691    0.0050796      0.15954      0.25139 gtex__cerebellum__M015
gtex__cerebellum__M016                  SET      23     0.049787    0.0017946      0.17636      0.38885 gtex__cerebellum__M016
gtex__cerebellum__M017                  SET      23     -0.29516    -0.010639      0.20019       0.9298 gtex__cerebellum__M017
gtex__cerebellum__M018                  SET      18      0.17241    0.0054986      0.22482      0.22158 gtex__cerebellum__M018
gtex__cortex__M000                      SET    1510     0.061749     0.017259     0.024688    0.0061946 gtex__cortex__M000
gtex__cortex__M001                      SET     544    0.0053622   0.00092603     0.039819      0.44644 gtex__cortex__M001
gtex__cortex__M002                      SET     241    -0.041879   -0.0048562     0.060134      0.75692 gtex__cortex__M002
gtex__cortex__M003                      SET     215     0.027875    0.0030553     0.059882      0.32079 gtex__cortex__M003
gtex__cortex__M004                      SET     152    0.0082527   0.00076193     0.071767      0.45423 gtex__cortex__M004
gtex__cortex__M005                      SET     125    -0.033058   -0.0027699     0.075235      0.66981 gtex__cortex__M005
gtex__cortex__M006                      SET     121     0.017514    0.0014439     0.078531      0.41176 gtex__cortex__M006
gtex__cortex__M007                      SET     110    -0.022112   -0.0017388     0.080017      0.60886 gtex__cortex__M007
gtex__cortex__M008                      SET      96      0.23361     0.017168     0.099544    0.0094725 gtex__cortex__M008
gtex__cortex__M009                      SET      81    -0.044213   -0.0029858     0.099672      0.67132 gtex__cortex__M009
gtex__cortex__M010                      SET      69     0.036976    0.0023055     0.098139      0.35317 gtex__cortex__M010
gtex__cortex__M011                      SET      82     0.062586    0.0042525      0.10575      0.27699 gtex__cortex__M011
gtex__cortex__M012                      SET      71     0.011943   0.00075535      0.10366      0.45414 gtex__cortex__M012
gtex__cortex__M013                      SET      75    -0.024721   -0.0016068      0.10267      0.59514 gtex__cortex__M013
gtex__cortex__M014                      SET      67     0.042212    0.0025937      0.10603      0.34528 gtex__cortex__M014
gtex__cortex__M015                      SET      61     0.095001    0.0055708       0.1145      0.20336 gtex__cortex__M015
gtex__cortex__M016                      SET      49      0.22168     0.011654      0.12379     0.036681 gtex__cortex__M016
gtex__cortex__M017                      SET      55      0.04142    0.0023067      0.12706      0.37222 gtex__cortex__M017
gtex__cortex__M018                      SET      37      0.17304    0.0079079      0.15671      0.13476 gtex__cortex__M018
gtex__cortex__M019                      SET      29    -0.071579   -0.0028967      0.14856      0.68503 gtex__cortex__M019
gtex__cortex__M020                      SET      28     -0.14309     -0.00569       0.1892      0.77525 gtex__cortex__M020
gtex__cortex__M021                      SET      22     -0.13104   -0.0046197      0.19164      0.75294 gtex__cortex__M021
gtex__cortex__M022                      SET      18     -0.20841   -0.0066467      0.19334      0.85946 gtex__cortex__M022
gtex__cortex__M023                      SET      21    -0.047022   -0.0016197      0.20348      0.59138 gtex__cortex__M023
gtex__cortex__M024                      SET      18    -0.023295  -0.00074292      0.19909      0.54657 gtex__cortex__M024
gtex__frontal_cortex_ba9__M0...1        SET    2093     0.063721     0.020586     0.021345    0.0014183 gtex__frontal_cortex_ba9__M000
gtex__frontal_cortex_ba9__M0...2        SET    1062     0.076354     0.018143     0.029087    0.0043359 gtex__frontal_cortex_ba9__M001
gtex__frontal_cortex_ba9__M0...3        SET     509    -0.029092   -0.0048648      0.04296      0.75085 gtex__frontal_cortex_ba9__M002
gtex__frontal_cortex_ba9__M0...4        SET     506     0.043582    0.0072668     0.041797      0.14855 gtex__frontal_cortex_ba9__M003
gtex__frontal_cortex_ba9__M0...5        SET     380     0.013061    0.0018942     0.045578      0.38722 gtex__frontal_cortex_ba9__M004
gtex__frontal_cortex_ba9__M0...6        SET     139      0.12455        0.011     0.077683     0.054443 gtex__frontal_cortex_ba9__M005
gtex__frontal_cortex_ba9__M0...7        SET     130     0.064189     0.005484     0.077587      0.20404 gtex__frontal_cortex_ba9__M006
gtex__frontal_cortex_ba9__M0...8        SET     127   -0.0033305  -0.00028127     0.074231      0.51789 gtex__frontal_cortex_ba9__M007
gtex__frontal_cortex_ba9__M0...9        SET     104     0.056489    0.0043199     0.082352      0.24638 gtex__frontal_cortex_ba9__M008
gtex__frontal_cortex_ba9__M0...10       SET      88    -0.076009   -0.0053493     0.091269      0.79752 gtex__frontal_cortex_ba9__M009
gtex__frontal_cortex_ba9__M0...11       SET      71     0.041176    0.0026042       0.1078      0.35124 gtex__frontal_cortex_ba9__M010
gtex__frontal_cortex_ba9__M0...12       SET      71     0.024094    0.0015238      0.10218      0.40679 gtex__frontal_cortex_ba9__M011
gtex__frontal_cortex_ba9__M0...13       SET      62    -0.048363    -0.002859      0.11645      0.66104 gtex__frontal_cortex_ba9__M012
gtex__frontal_cortex_ba9__M0...14       SET      69       0.2659     0.016579      0.10737    0.0066397 gtex__frontal_cortex_ba9__M013
gtex__frontal_cortex_ba9__M0...15       SET      61      0.15267    0.0089527      0.10646      0.07578 gtex__frontal_cortex_ba9__M014
gtex__frontal_cortex_ba9__M0...16       SET      65     -0.11304   -0.0068417      0.12279      0.82136 gtex__frontal_cortex_ba9__M015
gtex__frontal_cortex_ba9__M0...17       SET      56   -0.0034299  -0.00019273      0.12433        0.511 gtex__frontal_cortex_ba9__M016
gtex__frontal_cortex_ba9__M0...18       SET      56    -0.023634   -0.0013281      0.13333      0.57035 gtex__frontal_cortex_ba9__M017
gtex__frontal_cortex_ba9__M0...19       SET      54     0.015707   0.00086677      0.11906      0.44752 gtex__frontal_cortex_ba9__M018
gtex__frontal_cortex_ba9__M0...20       SET      29     -0.16132   -0.0065283      0.15089      0.85748 gtex__frontal_cortex_ba9__M019
gtex__frontal_cortex_ba9__M0...21       SET      23      -0.2213    -0.007977      0.16836      0.90565 gtex__frontal_cortex_ba9__M020
gtex__frontal_cortex_ba9__M0...22       SET      22     -0.51814    -0.018267      0.18323      0.99765 gtex__frontal_cortex_ba9__M021
gtex__frontal_cortex_ba9__M0...23       SET      18      0.33625     0.010724      0.21747     0.061041 gtex__frontal_cortex_ba9__M022
gtex__frontal_cortex_ba9__M0...24       SET      18     -0.26743    -0.008529      0.22117      0.88669 gtex__frontal_cortex_ba9__M023
gtex__frontal_cortex_ba9__M0...25       SET      18      -0.2411   -0.0076893      0.21747      0.86621 gtex__frontal_cortex_ba9__M024
gtex__hippocampus__M000                 SET    1175     0.067321     0.016769     0.027285    0.0068109 gtex__hippocampus__M000
gtex__hippocampus__M001                 SET    1184     0.028572    0.0071422     0.026631      0.14167 gtex__hippocampus__M001
gtex__hippocampus__M002                 SET     364    -0.048399   -0.0068729     0.049915      0.83388 gtex__hippocampus__M002
gtex__hippocampus__M003                 SET     259     0.095094     0.011425      0.05762     0.049444 gtex__hippocampus__M003
gtex__hippocampus__M004                 SET     209    -0.036753   -0.0039724     0.059999      0.72991 gtex__hippocampus__M004
gtex__hippocampus__M005                 SET     180    -0.048512   -0.0048701      0.06385       0.7763 gtex__hippocampus__M005
gtex__hippocampus__M006                 SET     135    0.0088858   0.00077352     0.079734      0.45563 gtex__hippocampus__M006
gtex__hippocampus__M007                 SET     123      0.26224     0.021798     0.085535    0.0010868 gtex__hippocampus__M007
gtex__hippocampus__M008                 SET     111      0.14766     0.011664     0.091974     0.054202 gtex__hippocampus__M008
gtex__hippocampus__M009                 SET     111     0.027832    0.0021984     0.090579      0.37932 gtex__hippocampus__M009
gtex__hippocampus__M010                 SET      75     0.050901    0.0033083      0.11319      0.32647 gtex__hippocampus__M010
gtex__hippocampus__M011                 SET      70     -0.13082   -0.0082153      0.11118      0.88032 gtex__hippocampus__M011
gtex__hippocampus__M012                 SET      57      0.15704    0.0089025      0.11176     0.080006 gtex__hippocampus__M012
gtex__hippocampus__M013                 SET      50     -0.11773    -0.006252       0.1283      0.82058 gtex__hippocampus__M013
gtex__hippocampus__M014                 SET      51    -0.054149   -0.0029041      0.11523      0.68079 gtex__hippocampus__M014
gtex__hippocampus__M015                 SET      47     -0.14524   -0.0074787      0.11854      0.88974 gtex__hippocampus__M015
gtex__hippocampus__M016                 SET      41     -0.57058    -0.027446         0.15      0.99993 gtex__hippocampus__M016
gtex__hippocampus__M017                 SET      42      0.12369    0.0060214      0.13323      0.17662 gtex__hippocampus__M017
gtex__hippocampus__M018                 SET      36     -0.20113    -0.009067      0.14436      0.91823 gtex__hippocampus__M018
gtex__hippocampus__M019                 SET      38     -0.15455   -0.0071576      0.16631      0.82363 gtex__hippocampus__M019
gtex__hippocampus__M020                 SET      34     0.060706    0.0026597      0.13585      0.32748 gtex__hippocampus__M020
gtex__hippocampus__M021                 SET      34     -0.12171   -0.0053325      0.15714      0.78069 gtex__hippocampus__M021
gtex__hippocampus__M022                 SET      27      0.15118    0.0059037      0.16463      0.17923 gtex__hippocampus__M022
gtex__hippocampus__M023                 SET      30    0.0066074   0.00027195      0.15539      0.48304 gtex__hippocampus__M023
gtex__hippocampus__M024                 SET      29      0.11711    0.0047391      0.17979      0.25742 gtex__hippocampus__M024
gtex__hippocampus__M025                 SET      25     0.016824    0.0006322      0.19516      0.46565 gtex__hippocampus__M025
gtex__hippocampus__M026                 SET      19      0.19119    0.0062645      0.20376      0.17405 gtex__hippocampus__M026
gtex__hippocampus__M027                 SET      16      0.60872     0.018304      0.21761    0.0025791 gtex__hippocampus__M027
gtex__hypothalamus__M000                SET    1452     0.039792     0.010926     0.024819     0.054444 gtex__hypothalamus__M000
gtex__hypothalamus__M001                SET     875     0.016192     0.003512     0.030671      0.29877 gtex__hypothalamus__M001
gtex__hypothalamus__M002                SET     266     0.095044      0.01157     0.055526     0.043484 gtex__hypothalamus__M002
gtex__hypothalamus__M003                SET     263     0.070682    0.0085567      0.05677      0.10656 gtex__hypothalamus__M003
gtex__hypothalamus__M004                SET     200    0.0095478    0.0010098     0.060384      0.43718 gtex__hypothalamus__M004
gtex__hypothalamus__M005                SET     144     0.010642   0.00095655     0.072068       0.4413 gtex__hypothalamus__M005
gtex__hypothalamus__M006                SET     128     0.063567    0.0053893     0.080828      0.21581 gtex__hypothalamus__M006
gtex__hypothalamus__M007                SET     126     0.018296     0.001539       0.0782      0.40751 gtex__hypothalamus__M007
gtex__hypothalamus__M008                SET      95   -0.0030597  -0.00022369      0.08771      0.51391 gtex__hypothalamus__M008
gtex__hypothalamus__M009                SET      99      0.15292     0.011411     0.095596     0.054846 gtex__hypothalamus__M009
gtex__hypothalamus__M010                SET      74     -0.18661    -0.012048      0.10958       0.9557 gtex__hypothalamus__M010
gtex__hypothalamus__M011                SET      78     0.059243    0.0039264     0.094696      0.26579 gtex__hypothalamus__M011
gtex__hypothalamus__M012                SET      69    -0.054005   -0.0033673      0.09545      0.71423 gtex__hypothalamus__M012
gtex__hypothalamus__M013                SET      60     -0.15121   -0.0087941      0.10876      0.91777 gtex__hypothalamus__M013
gtex__hypothalamus__M014                SET      54     0.040464    0.0022329      0.12545      0.37352 gtex__hypothalamus__M014
gtex__hypothalamus__M015                SET      37     -0.11264   -0.0051475      0.15696       0.7635 gtex__hypothalamus__M015
gtex__hypothalamus__M016                SET      27       0.0952    0.0037175      0.20226      0.31893 gtex__hypothalamus__M016
gtex__hypothalamus__M017                SET      32     0.037547     0.001596      0.16057      0.40755 gtex__hypothalamus__M017
gtex__hypothalamus__M018                SET      31     0.053632    0.0022439      0.14887      0.35933 gtex__hypothalamus__M018
gtex__hypothalamus__M019                SET      27    -0.048492   -0.0018936      0.18801      0.60176 gtex__hypothalamus__M019
gtex__hypothalamus__M020                SET      27    -0.077777   -0.0030372      0.15329      0.69405 gtex__hypothalamus__M020
gtex__hypothalamus__M021                SET      21      0.23752    0.0081812      0.17241     0.084172 gtex__hypothalamus__M021
gtex__hypothalamus__M022                SET      28     -0.10439    -0.004151      0.18369      0.71507 gtex__hypothalamus__M022
gtex__hypothalamus__M023                SET      24      0.15759    0.0058023      0.19625        0.211 gtex__hypothalamus__M023
gtex__hypothalamus__M024                SET      25    -0.076937   -0.0028911      0.16042      0.68424 gtex__hypothalamus__M024
gtex__hypothalamus__M025                SET      25    -0.073555   -0.0027641      0.18938      0.65114 gtex__hypothalamus__M025
gtex__hypothalamus__M026                SET      21     0.062171    0.0021415       0.2178      0.38765 gtex__hypothalamus__M026
gtex__hypothalamus__M027                SET      21     -0.20474   -0.0070522      0.18222       0.8694 gtex__hypothalamus__M027
gtex__hypothalamus__M028                SET      14       -0.121   -0.0034038      0.24752      0.68753 gtex__hypothalamus__M028
gtex__nucleus_accumbens_basa...1        SET    1667     0.042877      0.01253     0.023179      0.03218 gtex__nucleus_accumbens_basal_ganglia__M000
gtex__nucleus_accumbens_basa...2        SET    1118     0.032307    0.0078634     0.028063      0.12482 gtex__nucleus_accumbens_basal_ganglia__M001
gtex__nucleus_accumbens_basa...3        SET     338    -0.029308   -0.0040135     0.050787      0.71805 gtex__nucleus_accumbens_basal_ganglia__M002
gtex__nucleus_accumbens_basa...4        SET     217     0.064436    0.0070949     0.057395      0.13079 gtex__nucleus_accumbens_basal_ganglia__M003
gtex__nucleus_accumbens_basa...5        SET     175     0.060414     0.005981     0.064643      0.17501 gtex__nucleus_accumbens_basal_ganglia__M004
gtex__nucleus_accumbens_basa...6        SET     101    0.0091391    0.0006888     0.092308      0.46057 gtex__nucleus_accumbens_basal_ganglia__M005
gtex__nucleus_accumbens_basa...7        SET     114      0.12125    0.0097054     0.084253     0.075063 gtex__nucleus_accumbens_basal_ganglia__M006
gtex__nucleus_accumbens_basa...8        SET      93    -0.039069   -0.0028262     0.095603       0.6586 gtex__nucleus_accumbens_basal_ganglia__M007
gtex__nucleus_accumbens_basa...9        SET      83      0.16311      0.01115      0.10745     0.064515 gtex__nucleus_accumbens_basal_ganglia__M008
gtex__nucleus_accumbens_basa...10       SET      57      -0.1249   -0.0070807      0.11475       0.8618 gtex__nucleus_accumbens_basal_ganglia__M009
gtex__nucleus_accumbens_basa...11       SET      61     0.021253    0.0012463      0.10242      0.41781 gtex__nucleus_accumbens_basal_ganglia__M010
gtex__nucleus_accumbens_basa...12       SET      43     -0.22403    -0.011035      0.14869      0.93405 gtex__nucleus_accumbens_basal_ganglia__M011
gtex__nucleus_accumbens_basa...13       SET      39      0.16781     0.007873       0.1373      0.11082 gtex__nucleus_accumbens_basal_ganglia__M012
gtex__nucleus_accumbens_basa...14       SET      44    -0.036973   -0.0018422      0.12043      0.62058 gtex__nucleus_accumbens_basal_ganglia__M013
gtex__nucleus_accumbens_basa...15       SET      36     -0.21916   -0.0098794      0.15431      0.92222 gtex__nucleus_accumbens_basal_ganglia__M014
gtex__nucleus_accumbens_basa...16       SET      35     0.021088   0.00093735      0.13645      0.43859 gtex__nucleus_accumbens_basal_ganglia__M015
gtex__nucleus_accumbens_basa...17       SET      34     0.015804    0.0006924      0.14718      0.45725 gtex__nucleus_accumbens_basal_ganglia__M016
gtex__nucleus_accumbens_basa...18       SET      27      0.27671     0.010806      0.15538     0.037476 gtex__nucleus_accumbens_basal_ganglia__M017
gtex__nucleus_accumbens_basa...19       SET      14     0.028875   0.00081224      0.22853      0.44973 gtex__nucleus_accumbens_basal_ganglia__M018
gtex__nucleus_accumbens_basa...20       SET      20     -0.20387   -0.0068531       0.2047      0.84035 gtex__nucleus_accumbens_basal_ganglia__M019
gtex__nucleus_accumbens_basa...21       SET      19      0.34933     0.011446      0.20234     0.042142 gtex__nucleus_accumbens_basal_ganglia__M020
gtex__putamen_basal_ganglia_...1        SET    1410     0.071893     0.019477     0.025369    0.0023024 gtex__putamen_basal_ganglia__M000
gtex__putamen_basal_ganglia_...2        SET     873     0.036574    0.0079241     0.031553      0.12321 gtex__putamen_basal_ganglia__M001
gtex__putamen_basal_ganglia_...3        SET     436     0.033507    0.0051967     0.044566      0.22608 gtex__putamen_basal_ganglia__M002
gtex__putamen_basal_ganglia_...4        SET     270     0.012296     0.001508     0.052175      0.40684 gtex__putamen_basal_ganglia__M003
gtex__putamen_basal_ganglia_...5        SET     243    -0.018911   -0.0022018     0.053808      0.63737 gtex__putamen_basal_ganglia__M004
gtex__putamen_basal_ganglia_...6        SET     172     0.087293    0.0085682     0.070002      0.10621 gtex__putamen_basal_ganglia__M005
gtex__putamen_basal_ganglia_...7        SET     156    -0.069163   -0.0064682     0.067684      0.84657 gtex__putamen_basal_ganglia__M006
gtex__putamen_basal_ganglia_...8        SET     139      0.11437     0.010101     0.078519     0.072629 gtex__putamen_basal_ganglia__M007
gtex__putamen_basal_ganglia_...9        SET     121   -0.0083752  -0.00069051     0.077328      0.54312 gtex__putamen_basal_ganglia__M008
gtex__putamen_basal_ganglia_...10       SET     115     0.023146    0.0018607     0.086455      0.39446 gtex__putamen_basal_ganglia__M009
gtex__putamen_basal_ganglia_...11       SET      84    -0.026102    -0.001795     0.092535      0.61106 gtex__putamen_basal_ganglia__M010
gtex__putamen_basal_ganglia_...12       SET      77    -0.031021   -0.0020428      0.10289      0.61848 gtex__putamen_basal_ganglia__M011
gtex__putamen_basal_ganglia_...13       SET      71    0.0068769   0.00043493     0.097969      0.47202 gtex__putamen_basal_ganglia__M012
gtex__putamen_basal_ganglia_...14       SET      58     -0.18154    -0.010381       0.1082       0.9533 gtex__putamen_basal_ganglia__M013
gtex__putamen_basal_ganglia_...15       SET      38     -0.10123   -0.0046881      0.14417       0.7587 gtex__putamen_basal_ganglia__M014
gtex__putamen_basal_ganglia_...16       SET      29      0.13446    0.0054413      0.18837      0.23768 gtex__putamen_basal_ganglia__M015
gtex__putamen_basal_ganglia_...17       SET      28      0.13584    0.0054016      0.17967      0.22482 gtex__putamen_basal_ganglia__M016
gtex__putamen_basal_ganglia_...18       SET      27     -0.16608   -0.0064854      0.17617      0.82709 gtex__putamen_basal_ganglia__M017
gtex__putamen_basal_ganglia_...19       SET      24     0.027686    0.0010194      0.17207      0.43609 gtex__putamen_basal_ganglia__M018
gtex__putamen_basal_ganglia_...20       SET      19     -0.23088   -0.0075649      0.20924      0.86508 gtex__putamen_basal_ganglia__M019
gtex__putamen_basal_ganglia_...21       SET      13       0.4526     0.012269       0.2518     0.036142 gtex__putamen_basal_ganglia__M020
gtex__putamen_basal_ganglia_...22       SET      15     -0.23937   -0.0069696      0.24496      0.83576 gtex__putamen_basal_ganglia__M021
gtex__spinal_cord_cervical_c...1        SET    1352     0.050328     0.013375     0.025449     0.023994 gtex__spinal_cord_cervical_c_1__M000
gtex__spinal_cord_cervical_c...2        SET     336     0.019546    0.0026689     0.052023      0.35356 gtex__spinal_cord_cervical_c_1__M001
gtex__spinal_cord_cervical_c...3        SET     312      0.10529     0.013864     0.051653     0.020761 gtex__spinal_cord_cervical_c_1__M002
gtex__spinal_cord_cervical_c...4        SET     166    -0.060404   -0.0058256      0.06724      0.81549 gtex__spinal_cord_cervical_c_1__M003
gtex__spinal_cord_cervical_c...5        SET     168   -0.0050743   -0.0004923     0.063488      0.53185 gtex__spinal_cord_cervical_c_1__M004
gtex__spinal_cord_cervical_c...6        SET     164     0.018604    0.0017835     0.070687       0.3962 gtex__spinal_cord_cervical_c_1__M005
gtex__spinal_cord_cervical_c...7        SET     157      0.16916      0.01587      0.07225    0.0096123 gtex__spinal_cord_cervical_c_1__M006
gtex__spinal_cord_cervical_c...8        SET      98     0.032298     0.002398     0.086551      0.35452 gtex__spinal_cord_cervical_c_1__M007
gtex__spinal_cord_cervical_c...9        SET      89     -0.13051   -0.0092365     0.097907      0.90872 gtex__spinal_cord_cervical_c_1__M008
gtex__spinal_cord_cervical_c...10       SET      95     0.029965    0.0021907      0.09378      0.37467 gtex__spinal_cord_cervical_c_1__M009
gtex__spinal_cord_cervical_c...11       SET      79     0.026098    0.0017407     0.098693      0.39572 gtex__spinal_cord_cervical_c_1__M010
gtex__spinal_cord_cervical_c...12       SET      78    -0.041969   -0.0027815      0.09317      0.67381 gtex__spinal_cord_cervical_c_1__M011
gtex__spinal_cord_cervical_c...13       SET      55     0.074344    0.0041402      0.11476      0.25856 gtex__spinal_cord_cervical_c_1__M012
gtex__spinal_cord_cervical_c...14       SET      45    0.0021405   0.00010786       0.1247      0.49315 gtex__spinal_cord_cervical_c_1__M013
gtex__spinal_cord_cervical_c...15       SET      40     0.055598    0.0026416      0.12948      0.33382 gtex__spinal_cord_cervical_c_1__M014
gtex__spinal_cord_cervical_c...16       SET      40      0.19741    0.0093794      0.13795     0.076223 gtex__spinal_cord_cervical_c_1__M015
gtex__spinal_cord_cervical_c...17       SET      36     -0.09558   -0.0043087       0.1428      0.74835 gtex__spinal_cord_cervical_c_1__M016
gtex__spinal_cord_cervical_c...18       SET      38      -0.1116   -0.0051683      0.12554      0.81298 gtex__spinal_cord_cervical_c_1__M017
gtex__spinal_cord_cervical_c...19       SET      28     -0.13017   -0.0051761      0.17693      0.76904 gtex__spinal_cord_cervical_c_1__M018
gtex__spinal_cord_cervical_c...20       SET      31      0.14274    0.0059719      0.16214      0.18934 gtex__spinal_cord_cervical_c_1__M019
gtex__spinal_cord_cervical_c...21       SET      29     0.068304    0.0027642      0.18094       0.3529 gtex__spinal_cord_cervical_c_1__M020
gtex__spinal_cord_cervical_c...22       SET      26     -0.24551   -0.0094082       0.1882      0.90396 gtex__spinal_cord_cervical_c_1__M021
gtex__spinal_cord_cervical_c...23       SET      27      0.22402    0.0087481      0.18305      0.11051 gtex__spinal_cord_cervical_c_1__M022
gtex__spinal_cord_cervical_c...24       SET      21     -0.16918   -0.0058273      0.17194      0.83742 gtex__spinal_cord_cervical_c_1__M023
gtex__spinal_cord_cervical_c...25       SET      18     -0.23778   -0.0075834       0.1859      0.89955 gtex__spinal_cord_cervical_c_1__M024
gtex__spinal_cord_cervical_c...26       SET      19     -0.10838    -0.003551       0.2219      0.68737 gtex__spinal_cord_cervical_c_1__M025
gtex__spinal_cord_cervical_c...27       SET      16     -0.14341   -0.0043123      0.23899      0.72576 gtex__spinal_cord_cervical_c_1__M026
gtex__substantia_nigra__M000            SET    1256     0.045523     0.011695     0.026382     0.042225 gtex__substantia_nigra__M000
gtex__substantia_nigra__M001            SET     748     0.024105    0.0048522     0.035084      0.24603 gtex__substantia_nigra__M001
gtex__substantia_nigra__M002            SET     300    -0.020829   -0.0026902     0.052702      0.65366 gtex__substantia_nigra__M002
gtex__substantia_nigra__M003            SET     249     -0.10895    -0.012838     0.055139       0.9759 gtex__substantia_nigra__M003
gtex__substantia_nigra__M004            SET     226     0.039812    0.0044724     0.059888      0.25311 gtex__substantia_nigra__M004
gtex__substantia_nigra__M005            SET     213     0.089298    0.0097425     0.064868     0.084327 gtex__substantia_nigra__M005
gtex__substantia_nigra__M006            SET     212    -0.025602   -0.0027867     0.059098      0.66756 gtex__substantia_nigra__M006
gtex__substantia_nigra__M007            SET      97      0.14677     0.010842     0.086315     0.044534 gtex__substantia_nigra__M007
gtex__substantia_nigra__M008            SET      88    -0.010104  -0.00071106     0.090251      0.54457 gtex__substantia_nigra__M008
gtex__substantia_nigra__M009            SET      74     -0.05747   -0.0037104      0.10625      0.70571 gtex__substantia_nigra__M009
gtex__substantia_nigra__M010            SET      81     0.074928    0.0050601     0.093992      0.21268 gtex__substantia_nigra__M010
gtex__substantia_nigra__M011            SET      77     0.028099    0.0018504      0.09544      0.38422 gtex__substantia_nigra__M011
gtex__substantia_nigra__M012            SET      69     0.062419    0.0038919      0.10958      0.28447 gtex__substantia_nigra__M012
gtex__substantia_nigra__M013            SET      55    -0.076599   -0.0042658       0.1213      0.73613 gtex__substantia_nigra__M013
gtex__substantia_nigra__M014            SET      53     0.032822    0.0017944      0.11659      0.38916 gtex__substantia_nigra__M014
gtex__substantia_nigra__M015            SET      49   -0.0063652  -0.00033464      0.12099      0.52098 gtex__substantia_nigra__M015
gtex__substantia_nigra__M016            SET      46     -0.13992   -0.0071281      0.13527      0.84952 gtex__substantia_nigra__M016
gtex__substantia_nigra__M017            SET      46    -0.048673   -0.0024795      0.12213      0.65488 gtex__substantia_nigra__M017
gtex__substantia_nigra__M018            SET      39    -0.081593    -0.003828      0.13956       0.7206 gtex__substantia_nigra__M018
gtex__substantia_nigra__M019            SET      40     -0.10523   -0.0049997       0.1428      0.76939 gtex__substantia_nigra__M019
gtex__substantia_nigra__M020            SET      42     0.090034    0.0043831      0.15846      0.28496 gtex__substantia_nigra__M020
gtex__substantia_nigra__M021            SET      28     -0.12151   -0.0048319      0.14823      0.79381 gtex__substantia_nigra__M021
gtex__substantia_nigra__M022            SET      22     -0.42485    -0.014978      0.19161      0.98669 gtex__substantia_nigra__M022
gtex__substantia_nigra__M023            SET      27      -0.1911   -0.0074623      0.20086       0.8293 gtex__substantia_nigra__M023
gtex__substantia_nigra__M024            SET      20     -0.30367    -0.010208      0.18554      0.94914 gtex__substantia_nigra__M024
gtex__substantia_nigra__M025            SET      19      0.16433    0.0053843      0.21327      0.22051 gtex__substantia_nigra__M025
gtex__substantia_nigra__M026            SET      17      0.42196     0.013079      0.22066     0.027931 gtex__substantia_nigra__M026
gtex__substantia_nigra__M027            SET      20     0.018719   0.00062925      0.20536      0.46369 gtex__substantia_nigra__M027
gtex__substantia_nigra__M028            SET      19      0.22689    0.0074343      0.20787      0.13753 gtex__substantia_nigra__M028
brainseq__caudate__M000                 SET     202      0.13078       0.0139     0.063182     0.019238 brainseq__caudate__M000
brainseq__caudate__M001                 SET     679     0.030203    0.0058043     0.036471       0.2038 brainseq__caudate__M001
brainseq__caudate__M002                 SET     620       0.1044     0.019205     0.038568     0.003399 brainseq__caudate__M002
brainseq__caudate__M003                 SET     610     0.075765     0.013829     0.037567     0.021867 brainseq__caudate__M003
brainseq__caudate__M004                 SET     426    -0.026559   -0.0040728     0.046573      0.71575 brainseq__caudate__M004
brainseq__caudate__M005                 SET     304     0.020108    0.0026141     0.049875      0.34341 brainseq__caudate__M005
brainseq__caudate__M006                 SET     293    0.0061657   0.00078715      0.05326      0.45392 brainseq__caudate__M006
brainseq__caudate__M007                 SET     217     0.052853    0.0058196      0.05809      0.18146 brainseq__caudate__M007
brainseq__caudate__M008                 SET     157      0.01116     0.001047     0.072111       0.4385 brainseq__caudate__M008
brainseq__caudate__M009                 SET     168     0.099553    0.0096584     0.071693     0.082487 brainseq__caudate__M009
brainseq__caudate__M010                 SET     116    -0.066861   -0.0053981     0.079184      0.80076 brainseq__caudate__M010
brainseq__caudate__M011                 SET     104    -0.057501   -0.0043972     0.088046      0.74314 brainseq__caudate__M011
brainseq__caudate__M012                 SET      99    0.0052494   0.00039172     0.087076      0.47596 brainseq__caudate__M012
brainseq__caudate__M013                 SET      49     0.095322    0.0050114      0.12316      0.21949 brainseq__caudate__M013
brainseq__caudate__M014                 SET      48      0.10206    0.0053107      0.13005       0.2163 brainseq__caudate__M014
brainseq__caudate__M015                 SET      46    -0.039425   -0.0020084      0.12862      0.62039 brainseq__caudate__M015
brainseq__caudate__M016                 SET      40      0.12385    0.0058845       0.1403      0.18869 brainseq__caudate__M016
brainseq__caudate__M017                 SET      38    -0.085156   -0.0039438      0.16098      0.70158 brainseq__caudate__M017
brainseq__caudate__M018                 SET      38   -0.0010062  -4.6601e-05      0.13828       0.5029 brainseq__caudate__M018
brainseq__caudate__M019                 SET      32       0.1202    0.0051091       0.1484      0.20899 brainseq__caudate__M019
brainseq__caudate__M020                 SET      29     0.061677    0.0024959      0.18559      0.36982 brainseq__caudate__M020
brainseq__caudate__M021                 SET      22       0.1867    0.0065819       0.1899      0.16278 brainseq__caudate__M021
brainseq__caudate__M022                 SET      25     -0.21032   -0.0079033      0.15821      0.90812 brainseq__caudate__M022
brainseq__caudate__M023                 SET      19       0.3126     0.010242      0.20748     0.065967 brainseq__caudate__M023
brainseq__caudate__M024                 SET      25      0.28673     0.010775       0.1669      0.04291 brainseq__caudate__M024
brainseq__caudate__M025                 SET      21      0.13613     0.004689      0.17966      0.22431 brainseq__caudate__M025
brainseq__caudate__M026                 SET      16      0.58799     0.017681      0.20791    0.0023439 brainseq__caudate__M026
brainseq__caudate__M027                 SET      19    -0.066623   -0.0021829      0.24393      0.60762 brainseq__caudate__M027
brainseq__hippocampus__M000             SET     466     0.062648     0.010036     0.044185     0.078126 brainseq__hippocampus__M000
brainseq__hippocampus__M001             SET     369    -0.083939       -0.012     0.048968      0.95674 brainseq__hippocampus__M001
brainseq__hippocampus__M002             SET     327    -0.011643   -0.0015688     0.048225      0.59539 brainseq__hippocampus__M002
brainseq__hippocampus__M003             SET     291    0.0014105   0.00017947     0.052294      0.48924 brainseq__hippocampus__M003
brainseq__hippocampus__M004             SET     206      0.15339     0.016461     0.067174     0.011209 brainseq__hippocampus__M004
brainseq__hippocampus__M005             SET     209      0.11457     0.012383     0.063015     0.034532 brainseq__hippocampus__M005
brainseq__hippocampus__M006             SET     189    -0.055896   -0.0057484     0.067242      0.79708 brainseq__hippocampus__M006
brainseq__hippocampus__M007             SET     188      0.13782     0.014137     0.063698     0.015251 brainseq__hippocampus__M007
brainseq__hippocampus__M008             SET     134     -0.11887    -0.010309      0.07995      0.93145 brainseq__hippocampus__M008
brainseq__hippocampus__M009             SET     122    -0.063056     -0.00522     0.076998      0.79358 brainseq__hippocampus__M009
brainseq__hippocampus__M010             SET     106      0.16186     0.012496     0.093845     0.042291 brainseq__hippocampus__M010
brainseq__hippocampus__M011             SET      99     0.021529    0.0016065     0.090372      0.40586 brainseq__hippocampus__M011
brainseq__hippocampus__M012             SET      78     0.075476    0.0050023      0.10109      0.22765 brainseq__hippocampus__M012
brainseq__hippocampus__M013             SET      81    -0.013143  -0.00088756      0.10234      0.55109 brainseq__hippocampus__M013
brainseq__hippocampus__M014             SET      75    -0.020151   -0.0013097      0.10466      0.57634 brainseq__hippocampus__M014
brainseq__hippocampus__M015             SET      81      0.18614     0.012571     0.097886      0.02862 brainseq__hippocampus__M015
brainseq__hippocampus__M016             SET      69    -0.017057   -0.0010635      0.10974      0.56176 brainseq__hippocampus__M016
brainseq__hippocampus__M017             SET      73      0.12532    0.0080362      0.10955      0.12633 brainseq__hippocampus__M017
brainseq__hippocampus__M018             SET      68       0.0272    0.0016837      0.10392      0.39676 brainseq__hippocampus__M018
brainseq__hippocampus__M019             SET      66      0.19036     0.011609      0.12574     0.065043 brainseq__hippocampus__M019
brainseq__hippocampus__M020             SET      60      0.25347     0.014741      0.11469     0.013557 brainseq__hippocampus__M020
brainseq__hippocampus__M021             SET      44     -0.07214   -0.0035945      0.12943      0.71135 brainseq__hippocampus__M021
brainseq__hippocampus__M022             SET      40      0.15227    0.0072349      0.15045      0.15575 brainseq__hippocampus__M022
brainseq__hippocampus__M023             SET      36      0.19441     0.008764      0.17215       0.1294 brainseq__hippocampus__M023
brainseq__hippocampus__M024             SET      33     0.012296   0.00053076      0.15008      0.46735 brainseq__hippocampus__M024
brainseq__hippocampus__M025             SET      37      0.13417    0.0061316      0.14185      0.17212 brainseq__hippocampus__M025
brainseq__hippocampus__M026             SET      34     0.052184    0.0022863      0.15341      0.36687 brainseq__hippocampus__M026
brainseq__hippocampus__M027             SET      34       0.3109     0.013621      0.17551     0.038256 brainseq__hippocampus__M027
brainseq__hippocampus__M028             SET      21      0.40063       0.0138      0.19875     0.021921 brainseq__hippocampus__M028
brainseq__hippocampus__M029             SET      20      0.21549    0.0072439      0.19899      0.13943 brainseq__hippocampus__M029
brainseq__hippocampus__M030             SET      21      0.26123     0.008998      0.22412      0.12189 brainseq__hippocampus__M030
brainseq__hippocampus__M031             SET      16   -0.0053784  -0.00016173      0.21022      0.51021 brainseq__hippocampus__M031
brainseq__dlpfc__M000                   SET     584     0.024401     0.004361     0.039755      0.26968 brainseq__dlpfc__M000
brainseq__dlpfc__M001                   SET     419      0.14018     0.021323     0.043685   0.00066753 brainseq__dlpfc__M001
brainseq__dlpfc__M002                   SET     365     0.081171     0.011542     0.050682     0.054634 brainseq__dlpfc__M002
brainseq__dlpfc__M003                   SET     328     0.030038    0.0040533     0.051431       0.2796 brainseq__dlpfc__M003
brainseq__dlpfc__M004                   SET     254    -0.021567   -0.0025665     0.055783      0.65048 brainseq__dlpfc__M004
brainseq__dlpfc__M005                   SET     216      0.14718     0.016168     0.062682    0.0094433 brainseq__dlpfc__M005
brainseq__dlpfc__M006                   SET     205     0.059267     0.006345     0.064226      0.17807 brainseq__dlpfc__M006
brainseq__dlpfc__M007                   SET     195     0.028976    0.0030264      0.06136      0.31838 brainseq__dlpfc__M007
brainseq__dlpfc__M008                   SET     186    -0.091936   -0.0093803     0.067317      0.91398 brainseq__dlpfc__M008
brainseq__dlpfc__M009                   SET     160     -0.13388    -0.012679      0.06939      0.97315 brainseq__dlpfc__M009
brainseq__dlpfc__M010                   SET     159    0.0085907   0.00081103     0.071865      0.45242 brainseq__dlpfc__M010
brainseq__dlpfc__M011                   SET     153    -0.086653   -0.0080262     0.072798      0.88303 brainseq__dlpfc__M011
brainseq__dlpfc__M012                   SET     131      -0.1259    -0.010797     0.078474      0.94567 brainseq__dlpfc__M012
brainseq__dlpfc__M013                   SET     134     0.047963    0.0041598     0.081053      0.27701 brainseq__dlpfc__M013
brainseq__dlpfc__M014                   SET     109   -0.0099449  -0.00077847     0.087447      0.54527 brainseq__dlpfc__M014
brainseq__dlpfc__M015                   SET     111     0.097163    0.0076748     0.084496       0.1251 brainseq__dlpfc__M015
brainseq__dlpfc__M016                   SET      98      0.03914     0.002906     0.089181      0.33038 brainseq__dlpfc__M016
brainseq__dlpfc__M017                   SET      91     0.099466    0.0071178     0.094671      0.14672 brainseq__dlpfc__M017
brainseq__dlpfc__M018                   SET      78     -0.08815   -0.0058423      0.10609      0.79698 brainseq__dlpfc__M018
brainseq__dlpfc__M019                   SET      78    0.0082274   0.00054528     0.098221      0.46662 brainseq__dlpfc__M019
brainseq__dlpfc__M020                   SET      68     0.045486    0.0028156      0.11355      0.34437 brainseq__dlpfc__M020
brainseq__dlpfc__M021                   SET      72     0.035859    0.0022838      0.10315      0.36406 brainseq__dlpfc__M021
brainseq__dlpfc__M022                   SET      70      0.16134     0.010132      0.10072     0.054603 brainseq__dlpfc__M022
brainseq__dlpfc__M023                   SET      72     0.087682    0.0055842      0.10253      0.19624 brainseq__dlpfc__M023
brainseq__dlpfc__M024                   SET      37       0.2269     0.010369      0.15308     0.069153 brainseq__dlpfc__M024
brainseq__dlpfc__M025                   SET      34      0.11092    0.0048598      0.14516      0.22239 brainseq__dlpfc__M025
brainseq__dlpfc__M026                   SET      34     0.080018    0.0035057      0.14732      0.29351 brainseq__dlpfc__M026
brainseq__dlpfc__M027                   SET      28     0.028347    0.0011272      0.17148      0.43435 brainseq__dlpfc__M027
brainseq__dlpfc__M028                   SET      33     0.012422   0.00053618      0.18369      0.47304 brainseq__dlpfc__M028
brainseq__dlpfc__M029                   SET      28     0.022905   0.00091084      0.16478      0.44472 brainseq__dlpfc__M029
brainseq__dlpfc__M030                   SET      24    -0.097498   -0.0035898      0.19265       0.6936 brainseq__dlpfc__M030
brainseq__dlpfc__M031                   SET      22      0.14746    0.0051985      0.18847      0.21699 brainseq__dlpfc__M031
brainseq__dlpfc__M032                   SET      22     -0.41708    -0.014704      0.18017      0.98969 brainseq__dlpfc__M032
brainseq__dlpfc__M033                   SET      20      0.29009    0.0097514      0.19114     0.064554 brainseq__dlpfc__M033
brainseq__dlpfc__M034                   SET      20    -0.051342   -0.0017259       0.2087      0.59716 brainseq__dlpfc__M034
brainseq__dlpfc__M035                   SET      18     0.031552    0.0010063      0.18197      0.43118 brainseq__dlpfc__M035
brainseq__dlpfc__M036                   SET      18     -0.18757    -0.005982      0.20676      0.81784 brainseq__dlpfc__M036
brainseq__dlpfc__M037                   SET      17      0.10399    0.0032231      0.23171      0.32679 brainseq__dlpfc__M037
brainseq__caudate_sczd__M000            SET     653     0.093878     0.017706     0.037487    0.0061391 brainseq__caudate_sczd__M000
brainseq__caudate_sczd__M001            SET     201     0.076904    0.0081533     0.062732      0.11013 brainseq__caudate_sczd__M001
brainseq__caudate_sczd__M002            SET     657     0.017928    0.0033913     0.037018      0.31409 brainseq__caudate_sczd__M002
brainseq__caudate_sczd__M003            SET     585     0.057172     0.010226     0.038727     0.069945 brainseq__caudate_sczd__M003
brainseq__caudate_sczd__M004            SET     395   -0.0088717   -0.0013112     0.047397      0.57424 brainseq__caudate_sczd__M004
brainseq__caudate_sczd__M005            SET     298     0.044482    0.0057263     0.050026      0.18696 brainseq__caudate_sczd__M005
brainseq__caudate_sczd__M006            SET     280    -0.020187   -0.0025203     0.052643      0.64931 brainseq__caudate_sczd__M006
brainseq__caudate_sczd__M007            SET      87     0.048692    0.0034073     0.098092      0.30981 brainseq__caudate_sczd__M007
brainseq__caudate_sczd__M008            SET     239   -0.0069806  -0.00080613     0.059587      0.54663 brainseq__caudate_sczd__M008
brainseq__caudate_sczd__M009            SET     202     0.054122    0.0057521     0.063395      0.19663 brainseq__caudate_sczd__M009
brainseq__caudate_sczd__M010            SET     122      0.11837    0.0097988     0.089265      0.09243 brainseq__caudate_sczd__M010
brainseq__caudate_sczd__M011            SET     119     -0.01092  -0.00089288     0.085651      0.55072 brainseq__caudate_sczd__M011
brainseq__caudate_sczd__M012            SET     100    0.0075089   0.00056314     0.085105      0.46485 brainseq__caudate_sczd__M012
brainseq__caudate_sczd__M013            SET      86     -0.12305   -0.0085611     0.085403      0.92517 brainseq__caudate_sczd__M013
brainseq__caudate_sczd__M014            SET      63     -0.11965   -0.0071298      0.12198      0.83668 brainseq__caudate_sczd__M014
brainseq__caudate_sczd__M015            SET      57      0.04719    0.0026752      0.12293      0.35054 brainseq__caudate_sczd__M015
brainseq__caudate_sczd__M016            SET      58    -0.004564  -0.00026099      0.10628      0.51713 brainseq__caudate_sczd__M016
brainseq__caudate_sczd__M017            SET      52      0.13555    0.0073407       0.1167      0.12272 brainseq__caudate_sczd__M017
brainseq__caudate_sczd__M018            SET      46      0.19327    0.0098457      0.12842     0.066179 brainseq__caudate_sczd__M018
brainseq__caudate_sczd__M019            SET      46      0.10823    0.0055136      0.14566      0.22873 brainseq__caudate_sczd__M019
brainseq__caudate_sczd__M020            SET      37      0.03189    0.0014574      0.12701      0.40088 brainseq__caudate_sczd__M020
brainseq__caudate_sczd__M021            SET      32       0.1152    0.0048966      0.13681      0.19989 brainseq__caudate_sczd__M021
brainseq__caudate_sczd__M022            SET      28     -0.20307   -0.0080751      0.17302      0.87973 brainseq__caudate_sczd__M022
brainseq__caudate_sczd__M023            SET      27      0.20181    0.0078805      0.18113      0.13261 brainseq__caudate_sczd__M023
brainseq__caudate_sczd__M024            SET      25    -0.081176   -0.0030504      0.17619       0.6775 brainseq__caudate_sczd__M024
brainseq__caudate_sczd__M025            SET      24     -0.11561   -0.0042569      0.19229      0.72616 brainseq__caudate_sczd__M025
brainseq__caudate_sczd__M026            SET      22      0.13814    0.0048701      0.18154      0.22335 brainseq__caudate_sczd__M026
brainseq__caudate_sczd__M027            SET      24    -0.077354   -0.0028481      0.18661      0.66075 brainseq__caudate_sczd__M027
brainseq__caudate_sczd__M028            SET      20      0.12469    0.0041916      0.21065      0.27696 brainseq__caudate_sczd__M028
brainseq__caudate_sczd__M029            SET      17      0.30241    0.0093732      0.22041     0.085031 brainseq__caudate_sczd__M029
brainseq__caudate_sczd__M030            SET      19    -0.029056  -0.00095203      0.20269      0.55699 brainseq__caudate_sczd__M030
brainseq__caudate_sczd__M031            SET      18     0.099656    0.0031782      0.19574      0.30534 brainseq__caudate_sczd__M031
brainseq__caudate_sczd__M032            SET      13      0.18131    0.0049148       0.2515      0.23548 brainseq__caudate_sczd__M032
