# TOTAL_GENES = 18040
# TEST_DIRECTION = one-sided, positive (set), two-sided (covar)
# CONDITIONED_INTERNAL = gene size, gene density, sample size, inverse mac, log(gene size), log(gene density), log(sample size), log(inverse mac)
VARIABLE                               TYPE  NGENES         BETA     BETA_STD           SE            P FULL_NAME
gtex__amygdala__M000                    SET     555     0.099347     0.017156     0.041416    0.0082298 gtex__amygdala__M000
gtex__amygdala__M001                    SET     377    0.0054912    0.0007855     0.049464       0.4558 gtex__amygdala__M001
gtex__amygdala__M002                    SET     340     0.015538     0.002113     0.048753      0.37498 gtex__amygdala__M002
gtex__amygdala__M003                    SET     239    -0.087674    -0.010025     0.059566      0.92947 gtex__amygdala__M003
gtex__amygdala__M004                    SET     227     0.019986    0.0022278     0.058736      0.36683 gtex__amygdala__M004
gtex__amygdala__M005                    SET     221     0.074033     0.008144     0.060473      0.11044 gtex__amygdala__M005
gtex__amygdala__M006                    SET     170   -0.0022058  -0.00021312     0.076484       0.5115 gtex__amygdala__M006
gtex__amygdala__M007                    SET     134    -0.030062   -0.0025813     0.082438      0.64232 gtex__amygdala__M007
gtex__amygdala__M008                    SET     123    -0.082526   -0.0067913     0.079544      0.85024 gtex__amygdala__M008
gtex__amygdala__M009                    SET     108    0.0068191   0.00052605     0.085076      0.46806 gtex__amygdala__M009
gtex__amygdala__M010                    SET     108    -0.025956   -0.0020023     0.093292      0.60958 gtex__amygdala__M010
gtex__amygdala__M011                    SET      86     0.073745    0.0050797      0.09996      0.23034 gtex__amygdala__M011
gtex__amygdala__M012                    SET      71      0.12581    0.0078772      0.10946      0.12522 gtex__amygdala__M012
gtex__amygdala__M013                    SET      54     -0.16162   -0.0088295      0.13822      0.87886 gtex__amygdala__M013
gtex__amygdala__M014                    SET      53     0.078197    0.0042324      0.11941      0.25629 gtex__amygdala__M014
gtex__amygdala__M015                    SET      41      0.10097    0.0048084      0.14536      0.24365 gtex__amygdala__M015
gtex__amygdala__M016                    SET      41     -0.16015   -0.0076265      0.14333      0.86807 gtex__amygdala__M016
gtex__amygdala__M017                    SET      34    0.0091298   0.00039599       0.1438      0.47469 gtex__amygdala__M017
gtex__amygdala__M018                    SET      17     -0.35398    -0.010862      0.25651       0.9162 gtex__amygdala__M018
gtex__amygdala__M019                    SET      26      -0.3646    -0.013832      0.17023      0.98389 gtex__amygdala__M019
gtex__amygdala__M020                    SET      14     0.064614    0.0017994       0.2442      0.39566 gtex__amygdala__M020
gtex__amygdala__M021                    SET      28     0.024047   0.00094666      0.18058      0.44703 gtex__amygdala__M021
gtex__amygdala__M022                    SET      26       0.0252   0.00095602       0.1739      0.44239 gtex__amygdala__M022
gtex__amygdala__M023                    SET      27    -0.019532  -0.00075508      0.17839      0.54359 gtex__amygdala__M023
gtex__amygdala__M024                    SET      19     -0.12692   -0.0041168      0.22103      0.71708 gtex__amygdala__M024
gtex__amygdala__M025                    SET      19      0.23429    0.0075996      0.20085      0.12172 gtex__amygdala__M025
gtex__anterior_cingulate_cor...1        SET     503      0.02646    0.0043565     0.042439      0.26648 gtex__anterior_cingulate_cortex_ba24__M000
gtex__anterior_cingulate_cor...2        SET     434     0.017947    0.0027501     0.047008      0.35131 gtex__anterior_cingulate_cortex_ba24__M001
gtex__anterior_cingulate_cor...3        SET     276     0.014367    0.0017635      0.05745      0.40126 gtex__anterior_cingulate_cortex_ba24__M002
gtex__anterior_cingulate_cor...4        SET     312     0.018281    0.0023833     0.052141      0.36295 gtex__anterior_cingulate_cortex_ba24__M003
gtex__anterior_cingulate_cor...5        SET     294    -0.056311   -0.0071301     0.055268      0.84586 gtex__anterior_cingulate_cortex_ba24__M004
gtex__anterior_cingulate_cor...6        SET     177    -0.093773   -0.0092431     0.068456      0.91462 gtex__anterior_cingulate_cortex_ba24__M005
gtex__anterior_cingulate_cor...7        SET     244    -0.052949   -0.0061163     0.060123      0.81075 gtex__anterior_cingulate_cortex_ba24__M006
gtex__anterior_cingulate_cor...8        SET     200    -0.062658   -0.0065609     0.063949       0.8364 gtex__anterior_cingulate_cortex_ba24__M007
gtex__anterior_cingulate_cor...9        SET     225      0.18341     0.020355     0.066882    0.0030545 gtex__anterior_cingulate_cortex_ba24__M008
gtex__anterior_cingulate_cor...10       SET     176    -0.018238   -0.0017926     0.068728      0.60463 gtex__anterior_cingulate_cortex_ba24__M009
gtex__anterior_cingulate_cor...11       SET     163     0.049656    0.0046988      0.07409      0.25137 gtex__anterior_cingulate_cortex_ba24__M010
gtex__anterior_cingulate_cor...12       SET     156      0.11404     0.010559     0.069636     0.050761 gtex__anterior_cingulate_cortex_ba24__M011
gtex__anterior_cingulate_cor...13       SET     114     0.029621    0.0023473     0.086153      0.36549 gtex__anterior_cingulate_cortex_ba24__M012
gtex__anterior_cingulate_cor...14       SET     142    -0.016445   -0.0014533     0.075154      0.58661 gtex__anterior_cingulate_cortex_ba24__M013
gtex__anterior_cingulate_cor...15       SET      98     0.052329    0.0038465     0.095735      0.29233 gtex__anterior_cingulate_cortex_ba24__M014
gtex__anterior_cingulate_cor...16       SET     112     0.050713    0.0039836     0.089022      0.28445 gtex__anterior_cingulate_cortex_ba24__M015
gtex__anterior_cingulate_cor...17       SET      97     0.029191    0.0021348     0.094616      0.37884 gtex__anterior_cingulate_cortex_ba24__M016
gtex__anterior_cingulate_cor...18       SET     110     -0.18263    -0.014218     0.083852      0.98529 gtex__anterior_cingulate_cortex_ba24__M017
gtex__anterior_cingulate_cor...19       SET      95      0.10032    0.0072613     0.098927      0.15527 gtex__anterior_cingulate_cortex_ba24__M018
gtex__anterior_cingulate_cor...20       SET      88      0.11623    0.0080985     0.096185      0.11345 gtex__anterior_cingulate_cortex_ba24__M019
gtex__anterior_cingulate_cor...21       SET      62  -0.00011168  -6.5364e-06      0.12178      0.50037 gtex__anterior_cingulate_cortex_ba24__M020
gtex__anterior_cingulate_cor...22       SET      56      0.12583    0.0070001      0.13141      0.16916 gtex__anterior_cingulate_cortex_ba24__M021
gtex__anterior_cingulate_cor...23       SET      63     -0.16408   -0.0096796       0.1127      0.92729 gtex__anterior_cingulate_cortex_ba24__M022
gtex__anterior_cingulate_cor...24       SET      65    -0.044226     -0.00265      0.11566       0.6489 gtex__anterior_cingulate_cortex_ba24__M023
gtex__anterior_cingulate_cor...25       SET      59     -0.16084   -0.0091833      0.11332      0.92208 gtex__anterior_cingulate_cortex_ba24__M024
gtex__anterior_cingulate_cor...26       SET      54    -0.066948   -0.0036575      0.12284      0.70712 gtex__anterior_cingulate_cortex_ba24__M025
gtex__anterior_cingulate_cor...27       SET      47    -0.064011   -0.0032631      0.13294      0.68492 gtex__anterior_cingulate_cortex_ba24__M026
gtex__anterior_cingulate_cor...28       SET      30      0.31122     0.012681      0.15493     0.022287 gtex__anterior_cingulate_cortex_ba24__M027
gtex__anterior_cingulate_cor...29       SET      35       0.1446    0.0063632       0.1417      0.15376 gtex__anterior_cingulate_cortex_ba24__M028
gtex__anterior_cingulate_cor...30       SET      20     0.020992   0.00069858      0.17624       0.4526 gtex__anterior_cingulate_cortex_ba24__M029
gtex__anterior_cingulate_cor...31       SET      28      0.16087    0.0063329       0.1826      0.18918 gtex__anterior_cingulate_cortex_ba24__M030
gtex__anterior_cingulate_cor...32       SET      25      0.22546    0.0083875      0.17755      0.10208 gtex__anterior_cingulate_cortex_ba24__M031
gtex__anterior_cingulate_cor...33       SET      19     -0.05054   -0.0016394      0.20779      0.59609 gtex__anterior_cingulate_cortex_ba24__M032
gtex__anterior_cingulate_cor...34       SET      25     0.046377    0.0017253      0.18372      0.40035 gtex__anterior_cingulate_cortex_ba24__M033
gtex__anterior_cingulate_cor...35       SET      25      0.44227     0.016453      0.20185     0.014229 gtex__anterior_cingulate_cortex_ba24__M034
gtex__anterior_cingulate_cor...36       SET      16    -0.079278     -0.00236      0.23788      0.63053 gtex__anterior_cingulate_cortex_ba24__M035
gtex__anterior_cingulate_cor...37       SET      21     -0.14644   -0.0049936      0.19404      0.77478 gtex__anterior_cingulate_cortex_ba24__M036
gtex__anterior_cingulate_cor...38       SET      21     -0.15773   -0.0053786      0.18492      0.80316 gtex__anterior_cingulate_cortex_ba24__M037
gtex__anterior_cingulate_cor...39       SET      22     -0.20183   -0.0070443      0.22459      0.81558 gtex__anterior_cingulate_cortex_ba24__M038
gtex__anterior_cingulate_cor...40       SET      18      0.35578     0.011233      0.21265     0.047168 gtex__anterior_cingulate_cortex_ba24__M039
gtex__anterior_cingulate_cor...41       SET      19       0.1014    0.0032891      0.19214      0.29885 gtex__anterior_cingulate_cortex_ba24__M040
gtex__anterior_cingulate_cor...42       SET      15     0.048985     0.001412      0.25344      0.42337 gtex__anterior_cingulate_cortex_ba24__M041
gtex__caudate_basal_ganglia_...1        SET     793    -0.014526   -0.0029779     0.034223      0.66438 gtex__caudate_basal_ganglia__M000
gtex__caudate_basal_ganglia_...2        SET     455    0.0034648   0.00054328     0.044284      0.46882 gtex__caudate_basal_ganglia__M001
gtex__caudate_basal_ganglia_...3        SET     387      0.13991     0.020271     0.048373    0.0019149 gtex__caudate_basal_ganglia__M002
gtex__caudate_basal_ganglia_...4        SET     314    -0.066984   -0.0087603      0.05575      0.88521 gtex__caudate_basal_ganglia__M003
gtex__caudate_basal_ganglia_...5        SET     336     0.025073    0.0033899     0.049358      0.30574 gtex__caudate_basal_ganglia__M004
gtex__caudate_basal_ganglia_...6        SET     276     0.044671    0.0054832     0.053295      0.20097 gtex__caudate_basal_ganglia__M005
gtex__caudate_basal_ganglia_...7        SET     170     0.039661     0.003832     0.074452      0.29712 gtex__caudate_basal_ganglia__M006
gtex__caudate_basal_ganglia_...8        SET     149    -0.070888   -0.0064159     0.074946      0.82788 gtex__caudate_basal_ganglia__M007
gtex__caudate_basal_ganglia_...9        SET     245      0.06009    0.0069552     0.063509      0.17204 gtex__caudate_basal_ganglia__M008
gtex__caudate_basal_ganglia_...10       SET     165   -0.0015724  -0.00014969     0.072367      0.50867 gtex__caudate_basal_ganglia__M009
gtex__caudate_basal_ganglia_...11       SET     184    -0.016337   -0.0016416     0.072898      0.58866 gtex__caudate_basal_ganglia__M010
gtex__caudate_basal_ganglia_...12       SET     136     0.075399    0.0065221     0.076723      0.16288 gtex__caudate_basal_ganglia__M011
gtex__caudate_basal_ganglia_...13       SET     126      0.11542    0.0096128     0.082734     0.081501 gtex__caudate_basal_ganglia__M012
gtex__caudate_basal_ganglia_...14       SET     101     0.065696     0.004902     0.093518      0.24119 gtex__caudate_basal_ganglia__M013
gtex__caudate_basal_ganglia_...15       SET     118      0.15569     0.012551     0.076021     0.020288 gtex__caudate_basal_ganglia__M014
gtex__caudate_basal_ganglia_...16       SET      86    -0.064507   -0.0044434      0.10477      0.73096 gtex__caudate_basal_ganglia__M015
gtex__caudate_basal_ganglia_...17       SET      89    -0.071602    -0.005017     0.089589      0.78792 gtex__caudate_basal_ganglia__M016
gtex__caudate_basal_ganglia_...18       SET      79      0.14833    0.0097946     0.097708     0.064503 gtex__caudate_basal_ganglia__M017
gtex__caudate_basal_ganglia_...19       SET      79     -0.16343    -0.010792      0.10262      0.94436 gtex__caudate_basal_ganglia__M018
gtex__caudate_basal_ganglia_...20       SET      65  -0.00079787  -4.7808e-05       0.1204      0.50264 gtex__caudate_basal_ganglia__M019
gtex__caudate_basal_ganglia_...21       SET      70     0.071834    0.0044661      0.10633      0.24966 gtex__caudate_basal_ganglia__M020
gtex__caudate_basal_ganglia_...22       SET      59      0.14569    0.0083185      0.12558      0.12301 gtex__caudate_basal_ganglia__M021
gtex__caudate_basal_ganglia_...23       SET      62     -0.13021   -0.0076203      0.12272      0.85566 gtex__caudate_basal_ganglia__M022
gtex__caudate_basal_ganglia_...24       SET      68     -0.21008    -0.012874      0.10745      0.97471 gtex__caudate_basal_ganglia__M023
gtex__caudate_basal_ganglia_...25       SET      63     -0.10971   -0.0064724      0.11236      0.83558 gtex__caudate_basal_ganglia__M024
gtex__caudate_basal_ganglia_...26       SET      64     0.096813    0.0057563      0.11402      0.19792 gtex__caudate_basal_ganglia__M025
gtex__caudate_basal_ganglia_...27       SET      47     -0.27028    -0.013778      0.13297      0.97895 gtex__caudate_basal_ganglia__M026
gtex__caudate_basal_ganglia_...28       SET      34    -0.084578   -0.0036684      0.16129      0.69999 gtex__caudate_basal_ganglia__M027
gtex__caudate_basal_ganglia_...29       SET      34     -0.19054   -0.0082644      0.16691      0.87317 gtex__caudate_basal_ganglia__M028
gtex__caudate_basal_ganglia_...30       SET      37      0.68483     0.030984      0.16347   1.4051e-05 gtex__caudate_basal_ganglia__M029
gtex__caudate_basal_ganglia_...31       SET      39     0.061816    0.0028712      0.15021      0.34035 gtex__caudate_basal_ganglia__M030
gtex__caudate_basal_ganglia_...32       SET      33     -0.51589    -0.022045      0.17134       0.9987 gtex__caudate_basal_ganglia__M031
gtex__caudate_basal_ganglia_...33       SET      29     -0.15076   -0.0060399      0.15102      0.84092 gtex__caudate_basal_ganglia__M032
gtex__caudate_basal_ganglia_...34       SET      15     0.081758    0.0023566      0.23745      0.36531 gtex__caudate_basal_ganglia__M033
gtex__caudate_basal_ganglia_...35       SET      24     -0.10323    -0.003763      0.17112      0.72683 gtex__caudate_basal_ganglia__M034
gtex__caudate_basal_ganglia_...36       SET      21    -0.061048   -0.0020817      0.18938      0.62641 gtex__caudate_basal_ganglia__M035
gtex__caudate_basal_ganglia_...37       SET      22   -0.0074793  -0.00026104      0.20752      0.51438 gtex__caudate_basal_ganglia__M036
gtex__caudate_basal_ganglia_...38       SET      11     -0.65206    -0.016097      0.29824       0.9856 gtex__caudate_basal_ganglia__M037
gtex__caudate_basal_ganglia_...39       SET      22     0.034934    0.0012192      0.18036      0.42321 gtex__caudate_basal_ganglia__M038
gtex__caudate_basal_ganglia_...40       SET      12     -0.13969   -0.0036017      0.28646       0.6871 gtex__caudate_basal_ganglia__M040
gtex__caudate_basal_ganglia_...41       SET      17    -0.070036    -0.002149       0.1997      0.63709 gtex__caudate_basal_ganglia__M041
gtex__cerebellar_hemisphere_...1        SET     710      0.01961    0.0038131     0.036399      0.29503 gtex__cerebellar_hemisphere__M000
gtex__cerebellar_hemisphere_...2        SET     669     0.033535    0.0063373     0.034231      0.16363 gtex__cerebellar_hemisphere__M001
gtex__cerebellar_hemisphere_...3        SET     409   -0.0025609  -0.00038121     0.045611      0.52239 gtex__cerebellar_hemisphere__M002
gtex__cerebellar_hemisphere_...4        SET     378     0.061928      0.00887     0.045486     0.086693 gtex__cerebellar_hemisphere__M003
gtex__cerebellar_hemisphere_...5        SET     409    -0.035871   -0.0053398     0.049962      0.76361 gtex__cerebellar_hemisphere__M004
gtex__cerebellar_hemisphere_...6        SET     257      0.10782     0.012777     0.057825      0.03113 gtex__cerebellar_hemisphere__M005
gtex__cerebellar_hemisphere_...7        SET     260     0.060277    0.0071843     0.057725       0.1482 gtex__cerebellar_hemisphere__M006
gtex__cerebellar_hemisphere_...8        SET     227    -0.051806   -0.0057748     0.058689       0.8113 gtex__cerebellar_hemisphere__M007
gtex__cerebellar_hemisphere_...9        SET     176     0.021178    0.0020816     0.066064      0.37427 gtex__cerebellar_hemisphere__M008
gtex__cerebellar_hemisphere_...10       SET     112    0.0020506   0.00016108     0.082928      0.49014 gtex__cerebellar_hemisphere__M009
gtex__cerebellar_hemisphere_...11       SET     153     -0.13719    -0.012581      0.08153      0.95377 gtex__cerebellar_hemisphere__M010
gtex__cerebellar_hemisphere_...12       SET      91      0.02993    0.0021204     0.091028      0.37116 gtex__cerebellar_hemisphere__M011
gtex__cerebellar_hemisphere_...13       SET      73      0.19574     0.012427      0.11738     0.047708 gtex__cerebellar_hemisphere__M012
gtex__cerebellar_hemisphere_...14       SET      71     -0.10997   -0.0068854      0.10296      0.85724 gtex__cerebellar_hemisphere__M013
gtex__cerebellar_hemisphere_...15       SET      43      0.23325     0.011374      0.13296     0.039695 gtex__cerebellar_hemisphere__M014
gtex__cerebellar_hemisphere_...16       SET      63     0.063621    0.0037533      0.11632      0.29221 gtex__cerebellar_hemisphere__M015
gtex__cerebellar_hemisphere_...17       SET      50     -0.10908    -0.005735       0.1291      0.80092 gtex__cerebellar_hemisphere__M016
gtex__cerebellar_hemisphere_...18       SET      45     0.023357    0.0011651      0.13978      0.43365 gtex__cerebellar_hemisphere__M017
gtex__cerebellar_hemisphere_...19       SET      48      0.12109    0.0062379      0.12641      0.16905 gtex__cerebellar_hemisphere__M018
gtex__cerebellar_hemisphere_...20       SET      47    -0.084991   -0.0043326      0.14579      0.72004 gtex__cerebellar_hemisphere__M019
gtex__cerebellar_hemisphere_...21       SET      30      0.17482    0.0071232      0.16046      0.13798 gtex__cerebellar_hemisphere__M020
gtex__cerebellar_hemisphere_...22       SET      35     0.097963    0.0043109      0.14635      0.25164 gtex__cerebellar_hemisphere__M021
gtex__cerebellar_hemisphere_...23       SET      37     -0.20892    -0.009452      0.13806      0.93488 gtex__cerebellar_hemisphere__M022
gtex__cerebellar_hemisphere_...24       SET      29     -0.11551   -0.0046276      0.16209      0.76195 gtex__cerebellar_hemisphere__M023
gtex__cerebellar_hemisphere_...25       SET      32     -0.14179   -0.0059666      0.15951      0.81296 gtex__cerebellar_hemisphere__M024
gtex__cerebellar_hemisphere_...26       SET      23      0.18969    0.0067692      0.18292      0.14986 gtex__cerebellar_hemisphere__M025
gtex__cerebellar_hemisphere_...27       SET      23      0.20798    0.0074217      0.18892      0.13547 gtex__cerebellar_hemisphere__M026
gtex__cerebellar_hemisphere_...28       SET      19     -0.27708   -0.0089876       0.2261      0.88979 gtex__cerebellar_hemisphere__M027
gtex__cerebellar_hemisphere_...29       SET      23     -0.17234     -0.00615      0.19884      0.80696 gtex__cerebellar_hemisphere__M028
gtex__cerebellum__M000                  SET     317     0.047454    0.0062352     0.053258      0.18646 gtex__cerebellum__M000
gtex__cerebellum__M001                  SET     302     0.034485    0.0044245     0.051401      0.25115 gtex__cerebellum__M001
gtex__cerebellum__M002                  SET     198    -0.016306   -0.0016989     0.070001      0.59209 gtex__cerebellum__M002
gtex__cerebellum__M003                  SET     128     0.019368    0.0016257     0.080757      0.40523 gtex__cerebellum__M003
gtex__cerebellum__M004                  SET     150    -0.070446   -0.0063971     0.074048      0.82928 gtex__cerebellum__M004
gtex__cerebellum__M005                  SET     105     0.026232    0.0019955      0.09308      0.38904 gtex__cerebellum__M005
gtex__cerebellum__M006                  SET      96     -0.19584    -0.014249     0.085833      0.98874 gtex__cerebellum__M006
gtex__cerebellum__M007                  SET      92     0.080016    0.0056997      0.10506      0.22315 gtex__cerebellum__M007
gtex__cerebellum__M008                  SET      91     -0.20144    -0.014271     0.090097      0.98731 gtex__cerebellum__M008
gtex__cerebellum__M009                  SET      87    -0.030556   -0.0021169      0.10749      0.61189 gtex__cerebellum__M009
gtex__cerebellum__M010                  SET      86     -0.14694    -0.010122     0.093654      0.94167 gtex__cerebellum__M010
gtex__cerebellum__M011                  SET      67     0.013534   0.00082331      0.11061      0.45131 gtex__cerebellum__M011
gtex__cerebellum__M012                  SET      75      0.22172     0.014267      0.10684     0.018992 gtex__cerebellum__M012
gtex__cerebellum__M013                  SET      60     -0.30709    -0.017681      0.13514      0.98846 gtex__cerebellum__M013
gtex__cerebellum__M014                  SET      65      0.10137    0.0060738       0.1139      0.18674 gtex__cerebellum__M014
gtex__cerebellum__M015                  SET      49    -0.046058   -0.0023972      0.13755      0.63112 gtex__cerebellum__M015
gtex__cerebellum__M016                  SET      45     0.047627    0.0023758      0.13316       0.3603 gtex__cerebellum__M016
gtex__cerebellum__M017                  SET      39      0.25477     0.011833      0.13989       0.0343 gtex__cerebellum__M017
gtex__cerebellum__M018                  SET      31      0.12987    0.0053793       0.1606      0.20935 gtex__cerebellum__M018
gtex__cerebellum__M019                  SET      34      0.16896    0.0073284      0.15793      0.14235 gtex__cerebellum__M019
gtex__cerebellum__M020                  SET      26     -0.17811    -0.006757      0.16878      0.85434 gtex__cerebellum__M020
gtex__cerebellum__M021                  SET      19      0.31592     0.010247      0.22733     0.082324 gtex__cerebellum__M021
gtex__cerebellum__M022                  SET      28     -0.27752    -0.010925      0.17697      0.94157 gtex__cerebellum__M022
gtex__cerebellum__M023                  SET      24      0.03521    0.0012835      0.20225       0.4309 gtex__cerebellum__M023
gtex__cerebellum__M024                  SET      26     0.091947    0.0034882        0.161      0.28397 gtex__cerebellum__M024
gtex__cerebellum__M025                  SET      24    0.0037212   0.00013564      0.17728      0.49163 gtex__cerebellum__M025
gtex__cerebellum__M026                  SET      25    -0.083042   -0.0030893       0.1761      0.68138 gtex__cerebellum__M026
gtex__cerebellum__M028                  SET      20      0.13185    0.0043878      0.22521      0.27912 gtex__cerebellum__M028
gtex__cerebellum__M029                  SET      21     -0.21901   -0.0074683      0.22027      0.83996 gtex__cerebellum__M029
gtex__cerebellum__M030                  SET      15     -0.07392   -0.0021307      0.24112      0.62041 gtex__cerebellum__M030
gtex__cortex__M000                      SET     342   -0.0052143  -0.00071113      0.05007      0.54147 gtex__cortex__M000
gtex__cortex__M001                      SET     174    -0.013672   -0.0013363     0.073424      0.57386 gtex__cortex__M001
gtex__cortex__M002                      SET     182     0.077786    0.0077737     0.068418      0.12779 gtex__cortex__M002
gtex__cortex__M003                      SET     127     0.076818    0.0064228     0.086152      0.18629 gtex__cortex__M003
gtex__cortex__M004                      SET     150      0.10082    0.0091557     0.074009     0.086557 gtex__cortex__M004
gtex__cortex__M005                      SET     150      0.15697     0.014254     0.077991     0.022082 gtex__cortex__M005
gtex__cortex__M006                      SET      81     0.069126    0.0046217        0.108      0.26108 gtex__cortex__M006
gtex__cortex__M007                      SET      52     -0.29083    -0.015592      0.13751      0.98278 gtex__cortex__M007
gtex__cortex__M008                      SET      94     0.010186    0.0007334     0.088686      0.45428 gtex__cortex__M008
gtex__cortex__M009                      SET     101      0.15145     0.011301     0.088401     0.043342 gtex__cortex__M009
gtex__cortex__M010                      SET      97      0.08518    0.0062294     0.094816       0.1845 gtex__cortex__M010
gtex__cortex__M011                      SET      74     0.031347    0.0020036      0.10786      0.38567 gtex__cortex__M011
gtex__cortex__M012                      SET      93    -0.036687   -0.0026274     0.089845      0.65849 gtex__cortex__M012
gtex__cortex__M013                      SET      42     -0.30673    -0.014783       0.1351       0.9884 gtex__cortex__M013
gtex__cortex__M014                      SET      79    -0.056683   -0.0037429      0.10072      0.71321 gtex__cortex__M014
gtex__cortex__M015                      SET      78     0.012252    0.0008039      0.10949      0.45545 gtex__cortex__M015
gtex__cortex__M016                      SET      79    -0.029443   -0.0019442      0.10056      0.61516 gtex__cortex__M016
gtex__cortex__M017                      SET      59    -0.069293   -0.0039564      0.12838      0.70532 gtex__cortex__M017
gtex__cortex__M018                      SET      56    -0.020627   -0.0011475      0.13291      0.56167 gtex__cortex__M018
gtex__cortex__M019                      SET      41      0.20904    0.0099544      0.14333     0.072376 gtex__cortex__M019
gtex__cortex__M020                      SET      38     -0.13753   -0.0063054      0.13559      0.84477 gtex__cortex__M020
gtex__cortex__M021                      SET      43     -0.29433    -0.014353      0.12823      0.98914 gtex__cortex__M021
gtex__cortex__M022                      SET      40     -0.23256    -0.010939      0.14564      0.94483 gtex__cortex__M022
gtex__cortex__M023                      SET      28     -0.14114   -0.0055565      0.18351      0.77909 gtex__cortex__M023
gtex__cortex__M024                      SET      24      0.15474    0.0056405      0.17567       0.1892 gtex__cortex__M024
gtex__cortex__M025                      SET      23      0.14337    0.0051162      0.18561      0.21993 gtex__cortex__M025
gtex__cortex__M026                      SET      23     -0.21303    -0.007602       0.2082      0.84689 gtex__cortex__M026
gtex__cortex__M027                      SET      24     0.088464    0.0032246      0.15584      0.28513 gtex__cortex__M027
gtex__cortex__M028                      SET      24   -0.0027317  -9.9572e-05      0.18087      0.50602 gtex__cortex__M028
gtex__cortex__M029                      SET      24    -0.080885   -0.0029484      0.18529      0.66877 gtex__cortex__M029
gtex__cortex__M030                      SET      22     0.036165    0.0012622      0.19756      0.42738 gtex__cortex__M030
gtex__cortex__M031                      SET      18      0.12868    0.0040629      0.22674      0.28517 gtex__cortex__M031
gtex__cortex__M032                      SET      22      -0.4485    -0.015653      0.19306      0.98991 gtex__cortex__M032
gtex__cortex__M033                      SET      18      0.42701     0.013482      0.21227     0.022135 gtex__cortex__M033
gtex__cortex__M034                      SET      22    -0.022579  -0.00078802      0.20115      0.54469 gtex__cortex__M034
gtex__cortex__M036                      SET      20      0.34374     0.011439      0.19298     0.037442 gtex__cortex__M036
gtex__frontal_cortex_ba9__M0...1        SET     682     0.032038    0.0061106     0.038097      0.20019 gtex__frontal_cortex_ba9__M000
gtex__frontal_cortex_ba9__M0...2        SET     599     0.070341     0.012603     0.038634     0.034336 gtex__frontal_cortex_ba9__M001
gtex__frontal_cortex_ba9__M0...3        SET     416     0.026663     0.004002     0.048514       0.2913 gtex__frontal_cortex_ba9__M002
gtex__frontal_cortex_ba9__M0...4        SET     383    -0.041705    -0.006012     0.046496      0.81512 gtex__frontal_cortex_ba9__M003
gtex__frontal_cortex_ba9__M0...5        SET     454    -0.028904   -0.0045273     0.045892      0.73559 gtex__frontal_cortex_ba9__M004
gtex__frontal_cortex_ba9__M0...6        SET     458     0.025965    0.0040845     0.040414      0.26029 gtex__frontal_cortex_ba9__M005
gtex__frontal_cortex_ba9__M0...7        SET     442    -0.001444  -0.00022324     0.044372      0.51298 gtex__frontal_cortex_ba9__M006
gtex__frontal_cortex_ba9__M0...8        SET     398     0.017707     0.002601     0.048083      0.35634 gtex__frontal_cortex_ba9__M007
gtex__frontal_cortex_ba9__M0...9        SET     275    -0.071544    -0.008766     0.056008      0.89926 gtex__frontal_cortex_ba9__M008
gtex__frontal_cortex_ba9__M0...10       SET     221      0.01232    0.0013552     0.060447      0.41925 gtex__frontal_cortex_ba9__M009
gtex__frontal_cortex_ba9__M0...11       SET     150     0.014535    0.0013199     0.077113      0.42525 gtex__frontal_cortex_ba9__M010
gtex__frontal_cortex_ba9__M0...12       SET     159     0.070566    0.0065958     0.073449      0.16834 gtex__frontal_cortex_ba9__M011
gtex__frontal_cortex_ba9__M0...13       SET     138      0.14964     0.013038     0.088053     0.044632 gtex__frontal_cortex_ba9__M012
gtex__frontal_cortex_ba9__M0...14       SET     122     0.055116    0.0045173     0.088574      0.26689 gtex__frontal_cortex_ba9__M013
gtex__frontal_cortex_ba9__M0...15       SET      68    -0.027113   -0.0016615      0.11262      0.59512 gtex__frontal_cortex_ba9__M014
gtex__frontal_cortex_ba9__M0...16       SET     130     -0.26582    -0.022485     0.078881      0.99962 gtex__frontal_cortex_ba9__M015
gtex__frontal_cortex_ba9__M0...17       SET     132    -0.022833   -0.0019461     0.076566      0.61723 gtex__frontal_cortex_ba9__M016
gtex__frontal_cortex_ba9__M0...18       SET     114    -0.085254   -0.0067559     0.082492       0.8493 gtex__frontal_cortex_ba9__M017
gtex__frontal_cortex_ba9__M0...19       SET     111    -0.043815   -0.0034264     0.086033      0.69472 gtex__frontal_cortex_ba9__M018
gtex__frontal_cortex_ba9__M0...20       SET     109    -0.052337    -0.004056     0.083983      0.73341 gtex__frontal_cortex_ba9__M019
gtex__frontal_cortex_ba9__M0...21       SET      92     0.016571    0.0011804     0.094952      0.43073 gtex__frontal_cortex_ba9__M020
gtex__frontal_cortex_ba9__M0...22       SET      61     -0.12953   -0.0075198      0.10901      0.88262 gtex__frontal_cortex_ba9__M021
gtex__frontal_cortex_ba9__M0...23       SET      86    -0.087675   -0.0060392     0.092022      0.82964 gtex__frontal_cortex_ba9__M022
gtex__frontal_cortex_ba9__M0...24       SET      82    -0.038622   -0.0025981      0.10221      0.64724 gtex__frontal_cortex_ba9__M023
gtex__frontal_cortex_ba9__M0...25       SET      73      0.23631     0.015002      0.11779     0.022428 gtex__frontal_cortex_ba9__M024
gtex__frontal_cortex_ba9__M0...26       SET      82     0.058537    0.0039377     0.085338      0.24638 gtex__frontal_cortex_ba9__M025
gtex__frontal_cortex_ba9__M0...27       SET      76    -0.079468   -0.0051473      0.10141      0.78337 gtex__frontal_cortex_ba9__M026
gtex__frontal_cortex_ba9__M0...28       SET      48     0.063965    0.0032952      0.12937       0.3105 gtex__frontal_cortex_ba9__M027
gtex__frontal_cortex_ba9__M0...29       SET      70    -0.019026   -0.0011829      0.12532      0.56034 gtex__frontal_cortex_ba9__M028
gtex__frontal_cortex_ba9__M0...30       SET      58     0.080107     0.004535      0.13432      0.27546 gtex__frontal_cortex_ba9__M029
gtex__frontal_cortex_ba9__M0...31       SET      66    -0.070615   -0.0042635      0.10301      0.75349 gtex__frontal_cortex_ba9__M030
gtex__frontal_cortex_ba9__M0...32       SET      50     0.017028   0.00089522      0.12584      0.44618 gtex__frontal_cortex_ba9__M031
gtex__frontal_cortex_ba9__M0...33       SET      55      0.11189     0.006169      0.12243      0.18038 gtex__frontal_cortex_ba9__M032
gtex__frontal_cortex_ba9__M0...34       SET      50    -0.093185   -0.0048992      0.14023      0.74682 gtex__frontal_cortex_ba9__M033
gtex__frontal_cortex_ba9__M0...35       SET      26      0.24472     0.009284      0.17817     0.084803 gtex__frontal_cortex_ba9__M034
gtex__frontal_cortex_ba9__M0...36       SET      39     -0.12632   -0.0058674      0.13652      0.82259 gtex__frontal_cortex_ba9__M035
gtex__frontal_cortex_ba9__M0...37       SET      40      0.30646     0.014415      0.15032     0.020751 gtex__frontal_cortex_ba9__M036
gtex__frontal_cortex_ba9__M0...38       SET      35      0.01911   0.00084093      0.15366      0.45051 gtex__frontal_cortex_ba9__M037
gtex__frontal_cortex_ba9__M0...39       SET      29     -0.10297   -0.0041254        0.143      0.76426 gtex__frontal_cortex_ba9__M038
gtex__frontal_cortex_ba9__M0...40       SET      23     0.090508    0.0032297      0.21458      0.33659 gtex__frontal_cortex_ba9__M039
gtex__frontal_cortex_ba9__M0...41       SET      24      0.25408    0.0092614      0.19856      0.10035 gtex__frontal_cortex_ba9__M040
gtex__frontal_cortex_ba9__M0...42       SET      26     -0.32124    -0.012187      0.17852      0.96402 gtex__frontal_cortex_ba9__M041
gtex__frontal_cortex_ba9__M0...43       SET      16      0.42126      0.01254      0.26837     0.058256 gtex__frontal_cortex_ba9__M042
gtex__frontal_cortex_ba9__M0...44       SET      22      0.10489    0.0036607      0.19658      0.29683 gtex__frontal_cortex_ba9__M043
gtex__frontal_cortex_ba9__M0...45       SET      23      0.44682     0.015945      0.18482    0.0078156 gtex__frontal_cortex_ba9__M044
gtex__frontal_cortex_ba9__M0...46       SET      19        0.216    0.0070063      0.22674       0.1704 gtex__frontal_cortex_ba9__M045
gtex__hippocampus__M000                 SET     812     0.051455     0.010668     0.032764     0.058163 gtex__hippocampus__M000
gtex__hippocampus__M001                 SET     532    -0.068219    -0.011541     0.041511      0.94984 gtex__hippocampus__M001
gtex__hippocampus__M002                 SET     422       0.0915      0.01383     0.046726     0.025109 gtex__hippocampus__M002
gtex__hippocampus__M003                 SET     319    -0.032494   -0.0042827     0.053052      0.72989 gtex__hippocampus__M003
gtex__hippocampus__M004                 SET     361     0.030252    0.0042365     0.048267      0.26541 gtex__hippocampus__M004
gtex__hippocampus__M005                 SET     360    -0.037686   -0.0052705     0.047317      0.78711 gtex__hippocampus__M005
gtex__hippocampus__M006                 SET     268     -0.11104    -0.013434     0.059864      0.96819 gtex__hippocampus__M006
gtex__hippocampus__M007                 SET     324     0.026693    0.0035451     0.051211       0.3011 gtex__hippocampus__M007
gtex__hippocampus__M008                 SET     203    -0.075911   -0.0080074     0.062837      0.88648 gtex__hippocampus__M008
gtex__hippocampus__M009                 SET     169   -0.0068352  -0.00065848     0.074612       0.5365 gtex__hippocampus__M009
gtex__hippocampus__M010                 SET     119      -0.0364   -0.0029467      0.09138      0.65481 gtex__hippocampus__M010
gtex__hippocampus__M011                 SET     133    -0.078967   -0.0067555      0.07548      0.85226 gtex__hippocampus__M011
gtex__hippocampus__M012                 SET     142      0.10409    0.0091984      0.08131      0.10026 gtex__hippocampus__M012
gtex__hippocampus__M013                 SET     105     -0.04136   -0.0031463     0.088101      0.68063 gtex__hippocampus__M013
gtex__hippocampus__M014                 SET      48   -0.0015217  -7.8389e-05      0.14859      0.50409 gtex__hippocampus__M014
gtex__hippocampus__M015                 SET      90    -0.041722   -0.0029396     0.099206      0.66296 gtex__hippocampus__M015
gtex__hippocampus__M016                 SET      76    -0.014602   -0.0009458      0.10745      0.55405 gtex__hippocampus__M016
gtex__hippocampus__M017                 SET      74    -0.061748   -0.0039468      0.10234      0.72686 gtex__hippocampus__M017
gtex__hippocampus__M018                 SET      75     -0.11899   -0.0076567        0.107      0.86695 gtex__hippocampus__M018
gtex__hippocampus__M019                 SET      59    -0.091374   -0.0052171      0.12167      0.77366 gtex__hippocampus__M019
gtex__hippocampus__M020                 SET      54    -0.020051   -0.0010954      0.12548      0.56347 gtex__hippocampus__M020
gtex__hippocampus__M021                 SET      51      0.23926     0.012704      0.12946     0.032299 gtex__hippocampus__M021
gtex__hippocampus__M022                 SET      57    -0.030034   -0.0016856      0.11039      0.60722 gtex__hippocampus__M022
gtex__hippocampus__M023                 SET      56      0.12405     0.006901      0.12778      0.16584 gtex__hippocampus__M023
gtex__hippocampus__M024                 SET      43    -0.078614   -0.0038336      0.14079       0.7117 gtex__hippocampus__M024
gtex__hippocampus__M025                 SET      33    -0.044269   -0.0018917      0.14985      0.61616 gtex__hippocampus__M025
gtex__hippocampus__M026                 SET      39    -0.059609   -0.0027687      0.13988        0.665 gtex__hippocampus__M026
gtex__hippocampus__M027                 SET      36     -0.10829   -0.0048329      0.16791      0.74051 gtex__hippocampus__M027
gtex__hippocampus__M028                 SET      40     0.038011     0.001788        0.138      0.39149 gtex__hippocampus__M028
gtex__hippocampus__M029                 SET      31      0.23223    0.0096189      0.15044     0.061343 gtex__hippocampus__M029
gtex__hippocampus__M030                 SET      26      0.12768    0.0048437      0.17705      0.23542 gtex__hippocampus__M030
gtex__hippocampus__M031                 SET      28     0.072409    0.0028506      0.15914      0.32456 gtex__hippocampus__M031
gtex__hippocampus__M032                 SET      26      0.14809     0.005618      0.18071      0.20627 gtex__hippocampus__M032
gtex__hippocampus__M033                 SET      21     0.063377    0.0021611       0.2087      0.38069 gtex__hippocampus__M033
gtex__hippocampus__M034                 SET      22     -0.30436    -0.010623      0.18581      0.94929 gtex__hippocampus__M034
gtex__hippocampus__M035                 SET      20      0.61409     0.020436      0.20481     0.001359 gtex__hippocampus__M035
gtex__hippocampus__M036                 SET      18      0.33493     0.010575      0.23797     0.079652 gtex__hippocampus__M036
gtex__hippocampus__M037                 SET      20     -0.14036    -0.004671      0.21361      0.74443 gtex__hippocampus__M037
gtex__hippocampus__M038                 SET      16      0.21516     0.006405      0.24479      0.18972 gtex__hippocampus__M038
gtex__hippocampus__M039                 SET      16     -0.19999   -0.0059534      0.25059      0.78758 gtex__hippocampus__M039
gtex__hippocampus__M040                 SET      15     0.093335    0.0026903      0.20157      0.32167 gtex__hippocampus__M040
gtex__hypothalamus__M000                SET     694      0.05773     0.011103     0.037172     0.060213 gtex__hypothalamus__M000
gtex__hypothalamus__M001                SET     887      0.06293     0.013607     0.032286     0.025649 gtex__hypothalamus__M001
gtex__hypothalamus__M002                SET     453    -0.072438    -0.011334     0.042422      0.95613 gtex__hypothalamus__M002
gtex__hypothalamus__M003                SET     226    -0.017163    -0.001909     0.062784      0.60771 gtex__hypothalamus__M003
gtex__hypothalamus__M004                SET     222     -0.12169    -0.013417     0.064834      0.96973 gtex__hypothalamus__M004
gtex__hypothalamus__M005                SET     194   -0.0027127   -0.0002798     0.063887      0.51693 gtex__hypothalamus__M005
gtex__hypothalamus__M006                SET     184    -0.026617   -0.0026745     0.073031      0.64224 gtex__hypothalamus__M006
gtex__hypothalamus__M007                SET     197    -0.054421    -0.005656     0.064426      0.80086 gtex__hypothalamus__M007
gtex__hypothalamus__M008                SET     112    -0.070222    -0.005516     0.087105      0.78992 gtex__hypothalamus__M008
gtex__hypothalamus__M009                SET     126     0.079578    0.0066275       0.0859      0.17712 gtex__hypothalamus__M009
gtex__hypothalamus__M010                SET      94    0.0074383   0.00053555      0.09315      0.46818 gtex__hypothalamus__M010
gtex__hypothalamus__M011                SET      99     0.029884    0.0022078     0.088893      0.36837 gtex__hypothalamus__M011
gtex__hypothalamus__M012                SET      82    0.0099986   0.00067259      0.10614      0.46248 gtex__hypothalamus__M012
gtex__hypothalamus__M013                SET      73    -0.061688   -0.0039163      0.10148      0.72837 gtex__hypothalamus__M013
gtex__hypothalamus__M014                SET      73      0.12882    0.0081782      0.10688      0.11405 gtex__hypothalamus__M014
gtex__hypothalamus__M015                SET      78    -0.017762   -0.0011654     0.098244      0.57173 gtex__hypothalamus__M015
gtex__hypothalamus__M016                SET      58    -0.021504   -0.0012174      0.11482      0.57428 gtex__hypothalamus__M016
gtex__hypothalamus__M017                SET      52     0.065652    0.0035198      0.12726      0.30297 gtex__hypothalamus__M017
gtex__hypothalamus__M018                SET      34     0.090251    0.0039145      0.15633      0.28187 gtex__hypothalamus__M018
gtex__hypothalamus__M019                SET      33    -0.053028    -0.002266      0.15408      0.63463 gtex__hypothalamus__M019
gtex__hypothalamus__M020                SET      31      0.37907     0.015701      0.16584     0.011138 gtex__hypothalamus__M020
gtex__hypothalamus__M021                SET      24    -0.047461     -0.00173      0.18915      0.59906 gtex__hypothalamus__M021
gtex__hypothalamus__M022                SET      20     -0.22254   -0.0074058       0.1998      0.86732 gtex__hypothalamus__M022
gtex__hypothalamus__M023                SET      24     -0.17932   -0.0065363      0.21228      0.80086 gtex__hypothalamus__M023
gtex__hypothalamus__M024                SET      23    -0.073983   -0.0026401      0.17964      0.65977 gtex__hypothalamus__M024
gtex__hypothalamus__M026                SET      20      -0.1289   -0.0042895      0.20861      0.73167 gtex__hypothalamus__M026
gtex__nucleus_accumbens_basa...1        SET    1015     0.054147     0.012478     0.030774     0.039252 gtex__nucleus_accumbens_basal_ganglia__M000
gtex__nucleus_accumbens_basa...2        SET     657    -0.042375   -0.0079383     0.036993      0.87398 gtex__nucleus_accumbens_basal_ganglia__M001
gtex__nucleus_accumbens_basa...3        SET     431      0.12726     0.019435     0.045789    0.0027267 gtex__nucleus_accumbens_basal_ganglia__M002
gtex__nucleus_accumbens_basa...4        SET     297    -0.052523   -0.0066837     0.052092      0.84333 gtex__nucleus_accumbens_basal_ganglia__M003
gtex__nucleus_accumbens_basa...5        SET     303    -0.011138   -0.0014313     0.051898      0.58496 gtex__nucleus_accumbens_basal_ganglia__M004
gtex__nucleus_accumbens_basa...6        SET     189     0.034597    0.0035227     0.067669      0.30458 gtex__nucleus_accumbens_basal_ganglia__M005
gtex__nucleus_accumbens_basa...7        SET     238    -0.023915   -0.0027287     0.061086      0.65228 gtex__nucleus_accumbens_basal_ganglia__M006
gtex__nucleus_accumbens_basa...8        SET     183    -0.067462   -0.0067602     0.071908      0.82592 gtex__nucleus_accumbens_basal_ganglia__M007
gtex__nucleus_accumbens_basa...9        SET     158    -0.024638   -0.0022957     0.076809       0.6258 gtex__nucleus_accumbens_basal_ganglia__M008
gtex__nucleus_accumbens_basa...10       SET     145     0.075258    0.0067201     0.076992      0.16417 gtex__nucleus_accumbens_basal_ganglia__M009
gtex__nucleus_accumbens_basa...11       SET      95      -0.1049   -0.0075924     0.088875      0.88105 gtex__nucleus_accumbens_basal_ganglia__M010
gtex__nucleus_accumbens_basa...12       SET      94     -0.08927   -0.0064273     0.095615      0.82475 gtex__nucleus_accumbens_basal_ganglia__M011
gtex__nucleus_accumbens_basa...13       SET      92     -0.11216   -0.0079893     0.098926      0.87155 gtex__nucleus_accumbens_basal_ganglia__M012
gtex__nucleus_accumbens_basa...14       SET      85      0.12459    0.0085324       0.1036      0.11458 gtex__nucleus_accumbens_basal_ganglia__M013
gtex__nucleus_accumbens_basa...15       SET      66     0.026458    0.0015975      0.11461      0.40871 gtex__nucleus_accumbens_basal_ganglia__M014
gtex__nucleus_accumbens_basa...16       SET      47     -0.11003   -0.0056089       0.1285      0.80405 gtex__nucleus_accumbens_basal_ganglia__M015
gtex__nucleus_accumbens_basa...17       SET      59      0.04123    0.0023541      0.11314      0.35777 gtex__nucleus_accumbens_basal_ganglia__M016
gtex__nucleus_accumbens_basa...18       SET      57   0.00035809   2.0097e-05      0.11771      0.49879 gtex__nucleus_accumbens_basal_ganglia__M017
gtex__nucleus_accumbens_basa...19       SET      45     0.044129    0.0022013      0.13492       0.3718 gtex__nucleus_accumbens_basal_ganglia__M018
gtex__nucleus_accumbens_basa...20       SET      44    -0.065502   -0.0032311      0.14833      0.67061 gtex__nucleus_accumbens_basal_ganglia__M019
gtex__nucleus_accumbens_basa...21       SET      34     0.093582     0.004059      0.14408        0.258 gtex__nucleus_accumbens_basal_ganglia__M020
gtex__nucleus_accumbens_basa...22       SET      33     0.074109    0.0031668      0.16383      0.32551 gtex__nucleus_accumbens_basal_ganglia__M021
gtex__nucleus_accumbens_basa...23       SET      24     -0.20501   -0.0074727      0.18016      0.87241 gtex__nucleus_accumbens_basal_ganglia__M022
gtex__nucleus_accumbens_basa...24       SET      29    -0.016063  -0.00064351      0.15019      0.54258 gtex__nucleus_accumbens_basal_ganglia__M023
gtex__nucleus_accumbens_basa...25       SET      23      0.22808    0.0081389       0.1823      0.10545 gtex__nucleus_accumbens_basal_ganglia__M024
gtex__nucleus_accumbens_basa...26       SET       3     -0.62722    -0.008088      0.40624      0.93869 gtex__nucleus_accumbens_basal_ganglia__M025
gtex__nucleus_accumbens_basa...27       SET      24     -0.23814   -0.0086805      0.19726      0.88633 gtex__nucleus_accumbens_basal_ganglia__M026
gtex__nucleus_accumbens_basa...28       SET      14      0.13369    0.0037229      0.24775      0.29474 gtex__nucleus_accumbens_basal_ganglia__M027
gtex__nucleus_accumbens_basa...29       SET      16     -0.18567   -0.0055272       0.2039      0.81875 gtex__nucleus_accumbens_basal_ganglia__M028
gtex__nucleus_accumbens_basa...30       SET      21     0.052294    0.0017832      0.21066      0.40198 gtex__nucleus_accumbens_basal_ganglia__M029
gtex__nucleus_accumbens_basa...31       SET      17      0.10815    0.0033184      0.20189      0.29609 gtex__nucleus_accumbens_basal_ganglia__M030
gtex__nucleus_accumbens_basa...32       SET      20      0.13974    0.0046503       0.1871      0.22758 gtex__nucleus_accumbens_basal_ganglia__M031
gtex__putamen_basal_ganglia_...1        SET     674      0.02203     0.004178     0.038172      0.28193 gtex__putamen_basal_ganglia__M000
gtex__putamen_basal_ganglia_...2        SET     464      0.11813     0.018701     0.043619    0.0033852 gtex__putamen_basal_ganglia__M001
gtex__putamen_basal_ganglia_...3        SET     419     0.081423     0.012264     0.041023      0.02359 gtex__putamen_basal_ganglia__M002
gtex__putamen_basal_ganglia_...4        SET     262    -0.028758   -0.0034405     0.054379      0.70154 gtex__putamen_basal_ganglia__M003
gtex__putamen_basal_ganglia_...5        SET     336      0.01675    0.0022646     0.049009      0.36626 gtex__putamen_basal_ganglia__M004
gtex__putamen_basal_ganglia_...6        SET     179    -0.080547   -0.0079837     0.073496      0.86344 gtex__putamen_basal_ganglia__M005
gtex__putamen_basal_ganglia_...7        SET     291       0.1406     0.017713      0.05494    0.0052503 gtex__putamen_basal_ganglia__M006
gtex__putamen_basal_ganglia_...8        SET     272    0.0086112    0.0010494     0.057323      0.44029 gtex__putamen_basal_ganglia__M007
gtex__putamen_basal_ganglia_...9        SET     226      0.12754     0.014186     0.069051     0.032378 gtex__putamen_basal_ganglia__M008
gtex__putamen_basal_ganglia_...10       SET     208      0.03501    0.0037377     0.067645      0.30238 gtex__putamen_basal_ganglia__M009
gtex__putamen_basal_ganglia_...11       SET     238    -0.020034    -0.002286      0.05944      0.63196 gtex__putamen_basal_ganglia__M010
gtex__putamen_basal_ganglia_...12       SET     140    -0.054542   -0.0047862     0.076254      0.76277 gtex__putamen_basal_ganglia__M011
gtex__putamen_basal_ganglia_...13       SET     128    -0.076392   -0.0064121     0.087544      0.80856 gtex__putamen_basal_ganglia__M012
gtex__putamen_basal_ganglia_...14       SET      99     0.099253    0.0073326     0.092292       0.1411 gtex__putamen_basal_ganglia__M013
gtex__putamen_basal_ganglia_...15       SET     118    -0.043616   -0.0035161     0.081772      0.70311 gtex__putamen_basal_ganglia__M014
gtex__putamen_basal_ganglia_...16       SET     110     0.066449    0.0051731     0.092506      0.23629 gtex__putamen_basal_ganglia__M015
gtex__putamen_basal_ganglia_...17       SET      63     -0.11596   -0.0068406      0.12467      0.82383 gtex__putamen_basal_ganglia__M016
gtex__putamen_basal_ganglia_...18       SET      83    -0.083225   -0.0056323      0.10465      0.78676 gtex__putamen_basal_ganglia__M017
gtex__putamen_basal_ganglia_...19       SET      89     -0.14009   -0.0098156     0.094177      0.93155 gtex__putamen_basal_ganglia__M018
gtex__putamen_basal_ganglia_...20       SET      72      0.09665    0.0060939      0.11347      0.19718 gtex__putamen_basal_ganglia__M019
gtex__putamen_basal_ganglia_...21       SET      80    -0.049374   -0.0032807     0.095284      0.69783 gtex__putamen_basal_ganglia__M020
gtex__putamen_basal_ganglia_...22       SET      79      -0.1859    -0.012275     0.096993      0.97235 gtex__putamen_basal_ganglia__M021
gtex__putamen_basal_ganglia_...23       SET      77     0.068172    0.0044444     0.092628      0.23088 gtex__putamen_basal_ganglia__M022
gtex__putamen_basal_ganglia_...24       SET      72     -0.10097   -0.0063661      0.10544      0.83085 gtex__putamen_basal_ganglia__M023
gtex__putamen_basal_ganglia_...25       SET      66    -0.052956   -0.0031973      0.11216      0.68158 gtex__putamen_basal_ganglia__M024
gtex__putamen_basal_ganglia_...26       SET      62      0.16883    0.0098807      0.11683      0.07423 gtex__putamen_basal_ganglia__M025
gtex__putamen_basal_ganglia_...27       SET      56    -0.026569   -0.0014781      0.11897      0.58836 gtex__putamen_basal_ganglia__M026
gtex__putamen_basal_ganglia_...28       SET      47     0.086429    0.0044059      0.14111      0.27011 gtex__putamen_basal_ganglia__M027
gtex__putamen_basal_ganglia_...29       SET      35     -0.10839   -0.0047696       0.1554      0.75724 gtex__putamen_basal_ganglia__M028
gtex__putamen_basal_ganglia_...30       SET      46     -0.10085   -0.0050861      0.13674      0.76959 gtex__putamen_basal_ganglia__M029
gtex__putamen_basal_ganglia_...31       SET      38    0.0099121   0.00045446      0.16021      0.47533 gtex__putamen_basal_ganglia__M030
gtex__putamen_basal_ganglia_...32       SET      29       0.1504    0.0060254      0.16522      0.18135 gtex__putamen_basal_ganglia__M031
gtex__putamen_basal_ganglia_...33       SET      31     0.087455    0.0036223      0.16314      0.29596 gtex__putamen_basal_ganglia__M032
gtex__putamen_basal_ganglia_...34       SET      24      -0.3334    -0.012153       0.1918      0.95891 gtex__putamen_basal_ganglia__M033
gtex__putamen_basal_ganglia_...35       SET      29     0.094025    0.0037669      0.15648      0.27396 gtex__putamen_basal_ganglia__M034
gtex__putamen_basal_ganglia_...36       SET      25     -0.18573   -0.0069094      0.21099      0.81064 gtex__putamen_basal_ganglia__M035
gtex__putamen_basal_ganglia_...37       SET      22    0.0061292   0.00021392      0.17645      0.48615 gtex__putamen_basal_ganglia__M036
gtex__putamen_basal_ganglia_...38       SET      17      0.18194    0.0055827      0.23845      0.22273 gtex__putamen_basal_ganglia__M037
gtex__putamen_basal_ganglia_...39       SET      19      0.01825   0.00059197      0.21499      0.46618 gtex__putamen_basal_ganglia__M039
gtex__putamen_basal_ganglia_...40       SET      16     0.055352    0.0016478      0.17924      0.37873 gtex__putamen_basal_ganglia__M040
gtex__spinal_cord_cervical_c...1        SET     714     0.057526     0.011216       0.0356     0.053068 gtex__spinal_cord_cervical_c_1__M000
gtex__spinal_cord_cervical_c...2        SET     506    -0.038957   -0.0064325     0.040426      0.83239 gtex__spinal_cord_cervical_c_1__M001
gtex__spinal_cord_cervical_c...3        SET     509    -0.014332   -0.0023732      0.04425      0.62698 gtex__spinal_cord_cervical_c_1__M002
gtex__spinal_cord_cervical_c...4        SET     355    -0.050866   -0.0070651     0.053458      0.82932 gtex__spinal_cord_cervical_c_1__M003
gtex__spinal_cord_cervical_c...5        SET     255    -0.044683   -0.0052749     0.057882      0.77993 gtex__spinal_cord_cervical_c_1__M004
gtex__spinal_cord_cervical_c...6        SET     169     -0.10366   -0.0099865     0.068437      0.93507 gtex__spinal_cord_cervical_c_1__M005
gtex__spinal_cord_cervical_c...7        SET     122     -0.11289   -0.0092526     0.088206      0.89969 gtex__spinal_cord_cervical_c_1__M006
gtex__spinal_cord_cervical_c...8        SET     101   -0.0039823  -0.00029714     0.092012      0.51726 gtex__spinal_cord_cervical_c_1__M007
gtex__spinal_cord_cervical_c...9        SET     122    -0.094375    -0.007735     0.083975      0.86945 gtex__spinal_cord_cervical_c_1__M008
gtex__spinal_cord_cervical_c...10       SET      91    -0.071116   -0.0050383     0.094035      0.77525 gtex__spinal_cord_cervical_c_1__M009
gtex__spinal_cord_cervical_c...11       SET     105     0.016475    0.0012533      0.09223      0.42912 gtex__spinal_cord_cervical_c_1__M010
gtex__spinal_cord_cervical_c...12       SET     111      0.13089     0.010235     0.092137     0.077732 gtex__spinal_cord_cervical_c_1__M011
gtex__spinal_cord_cervical_c...13       SET      48    -0.010632  -0.00054772      0.13334      0.53178 gtex__spinal_cord_cervical_c_1__M012
gtex__spinal_cord_cervical_c...14       SET      69     0.076827    0.0047424      0.11502      0.25209 gtex__spinal_cord_cervical_c_1__M013
gtex__spinal_cord_cervical_c...15       SET      69    -0.039479    -0.002437      0.10652      0.64453 gtex__spinal_cord_cervical_c_1__M014
gtex__spinal_cord_cervical_c...16       SET      67     0.032703    0.0019893      0.11968      0.39233 gtex__spinal_cord_cervical_c_1__M015
gtex__spinal_cord_cervical_c...17       SET      59      0.10551    0.0060241      0.12727      0.20356 gtex__spinal_cord_cervical_c_1__M016
gtex__spinal_cord_cervical_c...18       SET      57     -0.13541   -0.0075995      0.11832      0.87376 gtex__spinal_cord_cervical_c_1__M017
gtex__spinal_cord_cervical_c...19       SET      50     -0.17282   -0.0090861      0.12393       0.9184 gtex__spinal_cord_cervical_c_1__M018
gtex__spinal_cord_cervical_c...20       SET      32      -0.2962    -0.012464      0.15397       0.9728 gtex__spinal_cord_cervical_c_1__M019
gtex__spinal_cord_cervical_c...21       SET      46  -0.00052828  -2.6643e-05      0.12113      0.50174 gtex__spinal_cord_cervical_c_1__M020
gtex__spinal_cord_cervical_c...22       SET      35     -0.33025    -0.014533      0.14544      0.98841 gtex__spinal_cord_cervical_c_1__M021
gtex__spinal_cord_cervical_c...23       SET      32     -0.26412    -0.011114      0.17307      0.93649 gtex__spinal_cord_cervical_c_1__M022
gtex__spinal_cord_cervical_c...24       SET      26    -0.051776   -0.0019643      0.18241      0.61173 gtex__spinal_cord_cervical_c_1__M023
gtex__spinal_cord_cervical_c...25       SET      28      0.16769    0.0066017       0.1786      0.17389 gtex__spinal_cord_cervical_c_1__M024
gtex__spinal_cord_cervical_c...26       SET      27     0.079782    0.0030843      0.17494      0.32418 gtex__spinal_cord_cervical_c_1__M025
gtex__spinal_cord_cervical_c...27       SET      24     0.079628    0.0029025      0.17685      0.32627 gtex__spinal_cord_cervical_c_1__M026
gtex__spinal_cord_cervical_c...28       SET      20      0.32101     0.010683      0.19165     0.046984 gtex__spinal_cord_cervical_c_1__M027
gtex__spinal_cord_cervical_c...29       SET      22     -0.20892   -0.0072917        0.224      0.82451 gtex__spinal_cord_cervical_c_1__M028
gtex__spinal_cord_cervical_c...30       SET      22     -0.11058   -0.0038595      0.18294      0.72724 gtex__spinal_cord_cervical_c_1__M029
gtex__spinal_cord_cervical_c...31       SET      19      0.14332    0.0046489      0.22018      0.25755 gtex__spinal_cord_cervical_c_1__M030
gtex__substantia_nigra__M000            SET     677     0.030125    0.0057254     0.036574      0.20507 gtex__substantia_nigra__M000
gtex__substantia_nigra__M001            SET     297    -0.017401   -0.0022144     0.052974      0.62873 gtex__substantia_nigra__M001
gtex__substantia_nigra__M002            SET     329     0.051653    0.0069118     0.052751      0.16375 gtex__substantia_nigra__M002
gtex__substantia_nigra__M003            SET     326     0.033564    0.0044711     0.052095       0.2597 gtex__substantia_nigra__M003
gtex__substantia_nigra__M004            SET     196    -0.054417   -0.0056414     0.063171      0.80549 gtex__substantia_nigra__M004
gtex__substantia_nigra__M005            SET     175     0.075563    0.0074063     0.076037      0.16018 gtex__substantia_nigra__M005
gtex__substantia_nigra__M006            SET     188      0.11925      0.01211     0.068428     0.040702 gtex__substantia_nigra__M006
gtex__substantia_nigra__M007            SET     136     -0.10654   -0.0092158     0.075654      0.92046 gtex__substantia_nigra__M007
gtex__substantia_nigra__M008            SET     136    0.0043447   0.00037582     0.075033      0.47691 gtex__substantia_nigra__M008
gtex__substantia_nigra__M009            SET     106     0.062328    0.0047638     0.095278       0.2565 gtex__substantia_nigra__M009
gtex__substantia_nigra__M010            SET     102    -0.039643   -0.0029726      0.10151      0.65193 gtex__substantia_nigra__M010
gtex__substantia_nigra__M011            SET     100    -0.014208   -0.0010549     0.097834      0.55773 gtex__substantia_nigra__M011
gtex__substantia_nigra__M012            SET      97     0.011821    0.0008645      0.09186       0.4488 gtex__substantia_nigra__M012
gtex__substantia_nigra__M013            SET      90     -0.10639   -0.0074962     0.088774      0.88462 gtex__substantia_nigra__M013
gtex__substantia_nigra__M014            SET      63     0.022739    0.0013415      0.11147      0.41918 gtex__substantia_nigra__M014
gtex__substantia_nigra__M015            SET      66    -0.082377   -0.0049736      0.11788      0.75766 gtex__substantia_nigra__M015
gtex__substantia_nigra__M016            SET      70    -0.081223   -0.0050499      0.10869      0.77255 gtex__substantia_nigra__M016
gtex__substantia_nigra__M017            SET      64     -0.10771   -0.0064041      0.11678      0.82181 gtex__substantia_nigra__M017
gtex__substantia_nigra__M018            SET      63     -0.11665   -0.0068815      0.12348      0.82758 gtex__substantia_nigra__M018
gtex__substantia_nigra__M019            SET      59     0.013985   0.00079852       0.1119      0.45027 gtex__substantia_nigra__M019
gtex__substantia_nigra__M020            SET      62      0.08778    0.0051373      0.10696      0.20592 gtex__substantia_nigra__M020
gtex__substantia_nigra__M021            SET      41     -0.10386   -0.0049456      0.14927       0.7567 gtex__substantia_nigra__M021
gtex__substantia_nigra__M022            SET      51     0.033951    0.0018027      0.12159      0.39004 gtex__substantia_nigra__M022
gtex__substantia_nigra__M023            SET      44     0.053407    0.0026344      0.14072      0.35215 gtex__substantia_nigra__M023
gtex__substantia_nigra__M024            SET      41     -0.04082   -0.0019439       0.1524      0.60559 gtex__substantia_nigra__M024
gtex__substantia_nigra__M025            SET      34    -0.029539   -0.0012812      0.15619        0.575 gtex__substantia_nigra__M025
gtex__substantia_nigra__M026            SET      33     -0.14179   -0.0060591      0.16586       0.8037 gtex__substantia_nigra__M026
gtex__substantia_nigra__M027            SET      34    -0.067791   -0.0029403      0.16641      0.65813 gtex__substantia_nigra__M027
gtex__substantia_nigra__M028            SET      26     0.071312    0.0027054      0.15926      0.32716 gtex__substantia_nigra__M028
gtex__substantia_nigra__M029            SET      29      0.21296    0.0085318      0.15929     0.090627 gtex__substantia_nigra__M029
gtex__substantia_nigra__M030            SET      28     -0.21061   -0.0082911      0.20146      0.85208 gtex__substantia_nigra__M030
gtex__substantia_nigra__M031            SET      23     0.093398    0.0033329      0.16845      0.28964 gtex__substantia_nigra__M031
gtex__substantia_nigra__M032            SET      22    0.0081866   0.00028572      0.20091      0.48375 gtex__substantia_nigra__M032
gtex__substantia_nigra__M033            SET      23      0.23767    0.0084812      0.20413      0.12216 gtex__substantia_nigra__M033
gtex__substantia_nigra__M034            SET      23      0.13102    0.0046753      0.20078      0.25703 gtex__substantia_nigra__M034
gtex__substantia_nigra__M035            SET      17      0.35115     0.010775      0.24581     0.076581 gtex__substantia_nigra__M035
gtex__substantia_nigra__M036            SET      15    -0.086045   -0.0024802      0.24932        0.635 gtex__substantia_nigra__M036
gtex__substantia_nigra__M037            SET      19     0.069318    0.0022485      0.21926      0.37595 gtex__substantia_nigra__M037
gtex__substantia_nigra__M038            SET      13    -0.059933   -0.0016083      0.28836      0.58232 gtex__substantia_nigra__M038
gtex__substantia_nigra__M040            SET      14     -0.26191   -0.0072936      0.28366      0.82208 gtex__substantia_nigra__M040
gtex__substantia_nigra__M041            SET      16     -0.36741    -0.010937      0.24189       0.9356 gtex__substantia_nigra__M041
brainseq__caudate__M000                 SET     595    0.0056774     0.001014     0.038289      0.44106 brainseq__caudate__M000
brainseq__caudate__M001                 SET     482     0.057629    0.0092934     0.044289     0.096601 brainseq__caudate__M001
brainseq__caudate__M002                 SET     108      0.14453      0.01115     0.088607      0.05144 brainseq__caudate__M002
brainseq__caudate__M003                 SET     414      0.04988    0.0074692     0.044229      0.12972 brainseq__caudate__M003
brainseq__caudate__M004                 SET     325     0.062827    0.0083567     0.052068      0.11379 brainseq__caudate__M004
brainseq__caudate__M005                 SET      83    -0.027938   -0.0018907      0.10051      0.60948 brainseq__caudate__M005
brainseq__caudate__M006                 SET     208     0.029925    0.0031948     0.061351      0.31286 brainseq__caudate__M006
brainseq__caudate__M007                 SET     160      0.13443     0.012605     0.075188       0.0369 brainseq__caudate__M007
brainseq__caudate__M008                 SET     145     -0.14466    -0.012917      0.08391      0.95763 brainseq__caudate__M008
brainseq__caudate__M009                 SET     139     0.004395   0.00038431     0.080991      0.47836 brainseq__caudate__M009
brainseq__caudate__M010                 SET     137     0.091729    0.0079635     0.075824      0.11319 brainseq__caudate__M010
brainseq__caudate__M011                 SET     115    -0.029678    -0.002362     0.086425      0.63435 brainseq__caudate__M011
brainseq__caudate__M012                 SET     114     0.030848    0.0024445     0.085425      0.35901 brainseq__caudate__M012
brainseq__caudate__M013                 SET     100    -0.093034   -0.0069076     0.089303      0.85124 brainseq__caudate__M013
brainseq__caudate__M014                 SET     105     -0.16423    -0.012493     0.090876      0.96462 brainseq__caudate__M014
brainseq__caudate__M015                 SET      83     -0.09939   -0.0067263      0.10065      0.83828 brainseq__caudate__M015
brainseq__caudate__M016                 SET      81   -0.0053614  -0.00035846     0.098916      0.52161 brainseq__caudate__M016
brainseq__caudate__M017                 SET      64     0.083446    0.0049616       0.1163      0.23654 brainseq__caudate__M017
brainseq__caudate__M018                 SET      25    -0.041961    -0.001561      0.19416      0.58555 brainseq__caudate__M018
brainseq__caudate__M019                 SET      52      0.18804     0.010081      0.12783     0.070653 brainseq__caudate__M019
brainseq__caudate__M020                 SET      32    -0.057956   -0.0024388      0.16668      0.63597 brainseq__caudate__M020
brainseq__caudate__M021                 SET      51      0.14635    0.0077706       0.1261      0.12291 brainseq__caudate__M021
brainseq__caudate__M022                 SET      48     -0.27461    -0.014146      0.13225      0.98106 brainseq__caudate__M022
brainseq__caudate__M023                 SET      51     0.011235   0.00059655      0.12399       0.4639 brainseq__caudate__M023
brainseq__caudate__M024                 SET      50     0.087557    0.0046033      0.13606      0.25996 brainseq__caudate__M024
brainseq__caudate__M025                 SET      41     0.083378    0.0039705      0.14138      0.27769 brainseq__caudate__M025
brainseq__caudate__M026                 SET      22    -0.052489   -0.0018319      0.20234      0.60234 brainseq__caudate__M026
brainseq__caudate__M027                 SET      41     -0.25323    -0.012059       0.1478      0.95667 brainseq__caudate__M027
brainseq__caudate__M028                 SET      38     0.084582     0.003878      0.14327      0.27747 brainseq__caudate__M028
brainseq__caudate__M029                 SET      37      0.24919     0.011274       0.1486     0.046784 brainseq__caudate__M029
brainseq__caudate__M030                 SET      32     0.053593    0.0022552      0.18685      0.38712 brainseq__caudate__M030
brainseq__caudate__M031                 SET      29     0.053599    0.0021473      0.15514      0.36486 brainseq__caudate__M031
brainseq__caudate__M032                 SET      25    0.0018026   6.7061e-05      0.18564      0.49613 brainseq__caudate__M032
brainseq__caudate__M033                 SET      15     -0.37825    -0.010903      0.23684      0.94486 brainseq__caudate__M033
brainseq__caudate__M034                 SET      25     0.047732    0.0017757       0.1752      0.39264 brainseq__caudate__M034
brainseq__caudate__M035                 SET      10       0.1216    0.0028624      0.26247      0.32157 brainseq__caudate__M035
brainseq__caudate__M036                 SET      23    -0.079063   -0.0028213      0.19046      0.66097 brainseq__caudate__M036
brainseq__caudate__M037                 SET      17     -0.13517   -0.0041475      0.20156      0.74876 brainseq__caudate__M037
brainseq__caudate__M038                 SET      23      0.11874     0.004237      0.19047      0.26652 brainseq__caudate__M038
brainseq__caudate__M039                 SET      20    -0.081342    -0.002707      0.18473      0.67015 brainseq__caudate__M039
brainseq__caudate__M040                 SET      17      0.41702     0.012796        0.251     0.048324 brainseq__caudate__M040
brainseq__caudate__M041                 SET      20     -0.13804   -0.0045939      0.18909      0.76731 brainseq__caudate__M041
brainseq__caudate__M042                 SET      11      0.24923    0.0061526      0.28544       0.1913 brainseq__caudate__M042
brainseq__caudate__M043                 SET      18     -0.46575    -0.014705      0.20962      0.98685 brainseq__caudate__M043
brainseq__caudate__M044                 SET      16      0.15114    0.0044993      0.20801      0.23374 brainseq__caudate__M044
brainseq__caudate__M045                 SET      17      0.31267     0.009594      0.23401     0.090756 brainseq__caudate__M045
brainseq__hippocampus__M000             SET     374     0.089897     0.012809     0.048134     0.030913 brainseq__hippocampus__M000
brainseq__hippocampus__M001             SET     359    -0.029938   -0.0041812     0.051423      0.71978 brainseq__hippocampus__M001
brainseq__hippocampus__M002             SET     225     0.025957    0.0028809     0.062499      0.33895 brainseq__hippocampus__M002
brainseq__hippocampus__M003             SET     215     0.079409    0.0086174      0.06021     0.093616 brainseq__hippocampus__M003
brainseq__hippocampus__M004             SET     150     -0.10051   -0.0091271     0.074013      0.91276 brainseq__hippocampus__M004
brainseq__hippocampus__M005             SET     145     0.071811    0.0064123     0.075985      0.17232 brainseq__hippocampus__M005
brainseq__hippocampus__M006             SET     132   -0.0094549  -0.00080583     0.078503      0.54793 brainseq__hippocampus__M006
brainseq__hippocampus__M007             SET     114     0.031309    0.0024811     0.087853      0.36078 brainseq__hippocampus__M007
brainseq__hippocampus__M008             SET     113    -0.058551   -0.0046196      0.08666      0.75036 brainseq__hippocampus__M008
brainseq__hippocampus__M009             SET      98     0.082942    0.0060968     0.091997      0.18365 brainseq__hippocampus__M009
brainseq__hippocampus__M010             SET      82      0.14115    0.0094952       0.1005     0.080086 brainseq__hippocampus__M010
brainseq__hippocampus__M011             SET      86      0.07893    0.0054368      0.10462      0.22531 brainseq__hippocampus__M011
brainseq__hippocampus__M012             SET      83    -0.039913   -0.0027011      0.10025      0.65472 brainseq__hippocampus__M012
brainseq__hippocampus__M013             SET      72      0.11796    0.0074376      0.10721      0.13562 brainseq__hippocampus__M013
brainseq__hippocampus__M014             SET      76     0.094652    0.0061308      0.10408      0.18156 brainseq__hippocampus__M014
brainseq__hippocampus__M015             SET      63      0.13475    0.0079493      0.11613      0.12296 brainseq__hippocampus__M015
brainseq__hippocampus__M016             SET      62     0.020404    0.0011941      0.12255      0.43388 brainseq__hippocampus__M016
brainseq__hippocampus__M017             SET      59      0.11393    0.0065048      0.13056      0.19145 brainseq__hippocampus__M017
brainseq__hippocampus__M018             SET      48     -0.20793    -0.010712      0.14117       0.9296 brainseq__hippocampus__M018
brainseq__hippocampus__M019             SET      47     0.026464    0.0013491        0.137      0.42341 brainseq__hippocampus__M019
brainseq__hippocampus__M020             SET      48     0.042301    0.0021791      0.14126       0.3823 brainseq__hippocampus__M020
brainseq__hippocampus__M021             SET      48     0.067725    0.0034889       0.1363      0.30964 brainseq__hippocampus__M021
brainseq__hippocampus__M022             SET      45     -0.27842    -0.013889      0.14156      0.97539 brainseq__hippocampus__M022
brainseq__hippocampus__M023             SET      38     -0.28164    -0.012913      0.14649      0.97272 brainseq__hippocampus__M023
brainseq__hippocampus__M024             SET      39    -0.075094   -0.0034879       0.1393      0.70508 brainseq__hippocampus__M024
brainseq__hippocampus__M025             SET      38    -0.072342   -0.0033168       0.1507      0.68439 brainseq__hippocampus__M025
brainseq__hippocampus__M026             SET      42     -0.28653    -0.013809      0.13655      0.98205 brainseq__hippocampus__M026
brainseq__hippocampus__M027             SET      35      0.23593     0.010382      0.15704     0.066512 brainseq__hippocampus__M027
brainseq__hippocampus__M028             SET      33     -0.27488    -0.011746      0.16815      0.94894 brainseq__hippocampus__M028
brainseq__hippocampus__M029             SET      34      0.21867    0.0094846      0.15192     0.075029 brainseq__hippocampus__M029
brainseq__hippocampus__M030             SET      30      0.23941    0.0097553      0.18223     0.094462 brainseq__hippocampus__M030
brainseq__hippocampus__M031             SET      29      0.07251     0.002905      0.17488      0.33921 brainseq__hippocampus__M031
brainseq__hippocampus__M032             SET      29     0.016381   0.00065627      0.19092      0.46581 brainseq__hippocampus__M032
brainseq__hippocampus__M033             SET      27     0.034546    0.0013355      0.16518      0.41717 brainseq__hippocampus__M033
brainseq__hippocampus__M034             SET      24     -0.11077   -0.0040378      0.20105      0.70917 brainseq__hippocampus__M034
brainseq__hippocampus__M035             SET      28     0.093105    0.0036653       0.1559      0.27519 brainseq__hippocampus__M035
brainseq__hippocampus__M036             SET      27     -0.11228   -0.0043406      0.18144      0.73198 brainseq__hippocampus__M036
brainseq__hippocampus__M037             SET      26     0.067339    0.0025547      0.17965      0.35389 brainseq__hippocampus__M037
brainseq__hippocampus__M038             SET      25      0.21246    0.0079038      0.18201      0.12156 brainseq__hippocampus__M038
brainseq__hippocampus__M039             SET      24      0.19679    0.0071733       0.1981      0.16026 brainseq__hippocampus__M039
brainseq__hippocampus__M040             SET      27     -0.05593   -0.0021622       0.2015      0.60933 brainseq__hippocampus__M040
brainseq__hippocampus__M041             SET      25     0.031485    0.0011713       0.1835      0.43188 brainseq__hippocampus__M041
brainseq__hippocampus__M042             SET      25       0.1978    0.0073583      0.18441      0.14174 brainseq__hippocampus__M042
brainseq__hippocampus__M043             SET      26      0.22218     0.008429      0.20353       0.1375 brainseq__hippocampus__M043
brainseq__hippocampus__M044             SET      24     -0.18415   -0.0067123      0.20237      0.81857 brainseq__hippocampus__M044
brainseq__hippocampus__M045             SET      24     0.058955     0.002149      0.17105      0.36517 brainseq__hippocampus__M045
brainseq__hippocampus__M046             SET      24    -0.039552   -0.0014417      0.16829       0.5929 brainseq__hippocampus__M046
brainseq__hippocampus__M047             SET      23     0.021956   0.00078349      0.19413      0.45498 brainseq__hippocampus__M047
brainseq__hippocampus__M048             SET      23    -0.071392   -0.0025476      0.20348      0.63715 brainseq__hippocampus__M048
brainseq__hippocampus__M049             SET      21      -0.1725   -0.0058822      0.19929      0.80663 brainseq__hippocampus__M049
brainseq__dlpfc__M000                   SET     385     0.043969    0.0063545     0.047347      0.17654 brainseq__dlpfc__M000
brainseq__dlpfc__M001                   SET     308     0.026116    0.0033833     0.054371       0.3155 brainseq__dlpfc__M001
brainseq__dlpfc__M002                   SET     298     0.065363    0.0083313     0.051887      0.10389 brainseq__dlpfc__M002
brainseq__dlpfc__M003                   SET     285      0.11683     0.014568     0.055549     0.017735 brainseq__dlpfc__M003
brainseq__dlpfc__M004                   SET     253     0.065487    0.0077009     0.059007      0.13355 brainseq__dlpfc__M004
brainseq__dlpfc__M005                   SET     145      0.02797    0.0024976     0.079486      0.36246 brainseq__dlpfc__M005
brainseq__dlpfc__M006                   SET     210     0.094083     0.010092     0.061078     0.061745 brainseq__dlpfc__M006
brainseq__dlpfc__M007                   SET     171     0.030507    0.0029561     0.069315      0.32993 brainseq__dlpfc__M007
brainseq__dlpfc__M008                   SET     149     0.063959    0.0057888     0.077706      0.20523 brainseq__dlpfc__M008
brainseq__dlpfc__M009                   SET     158      0.08788    0.0081884     0.072357      0.11228 brainseq__dlpfc__M009
brainseq__dlpfc__M010                   SET     131     0.035356     0.003002     0.079954      0.32917 brainseq__dlpfc__M010
brainseq__dlpfc__M011                   SET     110     -0.12451   -0.0096933     0.084676      0.92927 brainseq__dlpfc__M011
brainseq__dlpfc__M012                   SET     116     -0.10579   -0.0084564     0.084169       0.8956 brainseq__dlpfc__M012
brainseq__dlpfc__M013                   SET      98     0.069577    0.0051144     0.095896      0.23406 brainseq__dlpfc__M013
brainseq__dlpfc__M014                   SET      92     -0.11696   -0.0083313     0.099657      0.87972 brainseq__dlpfc__M014
brainseq__dlpfc__M015                   SET      72     0.077307    0.0048743      0.10797        0.237 brainseq__dlpfc__M015
brainseq__dlpfc__M016                   SET      61      0.27346     0.015875      0.11799     0.010239 brainseq__dlpfc__M016
brainseq__dlpfc__M017                   SET      65      0.22575     0.013527      0.11689     0.026729 brainseq__dlpfc__M017
brainseq__dlpfc__M018                   SET      61      0.19752     0.011467      0.11684     0.045477 brainseq__dlpfc__M018
brainseq__dlpfc__M019                   SET      49      0.14193    0.0073872      0.12965      0.13683 brainseq__dlpfc__M019
brainseq__dlpfc__M020                   SET      61    -0.070398   -0.0040868      0.11724       0.7259 brainseq__dlpfc__M020
brainseq__dlpfc__M021                   SET      45     0.079959    0.0039887      0.13235      0.27288 brainseq__dlpfc__M021
brainseq__dlpfc__M022                   SET      49    -0.048416     -0.00252      0.12559      0.65007 brainseq__dlpfc__M022
brainseq__dlpfc__M023                   SET      48     -0.24846    -0.012799      0.14795      0.95345 brainseq__dlpfc__M023
brainseq__dlpfc__M024                   SET      45      0.16822    0.0083913      0.13084     0.099294 brainseq__dlpfc__M024
brainseq__dlpfc__M025                   SET      39    -0.021477  -0.00099754      0.15339      0.55568 brainseq__dlpfc__M025
brainseq__dlpfc__M026                   SET      30      0.10452     0.004259      0.16985      0.26916 brainseq__dlpfc__M026
brainseq__dlpfc__M027                   SET      34     -0.33096    -0.014355      0.14799      0.98733 brainseq__dlpfc__M027
brainseq__dlpfc__M028                   SET      29    -0.037488   -0.0015019        0.179      0.58294 brainseq__dlpfc__M028
brainseq__dlpfc__M029                   SET      34      0.15091    0.0065454      0.15256       0.1613 brainseq__dlpfc__M029
brainseq__dlpfc__M030                   SET      31      -0.3599    -0.014907      0.17114      0.98226 brainseq__dlpfc__M030
brainseq__dlpfc__M031                   SET      32     0.066214    0.0027864      0.15656      0.33617 brainseq__dlpfc__M031
brainseq__dlpfc__M032                   SET      25   -0.0014498  -5.3934e-05      0.17861      0.50324 brainseq__dlpfc__M032
brainseq__dlpfc__M033                   SET      23      0.18263    0.0065169      0.18257      0.15859 brainseq__dlpfc__M033
brainseq__dlpfc__M034                   SET      28      0.10213    0.0040207      0.16891      0.27271 brainseq__dlpfc__M034
brainseq__dlpfc__M035                   SET      26      0.10012    0.0037983      0.17414      0.28267 brainseq__dlpfc__M035
brainseq__dlpfc__M036                   SET      23      0.20661    0.0073728      0.18872       0.1368 brainseq__dlpfc__M036
brainseq__dlpfc__M037                   SET      18       0.1094     0.003454      0.22293      0.31182 brainseq__dlpfc__M037
brainseq__dlpfc__M038                   SET      18    -0.055067   -0.0017386      0.21049      0.60319 brainseq__dlpfc__M038
brainseq__caudate_sczd__M000            SET      93     0.049577    0.0035505      0.09883      0.30796 brainseq__caudate_sczd__M000
brainseq__caudate_sczd__M001            SET     369     0.010042    0.0014214     0.049794      0.42009 brainseq__caudate_sczd__M001
brainseq__caudate_sczd__M002            SET     290    -0.023411   -0.0029444     0.057134        0.659 brainseq__caudate_sczd__M002
brainseq__caudate_sczd__M003            SET      93     -0.10536   -0.0075458     0.093782      0.86938 brainseq__caudate_sczd__M003
brainseq__caudate_sczd__M004            SET     187    -0.024485     -0.00248     0.067093      0.64242 brainseq__caudate_sczd__M004
brainseq__caudate_sczd__M005            SET     204       0.0472    0.0049909     0.063857      0.22991 brainseq__caudate_sczd__M005
brainseq__caudate_sczd__M006            SET     147     0.089554    0.0080512     0.080716      0.13362 brainseq__caudate_sczd__M006
brainseq__caudate_sczd__M007            SET     169    -0.045756    -0.004408     0.069031      0.74627 brainseq__caudate_sczd__M007
brainseq__caudate_sczd__M008            SET     139       0.1592      0.01392     0.080889     0.024538 brainseq__caudate_sczd__M008
brainseq__caudate_sczd__M009            SET     119    -0.070889   -0.0057386     0.089922      0.78474 brainseq__caudate_sczd__M009
brainseq__caudate_sczd__M010            SET      49     -0.12624   -0.0065705      0.12871      0.83666 brainseq__caudate_sczd__M010
brainseq__caudate_sczd__M011            SET      46     -0.13119   -0.0066165      0.14109      0.82376 brainseq__caudate_sczd__M011
brainseq__caudate_sczd__M012            SET      48    -0.023439   -0.0012075       0.1448       0.5643 brainseq__caudate_sczd__M012
brainseq__caudate_sczd__M013            SET      42     0.099921    0.0048158      0.13382      0.22763 brainseq__caudate_sczd__M013
brainseq__caudate_sczd__M014            SET      26     -0.15888   -0.0060276      0.18638      0.80302 brainseq__caudate_sczd__M014
brainseq__caudate_sczd__M015            SET      35     0.080478    0.0035415      0.17713      0.32479 brainseq__caudate_sczd__M015
brainseq__caudate_sczd__M016            SET      26       0.1602    0.0060777      0.17514      0.18018 brainseq__caudate_sczd__M016
brainseq__caudate_sczd__M017            SET      25      0.40104     0.014919      0.17524     0.011061 brainseq__caudate_sczd__M017
brainseq__caudate_sczd__M018            SET      30     0.073961    0.0030137      0.17228      0.33385 brainseq__caudate_sczd__M018
brainseq__caudate_sczd__M020            SET       4     -0.29092   -0.0043316      0.40615      0.76309 brainseq__caudate_sczd__M020
brainseq__caudate_sczd__M021            SET      28    -0.081745   -0.0032181      0.17244      0.68226 brainseq__caudate_sczd__M021
brainseq__caudate_sczd__M022            SET      28    -0.035746   -0.0014072      0.16642      0.58504 brainseq__caudate_sczd__M022
brainseq__caudate_sczd__M023            SET      24      0.13959    0.0050882      0.19864      0.24112 brainseq__caudate_sczd__M023
brainseq__caudate_sczd__M024            SET      22   -8.707e-05  -3.0389e-06      0.20311      0.50017 brainseq__caudate_sczd__M024
brainseq__caudate_sczd__M025            SET      22     0.093462    0.0032619      0.17818      0.29996 brainseq__caudate_sczd__M025
brainseq__caudate_sczd__M026            SET      22    -0.051947    -0.001813      0.19221      0.60652 brainseq__caudate_sczd__M026
brainseq__caudate_sczd__M027            SET      20     -0.15539   -0.0051713      0.20249      0.77857 brainseq__caudate_sczd__M027
brainseq__caudate_sczd__M028            SET      17      0.15539     0.004768      0.21879      0.23879 brainseq__caudate_sczd__M028
brainseq__caudate_sczd__M029            SET      19      0.23451    0.0076067      0.22015      0.14339 brainseq__caudate_sczd__M029
