# TOTAL_GENES = 18040
# TEST_DIRECTION = one-sided, positive (set), two-sided (covar)
# CONDITIONED_INTERNAL = gene size, gene density, sample size, inverse mac, log(gene size), log(gene density), log(sample size), log(inverse mac)
VARIABLE                               TYPE  NGENES         BETA     BETA_STD           SE            P FULL_NAME
gtex__amygdala__M000                    SET    1118     0.053458      0.01289      0.02819     0.028966 gtex__amygdala__M000
gtex__amygdala__M001                    SET     911    0.0055101    0.0012066     0.032156      0.43197 gtex__amygdala__M001
gtex__amygdala__M002                    SET     397   -0.0039073  -0.00057324     0.044948      0.53464 gtex__amygdala__M002
gtex__amygdala__M003                    SET     369     0.069496    0.0098374     0.046229      0.06639 gtex__amygdala__M003
gtex__amygdala__M004                    SET     396     0.032702    0.0047918     0.047584      0.24596 gtex__amygdala__M004
gtex__amygdala__M005                    SET     143     0.090809    0.0080531     0.079185      0.12574 gtex__amygdala__M005
gtex__amygdala__M006                    SET     130     0.085297    0.0072149      0.08246      0.15048 gtex__amygdala__M006
gtex__amygdala__M007                    SET     129    -0.050971   -0.0042949      0.07383      0.75502 gtex__amygdala__M007
gtex__amygdala__M008                    SET      97     -0.12527   -0.0091616     0.090494      0.91686 gtex__amygdala__M008
gtex__amygdala__M009                    SET      67     -0.14287   -0.0086907      0.11129      0.90037 gtex__amygdala__M009
gtex__amygdala__M010                    SET      56     0.089342    0.0049701        0.126      0.23915 gtex__amygdala__M010
gtex__amygdala__M011                    SET      65    -0.071246    -0.004269       0.1159      0.73063 gtex__amygdala__M011
gtex__amygdala__M012                    SET      43     -0.12842   -0.0062622      0.13328      0.83235 gtex__amygdala__M012
gtex__amygdala__M013                    SET      41    -0.085475   -0.0040704      0.14138      0.72727 gtex__amygdala__M013
gtex__amygdala__M014                    SET      35      0.10182    0.0044806      0.14605      0.24286 gtex__amygdala__M014
gtex__amygdala__M015                    SET      33     0.059224    0.0025308      0.16282      0.35803 gtex__amygdala__M015
gtex__amygdala__M016                    SET      30    -0.012462  -0.00050778      0.15765       0.5315 gtex__amygdala__M016
gtex__amygdala__M017                    SET      23      0.15837    0.0056512       0.2052      0.22014 gtex__amygdala__M017
gtex__amygdala__M018                    SET      22      0.15684    0.0054738      0.20436      0.22141 gtex__amygdala__M018
gtex__amygdala__M019                    SET      19     0.068951    0.0022366       0.1942      0.36128 gtex__amygdala__M019
gtex__amygdala__M020                    SET      19    -0.031004   -0.0010057      0.18688      0.56588 gtex__amygdala__M020
gtex__amygdala__M021                    SET      18    -0.050033   -0.0015797      0.20372        0.597 gtex__amygdala__M021
gtex__amygdala__M022                    SET      17       0.3033    0.0093066      0.25748      0.11941 gtex__amygdala__M022
gtex__amygdala__M023                    SET      17     -0.28634   -0.0087862      0.21893      0.90454 gtex__amygdala__M023
gtex__anterior_cingulate_cor...1        SET    2215     0.045963     0.015085     0.020864     0.013805 gtex__anterior_cingulate_cortex_ba24__M000
gtex__anterior_cingulate_cor...2        SET     986     0.016137    0.0036682     0.030488       0.2983 gtex__anterior_cingulate_cortex_ba24__M001
gtex__anterior_cingulate_cor...3        SET     334     0.048949    0.0065986     0.053064      0.17815 gtex__anterior_cingulate_cortex_ba24__M002
gtex__anterior_cingulate_cor...4        SET     226     0.095892     0.010666     0.055632     0.042391 gtex__anterior_cingulate_cortex_ba24__M003
gtex__anterior_cingulate_cor...5        SET     227    -0.070685   -0.0078792     0.058735      0.88559 gtex__anterior_cingulate_cortex_ba24__M004
gtex__anterior_cingulate_cor...6        SET     233     0.013621     0.001538     0.060208      0.41051 gtex__anterior_cingulate_cortex_ba24__M005
gtex__anterior_cingulate_cor...7        SET     171    0.0087249   0.00084544     0.073237      0.45259 gtex__anterior_cingulate_cortex_ba24__M006
gtex__anterior_cingulate_cor...8        SET     111     0.033683     0.002634     0.086189      0.34797 gtex__anterior_cingulate_cortex_ba24__M007
gtex__anterior_cingulate_cor...9        SET     108     0.061642    0.0047553     0.092221      0.25194 gtex__anterior_cingulate_cortex_ba24__M008
gtex__anterior_cingulate_cor...10       SET      52     -0.21268    -0.011402      0.12469      0.95595 gtex__anterior_cingulate_cortex_ba24__M009
gtex__anterior_cingulate_cor...11       SET      59      0.11496    0.0065638      0.11449      0.15768 gtex__anterior_cingulate_cortex_ba24__M010
gtex__anterior_cingulate_cor...12       SET      62     0.063076    0.0036915      0.11275      0.28794 gtex__anterior_cingulate_cortex_ba24__M011
gtex__anterior_cingulate_cor...13       SET      55      -0.1781    -0.009819      0.12268      0.92671 gtex__anterior_cingulate_cortex_ba24__M012
gtex__anterior_cingulate_cor...14       SET      37     0.060579    0.0027408      0.15009      0.34325 gtex__anterior_cingulate_cortex_ba24__M013
gtex__anterior_cingulate_cor...15       SET      43    -0.067305   -0.0032821      0.14416       0.6797 gtex__anterior_cingulate_cortex_ba24__M014
gtex__anterior_cingulate_cor...16       SET      39     -0.24093     -0.01119      0.13706      0.96061 gtex__anterior_cingulate_cortex_ba24__M015
gtex__anterior_cingulate_cor...17       SET      31     -0.25958    -0.010752      0.17234      0.93398 gtex__anterior_cingulate_cortex_ba24__M016
gtex__anterior_cingulate_cor...18       SET      27     0.026399    0.0010205      0.15318      0.43159 gtex__anterior_cingulate_cortex_ba24__M017
gtex__anterior_cingulate_cor...19       SET      24     0.032724    0.0011928      0.16794      0.42275 gtex__anterior_cingulate_cortex_ba24__M018
gtex__anterior_cingulate_cor...20       SET      16      0.41413     0.012328       0.2401     0.042291 gtex__anterior_cingulate_cortex_ba24__M019
gtex__anterior_cingulate_cor...21       SET      15     0.042251    0.0012179      0.25325      0.43375 gtex__anterior_cingulate_cortex_ba24__M020
gtex__caudate_basal_ganglia_...1        SET    1521     0.044177     0.012275     0.024951     0.038327 gtex__caudate_basal_ganglia__M000
gtex__caudate_basal_ganglia_...2        SET     984    0.0096887    0.0022003     0.030905      0.37695 gtex__caudate_basal_ganglia__M001
gtex__caudate_basal_ganglia_...3        SET     370    -0.022036   -0.0031234     0.047163      0.67983 gtex__caudate_basal_ganglia__M002
gtex__caudate_basal_ganglia_...4        SET     356    0.0091769    0.0012764     0.051051      0.42867 gtex__caudate_basal_ganglia__M003
gtex__caudate_basal_ganglia_...5        SET     261     0.011619    0.0013875      0.05395      0.41474 gtex__caudate_basal_ganglia__M004
gtex__caudate_basal_ganglia_...6        SET     220     0.054347    0.0059651     0.065256      0.20248 gtex__caudate_basal_ganglia__M005
gtex__caudate_basal_ganglia_...7        SET     184    -0.066295   -0.0066613     0.071284      0.82381 gtex__caudate_basal_ganglia__M006
gtex__caudate_basal_ganglia_...8        SET     109     0.013113    0.0010162      0.09465      0.44491 gtex__caudate_basal_ganglia__M007
gtex__caudate_basal_ganglia_...9        SET     111     0.087987    0.0068807      0.08503      0.15039 gtex__caudate_basal_ganglia__M008
gtex__caudate_basal_ganglia_...10       SET      77     -0.12546   -0.0081791      0.10576      0.88224 gtex__caudate_basal_ganglia__M009
gtex__caudate_basal_ganglia_...11       SET      67   0.00067921   4.1317e-05        0.105      0.49742 gtex__caudate_basal_ganglia__M010
gtex__caudate_basal_ganglia_...12       SET      59    -0.020849   -0.0011904      0.11743      0.57046 gtex__caudate_basal_ganglia__M011
gtex__caudate_basal_ganglia_...13       SET      50     -0.11954   -0.0062847      0.11968      0.84106 gtex__caudate_basal_ganglia__M012
gtex__caudate_basal_ganglia_...14       SET      30     -0.14107   -0.0057481      0.15384      0.82042 gtex__caudate_basal_ganglia__M013
gtex__caudate_basal_ganglia_...15       SET      39    -0.074182   -0.0034455      0.14296      0.69809 gtex__caudate_basal_ganglia__M014
gtex__caudate_basal_ganglia_...16       SET      27     -0.10623   -0.0041067      0.17624      0.72667 gtex__caudate_basal_ganglia__M015
gtex__caudate_basal_ganglia_...17       SET      27     0.090165    0.0034857      0.17088      0.29887 gtex__caudate_basal_ganglia__M016
gtex__caudate_basal_ganglia_...18       SET      26     0.019788    0.0007507       0.1792      0.45604 gtex__caudate_basal_ganglia__M017
gtex__caudate_basal_ganglia_...19       SET      18     -0.18331   -0.0057877      0.23195      0.78532 gtex__caudate_basal_ganglia__M018
gtex__caudate_basal_ganglia_...20       SET      20      0.18825    0.0062647      0.21185      0.18711 gtex__caudate_basal_ganglia__M019
gtex__caudate_basal_ganglia_...21       SET      16     0.074802    0.0022268      0.19293      0.34912 gtex__caudate_basal_ganglia__M020
gtex__cerebellar_hemisphere_...1        SET    1500     0.013956    0.0038536     0.025218      0.28999 gtex__cerebellar_hemisphere__M000
gtex__cerebellar_hemisphere_...2        SET     706     0.030851    0.0059828     0.034292      0.18416 gtex__cerebellar_hemisphere__M001
gtex__cerebellar_hemisphere_...3        SET     554     -0.03341   -0.0057644     0.037652      0.81254 gtex__cerebellar_hemisphere__M002
gtex__cerebellar_hemisphere_...4        SET     442     0.026986    0.0041722     0.042463      0.26255 gtex__cerebellar_hemisphere__M003
gtex__cerebellar_hemisphere_...5        SET     357     0.012198     0.001699      0.04785      0.39939 gtex__cerebellar_hemisphere__M004
gtex__cerebellar_hemisphere_...6        SET     286      0.15284     0.019092     0.054878    0.0026787 gtex__cerebellar_hemisphere__M005
gtex__cerebellar_hemisphere_...7        SET     218    -0.022112    -0.002416     0.058786      0.64659 gtex__cerebellar_hemisphere__M006
gtex__cerebellar_hemisphere_...8        SET     147     0.063222    0.0056838     0.080728      0.21678 gtex__cerebellar_hemisphere__M007
gtex__cerebellar_hemisphere_...9        SET     101     -0.02965   -0.0022124     0.087526       0.6326 gtex__cerebellar_hemisphere__M008
gtex__cerebellar_hemisphere_...10       SET      87   -0.0026891   -0.0001863      0.10356      0.51036 gtex__cerebellar_hemisphere__M009
gtex__cerebellar_hemisphere_...11       SET      88     -0.16135    -0.011242     0.091987      0.96028 gtex__cerebellar_hemisphere__M010
gtex__cerebellar_hemisphere_...12       SET      86     0.046824    0.0032253      0.10568      0.32885 gtex__cerebellar_hemisphere__M011
gtex__cerebellar_hemisphere_...13       SET      53      0.20166     0.010915      0.11662     0.041896 gtex__cerebellar_hemisphere__M012
gtex__cerebellar_hemisphere_...14       SET      68     -0.11439   -0.0070099      0.11362      0.84297 gtex__cerebellar_hemisphere__M013
gtex__cerebellar_hemisphere_...15       SET      37     0.084416    0.0038192      0.14814       0.2844 gtex__cerebellar_hemisphere__M014
gtex__cerebellar_hemisphere_...16       SET      31      -0.1529    -0.006333      0.18089      0.80102 gtex__cerebellar_hemisphere__M015
gtex__cerebellar_hemisphere_...17       SET      30    -0.087078   -0.0035481      0.16948       0.6963 gtex__cerebellar_hemisphere__M016
gtex__cerebellar_hemisphere_...18       SET      26    -0.047668   -0.0018084      0.17231      0.60897 gtex__cerebellar_hemisphere__M017
gtex__cerebellar_hemisphere_...19       SET      26      0.27371     0.010384      0.17612     0.060089 gtex__cerebellar_hemisphere__M018
gtex__cerebellar_hemisphere_...20       SET      22      0.16299    0.0056885      0.21552      0.22475 gtex__cerebellar_hemisphere__M019
gtex__cerebellar_hemisphere_...21       SET      20     -0.10105   -0.0033629      0.17679       0.7162 gtex__cerebellar_hemisphere__M020
gtex__cerebellar_hemisphere_...22       SET      14   -0.0020264  -5.6432e-05      0.25258       0.5032 gtex__cerebellar_hemisphere__M021
gtex__cerebellum__M000                  SET    1187   -0.0068845   -0.0017069     0.027801      0.59779 gtex__cerebellum__M000
gtex__cerebellum__M001                  SET     296    -0.041322   -0.0052496     0.050907      0.79151 gtex__cerebellum__M001
gtex__cerebellum__M002                  SET     258     0.022247    0.0026415     0.053603      0.33906 gtex__cerebellum__M002
gtex__cerebellum__M003                  SET     272     0.025007    0.0030475     0.055012      0.32471 gtex__cerebellum__M003
gtex__cerebellum__M004                  SET     217     0.054518    0.0059434     0.060179      0.18249 gtex__cerebellum__M004
gtex__cerebellum__M005                  SET     203      0.15431     0.016277     0.064303    0.0082095 gtex__cerebellum__M005
gtex__cerebellum__M006                  SET     207    0.0081805   0.00087127     0.068189      0.45226 gtex__cerebellum__M006
gtex__cerebellum__M007                  SET     134      0.10787    0.0092628     0.074539     0.073928 gtex__cerebellum__M007
gtex__cerebellum__M008                  SET     129    -0.074416   -0.0062704       0.0768      0.83371 gtex__cerebellum__M008
gtex__cerebellum__M009                  SET     134    -0.077994   -0.0066971     0.077309      0.84347 gtex__cerebellum__M009
gtex__cerebellum__M010                  SET     116     0.016986    0.0013577     0.087957      0.42344 gtex__cerebellum__M010
gtex__cerebellum__M011                  SET     116     0.077832    0.0062213     0.090946      0.19606 gtex__cerebellum__M011
gtex__cerebellum__M012                  SET      66    -0.036121   -0.0021809       0.1092       0.6296 gtex__cerebellum__M012
gtex__cerebellum__M013                  SET      69      0.13281    0.0081979      0.10857      0.11063 gtex__cerebellum__M013
gtex__cerebellum__M014                  SET      37     -0.11203   -0.0050687       0.1438      0.78203 gtex__cerebellum__M014
gtex__cerebellum__M015                  SET      40     0.052503    0.0024696      0.14074      0.35456 gtex__cerebellum__M015
gtex__cerebellum__M016                  SET      24      0.19635    0.0071573      0.19885      0.16172 gtex__cerebellum__M016
gtex__cerebellum__M017                  SET      23     -0.15599   -0.0055664      0.18568      0.79957 gtex__cerebellum__M017
gtex__cerebellum__M018                  SET      18     -0.14326   -0.0045232      0.22275      0.73993 gtex__cerebellum__M018
gtex__cortex__M000                      SET    1524     0.056045     0.015587     0.024878     0.012143 gtex__cortex__M000
gtex__cortex__M001                      SET     546    -0.018639   -0.0031932     0.039716      0.68057 gtex__cortex__M001
gtex__cortex__M002                      SET     245     0.014459    0.0016735     0.062041      0.40786 gtex__cortex__M002
gtex__cortex__M003                      SET     218      0.10103     0.011039     0.062547     0.053133 gtex__cortex__M003
gtex__cortex__M004                      SET     155     0.011483    0.0010598     0.073174      0.43765 gtex__cortex__M004
gtex__cortex__M005                      SET     130      0.10468    0.0088541     0.076323      0.08512 gtex__cortex__M005
gtex__cortex__M006                      SET     122     -0.11228   -0.0092027     0.078778      0.92296 gtex__cortex__M006
gtex__cortex__M007                      SET     111    -0.098881   -0.0077327     0.082064      0.88588 gtex__cortex__M007
gtex__cortex__M008                      SET      96      0.11635    0.0084656     0.097311      0.11591 gtex__cortex__M008
gtex__cortex__M009                      SET      82     0.054939    0.0036957      0.10247      0.29593 gtex__cortex__M009
gtex__cortex__M010                      SET      72     -0.10088   -0.0063608      0.10279      0.83681 gtex__cortex__M010
gtex__cortex__M011                      SET      82     0.027046    0.0018193      0.10844      0.40153 gtex__cortex__M011
gtex__cortex__M012                      SET      72     0.053155    0.0033515      0.10502      0.30639 gtex__cortex__M012
gtex__cortex__M013                      SET      77      0.12187    0.0079449      0.10636      0.12596 gtex__cortex__M013
gtex__cortex__M014                      SET      71      0.10738    0.0067235      0.11243      0.16977 gtex__cortex__M014
gtex__cortex__M015                      SET      61      0.24518     0.014233      0.12016     0.020663 gtex__cortex__M015
gtex__cortex__M016                      SET      50     -0.12569   -0.0066083      0.12407      0.84448 gtex__cortex__M016
gtex__cortex__M017                      SET      57    -0.074855   -0.0042011      0.13121      0.71582 gtex__cortex__M017
gtex__cortex__M018                      SET      37      0.14574    0.0065935      0.16069      0.18222 gtex__cortex__M018
gtex__cortex__M019                      SET      30        0.302     0.012305      0.16282     0.031818 gtex__cortex__M019
gtex__cortex__M020                      SET      29     -0.13857   -0.0055517      0.18836      0.76903 gtex__cortex__M020
gtex__cortex__M021                      SET      22     -0.15002   -0.0052359      0.19754       0.7762 gtex__cortex__M021
gtex__cortex__M022                      SET      18     0.070189    0.0022161      0.18323      0.35084 gtex__cortex__M022
gtex__cortex__M023                      SET      21     -0.15226   -0.0051921      0.18691      0.79235 gtex__cortex__M023
gtex__cortex__M024                      SET      18      0.21624    0.0068273      0.20658      0.14761 gtex__cortex__M024
gtex__frontal_cortex_ba9__M0...1        SET    2114     0.047862     0.015395     0.021456     0.012858 gtex__frontal_cortex_ba9__M000
gtex__frontal_cortex_ba9__M0...2        SET    1063     0.016522    0.0038907     0.029235      0.28599 gtex__frontal_cortex_ba9__M001
gtex__frontal_cortex_ba9__M0...3        SET     518     0.046803    0.0078165     0.043056      0.13852 gtex__frontal_cortex_ba9__M002
gtex__frontal_cortex_ba9__M0...4        SET     508    -0.028941   -0.0047878     0.043062      0.74923 gtex__frontal_cortex_ba9__M003
gtex__frontal_cortex_ba9__M0...5        SET     387    0.0084613     0.001226     0.045647      0.42647 gtex__frontal_cortex_ba9__M004
gtex__frontal_cortex_ba9__M0...6        SET     140     0.048814    0.0042836     0.077837      0.26529 gtex__frontal_cortex_ba9__M005
gtex__frontal_cortex_ba9__M0...7        SET     132    -0.048808   -0.0041598     0.078516       0.7329 gtex__frontal_cortex_ba9__M006
gtex__frontal_cortex_ba9__M0...8        SET     130    -0.060083   -0.0050822     0.075663      0.78642 gtex__frontal_cortex_ba9__M007
gtex__frontal_cortex_ba9__M0...9        SET     108     -0.10614   -0.0081877     0.087335      0.88786 gtex__frontal_cortex_ba9__M008
gtex__frontal_cortex_ba9__M0...10       SET      89   0.00024328   1.7046e-05     0.092162      0.49895 gtex__frontal_cortex_ba9__M009
gtex__frontal_cortex_ba9__M0...11       SET      72     -0.28886    -0.018213      0.10679      0.99658 gtex__frontal_cortex_ba9__M010
gtex__frontal_cortex_ba9__M0...12       SET      72      0.13498    0.0085105      0.10301     0.095051 gtex__frontal_cortex_ba9__M011
gtex__frontal_cortex_ba9__M0...13       SET      62     0.073628    0.0043091      0.12025      0.27018 gtex__frontal_cortex_ba9__M012
gtex__frontal_cortex_ba9__M0...14       SET      70    -0.081358   -0.0050582      0.11324      0.76375 gtex__frontal_cortex_ba9__M013
gtex__frontal_cortex_ba9__M0...15       SET      62     0.026844    0.0015711      0.10855      0.40234 gtex__frontal_cortex_ba9__M014
gtex__frontal_cortex_ba9__M0...16       SET      67    -0.063391   -0.0038561      0.11622      0.70727 gtex__frontal_cortex_ba9__M015
gtex__frontal_cortex_ba9__M0...17       SET      59    -0.035624    -0.002034      0.11875       0.6179 gtex__frontal_cortex_ba9__M016
gtex__frontal_cortex_ba9__M0...18       SET      56     0.042936    0.0023886      0.12818      0.36883 gtex__frontal_cortex_ba9__M017
gtex__frontal_cortex_ba9__M0...19       SET      54    -0.093316    -0.005098      0.11651      0.78842 gtex__frontal_cortex_ba9__M018
gtex__frontal_cortex_ba9__M0...20       SET      30      0.37208     0.015161       0.1571     0.008938 gtex__frontal_cortex_ba9__M019
gtex__frontal_cortex_ba9__M0...21       SET      23     0.063488    0.0022656      0.16847      0.35314 gtex__frontal_cortex_ba9__M020
gtex__frontal_cortex_ba9__M0...22       SET      23     -0.26288   -0.0093809      0.17834      0.92976 gtex__frontal_cortex_ba9__M021
gtex__frontal_cortex_ba9__M0...23       SET      18     0.031159   0.00098378      0.22703      0.44542 gtex__frontal_cortex_ba9__M022
gtex__frontal_cortex_ba9__M0...24       SET      19       0.1604    0.0052028      0.20007      0.21137 gtex__frontal_cortex_ba9__M023
gtex__frontal_cortex_ba9__M0...25       SET      19    -0.078963   -0.0025613      0.21835      0.64119 gtex__frontal_cortex_ba9__M024
gtex__hippocampus__M000                 SET    1189     0.053401      0.01325     0.027725     0.027056 gtex__hippocampus__M000
gtex__hippocampus__M001                 SET    1194    0.0093247    0.0023183     0.027484       0.3672 gtex__hippocampus__M001
gtex__hippocampus__M002                 SET     368    -0.023569   -0.0033319     0.049023      0.68466 gtex__hippocampus__M002
gtex__hippocampus__M003                 SET     267     0.014352    0.0017331     0.058399      0.40294 gtex__hippocampus__M003
gtex__hippocampus__M004                 SET     218     0.078597    0.0085879     0.059175     0.092062 gtex__hippocampus__M004
gtex__hippocampus__M005                 SET     186    0.0049178   0.00049679     0.063624      0.46919 gtex__hippocampus__M005
gtex__hippocampus__M006                 SET     135      0.10355    0.0089241     0.083456      0.10736 gtex__hippocampus__M006
gtex__hippocampus__M007                 SET     126     0.025941    0.0021605     0.083093      0.37745 gtex__hippocampus__M007
gtex__hippocampus__M008                 SET     111    -0.081341    -0.006361     0.090324      0.81608 gtex__hippocampus__M008
gtex__hippocampus__M009                 SET     113    -0.048171   -0.0038006     0.088945      0.70594 gtex__hippocampus__M009
gtex__hippocampus__M010                 SET      75     0.090356     0.005814      0.10914      0.20387 gtex__hippocampus__M010
gtex__hippocampus__M011                 SET      70      0.32179     0.020007      0.11448    0.0024731 gtex__hippocampus__M011
gtex__hippocampus__M012                 SET      59    0.0096042   0.00054836      0.11948      0.46797 gtex__hippocampus__M012
gtex__hippocampus__M013                 SET      51     -0.12078   -0.0064128      0.13077      0.82215 gtex__hippocampus__M013
gtex__hippocampus__M014                 SET      51      0.13137    0.0069755      0.12226       0.1413 gtex__hippocampus__M014
gtex__hippocampus__M015                 SET      47    -0.024383    -0.001243      0.12505       0.5773 gtex__hippocampus__M015
gtex__hippocampus__M016                 SET      44      0.27443     0.013537       0.1447      0.02895 gtex__hippocampus__M016
gtex__hippocampus__M017                 SET      43     0.025392    0.0012382      0.12927      0.42214 gtex__hippocampus__M017
gtex__hippocampus__M018                 SET      36     0.058468    0.0026093      0.14744      0.34585 gtex__hippocampus__M018
gtex__hippocampus__M019                 SET      38      -0.2733    -0.012531      0.16354      0.95265 gtex__hippocampus__M019
gtex__hippocampus__M020                 SET      34      -0.1153   -0.0050007      0.14317      0.78967 gtex__hippocampus__M020
gtex__hippocampus__M021                 SET      34     -0.10952   -0.0047503      0.15782      0.75613 gtex__hippocampus__M021
gtex__hippocampus__M022                 SET      28    -0.051546   -0.0020292      0.15805      0.62784 gtex__hippocampus__M022
gtex__hippocampus__M023                 SET      31     -0.08781    -0.003637      0.15757      0.71132 gtex__hippocampus__M023
gtex__hippocampus__M024                 SET      29    -0.089223   -0.0035745       0.1741      0.69583 gtex__hippocampus__M024
gtex__hippocampus__M025                 SET      25      0.10385    0.0038636       0.2078      0.30862 gtex__hippocampus__M025
gtex__hippocampus__M026                 SET      19      0.10205    0.0033101      0.20786      0.31174 gtex__hippocampus__M026
gtex__hippocampus__M027                 SET      16      -0.3512    -0.010455      0.22661       0.9394 gtex__hippocampus__M027
gtex__hypothalamus__M000                SET    1463     0.011267    0.0030759       0.0252       0.3274 gtex__hypothalamus__M000
gtex__hypothalamus__M001                SET     884     0.046782     0.010099     0.031135     0.066487 gtex__hypothalamus__M001
gtex__hypothalamus__M002                SET     268      0.14879        0.018     0.058013    0.0051673 gtex__hypothalamus__M002
gtex__hypothalamus__M003                SET     265    -0.014852   -0.0017868     0.058722      0.59983 gtex__hypothalamus__M003
gtex__hypothalamus__M004                SET     204    -0.024358   -0.0025756      0.06114      0.65483 gtex__hypothalamus__M004
gtex__hypothalamus__M005                SET     147    -0.015387   -0.0013833     0.075371      0.58088 gtex__hypothalamus__M005
gtex__hypothalamus__M006                SET     129     0.069031    0.0058167     0.082961      0.20268 gtex__hypothalamus__M006
gtex__hypothalamus__M007                SET     129     0.052811    0.0044499     0.074373      0.23883 gtex__hypothalamus__M007
gtex__hypothalamus__M008                SET      97    -0.079391    -0.005806     0.088035      0.81642 gtex__hypothalamus__M008
gtex__hypothalamus__M009                SET      99      0.18812     0.013898     0.099603     0.029471 gtex__hypothalamus__M009
gtex__hypothalamus__M010                SET      77      -0.1247   -0.0081294      0.10491      0.88268 gtex__hypothalamus__M010
gtex__hypothalamus__M011                SET      80    -0.069138    -0.004594      0.10132      0.75248 gtex__hypothalamus__M011
gtex__hypothalamus__M012                SET      72     0.029258    0.0018447      0.10166      0.38675 gtex__hypothalamus__M012
gtex__hypothalamus__M013                SET      62     0.055383    0.0032413      0.10762      0.30342 gtex__hypothalamus__M013
gtex__hypothalamus__M014                SET      55      -0.1884    -0.010387      0.13361      0.92072 gtex__hypothalamus__M014
gtex__hypothalamus__M015                SET      39     -0.10608   -0.0049272      0.15659      0.75094 gtex__hypothalamus__M015
gtex__hypothalamus__M016                SET      28      0.35612      0.01402      0.17748     0.022405 gtex__hypothalamus__M016
gtex__hypothalamus__M017                SET      32     0.019896   0.00083724      0.14341      0.44483 gtex__hypothalamus__M017
gtex__hypothalamus__M018                SET      32     -0.08524    -0.003587      0.17346      0.68843 gtex__hypothalamus__M018
gtex__hypothalamus__M019                SET      27    -0.084043    -0.003249      0.17393      0.68552 gtex__hypothalamus__M019
gtex__hypothalamus__M020                SET      27      0.17527    0.0067757      0.16756      0.14779 gtex__hypothalamus__M020
gtex__hypothalamus__M021                SET      21     -0.22776   -0.0077664      0.17314      0.90581 gtex__hypothalamus__M021
gtex__hypothalamus__M022                SET      28     0.077402    0.0030471      0.16724      0.32175 gtex__hypothalamus__M022
gtex__hypothalamus__M023                SET      24     0.016726   0.00060967      0.19569      0.46595 gtex__hypothalamus__M023
gtex__hypothalamus__M024                SET      25      0.19331    0.0071913      0.16092      0.11483 gtex__hypothalamus__M024
gtex__hypothalamus__M025                SET      25    -0.035203   -0.0013096      0.17222      0.58098 gtex__hypothalamus__M025
gtex__hypothalamus__M026                SET      21    -0.016197  -0.00055231      0.20913      0.53087 gtex__hypothalamus__M026
gtex__hypothalamus__M027                SET      22     -0.27235   -0.0095053      0.20103      0.91224 gtex__hypothalamus__M027
gtex__hypothalamus__M028                SET      14    -0.035168  -0.00097934      0.26424      0.55294 gtex__hypothalamus__M028
gtex__nucleus_accumbens_basa...1        SET    1683     0.062244     0.018104     0.023345    0.0038382 gtex__nucleus_accumbens_basal_ganglia__M000
gtex__nucleus_accumbens_basa...2        SET    1122    -0.019352   -0.0046739     0.028624      0.75051 gtex__nucleus_accumbens_basal_ganglia__M001
gtex__nucleus_accumbens_basa...3        SET     340     0.025822    0.0035115     0.050529      0.30467 gtex__nucleus_accumbens_basal_ganglia__M002
gtex__nucleus_accumbens_basa...4        SET     221    -0.013282   -0.0014611     0.059328      0.58857 gtex__nucleus_accumbens_basal_ganglia__M003
gtex__nucleus_accumbens_basa...5        SET     180   -0.0017043   -0.0001694     0.063379      0.51073 gtex__nucleus_accumbens_basal_ganglia__M004
gtex__nucleus_accumbens_basa...6        SET     102      0.13408     0.010054     0.092423     0.073434 gtex__nucleus_accumbens_basal_ganglia__M005
gtex__nucleus_accumbens_basa...7        SET     116    -0.054919   -0.0043898     0.085838      0.73884 gtex__nucleus_accumbens_basal_ganglia__M006
gtex__nucleus_accumbens_basa...8        SET      94    -0.087683    -0.006313     0.099673      0.81048 gtex__nucleus_accumbens_basal_ganglia__M007
gtex__nucleus_accumbens_basa...9        SET      83     0.025915    0.0017538      0.10232      0.40003 gtex__nucleus_accumbens_basal_ganglia__M008
gtex__nucleus_accumbens_basa...10       SET      58     -0.39958    -0.022621      0.11451      0.99976 gtex__nucleus_accumbens_basal_ganglia__M009
gtex__nucleus_accumbens_basa...11       SET      64   -0.0042079  -0.00025019      0.11245      0.51492 gtex__nucleus_accumbens_basal_ganglia__M010
gtex__nucleus_accumbens_basa...12       SET      43    -0.093321   -0.0045508      0.14779      0.73612 gtex__nucleus_accumbens_basal_ganglia__M011
gtex__nucleus_accumbens_basa...13       SET      39     0.046804    0.0021739      0.13841      0.36762 gtex__nucleus_accumbens_basal_ganglia__M012
gtex__nucleus_accumbens_basa...14       SET      44     0.089833    0.0044312      0.13437      0.25189 gtex__nucleus_accumbens_basal_ganglia__M013
gtex__nucleus_accumbens_basa...15       SET      37     0.035797    0.0016195       0.1535       0.4078 gtex__nucleus_accumbens_basal_ganglia__M014
gtex__nucleus_accumbens_basa...16       SET      35     0.074413    0.0032746       0.1438      0.30241 gtex__nucleus_accumbens_basal_ganglia__M015
gtex__nucleus_accumbens_basa...17       SET      36     0.032207    0.0014374      0.14677      0.41316 gtex__nucleus_accumbens_basal_ganglia__M016
gtex__nucleus_accumbens_basa...18       SET      27     -0.25829   -0.0099851      0.15907      0.94777 gtex__nucleus_accumbens_basal_ganglia__M017
gtex__nucleus_accumbens_basa...19       SET      14     -0.27441   -0.0076416      0.26677      0.84817 gtex__nucleus_accumbens_basal_ganglia__M018
gtex__nucleus_accumbens_basa...20       SET      20     -0.03329   -0.0011078      0.20609      0.56416 gtex__nucleus_accumbens_basal_ganglia__M019
gtex__nucleus_accumbens_basa...21       SET      19      0.20274    0.0065763      0.21741      0.17555 gtex__nucleus_accumbens_basal_ganglia__M020
gtex__putamen_basal_ganglia_...1        SET    1426      0.05454     0.014716     0.025565     0.016454 gtex__putamen_basal_ganglia__M000
gtex__putamen_basal_ganglia_...2        SET     880     0.012417    0.0026748     0.032106      0.34948 gtex__putamen_basal_ganglia__M001
gtex__putamen_basal_ganglia_...3        SET     439     0.068308     0.010526     0.045328     0.065916 gtex__putamen_basal_ganglia__M002
gtex__putamen_basal_ganglia_...4        SET     276     0.016695    0.0020492     0.053199      0.37683 gtex__putamen_basal_ganglia__M003
gtex__putamen_basal_ganglia_...5        SET     249    -0.019308   -0.0022527     0.056702      0.63326 gtex__putamen_basal_ganglia__M004
gtex__putamen_basal_ganglia_...6        SET     173    0.0074596   0.00072701     0.071324      0.45835 gtex__putamen_basal_ganglia__M005
gtex__putamen_basal_ganglia_...7        SET     157     0.015471     0.001437     0.067451      0.40929 gtex__putamen_basal_ganglia__M006
gtex__putamen_basal_ganglia_...8        SET     140      0.03914    0.0034347     0.082725      0.31806 gtex__putamen_basal_ganglia__M007
gtex__putamen_basal_ganglia_...9        SET     124    0.0053882    0.0004452     0.077766      0.47238 gtex__putamen_basal_ganglia__M008
gtex__putamen_basal_ganglia_...10       SET     115     0.071228     0.005669     0.089783       0.2138 gtex__putamen_basal_ganglia__M009
gtex__putamen_basal_ganglia_...11       SET      88     0.032282    0.0022492     0.093552      0.36502 gtex__putamen_basal_ganglia__M010
gtex__putamen_basal_ganglia_...12       SET      78    -0.060726   -0.0039845      0.10604      0.71656 gtex__putamen_basal_ganglia__M011
gtex__putamen_basal_ganglia_...13       SET      71     0.055971    0.0035045      0.10273      0.29293 gtex__putamen_basal_ganglia__M012
gtex__putamen_basal_ganglia_...14       SET      60     0.025869    0.0014894      0.11312      0.40955 gtex__putamen_basal_ganglia__M013
gtex__putamen_basal_ganglia_...15       SET      38    0.0039296   0.00018017      0.15328      0.48977 gtex__putamen_basal_ganglia__M014
gtex__putamen_basal_ganglia_...16       SET      30     0.082822    0.0033747      0.16449       0.3073 gtex__putamen_basal_ganglia__M015
gtex__putamen_basal_ganglia_...17       SET      28     0.069608    0.0027403      0.15781      0.32958 gtex__putamen_basal_ganglia__M016
gtex__putamen_basal_ganglia_...18       SET      27      0.14287    0.0055233      0.17521      0.20741 gtex__putamen_basal_ganglia__M017
gtex__putamen_basal_ganglia_...19       SET      25     -0.32275    -0.012007      0.16003      0.97813 gtex__putamen_basal_ganglia__M018
gtex__putamen_basal_ganglia_...20       SET      21    -0.016858  -0.00057484      0.20745      0.53238 gtex__putamen_basal_ganglia__M019
gtex__putamen_basal_ganglia_...21       SET      13      0.17976    0.0048238      0.26095      0.24547 gtex__putamen_basal_ganglia__M020
gtex__putamen_basal_ganglia_...22       SET      16      0.14754     0.004392       0.2445      0.27312 gtex__putamen_basal_ganglia__M021
gtex__spinal_cord_cervical_c...1        SET    1362    0.0069514    0.0018366     0.026006      0.39462 gtex__spinal_cord_cervical_c_1__M000
gtex__spinal_cord_cervical_c...2        SET     339     0.052515    0.0071312     0.051114      0.15212 gtex__spinal_cord_cervical_c_1__M001
gtex__spinal_cord_cervical_c...3        SET     315     0.042062    0.0055095     0.052512      0.21157 gtex__spinal_cord_cervical_c_1__M002
gtex__spinal_cord_cervical_c...4        SET     170     0.077285    0.0074672     0.068581      0.12989 gtex__spinal_cord_cervical_c_1__M003
gtex__spinal_cord_cervical_c...5        SET     172      0.16237     0.015779     0.067095    0.0077654 gtex__spinal_cord_cervical_c_1__M004
gtex__spinal_cord_cervical_c...6        SET     165    -0.010918   -0.0010394     0.070832      0.56125 gtex__spinal_cord_cervical_c_1__M005
gtex__spinal_cord_cervical_c...7        SET     157      0.07189    0.0066775     0.077713      0.17747 gtex__spinal_cord_cervical_c_1__M006
gtex__spinal_cord_cervical_c...8        SET     102    0.0083392    0.0006253     0.090113      0.46313 gtex__spinal_cord_cervical_c_1__M007
gtex__spinal_cord_cervical_c...9        SET      89      0.11448     0.008021      0.10288      0.13293 gtex__spinal_cord_cervical_c_1__M008
gtex__spinal_cord_cervical_c...10       SET      96     0.040935    0.0029783     0.090384      0.32531 gtex__spinal_cord_cervical_c_1__M009
gtex__spinal_cord_cervical_c...11       SET      83     -0.20154    -0.013639     0.094841       0.9832 gtex__spinal_cord_cervical_c_1__M010
gtex__spinal_cord_cervical_c...12       SET      79    -0.091786   -0.0060608     0.098121      0.82521 gtex__spinal_cord_cervical_c_1__M011
gtex__spinal_cord_cervical_c...13       SET      56    -0.054409   -0.0030268      0.11731      0.67861 gtex__spinal_cord_cervical_c_1__M012
gtex__spinal_cord_cervical_c...14       SET      46     0.074465    0.0037555      0.12737      0.27941 gtex__spinal_cord_cervical_c_1__M013
gtex__spinal_cord_cervical_c...15       SET      40    -0.083462   -0.0039258      0.13827      0.72694 gtex__spinal_cord_cervical_c_1__M014
gtex__spinal_cord_cervical_c...16       SET      40     -0.13822   -0.0065014      0.13762      0.84238 gtex__spinal_cord_cervical_c_1__M015
gtex__spinal_cord_cervical_c...17       SET      37      0.14279    0.0064604      0.14197      0.15726 gtex__spinal_cord_cervical_c_1__M016
gtex__spinal_cord_cervical_c...18       SET      38     -0.11312   -0.0051862      0.13571      0.79771 gtex__spinal_cord_cervical_c_1__M017
gtex__spinal_cord_cervical_c...19       SET      28     -0.25254    -0.009942      0.17962      0.92012 gtex__spinal_cord_cervical_c_1__M018
gtex__spinal_cord_cervical_c...20       SET      33       0.1304    0.0055724      0.15856      0.20542 gtex__spinal_cord_cervical_c_1__M019
gtex__spinal_cord_cervical_c...21       SET      29      0.17081     0.006843      0.17752      0.16798 gtex__spinal_cord_cervical_c_1__M020
gtex__spinal_cord_cervical_c...22       SET      26    -0.044144   -0.0016747      0.19845      0.58801 gtex__spinal_cord_cervical_c_1__M021
gtex__spinal_cord_cervical_c...23       SET      27       0.1136    0.0043916        0.189      0.27391 gtex__spinal_cord_cervical_c_1__M022
gtex__spinal_cord_cervical_c...24       SET      21     -0.16666   -0.0056831       0.1876      0.81282 gtex__spinal_cord_cervical_c_1__M023
gtex__spinal_cord_cervical_c...25       SET      19     -0.15372   -0.0049862      0.18496      0.79703 gtex__spinal_cord_cervical_c_1__M024
gtex__spinal_cord_cervical_c...26       SET      19    -0.051845   -0.0016817      0.22403      0.59151 gtex__spinal_cord_cervical_c_1__M025
gtex__spinal_cord_cervical_c...27       SET      16      0.23777    0.0070782      0.24495      0.16586 gtex__spinal_cord_cervical_c_1__M026
gtex__substantia_nigra__M000            SET    1263     0.048247     0.012311     0.026975     0.036851 gtex__substantia_nigra__M000
gtex__substantia_nigra__M001            SET     758      0.04535    0.0090989     0.034578      0.09485 gtex__substantia_nigra__M001
gtex__substantia_nigra__M002            SET     306    -0.072202   -0.0093237     0.054767       0.9063 gtex__substantia_nigra__M002
gtex__substantia_nigra__M003            SET     256     0.045234    0.0053503     0.054116      0.20162 gtex__substantia_nigra__M003
gtex__substantia_nigra__M004            SET     229     0.005999   0.00067161     0.061732      0.46129 gtex__substantia_nigra__M004
gtex__substantia_nigra__M005            SET     213     0.096667     0.010442     0.068055     0.077752 gtex__substantia_nigra__M005
gtex__substantia_nigra__M006            SET     218       0.1005     0.010981     0.059749     0.046298 gtex__substantia_nigra__M006
gtex__substantia_nigra__M007            SET      99     0.037666    0.0027827     0.089699      0.33727 gtex__substantia_nigra__M007
gtex__substantia_nigra__M008            SET      90    0.0038462     0.000271     0.095241      0.48389 gtex__substantia_nigra__M008
gtex__substantia_nigra__M009            SET      75     -0.19854    -0.012775      0.10688      0.96838 gtex__substantia_nigra__M009
gtex__substantia_nigra__M010            SET      81     0.016093    0.0010759     0.096738      0.43394 gtex__substantia_nigra__M010
gtex__substantia_nigra__M011            SET      78     -0.22829    -0.014979     0.098683      0.98964 gtex__substantia_nigra__M011
gtex__substantia_nigra__M012            SET      70      0.02259    0.0014045       0.1078      0.41701 gtex__substantia_nigra__M012
gtex__substantia_nigra__M013            SET      57    -0.081254   -0.0045603       0.1261      0.74033 gtex__substantia_nigra__M013
gtex__substantia_nigra__M014            SET      53     0.094676    0.0051243      0.12526      0.22489 gtex__substantia_nigra__M014
gtex__substantia_nigra__M015            SET      49       0.1208    0.0062872      0.12318      0.16338 gtex__substantia_nigra__M015
gtex__substantia_nigra__M016            SET      47     0.038109    0.0019427      0.13342      0.38758 gtex__substantia_nigra__M016
gtex__substantia_nigra__M017            SET      47    -0.031565   -0.0016091       0.1264       0.5986 gtex__substantia_nigra__M017
gtex__substantia_nigra__M018            SET      41      0.17968    0.0085564      0.12945     0.082581 gtex__substantia_nigra__M018
gtex__substantia_nigra__M019            SET      41     0.036173    0.0017226      0.14146      0.39909 gtex__substantia_nigra__M019
gtex__substantia_nigra__M020            SET      42     0.086134    0.0041513      0.14286      0.27328 gtex__substantia_nigra__M020
gtex__substantia_nigra__M021            SET      28     -0.17879   -0.0070385      0.15613      0.87391 gtex__substantia_nigra__M021
gtex__substantia_nigra__M022            SET      22       0.0752    0.0026246      0.20821      0.35898 gtex__substantia_nigra__M022
gtex__substantia_nigra__M023            SET      27     0.021017   0.00081249      0.19326       0.4567 gtex__substantia_nigra__M023
gtex__substantia_nigra__M024            SET      21       0.2253    0.0076826      0.20693      0.13813 gtex__substantia_nigra__M024
gtex__substantia_nigra__M025            SET      19      0.18218    0.0059094      0.21855      0.20226 gtex__substantia_nigra__M025
gtex__substantia_nigra__M026            SET      17     -0.14048   -0.0043105      0.22819      0.73093 gtex__substantia_nigra__M026
gtex__substantia_nigra__M027            SET      20      -0.3015    -0.010034      0.19355      0.94035 gtex__substantia_nigra__M027
gtex__substantia_nigra__M028            SET      19      0.23224    0.0075332      0.21508      0.14013 gtex__substantia_nigra__M028
brainseq__caudate__M000                 SET     206     -0.11229    -0.011931     0.063244      0.96209 brainseq__caudate__M000
brainseq__caudate__M001                 SET     687     0.034587    0.0066199     0.036243      0.16997 brainseq__caudate__M001
brainseq__caudate__M002                 SET     625     0.088631     0.016209     0.039255     0.011985 brainseq__caudate__M002
brainseq__caudate__M003                 SET     615    -0.021676   -0.0039335     0.037838      0.71663 brainseq__caudate__M003
brainseq__caudate__M004                 SET     427     0.043863    0.0066682     0.046633      0.17346 brainseq__caudate__M004
brainseq__caudate__M005                 SET     308     0.063015    0.0081635     0.051824      0.11201 brainseq__caudate__M005
brainseq__caudate__M006                 SET     293     0.067497    0.0085321     0.054438      0.10752 brainseq__caudate__M006
brainseq__caudate__M007                 SET     221    -0.071299   -0.0078433     0.059232      0.88564 brainseq__caudate__M007
brainseq__caudate__M008                 SET     159    -0.070489   -0.0065886      0.07301      0.83284 brainseq__caudate__M008
brainseq__caudate__M009                 SET     169     0.051969    0.0050066     0.072086      0.23548 brainseq__caudate__M009
brainseq__caudate__M010                 SET     119       0.1038    0.0084025     0.081859      0.10241 brainseq__caudate__M010
brainseq__caudate__M011                 SET     107    0.0066784   0.00051282     0.090678      0.47065 brainseq__caudate__M011
brainseq__caudate__M012                 SET      99     0.064559    0.0047695     0.090903       0.2388 brainseq__caudate__M012
brainseq__caudate__M013                 SET      49     -0.04806   -0.0025014      0.14176       0.6327 brainseq__caudate__M013
brainseq__caudate__M014                 SET      48     -0.21951    -0.011308      0.13281      0.95081 brainseq__caudate__M014
brainseq__caudate__M015                 SET      46      0.31683     0.015979       0.1312    0.0078755 brainseq__caudate__M015
brainseq__caudate__M016                 SET      41     -0.14849    -0.007071      0.14775      0.84254 brainseq__caudate__M016
brainseq__caudate__M017                 SET      39     0.084631    0.0039309      0.16785      0.30707 brainseq__caudate__M017
brainseq__caudate__M018                 SET      39    -0.071312   -0.0033122      0.14131      0.69309 brainseq__caudate__M018
brainseq__caudate__M019                 SET      32      0.23448    0.0098669      0.15601     0.066432 brainseq__caudate__M019
brainseq__caudate__M020                 SET      29     0.049456    0.0019814      0.16378      0.38134 brainseq__caudate__M020
brainseq__caudate__M021                 SET      22      0.52867     0.018451      0.19082    0.0028009 brainseq__caudate__M021
brainseq__caudate__M022                 SET      25     -0.10983   -0.0040858      0.15275      0.76393 brainseq__caudate__M022
brainseq__caudate__M023                 SET      19     0.097862    0.0031744      0.21236      0.32246 brainseq__caudate__M023
brainseq__caudate__M024                 SET      25    -0.049511   -0.0018419      0.17416      0.61191 brainseq__caudate__M024
brainseq__caudate__M025                 SET      21     0.043381    0.0014793      0.17588      0.40259 brainseq__caudate__M025
brainseq__caudate__M026                 SET      16     -0.18984   -0.0056513      0.21828      0.80776 brainseq__caudate__M026
brainseq__caudate__M027                 SET      19      0.10943    0.0035495      0.21971      0.30923 brainseq__caudate__M027
brainseq__hippocampus__M000             SET     471     0.050032    0.0079782     0.045344      0.13494 brainseq__hippocampus__M000
brainseq__hippocampus__M001             SET     370    -0.022635   -0.0032083     0.049875      0.67502 brainseq__hippocampus__M001
brainseq__hippocampus__M002             SET     331      0.11541     0.015489     0.048209    0.0083396 brainseq__hippocampus__M002
brainseq__hippocampus__M003             SET     292    -0.041962   -0.0052954     0.054533      0.77919 brainseq__hippocampus__M003
brainseq__hippocampus__M004             SET     208     0.088685     0.009468     0.065098     0.086556 brainseq__hippocampus__M004
brainseq__hippocampus__M005             SET     212     0.052128    0.0056178      0.06232      0.20145 brainseq__hippocampus__M005
brainseq__hippocampus__M006             SET     189     0.074625    0.0075984     0.070526      0.14501 brainseq__hippocampus__M006
brainseq__hippocampus__M007             SET     192     -0.15033    -0.015426     0.064717       0.9899 brainseq__hippocampus__M007
brainseq__hippocampus__M008             SET     135      0.11478    0.0098922     0.079487     0.074379 brainseq__hippocampus__M008
brainseq__hippocampus__M009             SET     123      0.04867    0.0040052     0.080627      0.27304 brainseq__hippocampus__M009
brainseq__hippocampus__M010             SET     106     -0.16043    -0.012262     0.094958      0.95443 brainseq__hippocampus__M010
brainseq__hippocampus__M011             SET      99     0.056001    0.0041372     0.092579      0.27263 brainseq__hippocampus__M011
brainseq__hippocampus__M012             SET      79     0.059729     0.003944       0.1039      0.28269 brainseq__hippocampus__M012
brainseq__hippocampus__M013             SET      81     0.071957    0.0048109      0.10445      0.24545 brainseq__hippocampus__M013
brainseq__hippocampus__M014             SET      76      0.08264    0.0053527      0.10666      0.21923 brainseq__hippocampus__M014
brainseq__hippocampus__M015             SET      81      0.12478    0.0083427     0.097005     0.099172 brainseq__hippocampus__M015
brainseq__hippocampus__M016             SET      69     0.085252    0.0052625      0.10959      0.21832 brainseq__hippocampus__M016
brainseq__hippocampus__M017             SET      73    -0.070582   -0.0044809       0.1093      0.74077 brainseq__hippocampus__M017
brainseq__hippocampus__M018             SET      68    -0.055837   -0.0034218      0.11593      0.68497 brainseq__hippocampus__M018
brainseq__hippocampus__M019             SET      66     0.059094    0.0035679       0.1149      0.30353 brainseq__hippocampus__M019
brainseq__hippocampus__M020             SET      60    -0.011318  -0.00065168      0.11593      0.53889 brainseq__hippocampus__M020
brainseq__hippocampus__M021             SET      44    -0.051151   -0.0025232      0.13315      0.64957 brainseq__hippocampus__M021
brainseq__hippocampus__M022             SET      41      0.27887      0.01328      0.14595     0.028024 brainseq__hippocampus__M022
brainseq__hippocampus__M023             SET      36      0.15592    0.0069584      0.16064      0.16588 brainseq__hippocampus__M023
brainseq__hippocampus__M024             SET      34     -0.10573   -0.0045857      0.15116      0.75785 brainseq__hippocampus__M024
brainseq__hippocampus__M025             SET      37      -0.1045   -0.0047277      0.15189      0.75425 brainseq__hippocampus__M025
brainseq__hippocampus__M026             SET      34      0.45931     0.019922       0.1561    0.0016311 brainseq__hippocampus__M026
brainseq__hippocampus__M027             SET      34     -0.20322   -0.0088143      0.17139      0.88212 brainseq__hippocampus__M027
brainseq__hippocampus__M028             SET      22      0.16171    0.0056439      0.20284      0.21267 brainseq__hippocampus__M028
brainseq__hippocampus__M029             SET      20      0.29557    0.0098361      0.21103     0.080675 brainseq__hippocampus__M029
brainseq__hippocampus__M030             SET      21       0.1684    0.0057423      0.21851      0.22046 brainseq__hippocampus__M030
brainseq__hippocampus__M031             SET      16      -0.5873    -0.017483      0.22976       0.9947 brainseq__hippocampus__M031
brainseq__dlpfc__M000                   SET     589     0.031371    0.0055754     0.039729      0.21488 brainseq__dlpfc__M000
brainseq__dlpfc__M001                   SET     422    -0.007719   -0.0011667     0.044486      0.56888 brainseq__dlpfc__M001
brainseq__dlpfc__M002                   SET     368     0.077421     0.010945     0.050237     0.061655 brainseq__dlpfc__M002
brainseq__dlpfc__M003                   SET     332     0.081592     0.010967     0.053294     0.062897 brainseq__dlpfc__M003
brainseq__dlpfc__M004                   SET     260     0.042892    0.0051121     0.054584        0.216 brainseq__dlpfc__M004
brainseq__dlpfc__M005                   SET     217     0.065945    0.0071892     0.063131      0.14812 brainseq__dlpfc__M005
brainseq__dlpfc__M006                   SET     207    -0.037073   -0.0039484     0.067911      0.70743 brainseq__dlpfc__M006
brainseq__dlpfc__M007                   SET     199     0.065208    0.0068111      0.06266      0.14902 brainseq__dlpfc__M007
brainseq__dlpfc__M008                   SET     186    -0.011603   -0.0011721     0.067839       0.5679 brainseq__dlpfc__M008
brainseq__dlpfc__M009                   SET     160      0.04432    0.0041555     0.072857      0.27149 brainseq__dlpfc__M009
brainseq__dlpfc__M010                   SET     160       0.1156     0.010839     0.073638     0.058232 brainseq__dlpfc__M010
brainseq__dlpfc__M011                   SET     153    -0.097996   -0.0089867     0.074332       0.9063 brainseq__dlpfc__M011
brainseq__dlpfc__M012                   SET     132     0.015315    0.0013053     0.080306      0.42438 brainseq__dlpfc__M012
brainseq__dlpfc__M013                   SET     134     0.077946     0.006693     0.080262      0.16574 brainseq__dlpfc__M013
brainseq__dlpfc__M014                   SET     111      0.18053     0.014117     0.089755     0.022153 brainseq__dlpfc__M014
brainseq__dlpfc__M015                   SET     112    0.0013472   0.00010582     0.083393      0.49356 brainseq__dlpfc__M015
brainseq__dlpfc__M016                   SET      99     0.056984    0.0042099     0.092681      0.26933 brainseq__dlpfc__M016
brainseq__dlpfc__M017                   SET      92      0.13342    0.0095041     0.092132     0.073792 brainseq__dlpfc__M017
brainseq__dlpfc__M018                   SET      78      0.01332   0.00087402      0.10223      0.44816 brainseq__dlpfc__M018
brainseq__dlpfc__M019                   SET      78       0.1036    0.0067974      0.10682      0.16607 brainseq__dlpfc__M019
brainseq__dlpfc__M020                   SET      68     0.071575    0.0043862      0.11771      0.27157 brainseq__dlpfc__M020
brainseq__dlpfc__M021                   SET      72    -0.087542   -0.0055196      0.10908      0.78887 brainseq__dlpfc__M021
brainseq__dlpfc__M022                   SET      71      0.18779     0.011758      0.10137      0.03198 brainseq__dlpfc__M022
brainseq__dlpfc__M023                   SET      72      0.03481    0.0021948      0.10811      0.37373 brainseq__dlpfc__M023
brainseq__dlpfc__M024                   SET      38     0.049725    0.0022798      0.15314      0.37271 brainseq__dlpfc__M024
brainseq__dlpfc__M025                   SET      35     0.049525    0.0021794      0.15329      0.37332 brainseq__dlpfc__M025
brainseq__dlpfc__M026                   SET      34     0.072055    0.0031253      0.14325      0.30748 brainseq__dlpfc__M026
brainseq__dlpfc__M027                   SET      28     -0.10958   -0.0043138      0.17178      0.73823 brainseq__dlpfc__M027
brainseq__dlpfc__M028                   SET      33       0.3996     0.017076      0.17842     0.012563 brainseq__dlpfc__M028
brainseq__dlpfc__M029                   SET      28     0.024393   0.00096028      0.15808      0.43869 brainseq__dlpfc__M029
brainseq__dlpfc__M030                   SET      25      0.37011     0.013769      0.17747     0.018519 brainseq__dlpfc__M030
brainseq__dlpfc__M031                   SET      23     -0.14197   -0.0050661       0.1716      0.79597 brainseq__dlpfc__M031
brainseq__dlpfc__M032                   SET      22     -0.15776   -0.0055062      0.20579      0.77834 brainseq__dlpfc__M032
brainseq__dlpfc__M033                   SET      20    -0.022475  -0.00074793      0.19637      0.54556 brainseq__dlpfc__M033
brainseq__dlpfc__M034                   SET      20     -0.22962   -0.0076414      0.19794      0.87698 brainseq__dlpfc__M034
brainseq__dlpfc__M035                   SET      17       0.2322    0.0071248      0.20437      0.12795 brainseq__dlpfc__M035
brainseq__dlpfc__M036                   SET      18     0.073113    0.0023084      0.19832      0.35619 brainseq__dlpfc__M036
brainseq__dlpfc__M037                   SET      18     -0.10549   -0.0033305      0.19182      0.70881 brainseq__dlpfc__M037
brainseq__caudate_sczd__M000            SET     659     0.099701     0.018705     0.038094    0.0044357 brainseq__caudate_sczd__M000
brainseq__caudate_sczd__M001            SET     203    -0.074614   -0.0078705     0.064457      0.87647 brainseq__caudate_sczd__M001
brainseq__caudate_sczd__M002            SET     666     0.013534     0.002552     0.037337       0.3585 brainseq__caudate_sczd__M002
brainseq__caudate_sczd__M003            SET     590   -0.0038322  -0.00068163     0.038052      0.54011 brainseq__caudate_sczd__M003
brainseq__caudate_sczd__M004            SET     396     0.059907     0.008778     0.047675      0.10446 brainseq__caudate_sczd__M004
brainseq__caudate_sczd__M005            SET     304     0.059737    0.0076892     0.051653      0.12375 brainseq__caudate_sczd__M005
brainseq__caudate_sczd__M006            SET     281     0.010243    0.0012684     0.056046       0.4275 brainseq__caudate_sczd__M006
brainseq__caudate_sczd__M007            SET      91   -0.0047077  -0.00033352     0.098489      0.51906 brainseq__caudate_sczd__M007
brainseq__caudate_sczd__M008            SET     240    -0.044225   -0.0050671     0.060621      0.76716 brainseq__caudate_sczd__M008
brainseq__caudate_sczd__M009            SET     204    -0.047481   -0.0050206     0.062787      0.77524 brainseq__caudate_sczd__M009
brainseq__caudate_sczd__M010            SET     125    -0.069184   -0.0057391     0.083771      0.79556 brainseq__caudate_sczd__M010
brainseq__caudate_sczd__M011            SET     119     0.083256    0.0067398     0.084758      0.16299 brainseq__caudate_sczd__M011
brainseq__caudate_sczd__M012            SET     102    -0.059743   -0.0044797     0.086323      0.75555 brainseq__caudate_sczd__M012
brainseq__caudate_sczd__M013            SET      90      0.13588    0.0095741     0.091891     0.069613 brainseq__caudate_sczd__M013
brainseq__caudate_sczd__M014            SET      65     -0.15349   -0.0091969      0.10955      0.91939 brainseq__caudate_sczd__M014
brainseq__caudate_sczd__M015            SET      57      -0.1094   -0.0061402      0.11962      0.81978 brainseq__caudate_sczd__M015
brainseq__caudate_sczd__M016            SET      58     0.024518     0.001388      0.11511      0.41566 brainseq__caudate_sczd__M016
brainseq__caudate_sczd__M017            SET      52     0.062729    0.0033631      0.12621       0.3096 brainseq__caudate_sczd__M017
brainseq__caudate_sczd__M018            SET      46     -0.18608   -0.0093847       0.1281      0.92682 brainseq__caudate_sczd__M018
brainseq__caudate_sczd__M019            SET      46    0.0060582   0.00030554      0.14258      0.48305 brainseq__caudate_sczd__M019
brainseq__caudate_sczd__M020            SET      41     0.070873     0.003375      0.13991      0.30623 brainseq__caudate_sczd__M020
brainseq__caudate_sczd__M021            SET      32     0.024532    0.0010323      0.15093      0.43544 brainseq__caudate_sczd__M021
brainseq__caudate_sczd__M022            SET      29     0.060716    0.0024325      0.17087      0.36117 brainseq__caudate_sczd__M022
brainseq__caudate_sczd__M023            SET      27     0.094755    0.0036631      0.18235      0.30167 brainseq__caudate_sczd__M023
brainseq__caudate_sczd__M024            SET      25    -0.081262   -0.0030231      0.17855      0.67548 brainseq__caudate_sczd__M024
brainseq__caudate_sczd__M025            SET      25     -0.38517    -0.014329       0.1614      0.99149 brainseq__caudate_sczd__M025
brainseq__caudate_sczd__M026            SET      23    -0.028509   -0.0010173      0.17569      0.56445 brainseq__caudate_sczd__M026
brainseq__caudate_sczd__M027            SET      24      0.03125    0.0011391      0.16821      0.42631 brainseq__caudate_sczd__M027
brainseq__caudate_sczd__M028            SET      20      0.30959     0.010303      0.23041     0.089536 brainseq__caudate_sczd__M028
brainseq__caudate_sczd__M029            SET      17      0.40303     0.012367      0.23697     0.044504 brainseq__caudate_sczd__M029
brainseq__caudate_sczd__M030            SET      19      0.19611    0.0063611       0.1942       0.1563 brainseq__caudate_sczd__M030
brainseq__caudate_sczd__M031            SET      18     -0.19151   -0.0060465      0.22767      0.79987 brainseq__caudate_sczd__M031
brainseq__caudate_sczd__M032            SET      13    -0.015914  -0.00042706      0.24464      0.52593 brainseq__caudate_sczd__M032
