# TOTAL_GENES = 18040
# TEST_DIRECTION = one-sided, positive (set), two-sided (covar)
# CONDITIONED_INTERNAL = gene size, gene density, sample size, inverse mac, log(gene size), log(gene density), log(sample size), log(inverse mac)
VARIABLE                               TYPE  NGENES         BETA     BETA_STD           SE            P FULL_NAME
gtex__amygdala__M000                    SET    1206    0.0058751    0.0014674     0.028081      0.41714 gtex__amygdala__M000
gtex__amygdala__M001                    SET    1132     0.043185     0.010473     0.027933      0.06106 gtex__amygdala__M001
gtex__amygdala__M002                    SET     905     0.025591    0.0055864     0.031484      0.20816 gtex__amygdala__M002
gtex__amygdala__M003                    SET     647     0.056536     0.010513     0.035203     0.054145 gtex__amygdala__M003
gtex__amygdala__M004                    SET     525     0.017982    0.0030227     0.039655      0.32511 gtex__amygdala__M004
gtex__amygdala__M005                    SET     316      0.11468     0.015044     0.053501     0.016045 gtex__amygdala__M005
gtex__amygdala__M006                    SET     170     -0.10543    -0.010187     0.069862      0.93436 gtex__amygdala__M006
gtex__amygdala__M007                    SET     143     0.002625   0.00023279     0.070644      0.48518 gtex__amygdala__M007
gtex__amygdala__M008                    SET     106     0.028873    0.0022068     0.084949      0.36697 gtex__amygdala__M008
gtex__amygdala__M009                    SET      88      0.15416     0.010741     0.092204     0.047277 gtex__amygdala__M009
gtex__amygdala__M010                    SET      80    -0.045464   -0.0030209     0.099451      0.67621 gtex__amygdala__M010
gtex__amygdala__M011                    SET      74     -0.14802   -0.0094609      0.10493      0.92082 gtex__amygdala__M011
gtex__amygdala__M012                    SET      55      0.14435    0.0079586      0.12653      0.12698 gtex__amygdala__M012
gtex__amygdala__M013                    SET      61    -0.095471   -0.0055424      0.12157      0.78386 gtex__amygdala__M013
gtex__amygdala__M014                    SET      53      0.15438    0.0083558      0.12945      0.11652 gtex__amygdala__M014
gtex__amygdala__M015                    SET      38    0.0074608   0.00034207      0.14363      0.47929 gtex__amygdala__M015
gtex__amygdala__M016                    SET      41    -0.010435  -0.00049691       0.1346       0.5309 gtex__amygdala__M016
gtex__amygdala__M017                    SET      36    -0.093997   -0.0041949      0.15241      0.73129 gtex__amygdala__M017
gtex__amygdala__M018                    SET      40     -0.12959   -0.0060955       0.1415      0.82012 gtex__amygdala__M018
gtex__amygdala__M019                    SET      32     -0.20919   -0.0088027      0.15755      0.90786 gtex__amygdala__M019
gtex__amygdala__M020                    SET      23     -0.12464   -0.0044479      0.17361       0.7636 gtex__amygdala__M020
gtex__amygdala__M021                    SET      27    -0.008529  -0.00032972      0.17477      0.51946 gtex__amygdala__M021
gtex__amygdala__M022                    SET      22     -0.10367   -0.0036183      0.21429      0.68573 gtex__amygdala__M022
gtex__amygdala__M023                    SET      25    -0.021836  -0.00081232      0.18559      0.54683 gtex__amygdala__M023
gtex__amygdala__M024                    SET      15      0.17089    0.0049257      0.23091      0.22963 gtex__amygdala__M024
gtex__amygdala__M025                    SET      18    -0.045387    -0.001433      0.21011      0.58551 gtex__amygdala__M025
gtex__amygdala__M026                    SET      17     -0.02476  -0.00075975      0.22832      0.54318 gtex__amygdala__M026
gtex__amygdala__M027                    SET      17      0.23246    0.0071328      0.23205      0.15824 gtex__amygdala__M027
gtex__amygdala__M028                    SET      19     0.048446    0.0015714      0.20608      0.40708 gtex__amygdala__M028
gtex__amygdala__M029                    SET      13     -0.37637      -0.0101      0.24402       0.9385 gtex__amygdala__M029
gtex__amygdala__M030                    SET      16     0.087516    0.0026053      0.20564      0.33521 gtex__amygdala__M030
gtex__amygdala__M031                    SET      14    0.0084232   0.00023457      0.25333      0.48674 gtex__amygdala__M031
gtex__amygdala__M032                    SET      12     -0.10973   -0.0028291      0.27162      0.65688 gtex__amygdala__M032
gtex__anterior_cingulate_cor...1        SET    2256     0.037931     0.012547     0.020711      0.03353 gtex__anterior_cingulate_cortex_ba24__M000
gtex__anterior_cingulate_cor...2        SET    1288   -0.0092138   -0.0023725     0.026652      0.63522 gtex__anterior_cingulate_cortex_ba24__M001
gtex__anterior_cingulate_cor...3        SET     629     0.014279    0.0026194     0.037844      0.35298 gtex__anterior_cingulate_cortex_ba24__M002
gtex__anterior_cingulate_cor...4        SET     519     0.021999    0.0036773     0.042575      0.30269 gtex__anterior_cingulate_cortex_ba24__M003
gtex__anterior_cingulate_cor...5        SET     437     0.092609     0.014238     0.041731     0.013244 gtex__anterior_cingulate_cortex_ba24__M004
gtex__anterior_cingulate_cor...6        SET     462     0.043137    0.0068144     0.043022      0.15802 gtex__anterior_cingulate_cortex_ba24__M005
gtex__anterior_cingulate_cor...7        SET     298  -0.00012877  -1.6413e-05     0.052221      0.50098 gtex__anterior_cingulate_cortex_ba24__M006
gtex__anterior_cingulate_cor...8        SET     197       0.1285     0.013355     0.067658     0.028776 gtex__anterior_cingulate_cortex_ba24__M007
gtex__anterior_cingulate_cor...9        SET     174     -0.12101    -0.011827     0.065759      0.96712 gtex__anterior_cingulate_cortex_ba24__M008
gtex__anterior_cingulate_cor...10       SET     102     -0.02197   -0.0016474     0.084898       0.6021 gtex__anterior_cingulate_cortex_ba24__M009
gtex__anterior_cingulate_cor...11       SET      92       0.1245    0.0088682     0.093643     0.091854 gtex__anterior_cingulate_cortex_ba24__M010
gtex__anterior_cingulate_cor...12       SET      72     -0.13306   -0.0083896      0.10339      0.90095 gtex__anterior_cingulate_cortex_ba24__M011
gtex__anterior_cingulate_cor...13       SET      65     0.064672    0.0038751      0.11203      0.28188 gtex__anterior_cingulate_cortex_ba24__M012
gtex__anterior_cingulate_cor...14       SET      72    -0.059764   -0.0037682      0.10314      0.71885 gtex__anterior_cingulate_cortex_ba24__M013
gtex__anterior_cingulate_cor...15       SET      51      0.10128    0.0053773      0.12871      0.21568 gtex__anterior_cingulate_cortex_ba24__M014
gtex__anterior_cingulate_cor...16       SET      43     0.083583    0.0040759      0.14323      0.27976 gtex__anterior_cingulate_cortex_ba24__M015
gtex__anterior_cingulate_cor...17       SET      35     -0.37627    -0.016558      0.15415      0.99267 gtex__anterior_cingulate_cortex_ba24__M016
gtex__anterior_cingulate_cor...18       SET      31     0.059061    0.0024462      0.16977      0.36397 gtex__anterior_cingulate_cortex_ba24__M017
gtex__anterior_cingulate_cor...19       SET      17      0.22041     0.006763      0.20703      0.14354 gtex__anterior_cingulate_cortex_ba24__M018
gtex__anterior_cingulate_cor...20       SET      19     0.066066     0.002143       0.2225      0.38327 gtex__anterior_cingulate_cortex_ba24__M019
gtex__anterior_cingulate_cor...21       SET      20      0.10934    0.0036387      0.18984      0.28232 gtex__anterior_cingulate_cortex_ba24__M020
gtex__anterior_cingulate_cor...22       SET      19     -0.27255   -0.0088407      0.21932        0.893 gtex__anterior_cingulate_cortex_ba24__M021
gtex__anterior_cingulate_cor...23       SET      13     0.094814    0.0025444      0.28169      0.36822 gtex__anterior_cingulate_cortex_ba24__M022
gtex__anterior_cingulate_cor...24       SET      15      0.10773    0.0031051      0.25001      0.33328 gtex__anterior_cingulate_cortex_ba24__M023
gtex__anterior_cingulate_cor...25       SET      16      0.26043    0.0077526      0.22664      0.12527 gtex__anterior_cingulate_cortex_ba24__M024
gtex__caudate_basal_ganglia_...1        SET    1520     0.043885      0.01219     0.024964     0.039388 gtex__caudate_basal_ganglia__M000
gtex__caudate_basal_ganglia_...2        SET    1237     0.011045    0.0027914     0.027396      0.34341 gtex__caudate_basal_ganglia__M001
gtex__caudate_basal_ganglia_...3        SET     842     0.000802   0.00016918     0.032939      0.49029 gtex__caudate_basal_ganglia__M002
gtex__caudate_basal_ganglia_...4        SET     596    0.0052423   0.00093702     0.036495      0.44289 gtex__caudate_basal_ganglia__M003
gtex__caudate_basal_ganglia_...5        SET     560  -0.00054396  -9.4342e-05     0.039983      0.50543 gtex__caudate_basal_ganglia__M004
gtex__caudate_basal_ganglia_...6        SET     442    0.0060111   0.00092934     0.043433      0.44496 gtex__caudate_basal_ganglia__M005
gtex__caudate_basal_ganglia_...7        SET     222    -0.012213   -0.0013465     0.061607      0.57857 gtex__caudate_basal_ganglia__M006
gtex__caudate_basal_ganglia_...8        SET     203     0.061727    0.0065112     0.061767      0.15882 gtex__caudate_basal_ganglia__M007
gtex__caudate_basal_ganglia_...9        SET     178    -0.064299   -0.0063556      0.07246      0.81256 gtex__caudate_basal_ganglia__M008
gtex__caudate_basal_ganglia_...10       SET     116     0.065105     0.005204     0.081762      0.21294 gtex__caudate_basal_ganglia__M009
gtex__caudate_basal_ganglia_...11       SET     113    -0.043709   -0.0034486     0.083903       0.6988 gtex__caudate_basal_ganglia__M010
gtex__caudate_basal_ganglia_...12       SET      76      0.13025    0.0084363      0.10345      0.10402 gtex__caudate_basal_ganglia__M011
gtex__caudate_basal_ganglia_...13       SET      72     0.031083    0.0019598     0.099585      0.37747 gtex__caudate_basal_ganglia__M012
gtex__caudate_basal_ganglia_...14       SET      75    -0.069419   -0.0044668      0.10378      0.74821 gtex__caudate_basal_ganglia__M013
gtex__caudate_basal_ganglia_...15       SET      58      0.25046     0.014179      0.12052      0.01885 gtex__caudate_basal_ganglia__M014
gtex__caudate_basal_ganglia_...16       SET      66    -0.080658   -0.0048699      0.10593       0.7768 gtex__caudate_basal_ganglia__M015
gtex__caudate_basal_ganglia_...17       SET      48   -0.0095277  -0.00049082      0.13166      0.52884 gtex__caudate_basal_ganglia__M016
gtex__caudate_basal_ganglia_...18       SET      33      0.13488    0.0057636      0.16415      0.20563 gtex__caudate_basal_ganglia__M017
gtex__caudate_basal_ganglia_...19       SET      34     -0.18989   -0.0082361      0.16156      0.88006 gtex__caudate_basal_ganglia__M018
gtex__caudate_basal_ganglia_...20       SET      30     -0.12304   -0.0050135       0.1567      0.78382 gtex__caudate_basal_ganglia__M019
gtex__caudate_basal_ganglia_...21       SET      18      -0.2235   -0.0070564      0.18624      0.88493 gtex__caudate_basal_ganglia__M020
gtex__caudate_basal_ganglia_...22       SET      24       0.3257     0.011872      0.18598     0.039965 gtex__caudate_basal_ganglia__M021
gtex__caudate_basal_ganglia_...23       SET      15     -0.22941   -0.0066126      0.22755      0.84331 gtex__caudate_basal_ganglia__M022
gtex__caudate_basal_ganglia_...24       SET      20      0.28071    0.0093416      0.18126     0.060739 gtex__caudate_basal_ganglia__M023
gtex__caudate_basal_ganglia_...25       SET      16     -0.31796   -0.0094652      0.21117      0.93392 gtex__caudate_basal_ganglia__M024
gtex__caudate_basal_ganglia_...26       SET      20      0.10621    0.0035347      0.20502      0.30221 gtex__caudate_basal_ganglia__M025
gtex__caudate_basal_ganglia_...27       SET      13   -0.0090055  -0.00024167      0.23822      0.51508 gtex__caudate_basal_ganglia__M026
gtex__caudate_basal_ganglia_...28       SET      13      0.03961     0.001063      0.27407      0.44254 gtex__caudate_basal_ganglia__M027
gtex__cerebellar_hemisphere_...1        SET    2459     0.029073    0.0099757     0.020067     0.073702 gtex__cerebellar_hemisphere__M000
gtex__cerebellar_hemisphere_...2        SET     759    -0.060227    -0.012091     0.032759        0.967 gtex__cerebellar_hemisphere__M001
gtex__cerebellar_hemisphere_...3        SET     837     0.090418     0.019019     0.033065    0.0031268 gtex__cerebellar_hemisphere__M002
gtex__cerebellar_hemisphere_...4        SET     801     0.049982     0.010296     0.032152     0.060037 gtex__cerebellar_hemisphere__M003
gtex__cerebellar_hemisphere_...5        SET     578    -0.044711   -0.0078741      0.03817      0.87927 gtex__cerebellar_hemisphere__M004
gtex__cerebellar_hemisphere_...6        SET     158     0.069312    0.0064583     0.068833      0.15698 gtex__cerebellar_hemisphere__M005
gtex__cerebellar_hemisphere_...7        SET     173    -0.042413   -0.0041336     0.067579      0.73487 gtex__cerebellar_hemisphere__M006
gtex__cerebellar_hemisphere_...8        SET     140     -0.14995    -0.013159     0.074851      0.97742 gtex__cerebellar_hemisphere__M007
gtex__cerebellar_hemisphere_...9        SET     115     0.042212    0.0033596     0.082418      0.30427 gtex__cerebellar_hemisphere__M008
gtex__cerebellar_hemisphere_...10       SET     113      0.10115    0.0079805     0.089913      0.13031 gtex__cerebellar_hemisphere__M009
gtex__cerebellar_hemisphere_...11       SET     116     0.055039    0.0043994     0.080472      0.24701 gtex__cerebellar_hemisphere__M010
gtex__cerebellar_hemisphere_...12       SET     105     0.022898    0.0017419     0.099366      0.40888 gtex__cerebellar_hemisphere__M011
gtex__cerebellar_hemisphere_...13       SET      79      -0.0107  -0.00070653      0.10306      0.54134 gtex__cerebellar_hemisphere__M012
gtex__cerebellar_hemisphere_...14       SET      54     0.061053    0.0033354      0.11737      0.30147 gtex__cerebellar_hemisphere__M013
gtex__cerebellar_hemisphere_...15       SET      46     0.098993    0.0049926      0.13103      0.22498 gtex__cerebellar_hemisphere__M014
gtex__cerebellar_hemisphere_...16       SET      43     -0.13318   -0.0064947      0.13811      0.83256 gtex__cerebellar_hemisphere__M015
gtex__cerebellar_hemisphere_...17       SET      36     -0.17402   -0.0077662      0.14573      0.88378 gtex__cerebellar_hemisphere__M016
gtex__cerebellar_hemisphere_...18       SET      36     0.087013    0.0038832      0.14799      0.27828 gtex__cerebellar_hemisphere__M017
gtex__cerebellar_hemisphere_...19       SET      38    -0.079244   -0.0036332      0.15325      0.69745 gtex__cerebellar_hemisphere__M018
gtex__cerebellar_hemisphere_...20       SET      31    -0.083183   -0.0034454      0.15891      0.69967 gtex__cerebellar_hemisphere__M019
gtex__cerebellar_hemisphere_...21       SET      30       0.1548    0.0063076       0.1639      0.17247 gtex__cerebellar_hemisphere__M020
gtex__cerebellar_hemisphere_...22       SET      17     0.090585    0.0027795      0.23259      0.34847 gtex__cerebellar_hemisphere__M021
gtex__cerebellar_hemisphere_...23       SET      15     -0.22773   -0.0065643      0.19309      0.88088 gtex__cerebellar_hemisphere__M022
gtex__cerebellar_hemisphere_...24       SET      16     -0.14442   -0.0042991      0.23085       0.7342 gtex__cerebellar_hemisphere__M023
gtex__cerebellum__M000                  SET    1458    0.0090642    0.0024706     0.025045      0.35871 gtex__cerebellum__M000
gtex__cerebellum__M001                  SET     599      0.11312     0.020268     0.039063    0.0018929 gtex__cerebellum__M001
gtex__cerebellum__M002                  SET     519    0.0050081   0.00083716     0.039463      0.44951 gtex__cerebellum__M002
gtex__cerebellum__M003                  SET     488    -0.044722   -0.0072555     0.040904      0.86287 gtex__cerebellum__M003
gtex__cerebellum__M004                  SET     413   -0.0010272  -0.00015364      0.04332      0.50946 gtex__cerebellum__M004
gtex__cerebellum__M005                  SET     235     0.020334    0.0023057     0.057116      0.36092 gtex__cerebellum__M005
gtex__cerebellum__M006                  SET     217    0.0089479   0.00097548     0.062659      0.44322 gtex__cerebellum__M006
gtex__cerebellum__M007                  SET     214     0.029194    0.0031608     0.067559      0.33283 gtex__cerebellum__M007
gtex__cerebellum__M008                  SET     177      0.18175     0.017915     0.068025    0.0037746 gtex__cerebellum__M008
gtex__cerebellum__M009                  SET     162    -0.085997   -0.0081129     0.069702      0.89135 gtex__cerebellum__M009
gtex__cerebellum__M010                  SET     131     0.078806    0.0066912     0.080069      0.16251 gtex__cerebellum__M010
gtex__cerebellum__M011                  SET     119     0.011794   0.00095473     0.085171      0.44493 gtex__cerebellum__M011
gtex__cerebellum__M012                  SET      76     -0.11143   -0.0072173     0.099982      0.86745 gtex__cerebellum__M012
gtex__cerebellum__M013                  SET      33     0.084373    0.0036054      0.14917      0.28583 gtex__cerebellum__M013
gtex__cerebellum__M014                  SET      26    -0.036116   -0.0013701      0.15343      0.59304 gtex__cerebellum__M014
gtex__cerebellum__M015                  SET      28      0.14538    0.0057231      0.16751      0.19274 gtex__cerebellum__M015
gtex__cerebellum__M016                  SET      26    -0.013087  -0.00049647      0.15179      0.53435 gtex__cerebellum__M016
gtex__cerebellum__M017                  SET      24      0.11109    0.0040492      0.18627      0.27546 gtex__cerebellum__M017
gtex__cerebellum__M018                  SET      23     -0.20961     -0.00748      0.19276      0.86157 gtex__cerebellum__M018
gtex__cerebellum__M019                  SET      16     0.024614   0.00073273      0.23187      0.45773 gtex__cerebellum__M019
gtex__cerebellum__M020                  SET      18      0.12967    0.0040939      0.22774      0.28456 gtex__cerebellum__M020
gtex__cortex__M000                      SET    1576     0.053739     0.015174     0.024516     0.014197 gtex__cortex__M000
gtex__cortex__M001                      SET     979   -0.0037521  -0.00085005     0.029707      0.55025 gtex__cortex__M001
gtex__cortex__M002                      SET     742     0.029894    0.0059368     0.034161      0.19077 gtex__cortex__M002
gtex__cortex__M003                      SET     361      0.03885    0.0054407     0.050436      0.22057 gtex__cortex__M003
gtex__cortex__M004                      SET     256    -0.091089    -0.010774     0.055201      0.95053 gtex__cortex__M004
gtex__cortex__M005                      SET     240     0.051203    0.0058666     0.059176      0.19345 gtex__cortex__M005
gtex__cortex__M006                      SET     221     0.012952    0.0014248     0.059287      0.41353 gtex__cortex__M006
gtex__cortex__M007                      SET     189    -0.013326   -0.0013568     0.065941      0.58007 gtex__cortex__M007
gtex__cortex__M008                      SET     201   -0.0094593  -0.00099293     0.062871       0.5598 gtex__cortex__M008
gtex__cortex__M009                      SET     132    -0.099261   -0.0084599     0.077692       0.8993 gtex__cortex__M009
gtex__cortex__M010                      SET     138    -0.051623   -0.0044979     0.083691      0.73132 gtex__cortex__M010
gtex__cortex__M011                      SET     129     0.050229    0.0042324     0.083979      0.27489 gtex__cortex__M011
gtex__cortex__M012                      SET     107      0.07486    0.0057483     0.087807      0.19696 gtex__cortex__M012
gtex__cortex__M013                      SET      85    -0.011535  -0.00078993      0.10429      0.54404 gtex__cortex__M013
gtex__cortex__M014                      SET      61      0.37439     0.021734      0.12079   0.00097073 gtex__cortex__M014
gtex__cortex__M015                      SET      40     0.078899    0.0037112      0.15593      0.30644 gtex__cortex__M015
gtex__cortex__M016                      SET      40     0.084963    0.0039964       0.1422       0.2751 gtex__cortex__M016
gtex__cortex__M017                      SET      31     -0.10953   -0.0045368       0.1632      0.74893 gtex__cortex__M017
gtex__cortex__M018                      SET      31     -0.10793   -0.0044703      0.15903      0.75132 gtex__cortex__M018
gtex__cortex__M019                      SET      26    0.0028297   0.00010735      0.17646       0.4936 gtex__cortex__M019
gtex__cortex__M020                      SET      20      0.20498    0.0068215      0.22591      0.18212 gtex__cortex__M020
gtex__cortex__M021                      SET      14     0.038608    0.0010751      0.21197      0.42774 gtex__cortex__M021
gtex__cortex__M022                      SET      17     0.023152   0.00071041      0.19931      0.45376 gtex__cortex__M022
gtex__cortex__M023                      SET      19      0.44911     0.014568      0.20856     0.015651 gtex__cortex__M023
gtex__cortex__M024                      SET      20     0.041528     0.001382      0.20221      0.41864 gtex__cortex__M024
gtex__frontal_cortex_ba9__M0...1        SET    3212     0.029305     0.011211     0.018118     0.052901 gtex__frontal_cortex_ba9__M000
gtex__frontal_cortex_ba9__M0...2        SET     965    -0.008832   -0.0019874     0.031166      0.61156 gtex__frontal_cortex_ba9__M001
gtex__frontal_cortex_ba9__M0...3        SET     850      0.05178     0.010972     0.033389     0.060487 gtex__frontal_cortex_ba9__M002
gtex__frontal_cortex_ba9__M0...4        SET     710   -0.0010327  -0.00020082     0.034052       0.5121 gtex__frontal_cortex_ba9__M003
gtex__frontal_cortex_ba9__M0...5        SET     646   -0.0075772    -0.001408     0.035422      0.58469 gtex__frontal_cortex_ba9__M004
gtex__frontal_cortex_ba9__M0...6        SET     426     0.017455    0.0026505     0.044414      0.34716 gtex__frontal_cortex_ba9__M005
gtex__frontal_cortex_ba9__M0...7        SET     159    -0.092139   -0.0086122     0.071033       0.9027 gtex__frontal_cortex_ba9__M006
gtex__frontal_cortex_ba9__M0...8        SET     144    -0.050672   -0.0045093     0.077208      0.74418 gtex__frontal_cortex_ba9__M007
gtex__frontal_cortex_ba9__M0...9        SET     122    -0.015372   -0.0012599     0.082002      0.57435 gtex__frontal_cortex_ba9__M008
gtex__frontal_cortex_ba9__M0...10       SET     108     -0.15628    -0.012056      0.08455      0.96772 gtex__frontal_cortex_ba9__M009
gtex__frontal_cortex_ba9__M0...11       SET      77     -0.12196   -0.0079508     0.099529      0.88977 gtex__frontal_cortex_ba9__M010
gtex__frontal_cortex_ba9__M0...12       SET      63     0.029188    0.0017219       0.1034      0.38886 gtex__frontal_cortex_ba9__M011
gtex__frontal_cortex_ba9__M0...13       SET      62     -0.21307     -0.01247      0.10799      0.97575 gtex__frontal_cortex_ba9__M012
gtex__frontal_cortex_ba9__M0...14       SET      53       0.2091     0.011318      0.12751     0.050526 gtex__frontal_cortex_ba9__M013
gtex__frontal_cortex_ba9__M0...15       SET      39   -0.0082518  -0.00038327      0.14298      0.52301 gtex__frontal_cortex_ba9__M014
gtex__frontal_cortex_ba9__M0...16       SET      38      0.09864    0.0045225      0.15896      0.26746 gtex__frontal_cortex_ba9__M015
gtex__frontal_cortex_ba9__M0...17       SET      39      -0.1816   -0.0084346      0.14129      0.90065 gtex__frontal_cortex_ba9__M016
gtex__frontal_cortex_ba9__M0...18       SET      30       0.1163     0.004739      0.15096      0.22052 gtex__frontal_cortex_ba9__M017
gtex__frontal_cortex_ba9__M0...19       SET      23     -0.26319   -0.0093919      0.19052      0.91642 gtex__frontal_cortex_ba9__M018
gtex__frontal_cortex_ba9__M0...20       SET      18    -0.091365   -0.0028847      0.23581      0.65079 gtex__frontal_cortex_ba9__M019
gtex__frontal_cortex_ba9__M0...21       SET      12    -0.036177  -0.00093276      0.26434      0.55443 gtex__frontal_cortex_ba9__M020
gtex__hippocampus__M000                 SET    1575     0.012339    0.0034831     0.024307      0.30587 gtex__hippocampus__M000
gtex__hippocampus__M001                 SET    1183     0.040406     0.010002     0.027662     0.072059 gtex__hippocampus__M001
gtex__hippocampus__M002                 SET     921    -0.023836   -0.0052467     0.031221       0.7774 gtex__hippocampus__M002
gtex__hippocampus__M003                 SET     600     0.023522     0.004218     0.037863      0.26722 gtex__hippocampus__M003
gtex__hippocampus__M004                 SET     471     0.047942    0.0076449     0.040988      0.12108 gtex__hippocampus__M004
gtex__hippocampus__M005                 SET     256     0.042113    0.0049811     0.056338      0.22738 gtex__hippocampus__M005
gtex__hippocampus__M006                 SET     172       -0.104    -0.010107      0.06808      0.93669 gtex__hippocampus__M006
gtex__hippocampus__M007                 SET     136     0.061993    0.0053625     0.082059      0.22499 gtex__hippocampus__M007
gtex__hippocampus__M008                 SET     122     -0.04284   -0.0035111      0.08187       0.6996 gtex__hippocampus__M008
gtex__hippocampus__M009                 SET     132   -0.0054109  -0.00046116     0.082138      0.52626 gtex__hippocampus__M009
gtex__hippocampus__M010                 SET     113    -0.016854   -0.0013297      0.08447      0.57907 gtex__hippocampus__M010
gtex__hippocampus__M011                 SET     110    -0.067094   -0.0052233     0.088427      0.77599 gtex__hippocampus__M011
gtex__hippocampus__M012                 SET     112    -0.054987   -0.0043193     0.087473      0.73519 gtex__hippocampus__M012
gtex__hippocampus__M013                 SET      78    -0.016732   -0.0010978     0.097896      0.56785 gtex__hippocampus__M013
gtex__hippocampus__M014                 SET      73     0.018694    0.0011868      0.10727      0.43083 gtex__hippocampus__M014
gtex__hippocampus__M015                 SET      61    0.0058056   0.00033703      0.11694       0.4802 gtex__hippocampus__M015
gtex__hippocampus__M016                 SET      52     -0.17505    -0.009385      0.12294      0.92276 gtex__hippocampus__M016
gtex__hippocampus__M017                 SET      48       0.2376      0.01224        0.128      0.03172 gtex__hippocampus__M017
gtex__hippocampus__M018                 SET      33    -0.087107   -0.0037223      0.14626      0.72427 gtex__hippocampus__M018
gtex__hippocampus__M019                 SET      37     -0.10041   -0.0045428      0.16152      0.73292 gtex__hippocampus__M019
gtex__hippocampus__M020                 SET      44      0.26794     0.013217      0.14433      0.03171 gtex__hippocampus__M020
gtex__hippocampus__M021                 SET      49      0.27344     0.014232      0.14067     0.025963 gtex__hippocampus__M021
gtex__hippocampus__M022                 SET      32     -0.31066    -0.013073      0.16045      0.97357 gtex__hippocampus__M022
gtex__hippocampus__M023                 SET      33     0.079101    0.0033801      0.14876      0.29746 gtex__hippocampus__M023
gtex__hippocampus__M024                 SET      32    -0.093383   -0.0039296      0.14583      0.73903 gtex__hippocampus__M024
gtex__hippocampus__M025                 SET      29      0.13152    0.0052692      0.15832      0.20307 gtex__hippocampus__M025
gtex__hippocampus__M026                 SET      24     0.020215   0.00073686      0.18105      0.45555 gtex__hippocampus__M026
gtex__hippocampus__M027                 SET      26      0.20991    0.0079633      0.20124      0.14847 gtex__hippocampus__M027
gtex__hippocampus__M028                 SET      18     -0.43281    -0.013665      0.19735      0.98584 gtex__hippocampus__M028
gtex__hippocampus__M029                 SET      16    -0.032089  -0.00095524      0.23454      0.55441 gtex__hippocampus__M029
gtex__hypothalamus__M000                SET    1778    0.0016699   0.00049777     0.022984      0.47104 gtex__hypothalamus__M000
gtex__hypothalamus__M001                SET     869      0.03235    0.0069272     0.032348      0.15865 gtex__hypothalamus__M001
gtex__hypothalamus__M002                SET     865     0.048284     0.010316     0.031456     0.062408 gtex__hypothalamus__M002
gtex__hypothalamus__M003                SET     429     0.096755     0.014742     0.045493     0.016725 gtex__hypothalamus__M003
gtex__hypothalamus__M004                SET     306     0.062793    0.0081087     0.049912      0.10419 gtex__hypothalamus__M004
gtex__hypothalamus__M005                SET     212    -0.090579   -0.0097616     0.062958      0.92488 gtex__hypothalamus__M005
gtex__hypothalamus__M006                SET     251     0.021752    0.0025479     0.057851      0.35346 gtex__hypothalamus__M006
gtex__hypothalamus__M007                SET     231     0.093335     0.010494     0.059332     0.057858 gtex__hypothalamus__M007
gtex__hypothalamus__M008                SET     194    -0.028901    -0.002981       0.0653      0.67097 gtex__hypothalamus__M008
gtex__hypothalamus__M009                SET     159     0.075555     0.007062     0.074649      0.15574 gtex__hypothalamus__M009
gtex__hypothalamus__M010                SET     121    -0.046195   -0.0037707     0.076448      0.72716 gtex__hypothalamus__M010
gtex__hypothalamus__M011                SET     122    -0.055746   -0.0045689     0.083475      0.74787 gtex__hypothalamus__M011
gtex__hypothalamus__M012                SET      79      0.08908    0.0058821     0.096956      0.17912 gtex__hypothalamus__M012
gtex__hypothalamus__M013                SET      86    0.0070245   0.00048386     0.098919      0.47169 gtex__hypothalamus__M013
gtex__hypothalamus__M014                SET      77    0.0057081   0.00037214      0.10802      0.47893 gtex__hypothalamus__M014
gtex__hypothalamus__M015                SET      76      0.14522    0.0094062      0.10564     0.084619 gtex__hypothalamus__M015
gtex__hypothalamus__M016                SET      87   -0.0090354  -0.00062597     0.093679      0.53842 gtex__hypothalamus__M016
gtex__hypothalamus__M017                SET      73    -0.063575   -0.0040361      0.10561      0.72641 gtex__hypothalamus__M017
gtex__hypothalamus__M018                SET      54     0.043084    0.0023537      0.12104      0.36094 gtex__hypothalamus__M018
gtex__hypothalamus__M019                SET      46    -0.022574   -0.0011385      0.12202      0.57339 gtex__hypothalamus__M019
gtex__hypothalamus__M020                SET      51    -0.082573   -0.0043843      0.13443      0.73046 gtex__hypothalamus__M020
gtex__hypothalamus__M021                SET      23     -0.26952   -0.0096178      0.17553      0.93766 gtex__hypothalamus__M021
gtex__hypothalamus__M022                SET      33     -0.24614    -0.010518      0.14933      0.95035 gtex__hypothalamus__M022
gtex__hypothalamus__M023                SET      30    -0.065719   -0.0026778       0.1577      0.66156 gtex__hypothalamus__M023
gtex__hypothalamus__M024                SET      18    0.0048994   0.00015469      0.22483      0.49131 gtex__hypothalamus__M024
gtex__hypothalamus__M025                SET      18     -0.19337   -0.0061052      0.20524      0.82694 gtex__hypothalamus__M025
gtex__hypothalamus__M026                SET      18      0.24362    0.0076919      0.22104       0.1352 gtex__hypothalamus__M026
gtex__nucleus_accumbens_basa...1        SET    2877     0.030542     0.011183     0.018774     0.051893 gtex__nucleus_accumbens_basal_ganglia__M000
gtex__nucleus_accumbens_basa...2        SET     922     0.021417    0.0047165     0.031652      0.24932 gtex__nucleus_accumbens_basal_ganglia__M001
gtex__nucleus_accumbens_basa...3        SET     467     0.028455    0.0045188     0.040798      0.24276 gtex__nucleus_accumbens_basal_ganglia__M002
gtex__nucleus_accumbens_basa...4        SET     364     0.030556    0.0042965     0.046517      0.25563 gtex__nucleus_accumbens_basal_ganglia__M003
gtex__nucleus_accumbens_basa...5        SET     271    -0.011379   -0.0013842     0.053255       0.5846 gtex__nucleus_accumbens_basal_ganglia__M004
gtex__nucleus_accumbens_basa...6        SET     255     0.011861    0.0014002     0.059702      0.42126 gtex__nucleus_accumbens_basal_ganglia__M005
gtex__nucleus_accumbens_basa...7        SET     197      0.11044     0.011479     0.065881     0.046836 gtex__nucleus_accumbens_basal_ganglia__M006
gtex__nucleus_accumbens_basa...8        SET     209   -0.0021954  -0.00023493     0.061612      0.51421 gtex__nucleus_accumbens_basal_ganglia__M007
gtex__nucleus_accumbens_basa...9        SET     184     -0.10098    -0.010146     0.067991      0.93124 gtex__nucleus_accumbens_basal_ganglia__M008
gtex__nucleus_accumbens_basa...10       SET      97    -0.085306   -0.0062386     0.085679      0.84028 gtex__nucleus_accumbens_basal_ganglia__M009
gtex__nucleus_accumbens_basa...11       SET      73     -0.10932     -0.00694      0.11244      0.83453 gtex__nucleus_accumbens_basal_ganglia__M010
gtex__nucleus_accumbens_basa...12       SET      65     0.020796    0.0012461      0.10967      0.42481 gtex__nucleus_accumbens_basal_ganglia__M011
gtex__nucleus_accumbens_basa...13       SET      66     -0.22332    -0.013483      0.11144      0.97746 gtex__nucleus_accumbens_basal_ganglia__M012
gtex__nucleus_accumbens_basa...14       SET      66     0.036206     0.002186      0.10847      0.36927 gtex__nucleus_accumbens_basal_ganglia__M013
gtex__nucleus_accumbens_basa...15       SET      43      0.11113    0.0054194      0.12621      0.18929 gtex__nucleus_accumbens_basal_ganglia__M014
gtex__nucleus_accumbens_basa...16       SET      43    -0.045454   -0.0022166      0.14776      0.62081 gtex__nucleus_accumbens_basal_ganglia__M015
gtex__nucleus_accumbens_basa...17       SET      46     0.082966    0.0041842      0.12914      0.26029 gtex__nucleus_accumbens_basal_ganglia__M016
gtex__nucleus_accumbens_basa...18       SET      34      0.13569    0.0058855      0.15142       0.1851 gtex__nucleus_accumbens_basal_ganglia__M017
gtex__nucleus_accumbens_basa...19       SET      40       0.1524    0.0071683      0.15285      0.15939 gtex__nucleus_accumbens_basal_ganglia__M018
gtex__nucleus_accumbens_basa...20       SET      36    -0.055152   -0.0024614      0.15738      0.63699 gtex__nucleus_accumbens_basal_ganglia__M019
gtex__nucleus_accumbens_basa...21       SET      30      0.14935    0.0060854      0.17307       0.1941 gtex__nucleus_accumbens_basal_ganglia__M020
gtex__nucleus_accumbens_basa...22       SET      16     -0.15594   -0.0046422      0.22546      0.75542 gtex__nucleus_accumbens_basal_ganglia__M021
gtex__nucleus_accumbens_basa...23       SET      20      -0.1239   -0.0041231      0.20015      0.73204 gtex__nucleus_accumbens_basal_ganglia__M022
gtex__nucleus_accumbens_basa...24       SET      25     -0.11021   -0.0041001      0.19119      0.71785 gtex__nucleus_accumbens_basal_ganglia__M023
gtex__nucleus_accumbens_basa...25       SET      21      0.39672     0.013528      0.20595     0.027045 gtex__nucleus_accumbens_basal_ganglia__M024
gtex__nucleus_accumbens_basa...26       SET      19    -0.098208   -0.0031856      0.19835      0.68974 gtex__nucleus_accumbens_basal_ganglia__M025
gtex__nucleus_accumbens_basa...27       SET      17      -0.1876   -0.0057563      0.24534      0.77775 gtex__nucleus_accumbens_basal_ganglia__M026
gtex__putamen_basal_ganglia_...1        SET    1427     0.043295     0.011685     0.025561     0.045163 gtex__putamen_basal_ganglia__M000
gtex__putamen_basal_ganglia_...2        SET    1223   -0.0087816   -0.0022077      0.02752      0.62517 gtex__putamen_basal_ganglia__M001
gtex__putamen_basal_ganglia_...3        SET     897     0.035411    0.0076977     0.031698      0.13197 gtex__putamen_basal_ganglia__M002
gtex__putamen_basal_ganglia_...4        SET     385    -0.006127  -0.00088549     0.045299      0.55379 gtex__putamen_basal_ganglia__M003
gtex__putamen_basal_ganglia_...5        SET     360     0.077477     0.010835     0.046809     0.048954 gtex__putamen_basal_ganglia__M004
gtex__putamen_basal_ganglia_...6        SET     366   -0.0059237  -0.00083517     0.048327      0.54878 gtex__putamen_basal_ganglia__M005
gtex__putamen_basal_ganglia_...7        SET     282     0.019526    0.0024222     0.051258      0.35163 gtex__putamen_basal_ganglia__M006
gtex__putamen_basal_ganglia_...8        SET     303  -0.00079313  -0.00010193     0.052121      0.50607 gtex__putamen_basal_ganglia__M007
gtex__putamen_basal_ganglia_...9        SET     177    -0.035878   -0.0035364      0.07064      0.69424 gtex__putamen_basal_ganglia__M008
gtex__putamen_basal_ganglia_...10       SET     159    -0.040105   -0.0037486     0.073484      0.70738 gtex__putamen_basal_ganglia__M009
gtex__putamen_basal_ganglia_...11       SET     142   -0.0038495  -0.00034019     0.075562      0.52031 gtex__putamen_basal_ganglia__M010
gtex__putamen_basal_ganglia_...12       SET     104      0.10038    0.0075996     0.093295      0.14099 gtex__putamen_basal_ganglia__M011
gtex__putamen_basal_ganglia_...13       SET      74      0.18621     0.011902      0.10156     0.033374 gtex__putamen_basal_ganglia__M012
gtex__putamen_basal_ganglia_...14       SET      95     0.064353    0.0046578     0.092869      0.24418 gtex__putamen_basal_ganglia__M013
gtex__putamen_basal_ganglia_...15       SET      77    -0.003963  -0.00025837       0.1101      0.51436 gtex__putamen_basal_ganglia__M014
gtex__putamen_basal_ganglia_...16       SET      89   -0.0095849  -0.00067158      0.08968      0.54256 gtex__putamen_basal_ganglia__M015
gtex__putamen_basal_ganglia_...17       SET      45      0.14802    0.0073837      0.13525       0.1369 gtex__putamen_basal_ganglia__M016
gtex__putamen_basal_ganglia_...18       SET      27     -0.27808     -0.01075      0.17342      0.94558 gtex__putamen_basal_ganglia__M017
gtex__putamen_basal_ganglia_...19       SET      26     -0.35222    -0.013362      0.16103      0.98563 gtex__putamen_basal_ganglia__M018
gtex__putamen_basal_ganglia_...20       SET      17     0.080383    0.0024665       0.1992      0.34328 gtex__putamen_basal_ganglia__M019
gtex__putamen_basal_ganglia_...21       SET      25     -0.10988   -0.0040878       0.1775      0.73205 gtex__putamen_basal_ganglia__M020
gtex__putamen_basal_ganglia_...22       SET      21     -0.25087   -0.0085547      0.19942       0.8958 gtex__putamen_basal_ganglia__M021
gtex__putamen_basal_ganglia_...23       SET      15      0.16929    0.0048796      0.21929      0.22006 gtex__putamen_basal_ganglia__M022
gtex__putamen_basal_ganglia_...24       SET      21     0.047658    0.0016251      0.19793      0.40487 gtex__putamen_basal_ganglia__M023
gtex__putamen_basal_ganglia_...25       SET      16     -0.31071   -0.0092495      0.24234       0.9001 gtex__putamen_basal_ganglia__M024
gtex__putamen_basal_ganglia_...26       SET      15      0.19267    0.0055537      0.22908      0.20015 gtex__putamen_basal_ganglia__M025
gtex__putamen_basal_ganglia_...27       SET      17      0.27566    0.0084583      0.23686      0.12226 gtex__putamen_basal_ganglia__M026
gtex__spinal_cord_cervical_c...1        SET    1673    0.0040217    0.0011666     0.023699      0.43263 gtex__spinal_cord_cervical_c_1__M000
gtex__spinal_cord_cervical_c...2        SET     936     0.041796    0.0092705     0.030861     0.087819 gtex__spinal_cord_cervical_c_1__M001
gtex__spinal_cord_cervical_c...3        SET     321      0.12032     0.015907     0.049993     0.008053 gtex__spinal_cord_cervical_c_1__M002
gtex__spinal_cord_cervical_c...4        SET     319     0.045406    0.0059845     0.053258      0.19696 gtex__spinal_cord_cervical_c_1__M003
gtex__spinal_cord_cervical_c...5        SET     274     -0.10446    -0.012777     0.053712       0.9741 gtex__spinal_cord_cervical_c_1__M004
gtex__spinal_cord_cervical_c...6        SET     192   -0.0095815  -0.00098323     0.067006      0.55685 gtex__spinal_cord_cervical_c_1__M005
gtex__spinal_cord_cervical_c...7        SET     206      0.22012     0.023388     0.062569   0.00021789 gtex__spinal_cord_cervical_c_1__M006
gtex__spinal_cord_cervical_c...8        SET     192    0.0075366   0.00077338      0.06513      0.45394 gtex__spinal_cord_cervical_c_1__M007
gtex__spinal_cord_cervical_c...9        SET     173   -0.0062809  -0.00061213     0.068795      0.53637 gtex__spinal_cord_cervical_c_1__M008
gtex__spinal_cord_cervical_c...10       SET     168    -0.051601   -0.0049565      0.06462      0.78771 gtex__spinal_cord_cervical_c_1__M009
gtex__spinal_cord_cervical_c...11       SET     178     0.049482     0.004891     0.066808      0.22946 gtex__spinal_cord_cervical_c_1__M010
gtex__spinal_cord_cervical_c...12       SET     138    -0.039261   -0.0034208     0.076694      0.69564 gtex__spinal_cord_cervical_c_1__M011
gtex__spinal_cord_cervical_c...13       SET     140     0.052233    0.0045836     0.076683      0.24789 gtex__spinal_cord_cervical_c_1__M012
gtex__spinal_cord_cervical_c...14       SET      99     0.014565     0.001076     0.090654      0.43618 gtex__spinal_cord_cervical_c_1__M013
gtex__spinal_cord_cervical_c...15       SET      84   -0.0082742  -0.00056331      0.10768      0.53062 gtex__spinal_cord_cervical_c_1__M014
gtex__spinal_cord_cervical_c...16       SET      85    -0.074172   -0.0050794     0.094669      0.78332 gtex__spinal_cord_cervical_c_1__M015
gtex__spinal_cord_cervical_c...17       SET      74     0.088225    0.0056391      0.10398      0.19808 gtex__spinal_cord_cervical_c_1__M016
gtex__spinal_cord_cervical_c...18       SET      67     0.058234    0.0035424      0.11886      0.31208 gtex__spinal_cord_cervical_c_1__M017
gtex__spinal_cord_cervical_c...19       SET      69   -0.0042483  -0.00026224      0.10577      0.51602 gtex__spinal_cord_cervical_c_1__M018
gtex__spinal_cord_cervical_c...20       SET      62     -0.14122    -0.008265      0.11129      0.89777 gtex__spinal_cord_cervical_c_1__M019
gtex__spinal_cord_cervical_c...21       SET      46    -0.065949    -0.003326      0.13238      0.69082 gtex__spinal_cord_cervical_c_1__M020
gtex__spinal_cord_cervical_c...22       SET      17     0.091359    0.0028033      0.21085       0.3324 gtex__spinal_cord_cervical_c_1__M021
gtex__spinal_cord_cervical_c...23       SET      23     0.045951    0.0016397      0.19625      0.40744 gtex__spinal_cord_cervical_c_1__M022
gtex__spinal_cord_cervical_c...24       SET      28      0.22883    0.0090083      0.17135     0.090881 gtex__spinal_cord_cervical_c_1__M023
gtex__spinal_cord_cervical_c...25       SET      20     0.024798   0.00082526      0.20158      0.45105 gtex__spinal_cord_cervical_c_1__M024
gtex__substantia_nigra__M000            SET    1523     0.041369     0.011502     0.024733     0.047211 gtex__substantia_nigra__M000
gtex__substantia_nigra__M001            SET     878    -0.021947   -0.0047227     0.032341      0.75131 gtex__substantia_nigra__M001
gtex__substantia_nigra__M002            SET     786     0.025217    0.0051477     0.033882      0.22837 gtex__substantia_nigra__M002
gtex__substantia_nigra__M003            SET     566    -0.039086   -0.0068139     0.039868      0.83655 gtex__substantia_nigra__M003
gtex__substantia_nigra__M004            SET     492     0.066923       0.0109     0.039626      0.04563 gtex__substantia_nigra__M004
gtex__substantia_nigra__M005            SET     225     0.068421    0.0075937     0.058379       0.1206 gtex__substantia_nigra__M005
gtex__substantia_nigra__M006            SET     182    -0.057044   -0.0057009     0.067878      0.79965 gtex__substantia_nigra__M006
gtex__substantia_nigra__M007            SET     162     0.038645    0.0036457     0.071084      0.29334 gtex__substantia_nigra__M007
gtex__substantia_nigra__M008            SET     154     0.075199    0.0069184     0.071688       0.1471 gtex__substantia_nigra__M008
gtex__substantia_nigra__M009            SET     137     0.084345    0.0073225     0.074079      0.12744 gtex__substantia_nigra__M009
gtex__substantia_nigra__M010            SET      84     -0.01904   -0.0012963     0.096738      0.57802 gtex__substantia_nigra__M010
gtex__substantia_nigra__M011            SET      88      0.16067     0.011195     0.097908     0.050403 gtex__substantia_nigra__M011
gtex__substantia_nigra__M012            SET      88     -0.04756   -0.0033137     0.093405      0.69469 gtex__substantia_nigra__M012
gtex__substantia_nigra__M013            SET      78    -0.048824   -0.0032036      0.10441      0.67997 gtex__substantia_nigra__M013
gtex__substantia_nigra__M014            SET      76     -0.15904    -0.010301      0.09501      0.95292 gtex__substantia_nigra__M014
gtex__substantia_nigra__M015            SET      70     0.086283    0.0053644      0.10617      0.20819 gtex__substantia_nigra__M015
gtex__substantia_nigra__M016            SET      75     -0.17048    -0.010969      0.11352       0.9334 gtex__substantia_nigra__M016
gtex__substantia_nigra__M017            SET      59        0.069    0.0039397      0.12087      0.28405 gtex__substantia_nigra__M017
gtex__substantia_nigra__M018            SET      65     0.090863    0.0054444      0.10597      0.19562 gtex__substantia_nigra__M018
gtex__substantia_nigra__M019            SET      64    -0.067971   -0.0040414      0.11271      0.72677 gtex__substantia_nigra__M019
gtex__substantia_nigra__M020            SET      53      -0.2386    -0.012914      0.12584      0.97102 gtex__substantia_nigra__M020
gtex__substantia_nigra__M021            SET      25     0.083951    0.0031231      0.17394      0.31467 gtex__substantia_nigra__M021
gtex__substantia_nigra__M022            SET      28      0.10566    0.0041594      0.17276      0.27042 gtex__substantia_nigra__M022
gtex__substantia_nigra__M023            SET      21      0.07258    0.0024749      0.20774       0.3634 gtex__substantia_nigra__M023
brainseq__caudate__M000                 SET     645    -0.034317   -0.0063721     0.036586      0.82587 brainseq__caudate__M000
brainseq__caudate__M001                 SET     993     0.039532    0.0090161     0.030783     0.099546 brainseq__caudate__M001
brainseq__caudate__M002                 SET     820     0.020593    0.0042897     0.033534      0.26958 brainseq__caudate__M002
brainseq__caudate__M003                 SET     839     0.054941      0.01157     0.032971     0.047834 brainseq__caudate__M003
brainseq__caudate__M004                 SET     661    -0.013461   -0.0025292     0.036467      0.64398 brainseq__caudate__M004
brainseq__caudate__M005                 SET     363    -0.056507   -0.0079348     0.044892      0.89593 brainseq__caudate__M005
brainseq__caudate__M006                 SET     342     0.039073    0.0053288     0.050431      0.21924 brainseq__caudate__M006
brainseq__caudate__M007                 SET     220     0.032579    0.0035759     0.059689       0.2926 brainseq__caudate__M007
brainseq__caudate__M008                 SET     214     0.087011    0.0094207     0.061217     0.077615 brainseq__caudate__M008
brainseq__caudate__M009                 SET     158     0.054734       0.0051      0.07104      0.22052 brainseq__caudate__M009
brainseq__caudate__M010                 SET     105     0.028254    0.0021493     0.087763      0.37375 brainseq__caudate__M010
brainseq__caudate__M011                 SET      56      0.12942    0.0071995      0.12142      0.14326 brainseq__caudate__M011
brainseq__caudate__M012                 SET      30      0.04532    0.0018467      0.17291      0.39662 brainseq__caudate__M012
brainseq__hippocampus__M000             SET     590     0.030012    0.0053382     0.040699      0.23044 brainseq__hippocampus__M000
brainseq__hippocampus__M001             SET     582    -0.021392     -0.00378     0.038648      0.71004 brainseq__hippocampus__M001
brainseq__hippocampus__M002             SET     554    0.0092512    0.0015962     0.041263       0.4113 brainseq__hippocampus__M002
brainseq__hippocampus__M003             SET     468    -0.022616   -0.0035952     0.043658      0.69777 brainseq__hippocampus__M003
brainseq__hippocampus__M004             SET     438      0.11957     0.018404     0.042208    0.0023091 brainseq__hippocampus__M004
brainseq__hippocampus__M005             SET     300     0.013124    0.0016784     0.053107      0.40241 brainseq__hippocampus__M005
brainseq__hippocampus__M006             SET     311        0.089     0.011585     0.052836     0.046054 brainseq__hippocampus__M006
brainseq__hippocampus__M007             SET     273      0.08714     0.010639     0.056091     0.060156 brainseq__hippocampus__M007
brainseq__hippocampus__M008             SET     254     0.076381    0.0089995     0.059872      0.10103 brainseq__hippocampus__M008
brainseq__hippocampus__M009             SET     160      0.11714     0.010983     0.076899     0.063843 brainseq__hippocampus__M009
brainseq__hippocampus__M010             SET      70    -0.071993    -0.004476      0.11137      0.74099 brainseq__hippocampus__M010
brainseq__hippocampus__M011             SET      59     0.017664    0.0010086      0.11621      0.43959 brainseq__hippocampus__M011
brainseq__hippocampus__M012             SET      36     0.067225    0.0030001      0.15471      0.33196 brainseq__hippocampus__M012
brainseq__hippocampus__M013             SET      37     -0.14742   -0.0066696      0.15061      0.83616 brainseq__hippocampus__M013
brainseq__hippocampus__M014             SET      32      0.28995     0.012201      0.16838     0.042544 brainseq__hippocampus__M014
brainseq__hippocampus__M015             SET      19      0.34132     0.011071      0.21817     0.058865 brainseq__hippocampus__M015
brainseq__dlpfc__M000                   SET     806     0.027885     0.005761     0.034502      0.20949 brainseq__dlpfc__M000
brainseq__dlpfc__M001                   SET     720     0.056777     0.011115     0.035674     0.055749 brainseq__dlpfc__M001
brainseq__dlpfc__M002                   SET     716     0.055705     0.010876     0.035832     0.060027 brainseq__dlpfc__M002
brainseq__dlpfc__M003                   SET     547     0.023862    0.0040918     0.038857      0.26958 brainseq__dlpfc__M003
brainseq__dlpfc__M004                   SET     535     0.021963    0.0037259     0.039135      0.28733 brainseq__dlpfc__M004
brainseq__dlpfc__M005                   SET     505    0.0011691   0.00019285     0.040986      0.48862 brainseq__dlpfc__M005
brainseq__dlpfc__M006                   SET     432     0.088225     0.013489     0.045168     0.025401 brainseq__dlpfc__M006
brainseq__dlpfc__M007                   SET     302       0.1118     0.014344      0.05172     0.015329 brainseq__dlpfc__M007
brainseq__dlpfc__M008                   SET     177     0.027639    0.0027243     0.066384      0.33858 brainseq__dlpfc__M008
brainseq__dlpfc__M009                   SET     112     0.045485    0.0035729     0.086405       0.2993 brainseq__dlpfc__M009
brainseq__caudate_sczd__M000            SET     767    -0.014547   -0.0029351     0.033478      0.66804 brainseq__caudate_sczd__M000
brainseq__caudate_sczd__M001            SET    1416     0.010373    0.0027898     0.025706      0.34329 brainseq__caudate_sczd__M001
brainseq__caudate_sczd__M002            SET    1048     0.040971    0.0095842     0.030109     0.086802 brainseq__caudate_sczd__M002
brainseq__caudate_sczd__M003            SET     776     0.049394     0.010022     0.034336     0.075145 brainseq__caudate_sczd__M003
brainseq__caudate_sczd__M004            SET     359    0.0090925    0.0012699     0.048527      0.42569 brainseq__caudate_sczd__M004
brainseq__caudate_sczd__M005            SET     339    -0.091397    -0.012411     0.046466       0.9754 brainseq__caudate_sczd__M005
brainseq__caudate_sczd__M006            SET     296  -5.7888e-05  -7.3542e-06      0.05186      0.50045 brainseq__caudate_sczd__M006
brainseq__caudate_sczd__M007            SET     217      0.14168     0.015445     0.059628    0.0087559 brainseq__caudate_sczd__M007
brainseq__caudate_sczd__M008            SET     172     0.066912    0.0065026     0.068378       0.1639 brainseq__caudate_sczd__M008
brainseq__caudate_sczd__M009            SET     144    -0.017209   -0.0015314     0.075626         0.59 brainseq__caudate_sczd__M009
brainseq__caudate_sczd__M010            SET      77      0.13255    0.0086412     0.099746     0.091961 brainseq__caudate_sczd__M010
brainseq__caudate_sczd__M011            SET      48   -0.0061195  -0.00031525      0.14082      0.51733 brainseq__caudate_sczd__M011
