# TOTAL_GENES = 18040
# TEST_DIRECTION = one-sided, positive (set), two-sided (covar)
# CONDITIONED_INTERNAL = gene size, gene density, sample size, inverse mac, log(gene size), log(gene density), log(sample size), log(inverse mac)
VARIABLE                               TYPE  NGENES         BETA     BETA_STD           SE            P FULL_NAME
gtex__amygdala__M000                    SET   12195     0.049159     0.023007     0.016148     0.001168 gtex__amygdala__M000
gtex__amygdala__M002                    SET     433     -0.09787     -0.01498     0.048296      0.97863 gtex__amygdala__M002
gtex__amygdala__M003                    SET     395    -0.068741     -0.01006     0.047465      0.92622 gtex__amygdala__M003
gtex__amygdala__M001                    SET     472     0.028778    0.0045938     0.045075      0.26159 gtex__amygdala__M001
gtex__amygdala__M005                    SET     101      0.10413    0.0077698      0.09958      0.14786 gtex__amygdala__M005
gtex__amygdala__M004                    SET      91    -0.085349   -0.0060466      0.10124      0.80039 gtex__amygdala__M004
gtex__anterior_cingulate_cor...2        SET    1539    0.0023249   0.00064946     0.025209      0.46326 gtex__anterior_cingulate_cortex_ba24__M001
gtex__anterior_cingulate_cor...1        SET   10712     0.046837     0.023003      0.01509    0.0009564 gtex__anterior_cingulate_cortex_ba24__M000
gtex__anterior_cingulate_cor...3        SET     655     -0.10598    -0.019824     0.038122      0.99728 gtex__anterior_cingulate_cortex_ba24__M002
gtex__anterior_cingulate_cor...6        SET     152    -0.032509   -0.0029716     0.081074      0.65578 gtex__anterior_cingulate_cortex_ba24__M005
gtex__anterior_cingulate_cor...4        SET     268      0.07345    0.0088859     0.060663        0.113 gtex__anterior_cingulate_cortex_ba24__M003
gtex__anterior_cingulate_cor...5        SET     315     0.023441    0.0030705     0.055027      0.33506 gtex__anterior_cingulate_cortex_ba24__M004
gtex__caudate_basal_ganglia_...4        SET     433    -0.017751   -0.0027169     0.046498      0.64867 gtex__caudate_basal_ganglia__M003
gtex__caudate_basal_ganglia_...1        SET   11554     0.052279     0.025088     0.015699   0.00043493 gtex__caudate_basal_ganglia__M000
gtex__caudate_basal_ganglia_...5        SET     239    -0.045118   -0.0051588      0.06445      0.75805 gtex__caudate_basal_ganglia__M004
gtex__caudate_basal_ganglia_...2        SET     985    -0.037899   -0.0086109     0.031991      0.88192 gtex__caudate_basal_ganglia__M001
gtex__caudate_basal_ganglia_...3        SET     495    -0.040883   -0.0066788     0.045499      0.81555 gtex__caudate_basal_ganglia__M002
gtex__caudate_basal_ganglia_...6        SET      39    -0.063158   -0.0029335       0.1598      0.65366 gtex__caudate_basal_ganglia__M005
gtex__cerebellar_hemisphere_...2        SET     786    -0.024984   -0.0051003     0.036536      0.75295 gtex__cerebellar_hemisphere__M001
gtex__cerebellar_hemisphere_...1        SET   10715     0.050413     0.024758      0.01555   0.00059445 gtex__cerebellar_hemisphere__M000
gtex__cerebellar_hemisphere_...4        SET     268     -0.13092    -0.015838     0.061354      0.98356 gtex__cerebellar_hemisphere__M003
gtex__cerebellar_hemisphere_...3        SET     541     0.043362    0.0073959     0.044898      0.16708 gtex__cerebellar_hemisphere__M002
gtex__cerebellar_hemisphere_...9        SET     157    -0.056015    -0.005203     0.070355      0.78703 gtex__cerebellar_hemisphere__M008
gtex__cerebellar_hemisphere_...10       SET     155    -0.044779   -0.0041329     0.082207      0.70702 gtex__cerebellar_hemisphere__M009
gtex__cerebellar_hemisphere_...6        SET      80      0.14786    0.0098245      0.10147     0.072546 gtex__cerebellar_hemisphere__M005
gtex__cerebellar_hemisphere_...5        SET     130    -0.068913    -0.005829     0.078374      0.81037 gtex__cerebellar_hemisphere__M004
gtex__cerebellar_hemisphere_...8        SET     180     0.048646     0.004835     0.074172      0.25597 gtex__cerebellar_hemisphere__M007
gtex__cerebellar_hemisphere_...7        SET     225     0.036191    0.0040166     0.063881      0.28552 gtex__cerebellar_hemisphere__M006
gtex__cerebellar_hemisphere_...11       SET      86     0.019466    0.0013408      0.10471      0.42626 gtex__cerebellar_hemisphere__M010
gtex__cerebellum__M001                  SET     778    -0.039213   -0.0079659     0.036415      0.85921 gtex__cerebellum__M001
gtex__cerebellum__M000                  SET   11102     0.049464     0.024065      0.01569   0.00081036 gtex__cerebellum__M000
gtex__cerebellum__M004                  SET     287     -0.13467    -0.016851     0.059083      0.98867 gtex__cerebellum__M004
gtex__cerebellum__M003                  SET     339     0.068647    0.0093217     0.055702      0.10891 gtex__cerebellum__M003
gtex__cerebellum__M009                  SET      60      0.18168     0.010461       0.1261     0.074835 gtex__cerebellum__M009
gtex__cerebellum__M008                  SET      71     -0.11447    -0.007167       0.1177      0.83459 gtex__cerebellum__M008
gtex__cerebellum__M006                  SET     138    -0.018845   -0.0016419     0.076564      0.59721 gtex__cerebellum__M006
gtex__cerebellum__M005                  SET     245     0.077455    0.0089652     0.063426      0.11101 gtex__cerebellum__M005
gtex__cerebellum__M007                  SET     143     0.020311    0.0018012     0.079948      0.39973 gtex__cerebellum__M007
gtex__cerebellum__M002                  SET     127     0.018812    0.0015728     0.077588      0.40422 gtex__cerebellum__M002
gtex__cerebellum__M010                  SET      47    -0.025438   -0.0012968      0.14429      0.56997 gtex__cerebellum__M010
gtex__cortex__M001                      SET     910     0.032892    0.0071988     0.031892      0.15119 gtex__cortex__M001
gtex__cortex__M000                      SET   10545     0.047546     0.023431     0.015065   0.00080112 gtex__cortex__M000
gtex__cortex__M002                      SET     647    -0.078722    -0.014639     0.039384      0.97718 gtex__cortex__M002
gtex__cortex__M003                      SET     468     -0.02847   -0.0045259     0.045426      0.73458 gtex__cortex__M003
gtex__cortex__M010                      SET      48      0.24206      0.01247      0.13535     0.036866 gtex__cortex__M010
gtex__cortex__M005                      SET     199    -0.074364   -0.0077674     0.070023      0.85587 gtex__cortex__M005
gtex__cortex__M008                      SET     199     -0.13671     -0.01428     0.061324       0.9871 gtex__cortex__M008
gtex__cortex__M006                      SET     195     0.022319     0.002308      0.06905      0.37326 gtex__cortex__M006
gtex__cortex__M004                      SET     404    -0.021708   -0.0032121     0.050222      0.66721 gtex__cortex__M004
gtex__cortex__M007                      SET     104    -0.034408   -0.0026051     0.086257      0.65502 gtex__cortex__M007
gtex__cortex__M009                      SET      59      0.22395     0.012787      0.13014     0.042652 gtex__cortex__M009
gtex__frontal_cortex_ba9__M0...2        SET    2539    0.0095562    0.0033233     0.019842      0.31504 gtex__frontal_cortex_ba9__M001
gtex__frontal_cortex_ba9__M0...1        SET    9501     0.041455     0.020698     0.014482    0.0021044 gtex__frontal_cortex_ba9__M000
gtex__frontal_cortex_ba9__M0...3        SET     679     -0.07475    -0.014227     0.037483      0.97693 gtex__frontal_cortex_ba9__M002
gtex__frontal_cortex_ba9__M0...7        SET     179    -0.040214    -0.003986     0.076288      0.70095 gtex__frontal_cortex_ba9__M006
gtex__frontal_cortex_ba9__M0...4        SET     359   -0.0087118   -0.0012167     0.052493      0.56591 gtex__frontal_cortex_ba9__M003
gtex__frontal_cortex_ba9__M0...6        SET     184      -0.0686   -0.0068929     0.063897      0.85849 gtex__frontal_cortex_ba9__M005
gtex__frontal_cortex_ba9__M0...5        SET     272     0.028663     0.003493       0.0602        0.317 gtex__frontal_cortex_ba9__M004
gtex__hippocampus__M002                 SET     546    -0.074279    -0.012726     0.041014      0.96493 gtex__hippocampus__M002
gtex__hippocampus__M000                 SET   12093      0.06608     0.031064     0.016085   2.0034e-05 gtex__hippocampus__M000
gtex__hippocampus__M001                 SET    1082    -0.066643    -0.015825     0.030711      0.98499 gtex__hippocampus__M001
gtex__hypothalamus__M000                SET   11616     0.054359      0.02603     0.015638   0.00025504 gtex__hypothalamus__M000
gtex__hypothalamus__M005                SET     263    -0.025103   -0.0030089     0.060864      0.65999 gtex__hypothalamus__M005
gtex__hypothalamus__M004                SET     408      -0.1243    -0.018481     0.048911      0.99447 gtex__hypothalamus__M004
gtex__hypothalamus__M002                SET     584   -0.0089036   -0.0015759     0.041014      0.58593 gtex__hypothalamus__M002
gtex__hypothalamus__M001                SET     627    -0.020207   -0.0037013     0.038291      0.70115 gtex__hypothalamus__M001
gtex__hypothalamus__M003                SET     453     0.010995    0.0017203     0.046016      0.40558 gtex__hypothalamus__M003
gtex__nucleus_accumbens_basa...1        SET   11657     0.050774     0.024279     0.015793   0.00065367 gtex__nucleus_accumbens_basal_ganglia__M000
gtex__nucleus_accumbens_basa...7        SET     242     0.013689    0.0015749     0.063072      0.41409 gtex__nucleus_accumbens_basal_ganglia__M006
gtex__nucleus_accumbens_basa...3        SET     486    -0.090113     -0.01459     0.045095      0.97715 gtex__nucleus_accumbens_basal_ganglia__M002
gtex__nucleus_accumbens_basa...5        SET     299   -0.0025756  -0.00032883     0.057781      0.51778 gtex__nucleus_accumbens_basal_ganglia__M004
gtex__nucleus_accumbens_basa...2        SET     499     0.030249     0.004961     0.044308       0.2474 gtex__nucleus_accumbens_basal_ganglia__M001
gtex__nucleus_accumbens_basa...4        SET     353    -0.045034   -0.0062377      0.05233      0.80526 gtex__nucleus_accumbens_basal_ganglia__M003
gtex__nucleus_accumbens_basa...6        SET     233     -0.00163  -0.00018405     0.063525      0.51024 gtex__nucleus_accumbens_basal_ganglia__M005
gtex__putamen_basal_ganglia_...2        SET     905     0.014708    0.0032107     0.033129      0.32854 gtex__putamen_basal_ganglia__M001
gtex__putamen_basal_ganglia_...1        SET   11145     0.043167     0.020977      0.01552    0.0027097 gtex__putamen_basal_ganglia__M000
gtex__putamen_basal_ganglia_...4        SET     302     0.046323    0.0059433     0.056151       0.2047 gtex__putamen_basal_ganglia__M003
gtex__putamen_basal_ganglia_...3        SET    1050    -0.046188    -0.010814     0.030907      0.93246 gtex__putamen_basal_ganglia__M002
gtex__putamen_basal_ganglia_...5        SET     126     0.045175    0.0037623     0.090716      0.30925 gtex__putamen_basal_ganglia__M004
gtex__putamen_basal_ganglia_...6        SET      47     0.012849   0.00065498      0.13998      0.46343 gtex__putamen_basal_ganglia__M005
gtex__putamen_basal_ganglia_...7        SET      54    -0.085004   -0.0046439      0.13397      0.73711 gtex__putamen_basal_ganglia__M006
gtex__spinal_cord_cervical_c...1        SET   10424     0.035844     0.017704     0.015073     0.008707 gtex__spinal_cord_cervical_c_1__M000
gtex__spinal_cord_cervical_c...5        SET     291     -0.10117    -0.012746      0.05799      0.95947 gtex__spinal_cord_cervical_c_1__M004
gtex__spinal_cord_cervical_c...4        SET     545     0.071149     0.012179      0.04365     0.051561 gtex__spinal_cord_cervical_c_1__M003
gtex__spinal_cord_cervical_c...2        SET    1115     0.027608    0.0066483     0.030241      0.18065 gtex__spinal_cord_cervical_c_1__M001
gtex__spinal_cord_cervical_c...6        SET     131      0.01883    0.0015988      0.08699      0.41431 gtex__spinal_cord_cervical_c_1__M005
gtex__spinal_cord_cervical_c...3        SET     949    -0.002304  -0.00051438     0.032444      0.52831 gtex__spinal_cord_cervical_c_1__M002
gtex__spinal_cord_cervical_c...7        SET     130    -0.095645   -0.0080902     0.081084      0.88091 gtex__spinal_cord_cervical_c_1__M006
gtex__spinal_cord_cervical_c...8        SET      54     -0.12161   -0.0066435      0.12878      0.82749 gtex__spinal_cord_cervical_c_1__M007
gtex__substantia_nigra__M002            SET     661    0.0069833     0.001312     0.039672      0.43014 gtex__substantia_nigra__M002
gtex__substantia_nigra__M000            SET    9479     0.012408    0.0061961       0.0146       0.1977 gtex__substantia_nigra__M000
gtex__substantia_nigra__M001            SET    2642     0.043687     0.015446     0.020076     0.014784 gtex__substantia_nigra__M001
gtex__substantia_nigra__M005            SET     123    -0.081975   -0.0067459      0.08657      0.82815 gtex__substantia_nigra__M005
gtex__substantia_nigra__M003            SET     484    0.0074806    0.0012088     0.044441      0.43316 gtex__substantia_nigra__M003
gtex__substantia_nigra__M006            SET     132    -0.085363   -0.0072754     0.087606      0.83506 gtex__substantia_nigra__M006
gtex__substantia_nigra__M004            SET      79    -0.003313  -0.00021877      0.11227      0.51177 gtex__substantia_nigra__M004
brainseq__caudate__M003                 SET    1472   -0.0035875   -0.0009821     0.025414      0.55613 brainseq__caudate__M003
brainseq__caudate__M001                 SET    2081   -0.0087696   -0.0028015     0.021557      0.65792 brainseq__caudate__M001
brainseq__caudate__M005                 SET     837     0.033456    0.0070375     0.033285      0.15742 brainseq__caudate__M005
brainseq__caudate__M010                 SET     301     -0.02627    -0.003365      0.05745      0.67626 brainseq__caudate__M010
brainseq__caudate__M000                 SET    2003   -0.0046606   -0.0014643     0.021814      0.58459 brainseq__caudate__M000
brainseq__caudate__M007                 SET     362      0.10426     0.014621     0.050889     0.020244 brainseq__caudate__M007
brainseq__caudate__M009                 SET     328     0.081548     0.010896     0.050094     0.051782 brainseq__caudate__M009
brainseq__caudate__M004                 SET    1103     0.010519    0.0025204     0.029333      0.35994 brainseq__caudate__M004
brainseq__caudate__M017                 SET      96     -0.17227    -0.012534     0.084677      0.97904 brainseq__caudate__M017
brainseq__caudate__M014                 SET     132      0.19309     0.016457     0.078728    0.0070946 brainseq__caudate__M014
brainseq__caudate__M002                 SET    1656     0.010286      0.00297     0.025041      0.34063 brainseq__caudate__M002
brainseq__caudate__M006                 SET     479    0.0039762   0.00063928     0.043367      0.46347 brainseq__caudate__M006
brainseq__caudate__M013                 SET     204     0.014073     0.001488     0.069432      0.41969 brainseq__caudate__M013
brainseq__caudate__M020                 SET      68     -0.10883    -0.006669      0.10689      0.84569 brainseq__caudate__M020
brainseq__caudate__M012                 SET     239     0.034981    0.0039997      0.06361      0.29119 brainseq__caudate__M012
brainseq__caudate__M011                 SET     285     0.045696    0.0056981     0.049554      0.17823 brainseq__caudate__M011
brainseq__caudate__M008                 SET     302    0.0092972    0.0011928     0.057005      0.43522 brainseq__caudate__M008
brainseq__caudate__M019                 SET      42     -0.10131   -0.0048826      0.14068      0.76427 brainseq__caudate__M019
brainseq__caudate__M018                 SET      66     -0.11003   -0.0066435      0.11095      0.83934 brainseq__caudate__M018
brainseq__caudate__M016                 SET     100      -0.1084   -0.0080487     0.095391       0.8721 brainseq__caudate__M016
brainseq__caudate__M015                 SET      98    -0.036679   -0.0026962     0.088236      0.66118 brainseq__caudate__M015
brainseq__caudate__M022                 SET      33    -0.074362   -0.0031776      0.14202      0.69972 brainseq__caudate__M022
brainseq__caudate__M021                 SET      37      0.25623     0.011593      0.15122     0.045099 brainseq__caudate__M021
brainseq__hippocampus__M001             SET    1903    -0.016643   -0.0051124     0.023411      0.76142 brainseq__hippocampus__M001
brainseq__hippocampus__M000             SET    9342     0.028177      0.01408      0.01462     0.026976 brainseq__hippocampus__M000
brainseq__hippocampus__M004             SET     435   -0.0020968  -0.00032166     0.048814      0.51713 brainseq__hippocampus__M004
brainseq__hippocampus__M002             SET     604    0.0031808   0.00057221     0.039747      0.46811 brainseq__hippocampus__M002
brainseq__hippocampus__M005             SET     327    0.0019262   0.00025698     0.052925      0.48548 brainseq__hippocampus__M005
brainseq__hippocampus__M007             SET     164    -0.066473   -0.0063093     0.077743      0.80373 brainseq__hippocampus__M007
brainseq__hippocampus__M003             SET     559      0.05726    0.0099223     0.044268     0.097932 brainseq__hippocampus__M003
brainseq__hippocampus__M006             SET     165    -0.080233   -0.0076382      0.08222      0.83542 brainseq__hippocampus__M006
brainseq__hippocampus__M008             SET      95       0.1363    0.0098651      0.10976      0.10716 brainseq__hippocampus__M008
brainseq__dlpfc__M010                   SET     419      0.04034    0.0060762     0.049502      0.20757 brainseq__dlpfc__M010
brainseq__dlpfc__M009                   SET     567     0.024032    0.0041932     0.038829      0.26799 brainseq__dlpfc__M009
brainseq__dlpfc__M003                   SET    1653     0.010186    0.0029387     0.024423      0.33832 brainseq__dlpfc__M003
brainseq__dlpfc__M006                   SET     591    0.0046298   0.00082417     0.038188      0.45175 brainseq__dlpfc__M006
brainseq__dlpfc__M014                   SET     283    -0.070081   -0.0087087     0.059284      0.88142 brainseq__dlpfc__M014
brainseq__dlpfc__M021                   SET      84     0.095028    0.0064695      0.11077      0.19548 brainseq__dlpfc__M021
brainseq__dlpfc__M002                   SET    1354     0.030171    0.0079497     0.026934      0.13132 brainseq__dlpfc__M002
brainseq__dlpfc__M008                   SET     677   -0.0071132   -0.0013519     0.034332      0.58207 brainseq__dlpfc__M008
brainseq__dlpfc__M007                   SET     620    0.0091797    0.0016723     0.036587      0.40095 brainseq__dlpfc__M007
brainseq__dlpfc__M001                   SET     676     0.012482    0.0023705     0.037272      0.36886 brainseq__dlpfc__M001
brainseq__dlpfc__M017                   SET     183     0.017744    0.0017781     0.061208      0.38595 brainseq__dlpfc__M017
brainseq__dlpfc__M011                   SET     346    -0.013352   -0.0018314     0.052629      0.60014 brainseq__dlpfc__M011
brainseq__dlpfc__M004                   SET    1014      0.01954    0.0045007     0.032403      0.27325 brainseq__dlpfc__M004
brainseq__dlpfc__M000                   SET    1789    0.0090897    0.0027169     0.024144      0.35329 brainseq__dlpfc__M000
brainseq__dlpfc__M005                   SET    1073     0.017447    0.0041266      0.02908      0.27427 brainseq__dlpfc__M005
brainseq__dlpfc__M013                   SET     325     0.010699    0.0014231     0.048096      0.41198 brainseq__dlpfc__M013
brainseq__dlpfc__M012                   SET     346     0.015303     0.002099     0.050999      0.38206 brainseq__dlpfc__M012
brainseq__dlpfc__M016                   SET     189      0.03249    0.0033082     0.068134      0.31673 brainseq__dlpfc__M016
brainseq__dlpfc__M020                   SET      78    -0.035566   -0.0023336      0.10424      0.63352 brainseq__dlpfc__M020
brainseq__dlpfc__M015                   SET     261    -0.082587   -0.0098619     0.054416      0.93545 brainseq__dlpfc__M015
brainseq__dlpfc__M018                   SET     166     0.083729     0.007995     0.073908      0.12864 brainseq__dlpfc__M018
brainseq__dlpfc__M019                   SET     103    -0.022377    -0.001686     0.091463      0.59664 brainseq__dlpfc__M019
brainseq__dlpfc__M023                   SET      36     -0.23266    -0.010383      0.16087      0.92595 brainseq__dlpfc__M023
brainseq__dlpfc__M022                   SET       3     -0.47693     -0.00615      0.53804       0.8123 brainseq__dlpfc__M022
brainseq__caudate_sczd__M009            SET     358    -0.030666    -0.004277     0.052011      0.72227 brainseq__caudate_sczd__M009
brainseq__caudate_sczd__M008            SET     364   -0.0032523  -0.00045731     0.048947      0.52649 brainseq__caudate_sczd__M008
brainseq__caudate_sczd__M003            SET    1141     0.037975    0.0092436     0.028462     0.091074 brainseq__caudate_sczd__M003
brainseq__caudate_sczd__M006            SET     429   -0.0049204  -0.00074971     0.045034       0.5435 brainseq__caudate_sczd__M006
brainseq__caudate_sczd__M018            SET     162     0.059179    0.0055829     0.077085      0.22133 brainseq__caudate_sczd__M018
brainseq__caudate_sczd__M002            SET    1962   -0.0045544    -0.001418      0.02193      0.58226 brainseq__caudate_sczd__M002
brainseq__caudate_sczd__M000            SET    2081    0.0091828    0.0029335     0.021334      0.33345 brainseq__caudate_sczd__M000
brainseq__caudate_sczd__M013            SET     326    -0.013912   -0.0018532     0.048146      0.61369 brainseq__caudate_sczd__M013
brainseq__caudate_sczd__M001            SET    2223     0.016365    0.0053792     0.021841      0.22686 brainseq__caudate_sczd__M001
brainseq__caudate_sczd__M017            SET     188     0.067809    0.0068863     0.065061      0.14866 brainseq__caudate_sczd__M017
brainseq__caudate_sczd__M012            SET     283      0.01864    0.0023163     0.058357      0.37471 brainseq__caudate_sczd__M012
brainseq__caudate_sczd__M005            SET     984     0.042435    0.0096368     0.031118     0.086348 brainseq__caudate_sczd__M005
brainseq__caudate_sczd__M007            SET     390     0.049508    0.0072004     0.047216       0.1472 brainseq__caudate_sczd__M007
brainseq__caudate_sczd__M004            SET     588     0.012777     0.002269      0.03875       0.3708 brainseq__caudate_sczd__M004
brainseq__caudate_sczd__M019            SET     146    -0.043294   -0.0038791     0.079199      0.70769 brainseq__caudate_sczd__M019
brainseq__caudate_sczd__M011            SET     341     -0.10937    -0.014895     0.053221      0.98006 brainseq__caudate_sczd__M011
brainseq__caudate_sczd__M015            SET     188      0.10082     0.010238     0.072059     0.080906 brainseq__caudate_sczd__M015
brainseq__caudate_sczd__M020            SET     118    -0.055014   -0.0044349     0.080453      0.75295 brainseq__caudate_sczd__M020
brainseq__caudate_sczd__M014            SET     200     0.015846    0.0016593      0.06003       0.3959 brainseq__caudate_sczd__M014
brainseq__caudate_sczd__M010            SET     301    -0.052635   -0.0067421     0.055431      0.82883 brainseq__caudate_sczd__M010
brainseq__caudate_sczd__M022            SET      51    -0.027195   -0.0014439      0.13775      0.57825 brainseq__caudate_sczd__M022
brainseq__caudate_sczd__M016            SET     189     0.018095    0.0018425     0.066867      0.39335 brainseq__caudate_sczd__M016
brainseq__caudate_sczd__M021            SET      82    -0.048032    -0.003231      0.10687      0.67344 brainseq__caudate_sczd__M021
brainseq__caudate_sczd__M023            SET       4      0.13128    0.0019547      0.43829      0.38227 brainseq__caudate_sczd__M023
