# ALPHA = 0.05
# NUMBER_OF_TESTS = 625

# _SET1_  VARIABLE = gtex__caudate_basal_ganglia__M029 (set)
# _SET1_  NGENES = 37
# _SET1_  P-VALUE = 1.40513e-05
_SET1_   GENE     CHR      START       STOP  NSNPS  NPARAM       N        ZSTAT            P  ZFITTED_BASE  ZRESID_BASE
_SET1_   8672       1   21132785   21503381   1232      61  259041       2.5058    0.0072855             0       2.5058
_SET1_   11313      1   24117275   24122029     11       7  135146     -0.23251        0.696   -2.7756e-17     -0.23251
_SET1_   127254     1   75033795   75139422    353      56  210147       2.3824     0.013297             0       2.3824
_SET1_   148808     1  205538112  205572046    192      43  294672      0.82788      0.22841             0      0.82788
_SET1_   56896      2   27070969   27173219    342      45  211345       1.8819      0.03867             0       1.8819
_SET1_   6508       2  220492292  220506702     55      26  178327     -0.93734      0.88353             0     -0.93734
_SET1_   285368     3    9987226    9994078     24      15  227697       -1.243      0.92507             0       -1.243
_SET1_   23200      3  182511291  182639423    457      33  247436      0.73995      0.24374             0      0.73995
_SET1_   153020     4   82347547   82393082    180      47  238739     -0.47882      0.74549             0     -0.47882
_SET1_   6622       4   90645250   90759447    576      47  303725       7.0389   2.4177e-18             0       7.0389
_SET1_   57179      5  175773065  175788809     51      20  270535    0.0029407       0.5371   -1.6046e-17    0.0029407
_SET1_   90249      5  176237560  176307899    306      70  198825       1.9505     0.051507             0       1.9505
_SET1_   51428      5  176938578  176943967     19      11  108836      0.16632      0.51858   -2.7756e-17      0.16632
_SET1_   22999      6   72596406   73112845   2282      88  263474       1.7103     0.054285             0       1.7103
_SET1_   9771       7   22157908   22396751   1235      97  273296       1.8887     0.042431             0       1.8887
_SET1_   222950     7  100081550  100092425     40      18  212817      0.28977        0.451             0      0.28977
_SET1_   170394    10  134210702  134231363    147      51  218591       0.3149      0.46479             0       0.3149
_SET1_   5763      12    6875255    6880118     19       8  162172      -1.7692       0.9691             0      -1.7692
_SET1_   2026      12    7023614    7032860     38      11  127467     -0.57391      0.77589             0     -0.57391
_SET1_   55711     12   29301936   29488549   1065      70  249639       2.2426     0.015896             0       2.2426
_SET1_   4753      12   44902058   45307711   1788      94  237060      0.15496      0.50307   -2.7756e-17      0.15496
_SET1_   22864     12   57647547   57824782    472      53  204031     -0.87931      0.84419             0     -0.87931
_SET1_   688       13   73629114   73651676    101      31  221622       1.3374      0.11651             0       1.3374
_SET1_   11245     15   40091223   40213093    490      71  243280     -0.43083      0.72707             0     -0.43083
_SET1_   255189    15   42433332   42448839    100      32  222465       2.1289     0.024096             0       2.1289
_SET1_   50488     17    4736635    4801356    379      51  212728       1.3784      0.11421             0       1.3784
_SET1_   83394     17    6354583    6459877    540      53  280782     -0.58332       0.7372             0     -0.58332
_SET1_   752       17   43299192   43324685    101      30  226748      0.34808      0.42275             0      0.34808
_SET1_   201176    17   43471268   43510282    170      25  249737       6.5867   2.8753e-11             0       6.5867
_SET1_   3675      17   48133340   48167849    148      36  226321       3.1859    0.0013679             0       3.1859
_SET1_   140733    20   13976146   16033842  10438     465  270792      0.96202      0.30272             0      0.96202
_SET1_   140688    20   31030862   31172875    529      65  209100     -0.80518       0.8431             0     -0.80518
_SET1_   54020     21   43919742   44001550    518      44  298403     0.031363      0.49408   -1.3878e-17     0.031363
_SET1_   8888      21   47655047   47706211    259      36  273161       1.8945     0.032678             0       1.8945
_SET1_   7008      22   41763337   41795332    143      33  186201       3.1458    0.0014207             0       3.1458
_SET1_   6305      22   50883429   50913467    201      62  202785       2.1764     0.026683             0       2.1764
_SET1_   85358     22   51113070   51171640    238      73  255528     -0.21219      0.66439   -2.7756e-17     -0.21219
