# TOTAL_GENES = 17866
# TEST_DIRECTION = one-sided, positive (set), two-sided (covar)
# CONDITIONED_INTERNAL = gene size, gene density, sample size, inverse mac, log(gene size), log(gene density), log(sample size), log(inverse mac)
VARIABLE                               TYPE  NGENES         BETA     BETA_STD           SE            P FULL_NAME
gtex__amygdala__M000                    SET   12151      0.14526     0.067756     0.017612   8.6461e-17 gtex__amygdala__M000
gtex__amygdala__M002                    SET     432     -0.15315    -0.023526     0.052018      0.99838 gtex__amygdala__M002
gtex__amygdala__M003                    SET     394   -0.0039751  -0.00058379     0.051575      0.53072 gtex__amygdala__M003
gtex__amygdala__M001                    SET     471     -0.15049     -0.02411     0.050191      0.99864 gtex__amygdala__M001
gtex__amygdala__M005                    SET     101    -0.058555   -0.0043903      0.10408      0.71314 gtex__amygdala__M005
gtex__amygdala__M004                    SET      91      0.15265     0.010867      0.10549     0.073939 gtex__amygdala__M004
gtex__anterior_cingulate_cor...2        SET    1533    -0.061702    -0.017282     0.027505      0.98755 gtex__anterior_cingulate_cortex_ba24__M001
gtex__anterior_cingulate_cor...1        SET   10674      0.15633     0.076667     0.016543   1.9208e-21 gtex__anterior_cingulate_cortex_ba24__M000
gtex__anterior_cingulate_cor...3        SET     652    -0.078858    -0.014787     0.041553      0.97113 gtex__anterior_cingulate_cortex_ba24__M002
gtex__anterior_cingulate_cor...6        SET     152    -0.086915   -0.0079829     0.088019      0.83828 gtex__anterior_cingulate_cortex_ba24__M005
gtex__anterior_cingulate_cor...4        SET     268    -0.094924    -0.011539     0.064234      0.93026 gtex__anterior_cingulate_cortex_ba24__M003
gtex__anterior_cingulate_cor...5        SET     314     -0.16503    -0.021686     0.060687      0.99673 gtex__anterior_cingulate_cortex_ba24__M004
gtex__caudate_basal_ganglia_...4        SET     432    -0.073201    -0.011245     0.050082      0.92807 gtex__caudate_basal_ganglia__M003
gtex__caudate_basal_ganglia_...1        SET   11511      0.15887     0.076059     0.017169   1.2167e-20 gtex__caudate_basal_ganglia__M000
gtex__caudate_basal_ganglia_...5        SET     239     -0.14827    -0.017035     0.070615      0.98212 gtex__caudate_basal_ganglia__M004
gtex__caudate_basal_ganglia_...2        SET     982     -0.11683    -0.026627     0.034596      0.99963 gtex__caudate_basal_ganglia__M001
gtex__caudate_basal_ganglia_...3        SET     494    -0.061948    -0.010158     0.050105      0.89183 gtex__caudate_basal_ganglia__M002
gtex__caudate_basal_ganglia_...6        SET      39     0.015165   0.00070776       0.1712      0.46471 gtex__caudate_basal_ganglia__M005
gtex__cerebellar_hemisphere_...2        SET     784    -0.073386    -0.015032     0.039875      0.96714 gtex__cerebellar_hemisphere__M001
gtex__cerebellar_hemisphere_...1        SET   10683      0.17609     0.086344     0.016977   1.9738e-25 gtex__cerebellar_hemisphere__M000
gtex__cerebellar_hemisphere_...4        SET     267     -0.17601    -0.021356     0.066203      0.99607 gtex__cerebellar_hemisphere__M003
gtex__cerebellar_hemisphere_...3        SET     540      0.07993     0.013685      0.05021     0.055712 gtex__cerebellar_hemisphere__M002
gtex__cerebellar_hemisphere_...9        SET     153    -0.096838   -0.0089232     0.076747      0.89648 gtex__cerebellar_hemisphere__M008
gtex__cerebellar_hemisphere_...10       SET     155     -0.19208    -0.017814     0.089387      0.98417 gtex__cerebellar_hemisphere__M009
gtex__cerebellar_hemisphere_...6        SET      75     0.038176    0.0024684      0.11569      0.37071 gtex__cerebellar_hemisphere__M005
gtex__cerebellar_hemisphere_...5        SET     130     -0.06073   -0.0051616     0.080328      0.77518 gtex__cerebellar_hemisphere__M004
gtex__cerebellar_hemisphere_...8        SET     180     -0.11133    -0.011119     0.078723      0.92134 gtex__cerebellar_hemisphere__M007
gtex__cerebellar_hemisphere_...7        SET     224     -0.14507    -0.016142     0.071888      0.97819 gtex__cerebellar_hemisphere__M006
gtex__cerebellar_hemisphere_...11       SET      86      0.16119     0.011157      0.11266     0.076253 gtex__cerebellar_hemisphere__M010
gtex__cerebellum__M001                  SET     775    -0.045492   -0.0092673     0.039801      0.87347 gtex__cerebellum__M001
gtex__cerebellum__M000                  SET   11069      0.17971     0.087251     0.017169   7.3305e-26 gtex__cerebellum__M000
gtex__cerebellum__M004                  SET     285     -0.23786    -0.029803     0.064594      0.99988 gtex__cerebellum__M004
gtex__cerebellum__M003                  SET     337     -0.10647    -0.014485     0.060877      0.95984 gtex__cerebellum__M003
gtex__cerebellum__M009                  SET      60     -0.15721   -0.0090954      0.13953      0.87005 gtex__cerebellum__M009
gtex__cerebellum__M008                  SET      71      -0.2299    -0.014465      0.13054      0.96089 gtex__cerebellum__M008
gtex__cerebellum__M006                  SET     136     0.004344   0.00037757     0.079141      0.47811 gtex__cerebellum__M006
gtex__cerebellum__M005                  SET     244    -0.048005   -0.0055717     0.068146      0.75942 gtex__cerebellum__M005
gtex__cerebellum__M007                  SET     143     -0.19129    -0.017046     0.089585      0.98362 gtex__cerebellum__M007
gtex__cerebellum__M002                  SET     124    0.0030012   0.00024917     0.085351      0.48597 gtex__cerebellum__M002
gtex__cerebellum__M010                  SET      47        0.252     0.012909      0.15645     0.053627 gtex__cerebellum__M010
gtex__cortex__M001                      SET     907    -0.092267    -0.020255     0.035082      0.99573 gtex__cortex__M001
gtex__cortex__M000                      SET   10507      0.16684     0.082119       0.0164   1.5326e-24 gtex__cortex__M000
gtex__cortex__M002                      SET     644     -0.13145    -0.024504     0.042187      0.99908 gtex__cortex__M002
gtex__cortex__M003                      SET     467    -0.033865   -0.0054032     0.048455      0.75769 gtex__cortex__M003
gtex__cortex__M010                      SET      48    0.0051101   0.00026452      0.15167      0.48656 gtex__cortex__M010
gtex__cortex__M005                      SET     199    -0.023494   -0.0024657     0.077755      0.61873 gtex__cortex__M005
gtex__cortex__M008                      SET     198      -0.1087     -0.01138     0.066547       0.9488 gtex__cortex__M008
gtex__cortex__M006                      SET     194     -0.20007    -0.020735     0.076602      0.99549 gtex__cortex__M006
gtex__cortex__M004                      SET     403    -0.089998    -0.013364     0.055551      0.94739 gtex__cortex__M004
gtex__cortex__M007                      SET     102    -0.033099   -0.0024938     0.093508      0.63832 gtex__cortex__M007
gtex__cortex__M009                      SET      58     0.087878    0.0049991      0.14321      0.26974 gtex__cortex__M009
gtex__frontal_cortex_ba9__M0...2        SET    2531    -0.015018   -0.0052369     0.021441      0.75816 gtex__frontal_cortex_ba9__M001
gtex__frontal_cortex_ba9__M0...1        SET    9468       0.1457      0.07272     0.015659   7.5665e-21 gtex__frontal_cortex_ba9__M000
gtex__frontal_cortex_ba9__M0...3        SET     678     -0.14124    -0.026988     0.040978      0.99972 gtex__frontal_cortex_ba9__M002
gtex__frontal_cortex_ba9__M0...7        SET     179    -0.074271    -0.007397      0.08253      0.81591 gtex__frontal_cortex_ba9__M006
gtex__frontal_cortex_ba9__M0...4        SET     357    -0.079457    -0.011119     0.057105      0.91794 gtex__frontal_cortex_ba9__M003
gtex__frontal_cortex_ba9__M0...6        SET     181     -0.11886    -0.011903     0.070492      0.95411 gtex__frontal_cortex_ba9__M005
gtex__frontal_cortex_ba9__M0...5        SET     271     -0.20838     -0.02547     0.066085      0.99919 gtex__frontal_cortex_ba9__M004
gtex__hippocampus__M002                 SET     545    -0.024744   -0.0042554     0.044994      0.70881 gtex__hippocampus__M002
gtex__hippocampus__M000                 SET   12051      0.14505     0.067966     0.017542   7.2807e-17 gtex__hippocampus__M000
gtex__hippocampus__M001                 SET    1079     -0.10706    -0.025505     0.033094      0.99939 gtex__hippocampus__M001
gtex__hypothalamus__M000                SET   11573      0.14526     0.069388     0.017112   1.1328e-17 gtex__hypothalamus__M000
gtex__hypothalamus__M005                SET     262     -0.14244    -0.017123     0.066671      0.98367 gtex__hypothalamus__M005
gtex__hypothalamus__M004                SET     405    -0.040703   -0.0060586     0.052483      0.78099 gtex__hypothalamus__M004
gtex__hypothalamus__M002                SET     583    -0.016629   -0.0029546     0.043778      0.64797 gtex__hypothalamus__M002
gtex__hypothalamus__M001                SET     626    -0.048916   -0.0089948     0.042066      0.87755 gtex__hypothalamus__M001
gtex__hypothalamus__M003                SET     450      -0.1396    -0.021875     0.051221      0.99679 gtex__hypothalamus__M003
gtex__nucleus_accumbens_basa...1        SET   11615      0.15681     0.074792     0.017242   5.2531e-20 gtex__nucleus_accumbens_basal_ganglia__M000
gtex__nucleus_accumbens_basa...7        SET     242     -0.15755    -0.018212     0.069211      0.98858 gtex__nucleus_accumbens_basal_ganglia__M006
gtex__nucleus_accumbens_basa...3        SET     485    -0.076489    -0.012431     0.048414      0.94292 gtex__nucleus_accumbens_basal_ganglia__M002
gtex__nucleus_accumbens_basa...5        SET     297    -0.049221   -0.0062935     0.063074      0.78241 gtex__nucleus_accumbens_basal_ganglia__M004
gtex__nucleus_accumbens_basa...2        SET     496    -0.087354    -0.014352     0.047713      0.96643 gtex__nucleus_accumbens_basal_ganglia__M001
gtex__nucleus_accumbens_basa...4        SET     352     -0.17975    -0.024981     0.057499      0.99911 gtex__nucleus_accumbens_basal_ganglia__M003
gtex__nucleus_accumbens_basa...6        SET     233    -0.067455   -0.0076532     0.067868      0.83986 gtex__nucleus_accumbens_basal_ganglia__M005
gtex__putamen_basal_ganglia_...2        SET     903    -0.076198    -0.016693     0.036694      0.98107 gtex__putamen_basal_ganglia__M001
gtex__putamen_basal_ganglia_...1        SET   11100       0.1644     0.079749     0.016976   2.0076e-22 gtex__putamen_basal_ganglia__M000
gtex__putamen_basal_ganglia_...4        SET     302     -0.14077    -0.018147     0.062083      0.98831 gtex__putamen_basal_ganglia__M003
gtex__putamen_basal_ganglia_...3        SET    1047     -0.13569    -0.031872     0.033823      0.99997 gtex__putamen_basal_ganglia__M002
gtex__putamen_basal_ganglia_...5        SET     125     -0.10739   -0.0089516     0.097018      0.86583 gtex__putamen_basal_ganglia__M004
gtex__putamen_basal_ganglia_...6        SET      47      0.13897    0.0071187      0.14943      0.17619 gtex__putamen_basal_ganglia__M005
gtex__putamen_basal_ganglia_...7        SET      54      0.25918     0.014228      0.14779     0.039752 gtex__putamen_basal_ganglia__M006
gtex__spinal_cord_cervical_c...1        SET   10388      0.10743        0.053     0.016532   4.1791e-11 gtex__spinal_cord_cervical_c_1__M000
gtex__spinal_cord_cervical_c...5        SET     290    -0.049077   -0.0062019     0.063539      0.78005 gtex__spinal_cord_cervical_c_1__M004
gtex__spinal_cord_cervical_c...4        SET     544     -0.17634      -0.0303      0.04698      0.99991 gtex__spinal_cord_cervical_c_1__M003
gtex__spinal_cord_cervical_c...2        SET    1112      0.17324     0.041854     0.033203   9.1765e-08 gtex__spinal_cord_cervical_c_1__M001
gtex__spinal_cord_cervical_c...6        SET     130      0.13136     0.011165     0.097322     0.088562 gtex__spinal_cord_cervical_c_1__M005
gtex__spinal_cord_cervical_c...3        SET     945     -0.12304     -0.02754     0.035378      0.99975 gtex__spinal_cord_cervical_c_1__M002
gtex__spinal_cord_cervical_c...7        SET     130     -0.02489   -0.0021155     0.089285      0.60979 gtex__spinal_cord_cervical_c_1__M006
gtex__spinal_cord_cervical_c...8        SET      54     -0.14647   -0.0080404      0.13485      0.86128 gtex__spinal_cord_cervical_c_1__M007
gtex__substantia_nigra__M002            SET     660    -0.018923   -0.0035694     0.043294      0.66898 gtex__substantia_nigra__M002
gtex__substantia_nigra__M000            SET    9445     0.047754     0.023838     0.016016    0.0014354 gtex__substantia_nigra__M000
gtex__substantia_nigra__M001            SET    2631      0.11886     0.042121     0.021702   2.1945e-08 gtex__substantia_nigra__M001
gtex__substantia_nigra__M005            SET     123   -0.0056254  -0.00046517     0.095554      0.52347 gtex__substantia_nigra__M005
gtex__substantia_nigra__M003            SET     483     -0.15725    -0.025505     0.049368      0.99928 gtex__substantia_nigra__M003
gtex__substantia_nigra__M006            SET     131    -0.059871    -0.005108     0.096851      0.73177 gtex__substantia_nigra__M006
gtex__substantia_nigra__M004            SET      79     0.031837    0.0021124      0.11384      0.38987 gtex__substantia_nigra__M004
brainseq__caudate__M003                 SET    1470      -0.0559    -0.015361     0.027225      0.97997 brainseq__caudate__M003
brainseq__caudate__M001                 SET    2072     0.016292    0.0052167      0.02279      0.23735 brainseq__caudate__M001
brainseq__caudate__M005                 SET     835      0.01745    0.0036833     0.036532      0.31645 brainseq__caudate__M005
brainseq__caudate__M010                 SET     300     -0.09417      -0.0121     0.062633      0.93364 brainseq__caudate__M010
brainseq__caudate__M000                 SET    1994     0.012538    0.0039483     0.023388      0.29594 brainseq__caudate__M000
brainseq__caudate__M007                 SET     362     0.029057    0.0040941     0.054779      0.29791 brainseq__caudate__M007
brainseq__caudate__M009                 SET     328     0.067211     0.009023     0.055575      0.11327 brainseq__caudate__M009
brainseq__caudate__M004                 SET    1102      0.11338     0.027277     0.031504   0.00016027 brainseq__caudate__M004
brainseq__caudate__M017                 SET      94     0.056669    0.0040998     0.087505      0.25862 brainseq__caudate__M017
brainseq__caudate__M014                 SET     131     0.047425    0.0040462      0.08399      0.28616 brainseq__caudate__M014
brainseq__caudate__M002                 SET    1649      0.10302      0.02982     0.027409   8.5737e-05 brainseq__caudate__M002
brainseq__caudate__M006                 SET     478     0.031778    0.0051281     0.046644      0.24784 brainseq__caudate__M006
brainseq__caudate__M013                 SET     204    -0.062745   -0.0066665     0.074356      0.80062 brainseq__caudate__M013
brainseq__caudate__M020                 SET      68     0.028684    0.0017663      0.11644      0.40271 brainseq__caudate__M020
brainseq__caudate__M012                 SET     238     -0.11908    -0.013653     0.069148      0.95747 brainseq__caudate__M012
brainseq__caudate__M011                 SET     285      0.13928     0.017451     0.054473    0.0052848 brainseq__caudate__M011
brainseq__caudate__M008                 SET     302     0.043087    0.0055545     0.061556      0.24198 brainseq__caudate__M008
brainseq__caudate__M019                 SET      41     -0.11315   -0.0054142      0.14236      0.78662 brainseq__caudate__M019
brainseq__caudate__M018                 SET      66    -0.049042   -0.0029753       0.1288      0.64831 brainseq__caudate__M018
brainseq__caudate__M016                 SET     100    0.0025392   0.00018944      0.10262      0.49013 brainseq__caudate__M016
brainseq__caudate__M015                 SET      98     0.080589    0.0059524     0.096817       0.2026 brainseq__caudate__M015
brainseq__caudate__M022                 SET      33      0.16517    0.0070925      0.17504      0.17268 brainseq__caudate__M022
brainseq__caudate__M021                 SET      37      0.10804    0.0049116       0.1619      0.25229 brainseq__caudate__M021
brainseq__hippocampus__M001             SET    1899     -0.11378    -0.035069     0.025245            1 brainseq__hippocampus__M001
brainseq__hippocampus__M000             SET    9302      0.07525     0.037594     0.015934   1.1743e-06 brainseq__hippocampus__M000
brainseq__hippocampus__M004             SET     434      0.04607    0.0070928      0.05299      0.19232 brainseq__hippocampus__M004
brainseq__hippocampus__M002             SET     604      0.23703      0.04284     0.042816   1.5706e-08 brainseq__hippocampus__M002
brainseq__hippocampus__M005             SET     327    -0.073715   -0.0098814     0.058967      0.89436 brainseq__hippocampus__M005
brainseq__hippocampus__M007             SET     164     -0.16939    -0.016155     0.085769      0.97586 brainseq__hippocampus__M007
brainseq__hippocampus__M003             SET     559      0.22083     0.038447     0.048497   2.6566e-06 brainseq__hippocampus__M003
brainseq__hippocampus__M006             SET     164    -0.082569   -0.0078747     0.089561      0.82171 brainseq__hippocampus__M006
brainseq__hippocampus__M008             SET      94      0.10153    0.0073454      0.11826       0.1953 brainseq__hippocampus__M008
brainseq__dlpfc__M010                   SET     418    -0.052715   -0.0079685      0.05442      0.83364 brainseq__dlpfc__M010
brainseq__dlpfc__M009                   SET     567     0.047195    0.0082733     0.043607      0.13957 brainseq__dlpfc__M009
brainseq__dlpfc__M003                   SET    1651     0.048066     0.013921      0.02618     0.033188 brainseq__dlpfc__M003
brainseq__dlpfc__M006                   SET     590     0.020914    0.0037373     0.041299      0.30629 brainseq__dlpfc__M006
brainseq__dlpfc__M014                   SET     281     -0.13937    -0.017341     0.064163      0.98507 brainseq__dlpfc__M014
brainseq__dlpfc__M021                   SET      84      -0.2957    -0.020229      0.11789      0.99393 brainseq__dlpfc__M021
brainseq__dlpfc__M002                   SET    1350   0.00060323   0.00015944     0.029203      0.49176 brainseq__dlpfc__M002
brainseq__dlpfc__M008                   SET     666    -0.010031   -0.0019003     0.037023      0.60678 brainseq__dlpfc__M008
brainseq__dlpfc__M007                   SET     618    -0.010752   -0.0019648     0.038648      0.60957 brainseq__dlpfc__M007
brainseq__dlpfc__M001                   SET     672     0.067891     0.012917     0.041149     0.049492 brainseq__dlpfc__M001
brainseq__dlpfc__M017                   SET     183     0.024728    0.0024899     0.065844      0.35363 brainseq__dlpfc__M017
brainseq__dlpfc__M011                   SET     346      -0.1085    -0.014953     0.057577      0.97024 brainseq__dlpfc__M011
brainseq__dlpfc__M004                   SET    1010     0.092364     0.021332     0.036066    0.0052234 brainseq__dlpfc__M004
brainseq__dlpfc__M000                   SET    1789      0.14058     0.042202     0.025874   2.8034e-08 brainseq__dlpfc__M000
brainseq__dlpfc__M005                   SET    1067     0.053002      0.01256     0.030752     0.042405 brainseq__dlpfc__M005
brainseq__dlpfc__M013                   SET     322     0.082195     0.010935     0.051627     0.055692 brainseq__dlpfc__M013
brainseq__dlpfc__M012                   SET     346      -0.0519   -0.0071525     0.055622      0.82461 brainseq__dlpfc__M012
brainseq__dlpfc__M016                   SET     189     -0.11591    -0.011859     0.076824      0.93431 brainseq__dlpfc__M016
brainseq__dlpfc__M020                   SET      78      0.17628     0.011623       0.1141     0.061185 brainseq__dlpfc__M020
brainseq__dlpfc__M015                   SET     260    -0.053579   -0.0064164     0.058181      0.82144 brainseq__dlpfc__M015
brainseq__dlpfc__M018                   SET     166     -0.01261   -0.0012099     0.076683      0.56531 brainseq__dlpfc__M018
brainseq__dlpfc__M019                   SET     103    0.0074008   0.00056033     0.096596      0.46946 brainseq__dlpfc__M019
brainseq__dlpfc__M023                   SET      36      0.25986     0.011654      0.17589     0.069795 brainseq__dlpfc__M023
brainseq__dlpfc__M022                   SET       3        0.579    0.0075024       0.5291      0.13692 brainseq__dlpfc__M022
brainseq__caudate_sczd__M009            SET     358    -0.091192    -0.012779       0.0557       0.9492 brainseq__caudate_sczd__M009
brainseq__caudate_sczd__M008            SET     363     0.040204    0.0056723     0.052351      0.22126 brainseq__caudate_sczd__M008
brainseq__caudate_sczd__M003            SET    1138     0.023411    0.0057175     0.030885      0.22423 brainseq__caudate_sczd__M003
brainseq__caudate_sczd__M006            SET     429     0.044613    0.0068298     0.048518      0.17892 brainseq__caudate_sczd__M006
brainseq__caudate_sczd__M018            SET     162     -0.16055    -0.015219     0.084203      0.97171 brainseq__caudate_sczd__M018
brainseq__caudate_sczd__M002            SET    1954     0.014212    0.0044356     0.023332      0.27123 brainseq__caudate_sczd__M002
brainseq__caudate_sczd__M000            SET    2068     0.028807    0.0092164      0.02307       0.1059 brainseq__caudate_sczd__M000
brainseq__caudate_sczd__M013            SET     324     0.068349    0.0091207     0.051873     0.093825 brainseq__caudate_sczd__M013
brainseq__caudate_sczd__M001            SET    2213      0.11642     0.038352     0.024142   7.1644e-07 brainseq__caudate_sczd__M001
brainseq__caudate_sczd__M017            SET     187      0.14266     0.014519     0.070376     0.021335 brainseq__caudate_sczd__M017
brainseq__caudate_sczd__M012            SET     282     -0.16547    -0.020625     0.063057      0.99565 brainseq__caudate_sczd__M012
brainseq__caudate_sczd__M005            SET     981    -0.076752    -0.017485      0.03382      0.98837 brainseq__caudate_sczd__M005
brainseq__caudate_sczd__M007            SET     390      0.19172     0.028016     0.049967   6.2513e-05 brainseq__caudate_sczd__M007
brainseq__caudate_sczd__M004            SET     586     0.036049    0.0064209     0.041636      0.19331 brainseq__caudate_sczd__M004
brainseq__caudate_sczd__M019            SET     146    -0.028381   -0.0025552     0.086492      0.62859 brainseq__caudate_sczd__M019
brainseq__caudate_sczd__M011            SET     340    -0.062149   -0.0084918     0.058651      0.85534 brainseq__caudate_sczd__M011
brainseq__caudate_sczd__M015            SET     188      0.01832    0.0018694     0.077956       0.4071 brainseq__caudate_sczd__M015
brainseq__caudate_sczd__M020            SET     118      0.09599    0.0077755     0.087429      0.13613 brainseq__caudate_sczd__M020
brainseq__caudate_sczd__M014            SET     197   -0.0010318  -0.00010775     0.066727      0.50617 brainseq__caudate_sczd__M014
brainseq__caudate_sczd__M010            SET     300     0.014865    0.0019101     0.060763      0.40337 brainseq__caudate_sczd__M010
brainseq__caudate_sczd__M022            SET      51      0.19129     0.010206      0.14817     0.098352 brainseq__caudate_sczd__M022
brainseq__caudate_sczd__M016            SET     189     0.029509    0.0030191     0.072592      0.34219 brainseq__caudate_sczd__M016
brainseq__caudate_sczd__M021            SET      82      0.12459    0.0084213      0.11151      0.13195 brainseq__caudate_sczd__M021
brainseq__caudate_sczd__M023            SET       4    -0.011871  -0.00017761      0.49536      0.50956 brainseq__caudate_sczd__M023
