# TOTAL_GENES = 17866
# TEST_DIRECTION = one-sided, positive (set), two-sided (covar)
# CONDITIONED_INTERNAL = gene size, gene density, sample size, inverse mac, log(gene size), log(gene density), log(sample size), log(inverse mac)
VARIABLE                               TYPE  NGENES         BETA     BETA_STD           SE            P FULL_NAME
gtex__amygdala__M000                    SET    1116      0.12059     0.029184     0.030924   4.8349e-05 gtex__amygdala__M000
gtex__amygdala__M001                    SET     909     0.066333     0.014577     0.034954     0.028873 gtex__amygdala__M001
gtex__amygdala__M002                    SET     396   -0.0090076   -0.0013261     0.047003      0.57599 gtex__amygdala__M002
gtex__amygdala__M003                    SET     368      0.03605    0.0051204     0.049773      0.23445 gtex__amygdala__M003
gtex__amygdala__M004                    SET     396      0.16622     0.024471     0.051575   0.00063578 gtex__amygdala__M004
gtex__amygdala__M005                    SET     142      0.15588     0.013842     0.086499      0.03577 gtex__amygdala__M005
gtex__amygdala__M006                    SET     130     0.016908    0.0014371      0.09029      0.42573 gtex__amygdala__M006
gtex__amygdala__M007                    SET     126    -0.010952   -0.0009165      0.07998      0.55446 gtex__amygdala__M007
gtex__amygdala__M008                    SET      97      -0.0934   -0.0068636      0.10062      0.82336 gtex__amygdala__M008
gtex__amygdala__M009                    SET      66     0.020468    0.0012418      0.11361      0.42851 gtex__amygdala__M009
gtex__amygdala__M010                    SET      56     -0.13389   -0.0074843      0.14118      0.82852 gtex__amygdala__M010
gtex__amygdala__M011                    SET      64      0.10299     0.006153      0.13661      0.22547 gtex__amygdala__M011
gtex__amygdala__M012                    SET      43     0.098563    0.0048297      0.13098      0.22589 gtex__amygdala__M012
gtex__amygdala__M013                    SET      41    -0.042626   -0.0020397      0.14389      0.61647 gtex__amygdala__M013
gtex__amygdala__M014                    SET      35   -0.0033255  -0.00014705       0.1474        0.509 gtex__amygdala__M014
gtex__amygdala__M015                    SET      33     -0.04872    -0.002092      0.15718      0.62171 gtex__amygdala__M015
gtex__amygdala__M016                    SET      30   -0.0064346  -0.00026346      0.18028      0.51424 gtex__amygdala__M016
gtex__amygdala__M017                    SET      23     -0.10535   -0.0037777       0.2024      0.69865 gtex__amygdala__M017
gtex__amygdala__M018                    SET      22      0.35729      0.01253      0.22925     0.059564 gtex__amygdala__M018
gtex__amygdala__M019                    SET      19     -0.13489   -0.0043968      0.21668      0.73321 gtex__amygdala__M019
gtex__amygdala__M020                    SET      19      0.18544    0.0060445      0.20062      0.17766 gtex__amygdala__M020
gtex__amygdala__M021                    SET      18     -0.17798   -0.0056466      0.23981        0.771 gtex__amygdala__M021
gtex__amygdala__M022                    SET      17      0.54991     0.016955      0.27998     0.024766 gtex__amygdala__M022
gtex__amygdala__M023                    SET      17     0.027838   0.00085833      0.23113      0.45207 gtex__amygdala__M023
gtex__anterior_cingulate_cor...1        SET    2210     0.072464     0.023859     0.022682   0.00070095 gtex__anterior_cingulate_cortex_ba24__M000
gtex__anterior_cingulate_cor...2        SET     984     0.081583     0.018612     0.032727    0.0063406 gtex__anterior_cingulate_cortex_ba24__M001
gtex__anterior_cingulate_cor...3        SET     333      0.01037    0.0014026     0.058668      0.42985 gtex__anterior_cingulate_cortex_ba24__M002
gtex__anterior_cingulate_cor...4        SET     224     0.043601    0.0048516     0.061777      0.24017 gtex__anterior_cingulate_cortex_ba24__M003
gtex__anterior_cingulate_cor...5        SET     226    -0.047214   -0.0052767     0.062369      0.77547 gtex__anterior_cingulate_cortex_ba24__M004
gtex__anterior_cingulate_cor...6        SET     232     0.073733    0.0083477     0.067355      0.13683 gtex__anterior_cingulate_cortex_ba24__M005
gtex__anterior_cingulate_cor...7        SET     171     -0.10085   -0.0098194     0.079714      0.89708 gtex__anterior_cingulate_cortex_ba24__M006
gtex__anterior_cingulate_cor...8        SET     111      0.13515      0.01062     0.093719     0.074654 gtex__anterior_cingulate_cortex_ba24__M007
gtex__anterior_cingulate_cor...9        SET     107    -0.011161  -0.00086114      0.10148      0.54379 gtex__anterior_cingulate_cortex_ba24__M008
gtex__anterior_cingulate_cor...10       SET      52     0.091304    0.0049188      0.14466      0.26397 gtex__anterior_cingulate_cortex_ba24__M009
gtex__anterior_cingulate_cor...11       SET      58    -0.026017     -0.00148      0.13118       0.5786 gtex__anterior_cingulate_cortex_ba24__M010
gtex__anterior_cingulate_cor...12       SET      62      0.11737    0.0069022       0.1168      0.15749 gtex__anterior_cingulate_cortex_ba24__M011
gtex__anterior_cingulate_cor...13       SET      54     0.011803   0.00064791      0.12544      0.46252 gtex__anterior_cingulate_cortex_ba24__M012
gtex__anterior_cingulate_cor...14       SET      37    -0.073833   -0.0033566       0.1713      0.66677 gtex__anterior_cingulate_cortex_ba24__M013
gtex__anterior_cingulate_cor...15       SET      43      0.10226     0.005011      0.15827       0.2591 gtex__anterior_cingulate_cortex_ba24__M014
gtex__anterior_cingulate_cor...16       SET      39      0.12616     0.005888      0.14656      0.19469 gtex__anterior_cingulate_cortex_ba24__M015
gtex__anterior_cingulate_cor...17       SET      31      0.12056    0.0050178      0.16085      0.22677 gtex__anterior_cingulate_cortex_ba24__M016
gtex__anterior_cingulate_cor...18       SET      27     0.030039    0.0011669      0.18395      0.43514 gtex__anterior_cingulate_cortex_ba24__M017
gtex__anterior_cingulate_cor...19       SET      24     0.008561   0.00031357      0.18187      0.48123 gtex__anterior_cingulate_cortex_ba24__M018
gtex__anterior_cingulate_cor...20       SET      16    -0.030314  -0.00090681      0.27666      0.54363 gtex__anterior_cingulate_cortex_ba24__M019
gtex__anterior_cingulate_cor...21       SET      15     -0.21544   -0.0062399      0.29817      0.76501 gtex__anterior_cingulate_cortex_ba24__M020
gtex__caudate_basal_ganglia_...1        SET    1516      0.11124        0.031     0.027391   2.4521e-05 gtex__caudate_basal_ganglia__M000
gtex__caudate_basal_ganglia_...2        SET     982     0.094379     0.021511     0.033359    0.0023359 gtex__caudate_basal_ganglia__M001
gtex__caudate_basal_ganglia_...3        SET     368     0.072407     0.010285     0.049228     0.070675 gtex__caudate_basal_ganglia__M002
gtex__caudate_basal_ganglia_...4        SET     356     0.089092     0.012451     0.055224     0.053352 gtex__caudate_basal_ganglia__M003
gtex__caudate_basal_ganglia_...5        SET     261       0.1095     0.013138     0.057937     0.029388 gtex__caudate_basal_ganglia__M004
gtex__caudate_basal_ganglia_...6        SET     220     0.032684    0.0036046     0.070685       0.3219 gtex__caudate_basal_ganglia__M005
gtex__caudate_basal_ganglia_...7        SET     183     0.033827    0.0034061     0.077026      0.33027 gtex__caudate_basal_ganglia__M006
gtex__caudate_basal_ganglia_...8        SET     109    -0.090162   -0.0070211       0.1035      0.80816 gtex__caudate_basal_ganglia__M007
gtex__caudate_basal_ganglia_...9        SET     111      0.14635       0.0115     0.091607      0.05508 gtex__caudate_basal_ganglia__M008
gtex__caudate_basal_ganglia_...10       SET      76     0.062326    0.0040565      0.11398      0.29226 gtex__caudate_basal_ganglia__M009
gtex__caudate_basal_ganglia_...11       SET      67      0.17687     0.010811       0.1133     0.059255 gtex__caudate_basal_ganglia__M010
gtex__caudate_basal_ganglia_...12       SET      59     0.004861   0.00027889      0.12833      0.48489 gtex__caudate_basal_ganglia__M011
gtex__caudate_basal_ganglia_...13       SET      49     0.055662    0.0029111      0.13377      0.33867 gtex__caudate_basal_ganglia__M012
gtex__caudate_basal_ganglia_...14       SET      30     0.023288    0.0009535      0.17195      0.44614 gtex__caudate_basal_ganglia__M013
gtex__caudate_basal_ganglia_...15       SET      39      0.20473    0.0095551        0.162      0.10317 gtex__caudate_basal_ganglia__M014
gtex__caudate_basal_ganglia_...16       SET      27     0.020805    0.0008082       0.1998      0.45853 gtex__caudate_basal_ganglia__M015
gtex__caudate_basal_ganglia_...17       SET      27     -0.30077    -0.011684      0.18487      0.94811 gtex__caudate_basal_ganglia__M016
gtex__caudate_basal_ganglia_...18       SET      26    -0.065524   -0.0024979      0.19146      0.63391 gtex__caudate_basal_ganglia__M017
gtex__caudate_basal_ganglia_...19       SET      18    -0.047131   -0.0014953      0.22567      0.58272 gtex__caudate_basal_ganglia__M018
gtex__caudate_basal_ganglia_...20       SET      20     -0.30642    -0.010247      0.22808      0.91043 gtex__caudate_basal_ganglia__M019
gtex__caudate_basal_ganglia_...21       SET      16     0.001478   4.4212e-05      0.24877      0.49763 gtex__caudate_basal_ganglia__M020
gtex__cerebellar_hemisphere_...1        SET    1498      0.10946     0.030339     0.027163   2.8019e-05 gtex__cerebellar_hemisphere__M000
gtex__cerebellar_hemisphere_...2        SET     705     0.066194     0.012888     0.037335     0.038125 gtex__cerebellar_hemisphere__M001
gtex__cerebellar_hemisphere_...3        SET     552     0.067208      0.01163     0.041001     0.050597 gtex__cerebellar_hemisphere__M002
gtex__cerebellar_hemisphere_...4        SET     440     0.021506    0.0033333     0.044407      0.31409 gtex__cerebellar_hemisphere__M003
gtex__cerebellar_hemisphere_...5        SET     356     0.059262    0.0082819     0.051483      0.12485 gtex__cerebellar_hemisphere__M004
gtex__cerebellar_hemisphere_...6        SET     286    0.0087787    0.0011018     0.059854       0.4417 gtex__cerebellar_hemisphere__M005
gtex__cerebellar_hemisphere_...7        SET     218      0.04439    0.0048735       0.0631      0.24088 gtex__cerebellar_hemisphere__M006
gtex__cerebellar_hemisphere_...8        SET     147   -0.0093357  -0.00084335       0.0906      0.54103 gtex__cerebellar_hemisphere__M007
gtex__cerebellar_hemisphere_...9        SET     100     0.031955     0.002384     0.095342      0.36876 gtex__cerebellar_hemisphere__M008
gtex__cerebellar_hemisphere_...10       SET      87      0.22144     0.015416      0.11189     0.023911 gtex__cerebellar_hemisphere__M009
gtex__cerebellar_hemisphere_...11       SET      88     0.076781    0.0053756      0.09352      0.20583 gtex__cerebellar_hemisphere__M010
gtex__cerebellar_hemisphere_...12       SET      86     0.034057    0.0023572      0.11807      0.38651 gtex__cerebellar_hemisphere__M011
gtex__cerebellar_hemisphere_...13       SET      53      0.07583    0.0041242      0.12373      0.26998 gtex__cerebellar_hemisphere__M012
gtex__cerebellar_hemisphere_...14       SET      68    -0.041893   -0.0025797      0.11715      0.63967 gtex__cerebellar_hemisphere__M013
gtex__cerebellar_hemisphere_...15       SET      36    -0.050586   -0.0022685      0.16175      0.62276 gtex__cerebellar_hemisphere__M014
gtex__cerebellar_hemisphere_...16       SET      31      0.35455     0.014756      0.18055     0.024791 gtex__cerebellar_hemisphere__M015
gtex__cerebellar_hemisphere_...17       SET      30    0.0061273   0.00025088      0.16499      0.48519 gtex__cerebellar_hemisphere__M016
gtex__cerebellar_hemisphere_...18       SET      25      0.20052    0.0074958      0.18916      0.14457 gtex__cerebellar_hemisphere__M017
gtex__cerebellar_hemisphere_...19       SET      26      -0.2405   -0.0091683      0.21024      0.87367 gtex__cerebellar_hemisphere__M018
gtex__cerebellar_hemisphere_...20       SET      22      0.55182     0.019353      0.25673     0.015809 gtex__cerebellar_hemisphere__M019
gtex__cerebellar_hemisphere_...21       SET      19      0.13562    0.0044204      0.20965      0.25886 gtex__cerebellar_hemisphere__M020
gtex__cerebellar_hemisphere_...22       SET      14     -0.11744   -0.0032864      0.27388      0.66596 gtex__cerebellar_hemisphere__M021
gtex__cerebellum__M000                  SET    1186      0.10213     0.025425      0.03019   0.00035961 gtex__cerebellum__M000
gtex__cerebellum__M001                  SET     294    -0.017301   -0.0022011     0.054301      0.62499 gtex__cerebellum__M001
gtex__cerebellum__M002                  SET     257      0.06189    0.0073695     0.056954       0.1386 gtex__cerebellum__M002
gtex__cerebellum__M003                  SET     271     0.062006    0.0075788     0.056795      0.13748 gtex__cerebellum__M003
gtex__cerebellum__M004                  SET     215     0.071697    0.0078179     0.064847      0.13445 gtex__cerebellum__M004
gtex__cerebellum__M005                  SET     203      0.15919     0.016872     0.071918     0.013439 gtex__cerebellum__M005
gtex__cerebellum__M006                  SET     205    -0.018489   -0.0019691     0.075698      0.59648 gtex__cerebellum__M006
gtex__cerebellum__M007                  SET     134      0.20985     0.018106     0.082144    0.0053192 gtex__cerebellum__M007
gtex__cerebellum__M008                  SET     128     0.036539    0.0030818      0.08365      0.33113 gtex__cerebellum__M008
gtex__cerebellum__M009                  SET     133     0.080856    0.0069504     0.080751      0.15835 gtex__cerebellum__M009
gtex__cerebellum__M010                  SET     116    -0.044281   -0.0035566     0.090662      0.68737 gtex__cerebellum__M010
gtex__cerebellum__M011                  SET     116      0.20116     0.016156     0.095331     0.017433 gtex__cerebellum__M011
gtex__cerebellum__M012                  SET      65      0.07551    0.0045464       0.1154      0.25646 gtex__cerebellum__M012
gtex__cerebellum__M013                  SET      68     0.041635    0.0025638      0.11632      0.36019 gtex__cerebellum__M013
gtex__cerebellum__M014                  SET      37     0.010731   0.00048787      0.17073      0.47494 gtex__cerebellum__M014
gtex__cerebellum__M015                  SET      40      0.18301    0.0086498      0.17217      0.14392 gtex__cerebellum__M015
gtex__cerebellum__M016                  SET      24    -0.053753   -0.0019689       0.1914      0.61058 gtex__cerebellum__M016
gtex__cerebellum__M017                  SET      23    -0.096926   -0.0034755      0.21807      0.67165 gtex__cerebellum__M017
gtex__cerebellum__M018                  SET      18     -0.23873   -0.0075738      0.24346      0.83659 gtex__cerebellum__M018
gtex__cortex__M000                      SET    1524      0.13675     0.038199     0.026935   1.9383e-07 gtex__cortex__M000
gtex__cortex__M001                      SET     545      0.10994     0.018907     0.042462    0.0048146 gtex__cortex__M001
gtex__cortex__M002                      SET     244     -0.10652    -0.012363     0.065856       0.9471 gtex__cortex__M002
gtex__cortex__M003                      SET     217     0.041033    0.0044948     0.067183      0.27068 gtex__cortex__M003
gtex__cortex__M004                      SET     153     0.032897    0.0030313     0.078248      0.33709 gtex__cortex__M004
gtex__cortex__M005                      SET     128     0.015276    0.0012884      0.08261      0.42665 gtex__cortex__M005
gtex__cortex__M006                      SET     121    -0.044124   -0.0036191     0.086749       0.6945 gtex__cortex__M006
gtex__cortex__M007                      SET     111     0.080864    0.0063542     0.088362      0.18007 gtex__cortex__M007
gtex__cortex__M008                      SET      96      0.18283     0.013366       0.1088     0.046441 gtex__cortex__M008
gtex__cortex__M009                      SET      82     0.071698    0.0048463      0.10692      0.25126 gtex__cortex__M009
gtex__cortex__M010                      SET      72    -0.005477    -0.000347       0.1095      0.51994 gtex__cortex__M010
gtex__cortex__M011                      SET      82      0.22193     0.015001       0.1169     0.028832 gtex__cortex__M011
gtex__cortex__M012                      SET      72      0.10781    0.0068306      0.11283      0.16966 gtex__cortex__M012
gtex__cortex__M013                      SET      77     -0.10836   -0.0070988      0.10811       0.8419 gtex__cortex__M013
gtex__cortex__M014                      SET      71     -0.12303   -0.0077403      0.11432      0.85906 gtex__cortex__M014
gtex__cortex__M015                      SET      61     -0.06601   -0.0038506       0.1278      0.69725 gtex__cortex__M015
gtex__cortex__M016                      SET      50     0.051201    0.0027049      0.13786      0.35517 gtex__cortex__M016
gtex__cortex__M017                      SET      57     0.040998    0.0023121      0.14199       0.3864 gtex__cortex__M017
gtex__cortex__M018                      SET      37      0.11558    0.0052545      0.17307      0.25213 gtex__cortex__M018
gtex__cortex__M019                      SET      30    -0.027532   -0.0011273      0.16412      0.56661 gtex__cortex__M019
gtex__cortex__M020                      SET      28    -0.073442   -0.0029052      0.19579      0.64621 gtex__cortex__M020
gtex__cortex__M021                      SET      22     -0.24631   -0.0086381      0.24278      0.84482 gtex__cortex__M021
gtex__cortex__M022                      SET      18      0.20086    0.0063726      0.22964      0.19088 gtex__cortex__M022
gtex__cortex__M023                      SET      21      0.11996    0.0041106      0.22679      0.29842 gtex__cortex__M023
gtex__cortex__M024                      SET      18     -0.26046   -0.0082633      0.25372      0.84768 gtex__cortex__M024
gtex__frontal_cortex_ba9__M0...1        SET    2110     0.090311     0.029147     0.023227   5.0683e-05 gtex__frontal_cortex_ba9__M000
gtex__frontal_cortex_ba9__M0...2        SET    1062     0.070809     0.016743     0.032287     0.014156 gtex__frontal_cortex_ba9__M001
gtex__frontal_cortex_ba9__M0...3        SET     515    -0.036202   -0.0060573      0.04721       0.7784 gtex__frontal_cortex_ba9__M002
gtex__frontal_cortex_ba9__M0...4        SET     506      0.13503     0.022401     0.045969    0.0016568 gtex__frontal_cortex_ba9__M003
gtex__frontal_cortex_ba9__M0...5        SET     387      0.06605    0.0096155     0.048831     0.088094 gtex__frontal_cortex_ba9__M004
gtex__frontal_cortex_ba9__M0...6        SET     140     0.088231    0.0077799     0.085204      0.15022 gtex__frontal_cortex_ba9__M005
gtex__frontal_cortex_ba9__M0...7        SET     132    -0.056113   -0.0048055      0.08674      0.74115 gtex__frontal_cortex_ba9__M006
gtex__frontal_cortex_ba9__M0...8        SET     129    0.0010894   9.2238e-05     0.081548      0.49467 gtex__frontal_cortex_ba9__M007
gtex__frontal_cortex_ba9__M0...9        SET     107     0.058741    0.0045324     0.090351       0.2578 gtex__frontal_cortex_ba9__M008
gtex__frontal_cortex_ba9__M0...10       SET      89    -0.049719   -0.0035005     0.098319      0.69346 gtex__frontal_cortex_ba9__M009
gtex__frontal_cortex_ba9__M0...11       SET      71    -0.086133   -0.0054192      0.11511      0.77284 gtex__frontal_cortex_ba9__M010
gtex__frontal_cortex_ba9__M0...12       SET      71    -0.048933   -0.0030787      0.11149      0.66963 gtex__frontal_cortex_ba9__M011
gtex__frontal_cortex_ba9__M0...13       SET      62    -0.014075  -0.00082773      0.12956      0.54325 gtex__frontal_cortex_ba9__M012
gtex__frontal_cortex_ba9__M0...14       SET      70      0.29395     0.018364      0.12165    0.0078441 gtex__frontal_cortex_ba9__M013
gtex__frontal_cortex_ba9__M0...15       SET      62      0.28951     0.017026      0.11413    0.0055997 gtex__frontal_cortex_ba9__M014
gtex__frontal_cortex_ba9__M0...16       SET      67     -0.14562   -0.0089008       0.1267      0.87477 gtex__frontal_cortex_ba9__M015
gtex__frontal_cortex_ba9__M0...17       SET      58     0.061182    0.0034804      0.12648      0.31429 gtex__frontal_cortex_ba9__M016
gtex__frontal_cortex_ba9__M0...18       SET      56    -0.086494    -0.004835      0.14819      0.72027 gtex__frontal_cortex_ba9__M017
gtex__frontal_cortex_ba9__M0...19       SET      54     -0.02353   -0.0012917       0.1305      0.57154 gtex__frontal_cortex_ba9__M018
gtex__frontal_cortex_ba9__M0...20       SET      29     -0.33312    -0.013411      0.16042      0.98107 gtex__frontal_cortex_ba9__M019
gtex__frontal_cortex_ba9__M0...21       SET      23      0.18034    0.0064665      0.18951      0.17066 gtex__frontal_cortex_ba9__M020
gtex__frontal_cortex_ba9__M0...22       SET      23     -0.02112  -0.00075732      0.19535      0.54305 gtex__frontal_cortex_ba9__M021
gtex__frontal_cortex_ba9__M0...23       SET      18      0.11713    0.0037161      0.22727      0.30314 gtex__frontal_cortex_ba9__M022
gtex__frontal_cortex_ba9__M0...24       SET      19     0.015222   0.00049615      0.20765      0.47078 gtex__frontal_cortex_ba9__M023
gtex__frontal_cortex_ba9__M0...25       SET      19      0.46689     0.015218      0.23303     0.022567 gtex__frontal_cortex_ba9__M024
gtex__hippocampus__M000                 SET    1188       0.1022     0.025462     0.030032   0.00033424 gtex__hippocampus__M000
gtex__hippocampus__M001                 SET    1192      0.10482     0.026157     0.029653   0.00020459 gtex__hippocampus__M001
gtex__hippocampus__M002                 SET     367       0.1706       0.0242       0.0546   0.00089175 gtex__hippocampus__M002
gtex__hippocampus__M003                 SET     265      0.10783     0.013035     0.062387     0.041966 gtex__hippocampus__M003
gtex__hippocampus__M004                 SET     215       0.1001     0.010915     0.063676     0.057985 gtex__hippocampus__M004
gtex__hippocampus__M005                 SET     184      0.10253     0.010352     0.069964     0.071403 gtex__hippocampus__M005
gtex__hippocampus__M006                 SET     135    -0.036023   -0.0031196      0.08935      0.65658 gtex__hippocampus__M006
gtex__hippocampus__M007                 SET     125     0.018399    0.0015337     0.091089      0.41996 gtex__hippocampus__M007
gtex__hippocampus__M008                 SET     111       0.1885     0.014812     0.099329     0.028876 gtex__hippocampus__M008
gtex__hippocampus__M009                 SET     112    -0.054531   -0.0043042     0.098037      0.71097 gtex__hippocampus__M009
gtex__hippocampus__M010                 SET      75      0.12651    0.0081799      0.12651      0.15867 gtex__hippocampus__M010
gtex__hippocampus__M011                 SET      70     0.057284    0.0035787      0.12513      0.32356 gtex__hippocampus__M011
gtex__hippocampus__M012                 SET      58     0.015477   0.00088042      0.12382      0.45026 gtex__hippocampus__M012
gtex__hippocampus__M013                 SET      51     0.014185   0.00075681       0.1424      0.46033 gtex__hippocampus__M013
gtex__hippocampus__M014                 SET      51      0.15184    0.0081013      0.12425      0.11085 gtex__hippocampus__M014
gtex__hippocampus__M015                 SET      47      0.09011    0.0046158      0.13598      0.25377 gtex__hippocampus__M015
gtex__hippocampus__M016                 SET      45    -0.034476   -0.0017281      0.15653      0.58716 gtex__hippocampus__M016
gtex__hippocampus__M017                 SET      43     0.072337    0.0035446      0.14473      0.30861 gtex__hippocampus__M017
gtex__hippocampus__M018                 SET      36    -0.045177    -0.002026      0.15528      0.61445 gtex__hippocampus__M018
gtex__hippocampus__M019                 SET      38     -0.15346     -0.00707      0.17766      0.80613 gtex__hippocampus__M019
gtex__hippocampus__M020                 SET      34      -0.2094   -0.0091266      0.15794      0.90754 gtex__hippocampus__M020
gtex__hippocampus__M021                 SET      34     0.061854    0.0026958      0.17212      0.35966 gtex__hippocampus__M021
gtex__hippocampus__M022                 SET      28      0.17322    0.0068524      0.18803      0.17846 gtex__hippocampus__M022
gtex__hippocampus__M023                 SET      31      0.10099    0.0042034      0.17124      0.27768 gtex__hippocampus__M023
gtex__hippocampus__M024                 SET      29     -0.14264   -0.0057421      0.18995      0.77364 gtex__hippocampus__M024
gtex__hippocampus__M025                 SET      25      0.13629     0.005095      0.20575      0.25386 gtex__hippocampus__M025
gtex__hippocampus__M026                 SET      19      0.28682    0.0093486      0.20386     0.079735 gtex__hippocampus__M026
gtex__hippocampus__M027                 SET      16     0.044776    0.0013394      0.24093      0.42628 gtex__hippocampus__M027
gtex__hypothalamus__M000                SET    1461     0.099947     0.027388      0.02721   0.00012018 gtex__hypothalamus__M000
gtex__hypothalamus__M001                SET     881       0.0896     0.019401     0.033702    0.0039269 gtex__hypothalamus__M001
gtex__hypothalamus__M002                SET     267     0.041851     0.005078      0.06186      0.24935 gtex__hypothalamus__M002
gtex__hypothalamus__M003                SET     264     0.099306     0.011982     0.061746     0.053894 gtex__hypothalamus__M003
gtex__hypothalamus__M004                SET     203     0.053447    0.0056648     0.066466      0.21067 gtex__hypothalamus__M004
gtex__hypothalamus__M005                SET     147     0.060737    0.0054867     0.078863      0.22061 gtex__hypothalamus__M005
gtex__hypothalamus__M006                SET     129    0.0011944   0.00010113     0.092767      0.49486 gtex__hypothalamus__M006
gtex__hypothalamus__M007                SET     129     0.075488    0.0063914     0.083417      0.18275 gtex__hypothalamus__M007
gtex__hypothalamus__M008                SET      97      0.11796    0.0086682     0.095452      0.10828 gtex__hypothalamus__M008
gtex__hypothalamus__M009                SET      99     0.070386    0.0052251      0.10818      0.25765 gtex__hypothalamus__M009
gtex__hypothalamus__M010                SET      76      0.18554     0.012076      0.12042     0.061691 gtex__hypothalamus__M010
gtex__hypothalamus__M011                SET      79    -0.081563   -0.0054118      0.10527      0.78077 gtex__hypothalamus__M011
gtex__hypothalamus__M012                SET      72     0.074197    0.0047008      0.10028      0.22968 gtex__hypothalamus__M012
gtex__hypothalamus__M013                SET      61    -0.083421   -0.0048663      0.11648      0.76306 gtex__hypothalamus__M013
gtex__hypothalamus__M014                SET      55     -0.13018   -0.0072121      0.14293       0.8188 gtex__hypothalamus__M014
gtex__hypothalamus__M015                SET      39      0.13368    0.0062393       0.1787       0.2272 gtex__hypothalamus__M015
gtex__hypothalamus__M016                SET      28      0.21386    0.0084598      0.22145       0.1671 gtex__hypothalamus__M016
gtex__hypothalamus__M017                SET      32     0.052643     0.002226       0.1799      0.38491 gtex__hypothalamus__M017
gtex__hypothalamus__M018                SET      32     -0.17201   -0.0072735      0.17458      0.83776 gtex__hypothalamus__M018
gtex__hypothalamus__M019                SET      27     -0.15545   -0.0060386      0.20644      0.77426 gtex__hypothalamus__M019
gtex__hypothalamus__M020                SET      27     -0.15404   -0.0059839      0.18991      0.79135 gtex__hypothalamus__M020
gtex__hypothalamus__M021                SET      21       0.3444     0.011801      0.20964     0.050215 gtex__hypothalamus__M021
gtex__hypothalamus__M022                SET      28      0.28263     0.011181      0.19951     0.078306 gtex__hypothalamus__M022
gtex__hypothalamus__M023                SET      24      -0.2357   -0.0086332      0.21112      0.86787 gtex__hypothalamus__M023
gtex__hypothalamus__M024                SET      25      0.36977     0.013823       0.1793       0.0196 gtex__hypothalamus__M024
gtex__hypothalamus__M025                SET      25    -0.051185   -0.0019134      0.20544      0.59837 gtex__hypothalamus__M025
gtex__hypothalamus__M026                SET      21      -0.4776    -0.016365      0.23038      0.98091 gtex__hypothalamus__M026
gtex__hypothalamus__M027                SET      21    -0.035835   -0.0012279      0.19417      0.57321 gtex__hypothalamus__M027
gtex__hypothalamus__M028                SET      14      0.29093    0.0081409      0.27153        0.142 gtex__hypothalamus__M028
gtex__nucleus_accumbens_basa...1        SET    1678      0.12025     0.035079     0.025523   1.2405e-06 gtex__nucleus_accumbens_basal_ganglia__M000
gtex__nucleus_accumbens_basa...2        SET    1121      0.07377      0.01789     0.030951    0.0085814 gtex__nucleus_accumbens_basal_ganglia__M001
gtex__nucleus_accumbens_basa...3        SET     339     0.043317    0.0059102      0.05613      0.22014 gtex__nucleus_accumbens_basal_ganglia__M002
gtex__nucleus_accumbens_basa...4        SET     220      0.13919     0.015351     0.062542     0.013028 gtex__nucleus_accumbens_basal_ganglia__M003
gtex__nucleus_accumbens_basa...5        SET     179    -0.054089    -0.005387     0.069305      0.78243 gtex__nucleus_accumbens_basal_ganglia__M004
gtex__nucleus_accumbens_basa...6        SET     102    -0.052117   -0.0039268      0.10058      0.69783 gtex__nucleus_accumbens_basal_ganglia__M005
gtex__nucleus_accumbens_basa...7        SET     116   -0.0073206  -0.00058797     0.092402      0.53157 gtex__nucleus_accumbens_basal_ganglia__M006
gtex__nucleus_accumbens_basa...8        SET      93       0.1333    0.0095923      0.10877       0.1102 gtex__nucleus_accumbens_basal_ganglia__M007
gtex__nucleus_accumbens_basa...9        SET      83      0.22878     0.015558      0.11933     0.027611 gtex__nucleus_accumbens_basal_ganglia__M008
gtex__nucleus_accumbens_basa...10       SET      57      0.35041     0.019761      0.12695    0.0028908 gtex__nucleus_accumbens_basal_ganglia__M009
gtex__nucleus_accumbens_basa...11       SET      63    -0.093817   -0.0055614      0.11398      0.79478 gtex__nucleus_accumbens_basal_ganglia__M010
gtex__nucleus_accumbens_basa...12       SET      43    -0.055437   -0.0027165      0.16413      0.63223 gtex__nucleus_accumbens_basal_ganglia__M011
gtex__nucleus_accumbens_basa...13       SET      39      0.20425    0.0095329      0.13746     0.068663 gtex__nucleus_accumbens_basal_ganglia__M012
gtex__nucleus_accumbens_basa...14       SET      44      0.12475    0.0061836      0.13532       0.1783 gtex__nucleus_accumbens_basal_ganglia__M013
gtex__nucleus_accumbens_basa...15       SET      37     -0.24305     -0.01105       0.1699      0.92372 gtex__nucleus_accumbens_basal_ganglia__M014
gtex__nucleus_accumbens_basa...16       SET      35     0.088685    0.0039215      0.15387      0.28219 gtex__nucleus_accumbens_basal_ganglia__M015
gtex__nucleus_accumbens_basa...17       SET      36  -0.00084169  -3.7745e-05      0.15761      0.50213 gtex__nucleus_accumbens_basal_ganglia__M016
gtex__nucleus_accumbens_basa...18       SET      27     0.024434   0.00094918      0.17939      0.44583 gtex__nucleus_accumbens_basal_ganglia__M017
gtex__nucleus_accumbens_basa...19       SET      14     -0.17035    -0.004767      0.25519      0.74779 gtex__nucleus_accumbens_basal_ganglia__M018
gtex__nucleus_accumbens_basa...20       SET      20     -0.21213   -0.0070937      0.22247      0.82984 gtex__nucleus_accumbens_basal_ganglia__M019
gtex__nucleus_accumbens_basa...21       SET      19      0.16105    0.0052494       0.2465      0.25677 gtex__nucleus_accumbens_basal_ganglia__M020
gtex__putamen_basal_ganglia_...1        SET    1419       0.1278     0.034558     0.027771   2.1089e-06 gtex__putamen_basal_ganglia__M000
gtex__putamen_basal_ganglia_...2        SET     879     0.095405     0.020635     0.035114    0.0032969 gtex__putamen_basal_ganglia__M001
gtex__putamen_basal_ganglia_...3        SET     438     0.085047     0.013152     0.048489      0.03973 gtex__putamen_basal_ganglia__M002
gtex__putamen_basal_ganglia_...4        SET     272     0.028929    0.0035423     0.057152      0.30637 gtex__putamen_basal_ganglia__M003
gtex__putamen_basal_ganglia_...5        SET     248      0.11067     0.012949     0.058634     0.029556 gtex__putamen_basal_ganglia__M004
gtex__putamen_basal_ganglia_...6        SET     173     0.067961    0.0066553     0.079503      0.19633 gtex__putamen_basal_ganglia__M005
gtex__putamen_basal_ganglia_...7        SET     157    -0.024735   -0.0023086      0.07476      0.62962 gtex__putamen_basal_ganglia__M006
gtex__putamen_basal_ganglia_...8        SET     140    -0.025645   -0.0022613     0.085838      0.61744 gtex__putamen_basal_ganglia__M007
gtex__putamen_basal_ganglia_...9        SET     124      0.16628     0.013805     0.081902     0.021174 gtex__putamen_basal_ganglia__M008
gtex__putamen_basal_ganglia_...10       SET     115    -0.026128   -0.0020895     0.097608      0.60553 gtex__putamen_basal_ganglia__M009
gtex__putamen_basal_ganglia_...11       SET      87     0.040427    0.0028143      0.10281      0.34709 gtex__putamen_basal_ganglia__M010
gtex__putamen_basal_ganglia_...12       SET      78     0.021359    0.0014083      0.11162      0.42412 gtex__putamen_basal_ganglia__M011
gtex__putamen_basal_ganglia_...13       SET      71     0.053924    0.0033927      0.10653      0.30636 gtex__putamen_basal_ganglia__M012
gtex__putamen_basal_ganglia_...14       SET      58    -0.045086   -0.0025647      0.12428      0.64161 gtex__putamen_basal_ganglia__M013
gtex__putamen_basal_ganglia_...15       SET      38     0.069992    0.0032246      0.15026      0.32068 gtex__putamen_basal_ganglia__M014
gtex__putamen_basal_ganglia_...16       SET      30     0.072243    0.0029579      0.20356      0.36134 gtex__putamen_basal_ganglia__M015
gtex__putamen_basal_ganglia_...17       SET      28     0.067522     0.002671      0.17963       0.3535 gtex__putamen_basal_ganglia__M016
gtex__putamen_basal_ganglia_...18       SET      27      0.16795    0.0065244      0.17624      0.17031 gtex__putamen_basal_ganglia__M017
gtex__putamen_basal_ganglia_...19       SET      24      0.22208    0.0081344      0.18201      0.11121 gtex__putamen_basal_ganglia__M018
gtex__putamen_basal_ganglia_...20       SET      21     -0.15249    -0.005225      0.22682       0.7493 gtex__putamen_basal_ganglia__M019
gtex__putamen_basal_ganglia_...21       SET      13     0.058527    0.0015782      0.28199      0.41779 gtex__putamen_basal_ganglia__M020
gtex__putamen_basal_ganglia_...22       SET      16    -0.035027   -0.0010478      0.27475      0.55072 gtex__putamen_basal_ganglia__M021
gtex__spinal_cord_cervical_c...1        SET    1361       0.1047     0.027777     0.028235   0.00010468 gtex__spinal_cord_cervical_c_1__M000
gtex__spinal_cord_cervical_c...2        SET     339      0.15272     0.020837     0.056608     0.003493 gtex__spinal_cord_cervical_c_1__M001
gtex__spinal_cord_cervical_c...3        SET     315      0.15834     0.020839     0.057732    0.0030506 gtex__spinal_cord_cervical_c_1__M002
gtex__spinal_cord_cervical_c...4        SET     169    -0.055714   -0.0053932     0.072194      0.77986 gtex__spinal_cord_cervical_c_1__M003
gtex__spinal_cord_cervical_c...5        SET     171     0.016753    0.0016312      0.06975      0.40509 gtex__spinal_cord_cervical_c_1__M004
gtex__spinal_cord_cervical_c...6        SET     165      0.19584     0.018734     0.077799    0.0059181 gtex__spinal_cord_cervical_c_1__M005
gtex__spinal_cord_cervical_c...7        SET     157     0.096851    0.0090394     0.079635      0.11196 gtex__spinal_cord_cervical_c_1__M006
gtex__spinal_cord_cervical_c...8        SET     100    -0.035952   -0.0026823     0.092159      0.65177 gtex__spinal_cord_cervical_c_1__M007
gtex__spinal_cord_cervical_c...9        SET      89      0.17026     0.011988      0.10891     0.058989 gtex__spinal_cord_cervical_c_1__M008
gtex__spinal_cord_cervical_c...10       SET      96      0.12311    0.0090003      0.10463      0.11967 gtex__spinal_cord_cervical_c_1__M009
gtex__spinal_cord_cervical_c...11       SET      83      0.18676       0.0127      0.10175     0.033227 gtex__spinal_cord_cervical_c_1__M010
gtex__spinal_cord_cervical_c...12       SET      78     0.011315   0.00074603       0.1015      0.45562 gtex__spinal_cord_cervical_c_1__M011
gtex__spinal_cord_cervical_c...13       SET      56      0.25872     0.014462      0.12364     0.018203 gtex__spinal_cord_cervical_c_1__M012
gtex__spinal_cord_cervical_c...14       SET      46     0.034215    0.0017339      0.13703      0.40142 gtex__spinal_cord_cervical_c_1__M013
gtex__spinal_cord_cervical_c...15       SET      40     -0.10842   -0.0051245      0.14767      0.76859 gtex__spinal_cord_cervical_c_1__M014
gtex__spinal_cord_cervical_c...16       SET      40     0.093907    0.0044385       0.1533      0.27009 gtex__spinal_cord_cervical_c_1__M015
gtex__spinal_cord_cervical_c...17       SET      36     -0.26113     -0.01171      0.16427      0.94404 gtex__spinal_cord_cervical_c_1__M016
gtex__spinal_cord_cervical_c...18       SET      38     -0.12624    -0.005816      0.13806      0.81974 gtex__spinal_cord_cervical_c_1__M017
gtex__spinal_cord_cervical_c...19       SET      28     -0.24905   -0.0098519       0.1865      0.90911 gtex__spinal_cord_cervical_c_1__M018
gtex__spinal_cord_cervical_c...20       SET      32     0.079615    0.0033665      0.17348      0.32315 gtex__spinal_cord_cervical_c_1__M019
gtex__spinal_cord_cervical_c...21       SET      29     0.097427    0.0039221      0.20477      0.31712 gtex__spinal_cord_cervical_c_1__M020
gtex__spinal_cord_cervical_c...22       SET      26      0.12212    0.0046555      0.20399       0.2747 gtex__spinal_cord_cervical_c_1__M021
gtex__spinal_cord_cervical_c...23       SET      27      0.19271    0.0074862      0.19153      0.15718 gtex__spinal_cord_cervical_c_1__M022
gtex__spinal_cord_cervical_c...24       SET      21     0.053777    0.0018427      0.19532      0.39153 gtex__spinal_cord_cervical_c_1__M023
gtex__spinal_cord_cervical_c...25       SET      19     0.022376   0.00072935      0.20608      0.45677 gtex__spinal_cord_cervical_c_1__M024
gtex__spinal_cord_cervical_c...26       SET      19      0.19553    0.0063732      0.22227      0.18952 gtex__spinal_cord_cervical_c_1__M025
gtex__spinal_cord_cervical_c...27       SET      16     -0.19072   -0.0057052      0.26926      0.76062 gtex__spinal_cord_cervical_c_1__M026
gtex__substantia_nigra__M000            SET    1262      0.10415     0.026685     0.029176   0.00017926 gtex__substantia_nigra__M000
gtex__substantia_nigra__M001            SET     755      0.11291     0.022715     0.037771    0.0014005 gtex__substantia_nigra__M001
gtex__substantia_nigra__M002            SET     306      0.14142      0.01835     0.057566    0.0070156 gtex__substantia_nigra__M002
gtex__substantia_nigra__M003            SET     254       0.1089     0.012892     0.057933     0.030083 gtex__substantia_nigra__M003
gtex__substantia_nigra__M004            SET     229    0.0060753   0.00068341     0.066597      0.46366 gtex__substantia_nigra__M004
gtex__substantia_nigra__M005            SET     212     0.069532    0.0075294     0.071728      0.16618 gtex__substantia_nigra__M005
gtex__substantia_nigra__M006            SET     217     0.066291    0.0072616     0.064429      0.15177 gtex__substantia_nigra__M006
gtex__substantia_nigra__M007            SET      98      0.22319     0.016485     0.095777    0.0099012 gtex__substantia_nigra__M007
gtex__substantia_nigra__M008            SET      89    -0.079792   -0.0056178     0.096495      0.79585 gtex__substantia_nigra__M008
gtex__substantia_nigra__M009            SET      74      0.22727     0.014597      0.11751     0.026557 gtex__substantia_nigra__M009
gtex__substantia_nigra__M010            SET      81    -0.016474   -0.0011068       0.1089      0.56012 gtex__substantia_nigra__M010
gtex__substantia_nigra__M011            SET      78     0.081922    0.0054013      0.10403      0.21551 gtex__substantia_nigra__M011
gtex__substantia_nigra__M012            SET      69      0.32951     0.020439      0.12824     0.005097 gtex__substantia_nigra__M012
gtex__substantia_nigra__M013            SET      56      -0.1092   -0.0061042      0.13265      0.79479 gtex__substantia_nigra__M013
gtex__substantia_nigra__M014            SET      53      0.10099    0.0054923       0.1323      0.22265 gtex__substantia_nigra__M014
gtex__substantia_nigra__M015            SET      49       0.1308    0.0068406      0.12779      0.15305 gtex__substantia_nigra__M015
gtex__substantia_nigra__M016            SET      47    -0.050101   -0.0025664      0.13852      0.64121 gtex__substantia_nigra__M016
gtex__substantia_nigra__M017            SET      47      0.15407    0.0078923      0.13458      0.12615 gtex__substantia_nigra__M017
gtex__substantia_nigra__M018            SET      41     0.090505    0.0043307      0.15326      0.27742 gtex__substantia_nigra__M018
gtex__substantia_nigra__M019            SET      40     0.061081     0.002887      0.15551      0.34724 gtex__substantia_nigra__M019
gtex__substantia_nigra__M020            SET      42      0.12851    0.0062236      0.15084      0.19713 gtex__substantia_nigra__M020
gtex__substantia_nigra__M021            SET      28    -0.025574   -0.0010116      0.17453      0.55825 gtex__substantia_nigra__M021
gtex__substantia_nigra__M022            SET      22     -0.18974   -0.0066541      0.21917      0.80667 gtex__substantia_nigra__M022
gtex__substantia_nigra__M023            SET      27     -0.22968   -0.0089221      0.21086      0.86197 gtex__substantia_nigra__M023
gtex__substantia_nigra__M024            SET      21     -0.17303    -0.005929      0.20493      0.80076 gtex__substantia_nigra__M024
gtex__substantia_nigra__M025            SET      19      -0.3259    -0.010623      0.23451      0.91769 gtex__substantia_nigra__M025
gtex__substantia_nigra__M026            SET      17      0.11304    0.0034852      0.22966      0.31129 gtex__substantia_nigra__M026
gtex__substantia_nigra__M027            SET      20     -0.20953   -0.0070068      0.21478      0.83536 gtex__substantia_nigra__M027
gtex__substantia_nigra__M028            SET      19   -0.0035018  -0.00011414      0.21117      0.50662 gtex__substantia_nigra__M028
brainseq__caudate__M000                 SET     204     0.075231    0.0079931     0.069485      0.13948 brainseq__caudate__M000
brainseq__caudate__M001                 SET     683     0.050633     0.009709     0.039835      0.10186 brainseq__caudate__M001
brainseq__caudate__M002                 SET     623      0.11327      0.02078     0.042463    0.0038256 brainseq__caudate__M002
brainseq__caudate__M003                 SET     615      0.02894    0.0052762     0.040889      0.23955 brainseq__caudate__M003
brainseq__caudate__M004                 SET     427       0.1328     0.020284     0.051448    0.0049268 brainseq__caudate__M004
brainseq__caudate__M005                 SET     307       0.1041     0.013528      0.05425     0.027513 brainseq__caudate__M005
brainseq__caudate__M006                 SET     292      0.13654     0.017312     0.059947     0.011382 brainseq__caudate__M006
brainseq__caudate__M007                 SET     219     0.019167    0.0021091     0.063866      0.38205 brainseq__caudate__M007
brainseq__caudate__M008                 SET     158      0.12487     0.011691     0.079352     0.057795 brainseq__caudate__M008
brainseq__caudate__M009                 SET     169    -0.018195   -0.0017612     0.078993      0.59108 brainseq__caudate__M009
brainseq__caudate__M010                 SET     119       0.1477     0.012014     0.087589     0.045879 brainseq__caudate__M010
brainseq__caudate__M011                 SET     106      0.10041    0.0077118     0.094266       0.1434 brainseq__caudate__M011
brainseq__caudate__M012                 SET      99     -0.06215   -0.0046137     0.095385      0.74266 brainseq__caudate__M012
brainseq__caudate__M013                 SET      49     0.027558    0.0014413      0.14972      0.42698 brainseq__caudate__M013
brainseq__caudate__M014                 SET      48      0.35623      0.01844      0.13925    0.0052644 brainseq__caudate__M014
brainseq__caudate__M015                 SET      46      0.22479     0.011392      0.14664     0.062647 brainseq__caudate__M015
brainseq__caudate__M016                 SET      41    -0.049441   -0.0023658      0.15136      0.62803 brainseq__caudate__M016
brainseq__caudate__M017                 SET      39     -0.20125   -0.0093926      0.18105      0.86682 brainseq__caudate__M017
brainseq__caudate__M018                 SET      38      0.17994    0.0082899      0.15196       0.1182 brainseq__caudate__M018
brainseq__caudate__M019                 SET      32     0.018451    0.0007802      0.15995      0.45408 brainseq__caudate__M019
brainseq__caudate__M020                 SET      29      0.40562     0.016329      0.19318     0.017886 brainseq__caudate__M020
brainseq__caudate__M021                 SET      22     -0.10717   -0.0037583      0.21513       0.6908 brainseq__caudate__M021
brainseq__caudate__M022                 SET      25      -0.1169   -0.0043699        0.177      0.74551 brainseq__caudate__M022
brainseq__caudate__M023                 SET      19      0.16058    0.0052339      0.22132      0.23407 brainseq__caudate__M023
brainseq__caudate__M024                 SET      25     -0.17232   -0.0064418      0.20014      0.80538 brainseq__caudate__M024
brainseq__caudate__M025                 SET      21      0.19518    0.0066877      0.20213      0.16713 brainseq__caudate__M025
brainseq__caudate__M026                 SET      16      0.27943    0.0083587      0.24191      0.12403 brainseq__caudate__M026
brainseq__caudate__M027                 SET      19      0.43875     0.014301      0.23673     0.031923 brainseq__caudate__M027
brainseq__hippocampus__M000             SET     471      0.10946     0.017537     0.048337     0.011777 brainseq__hippocampus__M000
brainseq__hippocampus__M001             SET     370    -0.079553     -0.01133     0.054905      0.92631 brainseq__hippocampus__M001
brainseq__hippocampus__M002             SET     331     0.056514    0.0076209     0.051715      0.13725 brainseq__hippocampus__M002
brainseq__hippocampus__M003             SET     292      0.12373     0.015689     0.058749     0.017606 brainseq__hippocampus__M003
brainseq__hippocampus__M004             SET     207     0.068767    0.0073592     0.072677      0.17203 brainseq__hippocampus__M004
brainseq__hippocampus__M005             SET     211     0.087568    0.0094603     0.068255     0.099762 brainseq__hippocampus__M005
brainseq__hippocampus__M006             SET     188     0.061245    0.0062496     0.075411      0.20836 brainseq__hippocampus__M006
brainseq__hippocampus__M007             SET     190     0.069664     0.007146     0.070037      0.15995 brainseq__hippocampus__M007
brainseq__hippocampus__M008             SET     135    0.0044643    0.0003866     0.086748      0.47948 brainseq__hippocampus__M008
brainseq__hippocampus__M009             SET     123      0.20221      0.01672     0.083082    0.0074752 brainseq__hippocampus__M009
brainseq__hippocampus__M010             SET     106     0.074158    0.0056953      0.10031      0.22987 brainseq__hippocampus__M010
brainseq__hippocampus__M011             SET      99      0.17651     0.013103      0.10075     0.039899 brainseq__hippocampus__M011
brainseq__hippocampus__M012             SET      79    0.0065988   0.00043784      0.10684      0.47538 brainseq__hippocampus__M012
brainseq__hippocampus__M013             SET      81     0.097091    0.0065228      0.12085      0.21087 brainseq__hippocampus__M013
brainseq__hippocampus__M014             SET      76      0.10463    0.0068095      0.11757      0.18677 brainseq__hippocampus__M014
brainseq__hippocampus__M015             SET      81      0.14435    0.0096979      0.10605     0.086733 brainseq__hippocampus__M015
brainseq__hippocampus__M016             SET      69     0.069258    0.0042959        0.111      0.26633 brainseq__hippocampus__M016
brainseq__hippocampus__M017             SET      73     -0.03537   -0.0022564      0.12263      0.61349 brainseq__hippocampus__M017
brainseq__hippocampus__M018             SET      68      0.14158    0.0087182      0.11607      0.11129 brainseq__hippocampus__M018
brainseq__hippocampus__M019             SET      66      0.20909     0.012686      0.13639     0.062639 brainseq__hippocampus__M019
brainseq__hippocampus__M020             SET      60     0.094176    0.0054486      0.12558      0.22665 brainseq__hippocampus__M020
brainseq__hippocampus__M021             SET      44      0.12868    0.0063783        0.148      0.19231 brainseq__hippocampus__M021
brainseq__hippocampus__M022             SET      40      0.31772     0.015017      0.15116     0.017789 brainseq__hippocampus__M022
brainseq__hippocampus__M023             SET      36      0.56856     0.025497      0.19698    0.0019506 brainseq__hippocampus__M023
brainseq__hippocampus__M024             SET      34      0.23925     0.010428      0.17943     0.091205 brainseq__hippocampus__M024
brainseq__hippocampus__M025             SET      37     0.099466    0.0045219      0.15639      0.26239 brainseq__hippocampus__M025
brainseq__hippocampus__M026             SET      34      0.32327     0.014089      0.18259     0.038333 brainseq__hippocampus__M026
brainseq__hippocampus__M027             SET      34      0.20816    0.0090722      0.18936      0.13583 brainseq__hippocampus__M027
brainseq__hippocampus__M028             SET      22      0.31758     0.011138      0.19687     0.053369 brainseq__hippocampus__M028
brainseq__hippocampus__M029             SET      20      0.56371     0.018851      0.23289    0.0077549 brainseq__hippocampus__M029
brainseq__hippocampus__M030             SET      21       0.5116      0.01753      0.25786     0.023637 brainseq__hippocampus__M030
brainseq__hippocampus__M031             SET      16     0.026813   0.00080207      0.23641      0.45485 brainseq__hippocampus__M031
brainseq__dlpfc__M000                   SET     589      0.14508     0.025905      0.04351   0.00042823 brainseq__dlpfc__M000
brainseq__dlpfc__M001                   SET     421      0.12366     0.018758     0.048376    0.0052949 brainseq__dlpfc__M001
brainseq__dlpfc__M002                   SET     368      0.11595      0.01647     0.055933     0.019091 brainseq__dlpfc__M002
brainseq__dlpfc__M003                   SET     330     0.024639    0.0033177     0.056918      0.33255 brainseq__dlpfc__M003
brainseq__dlpfc__M004                   SET     260      0.12485     0.014952     0.061328      0.02089 brainseq__dlpfc__M004
brainseq__dlpfc__M005                   SET     216     -0.03769   -0.0041192     0.066689      0.71401 brainseq__dlpfc__M005
brainseq__dlpfc__M006                   SET     207      0.14165     0.015159     0.070594     0.022404 brainseq__dlpfc__M006
brainseq__dlpfc__M007                   SET     199     0.010943    0.0011485     0.067046      0.43517 brainseq__dlpfc__M007
brainseq__dlpfc__M008                   SET     186    -0.035292   -0.0035823     0.072792       0.6861 brainseq__dlpfc__M008
brainseq__dlpfc__M009                   SET     160     -0.11117    -0.010473     0.077225      0.92499 brainseq__dlpfc__M009
brainseq__dlpfc__M010                   SET     160     0.055509    0.0052296     0.077924      0.23813 brainseq__dlpfc__M010
brainseq__dlpfc__M011                   SET     153      0.17531     0.016154     0.081772     0.016029 brainseq__dlpfc__M011
brainseq__dlpfc__M012                   SET     132     0.059819    0.0051229     0.085175      0.24125 brainseq__dlpfc__M012
brainseq__dlpfc__M013                   SET     134     0.067275    0.0058046      0.09112      0.23017 brainseq__dlpfc__M013
brainseq__dlpfc__M014                   SET     111     0.081473    0.0064021     0.098005       0.2029 brainseq__dlpfc__M014
brainseq__dlpfc__M015                   SET     112      0.10678    0.0084285     0.087831      0.11204 brainseq__dlpfc__M015
brainseq__dlpfc__M016                   SET      99     0.094486    0.0070141     0.096786      0.16448 brainseq__dlpfc__M016
brainseq__dlpfc__M017                   SET      91      0.12012    0.0085515      0.10201      0.11949 brainseq__dlpfc__M017
brainseq__dlpfc__M018                   SET      78      0.28021     0.018475      0.11523    0.0075172 brainseq__dlpfc__M018
brainseq__dlpfc__M019                   SET      78       0.2714     0.017894      0.10532    0.0049881 brainseq__dlpfc__M019
brainseq__dlpfc__M020                   SET      68    -0.046277   -0.0028496      0.11841      0.65203 brainseq__dlpfc__M020
brainseq__dlpfc__M021                   SET      72      0.23696     0.015013      0.12763     0.031693 brainseq__dlpfc__M021
brainseq__dlpfc__M022                   SET      71     0.072968    0.0045909      0.11777      0.26777 brainseq__dlpfc__M022
brainseq__dlpfc__M023                   SET      72      0.16974     0.010754      0.11602      0.07174 brainseq__dlpfc__M023
brainseq__dlpfc__M024                   SET      38     0.095416    0.0043959      0.15517      0.26931 brainseq__dlpfc__M024
brainseq__dlpfc__M025                   SET      35      0.21305    0.0094208      0.14657     0.073038 brainseq__dlpfc__M025
brainseq__dlpfc__M026                   SET      34     0.061719      0.00269      0.15462      0.34489 brainseq__dlpfc__M026
brainseq__dlpfc__M027                   SET      28   -0.0091982  -0.00036386      0.19333      0.51897 brainseq__dlpfc__M027
brainseq__dlpfc__M028                   SET      33      0.15239    0.0065433       0.1969       0.2195 brainseq__dlpfc__M028
brainseq__dlpfc__M029                   SET      28      0.03317    0.0013122      0.17325      0.42408 brainseq__dlpfc__M029
brainseq__dlpfc__M030                   SET      25       0.4005     0.014972      0.20322     0.024385 brainseq__dlpfc__M030
brainseq__dlpfc__M031                   SET      22     0.013368   0.00046882       0.1985      0.47315 brainseq__dlpfc__M031
brainseq__dlpfc__M032                   SET      22      0.36432     0.012777      0.21697     0.046571 brainseq__dlpfc__M032
brainseq__dlpfc__M033                   SET      20     -0.23363   -0.0078127      0.21041      0.86657 brainseq__dlpfc__M033
brainseq__dlpfc__M034                   SET      20    -0.078106   -0.0026119      0.20971      0.64522 brainseq__dlpfc__M034
brainseq__dlpfc__M035                   SET      17     -0.10462   -0.0032256      0.20591       0.6943 brainseq__dlpfc__M035
brainseq__dlpfc__M036                   SET      18     0.084836    0.0026915      0.21689      0.34785 brainseq__dlpfc__M036
brainseq__dlpfc__M037                   SET      18      0.21927    0.0069565      0.24145      0.18191 brainseq__dlpfc__M037
brainseq__caudate_sczd__M000            SET     656      0.13436     0.025269      0.04074   0.00048798 brainseq__caudate_sczd__M000
brainseq__caudate_sczd__M001            SET     202     0.024168    0.0025553      0.06926      0.36357 brainseq__caudate_sczd__M001
brainseq__caudate_sczd__M002            SET     662      0.05633     0.010641     0.040449     0.081877 brainseq__caudate_sczd__M002
brainseq__caudate_sczd__M003            SET     590     0.030488    0.0054483     0.042052      0.23423 brainseq__caudate_sczd__M003
brainseq__caudate_sczd__M004            SET     396     0.094093     0.013853     0.052348     0.036141 brainseq__caudate_sczd__M004
brainseq__caudate_sczd__M005            SET     303       0.1655      0.02137     0.053687    0.0010272 brainseq__caudate_sczd__M005
brainseq__caudate_sczd__M006            SET     279      0.22764     0.028224     0.060755   8.9854e-05 brainseq__caudate_sczd__M006
brainseq__caudate_sczd__M007            SET      89     0.056336    0.0039664      0.10755      0.30021 brainseq__caudate_sczd__M007
brainseq__caudate_sczd__M008            SET     240     0.062583    0.0072048     0.065971      0.17141 brainseq__caudate_sczd__M008
brainseq__caudate_sczd__M009            SET     203     0.098656     0.010457     0.069737      0.07859 brainseq__caudate_sczd__M009
brainseq__caudate_sczd__M010            SET     124     0.074983    0.0062253     0.098808      0.22397 brainseq__caudate_sczd__M010
brainseq__caudate_sczd__M011            SET     119     0.056088    0.0045624     0.095286      0.27806 brainseq__caudate_sczd__M011
brainseq__caudate_sczd__M012            SET     102    -0.086328   -0.0065044     0.096923      0.81344 brainseq__caudate_sczd__M012
brainseq__caudate_sczd__M013            SET      90      0.02814    0.0019923     0.095291      0.38388 brainseq__caudate_sczd__M013
brainseq__caudate_sczd__M014            SET      64    -0.085426   -0.0051039      0.12496      0.75288 brainseq__caudate_sczd__M014
brainseq__caudate_sczd__M015            SET      57    -0.058547   -0.0033018      0.13837      0.66389 brainseq__caudate_sczd__M015
brainseq__caudate_sczd__M016            SET      58    -0.069331    -0.003944      0.11814      0.72134 brainseq__caudate_sczd__M016
brainseq__caudate_sczd__M017            SET      52     0.054311    0.0029259       0.1273      0.33482 brainseq__caudate_sczd__M017
brainseq__caudate_sczd__M018            SET      46     0.083489     0.004231      0.14293      0.27957 brainseq__caudate_sczd__M018
brainseq__caudate_sczd__M019            SET      46    -0.068316   -0.0034621      0.16168      0.66368 brainseq__caudate_sczd__M019
brainseq__caudate_sczd__M020            SET      38       0.1789    0.0082423      0.14918      0.11522 brainseq__caudate_sczd__M020
brainseq__caudate_sczd__M021            SET      32      0.14423    0.0060987      0.14681      0.16295 brainseq__caudate_sczd__M021
brainseq__caudate_sczd__M022            SET      29     -0.10917   -0.0043947      0.18577      0.72161 brainseq__caudate_sczd__M022
brainseq__caudate_sczd__M023            SET      27     0.071542    0.0027792      0.19402      0.35616 brainseq__caudate_sczd__M023
brainseq__caudate_sczd__M024            SET      25      0.23394    0.0087451      0.19079      0.11008 brainseq__caudate_sczd__M024
brainseq__caudate_sczd__M025            SET      25      0.37475     0.014009      0.19053     0.024603 brainseq__caudate_sczd__M025
brainseq__caudate_sczd__M026            SET      23     -0.15567   -0.0055818      0.19245      0.79069 brainseq__caudate_sczd__M026
brainseq__caudate_sczd__M027            SET      24     -0.12003   -0.0043965      0.20576      0.72017 brainseq__caudate_sczd__M027
brainseq__caudate_sczd__M028            SET      20    -0.090326   -0.0030205      0.20871      0.66741 brainseq__caudate_sczd__M028
brainseq__caudate_sczd__M029            SET      17     0.079542    0.0024525      0.27194      0.38495 brainseq__caudate_sczd__M029
brainseq__caudate_sczd__M030            SET      19      0.23598    0.0076916      0.22848      0.15086 brainseq__caudate_sczd__M030
brainseq__caudate_sczd__M031            SET      18      0.13581    0.0043086      0.23116      0.27844 brainseq__caudate_sczd__M031
brainseq__caudate_sczd__M032            SET      13      -0.0317  -0.00085481      0.27125      0.54652 brainseq__caudate_sczd__M032
