# TOTAL_GENES = 17866
# TEST_DIRECTION = one-sided, positive (set), two-sided (covar)
# CONDITIONED_INTERNAL = gene size, gene density, sample size, inverse mac, log(gene size), log(gene density), log(sample size), log(inverse mac)
VARIABLE                               TYPE  NGENES         BETA     BETA_STD           SE            P FULL_NAME
gtex__amygdala__M000                    SET     945       0.1863     0.041699     0.033943   2.0547e-08 gtex__amygdala__M000
gtex__amygdala__M001                    SET     563     0.086608     0.015131     0.044004      0.02453 gtex__amygdala__M001
gtex__amygdala__M002                    SET     548     0.081232     0.014007     0.041433     0.024972 gtex__amygdala__M002
gtex__amygdala__M003                    SET     418     0.053985    0.0081605     0.046274      0.12169 gtex__amygdala__M003
gtex__amygdala__M004                    SET     298    -0.034488   -0.0044169     0.059651      0.71842 gtex__amygdala__M004
gtex__amygdala__M005                    SET     284     0.047271    0.0059125     0.057476      0.20542 gtex__amygdala__M005
gtex__amygdala__M006                    SET     244     0.092695     0.010759     0.064507     0.075373 gtex__amygdala__M006
gtex__amygdala__M007                    SET     169     -0.26449    -0.025603     0.082959      0.99928 gtex__amygdala__M007
gtex__amygdala__M008                    SET     164    -0.083837   -0.0079956      0.08416      0.84041 gtex__amygdala__M008
gtex__amygdala__M009                    SET     136     0.063207    0.0054938     0.080313      0.21564 gtex__amygdala__M009
gtex__amygdala__M010                    SET     125    0.0058468   0.00048735     0.087576      0.47339 gtex__amygdala__M010
gtex__amygdala__M011                    SET     101     0.026973    0.0020224     0.096584      0.39002 gtex__amygdala__M011
gtex__amygdala__M012                    SET      80     0.023047    0.0015388      0.10071       0.4095 gtex__amygdala__M012
gtex__amygdala__M013                    SET      64     0.023758    0.0014195      0.13451       0.4299 gtex__amygdala__M013
gtex__amygdala__M014                    SET      61    0.0074666   0.00043556      0.12469      0.47613 gtex__amygdala__M014
gtex__amygdala__M015                    SET      16      0.43457     0.012999      0.25746     0.045724 gtex__amygdala__M015
gtex__amygdala__M016                    SET      12      0.58163     0.015069      0.27941     0.018695 gtex__amygdala__M016
gtex__amygdala__M017                    SET      21      0.18401     0.006305       0.2069      0.18691 gtex__amygdala__M017
gtex__amygdala__M018                    SET      16      0.22634    0.0067705      0.23995      0.17278 gtex__amygdala__M018
gtex__amygdala__M019                    SET      18     0.083415    0.0026464      0.22731      0.35682 gtex__amygdala__M019
gtex__anterior_cingulate_cor...1        SET    1819       0.1192     0.036048      0.02486   8.2073e-07 gtex__anterior_cingulate_cortex_ba24__M000
gtex__anterior_cingulate_cor...2        SET     685     0.029762     0.005715     0.037631      0.21451 gtex__anterior_cingulate_cortex_ba24__M001
gtex__anterior_cingulate_cor...3        SET     723     0.090279      0.01779     0.039285     0.010785 gtex__anterior_cingulate_cortex_ba24__M002
gtex__anterior_cingulate_cor...4        SET     657     0.094015     0.017695     0.039468    0.0086133 gtex__anterior_cingulate_cortex_ba24__M003
gtex__anterior_cingulate_cor...5        SET     612     0.019175    0.0034877     0.039526       0.3138 gtex__anterior_cingulate_cortex_ba24__M004
gtex__anterior_cingulate_cor...6        SET     556      0.10505     0.018241     0.042336    0.0065518 gtex__anterior_cingulate_cortex_ba24__M005
gtex__anterior_cingulate_cor...7        SET     399     0.059001    0.0087184     0.050095      0.11945 gtex__anterior_cingulate_cortex_ba24__M006
gtex__anterior_cingulate_cor...8        SET     302     -0.16644    -0.021457     0.060156      0.99717 gtex__anterior_cingulate_cortex_ba24__M007
gtex__anterior_cingulate_cor...9        SET     124      0.10988    0.0091223     0.084275     0.096162 gtex__anterior_cingulate_cortex_ba24__M008
gtex__anterior_cingulate_cor...10       SET     120    -0.066366   -0.0054209     0.085211      0.78196 gtex__anterior_cingulate_cortex_ba24__M009
gtex__anterior_cingulate_cor...11       SET      94    -0.027077   -0.0019589        0.105      0.60175 gtex__anterior_cingulate_cortex_ba24__M010
gtex__anterior_cingulate_cor...12       SET     108    -0.087751   -0.0068022     0.088782      0.83851 gtex__anterior_cingulate_cortex_ba24__M011
gtex__anterior_cingulate_cor...13       SET      85     0.054476    0.0037487      0.10265      0.29781 gtex__anterior_cingulate_cortex_ba24__M012
gtex__anterior_cingulate_cor...14       SET      69     0.053918    0.0033444      0.11667        0.322 gtex__anterior_cingulate_cortex_ba24__M013
gtex__anterior_cingulate_cor...15       SET      53     0.079993    0.0043505      0.11614      0.24549 gtex__anterior_cingulate_cortex_ba24__M014
gtex__anterior_cingulate_cor...16       SET      60     0.013216    0.0007646      0.13466      0.46091 gtex__anterior_cingulate_cortex_ba24__M015
gtex__anterior_cingulate_cor...17       SET      40   -0.0069916  -0.00033046      0.16649      0.51675 gtex__anterior_cingulate_cortex_ba24__M016
gtex__anterior_cingulate_cor...18       SET      33     -0.13505   -0.0057991      0.17368       0.7816 gtex__anterior_cingulate_cortex_ba24__M017
gtex__anterior_cingulate_cor...19       SET      28     -0.06696   -0.0026488      0.17929       0.6456 gtex__anterior_cingulate_cortex_ba24__M018
gtex__anterior_cingulate_cor...20       SET      22     -0.18296   -0.0064164      0.19876      0.82134 gtex__anterior_cingulate_cortex_ba24__M019
gtex__anterior_cingulate_cor...21       SET      22      0.17915    0.0062828      0.21902      0.20671 gtex__anterior_cingulate_cortex_ba24__M020
gtex__caudate_basal_ganglia_...1        SET    1304      0.14636     0.038071      0.02912   2.5305e-07 gtex__caudate_basal_ganglia__M000
gtex__caudate_basal_ganglia_...2        SET    1201   -0.0040145   -0.0010053     0.030377      0.55257 gtex__caudate_basal_ganglia__M001
gtex__caudate_basal_ganglia_...3        SET     763     0.054786     0.011078     0.036576     0.067097 gtex__caudate_basal_ganglia__M002
gtex__caudate_basal_ganglia_...4        SET     668     0.061679     0.011702     0.036822     0.046973 gtex__caudate_basal_ganglia__M003
gtex__caudate_basal_ganglia_...5        SET     617     0.082256      0.01502     0.040266     0.020542 gtex__caudate_basal_ganglia__M004
gtex__caudate_basal_ganglia_...6        SET     447    -0.021075   -0.0032916     0.045778      0.67737 gtex__caudate_basal_ganglia__M005
gtex__caudate_basal_ganglia_...7        SET     340      -0.0287   -0.0039214     0.057586      0.69089 gtex__caudate_basal_ganglia__M006
gtex__caudate_basal_ganglia_...8        SET     287    -0.013579   -0.0017072     0.059311      0.59054 gtex__caudate_basal_ganglia__M007
gtex__caudate_basal_ganglia_...9        SET     267     0.027224    0.0033032     0.057279      0.31729 gtex__caudate_basal_ganglia__M008
gtex__caudate_basal_ganglia_...10       SET     246       0.0833    0.0097073     0.068967      0.11357 gtex__caudate_basal_ganglia__M009
gtex__caudate_basal_ganglia_...11       SET     172    0.0093269   0.00091075     0.071525      0.44813 gtex__caudate_basal_ganglia__M010
gtex__caudate_basal_ganglia_...12       SET      72    -0.097902   -0.0062027      0.11049       0.8122 gtex__caudate_basal_ganglia__M011
gtex__caudate_basal_ganglia_...13       SET      57    -0.050689   -0.0028586      0.12983      0.65188 gtex__caudate_basal_ganglia__M012
gtex__caudate_basal_ganglia_...14       SET      58     0.056878    0.0032356      0.12324      0.32221 gtex__caudate_basal_ganglia__M013
gtex__caudate_basal_ganglia_...15       SET      48    -0.033967   -0.0017583      0.14807      0.59072 gtex__caudate_basal_ganglia__M014
gtex__caudate_basal_ganglia_...16       SET      39     0.045823    0.0021386      0.14797      0.37841 gtex__caudate_basal_ganglia__M015
gtex__caudate_basal_ganglia_...17       SET      17     0.093173    0.0028728      0.20755      0.32675 gtex__caudate_basal_ganglia__M016
gtex__cerebellar_hemisphere_...1        SET    2211      0.10717     0.035292     0.022534   9.9619e-07 gtex__cerebellar_hemisphere__M000
gtex__cerebellar_hemisphere_...2        SET     710     0.041183    0.0080453     0.036305      0.12833 gtex__cerebellar_hemisphere__M001
gtex__cerebellar_hemisphere_...3        SET     655     0.048224    0.0090629     0.040012      0.11407 gtex__cerebellar_hemisphere__M002
gtex__cerebellar_hemisphere_...4        SET     605      0.11056     0.019998     0.039499    0.0025656 gtex__cerebellar_hemisphere__M003
gtex__cerebellar_hemisphere_...5        SET     488    -0.069581    -0.011342     0.051238      0.91276 gtex__cerebellar_hemisphere__M004
gtex__cerebellar_hemisphere_...6        SET     266      0.05434    0.0065812     0.058963      0.17838 gtex__cerebellar_hemisphere__M005
gtex__cerebellar_hemisphere_...7        SET     226    -0.045579   -0.0050939     0.063227       0.7645 gtex__cerebellar_hemisphere__M006
gtex__cerebellar_hemisphere_...8        SET     195      0.13557     0.014086     0.067811     0.022799 gtex__cerebellar_hemisphere__M007
gtex__cerebellar_hemisphere_...9        SET     140      0.16293     0.014367     0.080324     0.021264 gtex__cerebellar_hemisphere__M008
gtex__cerebellar_hemisphere_...10       SET      86     0.098325    0.0068056      0.10824      0.18183 gtex__cerebellar_hemisphere__M009
gtex__cerebellar_hemisphere_...11       SET      75      0.10449    0.0067561      0.10245       0.1539 gtex__cerebellar_hemisphere__M010
gtex__cerebellar_hemisphere_...12       SET      66      0.11883    0.0072095      0.11601      0.15284 gtex__cerebellar_hemisphere__M011
gtex__cerebellar_hemisphere_...13       SET      64      0.13498    0.0080643       0.1073      0.10422 gtex__cerebellar_hemisphere__M012
gtex__cerebellar_hemisphere_...14       SET      49     -0.06026   -0.0031516      0.13937      0.66726 gtex__cerebellar_hemisphere__M013
gtex__cerebellar_hemisphere_...15       SET      39    -0.023469   -0.0010954      0.16273      0.55734 gtex__cerebellar_hemisphere__M014
gtex__cerebellar_hemisphere_...16       SET      23    -0.092432   -0.0033144      0.20655      0.67274 gtex__cerebellar_hemisphere__M015
gtex__cerebellar_hemisphere_...17       SET      32    0.0078948   0.00033383      0.19894      0.48417 gtex__cerebellar_hemisphere__M016
gtex__cerebellar_hemisphere_...18       SET      28      0.12946    0.0051212      0.17884      0.23457 gtex__cerebellar_hemisphere__M017
gtex__cerebellar_hemisphere_...19       SET      26     -0.16802   -0.0064052      0.18874      0.81332 gtex__cerebellar_hemisphere__M018
gtex__cerebellar_hemisphere_...20       SET      23    -0.036419   -0.0013059      0.20544      0.57035 gtex__cerebellar_hemisphere__M019
gtex__cerebellar_hemisphere_...21       SET      14      0.29251    0.0081854      0.27297      0.14196 gtex__cerebellar_hemisphere__M020
gtex__cerebellar_hemisphere_...22       SET      19      -0.2227   -0.0072589      0.23769       0.8256 gtex__cerebellar_hemisphere__M022
gtex__cerebellar_hemisphere_...23       SET      16      0.24814    0.0074227      0.26369      0.17335 gtex__cerebellar_hemisphere__M023
gtex__cerebellar_hemisphere_...24       SET      14    -0.054629   -0.0015287      0.22195      0.59721 gtex__cerebellar_hemisphere__M024
gtex__cerebellum__M000                  SET     735      0.16876     0.033519     0.036589   2.0065e-06 gtex__cerebellum__M000
gtex__cerebellum__M001                  SET     336    -0.026407   -0.0035872     0.059988       0.6701 gtex__cerebellum__M001
gtex__cerebellum__M002                  SET     253        0.108     0.012762     0.060063     0.036081 gtex__cerebellum__M002
gtex__cerebellum__M003                  SET     246      0.12006     0.013991     0.065499     0.033414 gtex__cerebellum__M003
gtex__cerebellum__M004                  SET     177     0.026092    0.0025842     0.067317      0.34916 gtex__cerebellum__M004
gtex__cerebellum__M005                  SET     166      0.16247     0.015589     0.071529     0.011567 gtex__cerebellum__M005
gtex__cerebellum__M006                  SET     162      0.03143    0.0029794     0.076084      0.33977 gtex__cerebellum__M006
gtex__cerebellum__M007                  SET      88     0.085299    0.0059719      0.10045       0.1979 gtex__cerebellum__M007
gtex__cerebellum__M008                  SET     124      0.14375     0.011934     0.094571     0.064263 gtex__cerebellum__M008
gtex__cerebellum__M009                  SET      94    -0.063041   -0.0045608      0.10289      0.72996 gtex__cerebellum__M009
gtex__cerebellum__M010                  SET     108      0.02308    0.0017891     0.088815      0.39748 gtex__cerebellum__M010
gtex__cerebellum__M011                  SET      81      0.21978     0.014765      0.12267      0.03661 gtex__cerebellum__M011
gtex__cerebellum__M012                  SET      75      0.19715     0.012747      0.10391     0.028895 gtex__cerebellum__M012
gtex__cerebellum__M013                  SET      48    -0.085285   -0.0044148      0.13049      0.74331 gtex__cerebellum__M013
gtex__cerebellum__M014                  SET      45      0.23784     0.011922      0.14231     0.047342 gtex__cerebellum__M014
gtex__cerebellum__M015                  SET      42      0.44768     0.021681       0.1606     0.002658 gtex__cerebellum__M015
gtex__cerebellum__M016                  SET      40    -0.019969  -0.00094384      0.15115      0.55255 gtex__cerebellum__M016
gtex__cerebellum__M017                  SET      38      0.16651    0.0076715      0.14477      0.12504 gtex__cerebellum__M017
gtex__cerebellum__M018                  SET      19     -0.25751   -0.0083934      0.25675      0.84205 gtex__cerebellum__M018
gtex__cerebellum__M019                  SET      25     0.033622    0.0012569      0.19996      0.43324 gtex__cerebellum__M019
gtex__cerebellum__M020                  SET      21     0.072521     0.002485      0.18502      0.34754 gtex__cerebellum__M020
gtex__cerebellum__M022                  SET      21    -0.049828   -0.0017074      0.25512      0.57742 gtex__cerebellum__M022
gtex__cerebellum__M023                  SET      18      -0.1361   -0.0043178      0.26793      0.69426 gtex__cerebellum__M023
gtex__cerebellum__M024                  SET      17     0.086201    0.0026578       0.1911      0.32597 gtex__cerebellum__M024
gtex__cortex__M000                      SET     687     0.031598     0.006076     0.037966      0.20264 gtex__cortex__M000
gtex__cortex__M001                      SET     569      0.20761     0.036456     0.043513   9.2356e-07 gtex__cortex__M001
gtex__cortex__M002                      SET     622      0.13752     0.025209     0.040456   0.00033874 gtex__cortex__M002
gtex__cortex__M003                      SET     577     0.069016     0.012201     0.040804     0.045388 gtex__cortex__M003
gtex__cortex__M004                      SET     360     0.094747     0.013314     0.053713     0.038877 gtex__cortex__M004
gtex__cortex__M005                      SET     261      0.14888     0.017864     0.060177    0.0066842 gtex__cortex__M005
gtex__cortex__M006                      SET     183     -0.26917    -0.027103     0.080638      0.99958 gtex__cortex__M006
gtex__cortex__M007                      SET     185     0.073206    0.0074109     0.069052      0.14454 gtex__cortex__M007
gtex__cortex__M008                      SET     149    -0.016943   -0.0015409     0.075442      0.58885 gtex__cortex__M008
gtex__cortex__M009                      SET      71      0.15497    0.0097503      0.12213      0.10225 gtex__cortex__M009
gtex__cortex__M010                      SET      99     -0.24375    -0.018094      0.10806      0.98795 gtex__cortex__M010
gtex__cortex__M011                      SET      35     0.083199     0.003679      0.16888      0.31113 gtex__cortex__M011
gtex__frontal_cortex_ba9__M0...1        SET    1156     0.063494      0.01562     0.029113     0.014601 gtex__frontal_cortex_ba9__M000
gtex__frontal_cortex_ba9__M0...2        SET    1199    -0.090688    -0.022692     0.031288      0.99812 gtex__frontal_cortex_ba9__M001
gtex__frontal_cortex_ba9__M0...3        SET    1130     0.048302     0.011758     0.029921     0.053236 gtex__frontal_cortex_ba9__M002
gtex__frontal_cortex_ba9__M0...4        SET    1090      0.13159     0.031496     0.031773   1.7332e-05 gtex__frontal_cortex_ba9__M003
gtex__frontal_cortex_ba9__M0...5        SET     823      0.08383     0.017573     0.035616    0.0092994 gtex__frontal_cortex_ba9__M004
gtex__frontal_cortex_ba9__M0...6        SET     668     0.016951    0.0032159     0.038654       0.3305 gtex__frontal_cortex_ba9__M005
gtex__frontal_cortex_ba9__M0...7        SET     459     0.034476    0.0054548     0.049085      0.24123 gtex__frontal_cortex_ba9__M006
gtex__frontal_cortex_ba9__M0...8        SET     513     0.090621     0.015134     0.041052     0.013647 gtex__frontal_cortex_ba9__M007
gtex__frontal_cortex_ba9__M0...9        SET     427      0.18682     0.028536     0.055926   0.00041894 gtex__frontal_cortex_ba9__M008
gtex__frontal_cortex_ba9__M0...10       SET     467      0.16725     0.026685     0.046645    0.0001687 gtex__frontal_cortex_ba9__M009
gtex__frontal_cortex_ba9__M0...11       SET      80    -0.032775   -0.0021883      0.11117      0.61594 gtex__frontal_cortex_ba9__M010
gtex__hippocampus__M000                 SET    1333      0.14383     0.037794     0.029446   5.2356e-07 gtex__hippocampus__M000
gtex__hippocampus__M001                 SET    1412     0.081061      0.02187       0.0278    0.0017759 gtex__hippocampus__M001
gtex__hippocampus__M002                 SET     771     0.042157    0.0085668     0.036169       0.1219 gtex__hippocampus__M002
gtex__hippocampus__M003                 SET     814     0.088085     0.018369      0.03485    0.0057483 gtex__hippocampus__M003
gtex__hippocampus__M004                 SET     396   -0.0092099   -0.0013559     0.047835      0.57634 gtex__hippocampus__M004
gtex__hippocampus__M005                 SET     356    -0.072514    -0.010134     0.052889      0.91481 gtex__hippocampus__M005
gtex__hippocampus__M006                 SET     331    -0.026159   -0.0035275     0.058973      0.67132 gtex__hippocampus__M006
gtex__hippocampus__M007                 SET     278     0.059323    0.0073425     0.056778      0.14806 gtex__hippocampus__M007
gtex__hippocampus__M008                 SET     230     0.031469    0.0035476     0.064988      0.31412 gtex__hippocampus__M008
gtex__hippocampus__M009                 SET     167     -0.28179    -0.027117     0.082005       0.9997 gtex__hippocampus__M009
gtex__hippocampus__M010                 SET     130     0.070504    0.0059923     0.080594      0.19085 gtex__hippocampus__M010
gtex__hippocampus__M011                 SET      93    0.0087188   0.00062743     0.096196      0.46389 gtex__hippocampus__M011
gtex__hippocampus__M012                 SET     102      0.18628     0.014035     0.098255     0.028998 gtex__hippocampus__M012
gtex__hippocampus__M013                 SET      70     -0.16686    -0.010424      0.11098      0.93363 gtex__hippocampus__M013
gtex__hippocampus__M014                 SET      70     0.038747    0.0024207      0.10621      0.35763 gtex__hippocampus__M014
gtex__hippocampus__M015                 SET      36    -0.036597   -0.0016412      0.15678      0.59229 gtex__hippocampus__M015
gtex__hippocampus__M016                 SET      28      0.22514    0.0089062      0.18995      0.11797 gtex__hippocampus__M016
gtex__hippocampus__M017                 SET      34      0.21739    0.0094749      0.17634      0.10883 gtex__hippocampus__M017
gtex__hypothalamus__M000                SET    2017      0.11845     0.037487     0.024073   4.3574e-07 gtex__hypothalamus__M000
gtex__hypothalamus__M001                SET     682     0.058127     0.011138      0.03808     0.063458 gtex__hypothalamus__M001
gtex__hypothalamus__M002                SET     490     0.065661     0.010724     0.044618      0.07057 gtex__hypothalamus__M002
gtex__hypothalamus__M003                SET     371     0.072024     0.010271     0.050051     0.075081 gtex__hypothalamus__M003
gtex__hypothalamus__M004                SET     355     0.014167    0.0019772     0.049281      0.38687 gtex__hypothalamus__M004
gtex__hypothalamus__M005                SET     201    -0.044005   -0.0046414     0.072779      0.72729 gtex__hypothalamus__M005
gtex__hypothalamus__M006                SET     226     -0.11065    -0.012366      0.07146      0.93923 gtex__hypothalamus__M006
gtex__hypothalamus__M007                SET     252      0.12414      0.01464     0.063572      0.02543 gtex__hypothalamus__M007
gtex__hypothalamus__M008                SET     188     -0.19411    -0.019808     0.079105      0.99293 gtex__hypothalamus__M008
gtex__hypothalamus__M009                SET     134    -0.060122   -0.0051874     0.087713      0.75346 gtex__hypothalamus__M009
gtex__hypothalamus__M010                SET     101      0.10727    0.0080425     0.091196      0.11976 gtex__hypothalamus__M010
gtex__hypothalamus__M011                SET      89      0.17873     0.012584     0.096332     0.031779 gtex__hypothalamus__M011
gtex__hypothalamus__M012                SET      79     0.026902     0.001785      0.10468       0.3986 gtex__hypothalamus__M012
gtex__hypothalamus__M013                SET      67    -0.093052   -0.0056878      0.11392      0.79298 gtex__hypothalamus__M013
gtex__hypothalamus__M014                SET      65    -0.072171   -0.0043454      0.12781      0.71385 gtex__hypothalamus__M014
gtex__hypothalamus__M015                SET      70     0.070276    0.0043904      0.10195      0.24532 gtex__hypothalamus__M015
gtex__hypothalamus__M016                SET      58     -0.19142    -0.010889      0.12646      0.93494 gtex__hypothalamus__M016
gtex__hypothalamus__M017                SET      56     0.012704   0.00071017      0.13376      0.46217 gtex__hypothalamus__M017
gtex__hypothalamus__M018                SET      38   -0.0069691  -0.00032107      0.15768      0.51763 gtex__hypothalamus__M018
gtex__hypothalamus__M019                SET      27     -0.26984    -0.010482      0.18854       0.9238 gtex__hypothalamus__M019
gtex__hypothalamus__M020                SET      26     -0.09836   -0.0037496      0.16593      0.72334 gtex__hypothalamus__M020
gtex__hypothalamus__M021                SET      24    -0.052732   -0.0019315      0.19512      0.60652 gtex__hypothalamus__M021
gtex__hypothalamus__M022                SET      24      0.19046    0.0069762      0.22076      0.19415 gtex__hypothalamus__M022
gtex__hypothalamus__M024                SET      20   -0.0071583  -0.00023938      0.22447      0.51272 gtex__hypothalamus__M024
gtex__nucleus_accumbens_basa...1        SET    2605      0.12103     0.042715     0.021572   1.0244e-08 gtex__nucleus_accumbens_basal_ganglia__M000
gtex__nucleus_accumbens_basa...2        SET     768       0.0939     0.019046     0.035201    0.0038242 gtex__nucleus_accumbens_basal_ganglia__M001
gtex__nucleus_accumbens_basa...3        SET     799     0.029866    0.0061732     0.035822      0.20222 gtex__nucleus_accumbens_basal_ganglia__M002
gtex__nucleus_accumbens_basa...4        SET     392   -0.0047864  -0.00070119     0.049664      0.53839 gtex__nucleus_accumbens_basal_ganglia__M003
gtex__nucleus_accumbens_basa...5        SET     279     0.016046    0.0019895     0.061869      0.39768 gtex__nucleus_accumbens_basal_ganglia__M004
gtex__nucleus_accumbens_basa...6        SET     227    0.0072247    0.0008092     0.065783      0.45627 gtex__nucleus_accumbens_basal_ganglia__M005
gtex__nucleus_accumbens_basa...7        SET     185    -0.071662   -0.0072546     0.072669      0.83796 gtex__nucleus_accumbens_basal_ganglia__M006
gtex__nucleus_accumbens_basa...8        SET     178   -0.0021563  -0.00021416     0.069723      0.51234 gtex__nucleus_accumbens_basal_ganglia__M007
gtex__nucleus_accumbens_basa...9        SET     169      -0.1878    -0.018179     0.082106       0.9889 gtex__nucleus_accumbens_basal_ganglia__M008
gtex__nucleus_accumbens_basa...10       SET     158    -0.015847   -0.0014837     0.076619      0.58193 gtex__nucleus_accumbens_basal_ganglia__M009
gtex__nucleus_accumbens_basa...11       SET     131     0.058308    0.0049747     0.086506      0.25015 gtex__nucleus_accumbens_basal_ganglia__M010
gtex__nucleus_accumbens_basa...12       SET      92     0.019612    0.0014038     0.095847      0.41894 gtex__nucleus_accumbens_basal_ganglia__M011
gtex__nucleus_accumbens_basa...13       SET      80      0.15572     0.010397      0.11116     0.080646 gtex__nucleus_accumbens_basal_ganglia__M012
gtex__nucleus_accumbens_basa...14       SET      67     0.065968    0.0040323      0.12141      0.29344 gtex__nucleus_accumbens_basal_ganglia__M013
gtex__nucleus_accumbens_basa...15       SET      58     0.043985    0.0025022      0.12385      0.36124 gtex__nucleus_accumbens_basal_ganglia__M014
gtex__nucleus_accumbens_basa...16       SET      23    -0.019329  -0.00069311      0.20334      0.53787 gtex__nucleus_accumbens_basal_ganglia__M015
gtex__nucleus_accumbens_basa...17       SET      19     0.041791    0.0013622      0.21765      0.42387 gtex__nucleus_accumbens_basal_ganglia__M016
gtex__nucleus_accumbens_basa...18       SET      18      0.16515    0.0052396       0.2205      0.22694 gtex__nucleus_accumbens_basal_ganglia__M017
gtex__putamen_basal_ganglia_...1        SET    1177      0.11652     0.028906     0.030783   7.7062e-05 gtex__putamen_basal_ganglia__M000
gtex__putamen_basal_ganglia_...2        SET    1385     0.014233    0.0038061     0.028386      0.30805 gtex__putamen_basal_ganglia__M001
gtex__putamen_basal_ganglia_...3        SET     884     0.057304     0.012428     0.033248     0.042406 gtex__putamen_basal_ganglia__M002
gtex__putamen_basal_ganglia_...4        SET     729     0.029114      0.00576     0.035402      0.20543 gtex__putamen_basal_ganglia__M003
gtex__putamen_basal_ganglia_...5        SET     524      0.19521     0.032938     0.046396   1.2986e-05 gtex__putamen_basal_ganglia__M004
gtex__putamen_basal_ganglia_...6        SET     458     0.076525     0.012095      0.04662      0.05036 gtex__putamen_basal_ganglia__M005
gtex__putamen_basal_ganglia_...7        SET     442     0.013262      0.00206     0.047426      0.38988 gtex__putamen_basal_ganglia__M006
gtex__putamen_basal_ganglia_...8        SET     429    0.0039595   0.00060617      0.04539      0.46524 gtex__putamen_basal_ganglia__M007
gtex__putamen_basal_ganglia_...9        SET     344     0.044438    0.0061068     0.052017      0.19648 gtex__putamen_basal_ganglia__M008
gtex__putamen_basal_ganglia_...10       SET     162    -0.032662   -0.0030962     0.075367      0.66763 gtex__putamen_basal_ganglia__M009
gtex__putamen_basal_ganglia_...11       SET      97      0.11094    0.0081522     0.097038      0.12648 gtex__putamen_basal_ganglia__M010
gtex__putamen_basal_ganglia_...12       SET     105    -0.048529   -0.0037095     0.096757      0.69201 gtex__putamen_basal_ganglia__M011
gtex__putamen_basal_ganglia_...13       SET      44    -0.011495  -0.00056975      0.14748      0.53106 gtex__putamen_basal_ganglia__M012
gtex__putamen_basal_ganglia_...14       SET      38     0.056305     0.002594      0.13906      0.34278 gtex__putamen_basal_ganglia__M013
gtex__putamen_basal_ganglia_...15       SET      34     0.087428    0.0038105      0.18436      0.31767 gtex__putamen_basal_ganglia__M014
gtex__putamen_basal_ganglia_...16       SET      34      0.14031    0.0061154      0.14877      0.17281 gtex__putamen_basal_ganglia__M015
gtex__putamen_basal_ganglia_...17       SET      33      0.27805     0.011939      0.16555     0.046526 gtex__putamen_basal_ganglia__M016
gtex__putamen_basal_ganglia_...18       SET      21      0.40601     0.013912      0.24704      0.05015 gtex__putamen_basal_ganglia__M017
gtex__spinal_cord_cervical_c...1        SET    1293      0.11498     0.029792     0.029021   3.7325e-05 gtex__spinal_cord_cervical_c_1__M000
gtex__spinal_cord_cervical_c...2        SET     734     0.041624     0.008262     0.037053      0.13065 gtex__spinal_cord_cervical_c_1__M001
gtex__spinal_cord_cervical_c...3        SET     592      0.11976     0.021437     0.044527    0.0035801 gtex__spinal_cord_cervical_c_1__M002
gtex__spinal_cord_cervical_c...4        SET     333     -0.20356    -0.027532     0.059417      0.99969 gtex__spinal_cord_cervical_c_1__M003
gtex__spinal_cord_cervical_c...5        SET     409     0.073275     0.010959     0.049839     0.070758 gtex__spinal_cord_cervical_c_1__M004
gtex__spinal_cord_cervical_c...6        SET     279      0.12949     0.016056     0.061158     0.017122 gtex__spinal_cord_cervical_c_1__M005
gtex__spinal_cord_cervical_c...7        SET     222      0.11306     0.012525     0.065165     0.041379 gtex__spinal_cord_cervical_c_1__M006
gtex__spinal_cord_cervical_c...8        SET     249   -0.0030361  -0.00035593     0.058168      0.52081 gtex__spinal_cord_cervical_c_1__M007
gtex__spinal_cord_cervical_c...9        SET     169     0.063478    0.0061447     0.072055      0.18917 gtex__spinal_cord_cervical_c_1__M008
gtex__spinal_cord_cervical_c...10       SET     143      0.12568     0.011199     0.077729     0.052963 gtex__spinal_cord_cervical_c_1__M009
gtex__spinal_cord_cervical_c...11       SET      94      0.05339    0.0038626      0.10619      0.30756 gtex__spinal_cord_cervical_c_1__M010
gtex__spinal_cord_cervical_c...12       SET     105      0.03795    0.0029008        0.102      0.35493 gtex__spinal_cord_cervical_c_1__M011
gtex__spinal_cord_cervical_c...13       SET      91     0.054883    0.0039071      0.10216      0.29555 gtex__spinal_cord_cervical_c_1__M012
gtex__spinal_cord_cervical_c...14       SET      48    -0.011768  -0.00060917      0.13038      0.53596 gtex__spinal_cord_cervical_c_1__M013
gtex__spinal_cord_cervical_c...15       SET      32    -0.091061   -0.0038505      0.18752      0.68638 gtex__spinal_cord_cervical_c_1__M014
gtex__spinal_cord_cervical_c...16       SET      25      0.19102    0.0071406       0.1781      0.14175 gtex__spinal_cord_cervical_c_1__M015
gtex__spinal_cord_cervical_c...17       SET      22   -0.0097064  -0.00034041      0.19708      0.51964 gtex__spinal_cord_cervical_c_1__M016
gtex__spinal_cord_cervical_c...18       SET      22      0.19377    0.0067955      0.23205      0.20186 gtex__spinal_cord_cervical_c_1__M017
gtex__spinal_cord_cervical_c...19       SET      18     -0.04216   -0.0013376       0.2474      0.56766 gtex__spinal_cord_cervical_c_1__M018
gtex__substantia_nigra__M000            SET    1023       0.1037     0.024095     0.032631   0.00074265 gtex__substantia_nigra__M000
gtex__substantia_nigra__M001            SET     858     0.053901     0.011525     0.033641     0.054562 gtex__substantia_nigra__M001
gtex__substantia_nigra__M002            SET     971     0.031649    0.0071753     0.031695      0.15901 gtex__substantia_nigra__M002
gtex__substantia_nigra__M003            SET     543     0.082296     0.014128     0.045402     0.034957 gtex__substantia_nigra__M003
gtex__substantia_nigra__M004            SET     565        0.107     0.018725     0.042512    0.0059236 gtex__substantia_nigra__M004
gtex__substantia_nigra__M005            SET     425      0.15427      0.02351     0.050332    0.0010899 gtex__substantia_nigra__M005
gtex__substantia_nigra__M006            SET     175     -0.23448    -0.023094     0.081283      0.99804 gtex__substantia_nigra__M006
gtex__substantia_nigra__M007            SET     102   -0.0021362  -0.00016095      0.10446      0.50816 gtex__substantia_nigra__M007
gtex__substantia_nigra__M008            SET      46    -0.015479  -0.00078443      0.13509      0.54561 gtex__substantia_nigra__M008
gtex__substantia_nigra__M009            SET      39     0.054249    0.0025319      0.16981      0.37469 gtex__substantia_nigra__M009
brainseq__caudate__M000                 SET    1020      0.10502     0.024368     0.032024   0.00052102 brainseq__caudate__M000
brainseq__caudate__M001                 SET    1324     0.025736    0.0067417     0.029007      0.18748 brainseq__caudate__M001
brainseq__caudate__M002                 SET     916      0.11715     0.025837     0.034959    0.0004036 brainseq__caudate__M002
brainseq__caudate__M003                 SET     813     0.025249    0.0052624      0.03395      0.22853 brainseq__caudate__M003
brainseq__caudate__M004                 SET     574     0.091084     0.016062     0.042192     0.015441 brainseq__caudate__M004
brainseq__caudate__M005                 SET     126     -0.05288   -0.0044252     0.084839      0.73345 brainseq__caudate__M005
brainseq__caudate__M006                 SET     367     0.037769    0.0053575     0.051366      0.23109 brainseq__caudate__M006
brainseq__caudate__M007                 SET     195      0.12439     0.012924     0.068039     0.033773 brainseq__caudate__M007
brainseq__caudate__M008                 SET      54    -0.020993   -0.0011524      0.13761      0.56062 brainseq__caudate__M008
brainseq__caudate__M009                 SET      49    -0.010705  -0.00055986      0.13447      0.53173 brainseq__caudate__M009
brainseq__hippocampus__M000             SET     503    -0.089701    -0.014838     0.046655      0.97273 brainseq__hippocampus__M000
brainseq__hippocampus__M001             SET     488     0.077093     0.012566     0.043938     0.039674 brainseq__hippocampus__M001
brainseq__hippocampus__M002             SET     464       0.1901     0.030236     0.047516   3.1704e-05 brainseq__hippocampus__M002
brainseq__hippocampus__M003             SET     468      0.14912     0.023818      0.04949    0.0012945 brainseq__hippocampus__M003
brainseq__hippocampus__M004             SET     366     0.083056     0.011766     0.054066     0.062256 brainseq__hippocampus__M004
brainseq__hippocampus__M005             SET     360   -0.0050512  -0.00070978     0.052011      0.53868 brainseq__hippocampus__M005
brainseq__hippocampus__M006             SET     344     0.013708    0.0018838     0.053568      0.39902 brainseq__hippocampus__M006
brainseq__hippocampus__M007             SET     306      0.10639     0.013805     0.059302     0.036407 brainseq__hippocampus__M007
brainseq__hippocampus__M008             SET     300      0.16195     0.020809     0.056419    0.0020521 brainseq__hippocampus__M008
brainseq__hippocampus__M009             SET      47     0.091364    0.0046801      0.13781      0.25369 brainseq__hippocampus__M009
brainseq__hippocampus__M010             SET      47     0.040939    0.0020971      0.13839      0.38369 brainseq__hippocampus__M010
brainseq__hippocampus__M011             SET      23      0.14401     0.005164      0.20932      0.24573 brainseq__hippocampus__M011
brainseq__hippocampus__M012             SET      18     0.060739     0.001927      0.20899      0.38567 brainseq__hippocampus__M012
brainseq__dlpfc__M000                   SET     540     0.088352     0.015127      0.04374     0.021702 brainseq__dlpfc__M000
brainseq__dlpfc__M001                   SET     501     0.067919     0.011213     0.043684     0.060008 brainseq__dlpfc__M001
brainseq__dlpfc__M002                   SET     437     0.053893    0.0083252     0.047753      0.12955 brainseq__dlpfc__M002
brainseq__dlpfc__M003                   SET     443      0.12093     0.018805     0.050344    0.0081582 brainseq__dlpfc__M003
brainseq__dlpfc__M004                   SET     404     0.048945    0.0072767     0.050467      0.16607 brainseq__dlpfc__M004
brainseq__dlpfc__M005                   SET     411      0.15838     0.023745     0.049375   0.00067023 brainseq__dlpfc__M005
brainseq__dlpfc__M006                   SET     395     0.060901     0.008955      0.04938      0.10874 brainseq__dlpfc__M006
brainseq__dlpfc__M007                   SET     353     0.067237    0.0093576     0.051894     0.097555 brainseq__dlpfc__M007
brainseq__dlpfc__M008                   SET     350     0.030817     0.004271     0.050937      0.27259 brainseq__dlpfc__M008
brainseq__dlpfc__M009                   SET     186   -0.0043762   -0.0004442      0.07485      0.52331 brainseq__dlpfc__M009
brainseq__dlpfc__M010                   SET     140     0.054217    0.0047806     0.082692      0.25603 brainseq__dlpfc__M010
brainseq__dlpfc__M011                   SET      47      0.31954     0.016368      0.15772     0.021388 brainseq__dlpfc__M011
brainseq__caudate_sczd__M000            SET     411      0.11282     0.016914     0.049469     0.011291 brainseq__caudate_sczd__M000
brainseq__caudate_sczd__M001            SET     529      0.12966     0.021979     0.044839    0.0019183 brainseq__caudate_sczd__M001
brainseq__caudate_sczd__M002            SET     406     0.086279     0.012858     0.049085     0.039405 brainseq__caudate_sczd__M002
brainseq__caudate_sczd__M003            SET     329      0.22281     0.029957     0.058201    6.475e-05 brainseq__caudate_sczd__M003
brainseq__caudate_sczd__M004            SET     324     0.053241    0.0071047     0.055897      0.17043 brainseq__caudate_sczd__M004
brainseq__caudate_sczd__M005            SET     281     0.057896    0.0072038     0.063828      0.18219 brainseq__caudate_sczd__M005
brainseq__caudate_sczd__M006            SET     184     0.039364    0.0039743     0.078667       0.3084 brainseq__caudate_sczd__M006
brainseq__caudate_sczd__M007            SET     146     0.081617    0.0073481     0.082023      0.15986 brainseq__caudate_sczd__M007
brainseq__caudate_sczd__M008            SET     112    -0.086623   -0.0068372     0.093046      0.82406 brainseq__caudate_sczd__M008
brainseq__caudate_sczd__M009            SET      87      0.04677    0.0032559     0.094963      0.31118 brainseq__caudate_sczd__M009
brainseq__caudate_sczd__M010            SET      66    0.0070659   0.00042868      0.13575      0.47924 brainseq__caudate_sczd__M010
brainseq__caudate_sczd__M011            SET      61      0.24617      0.01436      0.12819     0.027417 brainseq__caudate_sczd__M011
brainseq__caudate_sczd__M012            SET      43     -0.10555   -0.0051719      0.13468      0.78339 brainseq__caudate_sczd__M012
brainseq__caudate_sczd__M013            SET      31      0.20395    0.0084884      0.16295      0.10537 brainseq__caudate_sczd__M013
brainseq__caudate_sczd__M014            SET      40      0.23757     0.011229      0.14018     0.045072 brainseq__caudate_sczd__M014
brainseq__caudate_sczd__M015            SET      22     -0.04517   -0.0015841       0.2028      0.58813 brainseq__caudate_sczd__M015
brainseq__caudate_sczd__M016            SET       5      0.67173     0.011236      0.34931     0.027246 brainseq__caudate_sczd__M016
brainseq__caudate_sczd__M018            SET      22      0.15215    0.0053361      0.21062      0.23503 brainseq__caudate_sczd__M018
