# MEAN_SAMPLE_SIZE = 29633
# TOTAL_GENES = 17948
# TEST_DIRECTION = one-sided, positive (set), two-sided (covar)
# CONDITIONED_INTERNAL = gene size, gene density, inverse mac, log(gene size), log(gene density), log(inverse mac)
VARIABLE                               TYPE  NGENES         BETA     BETA_STD           SE            P FULL_NAME
gtex__amygdala__M000                    SET     947    -0.013219   -0.0029553      0.03007      0.66989 gtex__amygdala__M000
gtex__amygdala__M001                    SET     564     0.013664    0.0023839     0.039503      0.36471 gtex__amygdala__M001
gtex__amygdala__M002                    SET     548    -0.001366  -0.00023503     0.038136      0.51429 gtex__amygdala__M002
gtex__amygdala__M003                    SET     418    -0.006332  -0.00095503     0.041851      0.56013 gtex__amygdala__M003
gtex__amygdala__M004                    SET     298    -0.024865   -0.0031773     0.051499      0.68539 gtex__amygdala__M004
gtex__amygdala__M005                    SET     285    0.0060916   0.00076152     0.050312      0.45182 gtex__amygdala__M005
gtex__amygdala__M006                    SET     244    -0.075817     -0.00878     0.056561      0.90994 gtex__amygdala__M006
gtex__amygdala__M007                    SET     169    -0.037585     -0.00363     0.073309      0.69592 gtex__amygdala__M007
gtex__amygdala__M008                    SET     164    -0.077086   -0.0073352      0.07067      0.86231 gtex__amygdala__M008
gtex__amygdala__M009                    SET     136    -0.034359   -0.0029797     0.072957      0.68116 gtex__amygdala__M009
gtex__amygdala__M010                    SET     125    -0.034944   -0.0029061     0.076685      0.67569 gtex__amygdala__M010
gtex__amygdala__M011                    SET     101    -0.069713    -0.005215     0.087384       0.7875 gtex__amygdala__M011
gtex__amygdala__M012                    SET      81    0.0045373   0.00030413     0.088465      0.47955 gtex__amygdala__M012
gtex__amygdala__M013                    SET      64    -0.035128    -0.002094      0.11342      0.62161 gtex__amygdala__M013
gtex__amygdala__M014                    SET      61      0.16562    0.0096393      0.10656     0.060073 gtex__amygdala__M014
gtex__amygdala__M015                    SET      16     -0.09749   -0.0029096      0.23834      0.65874 gtex__amygdala__M015
gtex__amygdala__M016                    SET      12  -0.00061798  -1.5974e-05      0.28874      0.50085 gtex__amygdala__M016
gtex__amygdala__M017                    SET      22      -0.1265   -0.0044261      0.18642      0.75128 gtex__amygdala__M017
gtex__amygdala__M018                    SET      16     -0.45905      -0.0137      0.22229      0.98054 gtex__amygdala__M018
gtex__amygdala__M019                    SET      19     -0.14361   -0.0046702       0.2109      0.75204 gtex__amygdala__M019
gtex__anterior_cingulate_cor...1        SET    1820    -0.010759   -0.0032479     0.022091      0.68688 gtex__anterior_cingulate_cortex_ba24__M000
gtex__anterior_cingulate_cor...2        SET     688     0.015685    0.0030116     0.033858      0.32159 gtex__anterior_cingulate_cortex_ba24__M001
gtex__anterior_cingulate_cor...3        SET     725     0.045985    0.0090539     0.035428     0.097154 gtex__anterior_cingulate_cortex_ba24__M002
gtex__anterior_cingulate_cor...4        SET     658    -0.027893   -0.0052421      0.03561      0.78327 gtex__anterior_cingulate_cortex_ba24__M003
gtex__anterior_cingulate_cor...5        SET     612     0.064763     0.011754     0.035189     0.032863 gtex__anterior_cingulate_cortex_ba24__M004
gtex__anterior_cingulate_cor...6        SET     556     0.023743    0.0041138       0.0378      0.26496 gtex__anterior_cingulate_cortex_ba24__M005
gtex__anterior_cingulate_cor...7        SET     399    -0.026634   -0.0039269     0.044714      0.72429 gtex__anterior_cingulate_cortex_ba24__M006
gtex__anterior_cingulate_cor...8        SET     303     0.072984    0.0094027     0.053606     0.086689 gtex__anterior_cingulate_cortex_ba24__M007
gtex__anterior_cingulate_cor...9        SET     124    -0.093208   -0.0077208     0.080412      0.87679 gtex__anterior_cingulate_cortex_ba24__M008
gtex__anterior_cingulate_cor...10       SET     121    -0.049205   -0.0040266      0.07789      0.73621 gtex__anterior_cingulate_cortex_ba24__M009
gtex__anterior_cingulate_cor...11       SET      94      0.14639     0.010567     0.089245     0.050477 gtex__anterior_cingulate_cortex_ba24__M010
gtex__anterior_cingulate_cor...12       SET     108     0.013335    0.0010313     0.077445      0.43165 gtex__anterior_cingulate_cortex_ba24__M011
gtex__anterior_cingulate_cor...13       SET      85     -0.16732    -0.011488     0.093799      0.96277 gtex__anterior_cingulate_cortex_ba24__M012
gtex__anterior_cingulate_cor...14       SET      69     -0.11001   -0.0068081      0.10531      0.85191 gtex__anterior_cingulate_cortex_ba24__M013
gtex__anterior_cingulate_cor...15       SET      53    0.0066695   0.00036191      0.11572      0.47702 gtex__anterior_cingulate_cortex_ba24__M014
gtex__anterior_cingulate_cor...16       SET      60     0.058183    0.0033585      0.11506      0.30655 gtex__anterior_cingulate_cortex_ba24__M015
gtex__anterior_cingulate_cor...17       SET      40      -0.1227   -0.0057862        0.142      0.80623 gtex__anterior_cingulate_cortex_ba24__M016
gtex__anterior_cingulate_cor...18       SET      33      0.13099    0.0056116      0.14462      0.18254 gtex__anterior_cingulate_cortex_ba24__M017
gtex__anterior_cingulate_cor...19       SET      28      0.17482    0.0068997      0.16051      0.13805 gtex__anterior_cingulate_cortex_ba24__M018
gtex__anterior_cingulate_cor...20       SET      22      -0.2305   -0.0080652      0.17035      0.91197 gtex__anterior_cingulate_cortex_ba24__M019
gtex__anterior_cingulate_cor...21       SET      22     0.026319   0.00092091      0.19519      0.44637 gtex__anterior_cingulate_cortex_ba24__M020
gtex__caudate_basal_ganglia_...1        SET    1307     0.020255    0.0052634     0.026152      0.21931 gtex__caudate_basal_ganglia__M000
gtex__caudate_basal_ganglia_...2        SET    1203      0.03431      0.00858     0.027179      0.10342 gtex__caudate_basal_ganglia__M001
gtex__caudate_basal_ganglia_...3        SET     764     0.022343    0.0045108     0.032967      0.24897 gtex__caudate_basal_ganglia__M002
gtex__caudate_basal_ganglia_...4        SET     668    -0.042328   -0.0080128     0.033362      0.89772 gtex__caudate_basal_ganglia__M003
gtex__caudate_basal_ganglia_...5        SET     619     0.011559    0.0021093     0.035854      0.37358 gtex__caudate_basal_ganglia__M004
gtex__caudate_basal_ganglia_...6        SET     446    -0.039567   -0.0061594     0.041064      0.83236 gtex__caudate_basal_ganglia__M005
gtex__caudate_basal_ganglia_...7        SET     341     -0.01096   -0.0014964     0.050648      0.58566 gtex__caudate_basal_ganglia__M006
gtex__caudate_basal_ganglia_...8        SET     288     0.050921    0.0063986     0.051932      0.16342 gtex__caudate_basal_ganglia__M007
gtex__caudate_basal_ganglia_...9        SET     267    -0.044286   -0.0053613     0.051649      0.80439 gtex__caudate_basal_ganglia__M008
gtex__caudate_basal_ganglia_...10       SET     246    -0.040383   -0.0046954     0.061721      0.74353 gtex__caudate_basal_ganglia__M009
gtex__caudate_basal_ganglia_...11       SET     172     0.032564    0.0031726     0.064951      0.30806 gtex__caudate_basal_ganglia__M010
gtex__caudate_basal_ganglia_...12       SET      73      0.13477     0.008578      0.10181     0.092806 gtex__caudate_basal_ganglia__M011
gtex__caudate_basal_ganglia_...13       SET      57     -0.06816   -0.0038351      0.11721      0.71955 gtex__caudate_basal_ganglia__M012
gtex__caudate_basal_ganglia_...14       SET      58    -0.034681   -0.0019684      0.10832      0.62558 gtex__caudate_basal_ganglia__M013
gtex__caudate_basal_ganglia_...15       SET      49    -0.046733   -0.0024385      0.13171      0.63863 gtex__caudate_basal_ganglia__M014
gtex__caudate_basal_ganglia_...16       SET      39     0.043379      0.00202      0.12988      0.36919 gtex__caudate_basal_ganglia__M015
gtex__caudate_basal_ganglia_...17       SET      17     -0.11113   -0.0034186      0.19604      0.71459 gtex__caudate_basal_ganglia__M016
gtex__cerebellar_hemisphere_...1        SET    2215      0.01114    0.0036642      0.02018      0.29047 gtex__cerebellar_hemisphere__M000
gtex__cerebellar_hemisphere_...2        SET     708     0.039123    0.0076158     0.032488      0.11426 gtex__cerebellar_hemisphere__M001
gtex__cerebellar_hemisphere_...3        SET     657     0.031099    0.0058403     0.035547      0.19083 gtex__cerebellar_hemisphere__M002
gtex__cerebellar_hemisphere_...4        SET     607     0.058003     0.010485     0.035062     0.049043 gtex__cerebellar_hemisphere__M003
gtex__cerebellar_hemisphere_...5        SET     488     0.088792     0.014441       0.0457     0.026021 gtex__cerebellar_hemisphere__M004
gtex__cerebellar_hemisphere_...6        SET     266    -0.036276   -0.0043836     0.051895      0.75773 gtex__cerebellar_hemisphere__M005
gtex__cerebellar_hemisphere_...7        SET     227     0.017691     0.001977     0.057978      0.38013 gtex__cerebellar_hemisphere__M006
gtex__cerebellar_hemisphere_...8        SET     198     0.053463    0.0055845     0.060355      0.18787 gtex__cerebellar_hemisphere__M007
gtex__cerebellar_hemisphere_...9        SET     140    -0.062394   -0.0054892     0.069549      0.81517 gtex__cerebellar_hemisphere__M008
gtex__cerebellar_hemisphere_...10       SET      87    -0.099374   -0.0069021     0.093036      0.85726 gtex__cerebellar_hemisphere__M009
gtex__cerebellar_hemisphere_...11       SET      75     0.046982    0.0030308     0.094005      0.30862 gtex__cerebellar_hemisphere__M010
gtex__cerebellar_hemisphere_...12       SET      66      -0.1077   -0.0065193      0.10859      0.83935 gtex__cerebellar_hemisphere__M011
gtex__cerebellar_hemisphere_...13       SET      64     -0.11082   -0.0066059     0.096855      0.87372 gtex__cerebellar_hemisphere__M012
gtex__cerebellar_hemisphere_...14       SET      49     -0.27082    -0.014132      0.12593      0.98424 gtex__cerebellar_hemisphere__M013
gtex__cerebellar_hemisphere_...15       SET      39     0.084829    0.0039501      0.14585      0.28042 gtex__cerebellar_hemisphere__M014
gtex__cerebellar_hemisphere_...16       SET      23     -0.06694   -0.0023948      0.17813      0.64646 gtex__cerebellar_hemisphere__M015
gtex__cerebellar_hemisphere_...17       SET      32    -0.056956   -0.0024029       0.1754       0.6273 gtex__cerebellar_hemisphere__M016
gtex__cerebellar_hemisphere_...18       SET      29    -0.002623  -0.00010535      0.15481      0.50676 gtex__cerebellar_hemisphere__M017
gtex__cerebellar_hemisphere_...19       SET      26     0.036297    0.0013805      0.17145      0.41617 gtex__cerebellar_hemisphere__M018
gtex__cerebellar_hemisphere_...20       SET      23    -0.081342   -0.0029101      0.18285      0.67179 gtex__cerebellar_hemisphere__M019
gtex__cerebellar_hemisphere_...21       SET      14     -0.32015   -0.0089382      0.26079       0.8902 gtex__cerebellar_hemisphere__M020
gtex__cerebellar_hemisphere_...22       SET      19     -0.34912    -0.011353      0.21188      0.95028 gtex__cerebellar_hemisphere__M022
gtex__cerebellar_hemisphere_...23       SET      16     0.031612   0.00094345       0.2381      0.44719 gtex__cerebellar_hemisphere__M023
gtex__cerebellar_hemisphere_...24       SET      14      0.27982    0.0078121      0.19819     0.079002 gtex__cerebellar_hemisphere__M024
gtex__cerebellum__M000                  SET     736     0.025141    0.0049858      0.03305      0.22342 gtex__cerebellum__M000
gtex__cerebellum__M001                  SET     336      0.10349     0.014028      0.05329     0.026071 gtex__cerebellum__M001
gtex__cerebellum__M002                  SET     254    -0.054892   -0.0064838     0.054953      0.84107 gtex__cerebellum__M002
gtex__cerebellum__M003                  SET     247     0.054271    0.0063228     0.058562      0.17704 gtex__cerebellum__M003
gtex__cerebellum__M004                  SET     177   0.00077546    7.663e-05      0.06202      0.49501 gtex__cerebellum__M004
gtex__cerebellum__M005                  SET     166    -0.045894   -0.0043934     0.063499      0.76508 gtex__cerebellum__M005
gtex__cerebellum__M006                  SET     162     0.021603    0.0020432     0.070203      0.37915 gtex__cerebellum__M006
gtex__cerebellum__M007                  SET      88       0.1701     0.011882     0.091134     0.030996 gtex__cerebellum__M007
gtex__cerebellum__M008                  SET     125    0.0035553   0.00029568     0.081521      0.48261 gtex__cerebellum__M008
gtex__cerebellum__M009                  SET      94    -0.075581   -0.0054556     0.091282      0.79616 gtex__cerebellum__M009
gtex__cerebellum__M010                  SET     108    -0.039278   -0.0030377     0.080749      0.68666 gtex__cerebellum__M010
gtex__cerebellum__M011                  SET      81     0.050965    0.0034161      0.10724      0.31731 gtex__cerebellum__M011
gtex__cerebellum__M012                  SET      75     0.027515     0.001775     0.095047       0.3861 gtex__cerebellum__M012
gtex__cerebellum__M013                  SET      48     -0.14569   -0.0075243      0.11467      0.89804 gtex__cerebellum__M013
gtex__cerebellum__M014                  SET      45     -0.16688   -0.0083457      0.12183      0.91461 gtex__cerebellum__M014
gtex__cerebellum__M015                  SET      42    -0.067703   -0.0032713      0.13856      0.68744 gtex__cerebellum__M015
gtex__cerebellum__M016                  SET      40      0.10456     0.004931      0.13612      0.22121 gtex__cerebellum__M016
gtex__cerebellum__M017                  SET      38    -0.096516   -0.0044364      0.13166      0.76823 gtex__cerebellum__M017
gtex__cerebellum__M018                  SET      19      0.12659    0.0041168      0.21092       0.2742 gtex__cerebellum__M018
gtex__cerebellum__M019                  SET      25      -0.1279   -0.0047704      0.17477      0.76786 gtex__cerebellum__M019
gtex__cerebellum__M020                  SET      21    -0.033014   -0.0011286      0.17546      0.57462 gtex__cerebellum__M020
gtex__cerebellum__M022                  SET      21     0.024235   0.00082853      0.22498      0.45711 gtex__cerebellum__M022
gtex__cerebellum__M023                  SET      18      0.34226     0.010834      0.25394     0.088871 gtex__cerebellum__M023
gtex__cerebellum__M024                  SET      17    -0.032007  -0.00098461       0.2012       0.5632 gtex__cerebellum__M024
gtex__cortex__M000                      SET     688    -0.042339   -0.0081293     0.034532      0.88991 gtex__cortex__M000
gtex__cortex__M001                      SET     569    -0.025686   -0.0045005     0.038418      0.74812 gtex__cortex__M001
gtex__cortex__M002                      SET     622    -0.016482   -0.0030148     0.036492      0.67424 gtex__cortex__M002
gtex__cortex__M003                      SET     578     0.015076    0.0026616     0.036602      0.34021 gtex__cortex__M003
gtex__cortex__M004                      SET     361     -0.12665    -0.017781     0.047208      0.99635 gtex__cortex__M004
gtex__cortex__M005                      SET     261     -0.10086    -0.012075     0.054316      0.96833 gtex__cortex__M005
gtex__cortex__M006                      SET     183      0.10952     0.011003     0.072019     0.064174 gtex__cortex__M006
gtex__cortex__M007                      SET     184      0.03103    0.0031257     0.063426      0.31235 gtex__cortex__M007
gtex__cortex__M008                      SET     149     0.060493     0.005489     0.066863      0.18281 gtex__cortex__M008
gtex__cortex__M009                      SET      71      0.13488     0.008467      0.10781      0.10545 gtex__cortex__M009
gtex__cortex__M010                      SET      99    -0.017097   -0.0012663     0.095778      0.57084 gtex__cortex__M010
gtex__cortex__M011                      SET      35      0.18628    0.0082182      0.14464     0.098902 gtex__cortex__M011
gtex__frontal_cortex_ba9__M0...1        SET    1157    -0.016141    -0.003964      0.02622      0.73091 gtex__frontal_cortex_ba9__M000
gtex__frontal_cortex_ba9__M0...2        SET    1196     0.039619     0.009881      0.02784     0.077359 gtex__frontal_cortex_ba9__M001
gtex__frontal_cortex_ba9__M0...3        SET    1134    0.0099765    0.0024273     0.026783      0.35477 gtex__frontal_cortex_ba9__M002
gtex__frontal_cortex_ba9__M0...4        SET    1093    -0.030962   -0.0074046     0.028297      0.86306 gtex__frontal_cortex_ba9__M003
gtex__frontal_cortex_ba9__M0...5        SET     824    -0.053897    -0.011281     0.031819      0.95484 gtex__frontal_cortex_ba9__M004
gtex__frontal_cortex_ba9__M0...6        SET     668     0.029944    0.0056685     0.034559      0.19313 gtex__frontal_cortex_ba9__M005
gtex__frontal_cortex_ba9__M0...7        SET     459   -0.0019714  -0.00031121     0.043781      0.51796 gtex__frontal_cortex_ba9__M006
gtex__frontal_cortex_ba9__M0...8        SET     513   -0.0027118  -0.00045187     0.036281      0.52979 gtex__frontal_cortex_ba9__M007
gtex__frontal_cortex_ba9__M0...9        SET     428      0.03279    0.0050029     0.049434      0.25357 gtex__frontal_cortex_ba9__M008
gtex__frontal_cortex_ba9__M0...10       SET     466    -0.020937   -0.0033296     0.041893      0.69138 gtex__frontal_cortex_ba9__M009
gtex__frontal_cortex_ba9__M0...11       SET      82     0.099518    0.0067115     0.092692       0.1415 gtex__frontal_cortex_ba9__M010
gtex__hippocampus__M000                 SET    1336    0.0027857   0.00073122     0.026249      0.45774 gtex__hippocampus__M000
gtex__hippocampus__M001                 SET    1415   -0.0017386  -0.00046854     0.025109       0.5276 gtex__hippocampus__M001
gtex__hippocampus__M002                 SET     773     -0.02807   -0.0056987     0.032294      0.80763 gtex__hippocampus__M002
gtex__hippocampus__M003                 SET     816    -0.020099   -0.0041872     0.031447      0.73863 gtex__hippocampus__M003
gtex__hippocampus__M004                 SET     397    -0.015442   -0.0022711     0.041956      0.64358 gtex__hippocampus__M004
gtex__hippocampus__M005                 SET     356    0.0058702   0.00081853     0.046414      0.44968 gtex__hippocampus__M005
gtex__hippocampus__M006                 SET     332    -0.036431   -0.0049089     0.051283      0.76126 gtex__hippocampus__M006
gtex__hippocampus__M007                 SET     278    0.0085848    0.0010601     0.051188      0.43341 gtex__hippocampus__M007
gtex__hippocampus__M008                 SET     230     0.095294     0.010719     0.058023     0.050269 gtex__hippocampus__M008
gtex__hippocampus__M009                 SET     167     0.057467    0.0055176     0.072452      0.21384 gtex__hippocampus__M009
gtex__hippocampus__M010                 SET     131    -0.067495   -0.0057454     0.074679      0.81695 gtex__hippocampus__M010
gtex__hippocampus__M011                 SET      92     -0.11087   -0.0079178     0.089725       0.8917 gtex__hippocampus__M011
gtex__hippocampus__M012                 SET     102     0.059727    0.0044899     0.089114      0.25136 gtex__hippocampus__M012
gtex__hippocampus__M013                 SET      70     -0.03141   -0.0019578      0.10172      0.62125 gtex__hippocampus__M013
gtex__hippocampus__M014                 SET      70     -0.17561    -0.010946     0.091227      0.97287 gtex__hippocampus__M014
gtex__hippocampus__M015                 SET      36   -0.0027137  -0.00012142      0.14592      0.50742 gtex__hippocampus__M015
gtex__hippocampus__M016                 SET      28      0.22742    0.0089759      0.16857      0.08866 gtex__hippocampus__M016
gtex__hippocampus__M017                 SET      34      -0.0223   -0.0009697       0.1579      0.55615 gtex__hippocampus__M017
gtex__hypothalamus__M000                SET    2022   -0.0061869   -0.0019562     0.021301      0.61426 gtex__hypothalamus__M000
gtex__hypothalamus__M001                SET     683    -0.045858   -0.0087741     0.034287      0.90946 gtex__hypothalamus__M001
gtex__hypothalamus__M002                SET     491     0.046278    0.0075491     0.039366      0.11989 gtex__hypothalamus__M002
gtex__hypothalamus__M003                SET     371     0.027161    0.0038646     0.044805      0.27219 gtex__hypothalamus__M003
gtex__hypothalamus__M004                SET     355    -0.090091    -0.012545     0.045001      0.97735 gtex__hypothalamus__M004
gtex__hypothalamus__M005                SET     201    0.0048368   0.00050899     0.063021      0.46941 gtex__hypothalamus__M005
gtex__hypothalamus__M006                SET     227     0.012563     0.001404     0.061478      0.41904 gtex__hypothalamus__M006
gtex__hypothalamus__M007                SET     251    -0.018835   -0.0022118     0.058243       0.6268 gtex__hypothalamus__M007
gtex__hypothalamus__M008                SET     188    -0.012835   -0.0013068     0.069814      0.57293 gtex__hypothalamus__M008
gtex__hypothalamus__M009                SET     134      0.03372    0.0029028     0.078765      0.33429 gtex__hypothalamus__M009
gtex__hypothalamus__M010                SET     101     -0.15237    -0.011398     0.084992      0.96349 gtex__hypothalamus__M010
gtex__hypothalamus__M011                SET      89     0.047603    0.0033439     0.087851      0.29396 gtex__hypothalamus__M011
gtex__hypothalamus__M012                SET      80      0.10281    0.0068486     0.092953      0.13437 gtex__hypothalamus__M012
gtex__hypothalamus__M013                SET      68      0.12694    0.0077987      0.10728      0.11837 gtex__hypothalamus__M013
gtex__hypothalamus__M014                SET      65      0.04891    0.0029381      0.10791      0.32519 gtex__hypothalamus__M014
gtex__hypothalamus__M015                SET      70    -0.097572   -0.0060818     0.092964      0.85304 gtex__hypothalamus__M015
gtex__hypothalamus__M016                SET      58    -0.033634    -0.001909       0.1094      0.62075 gtex__hypothalamus__M016
gtex__hypothalamus__M017                SET      56     0.018888    0.0010534      0.12341      0.43918 gtex__hypothalamus__M017
gtex__hypothalamus__M018                SET      38     0.073739    0.0033895      0.13095      0.28668 gtex__hypothalamus__M018
gtex__hypothalamus__M019                SET      27     0.083277    0.0032276      0.16021       0.3016 gtex__hypothalamus__M019
gtex__hypothalamus__M020                SET      26  -0.00016219  -6.1689e-06      0.14823      0.50044 gtex__hypothalamus__M020
gtex__hypothalamus__M021                SET      24     0.029938    0.0010941      0.16363      0.42742 gtex__hypothalamus__M021
gtex__hypothalamus__M022                SET      24     0.028187    0.0010301      0.20286      0.44475 gtex__hypothalamus__M022
gtex__hypothalamus__M024                SET      20      0.26686    0.0089035      0.18137     0.070611 gtex__hypothalamus__M024
gtex__nucleus_accumbens_basa...1        SET    2610    0.0090136    0.0031776     0.019137      0.31882 gtex__nucleus_accumbens_basal_ganglia__M000
gtex__nucleus_accumbens_basa...2        SET     770     -0.06204    -0.012572     0.031398      0.97591 gtex__nucleus_accumbens_basal_ganglia__M001
gtex__nucleus_accumbens_basa...3        SET     802    0.0040641   0.00083972     0.031762      0.44909 gtex__nucleus_accumbens_basal_ganglia__M002
gtex__nucleus_accumbens_basa...4        SET     391     0.057827    0.0084418     0.043191     0.090315 gtex__nucleus_accumbens_basal_ganglia__M003
gtex__nucleus_accumbens_basa...5        SET     279    -0.013367   -0.0016537     0.053515      0.59862 gtex__nucleus_accumbens_basal_ganglia__M004
gtex__nucleus_accumbens_basa...6        SET     227    -0.043988   -0.0049158     0.060156      0.76768 gtex__nucleus_accumbens_basal_ganglia__M005
gtex__nucleus_accumbens_basa...7        SET     185     0.026036    0.0026297     0.065428      0.34534 gtex__nucleus_accumbens_basal_ganglia__M006
gtex__nucleus_accumbens_basa...8        SET     178    -0.027509    -0.002726     0.062327      0.67052 gtex__nucleus_accumbens_basal_ganglia__M007
gtex__nucleus_accumbens_basa...9        SET     169     0.076315    0.0073706     0.073906       0.1509 gtex__nucleus_accumbens_basal_ganglia__M008
gtex__nucleus_accumbens_basa...10       SET     159     0.022737    0.0021306     0.068421      0.36983 gtex__nucleus_accumbens_basal_ganglia__M009
gtex__nucleus_accumbens_basa...11       SET     131    -0.031599   -0.0026898     0.077095      0.65905 gtex__nucleus_accumbens_basal_ganglia__M010
gtex__nucleus_accumbens_basa...12       SET      92     0.053343    0.0038094     0.085721      0.26688 gtex__nucleus_accumbens_basal_ganglia__M011
gtex__nucleus_accumbens_basa...13       SET      80     0.036368    0.0024227      0.10417       0.3635 gtex__nucleus_accumbens_basal_ganglia__M012
gtex__nucleus_accumbens_basa...14       SET      68    -0.034844   -0.0021407      0.10753      0.62704 gtex__nucleus_accumbens_basal_ganglia__M013
gtex__nucleus_accumbens_basa...15       SET      58    0.0071138   0.00040376       0.1167       0.4757 gtex__nucleus_accumbens_basal_ganglia__M014
gtex__nucleus_accumbens_basa...16       SET      23      -0.2114   -0.0075631      0.17546      0.88586 gtex__nucleus_accumbens_basal_ganglia__M015
gtex__nucleus_accumbens_basa...17       SET      19    -0.083371   -0.0027112      0.20367      0.65885 gtex__nucleus_accumbens_basal_ganglia__M016
gtex__nucleus_accumbens_basa...18       SET      18   -0.0092241  -0.00029198      0.19419      0.51894 gtex__nucleus_accumbens_basal_ganglia__M017
gtex__putamen_basal_ganglia_...1        SET    1179    -0.024962   -0.0061842     0.027482      0.81814 gtex__putamen_basal_ganglia__M000
gtex__putamen_basal_ganglia_...2        SET    1384     0.048457     0.012927     0.025492     0.028667 gtex__putamen_basal_ganglia__M001
gtex__putamen_basal_ganglia_...3        SET     887    -0.016698   -0.0036193     0.029808      0.71232 gtex__putamen_basal_ganglia__M002
gtex__putamen_basal_ganglia_...4        SET     729    -0.022339   -0.0044099     0.031495      0.76092 gtex__putamen_basal_ganglia__M003
gtex__putamen_basal_ganglia_...5        SET     524     -0.01273   -0.0021431     0.041132      0.62152 gtex__putamen_basal_ganglia__M004
gtex__putamen_basal_ganglia_...6        SET     460    -0.015595   -0.0024645     0.040906      0.64848 gtex__putamen_basal_ganglia__M005
gtex__putamen_basal_ganglia_...7        SET     441   -0.0076233   -0.0011802     0.041952       0.5721 gtex__putamen_basal_ganglia__M006
gtex__putamen_basal_ganglia_...8        SET     427     -0.03188   -0.0048586     0.041067      0.78121 gtex__putamen_basal_ganglia__M007
gtex__putamen_basal_ganglia_...9        SET     346    -0.049773   -0.0068439     0.045499        0.863 gtex__putamen_basal_ganglia__M008
gtex__putamen_basal_ganglia_...10       SET     161    -0.048308   -0.0045549     0.068307      0.76028 gtex__putamen_basal_ganglia__M009
gtex__putamen_basal_ganglia_...11       SET      97     -0.17259    -0.012654     0.088747      0.97409 gtex__putamen_basal_ganglia__M010
gtex__putamen_basal_ganglia_...12       SET     106      0.12312    0.0094341     0.085932     0.075973 gtex__putamen_basal_ganglia__M011
gtex__putamen_basal_ganglia_...13       SET      44     0.092089    0.0045541      0.13585      0.24893 gtex__putamen_basal_ganglia__M012
gtex__putamen_basal_ganglia_...14       SET      38    -0.020341  -0.00093501      0.12103      0.56673 gtex__putamen_basal_ganglia__M013
gtex__putamen_basal_ganglia_...15       SET      34      0.19535    0.0084944       0.1544      0.10291 gtex__putamen_basal_ganglia__M014
gtex__putamen_basal_ganglia_...16       SET      34     0.066117    0.0028751      0.14234      0.32114 gtex__putamen_basal_ganglia__M015
gtex__putamen_basal_ganglia_...17       SET      33     0.078402    0.0033588      0.14228      0.29081 gtex__putamen_basal_ganglia__M016
gtex__putamen_basal_ganglia_...18       SET      21     -0.22787   -0.0077901      0.22398       0.8455 gtex__putamen_basal_ganglia__M017
gtex__spinal_cord_cervical_c...1        SET    1295     0.047868     0.012386     0.025939     0.032499 gtex__spinal_cord_cervical_c_1__M000
gtex__spinal_cord_cervical_c...2        SET     734    -0.066865    -0.013243     0.032743      0.97942 gtex__spinal_cord_cervical_c_1__M001
gtex__spinal_cord_cervical_c...3        SET     592     -0.01964   -0.0035078     0.040008      0.68825 gtex__spinal_cord_cervical_c_1__M002
gtex__spinal_cord_cervical_c...4        SET     334     0.044296    0.0059864     0.052682      0.20023 gtex__spinal_cord_cervical_c_1__M003
gtex__spinal_cord_cervical_c...5        SET     410    -0.047006   -0.0070231     0.044714      0.85342 gtex__spinal_cord_cervical_c_1__M004
gtex__spinal_cord_cervical_c...6        SET     278    -0.037214   -0.0045956     0.055797       0.7476 gtex__spinal_cord_cervical_c_1__M005
gtex__spinal_cord_cervical_c...7        SET     223     -0.12465    -0.013808     0.058802      0.98298 gtex__spinal_cord_cervical_c_1__M006
gtex__spinal_cord_cervical_c...8        SET     249     -0.10278    -0.012022     0.051894      0.97617 gtex__spinal_cord_cervical_c_1__M007
gtex__spinal_cord_cervical_c...9        SET     169      0.15401     0.014874     0.063949    0.0080188 gtex__spinal_cord_cervical_c_1__M008
gtex__spinal_cord_cervical_c...10       SET     144      0.06958    0.0062075     0.069688      0.15904 gtex__spinal_cord_cervical_c_1__M009
gtex__spinal_cord_cervical_c...11       SET      93     0.028439    0.0020419     0.095092      0.38245 gtex__spinal_cord_cervical_c_1__M010
gtex__spinal_cord_cervical_c...12       SET     105    -0.052995   -0.0040416     0.095333      0.71085 gtex__spinal_cord_cervical_c_1__M011
gtex__spinal_cord_cervical_c...13       SET      92     0.011917   0.00085106     0.089869      0.44725 gtex__spinal_cord_cervical_c_1__M012
gtex__spinal_cord_cervical_c...14       SET      48    -0.061913   -0.0031976      0.12037       0.6965 gtex__spinal_cord_cervical_c_1__M013
gtex__spinal_cord_cervical_c...15       SET      32       0.1016    0.0042865      0.16644      0.27078 gtex__spinal_cord_cervical_c_1__M014
gtex__spinal_cord_cervical_c...16       SET      25      0.15992    0.0059643      0.14353      0.13261 gtex__spinal_cord_cervical_c_1__M015
gtex__spinal_cord_cervical_c...17       SET      22      0.30192     0.010564      0.17343      0.04086 gtex__spinal_cord_cervical_c_1__M016
gtex__spinal_cord_cervical_c...18       SET      22     -0.19304   -0.0067547      0.20592      0.82574 gtex__spinal_cord_cervical_c_1__M017
gtex__spinal_cord_cervical_c...19       SET      18     -0.29964   -0.0094847      0.19922      0.93371 gtex__spinal_cord_cervical_c_1__M018
gtex__substantia_nigra__M000            SET    1023     0.019124    0.0044337     0.029411      0.25778 gtex__substantia_nigra__M000
gtex__substantia_nigra__M001            SET     858    -0.041412   -0.0088355     0.029752      0.91801 gtex__substantia_nigra__M001
gtex__substantia_nigra__M002            SET     973    0.0073624    0.0016672     0.028593       0.3984 gtex__substantia_nigra__M002
gtex__substantia_nigra__M003            SET     545    -0.025831   -0.0044326     0.040875      0.73629 gtex__substantia_nigra__M003
gtex__substantia_nigra__M004            SET     566   -0.0049349  -0.00086244     0.038369      0.55117 gtex__substantia_nigra__M004
gtex__substantia_nigra__M005            SET     427     0.044796     0.006827     0.045145      0.16054 gtex__substantia_nigra__M005
gtex__substantia_nigra__M006            SET     175    0.0092899   0.00091287     0.071992      0.44866 gtex__substantia_nigra__M006
gtex__substantia_nigra__M007            SET     102    -0.039613   -0.0029779     0.092341      0.66603 gtex__substantia_nigra__M007
gtex__substantia_nigra__M008            SET      46     -0.17005   -0.0085981      0.11721      0.92658 gtex__substantia_nigra__M008
gtex__substantia_nigra__M009            SET      39     -0.01163  -0.00054155      0.15257      0.53038 gtex__substantia_nigra__M009
brainseq__caudate__M000                 SET    1020     0.025004    0.0057891     0.028153      0.18724 brainseq__caudate__M000
brainseq__caudate__M001                 SET    1328     0.023153    0.0060606     0.026072      0.18727 brainseq__caudate__M001
brainseq__caudate__M002                 SET     917    -0.022042   -0.0048534     0.031327      0.75915 brainseq__caudate__M002
brainseq__caudate__M003                 SET     814    -0.038456   -0.0080021     0.030504      0.89628 brainseq__caudate__M003
brainseq__caudate__M004                 SET     577     0.027104    0.0047811     0.037769       0.2365 brainseq__caudate__M004
brainseq__caudate__M005                 SET     126   -0.0040118  -0.00033497      0.08078       0.5198 brainseq__caudate__M005
brainseq__caudate__M006                 SET     367      0.04396    0.0062217     0.045784      0.16849 brainseq__caudate__M006
brainseq__caudate__M007                 SET     195      0.11872     0.012308     0.060709     0.025262 brainseq__caudate__M007
brainseq__caudate__M008                 SET      54    -0.065378   -0.0035808      0.11831      0.70973 brainseq__caudate__M008
brainseq__caudate__M009                 SET      49      0.15384    0.0080273      0.11839     0.096917 brainseq__caudate__M009
brainseq__hippocampus__M000             SET     503     0.008116    0.0013395     0.041581      0.42262 brainseq__hippocampus__M000
brainseq__hippocampus__M001             SET     489    -0.018579   -0.0030246     0.039028      0.68297 brainseq__hippocampus__M001
brainseq__hippocampus__M002             SET     466    0.0059577   0.00094747     0.043186      0.44514 brainseq__hippocampus__M002
brainseq__hippocampus__M003             SET     468      0.10017     0.015964     0.042794    0.0096278 brainseq__hippocampus__M003
brainseq__hippocampus__M004             SET     366    -0.015033   -0.0021248     0.048055      0.62279 brainseq__hippocampus__M004
brainseq__hippocampus__M005             SET     360     0.012268      0.00172     0.047138      0.39733 brainseq__hippocampus__M005
brainseq__hippocampus__M006             SET     345    -0.015282   -0.0020984     0.048725       0.6231 brainseq__hippocampus__M006
brainseq__hippocampus__M007             SET     306     0.078031     0.010102     0.053286     0.071554 brainseq__hippocampus__M007
brainseq__hippocampus__M008             SET     300    0.0046028    0.0005901     0.051396      0.46432 brainseq__hippocampus__M008
brainseq__hippocampus__M009             SET      47      -0.1797   -0.0091839      0.12444      0.92564 brainseq__hippocampus__M009
brainseq__hippocampus__M010             SET      47    -0.049447   -0.0025271        0.128      0.65036 brainseq__hippocampus__M010
brainseq__hippocampus__M011             SET      23     -0.13473   -0.0048202      0.17585      0.77821 brainseq__hippocampus__M011
brainseq__hippocampus__M012             SET      18     0.042145     0.001334      0.18843      0.41151 brainseq__hippocampus__M012
brainseq__dlpfc__M000                   SET     541    -0.016044   -0.0027433     0.038958      0.65977 brainseq__dlpfc__M000
brainseq__dlpfc__M001                   SET     500       0.0293    0.0048219     0.038585      0.22383 brainseq__dlpfc__M001
brainseq__dlpfc__M002                   SET     437     0.076235      0.01175     0.042251     0.035599 brainseq__dlpfc__M002
brainseq__dlpfc__M003                   SET     443    -0.046433   -0.0072046     0.045437      0.84659 brainseq__dlpfc__M003
brainseq__dlpfc__M004                   SET     403    -0.013381   -0.0019825     0.046708      0.61274 brainseq__dlpfc__M004
brainseq__dlpfc__M005                   SET     410      -0.1149    -0.017167     0.044528      0.99506 brainseq__dlpfc__M005
brainseq__dlpfc__M006                   SET     396     0.033483    0.0049185     0.044798      0.22741 brainseq__dlpfc__M006
brainseq__dlpfc__M007                   SET     353     0.047982    0.0066628     0.046927      0.15328 brainseq__dlpfc__M007
brainseq__dlpfc__M008                   SET     350     0.065421    0.0090465     0.045238     0.074077 brainseq__dlpfc__M008
brainseq__dlpfc__M009                   SET     187    -0.029982   -0.0030445     0.064191      0.67978 brainseq__dlpfc__M009
brainseq__dlpfc__M010                   SET     140     0.038082    0.0033504     0.074881      0.30553 brainseq__dlpfc__M010
brainseq__dlpfc__M011                   SET      47     0.074425    0.0038036      0.13882      0.29594 brainseq__dlpfc__M011
brainseq__caudate_sczd__M000            SET     411     0.085138     0.012735     0.044732      0.02851 brainseq__caudate_sczd__M000
brainseq__caudate_sczd__M001            SET     530    -0.043614   -0.0073834     0.040023      0.86207 brainseq__caudate_sczd__M001
brainseq__caudate_sczd__M002            SET     406     0.029202    0.0043422     0.043397      0.25051 brainseq__caudate_sczd__M002
brainseq__caudate_sczd__M003            SET     330    -0.064271   -0.0086347     0.052709      0.88864 brainseq__caudate_sczd__M003
brainseq__caudate_sczd__M004            SET     326     0.048694    0.0065029     0.049623      0.16324 brainseq__caudate_sczd__M004
brainseq__caudate_sczd__M005            SET     282      0.12361     0.015373     0.056536       0.0144 brainseq__caudate_sczd__M005
brainseq__caudate_sczd__M006            SET     184     0.013755    0.0013856     0.068911       0.4209 brainseq__caudate_sczd__M006
brainseq__caudate_sczd__M007            SET     146    -0.026641   -0.0023931     0.072051      0.64421 brainseq__caudate_sczd__M007
brainseq__caudate_sczd__M008            SET     112    -0.057992   -0.0045669     0.084225      0.75444 brainseq__caudate_sczd__M008
brainseq__caudate_sczd__M009            SET      86     0.091207    0.0062985     0.085066      0.14183 brainseq__caudate_sczd__M009
brainseq__caudate_sczd__M010            SET      66    0.0090275   0.00054644      0.11951      0.46989 brainseq__caudate_sczd__M010
brainseq__caudate_sczd__M011            SET      61     0.062795    0.0036547      0.10424      0.27345 brainseq__caudate_sczd__M011
brainseq__caudate_sczd__M012            SET      43      0.15635     0.007644      0.12284      0.10156 brainseq__caudate_sczd__M012
brainseq__caudate_sczd__M013            SET      31      0.36728     0.015251      0.17293     0.016847 brainseq__caudate_sczd__M013
brainseq__caudate_sczd__M014            SET      40      0.14714    0.0069389      0.12807       0.1253 brainseq__caudate_sczd__M014
brainseq__caudate_sczd__M015            SET      22      0.15444    0.0054039      0.18189      0.19793 brainseq__caudate_sczd__M015
brainseq__caudate_sczd__M016            SET       5      0.23761    0.0039654      0.38423      0.26816 brainseq__caudate_sczd__M016
brainseq__caudate_sczd__M018            SET      22      0.25424    0.0088961      0.19851      0.10015 brainseq__caudate_sczd__M018
