# MEAN_SAMPLE_SIZE = 29633
# TOTAL_GENES = 17948
# TEST_DIRECTION = one-sided, positive (set), two-sided (covar)
# CONDITIONED_INTERNAL = gene size, gene density, inverse mac, log(gene size), log(gene density), log(inverse mac)
VARIABLE                               TYPE  NGENES         BETA     BETA_STD           SE            P FULL_NAME
gtex__amygdala__M000                    SET    1118    -0.022029   -0.0053243     0.027656      0.78714 gtex__amygdala__M000
gtex__amygdala__M001                    SET     911     0.019935    0.0043758     0.031055      0.26047 gtex__amygdala__M001
gtex__amygdala__M002                    SET     394     0.032683     0.004789     0.042135      0.21898 gtex__amygdala__M002
gtex__amygdala__M003                    SET     368    -0.059539   -0.0084379     0.043868      0.91264 gtex__amygdala__M003
gtex__amygdala__M004                    SET     396   0.00041405   6.0822e-05     0.046787      0.49647 gtex__amygdala__M004
gtex__amygdala__M005                    SET     143    -0.036539   -0.0032485     0.075268      0.68632 gtex__amygdala__M005
gtex__amygdala__M006                    SET     130    -0.074095   -0.0062833     0.081948      0.81704 gtex__amygdala__M006
gtex__amygdala__M007                    SET     125     0.094828    0.0078864     0.071568     0.092593 gtex__amygdala__M007
gtex__amygdala__M008                    SET      96     -0.10798   -0.0078763     0.095501      0.87089 gtex__amygdala__M008
gtex__amygdala__M009                    SET      65      0.17086     0.010264      0.10036     0.044339 gtex__amygdala__M009
gtex__amygdala__M010                    SET      55     0.072412    0.0040025      0.13157      0.29104 gtex__amygdala__M010
gtex__amygdala__M011                    SET      65    -0.037355    -0.002244      0.11823      0.62398 gtex__amygdala__M011
gtex__amygdala__M012                    SET      43    -0.040517   -0.0019809      0.11474        0.638 gtex__amygdala__M012
gtex__amygdala__M013                    SET      42      0.24207     0.011697      0.12907      0.03037 gtex__amygdala__M013
gtex__amygdala__M014                    SET      35      -0.1775   -0.0078308      0.14487      0.88974 gtex__amygdala__M014
gtex__amygdala__M015                    SET      33      0.04431    0.0018983       0.1475      0.38194 gtex__amygdala__M015
gtex__amygdala__M016                    SET      30     0.083117    0.0033954      0.15344      0.29402 gtex__amygdala__M016
gtex__amygdala__M017                    SET      23     0.063958    0.0022882      0.18663      0.36592 gtex__amygdala__M017
gtex__amygdala__M018                    SET      22     0.064303      0.00225       0.2058      0.37735 gtex__amygdala__M018
gtex__amygdala__M019                    SET      19      0.10936    0.0035564        0.242      0.32567 gtex__amygdala__M019
gtex__amygdala__M020                    SET      19   -0.0019306  -6.2783e-05      0.18767       0.5041 gtex__amygdala__M020
gtex__amygdala__M021                    SET      18     -0.10484   -0.0033186      0.20245      0.69773 gtex__amygdala__M021
gtex__amygdala__M022                    SET      17        0.249    0.0076597      0.24456      0.15432 gtex__amygdala__M022
gtex__amygdala__M023                    SET      17     -0.24505   -0.0075382      0.23909      0.84729 gtex__amygdala__M023
gtex__anterior_cingulate_cor...1        SET    2211     0.013478    0.0044296     0.020444      0.25487 gtex__anterior_cingulate_cortex_ba24__M000
gtex__anterior_cingulate_cor...2        SET     986     0.025664    0.0058479     0.029127      0.18913 gtex__anterior_cingulate_cortex_ba24__M001
gtex__anterior_cingulate_cor...3        SET     333     0.013744    0.0018546     0.051918      0.39562 gtex__anterior_cingulate_cortex_ba24__M002
gtex__anterior_cingulate_cor...4        SET     225   -0.0021365  -0.00023772       0.0543      0.51569 gtex__anterior_cingulate_cortex_ba24__M003
gtex__anterior_cingulate_cor...5        SET     224     0.016185    0.0017968     0.056367      0.38701 gtex__anterior_cingulate_cortex_ba24__M004
gtex__anterior_cingulate_cor...6        SET     233     0.048196    0.0054557     0.060267      0.21195 gtex__anterior_cingulate_cortex_ba24__M005
gtex__anterior_cingulate_cor...7        SET     170     0.099722    0.0096595     0.070467     0.078519 gtex__anterior_cingulate_cortex_ba24__M006
gtex__anterior_cingulate_cor...8        SET     111     0.083117    0.0065164      0.08325      0.15905 gtex__anterior_cingulate_cortex_ba24__M007
gtex__anterior_cingulate_cor...9        SET     108     -0.12106   -0.0093627     0.090134      0.91037 gtex__anterior_cingulate_cortex_ba24__M008
gtex__anterior_cingulate_cor...10       SET      52     -0.11702   -0.0062899      0.12944      0.81701 gtex__anterior_cingulate_cortex_ba24__M009
gtex__anterior_cingulate_cor...11       SET      58    -0.074978   -0.0042555      0.11692      0.73933 gtex__anterior_cingulate_cortex_ba24__M010
gtex__anterior_cingulate_cor...12       SET      62    -0.047725   -0.0028003      0.10136      0.68113 gtex__anterior_cingulate_cortex_ba24__M011
gtex__anterior_cingulate_cor...13       SET      53      0.24473      0.01328      0.11275     0.014992 gtex__anterior_cingulate_cortex_ba24__M012
gtex__anterior_cingulate_cor...14       SET      37     0.081112    0.0036791      0.15777      0.30359 gtex__anterior_cingulate_cortex_ba24__M013
gtex__anterior_cingulate_cor...15       SET      43     0.057071    0.0027902      0.13701      0.33851 gtex__anterior_cingulate_cortex_ba24__M014
gtex__anterior_cingulate_cor...16       SET      39    -0.047895   -0.0022303      0.13563        0.638 gtex__anterior_cingulate_cortex_ba24__M015
gtex__anterior_cingulate_cor...17       SET      31    -0.069915   -0.0029032      0.15072      0.67863 gtex__anterior_cingulate_cortex_ba24__M016
gtex__anterior_cingulate_cor...18       SET      27     -0.24942   -0.0096668      0.17231       0.9261 gtex__anterior_cingulate_cortex_ba24__M017
gtex__anterior_cingulate_cor...19       SET      24     -0.12002   -0.0043862      0.18119      0.74614 gtex__anterior_cingulate_cortex_ba24__M018
gtex__anterior_cingulate_cor...20       SET      16    -0.057492   -0.0017159      0.24479      0.59284 gtex__anterior_cingulate_cortex_ba24__M019
gtex__anterior_cingulate_cor...21       SET      15      0.08174    0.0023621      0.25846       0.3759 gtex__anterior_cingulate_cortex_ba24__M020
gtex__caudate_basal_ganglia_...1        SET    1516   -0.0038122   -0.0010601     0.024499      0.56183 gtex__caudate_basal_ganglia__M000
gtex__caudate_basal_ganglia_...2        SET     986     0.001225   0.00027914     0.029702      0.48355 gtex__caudate_basal_ganglia__M001
gtex__caudate_basal_ganglia_...3        SET     367    0.0031467   0.00044536       0.0441      0.47156 gtex__caudate_basal_ganglia__M002
gtex__caudate_basal_ganglia_...4        SET     355    -0.013538    -0.001885       0.0499      0.60692 gtex__caudate_basal_ganglia__M003
gtex__caudate_basal_ganglia_...5        SET     261    -0.057871    -0.006928      0.05159      0.86901 gtex__caudate_basal_ganglia__M004
gtex__caudate_basal_ganglia_...6        SET     220    -0.027215   -0.0029946     0.062728       0.6678 gtex__caudate_basal_ganglia__M005
gtex__caudate_basal_ganglia_...7        SET     184    -0.033834   -0.0034083     0.067845        0.691 gtex__caudate_basal_ganglia__M006
gtex__caudate_basal_ganglia_...8        SET     109    0.0015808   0.00012282     0.089467      0.49295 gtex__caudate_basal_ganglia__M007
gtex__caudate_basal_ganglia_...9        SET     111    -0.081203   -0.0063663     0.081785      0.83961 gtex__caudate_basal_ganglia__M008
gtex__caudate_basal_ganglia_...10       SET      76      0.17426     0.011316      0.10263     0.044774 gtex__caudate_basal_ganglia__M009
gtex__caudate_basal_ganglia_...11       SET      67     0.062545    0.0038144     0.098184      0.26206 gtex__caudate_basal_ganglia__M010
gtex__caudate_basal_ganglia_...12       SET      59     0.035318    0.0020217      0.11385       0.3782 gtex__caudate_basal_ganglia__M011
gtex__caudate_basal_ganglia_...13       SET      51     0.052557    0.0027977      0.11664      0.32615 gtex__caudate_basal_ganglia__M012
gtex__caudate_basal_ganglia_...14       SET      30    -0.034646   -0.0014153      0.14792      0.59259 gtex__caudate_basal_ganglia__M013
gtex__caudate_basal_ganglia_...15       SET      39     -0.22302    -0.010385      0.14827      0.93372 gtex__caudate_basal_ganglia__M014
gtex__caudate_basal_ganglia_...16       SET      27      0.26461     0.010256      0.16894     0.058653 gtex__caudate_basal_ganglia__M015
gtex__caudate_basal_ganglia_...17       SET      27     0.057031    0.0022104       0.1567      0.35795 gtex__caudate_basal_ganglia__M016
gtex__caudate_basal_ganglia_...18       SET      27      0.11583    0.0044892      0.16843      0.24582 gtex__caudate_basal_ganglia__M017
gtex__caudate_basal_ganglia_...19       SET      18   -0.0092461  -0.00029267      0.22323      0.51652 gtex__caudate_basal_ganglia__M018
gtex__caudate_basal_ganglia_...20       SET      20     -0.14308   -0.0047736      0.21539      0.74674 gtex__caudate_basal_ganglia__M019
gtex__caudate_basal_ganglia_...21       SET      16     0.057472    0.0017153      0.21499      0.39461 gtex__caudate_basal_ganglia__M020
gtex__cerebellar_hemisphere_...1        SET    1498     0.021227    0.0058712     0.024002      0.18824 gtex__cerebellar_hemisphere__M000
gtex__cerebellar_hemisphere_...2        SET     707     0.050058    0.0097379     0.032861     0.063848 gtex__cerebellar_hemisphere__M001
gtex__cerebellar_hemisphere_...3        SET     553    -0.039049   -0.0067481     0.036272      0.85916 gtex__cerebellar_hemisphere__M002
gtex__cerebellar_hemisphere_...4        SET     438     0.063778    0.0098412     0.039792       0.0545 gtex__cerebellar_hemisphere__M003
gtex__cerebellar_hemisphere_...5        SET     356      0.07113    0.0099181     0.046756     0.064102 gtex__cerebellar_hemisphere__M004
gtex__cerebellar_hemisphere_...6        SET     287      0.03921    0.0049186     0.054518      0.23601 gtex__cerebellar_hemisphere__M005
gtex__cerebellar_hemisphere_...7        SET     217     0.034156     0.003733      0.05656      0.27296 gtex__cerebellar_hemisphere__M006
gtex__cerebellar_hemisphere_...8        SET     147     0.086694    0.0078139     0.081971      0.14512 gtex__cerebellar_hemisphere__M007
gtex__cerebellar_hemisphere_...9        SET     100    -0.084041   -0.0062558     0.087089      0.83272 gtex__cerebellar_hemisphere__M008
gtex__cerebellar_hemisphere_...10       SET      87     0.037289      0.00259      0.10049       0.3553 gtex__cerebellar_hemisphere__M009
gtex__cerebellar_hemisphere_...11       SET      88     0.054928    0.0038368     0.084015      0.25663 gtex__cerebellar_hemisphere__M010
gtex__cerebellar_hemisphere_...12       SET      86    -0.094608   -0.0065334      0.10563      0.81477 gtex__cerebellar_hemisphere__M011
gtex__cerebellar_hemisphere_...13       SET      53    -0.058297   -0.0031633      0.10968      0.70247 gtex__cerebellar_hemisphere__M012
gtex__cerebellar_hemisphere_...14       SET      68    -0.096978   -0.0059581      0.10569      0.82058 gtex__cerebellar_hemisphere__M013
gtex__cerebellar_hemisphere_...15       SET      36    -0.070512   -0.0031549      0.13715      0.69641 gtex__cerebellar_hemisphere__M014
gtex__cerebellar_hemisphere_...16       SET      31    -0.061209   -0.0025417      0.15591      0.65269 gtex__cerebellar_hemisphere__M015
gtex__cerebellar_hemisphere_...17       SET      29      0.26161     0.010508      0.16074     0.051819 gtex__cerebellar_hemisphere__M016
gtex__cerebellar_hemisphere_...18       SET      26    0.0082163    0.0003125      0.15826       0.4793 gtex__cerebellar_hemisphere__M017
gtex__cerebellar_hemisphere_...19       SET      26     0.060495    0.0023009      0.17586      0.36543 gtex__cerebellar_hemisphere__M018
gtex__cerebellar_hemisphere_...20       SET      22      0.21426    0.0074969      0.22557       0.1711 gtex__cerebellar_hemisphere__M019
gtex__cerebellar_hemisphere_...21       SET      21    -0.050742   -0.0017347       0.1613      0.62346 gtex__cerebellar_hemisphere__M020
gtex__cerebellar_hemisphere_...22       SET      14     -0.22891   -0.0063909      0.24569      0.82425 gtex__cerebellar_hemisphere__M021
gtex__cerebellum__M000                  SET    1188     0.030076    0.0074775      0.02688       0.1316 gtex__cerebellum__M000
gtex__cerebellum__M001                  SET     296    -0.013087   -0.0016668     0.048188      0.60703 gtex__cerebellum__M001
gtex__cerebellum__M002                  SET     256     0.029142    0.0034556     0.051011      0.28391 gtex__cerebellum__M002
gtex__cerebellum__M003                  SET     269     0.069044    0.0083893     0.051451     0.089817 gtex__cerebellum__M003
gtex__cerebellum__M004                  SET     213     0.068393    0.0074065     0.058043      0.11934 gtex__cerebellum__M004
gtex__cerebellum__M005                  SET     203    -0.067777   -0.0071674     0.063713      0.85628 gtex__cerebellum__M005
gtex__cerebellum__M006                  SET     205    -0.019403   -0.0020618     0.068127       0.6121 gtex__cerebellum__M006
gtex__cerebellum__M007                  SET     134     -0.10521   -0.0090569     0.071141       0.9304 gtex__cerebellum__M007
gtex__cerebellum__M008                  SET     129   -0.0045183  -0.00038169     0.073766      0.52442 gtex__cerebellum__M008
gtex__cerebellum__M009                  SET     133   0.00077006   6.6045e-05     0.073239      0.49581 gtex__cerebellum__M009
gtex__cerebellum__M010                  SET     116     0.015915    0.0012754      0.07977      0.42093 gtex__cerebellum__M010
gtex__cerebellum__M011                  SET     116    -0.079077   -0.0063369     0.086867      0.81867 gtex__cerebellum__M011
gtex__cerebellum__M012                  SET      65     -0.11448   -0.0068773       0.1046      0.86311 gtex__cerebellum__M012
gtex__cerebellum__M013                  SET      69      0.23082     0.014284        0.105      0.01397 gtex__cerebellum__M013
gtex__cerebellum__M014                  SET      37     0.097167    0.0044073      0.14938       0.2577 gtex__cerebellum__M014
gtex__cerebellum__M015                  SET      40     0.033472    0.0015785      0.14458      0.40846 gtex__cerebellum__M015
gtex__cerebellum__M016                  SET      23     0.095902     0.003431       0.1753      0.29217 gtex__cerebellum__M016
gtex__cerebellum__M017                  SET      23      0.20653    0.0073887      0.19259      0.14179 gtex__cerebellum__M017
gtex__cerebellum__M018                  SET      18     -0.04478   -0.0014174      0.21234      0.58351 gtex__cerebellum__M018
gtex__cortex__M000                      SET    1525    -0.011382   -0.0031738     0.024257      0.68054 gtex__cortex__M000
gtex__cortex__M001                      SET     546     0.021293     0.003657     0.038387      0.28955 gtex__cortex__M001
gtex__cortex__M002                      SET     244     0.037481    0.0043404     0.059243      0.26348 gtex__cortex__M002
gtex__cortex__M003                      SET     218    -0.044768    -0.004904     0.060536       0.7702 gtex__cortex__M003
gtex__cortex__M004                      SET     153      0.15209     0.013983     0.070929     0.016015 gtex__cortex__M004
gtex__cortex__M005                      SET     128    -0.067699   -0.0056969     0.072365      0.82523 gtex__cortex__M005
gtex__cortex__M006                      SET     121    -0.061793   -0.0050567     0.077659      0.78689 gtex__cortex__M006
gtex__cortex__M007                      SET     111      0.14311      0.01122     0.077721     0.032799 gtex__cortex__M007
gtex__cortex__M008                      SET      96     0.022993    0.0016771     0.093486      0.40286 gtex__cortex__M008
gtex__cortex__M009                      SET      82    -0.031757   -0.0021417     0.096594      0.62883 gtex__cortex__M009
gtex__cortex__M010                      SET      72    -0.033577   -0.0021225     0.093376      0.64042 gtex__cortex__M010
gtex__cortex__M011                      SET      82   -0.0066602  -0.00044916      0.10995      0.52415 gtex__cortex__M011
gtex__cortex__M012                      SET      71    -0.044483   -0.0027923      0.10537      0.66354 gtex__cortex__M012
gtex__cortex__M013                      SET      77     -0.20728    -0.013548     0.099086      0.98177 gtex__cortex__M013
gtex__cortex__M014                      SET      71      0.11015    0.0069143      0.10161      0.13919 gtex__cortex__M014
gtex__cortex__M015                      SET      61      0.16004    0.0093146      0.11091     0.074514 gtex__cortex__M015
gtex__cortex__M016                      SET      50     -0.14863   -0.0078343      0.13018      0.87321 gtex__cortex__M016
gtex__cortex__M017                      SET      57      0.15533      0.00874      0.12441      0.10592 gtex__cortex__M017
gtex__cortex__M018                      SET      37      0.14859      0.00674      0.15038      0.16155 gtex__cortex__M018
gtex__cortex__M019                      SET      29     -0.13906   -0.0055854      0.14669      0.82842 gtex__cortex__M019
gtex__cortex__M020                      SET      28     0.050724     0.002002      0.17966      0.38885 gtex__cortex__M020
gtex__cortex__M021                      SET      22       0.1714    0.0059975      0.20706       0.2039 gtex__cortex__M021
gtex__cortex__M022                      SET      18     -0.12083   -0.0038248      0.20102      0.72611 gtex__cortex__M022
gtex__cortex__M023                      SET      22      0.26975    0.0094387      0.19108     0.079025 gtex__cortex__M023
gtex__cortex__M024                      SET      18      0.12928    0.0040923        0.239      0.29428 gtex__cortex__M024
gtex__frontal_cortex_ba9__M0...1        SET    2112    0.0070328    0.0022662     0.020947      0.36853 gtex__frontal_cortex_ba9__M000
gtex__frontal_cortex_ba9__M0...2        SET    1064     0.046478     0.010976      0.02871     0.052746 gtex__frontal_cortex_ba9__M001
gtex__frontal_cortex_ba9__M0...3        SET     516     0.047348    0.0079121     0.041756      0.12842 gtex__frontal_cortex_ba9__M002
gtex__frontal_cortex_ba9__M0...4        SET     507     0.010827    0.0017938     0.040974       0.3958 gtex__frontal_cortex_ba9__M003
gtex__frontal_cortex_ba9__M0...5        SET     385    -0.061971   -0.0089787     0.043406       0.9233 gtex__frontal_cortex_ba9__M004
gtex__frontal_cortex_ba9__M0...6        SET     140      0.03156    0.0027765     0.074867      0.33668 gtex__frontal_cortex_ba9__M005
gtex__frontal_cortex_ba9__M0...7        SET     132     0.023454     0.002004      0.07471      0.37679 gtex__frontal_cortex_ba9__M006
gtex__frontal_cortex_ba9__M0...8        SET     129     0.098682    0.0083363     0.073401     0.089414 gtex__frontal_cortex_ba9__M007
gtex__frontal_cortex_ba9__M0...9        SET     106      0.10894    0.0083478     0.081497     0.090658 gtex__frontal_cortex_ba9__M008
gtex__frontal_cortex_ba9__M0...10       SET      89    -0.019743   -0.0013868     0.086504      0.59026 gtex__frontal_cortex_ba9__M009
gtex__frontal_cortex_ba9__M0...11       SET      72     -0.12262   -0.0077511      0.10265      0.88387 gtex__frontal_cortex_ba9__M010
gtex__frontal_cortex_ba9__M0...12       SET      72      0.12532    0.0079215      0.10225      0.11018 gtex__frontal_cortex_ba9__M011
gtex__frontal_cortex_ba9__M0...13       SET      62      0.11352    0.0066607      0.11611      0.16411 gtex__frontal_cortex_ba9__M012
gtex__frontal_cortex_ba9__M0...14       SET      70    -0.016994   -0.0010592      0.10463      0.56451 gtex__frontal_cortex_ba9__M013
gtex__frontal_cortex_ba9__M0...15       SET      62      -0.0809   -0.0047467      0.10647      0.77633 gtex__frontal_cortex_ba9__M014
gtex__frontal_cortex_ba9__M0...16       SET      66    -0.086636   -0.0052441      0.11744      0.76964 gtex__frontal_cortex_ba9__M015
gtex__frontal_cortex_ba9__M0...17       SET      58    -0.031471   -0.0017862      0.11889      0.60438 gtex__frontal_cortex_ba9__M016
gtex__frontal_cortex_ba9__M0...18       SET      56     0.075278    0.0041984      0.12726      0.27709 gtex__frontal_cortex_ba9__M017
gtex__frontal_cortex_ba9__M0...19       SET      54    -0.070069   -0.0038377      0.12241      0.71648 gtex__frontal_cortex_ba9__M018
gtex__frontal_cortex_ba9__M0...20       SET      29     -0.09741   -0.0039125      0.15105      0.74049 gtex__frontal_cortex_ba9__M019
gtex__frontal_cortex_ba9__M0...21       SET      23       0.2015    0.0072088      0.18101      0.13283 gtex__frontal_cortex_ba9__M020
gtex__frontal_cortex_ba9__M0...22       SET      23      0.17859    0.0063893      0.17965      0.16009 gtex__frontal_cortex_ba9__M021
gtex__frontal_cortex_ba9__M0...23       SET      18      0.13083    0.0041413      0.21948      0.27556 gtex__frontal_cortex_ba9__M022
gtex__frontal_cortex_ba9__M0...24       SET      19   -0.0050674  -0.00016479      0.20173      0.51002 gtex__frontal_cortex_ba9__M023
gtex__frontal_cortex_ba9__M0...25       SET      19     -0.21701   -0.0070572      0.21202      0.84696 gtex__frontal_cortex_ba9__M024
gtex__hippocampus__M000                 SET    1188    -0.035692   -0.0088738     0.026791       0.9086 gtex__hippocampus__M000
gtex__hippocampus__M001                 SET    1195     0.038653    0.0096362     0.026239     0.070371 gtex__hippocampus__M001
gtex__hippocampus__M002                 SET     368     0.022157      0.00314     0.048283      0.32316 gtex__hippocampus__M002
gtex__hippocampus__M003                 SET     267    0.0031065   0.00037607     0.055895      0.47784 gtex__hippocampus__M003
gtex__hippocampus__M004                 SET     215     0.021609    0.0023509     0.056256      0.35045 gtex__hippocampus__M004
gtex__hippocampus__M005                 SET     183      0.10133     0.010179     0.063265     0.054631 gtex__hippocampus__M005
gtex__hippocampus__M006                 SET     135    -0.013321   -0.0011509     0.080055      0.56607 gtex__hippocampus__M006
gtex__hippocampus__M007                 SET     125    -0.012612   -0.0010489     0.080721      0.56208 gtex__hippocampus__M007
gtex__hippocampus__M008                 SET     111    -0.022184   -0.0017392     0.086659      0.60102 gtex__hippocampus__M008
gtex__hippocampus__M009                 SET     113   -0.0053275   -0.0004214     0.084852      0.52503 gtex__hippocampus__M009
gtex__hippocampus__M010                 SET      75    -0.090335   -0.0058275      0.11109      0.79194 gtex__hippocampus__M010
gtex__hippocampus__M011                 SET      70      0.17256     0.010756       0.1117     0.061206 gtex__hippocampus__M011
gtex__hippocampus__M012                 SET      58      0.26963     0.015303       0.1118    0.0079461 gtex__hippocampus__M012
gtex__hippocampus__M013                 SET      51   -0.0069058  -0.00036761      0.12612      0.52183 gtex__hippocampus__M013
gtex__hippocampus__M014                 SET      51     0.064581    0.0034378      0.11093      0.28023 gtex__hippocampus__M014
gtex__hippocampus__M015                 SET      48    -0.068154   -0.0035199      0.11388      0.72524 gtex__hippocampus__M015
gtex__hippocampus__M016                 SET      44      0.22974     0.011362      0.14597     0.057768 gtex__hippocampus__M016
gtex__hippocampus__M017                 SET      42      0.21162     0.010225      0.12999     0.051777 gtex__hippocampus__M017
gtex__hippocampus__M018                 SET      36    -0.094338   -0.0042209      0.14804      0.73801 gtex__hippocampus__M018
gtex__hippocampus__M019                 SET      38      0.26324       0.0121      0.16274     0.052885 gtex__hippocampus__M019
gtex__hippocampus__M020                 SET      34      0.15817    0.0068777      0.13819      0.12621 gtex__hippocampus__M020
gtex__hippocampus__M021                 SET      34     0.069547    0.0030242      0.16105      0.33293 gtex__hippocampus__M021
gtex__hippocampus__M022                 SET      28     -0.18692   -0.0073773      0.17513      0.85707 gtex__hippocampus__M022
gtex__hippocampus__M023                 SET      31     0.035585    0.0014776       0.1531       0.4081 gtex__hippocampus__M023
gtex__hippocampus__M024                 SET      29      0.19759    0.0079364       0.1875      0.14599 gtex__hippocampus__M024
gtex__hippocampus__M025                 SET      25     -0.29252     -0.01091      0.18919      0.93896 gtex__hippocampus__M025
gtex__hippocampus__M026                 SET      19      0.10707     0.003482      0.18842      0.28493 gtex__hippocampus__M026
gtex__hippocampus__M027                 SET      16      0.18871     0.005632      0.21638      0.19157 gtex__hippocampus__M027
gtex__hypothalamus__M000                SET    1463     0.020496    0.0056083     0.024079      0.19734 gtex__hypothalamus__M000
gtex__hypothalamus__M001                SET     882    -0.026986   -0.0058336     0.030261      0.81373 gtex__hypothalamus__M001
gtex__hypothalamus__M002                SET     267    -0.015899   -0.0019247     0.055469       0.6128 gtex__hypothalamus__M002
gtex__hypothalamus__M003                SET     264    -0.023504   -0.0028296     0.055414      0.66427 gtex__hypothalamus__M003
gtex__hypothalamus__M004                SET     201      0.14619     0.015384     0.060188    0.0075778 gtex__hypothalamus__M004
gtex__hypothalamus__M005                SET     146      0.11131    0.0099985     0.073563     0.065138 gtex__hypothalamus__M005
gtex__hypothalamus__M006                SET     129    -0.081912   -0.0069196     0.084024      0.83518 gtex__hypothalamus__M006
gtex__hypothalamus__M007                SET     129     0.074783    0.0063174     0.074328      0.15718 gtex__hypothalamus__M007
gtex__hypothalamus__M008                SET      96      0.13199    0.0096273     0.084915     0.060061 gtex__hypothalamus__M008
gtex__hypothalamus__M009                SET      99      -0.1455    -0.010777     0.094334       0.9385 gtex__hypothalamus__M009
gtex__hypothalamus__M010                SET      77     0.036489    0.0023849      0.10367      0.36243 gtex__hypothalamus__M010
gtex__hypothalamus__M011                SET      78      0.27104      0.01783     0.092553    0.0017052 gtex__hypothalamus__M011
gtex__hypothalamus__M012                SET      72     0.018255    0.0011539     0.090698      0.42025 gtex__hypothalamus__M012
gtex__hypothalamus__M013                SET      61       0.1536    0.0089399      0.10794     0.077363 gtex__hypothalamus__M013
gtex__hypothalamus__M014                SET      55     -0.12627   -0.0069795      0.12031      0.85302 gtex__hypothalamus__M014
gtex__hypothalamus__M015                SET      39     0.028347      0.00132      0.16193      0.43052 gtex__hypothalamus__M015
gtex__hypothalamus__M016                SET      28     -0.27088    -0.010691      0.17502      0.93914 gtex__hypothalamus__M016
gtex__hypothalamus__M017                SET      32    -0.026522   -0.0011189      0.15343      0.56862 gtex__hypothalamus__M017
gtex__hypothalamus__M018                SET      32    0.0024072   0.00010155      0.14585      0.49342 gtex__hypothalamus__M018
gtex__hypothalamus__M019                SET      27     0.013152   0.00050975      0.17282      0.46967 gtex__hypothalamus__M019
gtex__hypothalamus__M020                SET      27      0.14288    0.0055376      0.16345      0.19104 gtex__hypothalamus__M020
gtex__hypothalamus__M021                SET      21     0.042226    0.0014436      0.17505      0.40469 gtex__hypothalamus__M021
gtex__hypothalamus__M022                SET      28    -0.081214   -0.0032053      0.16378         0.69 gtex__hypothalamus__M022
gtex__hypothalamus__M023                SET      24      0.24139    0.0088216      0.17388     0.082531 gtex__hypothalamus__M023
gtex__hypothalamus__M024                SET      25     -0.18178     -0.00678      0.16041      0.87143 gtex__hypothalamus__M024
gtex__hypothalamus__M025                SET      25    -0.014423  -0.00053793      0.18406      0.53123 gtex__hypothalamus__M025
gtex__hypothalamus__M026                SET      21      0.12847    0.0043919      0.20033      0.26067 gtex__hypothalamus__M026
gtex__hypothalamus__M027                SET      20       0.2897    0.0096654      0.19071     0.064381 gtex__hypothalamus__M027
gtex__hypothalamus__M028                SET      14     -0.11074   -0.0030917      0.24087      0.67714 gtex__hypothalamus__M028
gtex__nucleus_accumbens_basa...1        SET    1680   -0.0083032   -0.0024186     0.022794      0.64217 gtex__nucleus_accumbens_basal_ganglia__M000
gtex__nucleus_accumbens_basa...2        SET    1123     0.035199    0.0085251     0.027472      0.10006 gtex__nucleus_accumbens_basal_ganglia__M001
gtex__nucleus_accumbens_basa...3        SET     341     0.011689    0.0015958     0.050381      0.40827 gtex__nucleus_accumbens_basal_ganglia__M002
gtex__nucleus_accumbens_basa...4        SET     220     0.031353      0.00345     0.057093      0.29145 gtex__nucleus_accumbens_basal_ganglia__M003
gtex__nucleus_accumbens_basa...5        SET     179    -0.060714   -0.0060332     0.061487      0.83828 gtex__nucleus_accumbens_basal_ganglia__M004
gtex__nucleus_accumbens_basa...6        SET     102     -0.08094   -0.0060845     0.091348       0.8122 gtex__nucleus_accumbens_basal_ganglia__M005
gtex__nucleus_accumbens_basa...7        SET     116    -0.057443   -0.0046033     0.084538      0.75158 gtex__nucleus_accumbens_basal_ganglia__M006
gtex__nucleus_accumbens_basa...8        SET      94    -0.054774   -0.0039537     0.097284      0.71329 gtex__nucleus_accumbens_basal_ganglia__M007
gtex__nucleus_accumbens_basa...9        SET      83     -0.11682   -0.0079257      0.10237      0.87309 gtex__nucleus_accumbens_basal_ganglia__M008
gtex__nucleus_accumbens_basa...10       SET      58     -0.10714   -0.0060807       0.1092      0.83673 gtex__nucleus_accumbens_basal_ganglia__M009
gtex__nucleus_accumbens_basa...11       SET      62      0.23028     0.013512      0.10379     0.013258 gtex__nucleus_accumbens_basal_ganglia__M010
gtex__nucleus_accumbens_basa...12       SET      43      0.25441     0.012438      0.14437      0.03903 gtex__nucleus_accumbens_basal_ganglia__M011
gtex__nucleus_accumbens_basa...13       SET      38      0.27044     0.012431      0.12303     0.013975 gtex__nucleus_accumbens_basal_ganglia__M012
gtex__nucleus_accumbens_basa...14       SET      44    -0.064079   -0.0031689      0.12338      0.69825 gtex__nucleus_accumbens_basal_ganglia__M013
gtex__nucleus_accumbens_basa...15       SET      38      0.23044     0.010593      0.14835     0.060172 gtex__nucleus_accumbens_basal_ganglia__M014
gtex__nucleus_accumbens_basa...16       SET      35      0.13884    0.0061253      0.13816      0.15748 gtex__nucleus_accumbens_basal_ganglia__M015
gtex__nucleus_accumbens_basa...17       SET      36    -0.054257   -0.0024276      0.14959      0.64159 gtex__nucleus_accumbens_basal_ganglia__M016
gtex__nucleus_accumbens_basa...18       SET      27      0.14456    0.0056029      0.16274       0.1872 gtex__nucleus_accumbens_basal_ganglia__M017
gtex__nucleus_accumbens_basa...19       SET      15      -0.2083   -0.0060195      0.22166      0.82631 gtex__nucleus_accumbens_basal_ganglia__M018
gtex__nucleus_accumbens_basa...20       SET      20   -0.0084995  -0.00028358      0.21318       0.5159 gtex__nucleus_accumbens_basal_ganglia__M019
gtex__nucleus_accumbens_basa...21       SET      19      0.19216    0.0062492      0.20262      0.17147 gtex__nucleus_accumbens_basal_ganglia__M020
gtex__putamen_basal_ganglia_...1        SET    1420   -0.0072674   -0.0019617     0.024906      0.61478 gtex__putamen_basal_ganglia__M000
gtex__putamen_basal_ganglia_...2        SET     881    0.0014397   0.00031106     0.030946      0.48145 gtex__putamen_basal_ganglia__M001
gtex__putamen_basal_ganglia_...3        SET     439     0.022206    0.0034303     0.044131      0.30742 gtex__putamen_basal_ganglia__M002
gtex__putamen_basal_ganglia_...4        SET     274    -0.099795    -0.012236     0.050693      0.97549 gtex__putamen_basal_ganglia__M003
gtex__putamen_basal_ganglia_...5        SET     248      0.03205    0.0037415      0.05294      0.27246 gtex__putamen_basal_ganglia__M004
gtex__putamen_basal_ganglia_...6        SET     173    0.0021542   0.00021048     0.068883      0.48753 gtex__putamen_basal_ganglia__M005
gtex__putamen_basal_ganglia_...7        SET     157     0.090995    0.0084735     0.065115     0.081149 gtex__putamen_basal_ganglia__M006
gtex__putamen_basal_ganglia_...8        SET     140    -0.039452   -0.0034708     0.076166      0.69776 gtex__putamen_basal_ganglia__M007
gtex__putamen_basal_ganglia_...9        SET     124     0.035855      0.00297     0.073445      0.31271 gtex__putamen_basal_ganglia__M008
gtex__putamen_basal_ganglia_...10       SET     115     0.013866    0.0011064     0.086909      0.43662 gtex__putamen_basal_ganglia__M009
gtex__putamen_basal_ganglia_...11       SET      87    -0.010493  -0.00072882     0.092567      0.54513 gtex__putamen_basal_ganglia__M010
gtex__putamen_basal_ganglia_...12       SET      77     0.083969    0.0054882      0.10146      0.20395 gtex__putamen_basal_ganglia__M011
gtex__putamen_basal_ganglia_...13       SET      71     0.042934    0.0026951      0.09402      0.32397 gtex__putamen_basal_ganglia__M012
gtex__putamen_basal_ganglia_...14       SET      58    -0.025269   -0.0014342      0.11107      0.58998 gtex__putamen_basal_ganglia__M013
gtex__putamen_basal_ganglia_...15       SET      38     -0.14956   -0.0068747      0.14968      0.84115 gtex__putamen_basal_ganglia__M014
gtex__putamen_basal_ganglia_...16       SET      30      -0.2397    -0.009792      0.18089      0.90743 gtex__putamen_basal_ganglia__M015
gtex__putamen_basal_ganglia_...17       SET      28    -0.061406   -0.0024236      0.16267      0.64709 gtex__putamen_basal_ganglia__M016
gtex__putamen_basal_ganglia_...18       SET      27    -0.022508  -0.00087237      0.16512      0.55421 gtex__putamen_basal_ganglia__M017
gtex__putamen_basal_ganglia_...19       SET      25     -0.27189    -0.010141      0.16251      0.95283 gtex__putamen_basal_ganglia__M018
gtex__putamen_basal_ganglia_...20       SET      21     0.045138    0.0015431      0.20725       0.4138 gtex__putamen_basal_ganglia__M019
gtex__putamen_basal_ganglia_...21       SET      13   -0.0069693   -0.0001875      0.22763      0.51221 gtex__putamen_basal_ganglia__M020
gtex__putamen_basal_ganglia_...22       SET      16      0.40219     0.012003      0.24116     0.047691 gtex__putamen_basal_ganglia__M021
gtex__spinal_cord_cervical_c...1        SET    1364     0.045819     0.012142     0.024835     0.032531 gtex__spinal_cord_cervical_c_1__M000
gtex__spinal_cord_cervical_c...2        SET     339    -0.052145   -0.0070986     0.051429      0.84468 gtex__spinal_cord_cervical_c_1__M001
gtex__spinal_cord_cervical_c...3        SET     314     0.077358     0.010142     0.052123     0.068892 gtex__spinal_cord_cervical_c_1__M002
gtex__spinal_cord_cervical_c...4        SET     168     0.001218   0.00011729     0.064459      0.49246 gtex__spinal_cord_cervical_c_1__M003
gtex__spinal_cord_cervical_c...5        SET     171   -0.0014759  -0.00014338     0.063349      0.50929 gtex__spinal_cord_cervical_c_1__M004
gtex__spinal_cord_cervical_c...6        SET     165     0.082364     0.007861     0.072539       0.1281 gtex__spinal_cord_cervical_c_1__M005
gtex__spinal_cord_cervical_c...7        SET     157   -0.0078359  -0.00072968     0.070211      0.54443 gtex__spinal_cord_cervical_c_1__M006
gtex__spinal_cord_cervical_c...8        SET     101      0.22968     0.017181     0.082435      0.00267 gtex__spinal_cord_cervical_c_1__M007
gtex__spinal_cord_cervical_c...9        SET      89    -0.016916   -0.0011883     0.095921      0.56999 gtex__spinal_cord_cervical_c_1__M008
gtex__spinal_cord_cervical_c...10       SET      96    -0.056899   -0.0041503     0.091713       0.7325 gtex__spinal_cord_cervical_c_1__M009
gtex__spinal_cord_cervical_c...11       SET      83     0.021205    0.0014387     0.093957      0.41072 gtex__spinal_cord_cervical_c_1__M010
gtex__spinal_cord_cervical_c...12       SET      79      0.04154      0.00275     0.088931      0.32022 gtex__spinal_cord_cervical_c_1__M011
gtex__spinal_cord_cervical_c...13       SET      56     -0.03023    -0.001686      0.10934      0.60891 gtex__spinal_cord_cervical_c_1__M012
gtex__spinal_cord_cervical_c...14       SET      46       0.1372    0.0069374      0.11561      0.11767 gtex__spinal_cord_cervical_c_1__M013
gtex__spinal_cord_cervical_c...15       SET      40     -0.16959   -0.0079976       0.1236      0.91498 gtex__spinal_cord_cervical_c_1__M014
gtex__spinal_cord_cervical_c...16       SET      40     -0.22361    -0.010545      0.14073      0.94395 gtex__spinal_cord_cervical_c_1__M015
gtex__spinal_cord_cervical_c...17       SET      36     0.073847    0.0033041      0.14767      0.30851 gtex__spinal_cord_cervical_c_1__M016
gtex__spinal_cord_cervical_c...18       SET      38    -0.081967   -0.0037677      0.12894      0.73751 gtex__spinal_cord_cervical_c_1__M017
gtex__spinal_cord_cervical_c...19       SET      28     -0.08017   -0.0031641      0.16941      0.68198 gtex__spinal_cord_cervical_c_1__M018
gtex__spinal_cord_cervical_c...20       SET      32    -0.037183   -0.0015687       0.1549      0.59485 gtex__spinal_cord_cervical_c_1__M019
gtex__spinal_cord_cervical_c...21       SET      29     0.006709   0.00026947      0.18052      0.48518 gtex__spinal_cord_cervical_c_1__M020
gtex__spinal_cord_cervical_c...22       SET      26    -0.066899   -0.0025444      0.18758      0.63931 gtex__spinal_cord_cervical_c_1__M021
gtex__spinal_cord_cervical_c...23       SET      27     -0.14886   -0.0057695      0.16702       0.8136 gtex__spinal_cord_cervical_c_1__M022
gtex__spinal_cord_cervical_c...24       SET      21     0.013571   0.00046394      0.17471      0.46904 gtex__spinal_cord_cervical_c_1__M023
gtex__spinal_cord_cervical_c...25       SET      19      0.14273    0.0046415      0.18465      0.21978 gtex__spinal_cord_cervical_c_1__M024
gtex__spinal_cord_cervical_c...26       SET      19     -0.16925    -0.005504      0.22307      0.77598 gtex__spinal_cord_cervical_c_1__M025
gtex__spinal_cord_cervical_c...27       SET      16    -0.068499   -0.0020444      0.23819      0.61317 gtex__spinal_cord_cervical_c_1__M026
gtex__substantia_nigra__M000            SET    1263     0.049129     0.012566     0.025946     0.029153 gtex__substantia_nigra__M000
gtex__substantia_nigra__M001            SET     757   -0.0086805   -0.0017448     0.033927      0.60097 gtex__substantia_nigra__M001
gtex__substantia_nigra__M002            SET     306     0.017965    0.0023258     0.051652      0.36399 gtex__substantia_nigra__M002
gtex__substantia_nigra__M003            SET     254     0.018429    0.0021768     0.051688      0.36072 gtex__substantia_nigra__M003
gtex__substantia_nigra__M004            SET     228     0.021796     0.002441     0.058641      0.35507 gtex__substantia_nigra__M004
gtex__substantia_nigra__M005            SET     213     0.042541    0.0046069     0.063118      0.25016 gtex__substantia_nigra__M005
gtex__substantia_nigra__M006            SET     216     0.042132    0.0045943     0.057963      0.23366 gtex__substantia_nigra__M006
gtex__substantia_nigra__M007            SET      98     -0.11033   -0.0081308     0.084879      0.90317 gtex__substantia_nigra__M007
gtex__substantia_nigra__M008            SET      89      0.11933    0.0083823       0.0862     0.083137 gtex__substantia_nigra__M008
gtex__substantia_nigra__M009            SET      74     -0.16688    -0.010694      0.10616      0.94201 gtex__substantia_nigra__M009
gtex__substantia_nigra__M010            SET      80    -0.096416   -0.0064228       0.1004      0.83153 gtex__substantia_nigra__M010
gtex__substantia_nigra__M011            SET      78     0.029706    0.0019541     0.091309      0.37246 gtex__substantia_nigra__M011
gtex__substantia_nigra__M012            SET      70    -0.060779   -0.0037884      0.11068      0.70853 gtex__substantia_nigra__M012
gtex__substantia_nigra__M013            SET      57     0.082646    0.0046502      0.11546      0.23705 gtex__substantia_nigra__M013
gtex__substantia_nigra__M014            SET      53     0.018311   0.00099358       0.1155      0.43702 gtex__substantia_nigra__M014
gtex__substantia_nigra__M015            SET      49     0.053943    0.0028148      0.11494      0.31942 gtex__substantia_nigra__M015
gtex__substantia_nigra__M016            SET      47      0.12098    0.0061829      0.13039      0.17677 gtex__substantia_nigra__M016
gtex__substantia_nigra__M017            SET      47    -0.057882   -0.0029582      0.12327      0.68066 gtex__substantia_nigra__M017
gtex__substantia_nigra__M018            SET      41     0.022115    0.0010558       0.1309      0.43292 gtex__substantia_nigra__M018
gtex__substantia_nigra__M019            SET      40    -0.065336   -0.0030811      0.13691       0.6834 gtex__substantia_nigra__M019
gtex__substantia_nigra__M020            SET      42    -0.021623   -0.0010448      0.14017       0.5613 gtex__substantia_nigra__M020
gtex__substantia_nigra__M021            SET      28     0.044348    0.0017503      0.14967       0.3835 gtex__substantia_nigra__M021
gtex__substantia_nigra__M022            SET      22     -0.34691    -0.012138      0.20477      0.95487 gtex__substantia_nigra__M022
gtex__substantia_nigra__M023            SET      27     -0.34426    -0.013343      0.17479      0.97555 gtex__substantia_nigra__M023
gtex__substantia_nigra__M024            SET      20      0.13032     0.004348      0.19251      0.24923 gtex__substantia_nigra__M024
gtex__substantia_nigra__M025            SET      19      0.14587    0.0047437      0.20602      0.23946 gtex__substantia_nigra__M025
gtex__substantia_nigra__M026            SET      17    -0.054118   -0.0016648      0.21913      0.59753 gtex__substantia_nigra__M026
gtex__substantia_nigra__M027            SET      20     -0.10024   -0.0033443      0.20993      0.68348 gtex__substantia_nigra__M027
gtex__substantia_nigra__M028            SET      19    -0.011214  -0.00036467      0.19711      0.52268 gtex__substantia_nigra__M028
brainseq__caudate__M000                 SET     204     0.015581    0.0016517     0.061033      0.39925 brainseq__caudate__M000
brainseq__caudate__M001                 SET     684     0.056207     0.010762     0.035634     0.057366 brainseq__caudate__M001
brainseq__caudate__M002                 SET     623     0.073512     0.013457     0.038012     0.026569 brainseq__caudate__M002
brainseq__caudate__M003                 SET     616     0.030447    0.0055431     0.036577       0.2026 brainseq__caudate__M003
brainseq__caudate__M004                 SET     427    -0.023698   -0.0036117      0.04576      0.69773 brainseq__caudate__M004
brainseq__caudate__M005                 SET     307    -0.047235   -0.0061248     0.049109      0.83193 brainseq__caudate__M005
brainseq__caudate__M006                 SET     293    -0.059984   -0.0076016     0.052521      0.87328 brainseq__caudate__M006
brainseq__caudate__M007                 SET     219    -0.041788   -0.0045878     0.057304      0.76706 brainseq__caudate__M007
brainseq__caudate__M008                 SET     159      0.01659    0.0015546     0.068113      0.40379 brainseq__caudate__M008
brainseq__caudate__M009                 SET     169     0.038729    0.0037405     0.069708      0.28925 brainseq__caudate__M009
brainseq__caudate__M010                 SET     119    -0.044127   -0.0035813     0.075805      0.71975 brainseq__caudate__M010
brainseq__caudate__M011                 SET     106    -0.059023   -0.0045227     0.088633      0.74727 brainseq__caudate__M011
brainseq__caudate__M012                 SET     100     -0.22085     -0.01644     0.085691      0.99502 brainseq__caudate__M012
brainseq__caudate__M013                 SET      49    -0.032008   -0.0016702      0.13041      0.59694 brainseq__caudate__M013
brainseq__caudate__M014                 SET      48     0.022164    0.0011447      0.12714      0.43081 brainseq__caudate__M014
brainseq__caudate__M015                 SET      46     0.021572    0.0010907       0.1338      0.43596 brainseq__caudate__M015
brainseq__caudate__M016                 SET      41   0.00048707   2.3254e-05      0.14284      0.49864 brainseq__caudate__M016
brainseq__caudate__M017                 SET      39     -0.12221   -0.0056906       0.1462      0.79839 brainseq__caudate__M017
brainseq__caudate__M018                 SET      38     0.048603    0.0022341      0.13202      0.35638 brainseq__caudate__M018
brainseq__caudate__M019                 SET      32    -0.037702   -0.0015906      0.14755      0.60084 brainseq__caudate__M019
brainseq__caudate__M020                 SET      29      0.32825     0.013184      0.16926      0.02624 brainseq__caudate__M020
brainseq__caudate__M021                 SET      22     -0.28909    -0.010115      0.19007      0.93585 brainseq__caudate__M021
brainseq__caudate__M022                 SET      25   -0.0030114  -0.00011232      0.15694      0.50765 brainseq__caudate__M022
brainseq__caudate__M023                 SET      19     -0.12651   -0.0041143      0.19561       0.7411 brainseq__caudate__M023
brainseq__caudate__M024                 SET      25      0.16632    0.0062033      0.17716      0.17391 brainseq__caudate__M024
brainseq__caudate__M025                 SET      21      0.36103     0.012342      0.17957     0.022195 brainseq__caudate__M025
brainseq__caudate__M026                 SET      16      0.35271     0.010527      0.22373     0.057465 brainseq__caudate__M026
brainseq__caudate__M027                 SET      19      -0.1597   -0.0051936      0.20574      0.78119 brainseq__caudate__M027
brainseq__hippocampus__M000             SET     472    -0.025598   -0.0040963     0.043688      0.72103 brainseq__hippocampus__M000
brainseq__hippocampus__M001             SET     370    0.0032606   0.00046332      0.04747      0.47262 brainseq__hippocampus__M001
brainseq__hippocampus__M002             SET     331   -0.0077391   -0.0010413     0.046214       0.5665 brainseq__hippocampus__M002
brainseq__hippocampus__M003             SET     292     0.010405    0.0013164     0.051552      0.42002 brainseq__hippocampus__M003
brainseq__hippocampus__M004             SET     207    0.0026936   0.00028761     0.065378      0.48357 brainseq__hippocampus__M004
brainseq__hippocampus__M005             SET     211     -0.09361     -0.01009     0.061296      0.93663 brainseq__hippocampus__M005
brainseq__hippocampus__M006             SET     190     0.016082    0.0016459     0.068801      0.40759 brainseq__hippocampus__M006
brainseq__hippocampus__M007             SET     191     0.072399     0.007429     0.063921      0.12869 brainseq__hippocampus__M007
brainseq__hippocampus__M008             SET     135      0.10413    0.0089969     0.077276     0.088925 brainseq__hippocampus__M008
brainseq__hippocampus__M009             SET     123    -0.018603   -0.0015348     0.078881      0.59322 brainseq__hippocampus__M009
brainseq__hippocampus__M010             SET     106      0.25324     0.019405     0.087011    0.0018069 brainseq__hippocampus__M010
brainseq__hippocampus__M011             SET      99    -0.089583   -0.0066351     0.085101      0.85374 brainseq__hippocampus__M011
brainseq__hippocampus__M012             SET      79     -0.03866   -0.0025593      0.09409      0.65942 brainseq__hippocampus__M012
brainseq__hippocampus__M013             SET      81      0.16851     0.011295      0.10127     0.048076 brainseq__hippocampus__M013
brainseq__hippocampus__M014             SET      76     0.067016    0.0043518      0.10259      0.25681 brainseq__hippocampus__M014
brainseq__hippocampus__M015             SET      81  -0.00070557  -4.7294e-05     0.096414      0.50292 brainseq__hippocampus__M015
brainseq__hippocampus__M016             SET      69    -0.058264   -0.0036057      0.10276      0.71463 brainseq__hippocampus__M016
brainseq__hippocampus__M017             SET      73    -0.019562   -0.0012451      0.10455      0.57421 brainseq__hippocampus__M017
brainseq__hippocampus__M018             SET      68    -0.072077   -0.0044283      0.10656      0.75059 brainseq__hippocampus__M018
brainseq__hippocampus__M019             SET      66    -0.026917   -0.0016293      0.11893      0.58952 brainseq__hippocampus__M019
brainseq__hippocampus__M020             SET      60      0.21054     0.012153      0.11107     0.029014 brainseq__hippocampus__M020
brainseq__hippocampus__M021             SET      44      0.16832     0.008324      0.13499      0.10622 brainseq__hippocampus__M021
brainseq__hippocampus__M022             SET      41     0.090043    0.0042988       0.1441      0.26603 brainseq__hippocampus__M022
brainseq__hippocampus__M023             SET      36     0.084702    0.0037897      0.16933      0.30847 brainseq__hippocampus__M023
brainseq__hippocampus__M024             SET      34    -0.061583   -0.0026779      0.14931      0.65999 brainseq__hippocampus__M024
brainseq__hippocampus__M025             SET      37    -0.016622  -0.00075393      0.14359      0.54608 brainseq__hippocampus__M025
brainseq__hippocampus__M026             SET      34       0.1623    0.0070574      0.14211      0.12673 brainseq__hippocampus__M026
brainseq__hippocampus__M027             SET      34      0.23958     0.010418      0.16743     0.076233 brainseq__hippocampus__M027
brainseq__hippocampus__M028             SET      22       0.1923    0.0067288      0.17871      0.14095 brainseq__hippocampus__M028
brainseq__hippocampus__M029             SET      20      0.19684    0.0065673      0.20875      0.17286 brainseq__hippocampus__M029
brainseq__hippocampus__M030             SET      21     0.085858    0.0029352      0.22447      0.35105 brainseq__hippocampus__M030
brainseq__hippocampus__M031             SET      16    -0.011789  -0.00035184      0.22403      0.52098 brainseq__hippocampus__M031
brainseq__dlpfc__M000                   SET     589     0.037004    0.0065928     0.039337      0.17344 brainseq__dlpfc__M000
brainseq__dlpfc__M001                   SET     422    0.0064666   0.00097987     0.042704      0.43982 brainseq__dlpfc__M001
brainseq__dlpfc__M002                   SET     368   -0.0030277  -0.00042909     0.049568      0.52435 brainseq__dlpfc__M002
brainseq__dlpfc__M003                   SET     331     0.015775    0.0021225     0.051947      0.38069 brainseq__dlpfc__M003
brainseq__dlpfc__M004                   SET     260     0.029556    0.0035316     0.055912      0.29854 brainseq__dlpfc__M004
brainseq__dlpfc__M005                   SET     216   -0.0061508  -0.00067071     0.061752      0.53967 brainseq__dlpfc__M005
brainseq__dlpfc__M006                   SET     208     -0.09601    -0.010276     0.061959      0.93937 brainseq__dlpfc__M006
brainseq__dlpfc__M007                   SET     199     0.058848    0.0061623     0.058662       0.1579 brainseq__dlpfc__M007
brainseq__dlpfc__M008                   SET     186     -0.03155   -0.0031952     0.065482      0.68503 brainseq__dlpfc__M008
brainseq__dlpfc__M009                   SET     159     0.097828    0.0091671     0.069448     0.079479 brainseq__dlpfc__M009
brainseq__dlpfc__M010                   SET     160    -0.027892   -0.0026218     0.068351      0.65838 brainseq__dlpfc__M010
brainseq__dlpfc__M011                   SET     153   -0.0094175  -0.00086581     0.073143      0.55122 brainseq__dlpfc__M011
brainseq__dlpfc__M012                   SET     132    -0.080771   -0.0069015     0.076176      0.85549 brainseq__dlpfc__M012
brainseq__dlpfc__M013                   SET     134     0.069291    0.0059649      0.08007      0.19342 brainseq__dlpfc__M013
brainseq__dlpfc__M014                   SET     111    -0.058776   -0.0046081     0.085329      0.75453 brainseq__dlpfc__M014
brainseq__dlpfc__M015                   SET     112      0.10801    0.0085057     0.080398     0.089577 brainseq__dlpfc__M015
brainseq__dlpfc__M016                   SET      99     0.091589    0.0067837     0.085673      0.14253 brainseq__dlpfc__M016
brainseq__dlpfc__M017                   SET      91     0.086202    0.0061226     0.090596      0.17068 brainseq__dlpfc__M017
brainseq__dlpfc__M018                   SET      78    -0.018195   -0.0011969      0.10103      0.57146 brainseq__dlpfc__M018
brainseq__dlpfc__M019                   SET      78     0.096077    0.0063201     0.098065      0.16362 brainseq__dlpfc__M019
brainseq__dlpfc__M020                   SET      68     -0.14833   -0.0091129      0.11186      0.90756 brainseq__dlpfc__M020
brainseq__dlpfc__M021                   SET      72    -0.060535   -0.0038265      0.10515      0.71758 brainseq__dlpfc__M021
brainseq__dlpfc__M022                   SET      71    -0.092626   -0.0058144      0.10388       0.8137 brainseq__dlpfc__M022
brainseq__dlpfc__M023                   SET      72     0.035701    0.0022567      0.10272      0.36409 brainseq__dlpfc__M023
brainseq__dlpfc__M024                   SET      38     -0.19892   -0.0091434      0.15315        0.903 brainseq__dlpfc__M024
brainseq__dlpfc__M025                   SET      35      0.28725     0.012673      0.13923     0.019555 brainseq__dlpfc__M025
brainseq__dlpfc__M026                   SET      34     -0.20882   -0.0090806      0.13972      0.93248 brainseq__dlpfc__M026
brainseq__dlpfc__M027                   SET      28      0.17255    0.0068101      0.15594      0.13426 brainseq__dlpfc__M027
brainseq__dlpfc__M028                   SET      33     0.019648   0.00084175       0.1764      0.45566 brainseq__dlpfc__M028
brainseq__dlpfc__M029                   SET      28     0.074862    0.0029547      0.15523      0.31481 brainseq__dlpfc__M029
brainseq__dlpfc__M030                   SET      25    -0.092248   -0.0034406      0.17776       0.6981 brainseq__dlpfc__M030
brainseq__dlpfc__M031                   SET      22      -0.1069   -0.0037404      0.16836      0.73726 brainseq__dlpfc__M031
brainseq__dlpfc__M032                   SET      22    -0.011573  -0.00040495      0.18724      0.52464 brainseq__dlpfc__M032
brainseq__dlpfc__M033                   SET      20      0.10269    0.0034262      0.19008      0.29452 brainseq__dlpfc__M033
brainseq__dlpfc__M034                   SET      20   -0.0083276  -0.00027784      0.20339      0.51633 brainseq__dlpfc__M034
brainseq__dlpfc__M035                   SET      18     0.077669    0.0024585      0.17802      0.33131 brainseq__dlpfc__M035
brainseq__dlpfc__M036                   SET      18    -0.032666    -0.001034      0.19967      0.56498 brainseq__dlpfc__M036
brainseq__dlpfc__M037                   SET      18     -0.42798    -0.013547      0.18741       0.9888 brainseq__dlpfc__M037
brainseq__caudate_sczd__M000            SET     657     0.049384    0.0092741     0.036884     0.090312 brainseq__caudate_sczd__M000
brainseq__caudate_sczd__M001            SET     203     0.013793    0.0014586     0.062505      0.41268 brainseq__caudate_sczd__M001
brainseq__caudate_sczd__M002            SET     663     0.024034    0.0045332     0.036368      0.25436 brainseq__caudate_sczd__M002
brainseq__caudate_sczd__M003            SET     590     0.061475     0.010962     0.037456      0.05038 brainseq__caudate_sczd__M003
brainseq__caudate_sczd__M004            SET     396    -0.039545   -0.0058089     0.046648       0.8017 brainseq__caudate_sczd__M004
brainseq__caudate_sczd__M005            SET     302      0.02035    0.0026174     0.049077       0.3392 brainseq__caudate_sczd__M005
brainseq__caudate_sczd__M006            SET     280    -0.053598   -0.0066423     0.053545      0.84158 brainseq__caudate_sczd__M006
brainseq__caudate_sczd__M007            SET      89    -0.039452   -0.0027713     0.095799      0.65976 brainseq__caudate_sczd__M007
brainseq__caudate_sczd__M008            SET     240     -0.11357    -0.013046      0.05671      0.97739 brainseq__caudate_sczd__M008
brainseq__caudate_sczd__M009            SET     204    -0.030019   -0.0031823     0.060071      0.69137 brainseq__caudate_sczd__M009
brainseq__caudate_sczd__M010            SET     125     0.051042     0.004245     0.088334      0.28169 brainseq__caudate_sczd__M010
brainseq__caudate_sczd__M011            SET     120     0.028197     0.002298      0.08457      0.36941 brainseq__caudate_sczd__M011
brainseq__caudate_sczd__M012            SET     102     -0.09857   -0.0074099      0.08756      0.86986 brainseq__caudate_sczd__M012
brainseq__caudate_sczd__M013            SET      89      0.03176     0.002231     0.085054      0.35443 brainseq__caudate_sczd__M013
brainseq__caudate_sczd__M014            SET      65    -0.037531   -0.0022546      0.11544      0.62745 brainseq__caudate_sczd__M014
brainseq__caudate_sczd__M015            SET      57      -0.1675   -0.0094244      0.12143       0.9161 brainseq__caudate_sczd__M015
brainseq__caudate_sczd__M016            SET      58     -0.11056   -0.0062751      0.10624      0.85099 brainseq__caudate_sczd__M016
brainseq__caudate_sczd__M017            SET      52      0.13538    0.0072767      0.11914      0.12792 brainseq__caudate_sczd__M017
brainseq__caudate_sczd__M018            SET      46     0.098178    0.0049641      0.12942      0.22405 brainseq__caudate_sczd__M018
brainseq__caudate_sczd__M019            SET      46    -0.038678   -0.0019556      0.14127      0.60788 brainseq__caudate_sczd__M019
brainseq__caudate_sczd__M020            SET      38     0.028986    0.0013324       0.1311       0.4125 brainseq__caudate_sczd__M020
brainseq__caudate_sczd__M021            SET      32    -0.035181   -0.0014842      0.13855      0.60022 brainseq__caudate_sczd__M021
brainseq__caudate_sczd__M022            SET      29      0.22203    0.0089179      0.17257     0.099121 brainseq__caudate_sczd__M022
brainseq__caudate_sczd__M023            SET      27    -0.057678   -0.0022355      0.17035      0.63254 brainseq__caudate_sczd__M023
brainseq__caudate_sczd__M024            SET      25      0.12085    0.0045074      0.15603      0.21931 brainseq__caudate_sczd__M024
brainseq__caudate_sczd__M025            SET      25     -0.16859   -0.0062878      0.16739      0.84306 brainseq__caudate_sczd__M025
brainseq__caudate_sczd__M026            SET      23      -0.2421   -0.0086613      0.16909      0.92389 brainseq__caudate_sczd__M026
brainseq__caudate_sczd__M027            SET      24    -0.070926   -0.0025919      0.18596      0.64854 brainseq__caudate_sczd__M027
brainseq__caudate_sczd__M028            SET      20    -0.043376   -0.0014472      0.20672       0.5831 brainseq__caudate_sczd__M028
brainseq__caudate_sczd__M029            SET      17      0.14849     0.004568      0.21387      0.24375 brainseq__caudate_sczd__M029
brainseq__caudate_sczd__M030            SET      19     -0.25538   -0.0083049      0.19788      0.90156 brainseq__caudate_sczd__M030
brainseq__caudate_sczd__M031            SET      18    -0.055145   -0.0017455      0.20303      0.60704 brainseq__caudate_sczd__M031
brainseq__caudate_sczd__M032            SET      13     0.058429     0.001572       0.2554      0.40952 brainseq__caudate_sczd__M032
