# MEAN_SAMPLE_SIZE = 29633
# TOTAL_GENES = 17948
# TEST_DIRECTION = one-sided, positive (set), two-sided (covar)
# CONDITIONED_INTERNAL = gene size, gene density, inverse mac, log(gene size), log(gene density), log(inverse mac)
VARIABLE                               TYPE  NGENES         BETA     BETA_STD           SE            P FULL_NAME
gtex__amygdala__M000                    SET    1206     0.027399    0.0068598     0.027017      0.15527 gtex__amygdala__M000
gtex__amygdala__M001                    SET    1132    -0.027641   -0.0067195     0.027458      0.84295 gtex__amygdala__M001
gtex__amygdala__M002                    SET     905     0.021696    0.0047476     0.030828      0.24079 gtex__amygdala__M002
gtex__amygdala__M003                    SET     644    -0.045344   -0.0084339     0.033965      0.90905 gtex__amygdala__M003
gtex__amygdala__M004                    SET     520      0.03552    0.0059579      0.03671      0.16664 gtex__amygdala__M004
gtex__amygdala__M005                    SET     316    -0.034627   -0.0045542     0.050791       0.7523 gtex__amygdala__M005
gtex__amygdala__M006                    SET     169    -0.012737   -0.0012302     0.070118      0.57207 gtex__amygdala__M006
gtex__amygdala__M007                    SET     139     0.074278    0.0065115     0.067821      0.13672 gtex__amygdala__M007
gtex__amygdala__M008                    SET     105    0.0059043   0.00045029     0.084275      0.47207 gtex__amygdala__M008
gtex__amygdala__M009                    SET      88     0.079474    0.0055514     0.087984      0.18319 gtex__amygdala__M009
gtex__amygdala__M010                    SET      79      0.18517     0.012258     0.091145     0.021105 gtex__amygdala__M010
gtex__amygdala__M011                    SET      74     0.022875    0.0014658     0.091554      0.40135 gtex__amygdala__M011
gtex__amygdala__M012                    SET      54     0.047618    0.0026081      0.13439      0.36154 gtex__amygdala__M012
gtex__amygdala__M013                    SET      61    -0.058696   -0.0034162      0.12101      0.68617 gtex__amygdala__M013
gtex__amygdala__M014                    SET      53      0.04252    0.0023072       0.1247      0.36657 gtex__amygdala__M014
gtex__amygdala__M015                    SET      38      0.05831    0.0026802      0.15252      0.35112 gtex__amygdala__M015
gtex__amygdala__M016                    SET      41      0.10505    0.0050151      0.13481      0.21794 gtex__amygdala__M016
gtex__amygdala__M017                    SET      36    -0.042923   -0.0019205      0.14489      0.61648 gtex__amygdala__M017
gtex__amygdala__M018                    SET      41     0.089352    0.0042658      0.12736      0.24148 gtex__amygdala__M018
gtex__amygdala__M019                    SET      32     0.062729    0.0026464      0.15543      0.34326 gtex__amygdala__M019
gtex__amygdala__M020                    SET      23     0.049914    0.0017857      0.17853       0.3899 gtex__amygdala__M020
gtex__amygdala__M021                    SET      27     -0.23544   -0.0091252       0.1852      0.89817 gtex__amygdala__M021
gtex__amygdala__M022                    SET      22     -0.10562   -0.0036957      0.19673      0.70432 gtex__amygdala__M022
gtex__amygdala__M023                    SET      25      0.15608    0.0058212      0.17233      0.18255 gtex__amygdala__M023
gtex__amygdala__M024                    SET      15    -0.087759   -0.0025361      0.25044      0.63699 gtex__amygdala__M024
gtex__amygdala__M025                    SET      18     0.022708   0.00071878      0.21617      0.45817 gtex__amygdala__M025
gtex__amygdala__M026                    SET      17     -0.14694   -0.0045203      0.19028      0.78001 gtex__amygdala__M026
gtex__amygdala__M027                    SET      17       0.1909    0.0058725      0.21924      0.19196 gtex__amygdala__M027
gtex__amygdala__M028                    SET      19     -0.28994    -0.009429      0.20054      0.92588 gtex__amygdala__M028
gtex__amygdala__M029                    SET      13     -0.20212   -0.0054378      0.23931      0.80082 gtex__amygdala__M029
gtex__amygdala__M030                    SET      16     0.036014    0.0010748      0.20879      0.43153 gtex__amygdala__M030
gtex__amygdala__M031                    SET      14    0.0053681   0.00014987      0.23538       0.4909 gtex__amygdala__M031
gtex__amygdala__M032                    SET      12      0.12533    0.0032398      0.24645      0.30554 gtex__amygdala__M032
gtex__anterior_cingulate_cor...1        SET    2252     0.014435     0.004782     0.020273      0.23823 gtex__anterior_cingulate_cortex_ba24__M000
gtex__anterior_cingulate_cor...2        SET    1288     0.012758    0.0032929     0.025474      0.30825 gtex__anterior_cingulate_cortex_ba24__M001
gtex__anterior_cingulate_cor...3        SET     628     -0.02003   -0.0036807     0.037474       0.7035 gtex__anterior_cingulate_cortex_ba24__M002
gtex__anterior_cingulate_cor...4        SET     518    0.0079869    0.0013372     0.041688      0.42403 gtex__anterior_cingulate_cortex_ba24__M003
gtex__anterior_cingulate_cor...5        SET     435     0.040141    0.0061731     0.041399      0.16613 gtex__anterior_cingulate_cortex_ba24__M004
gtex__anterior_cingulate_cor...6        SET     461     0.036637    0.0057959     0.041457      0.18843 gtex__anterior_cingulate_cortex_ba24__M005
gtex__anterior_cingulate_cor...7        SET     295     0.013218    0.0016806     0.049233      0.39417 gtex__anterior_cingulate_cortex_ba24__M006
gtex__anterior_cingulate_cor...8        SET     195     0.045292    0.0046953     0.063022      0.23618 gtex__anterior_cingulate_cortex_ba24__M007
gtex__anterior_cingulate_cor...9        SET     174    -0.025535    -0.002502     0.066213      0.65012 gtex__anterior_cingulate_cortex_ba24__M008
gtex__anterior_cingulate_cor...10       SET     102      0.01953    0.0014681     0.085713      0.40988 gtex__anterior_cingulate_cortex_ba24__M009
gtex__anterior_cingulate_cor...11       SET      91     -0.10281   -0.0073024     0.089214      0.87542 gtex__anterior_cingulate_cortex_ba24__M010
gtex__anterior_cingulate_cor...12       SET      71     0.070532    0.0044275      0.10366      0.24813 gtex__anterior_cingulate_cortex_ba24__M011
gtex__anterior_cingulate_cor...13       SET      64     -0.08911   -0.0053118      0.10254      0.80759 gtex__anterior_cingulate_cortex_ba24__M012
gtex__anterior_cingulate_cor...14       SET      72    -0.018385   -0.0011621     0.095101      0.57664 gtex__anterior_cingulate_cortex_ba24__M013
gtex__anterior_cingulate_cor...15       SET      52   -0.0030514  -0.00016401      0.10932      0.51113 gtex__anterior_cingulate_cortex_ba24__M014
gtex__anterior_cingulate_cor...16       SET      43    -0.046949   -0.0022953      0.13701      0.63407 gtex__anterior_cingulate_cortex_ba24__M015
gtex__anterior_cingulate_cor...17       SET      35     0.048103    0.0021222      0.15367      0.37713 gtex__anterior_cingulate_cortex_ba24__M016
gtex__anterior_cingulate_cor...18       SET      30      0.21128    0.0086309       0.1538      0.08477 gtex__anterior_cingulate_cortex_ba24__M017
gtex__anterior_cingulate_cor...19       SET      17    -0.035844   -0.0011026      0.19558      0.57271 gtex__anterior_cingulate_cortex_ba24__M018
gtex__anterior_cingulate_cor...20       SET      19      0.14421    0.0046897      0.19505      0.22986 gtex__anterior_cingulate_cortex_ba24__M019
gtex__anterior_cingulate_cor...21       SET      20    -0.086981    -0.002902      0.18364      0.68213 gtex__anterior_cingulate_cortex_ba24__M020
gtex__anterior_cingulate_cor...22       SET      19     -0.05048   -0.0016416      0.18908      0.60526 gtex__anterior_cingulate_cortex_ba24__M021
gtex__anterior_cingulate_cor...23       SET      13    -0.011798  -0.00031743      0.25439       0.5185 gtex__anterior_cingulate_cortex_ba24__M022
gtex__anterior_cingulate_cor...24       SET      15      0.28111    0.0081234      0.26247      0.14209 gtex__anterior_cingulate_cortex_ba24__M023
gtex__anterior_cingulate_cor...25       SET      16     -0.36272    -0.010825      0.20142      0.96412 gtex__anterior_cingulate_cortex_ba24__M024
gtex__caudate_basal_ganglia_...1        SET    1515   -0.0062154   -0.0017279     0.024528      0.60002 gtex__caudate_basal_ganglia__M000
gtex__caudate_basal_ganglia_...2        SET    1239      0.01218    0.0030879     0.026593      0.32347 gtex__caudate_basal_ganglia__M001
gtex__caudate_basal_ganglia_...3        SET     842   -0.0002026  -4.2842e-05     0.031983      0.50253 gtex__caudate_basal_ganglia__M002
gtex__caudate_basal_ganglia_...4        SET     594    -0.018794   -0.0033621     0.035233      0.70313 gtex__caudate_basal_ganglia__M003
gtex__caudate_basal_ganglia_...5        SET     560     0.011652    0.0020259     0.038484      0.38103 gtex__caudate_basal_ganglia__M004
gtex__caudate_basal_ganglia_...6        SET     438     0.012553     0.001937      0.04067      0.37879 gtex__caudate_basal_ganglia__M005
gtex__caudate_basal_ganglia_...7        SET     223   0.00076299    8.452e-05      0.05748       0.4947 gtex__caudate_basal_ganglia__M006
gtex__caudate_basal_ganglia_...8        SET     202    -0.057313   -0.0060461     0.058222      0.83753 gtex__caudate_basal_ganglia__M007
gtex__caudate_basal_ganglia_...9        SET     178    -0.032632   -0.0032336     0.068541      0.68299 gtex__caudate_basal_ganglia__M008
gtex__caudate_basal_ganglia_...10       SET     116      0.08104    0.0064942        0.079      0.15249 gtex__caudate_basal_ganglia__M009
gtex__caudate_basal_ganglia_...11       SET     112     0.062977    0.0049595     0.081226      0.21908 gtex__caudate_basal_ganglia__M010
gtex__caudate_basal_ganglia_...12       SET      75     0.067467    0.0043523      0.10064      0.25132 gtex__caudate_basal_ganglia__M011
gtex__caudate_basal_ganglia_...13       SET      70      0.10254    0.0063917     0.096681      0.14443 gtex__caudate_basal_ganglia__M012
gtex__caudate_basal_ganglia_...14       SET      74    -0.021617   -0.0013852      0.10298      0.58313 gtex__caudate_basal_ganglia__M013
gtex__caudate_basal_ganglia_...15       SET      57     -0.21849    -0.012294      0.11023      0.97627 gtex__caudate_basal_ganglia__M014
gtex__caudate_basal_ganglia_...16       SET      65     -0.11633   -0.0069884      0.10092      0.87548 gtex__caudate_basal_ganglia__M015
gtex__caudate_basal_ganglia_...17       SET      48     0.061144    0.0031579      0.11567      0.29854 gtex__caudate_basal_ganglia__M016
gtex__caudate_basal_ganglia_...18       SET      33    0.0077821   0.00033339      0.16258      0.48091 gtex__caudate_basal_ganglia__M017
gtex__caudate_basal_ganglia_...19       SET      34    -0.027342   -0.0011889      0.15404      0.57044 gtex__caudate_basal_ganglia__M018
gtex__caudate_basal_ganglia_...20       SET      31      0.15189    0.0063072      0.15634      0.16566 gtex__caudate_basal_ganglia__M019
gtex__caudate_basal_ganglia_...21       SET      18     0.057424    0.0018177      0.18065      0.37529 gtex__caudate_basal_ganglia__M020
gtex__caudate_basal_ganglia_...22       SET      24     -0.26281   -0.0096043      0.17365      0.93491 gtex__caudate_basal_ganglia__M021
gtex__caudate_basal_ganglia_...23       SET      15       0.3268     0.009444      0.21423     0.063583 gtex__caudate_basal_ganglia__M022
gtex__caudate_basal_ganglia_...24       SET      20     0.078797     0.002629       0.1792      0.33007 gtex__caudate_basal_ganglia__M023
gtex__caudate_basal_ganglia_...25       SET      16     -0.15055   -0.0044931      0.21168      0.76152 gtex__caudate_basal_ganglia__M024
gtex__caudate_basal_ganglia_...26       SET      20      0.56958     0.019004      0.19667    0.0018912 gtex__caudate_basal_ganglia__M025
gtex__caudate_basal_ganglia_...27       SET      13        0.177    0.0047621      0.26012      0.24811 gtex__caudate_basal_ganglia__M026
gtex__caudate_basal_ganglia_...28       SET      13     -0.10616   -0.0028562      0.23367       0.6752 gtex__caudate_basal_ganglia__M027
gtex__cerebellar_hemisphere_...1        SET    2457     0.030782     0.010581     0.019158     0.054065 gtex__cerebellar_hemisphere__M000
gtex__cerebellar_hemisphere_...2        SET     758    -0.015962   -0.0032104     0.031323      0.69483 gtex__cerebellar_hemisphere__M001
gtex__cerebellar_hemisphere_...3        SET     838   -0.0032881  -0.00069372     0.032228      0.54063 gtex__cerebellar_hemisphere__M002
gtex__cerebellar_hemisphere_...4        SET     797     0.059614      0.01228     0.030009     0.023496 gtex__cerebellar_hemisphere__M003
gtex__cerebellar_hemisphere_...5        SET     575     0.054539    0.0096046     0.036191     0.065916 gtex__cerebellar_hemisphere__M004
gtex__cerebellar_hemisphere_...6        SET     158     -0.10985    -0.010261     0.066231      0.95139 gtex__cerebellar_hemisphere__M005
gtex__cerebellar_hemisphere_...7        SET     172    -0.014156   -0.0013792     0.065445      0.58562 gtex__cerebellar_hemisphere__M006
gtex__cerebellar_hemisphere_...8        SET     140     0.056076    0.0049333     0.069825      0.21097 gtex__cerebellar_hemisphere__M007
gtex__cerebellar_hemisphere_...9        SET     114     0.015049    0.0011956     0.078954      0.42442 gtex__cerebellar_hemisphere__M008
gtex__cerebellar_hemisphere_...10       SET     113       0.1327     0.010497     0.088597     0.067095 gtex__cerebellar_hemisphere__M009
gtex__cerebellar_hemisphere_...11       SET     116    -0.065192   -0.0052242     0.082211       0.7861 gtex__cerebellar_hemisphere__M010
gtex__cerebellar_hemisphere_...12       SET     105      0.14212     0.010839      0.09931     0.076212 gtex__cerebellar_hemisphere__M011
gtex__cerebellar_hemisphere_...13       SET      79     0.072048    0.0047696     0.095324      0.22488 gtex__cerebellar_hemisphere__M012
gtex__cerebellar_hemisphere_...14       SET      55    -0.092105    -0.005091      0.11429      0.78983 gtex__cerebellar_hemisphere__M013
gtex__cerebellar_hemisphere_...15       SET      46    -0.055543   -0.0028084      0.13306      0.66181 gtex__cerebellar_hemisphere__M014
gtex__cerebellar_hemisphere_...16       SET      43      0.12232    0.0059803      0.13195      0.17697 gtex__cerebellar_hemisphere__M015
gtex__cerebellar_hemisphere_...17       SET      36     -0.13927   -0.0062312      0.14103       0.8383 gtex__cerebellar_hemisphere__M016
gtex__cerebellar_hemisphere_...18       SET      37     0.017818   0.00080821       0.1342      0.44719 gtex__cerebellar_hemisphere__M017
gtex__cerebellar_hemisphere_...19       SET      38      0.11004    0.0050581      0.15624      0.24062 gtex__cerebellar_hemisphere__M018
gtex__cerebellar_hemisphere_...20       SET      31    -0.069634   -0.0028916      0.13466      0.69746 gtex__cerebellar_hemisphere__M019
gtex__cerebellar_hemisphere_...21       SET      30      0.24615     0.010055      0.14719     0.047239 gtex__cerebellar_hemisphere__M020
gtex__cerebellar_hemisphere_...22       SET      16     -0.16848   -0.0050283      0.19178      0.81016 gtex__cerebellar_hemisphere__M021
gtex__cerebellar_hemisphere_...23       SET      16     -0.31261   -0.0093298      0.18549      0.95402 gtex__cerebellar_hemisphere__M022
gtex__cerebellar_hemisphere_...24       SET      16     -0.10039   -0.0029962      0.24348      0.65995 gtex__cerebellar_hemisphere__M023
gtex__cerebellum__M000                  SET    1456     0.049596     0.013541     0.024338     0.020793 gtex__cerebellum__M000
gtex__cerebellum__M001                  SET     599    -0.064177    -0.011527      0.03727      0.95745 gtex__cerebellum__M001
gtex__cerebellum__M002                  SET     519   -0.0028733  -0.00048149     0.037467      0.53056 gtex__cerebellum__M002
gtex__cerebellum__M003                  SET     486     0.034646    0.0056235     0.038831      0.18614 gtex__cerebellum__M003
gtex__cerebellum__M004                  SET     409     0.011322    0.0016896     0.040893      0.39094 gtex__cerebellum__M004
gtex__cerebellum__M005                  SET     234    -0.042975   -0.0048751     0.055454      0.78082 gtex__cerebellum__M005
gtex__cerebellum__M006                  SET     216     0.037411    0.0040795      0.05987      0.26603 gtex__cerebellum__M006
gtex__cerebellum__M007                  SET     212     0.013533    0.0014622     0.065978      0.41874 gtex__cerebellum__M007
gtex__cerebellum__M008                  SET     177      0.16115     0.015925      0.06621    0.0074733 gtex__cerebellum__M008
gtex__cerebellum__M009                  SET     161    -0.034357   -0.0032395     0.067699      0.69409 gtex__cerebellum__M009
gtex__cerebellum__M010                  SET     131     0.090492     0.007703     0.073401      0.10882 gtex__cerebellum__M010
gtex__cerebellum__M011                  SET     119     -0.09874   -0.0080136     0.083979      0.88015 gtex__cerebellum__M011
gtex__cerebellum__M012                  SET      75     -0.06082   -0.0039235      0.10352      0.72157 gtex__cerebellum__M012
gtex__cerebellum__M013                  SET      33      0.22728    0.0097371      0.13731     0.048942 gtex__cerebellum__M013
gtex__cerebellum__M014                  SET      26      0.19013    0.0072315      0.16767      0.12841 gtex__cerebellum__M014
gtex__cerebellum__M015                  SET      28    0.0018586   7.3354e-05       0.1741      0.49574 gtex__cerebellum__M015
gtex__cerebellum__M016                  SET      26    -0.071462    -0.002718      0.14625      0.68744 gtex__cerebellum__M016
gtex__cerebellum__M017                  SET      24     0.013583   0.00049637        0.181      0.47009 gtex__cerebellum__M017
gtex__cerebellum__M018                  SET      23      0.19764    0.0070709      0.19636      0.15709 gtex__cerebellum__M018
gtex__cerebellum__M019                  SET      16      0.26113    0.0077934      0.23235      0.13054 gtex__cerebellum__M019
gtex__cerebellum__M020                  SET      18     -0.31972     -0.01012       0.2047      0.94083 gtex__cerebellum__M020
gtex__cortex__M000                      SET    1577    -0.005092   -0.0014416     0.023915       0.5843 gtex__cortex__M000
gtex__cortex__M001                      SET     978   -0.0078786   -0.0017884     0.029011      0.60702 gtex__cortex__M001
gtex__cortex__M002                      SET     742     0.010475    0.0020855      0.03305      0.37564 gtex__cortex__M002
gtex__cortex__M003                      SET     359    -0.032416   -0.0045386     0.048653      0.74737 gtex__cortex__M003
gtex__cortex__M004                      SET     255     -0.07466    -0.008836     0.052713      0.92165 gtex__cortex__M004
gtex__cortex__M005                      SET     237      0.10223      0.01167     0.058171      0.03944 gtex__cortex__M005
gtex__cortex__M006                      SET     219    -0.085563   -0.0093939      0.05687      0.93377 gtex__cortex__M006
gtex__cortex__M007                      SET     187    0.0020271   0.00020583     0.062919      0.48715 gtex__cortex__M007
gtex__cortex__M008                      SET     201     0.025413    0.0026743     0.063379      0.34422 gtex__cortex__M008
gtex__cortex__M009                      SET     132     0.066633    0.0056935     0.072541      0.17917 gtex__cortex__M009
gtex__cortex__M010                      SET     138      0.10747    0.0093877     0.080243     0.090243 gtex__cortex__M010
gtex__cortex__M011                      SET     128    -0.039056   -0.0032866     0.079957      0.68739 gtex__cortex__M011
gtex__cortex__M012                      SET     107    -0.028386   -0.0021853     0.084255      0.63191 gtex__cortex__M012
gtex__cortex__M013                      SET      85    -0.011787  -0.00080927     0.094843      0.54945 gtex__cortex__M013
gtex__cortex__M014                      SET      61      0.14098    0.0082051      0.11178      0.10362 gtex__cortex__M014
gtex__cortex__M015                      SET      40      0.19535    0.0092124      0.14575     0.090078 gtex__cortex__M015
gtex__cortex__M016                      SET      40     -0.14062   -0.0066311      0.13815      0.84562 gtex__cortex__M016
gtex__cortex__M017                      SET      31      0.03912    0.0016245      0.15221      0.39859 gtex__cortex__M017
gtex__cortex__M018                      SET      31     0.011984   0.00049763      0.15918      0.46999 gtex__cortex__M018
gtex__cortex__M019                      SET      26     0.083472    0.0031748      0.17705      0.31865 gtex__cortex__M019
gtex__cortex__M020                      SET      20      0.23691    0.0079044      0.18316     0.097935 gtex__cortex__M020
gtex__cortex__M021                      SET      14     -0.41929    -0.011706       0.2328      0.96415 gtex__cortex__M021
gtex__cortex__M022                      SET      17     -0.13123    -0.004037      0.20394      0.74004 gtex__cortex__M022
gtex__cortex__M023                      SET      19      0.29684    0.0096531      0.17973     0.049323 gtex__cortex__M023
gtex__cortex__M024                      SET      20      0.15708    0.0052407      0.21247      0.22987 gtex__cortex__M024
gtex__frontal_cortex_ba9__M0...1        SET    3210     0.020516    0.0078625     0.017609        0.122 gtex__frontal_cortex_ba9__M000
gtex__frontal_cortex_ba9__M0...2        SET     964     -0.01797   -0.0040515     0.029691      0.72749 gtex__frontal_cortex_ba9__M001
gtex__frontal_cortex_ba9__M0...3        SET     848     0.054784     0.011624     0.031997     0.043443 gtex__frontal_cortex_ba9__M002
gtex__frontal_cortex_ba9__M0...4        SET     707     0.051952     0.010106     0.033319     0.059479 gtex__frontal_cortex_ba9__M003
gtex__frontal_cortex_ba9__M0...5        SET     644    -0.040732   -0.0075762     0.033789      0.88599 gtex__frontal_cortex_ba9__M004
gtex__frontal_cortex_ba9__M0...6        SET     426     0.023341    0.0035532     0.044047      0.29809 gtex__frontal_cortex_ba9__M005
gtex__frontal_cortex_ba9__M0...7        SET     159    -0.024807   -0.0023245     0.068381      0.64161 gtex__frontal_cortex_ba9__M006
gtex__frontal_cortex_ba9__M0...8        SET     144      0.03087    0.0027541     0.072218      0.33453 gtex__frontal_cortex_ba9__M007
gtex__frontal_cortex_ba9__M0...9        SET     122    -0.082723   -0.0067972     0.080744       0.8472 gtex__frontal_cortex_ba9__M008
gtex__frontal_cortex_ba9__M0...10       SET     109     0.045174    0.0035098     0.077966      0.28116 gtex__frontal_cortex_ba9__M009
gtex__frontal_cortex_ba9__M0...11       SET      77    -0.071983   -0.0047049     0.099558      0.76516 gtex__frontal_cortex_ba9__M010
gtex__frontal_cortex_ba9__M0...12       SET      62    -0.015851  -0.00093002      0.10769      0.55851 gtex__frontal_cortex_ba9__M011
gtex__frontal_cortex_ba9__M0...13       SET      62    -0.015336  -0.00089983      0.11046      0.55521 gtex__frontal_cortex_ba9__M012
gtex__frontal_cortex_ba9__M0...14       SET      52    -0.024318   -0.0013071      0.11959      0.58057 gtex__frontal_cortex_ba9__M013
gtex__frontal_cortex_ba9__M0...15       SET      38     -0.04503   -0.0020698      0.12159      0.64443 gtex__frontal_cortex_ba9__M014
gtex__frontal_cortex_ba9__M0...16       SET      37     0.035891    0.0016279      0.14268       0.4007 gtex__frontal_cortex_ba9__M015
gtex__frontal_cortex_ba9__M0...17       SET      38        0.316     0.014525      0.13593      0.01005 gtex__frontal_cortex_ba9__M016
gtex__frontal_cortex_ba9__M0...18       SET      30      0.23375    0.0095488      0.15024     0.059879 gtex__frontal_cortex_ba9__M017
gtex__frontal_cortex_ba9__M0...19       SET      23     -0.23608   -0.0084459      0.17438      0.91209 gtex__frontal_cortex_ba9__M018
gtex__frontal_cortex_ba9__M0...20       SET      18    -0.028404  -0.00089907      0.20291      0.55566 gtex__frontal_cortex_ba9__M019
gtex__frontal_cortex_ba9__M0...21       SET      12     -0.16757   -0.0043316      0.27675      0.72757 gtex__frontal_cortex_ba9__M020
gtex__hippocampus__M000                 SET    1576     0.033726    0.0095452     0.023272     0.073652 gtex__hippocampus__M000
gtex__hippocampus__M001                 SET    1182    -0.030405   -0.0075417     0.026727      0.87235 gtex__hippocampus__M001
gtex__hippocampus__M002                 SET     921    0.0084958    0.0018746     0.030426      0.39004 gtex__hippocampus__M002
gtex__hippocampus__M003                 SET     598     0.040101    0.0071969     0.036547      0.13628 gtex__hippocampus__M003
gtex__hippocampus__M004                 SET     468   -0.0039997   -0.0006374      0.03966      0.54016 gtex__hippocampus__M004
gtex__hippocampus__M005                 SET     256    -0.067089   -0.0079553     0.054316      0.89161 gtex__hippocampus__M005
gtex__hippocampus__M006                 SET     170    -0.092461   -0.0089562     0.068639      0.91101 gtex__hippocampus__M006
gtex__hippocampus__M007                 SET     136     0.020835    0.0018068     0.079217      0.39627 gtex__hippocampus__M007
gtex__hippocampus__M008                 SET     122    -0.099967   -0.0082141     0.081785       0.8892 gtex__hippocampus__M008
gtex__hippocampus__M009                 SET     132     0.042944    0.0036694     0.079018      0.29341 gtex__hippocampus__M009
gtex__hippocampus__M010                 SET     113     -0.10058   -0.0079557     0.078634      0.89956 gtex__hippocampus__M010
gtex__hippocampus__M011                 SET     108   -0.0094382  -0.00072995      0.08694      0.54322 gtex__hippocampus__M011
gtex__hippocampus__M012                 SET     112    -0.047235   -0.0037198     0.083262      0.71474 gtex__hippocampus__M012
gtex__hippocampus__M013                 SET      78      0.03992     0.002626     0.091772      0.33179 gtex__hippocampus__M013
gtex__hippocampus__M014                 SET      73    -0.021166   -0.0013471      0.09953       0.5842 gtex__hippocampus__M014
gtex__hippocampus__M015                 SET      60      0.18656     0.010769      0.10612     0.039385 gtex__hippocampus__M015
gtex__hippocampus__M016                 SET      52     -0.21015    -0.011296      0.12083      0.95899 gtex__hippocampus__M016
gtex__hippocampus__M017                 SET      48       0.1768    0.0091314       0.1159     0.063581 gtex__hippocampus__M017
gtex__hippocampus__M018                 SET      33      0.05086    0.0021789      0.15054      0.36774 gtex__hippocampus__M018
gtex__hippocampus__M019                 SET      37      0.12738     0.005778      0.15442      0.20471 gtex__hippocampus__M019
gtex__hippocampus__M020                 SET      44      0.23681     0.011711      0.14852     0.055417 gtex__hippocampus__M020
gtex__hippocampus__M021                 SET      49       0.1574    0.0082132      0.13228      0.11705 gtex__hippocampus__M021
gtex__hippocampus__M022                 SET      32      0.27702     0.011687      0.15378     0.035825 gtex__hippocampus__M022
gtex__hippocampus__M023                 SET      33     -0.22538   -0.0096557      0.13917      0.94731 gtex__hippocampus__M023
gtex__hippocampus__M024                 SET      32     0.032673    0.0013784      0.13436      0.40394 gtex__hippocampus__M024
gtex__hippocampus__M025                 SET      28      0.12663     0.004998      0.14651      0.19371 gtex__hippocampus__M025
gtex__hippocampus__M026                 SET      24    -0.083797   -0.0030623       0.1732      0.68574 gtex__hippocampus__M026
gtex__hippocampus__M027                 SET      25    -0.068629   -0.0025596       0.1586      0.66739 gtex__hippocampus__M027
gtex__hippocampus__M028                 SET      17      0.53116      0.01634      0.20727    0.0051982 gtex__hippocampus__M028
gtex__hippocampus__M029                 SET      16      -0.1003   -0.0029934      0.21726      0.67783 gtex__hippocampus__M029
gtex__hypothalamus__M000                SET    1777     0.027599    0.0082433     0.022096      0.10583 gtex__hypothalamus__M000
gtex__hypothalamus__M001                SET     868     0.013869    0.0029754      0.03139      0.32931 gtex__hypothalamus__M001
gtex__hypothalamus__M002                SET     863    -0.021946   -0.0046953     0.030582      0.76349 gtex__hypothalamus__M002
gtex__hypothalamus__M003                SET     427    -0.037547   -0.0057222     0.044172      0.80234 gtex__hypothalamus__M003
gtex__hypothalamus__M004                SET     304     -0.01622    -0.002093     0.049778      0.62772 gtex__hypothalamus__M004
gtex__hypothalamus__M005                SET     213    -0.013577   -0.0014703      0.05953       0.5902 gtex__hypothalamus__M005
gtex__hypothalamus__M006                SET     250      0.06931    0.0081232     0.055383      0.10539 gtex__hypothalamus__M006
gtex__hypothalamus__M007                SET     230     0.088377    0.0099404     0.056581      0.05916 gtex__hypothalamus__M007
gtex__hypothalamus__M008                SET     193     0.085554    0.0088242     0.061045     0.080543 gtex__hypothalamus__M008
gtex__hypothalamus__M009                SET     159    -0.087079   -0.0081599     0.072658      0.88463 gtex__hypothalamus__M009
gtex__hypothalamus__M010                SET     120     0.014418     0.001175     0.076976      0.42571 gtex__hypothalamus__M010
gtex__hypothalamus__M011                SET     122     0.069469    0.0057081     0.080062      0.19279 gtex__hypothalamus__M011
gtex__hypothalamus__M012                SET      79       0.1269    0.0084005     0.094575     0.089848 gtex__hypothalamus__M012
gtex__hypothalamus__M013                SET      86     -0.14968    -0.010336     0.098322      0.93603 gtex__hypothalamus__M013
gtex__hypothalamus__M014                SET      77     0.057512     0.003759      0.10379      0.28974 gtex__hypothalamus__M014
gtex__hypothalamus__M015                SET      75     0.016007    0.0010326     0.096116      0.43387 gtex__hypothalamus__M015
gtex__hypothalamus__M016                SET      87      -0.0292   -0.0020281     0.088312      0.62954 gtex__hypothalamus__M016
gtex__hypothalamus__M017                SET      72      0.11313     0.007151     0.096824      0.12134 gtex__hypothalamus__M017
gtex__hypothalamus__M018                SET      52     -0.13786   -0.0074102      0.11306      0.88865 gtex__hypothalamus__M018
gtex__hypothalamus__M019                SET      46     0.044673    0.0022587      0.13049      0.36605 gtex__hypothalamus__M019
gtex__hypothalamus__M020                SET      51     -0.12764   -0.0067944      0.13135       0.8344 gtex__hypothalamus__M020
gtex__hypothalamus__M021                SET      23      0.12691    0.0045404      0.16933      0.22678 gtex__hypothalamus__M021
gtex__hypothalamus__M022                SET      33     0.065489    0.0028056      0.15225      0.33355 gtex__hypothalamus__M022
gtex__hypothalamus__M023                SET      30     0.072965    0.0029807      0.15951      0.32368 gtex__hypothalamus__M023
gtex__hypothalamus__M024                SET      18      -0.1024   -0.0032414      0.21506      0.68302 gtex__hypothalamus__M024
gtex__hypothalamus__M025                SET      18     0.058088    0.0018387      0.20768      0.38986 gtex__hypothalamus__M025
gtex__hypothalamus__M026                SET      18     -0.07365   -0.0023313      0.20994      0.63713 gtex__hypothalamus__M026
gtex__nucleus_accumbens_basa...1        SET    2875     0.016418    0.0060219      0.01817      0.18311 gtex__nucleus_accumbens_basal_ganglia__M000
gtex__nucleus_accumbens_basa...2        SET     922   0.00013538   2.9886e-05     0.031202      0.49827 gtex__nucleus_accumbens_basal_ganglia__M001
gtex__nucleus_accumbens_basa...3        SET     465    -0.037323   -0.0059293     0.039283      0.82896 gtex__nucleus_accumbens_basal_ganglia__M002
gtex__nucleus_accumbens_basa...4        SET     364    -0.025985    -0.003663       0.0436      0.72441 gtex__nucleus_accumbens_basal_ganglia__M003
gtex__nucleus_accumbens_basa...5        SET     270    0.0012877   0.00015676      0.05132      0.48999 gtex__nucleus_accumbens_basal_ganglia__M004
gtex__nucleus_accumbens_basa...6        SET     255   0.00043118    5.103e-05     0.057255        0.497 gtex__nucleus_accumbens_basal_ganglia__M005
gtex__nucleus_accumbens_basa...7        SET     197    -0.027988   -0.0029162      0.06365      0.66993 gtex__nucleus_accumbens_basal_ganglia__M006
gtex__nucleus_accumbens_basa...8        SET     209     0.073168    0.0078497      0.05952      0.10949 gtex__nucleus_accumbens_basal_ganglia__M007
gtex__nucleus_accumbens_basa...9        SET     183     -0.18214    -0.018298     0.066861      0.99677 gtex__nucleus_accumbens_basal_ganglia__M008
gtex__nucleus_accumbens_basa...10       SET      96   -0.0031802  -0.00023197     0.088015      0.51441 gtex__nucleus_accumbens_basal_ganglia__M009
gtex__nucleus_accumbens_basa...11       SET      73   -0.0056047  -0.00035673      0.10601      0.52108 gtex__nucleus_accumbens_basal_ganglia__M010
gtex__nucleus_accumbens_basa...12       SET      64    -0.070421   -0.0041978      0.11061      0.73782 gtex__nucleus_accumbens_basal_ganglia__M011
gtex__nucleus_accumbens_basa...13       SET      66     -0.21645    -0.013102      0.10385      0.98142 gtex__nucleus_accumbens_basal_ganglia__M012
gtex__nucleus_accumbens_basa...14       SET      66     0.074521    0.0045108     0.099638      0.22726 gtex__nucleus_accumbens_basal_ganglia__M013
gtex__nucleus_accumbens_basa...15       SET      43      0.10648    0.0052058      0.13151      0.20906 gtex__nucleus_accumbens_basal_ganglia__M014
gtex__nucleus_accumbens_basa...16       SET      43      0.26243      0.01283       0.1443     0.034493 gtex__nucleus_accumbens_basal_ganglia__M015
gtex__nucleus_accumbens_basa...17       SET      46    -0.065279   -0.0033007      0.13872      0.68103 gtex__nucleus_accumbens_basal_ganglia__M016
gtex__nucleus_accumbens_basa...18       SET      34     -0.29678    -0.012905      0.14162      0.98194 gtex__nucleus_accumbens_basal_ganglia__M017
gtex__nucleus_accumbens_basa...19       SET      40      0.17615    0.0083069      0.14019      0.10447 gtex__nucleus_accumbens_basal_ganglia__M018
gtex__nucleus_accumbens_basa...20       SET      34      0.25932     0.011277      0.15177     0.043764 gtex__nucleus_accumbens_basal_ganglia__M019
gtex__nucleus_accumbens_basa...21       SET      30      0.14845    0.0060645      0.15726      0.17259 gtex__nucleus_accumbens_basal_ganglia__M020
gtex__nucleus_accumbens_basa...22       SET      16    -0.020508  -0.00061207      0.20935      0.53902 gtex__nucleus_accumbens_basal_ganglia__M021
gtex__nucleus_accumbens_basa...23       SET      20       0.1266     0.004224      0.18055      0.24159 gtex__nucleus_accumbens_basal_ganglia__M022
gtex__nucleus_accumbens_basa...24       SET      25      0.35247     0.013146      0.19677     0.036631 gtex__nucleus_accumbens_basal_ganglia__M023
gtex__nucleus_accumbens_basa...25       SET      21     -0.34521    -0.011802      0.17059      0.97849 gtex__nucleus_accumbens_basal_ganglia__M024
gtex__nucleus_accumbens_basa...26       SET      19     -0.16587   -0.0053942      0.18293      0.81773 gtex__nucleus_accumbens_basal_ganglia__M025
gtex__nucleus_accumbens_basa...27       SET      17      -0.3382    -0.010404      0.22791      0.93108 gtex__nucleus_accumbens_basal_ganglia__M026
gtex__putamen_basal_ganglia_...1        SET    1421    0.0017651    0.0004766     0.024956      0.47181 gtex__putamen_basal_ganglia__M000
gtex__putamen_basal_ganglia_...2        SET    1224     0.018346    0.0046249      0.02642      0.24372 gtex__putamen_basal_ganglia__M001
gtex__putamen_basal_ganglia_...3        SET     897     0.016457    0.0035861     0.030692      0.29591 gtex__putamen_basal_ganglia__M002
gtex__putamen_basal_ganglia_...4        SET     383     -0.09496    -0.013723     0.043636      0.98522 gtex__putamen_basal_ganglia__M003
gtex__putamen_basal_ganglia_...5        SET     360     0.020432    0.0028646     0.045697      0.32739 gtex__putamen_basal_ganglia__M004
gtex__putamen_basal_ganglia_...6        SET     366    -0.073989    -0.010458     0.047085      0.94194 gtex__putamen_basal_ganglia__M005
gtex__putamen_basal_ganglia_...7        SET     281     0.049127    0.0060989     0.049576      0.16087 gtex__putamen_basal_ganglia__M006
gtex__putamen_basal_ganglia_...8        SET     301     0.027738    0.0035619     0.049102      0.28607 gtex__putamen_basal_ganglia__M007
gtex__putamen_basal_ganglia_...9        SET     176     0.081656    0.0080466     0.069187      0.11896 gtex__putamen_basal_ganglia__M008
gtex__putamen_basal_ganglia_...10       SET     157     0.033195    0.0030912     0.069891      0.31741 gtex__putamen_basal_ganglia__M009
gtex__putamen_basal_ganglia_...11       SET     140   -0.0045372  -0.00039917     0.071189      0.52541 gtex__putamen_basal_ganglia__M010
gtex__putamen_basal_ganglia_...12       SET     104     0.049911    0.0037884     0.090185      0.28999 gtex__putamen_basal_ganglia__M011
gtex__putamen_basal_ganglia_...13       SET      75      -0.0946   -0.0061026     0.097774      0.83335 gtex__putamen_basal_ganglia__M012
gtex__putamen_basal_ganglia_...14       SET      94   -0.0082462  -0.00059523     0.093933      0.53498 gtex__putamen_basal_ganglia__M013
gtex__putamen_basal_ganglia_...15       SET      77    -0.012004  -0.00078456      0.10365       0.5461 gtex__putamen_basal_ganglia__M014
gtex__putamen_basal_ganglia_...16       SET      89   -0.0028358   -0.0001992     0.083739      0.51351 gtex__putamen_basal_ganglia__M015
gtex__putamen_basal_ganglia_...17       SET      45    -0.092727   -0.0046374      0.12693      0.76746 gtex__putamen_basal_ganglia__M016
gtex__putamen_basal_ganglia_...18       SET      27    -0.029336    -0.001137      0.16159      0.57203 gtex__putamen_basal_ganglia__M017
gtex__putamen_basal_ganglia_...19       SET      26     0.053903    0.0020502      0.15996      0.36807 gtex__putamen_basal_ganglia__M018
gtex__putamen_basal_ganglia_...20       SET      17      0.25826    0.0079446      0.18265     0.078698 gtex__putamen_basal_ganglia__M019
gtex__putamen_basal_ganglia_...21       SET      26      0.17649    0.0067128      0.16863      0.14764 gtex__putamen_basal_ganglia__M020
gtex__putamen_basal_ganglia_...22       SET      21    -0.032742   -0.0011193      0.18856      0.56893 gtex__putamen_basal_ganglia__M021
gtex__putamen_basal_ganglia_...23       SET      15      0.20693    0.0059797      0.21208      0.16462 gtex__putamen_basal_ganglia__M022
gtex__putamen_basal_ganglia_...24       SET      21     -0.10384     -0.00355       0.2041      0.69455 gtex__putamen_basal_ganglia__M023
gtex__putamen_basal_ganglia_...25       SET      16    -0.026436    -0.000789      0.22542      0.54668 gtex__putamen_basal_ganglia__M024
gtex__putamen_basal_ganglia_...26       SET      15       0.1838    0.0053116      0.24763      0.22897 gtex__putamen_basal_ganglia__M025
gtex__putamen_basal_ganglia_...27       SET      17      0.41231     0.012684       0.2069     0.023152 gtex__putamen_basal_ganglia__M026
gtex__spinal_cord_cervical_c...1        SET    1674     0.033903    0.0098595     0.022587     0.066691 gtex__spinal_cord_cervical_c_1__M000
gtex__spinal_cord_cervical_c...2        SET     935     0.027495    0.0061102     0.029818      0.17825 gtex__spinal_cord_cervical_c_1__M001
gtex__spinal_cord_cervical_c...3        SET     319    -0.013876   -0.0018334     0.047158      0.61571 gtex__spinal_cord_cervical_c_1__M002
gtex__spinal_cord_cervical_c...4        SET     319    -0.042683   -0.0056397     0.052363       0.7925 gtex__spinal_cord_cervical_c_1__M003
gtex__spinal_cord_cervical_c...5        SET     274    -0.045082   -0.0055277     0.053211      0.80156 gtex__spinal_cord_cervical_c_1__M004
gtex__spinal_cord_cervical_c...6        SET     191      0.04237    0.0043477     0.062166      0.24776 gtex__spinal_cord_cervical_c_1__M005
gtex__spinal_cord_cervical_c...7        SET     205     -0.02769   -0.0029424     0.059998      0.67778 gtex__spinal_cord_cervical_c_1__M006
gtex__spinal_cord_cervical_c...8        SET     192     0.020481     0.002107     0.064315      0.37508 gtex__spinal_cord_cervical_c_1__M007
gtex__spinal_cord_cervical_c...9        SET     173     -0.17172    -0.016778     0.065942      0.99539 gtex__spinal_cord_cervical_c_1__M008
gtex__spinal_cord_cervical_c...10       SET     168     0.021817     0.002101     0.062923       0.3644 gtex__spinal_cord_cervical_c_1__M009
gtex__spinal_cord_cervical_c...11       SET     177     0.059521    0.0058818     0.062608      0.17089 gtex__spinal_cord_cervical_c_1__M010
gtex__spinal_cord_cervical_c...12       SET     138     -0.13295    -0.011613     0.075112      0.96163 gtex__spinal_cord_cervical_c_1__M011
gtex__spinal_cord_cervical_c...13       SET     140    0.0067927    0.0005976     0.076267      0.46452 gtex__spinal_cord_cervical_c_1__M012
gtex__spinal_cord_cervical_c...14       SET      98     0.067625    0.0049835     0.084266      0.21113 gtex__spinal_cord_cervical_c_1__M013
gtex__spinal_cord_cervical_c...15       SET      84    -0.073708   -0.0050308     0.096674      0.77709 gtex__spinal_cord_cervical_c_1__M014
gtex__spinal_cord_cervical_c...16       SET      85     0.058984    0.0040496     0.086741      0.24826 gtex__spinal_cord_cervical_c_1__M015
gtex__spinal_cord_cervical_c...17       SET      74    -0.067148   -0.0043028      0.10731      0.73425 gtex__spinal_cord_cervical_c_1__M016
gtex__spinal_cord_cervical_c...18       SET      66    -0.017924   -0.0010849      0.11201      0.56356 gtex__spinal_cord_cervical_c_1__M017
gtex__spinal_cord_cervical_c...19       SET      68       0.2492      0.01531      0.10146    0.0070282 gtex__spinal_cord_cervical_c_1__M018
gtex__spinal_cord_cervical_c...20       SET      60   0.00061477   3.5487e-05      0.10841      0.49774 gtex__spinal_cord_cervical_c_1__M019
gtex__spinal_cord_cervical_c...21       SET      46      -0.1145   -0.0057892      0.12488      0.82039 gtex__spinal_cord_cervical_c_1__M020
gtex__spinal_cord_cervical_c...22       SET      17     -0.12796   -0.0039362      0.22808       0.7126 gtex__spinal_cord_cervical_c_1__M021
gtex__spinal_cord_cervical_c...23       SET      23      0.12001    0.0042935      0.19593       0.2701 gtex__spinal_cord_cervical_c_1__M022
gtex__spinal_cord_cervical_c...24       SET      28     -0.15052   -0.0059407      0.16391      0.82077 gtex__spinal_cord_cervical_c_1__M023
gtex__spinal_cord_cervical_c...25       SET      20      0.25866    0.0086298      0.19316     0.090285 gtex__spinal_cord_cervical_c_1__M024
gtex__substantia_nigra__M000            SET    1522      0.03901     0.010868     0.023752     0.050266 gtex__substantia_nigra__M000
gtex__substantia_nigra__M001            SET     877    -0.023078   -0.0049754     0.030587      0.77472 gtex__substantia_nigra__M001
gtex__substantia_nigra__M002            SET     785    -0.010105   -0.0020667     0.033207      0.61955 gtex__substantia_nigra__M002
gtex__substantia_nigra__M003            SET     565    0.0034961   0.00061047     0.037132      0.46249 gtex__substantia_nigra__M003
gtex__substantia_nigra__M004            SET     489    -0.028107   -0.0045759     0.037779      0.77155 gtex__substantia_nigra__M004
gtex__substantia_nigra__M005            SET     224     0.016967    0.0018836     0.058646      0.38618 gtex__substantia_nigra__M005
gtex__substantia_nigra__M006            SET     179    -0.096257   -0.0095651     0.066869      0.92498 gtex__substantia_nigra__M006
gtex__substantia_nigra__M007            SET     161    -0.035962   -0.0033908     0.066539      0.70556 gtex__substantia_nigra__M007
gtex__substantia_nigra__M008            SET     152   -0.0091704  -0.00084036     0.066615      0.55475 gtex__substantia_nigra__M008
gtex__substantia_nigra__M009            SET     137    -0.026077   -0.0022696     0.074299      0.63719 gtex__substantia_nigra__M009
gtex__substantia_nigra__M010            SET      84     0.029213    0.0019939      0.09436      0.37844 gtex__substantia_nigra__M010
gtex__substantia_nigra__M011            SET      88    -0.043101   -0.0030107     0.094387      0.67603 gtex__substantia_nigra__M011
gtex__substantia_nigra__M012            SET      87      0.16207     0.011256     0.089409     0.034953 gtex__substantia_nigra__M012
gtex__substantia_nigra__M013            SET      78    -0.056776   -0.0037348     0.097424      0.71997 gtex__substantia_nigra__M013
gtex__substantia_nigra__M014            SET      76      0.12037    0.0078165     0.094972      0.10251 gtex__substantia_nigra__M014
gtex__substantia_nigra__M015            SET      70    -0.089282   -0.0055651      0.10759      0.79667 gtex__substantia_nigra__M015
gtex__substantia_nigra__M016            SET      74    -0.052311   -0.0033521      0.10753      0.68668 gtex__substantia_nigra__M016
gtex__substantia_nigra__M017            SET      59      0.11959    0.0068454      0.11462       0.1484 gtex__substantia_nigra__M017
gtex__substantia_nigra__M018            SET      65     -0.11551    -0.006939      0.10793      0.85774 gtex__substantia_nigra__M018
gtex__substantia_nigra__M019            SET      64     0.099785    0.0059482      0.10416      0.16903 gtex__substantia_nigra__M019
gtex__substantia_nigra__M020            SET      53    -0.031263   -0.0016964      0.11888      0.60371 gtex__substantia_nigra__M020
gtex__substantia_nigra__M021            SET      25     -0.20487   -0.0076409      0.16234      0.89651 gtex__substantia_nigra__M021
gtex__substantia_nigra__M022            SET      28     -0.12689   -0.0050081      0.15858      0.78818 gtex__substantia_nigra__M022
gtex__substantia_nigra__M023            SET      21     -0.21807    -0.007455      0.17331      0.89584 gtex__substantia_nigra__M023
brainseq__caudate__M000                 SET     642    -0.027314   -0.0050728     0.034901      0.78306 brainseq__caudate__M000
brainseq__caudate__M001                 SET     992    0.0065294    0.0014921     0.029769       0.4132 brainseq__caudate__M001
brainseq__caudate__M002                 SET     817     0.059449     0.012392     0.032821     0.035058 brainseq__caudate__M002
brainseq__caudate__M003                 SET     838    -0.022772   -0.0048045     0.031948      0.76201 brainseq__caudate__M003
brainseq__caudate__M004                 SET     662     0.040319    0.0075995     0.035398      0.12736 brainseq__caudate__M004
brainseq__caudate__M005                 SET     359     0.017408    0.0024374     0.043416      0.34422 brainseq__caudate__M005
brainseq__caudate__M006                 SET     342     0.043173    0.0059027     0.047162      0.17999 brainseq__caudate__M006
brainseq__caudate__M007                 SET     220    -0.042164   -0.0046396     0.057329      0.76897 brainseq__caudate__M007
brainseq__caudate__M008                 SET     213    -0.019639   -0.0021268     0.057793        0.633 brainseq__caudate__M008
brainseq__caudate__M009                 SET     157    -0.018881   -0.0017582     0.069334      0.60731 brainseq__caudate__M009
brainseq__caudate__M010                 SET     105     -0.11543   -0.0088032     0.090273      0.89948 brainseq__caudate__M010
brainseq__caudate__M011                 SET      56      0.16545    0.0092274       0.1189     0.082053 brainseq__caudate__M011
brainseq__caudate__M012                 SET      30      0.03644    0.0014886       0.1632      0.41166 brainseq__caudate__M012
brainseq__hippocampus__M000             SET     591    -0.027405   -0.0048905     0.038933      0.75925 brainseq__hippocampus__M000
brainseq__hippocampus__M001             SET     579     0.050146    0.0088605     0.038233      0.09484 brainseq__hippocampus__M001
brainseq__hippocampus__M002             SET     555    0.0061024    0.0010564     0.039859      0.43916 brainseq__hippocampus__M002
brainseq__hippocampus__M003             SET     468     0.015906    0.0025348     0.041542      0.35091 brainseq__hippocampus__M003
brainseq__hippocampus__M004             SET     438    -0.023725   -0.0036609     0.040678      0.72013 brainseq__hippocampus__M004
brainseq__hippocampus__M005             SET     300     0.002333    0.0002991     0.051005      0.48176 brainseq__hippocampus__M005
brainseq__hippocampus__M006             SET     311      0.05508    0.0071875     0.051042      0.14028 brainseq__hippocampus__M006
brainseq__hippocampus__M007             SET     273    0.0047551     0.000582     0.055262      0.46571 brainseq__hippocampus__M007
brainseq__hippocampus__M008             SET     254     -0.01323   -0.0015627     0.055462      0.59426 brainseq__hippocampus__M008
brainseq__hippocampus__M009             SET     160    -0.016477   -0.0015488       0.0732      0.58905 brainseq__hippocampus__M009
brainseq__hippocampus__M010             SET      70    -0.055543   -0.0034621      0.10742      0.69744 brainseq__hippocampus__M010
brainseq__hippocampus__M011             SET      59      0.19094      0.01093      0.11034     0.041782 brainseq__hippocampus__M011
brainseq__hippocampus__M012             SET      36     0.092102    0.0041209      0.14747      0.26613 brainseq__hippocampus__M012
brainseq__hippocampus__M013             SET      37    -0.033344   -0.0015124      0.13995      0.59415 brainseq__hippocampus__M013
brainseq__hippocampus__M014             SET      32      0.18797    0.0079303         0.17      0.13442 brainseq__hippocampus__M014
brainseq__hippocampus__M015             SET      19      0.14424    0.0046907      0.21621      0.25235 brainseq__hippocampus__M015
brainseq__dlpfc__M000                   SET     807   -0.0023831  -0.00049385      0.03332      0.52851 brainseq__dlpfc__M000
brainseq__dlpfc__M001                   SET     718     0.025334    0.0049648     0.034724      0.23283 brainseq__dlpfc__M001
brainseq__dlpfc__M002                   SET     716    -0.049455    -0.009679     0.035125      0.92042 brainseq__dlpfc__M002
brainseq__dlpfc__M003                   SET     547    -0.047241   -0.0081207     0.037634       0.8953 brainseq__dlpfc__M003
brainseq__dlpfc__M004                   SET     535     0.019713    0.0033525     0.037401      0.29907 brainseq__dlpfc__M004
brainseq__dlpfc__M005                   SET     504     0.042787    0.0070689     0.039815      0.14127 brainseq__dlpfc__M005
brainseq__dlpfc__M006                   SET     431     0.046145    0.0070646     0.042923      0.14118 brainseq__dlpfc__M006
brainseq__dlpfc__M007                   SET     302     -0.02326   -0.0029919     0.051281      0.67494 brainseq__dlpfc__M007
brainseq__dlpfc__M008                   SET     177      0.11091      0.01096      0.06428     0.042241 brainseq__dlpfc__M008
brainseq__dlpfc__M009                   SET     112      0.15524     0.012226     0.081234     0.028006 brainseq__dlpfc__M009
brainseq__caudate_sczd__M000            SET     763   -0.0011468  -0.00023138     0.032102      0.51425 brainseq__caudate_sczd__M000
brainseq__caudate_sczd__M001            SET    1413      0.03567    0.0096066     0.025175     0.078268 brainseq__caudate_sczd__M001
brainseq__caudate_sczd__M002            SET    1046    -0.014025   -0.0032859     0.028846      0.68659 brainseq__caudate_sczd__M002
brainseq__caudate_sczd__M003            SET     776    -0.023063   -0.0046909      0.03369      0.75319 brainseq__caudate_sczd__M003
brainseq__caudate_sczd__M004            SET     359     0.024181    0.0033857     0.048617      0.30946 brainseq__caudate_sczd__M004
brainseq__caudate_sczd__M005            SET     335     0.027709    0.0037502     0.045314      0.27044 brainseq__caudate_sczd__M005
brainseq__caudate_sczd__M006            SET     295    -0.014368   -0.0018269     0.049177      0.61492 brainseq__caudate_sczd__M006
brainseq__caudate_sczd__M007            SET     216    -0.010882   -0.0011866      0.05628      0.57666 brainseq__caudate_sczd__M007
brainseq__caudate_sczd__M008            SET     171     0.031786    0.0030879     0.065141      0.31279 brainseq__caudate_sczd__M008
brainseq__caudate_sczd__M009            SET     144    -0.060076   -0.0053596     0.073803      0.79217 brainseq__caudate_sczd__M009
brainseq__caudate_sczd__M010            SET      77    -0.059157   -0.0038665      0.09595      0.73123 brainseq__caudate_sczd__M010
brainseq__caudate_sczd__M011            SET      48    -0.047638   -0.0024603      0.13468      0.63822 brainseq__caudate_sczd__M011
