# MEAN_SAMPLE_SIZE = 29633
# TOTAL_GENES = 17948
# TEST_DIRECTION = one-sided, positive (set), two-sided (covar)
# CONDITIONED_INTERNAL = gene size, gene density, inverse mac, log(gene size), log(gene density), log(inverse mac)
VARIABLE                               TYPE  NGENES         BETA     BETA_STD           SE            P FULL_NAME
gtex__amygdala__M000                    SET   12335     0.016534    0.0076656     0.015846      0.14838 gtex__amygdala__M000
gtex__amygdala__M001                    SET     435    -0.034657   -0.0053298      0.04573      0.77573 gtex__amygdala__M001
gtex__amygdala__M002                    SET     451     0.089453     0.014001     0.044898     0.023173 gtex__amygdala__M002
gtex__amygdala__M003                    SET     287   -0.0068626  -0.00086086     0.054477      0.55012 gtex__amygdala__M003
gtex__amygdala__M004                    SET     181     0.059124    0.0059076     0.071932      0.20556 gtex__amygdala__M004
gtex__amygdala__M006                    SET      95     0.069306     0.005029     0.094361      0.23134 gtex__amygdala__M006
gtex__amygdala__M005                    SET      64      0.15978    0.0095245      0.10931     0.071927 gtex__amygdala__M005
gtex__anterior_cingulate_cor...1        SET   11601    0.0061189    0.0029255     0.015238      0.34401 gtex__anterior_cingulate_cortex_ba24__M000
gtex__anterior_cingulate_cor...4        SET     242     0.032551    0.0037543     0.059891      0.29339 gtex__anterior_cingulate_cortex_ba24__M003
gtex__anterior_cingulate_cor...3        SET     434      0.12021     0.018465     0.045521     0.004141 gtex__anterior_cingulate_cortex_ba24__M002
gtex__anterior_cingulate_cor...2        SET     854     0.037537    0.0079911     0.032912      0.12704 gtex__anterior_cingulate_cortex_ba24__M001
gtex__anterior_cingulate_cor...7        SET     120      0.10012    0.0081598     0.079099       0.1028 gtex__anterior_cingulate_cortex_ba24__M006
gtex__anterior_cingulate_cor...5        SET     259    -0.033486   -0.0039936     0.058358      0.71694 gtex__anterior_cingulate_cortex_ba24__M004
gtex__anterior_cingulate_cor...6        SET     191     0.075289    0.0077256     0.069112        0.138 gtex__anterior_cingulate_cortex_ba24__M005
gtex__caudate_basal_ganglia_...1        SET   10826     0.016566     0.008105     0.014779      0.13117 gtex__caudate_basal_ganglia__M000
gtex__caudate_basal_ganglia_...2        SET    1202     0.031896    0.0079733     0.027541      0.12341 gtex__caudate_basal_ganglia__M001
gtex__caudate_basal_ganglia_...5        SET     400    -0.044137   -0.0065155     0.047616      0.82302 gtex__caudate_basal_ganglia__M004
gtex__caudate_basal_ganglia_...4        SET     496   -0.0062869   -0.0010306     0.042676      0.55856 gtex__caudate_basal_ganglia__M003
gtex__caudate_basal_ganglia_...6        SET     241     0.074847    0.0086149     0.063749      0.12019 gtex__caudate_basal_ganglia__M005
gtex__caudate_basal_ganglia_...3        SET     686     0.038343    0.0073518     0.037295      0.15195 gtex__caudate_basal_ganglia__M002
gtex__cerebellar_hemisphere_...1        SET   10515    0.0033492    0.0016498     0.015045      0.41192 gtex__cerebellar_hemisphere__M000
gtex__cerebellar_hemisphere_...3        SET     587    0.0055618   0.00098928     0.042713       0.4482 gtex__cerebellar_hemisphere__M002
gtex__cerebellar_hemisphere_...2        SET     907     0.035174    0.0077049     0.032713      0.14115 gtex__cerebellar_hemisphere__M001
gtex__cerebellar_hemisphere_...10       SET     154     0.074916    0.0069098     0.081097      0.17781 gtex__cerebellar_hemisphere__M009
gtex__cerebellar_hemisphere_...5        SET      77      0.11195    0.0073172     0.097786      0.12614 gtex__cerebellar_hemisphere__M004
gtex__cerebellar_hemisphere_...8        SET     123    -0.017143   -0.0014143     0.076685      0.58845 gtex__cerebellar_hemisphere__M007
gtex__cerebellar_hemisphere_...4        SET     236     0.033083    0.0037687      0.05434      0.27133 gtex__cerebellar_hemisphere__M003
gtex__cerebellar_hemisphere_...9        SET     188      0.12308     0.012531     0.068243      0.03566 gtex__cerebellar_hemisphere__M008
gtex__cerebellar_hemisphere_...7        SET     244     0.034548    0.0040008      0.06078      0.28488 gtex__cerebellar_hemisphere__M006
gtex__cerebellar_hemisphere_...6        SET     275     0.079672    0.0097864     0.058891     0.088056 gtex__cerebellar_hemisphere__M005
gtex__cerebellar_hemisphere_...11       SET      66    -0.083264   -0.0050401      0.11719      0.76129 gtex__cerebellar_hemisphere__M010
gtex__cerebellum__M000                  SET   10016     0.014116    0.0070107     0.014695      0.16837 gtex__cerebellum__M000
gtex__cerebellum__M001                  SET     888     0.020598    0.0044671     0.032748      0.26468 gtex__cerebellum__M001
gtex__cerebellum__M003                  SET     287       0.0348    0.0043654     0.049401      0.24058 gtex__cerebellum__M003
gtex__cerebellum__M004                  SET     337     0.061397    0.0083339     0.052574      0.12145 gtex__cerebellum__M004
gtex__cerebellum__M005                  SET     373      0.10851      0.01548     0.052207     0.018841 gtex__cerebellum__M005
gtex__cerebellum__M009                  SET     118    -0.013367   -0.0010803      0.08112      0.56544 gtex__cerebellum__M009
gtex__cerebellum__M007                  SET     113    -0.091808   -0.0072619     0.078049      0.88025 gtex__cerebellum__M007
gtex__cerebellum__M006                  SET     256     0.064229    0.0076162      0.05815      0.13468 gtex__cerebellum__M006
gtex__cerebellum__M002                  SET     566    -0.021724   -0.0037966     0.043033      0.69315 gtex__cerebellum__M002
gtex__cerebellum__M010                  SET      94      0.06615    0.0047748     0.097921      0.24967 gtex__cerebellum__M010
gtex__cerebellum__M008                  SET     150    -0.024433   -0.0022243     0.077357      0.62394 gtex__cerebellum__M008
gtex__cerebellum__M014                  SET      47      0.13064    0.0066769      0.12544      0.14884 gtex__cerebellum__M014
gtex__cerebellum__M012                  SET      72      -0.1569   -0.0099182       0.1123      0.91882 gtex__cerebellum__M012
gtex__cerebellum__M013                  SET      42     -0.17837   -0.0086188      0.15254      0.87886 gtex__cerebellum__M013
gtex__cerebellum__M011                  SET      63      0.33408     0.019759      0.10673   0.00087544 gtex__cerebellum__M011
gtex__cortex__M000                      SET   10518    0.0081154    0.0039973     0.014745      0.29103 gtex__cortex__M000
gtex__cortex__M005                      SET     257     0.012437    0.0014775     0.059836      0.41768 gtex__cortex__M005
gtex__cortex__M003                      SET     651      0.05063    0.0094663     0.037476     0.088359 gtex__cortex__M003
gtex__cortex__M008                      SET     136     0.021986    0.0019067     0.079751       0.3914 gtex__cortex__M008
gtex__cortex__M010                      SET      53    -0.086216   -0.0046783      0.12722      0.75102 gtex__cortex__M010
gtex__cortex__M004                      SET     446     0.047368    0.0073738     0.047459      0.15913 gtex__cortex__M004
gtex__cortex__M002                      SET     522  -0.00049757  -8.3614e-05     0.040839      0.50486 gtex__cortex__M002
gtex__cortex__M009                      SET      69     0.085204    0.0052729      0.11459      0.22858 gtex__cortex__M009
gtex__cortex__M001                      SET     809     0.026564    0.0055114     0.033545      0.21421 gtex__cortex__M001
gtex__cortex__M006                      SET     178     -0.13009    -0.012892     0.075783      0.95697 gtex__cortex__M006
gtex__cortex__M007                      SET     174     0.036715    0.0035975     0.062762      0.27928 gtex__cortex__M007
gtex__frontal_cortex_ba9__M0...1        SET   10581   -0.0030808   -0.0015156      0.01459      0.58362 gtex__frontal_cortex_ba9__M000
gtex__frontal_cortex_ba9__M0...3        SET     607     0.073889     0.013357     0.037932      0.02572 gtex__frontal_cortex_ba9__M002
gtex__frontal_cortex_ba9__M0...2        SET    1378     0.028444     0.007573     0.025751      0.13468 gtex__frontal_cortex_ba9__M001
gtex__frontal_cortex_ba9__M0...6        SET     194     0.059735    0.0061769     0.059677      0.15843 gtex__frontal_cortex_ba9__M005
gtex__frontal_cortex_ba9__M0...4        SET     544     0.057419    0.0098441     0.041783     0.084696 gtex__frontal_cortex_ba9__M003
gtex__frontal_cortex_ba9__M0...5        SET     254      -0.0223   -0.0026341     0.060487      0.64381 gtex__frontal_cortex_ba9__M004
gtex__frontal_cortex_ba9__M0...7        SET     168     0.079159    0.0076228     0.076308      0.14979 gtex__frontal_cortex_ba9__M006
gtex__hippocampus__M000                 SET   12182     0.025224     0.011779     0.015644     0.053454 gtex__hippocampus__M000
gtex__hippocampus__M001                 SET    1096      0.03847     0.009212     0.029171     0.093631 gtex__hippocampus__M001
gtex__hippocampus__M002                 SET     530    -0.030853   -0.0052231     0.040278      0.77816 gtex__hippocampus__M002
gtex__hippocampus__M003                 SET      96      0.13056    0.0095235      0.10417      0.10504 gtex__hippocampus__M003
gtex__hypothalamus__M000                SET   11109     0.019036    0.0092449     0.014742     0.098315 gtex__hypothalamus__M000
gtex__hypothalamus__M003                SET     409    -0.037193   -0.0055503     0.046089      0.79015 gtex__hypothalamus__M003
gtex__hypothalamus__M001                SET    1453     0.008909    0.0024302      0.02512      0.36142 gtex__hypothalamus__M001
gtex__hypothalamus__M004                SET     355    -0.048632   -0.0067718     0.049862      0.83529 gtex__hypothalamus__M004
gtex__hypothalamus__M002                SET     546     0.015465    0.0026561     0.040594      0.35162 gtex__hypothalamus__M002
gtex__hypothalamus__M005                SET     248      0.07646    0.0089257     0.061866      0.10826 gtex__hypothalamus__M005
gtex__nucleus_accumbens_basa...1        SET   11991     0.013959    0.0065734     0.015664      0.18643 gtex__nucleus_accumbens_basal_ganglia__M000
gtex__nucleus_accumbens_basa...3        SET     359     0.045555    0.0063782     0.050006      0.18116 gtex__nucleus_accumbens_basal_ganglia__M002
gtex__nucleus_accumbens_basa...2        SET     487     0.070155     0.011399     0.043233     0.052334 gtex__nucleus_accumbens_basal_ganglia__M001
gtex__nucleus_accumbens_basa...7        SET     187    -0.082484   -0.0083756     0.067392       0.8895 gtex__nucleus_accumbens_basal_ganglia__M006
gtex__nucleus_accumbens_basa...5        SET     232     0.078854    0.0089073     0.063961      0.10883 gtex__nucleus_accumbens_basal_ganglia__M004
gtex__nucleus_accumbens_basa...6        SET     209    -0.033654   -0.0036106     0.069973      0.68472 gtex__nucleus_accumbens_basal_ganglia__M005
gtex__nucleus_accumbens_basa...4        SET     364     -0.01371   -0.0019326     0.049464      0.60917 gtex__nucleus_accumbens_basal_ganglia__M003
gtex__putamen_basal_ganglia_...1        SET   11464     0.009673    0.0046467     0.015277      0.26332 gtex__putamen_basal_ganglia__M000
gtex__putamen_basal_ganglia_...7        SET      65    -0.033889   -0.0020358      0.11031      0.62066 gtex__putamen_basal_ganglia__M006
gtex__putamen_basal_ganglia_...2        SET    1141     0.030356    0.0074068     0.028897      0.14675 gtex__putamen_basal_ganglia__M001
gtex__putamen_basal_ganglia_...5        SET     256     0.024901    0.0029527     0.060027      0.33914 gtex__putamen_basal_ganglia__M004
gtex__putamen_basal_ganglia_...4        SET     273    0.0011922   0.00014592     0.056969      0.49165 gtex__putamen_basal_ganglia__M003
gtex__putamen_basal_ganglia_...3        SET     434     0.056562    0.0086887     0.046548      0.11217 gtex__putamen_basal_ganglia__M002
gtex__putamen_basal_ganglia_...6        SET      53      0.20798     0.011286      0.12092     0.042722 gtex__putamen_basal_ganglia__M005
gtex__spinal_cord_cervical_c...1        SET   10746     0.019762    0.0096868     0.014801     0.090911 gtex__spinal_cord_cervical_c_1__M000
gtex__spinal_cord_cervical_c...2        SET    1006     0.006811    0.0015667     0.029987      0.41016 gtex__spinal_cord_cervical_c_1__M001
gtex__spinal_cord_cervical_c...4        SET     619     0.061563     0.011234     0.039838     0.061142 gtex__spinal_cord_cervical_c_1__M003
gtex__spinal_cord_cervical_c...3        SET    1042    -0.001464  -0.00034237     0.030783      0.51897 gtex__spinal_cord_cervical_c_1__M002
gtex__spinal_cord_cervical_c...6        SET     131     0.091871    0.0078204     0.076837      0.11592 gtex__spinal_cord_cervical_c_1__M005
gtex__spinal_cord_cervical_c...5        SET     286     0.021619    0.0027072     0.055911      0.34951 gtex__spinal_cord_cervical_c_1__M004
gtex__spinal_cord_cervical_c...7        SET      78      0.01118   0.00073542      0.11484      0.46123 gtex__spinal_cord_cervical_c_1__M006
gtex__substantia_nigra__M000            SET    8492     0.027419      0.01369     0.014114     0.026032 gtex__substantia_nigra__M000
gtex__substantia_nigra__M004            SET     544    -0.019236   -0.0032978     0.040285      0.68349 gtex__substantia_nigra__M004
gtex__substantia_nigra__M001            SET    2644    -0.031552    -0.011183     0.019649      0.94583 gtex__substantia_nigra__M001
gtex__substantia_nigra__M002            SET     979     0.078935     0.017926     0.030546    0.0048856 gtex__substantia_nigra__M002
gtex__substantia_nigra__M003            SET     794    -0.012879   -0.0026483     0.035151      0.64296 gtex__substantia_nigra__M003
gtex__substantia_nigra__M007            SET     125    0.0089736   0.00074629     0.078918      0.45474 gtex__substantia_nigra__M007
gtex__substantia_nigra__M005            SET     135    0.0053673   0.00046375     0.085584        0.475 gtex__substantia_nigra__M005
gtex__substantia_nigra__M006            SET      79      0.16133      0.01068      0.10038     0.054009 gtex__substantia_nigra__M006
brainseq__caudate__M000                 SET    3204    -0.016347     -0.00626     0.017496      0.82492 brainseq__caudate__M000
brainseq__caudate__M015                 SET       9      0.14009    0.0031364      0.30733      0.32426 brainseq__caudate__M015
brainseq__caudate__M002                 SET    1072    -0.035229   -0.0083489     0.028703      0.89015 brainseq__caudate__M002
brainseq__caudate__M004                 SET    1200   -0.0095002    -0.002373     0.027815      0.63365 brainseq__caudate__M004
brainseq__caudate__M005                 SET     559    0.0045951   0.00079824     0.040086      0.45437 brainseq__caudate__M005
brainseq__caudate__M013                 SET     151    -0.027879   -0.0025464     0.063828      0.66886 brainseq__caudate__M013
brainseq__caudate__M014                 SET     147    -0.037166   -0.0033498     0.069099      0.70466 brainseq__caudate__M014
brainseq__caudate__M001                 SET    2547     0.035407     0.012356     0.019049     0.031542 brainseq__caudate__M001
brainseq__caudate__M003                 SET    1283     0.032051    0.0082577     0.026299      0.11148 brainseq__caudate__M003
brainseq__caudate__M019                 SET      72      0.15813    0.0099954     0.098847     0.054841 brainseq__caudate__M019
brainseq__caudate__M008                 SET     266    -0.037915   -0.0045815     0.057482      0.74524 brainseq__caudate__M008
brainseq__caudate__M016                 SET     103     0.089387    0.0067522     0.092718      0.16751 brainseq__caudate__M016
brainseq__caudate__M009                 SET     299     0.023524    0.0030109     0.053007       0.3286 brainseq__caudate__M009
brainseq__caudate__M007                 SET     311     0.029603    0.0038629      0.05168      0.28339 brainseq__caudate__M007
brainseq__caudate__M018                 SET      55      0.25923     0.014329      0.11813      0.01411 brainseq__caudate__M018
brainseq__caudate__M011                 SET     243     0.049627    0.0057355     0.060608      0.20645 brainseq__caudate__M011
brainseq__caudate__M010                 SET     249      0.03943    0.0046121     0.061133      0.25947 brainseq__caudate__M010
brainseq__caudate__M006                 SET     548    -0.022534    -0.003877     0.038536      0.72064 brainseq__caudate__M006
brainseq__caudate__M017                 SET      81     0.066155    0.0044343     0.094276      0.24143 brainseq__caudate__M017
brainseq__caudate__M012                 SET     166     0.062282    0.0059621     0.074929      0.20294 brainseq__caudate__M012
brainseq__hippocampus__M000             SET   10163     0.010853    0.0053789     0.014394      0.22543 brainseq__hippocampus__M000
brainseq__hippocampus__M008             SET     147     0.096555    0.0087027     0.081518      0.11812 brainseq__hippocampus__M008
brainseq__hippocampus__M001             SET     890     0.003392   0.00073639     0.033692       0.4599 brainseq__hippocampus__M001
brainseq__hippocampus__M002             SET    1035    -0.040597    -0.009464     0.029792       0.9135 brainseq__hippocampus__M002
brainseq__hippocampus__M004             SET     465    0.0055455   0.00088099     0.042993      0.44869 brainseq__hippocampus__M004
brainseq__hippocampus__M003             SET     446     0.010789    0.0016796     0.047014      0.40925 brainseq__hippocampus__M003
brainseq__hippocampus__M006             SET     265     0.028671    0.0034581     0.058437      0.31185 brainseq__hippocampus__M006
brainseq__hippocampus__M005             SET     202      0.22692     0.023939     0.070491   0.00064403 brainseq__hippocampus__M005
brainseq__hippocampus__M007             SET     109      0.24812     0.019278      0.09683     0.005201 brainseq__hippocampus__M007
brainseq__dlpfc__M002                   SET    1332    -0.050663     -0.01328     0.025524      0.97642 brainseq__dlpfc__M002
brainseq__dlpfc__M000                   SET     866    -0.011034   -0.0023647     0.031697      0.63612 brainseq__dlpfc__M000
brainseq__dlpfc__M005                   SET    1061    -0.036635   -0.0086403     0.027277      0.91037 brainseq__dlpfc__M005
brainseq__dlpfc__M014                   SET     253    -0.017908   -0.0021112     0.061535      0.61448 brainseq__dlpfc__M014
brainseq__dlpfc__M004                   SET    1177      0.03273    0.0081023     0.027576      0.11764 brainseq__dlpfc__M004
brainseq__dlpfc__M011                   SET     418      0.11087     0.016723     0.045369    0.0072712 brainseq__dlpfc__M011
brainseq__dlpfc__M008                   SET     608    0.0012037   0.00021776     0.034392      0.48604 brainseq__dlpfc__M008
brainseq__dlpfc__M006                   SET    1155    -0.031877   -0.0078223     0.026675      0.88396 brainseq__dlpfc__M006
brainseq__dlpfc__M010                   SET     509     0.014429    0.0023953     0.041281      0.36335 brainseq__dlpfc__M010
brainseq__dlpfc__M009                   SET     240    0.0071401   0.00082014     0.058845      0.45171 brainseq__dlpfc__M009
brainseq__dlpfc__M015                   SET     346     0.066091    0.0090878     0.043614     0.064848 brainseq__dlpfc__M015
brainseq__dlpfc__M001                   SET    1669    0.0048813    0.0014177     0.023691      0.41838 brainseq__dlpfc__M001
brainseq__dlpfc__M003                   SET    1212     0.045934     0.011527      0.02928     0.058359 brainseq__dlpfc__M003
brainseq__dlpfc__M012                   SET     377     0.095279     0.013663     0.050171     0.028786 brainseq__dlpfc__M012
brainseq__dlpfc__M016                   SET     275     0.034305    0.0042138     0.051103      0.25102 brainseq__dlpfc__M016
brainseq__dlpfc__M018                   SET     136     0.071868    0.0062324     0.072968      0.16234 brainseq__dlpfc__M018
brainseq__dlpfc__M013                   SET     333    -0.028189    -0.003804     0.052533      0.70422 brainseq__dlpfc__M013
brainseq__dlpfc__M007                   SET     647     0.023526    0.0043857     0.036766      0.26113 brainseq__dlpfc__M007
brainseq__dlpfc__M020                   SET      62     0.080898    0.0047466      0.11592      0.24264 brainseq__dlpfc__M020
brainseq__dlpfc__M017                   SET     137    0.0036725   0.00031964     0.077177      0.48102 brainseq__dlpfc__M017
brainseq__dlpfc__M019                   SET      60     0.088714    0.0051209      0.10998      0.20994 brainseq__dlpfc__M019
brainseq__dlpfc__M021                   SET     104     0.092948     0.007055     0.098546       0.1728 brainseq__dlpfc__M021
brainseq__caudate_sczd__M002            SET    1774    -0.007198   -0.0021483     0.021898      0.62881 brainseq__caudate_sczd__M002
brainseq__caudate_sczd__M000            SET    1989    -0.013322    -0.004182     0.021054      0.73655 brainseq__caudate_sczd__M000
brainseq__caudate_sczd__M009            SET     271     0.031481    0.0038391      0.05828      0.29455 brainseq__caudate_sczd__M009
brainseq__caudate_sczd__M017            SET      14      0.14237    0.0039747      0.23296      0.27056 brainseq__caudate_sczd__M017
brainseq__caudate_sczd__M004            SET     984    -0.062307    -0.014184     0.029721      0.98197 brainseq__caudate_sczd__M004
brainseq__caudate_sczd__M003            SET    1123      0.03144    0.0076146     0.027717      0.12834 brainseq__caudate_sczd__M003
brainseq__caudate_sczd__M006            SET     527     0.037283    0.0062942     0.041389      0.18386 brainseq__caudate_sczd__M006
brainseq__caudate_sczd__M016            SET     178    -0.010154   -0.0010062     0.060852      0.56626 brainseq__caudate_sczd__M016
brainseq__caudate_sczd__M018            SET     138    -0.040621   -0.0035483     0.069476      0.72061 brainseq__caudate_sczd__M018
brainseq__caudate_sczd__M001            SET    2511    0.0034855    0.0012091     0.019343       0.4285 brainseq__caudate_sczd__M001
brainseq__caudate_sczd__M020            SET     115      0.21321     0.017012     0.075638    0.0024127 brainseq__caudate_sczd__M020
brainseq__caudate_sczd__M011            SET     195    -0.029161   -0.0030231     0.068054      0.66585 brainseq__caudate_sczd__M011
brainseq__caudate_sczd__M012            SET     194     -0.03241   -0.0033514     0.068073        0.683 brainseq__caudate_sczd__M012
brainseq__caudate_sczd__M007            SET     496     0.037044    0.0060726     0.042534      0.19191 brainseq__caudate_sczd__M007
brainseq__caudate_sczd__M008            SET     375     0.022337    0.0031949     0.046816      0.31664 brainseq__caudate_sczd__M008
brainseq__caudate_sczd__M014            SET     203   -0.0012264  -0.00012969     0.062431      0.50784 brainseq__caudate_sczd__M014
brainseq__caudate_sczd__M019            SET     127    -0.030814   -0.0025829     0.079248       0.6513 brainseq__caudate_sczd__M019
brainseq__caudate_sczd__M015            SET     175     0.072769    0.0071506     0.058444      0.10655 brainseq__caudate_sczd__M015
brainseq__caudate_sczd__M010            SET     241     0.046821    0.0053891     0.061372      0.22277 brainseq__caudate_sczd__M010
brainseq__caudate_sczd__M005            SET    1233     0.031284    0.0079132     0.027014      0.12343 brainseq__caudate_sczd__M005
brainseq__caudate_sczd__M013            SET     159     0.075659    0.0070898     0.068009      0.13297 brainseq__caudate_sczd__M013
brainseq__caudate_sczd__M021            SET     114    0.0068503   0.00054423     0.094735      0.47118 brainseq__caudate_sczd__M021
