# TOTAL_GENES = 17973
# TEST_DIRECTION = one-sided, positive (set), two-sided (covar)
# CONDITIONED_INTERNAL = gene size, gene density, sample size, inverse mac, log(gene size), log(gene density), log(sample size), log(inverse mac)
VARIABLE                               TYPE  NGENES         BETA     BETA_STD           SE            P FULL_NAME
gtex__amygdala__M000                    SET     565   -0.0028536  -0.00049795     0.041459      0.52744 gtex__amygdala__M000
gtex__amygdala__M001                    SET     454    -0.010041   -0.0015757     0.045885      0.58661 gtex__amygdala__M001
gtex__amygdala__M002                    SET     362     0.066231    0.0093047     0.047508      0.08165 gtex__amygdala__M002
gtex__amygdala__M003                    SET     242     0.004048   0.00046656     0.060552      0.47335 gtex__amygdala__M003
gtex__amygdala__M004                    SET     228     0.015736    0.0017611      0.05884      0.39457 gtex__amygdala__M004
gtex__amygdala__M005                    SET     266    -0.039979   -0.0048277      0.05681       0.7592 gtex__amygdala__M005
gtex__amygdala__M006                    SET     190      0.16553      0.01693     0.071021    0.0098892 gtex__amygdala__M006
gtex__amygdala__M007                    SET     153     0.030306    0.0027843     0.072839      0.33868 gtex__amygdala__M007
gtex__amygdala__M008                    SET     135     -0.11613    -0.010027     0.083607      0.91758 gtex__amygdala__M008
gtex__amygdala__M009                    SET     119   -0.0063241   -0.0005129     0.088451       0.5285 gtex__amygdala__M009
gtex__amygdala__M010                    SET     118    -0.031289    -0.002527     0.089375      0.63686 gtex__amygdala__M010
gtex__amygdala__M011                    SET      92      0.19475     0.013898     0.096808     0.022133 gtex__amygdala__M011
gtex__amygdala__M012                    SET      95     0.014521    0.0010529     0.098241      0.44125 gtex__amygdala__M012
gtex__amygdala__M013                    SET      61     0.084745    0.0049288      0.12532      0.24945 gtex__amygdala__M013
gtex__amygdala__M014                    SET      57      0.20292      0.01141        0.115     0.038824 gtex__amygdala__M014
gtex__amygdala__M015                    SET      49     -0.13985   -0.0072923      0.13187      0.85554 gtex__amygdala__M015
gtex__amygdala__M016                    SET      29     0.040588    0.0016291      0.18492      0.41314 gtex__amygdala__M016
gtex__amygdala__M017                    SET      38    -0.063108   -0.0028988      0.15273      0.66026 gtex__amygdala__M017
gtex__amygdala__M018                    SET      31     -0.13198   -0.0054765      0.16189      0.79252 gtex__amygdala__M018
gtex__amygdala__M019                    SET      29     -0.17234   -0.0069171      0.17515      0.83742 gtex__amygdala__M019
gtex__amygdala__M020                    SET      29        0.336     0.013486      0.16896     0.023377 gtex__amygdala__M020
gtex__amygdala__M021                    SET      28     -0.15215   -0.0060007      0.18567      0.79372 gtex__amygdala__M021
gtex__amygdala__M022                    SET      20    -0.070345   -0.0023454      0.19485      0.64096 gtex__amygdala__M022
gtex__amygdala__M023                    SET      20     -0.33833     -0.01128      0.21256      0.94426 gtex__amygdala__M023
gtex__amygdala__M024                    SET      19    -0.069446   -0.0022568      0.19467      0.63935 gtex__amygdala__M024
gtex__amygdala__M025                    SET      10     -0.41241   -0.0097255       0.3201      0.90119 gtex__amygdala__M025
gtex__amygdala__M026                    SET      16     -0.21545   -0.0064257      0.23562      0.81974 gtex__amygdala__M026
gtex__amygdala__M027                    SET      13    -0.016777  -0.00045105      0.24978      0.52678 gtex__amygdala__M027
gtex__amygdala__M028                    SET      15    -0.040055   -0.0011567      0.27518      0.55786 gtex__amygdala__M028
gtex__anterior_cingulate_cor...1        SET     476     0.095907       0.0154     0.043576     0.013879 gtex__anterior_cingulate_cortex_ba24__M000
gtex__anterior_cingulate_cor...2        SET     380      0.13979      0.02011     0.049893    0.0025443 gtex__anterior_cingulate_cortex_ba24__M001
gtex__anterior_cingulate_cor...3        SET     271      -0.1149    -0.014002     0.058982      0.97428 gtex__anterior_cingulate_cortex_ba24__M002
gtex__anterior_cingulate_cor...4        SET     338    0.0072613    0.0009864     0.053318      0.44584 gtex__anterior_cingulate_cortex_ba24__M003
gtex__anterior_cingulate_cor...5        SET     256    0.0081542   0.00096624     0.058577      0.44465 gtex__anterior_cingulate_cortex_ba24__M004
gtex__anterior_cingulate_cor...6        SET     227     0.073977    0.0082614     0.063311      0.12132 gtex__anterior_cingulate_cortex_ba24__M005
gtex__anterior_cingulate_cor...7        SET     219    -0.040469     -0.00444     0.066269      0.72929 gtex__anterior_cingulate_cortex_ba24__M006
gtex__anterior_cingulate_cor...8        SET     152    -0.063786   -0.0058413     0.073143      0.80841 gtex__anterior_cingulate_cortex_ba24__M007
gtex__anterior_cingulate_cor...9        SET     185      0.01774    0.0017906     0.066697      0.39513 gtex__anterior_cingulate_cortex_ba24__M008
gtex__anterior_cingulate_cor...10       SET     210    -0.041545   -0.0044646     0.063615      0.74314 gtex__anterior_cingulate_cortex_ba24__M009
gtex__anterior_cingulate_cor...11       SET     175     0.066411    0.0065214     0.069246      0.16877 gtex__anterior_cingulate_cortex_ba24__M010
gtex__anterior_cingulate_cor...12       SET     142     0.087349    0.0077336      0.08187      0.14301 gtex__anterior_cingulate_cortex_ba24__M011
gtex__anterior_cingulate_cor...13       SET     141     0.041622    0.0036722     0.073595      0.28585 gtex__anterior_cingulate_cortex_ba24__M012
gtex__anterior_cingulate_cor...14       SET     141     0.066526    0.0058694     0.077594      0.19563 gtex__anterior_cingulate_cortex_ba24__M013
gtex__anterior_cingulate_cor...15       SET     121      0.10094    0.0082546     0.084069      0.11494 gtex__anterior_cingulate_cortex_ba24__M014
gtex__anterior_cingulate_cor...16       SET      91    -0.005208  -0.00036965      0.10246      0.52027 gtex__anterior_cingulate_cortex_ba24__M015
gtex__anterior_cingulate_cor...17       SET     120     -0.08251   -0.0067196     0.086113        0.831 gtex__anterior_cingulate_cortex_ba24__M016
gtex__anterior_cingulate_cor...18       SET      97     -0.13515    -0.009902     0.098965      0.91396 gtex__anterior_cingulate_cortex_ba24__M017
gtex__anterior_cingulate_cor...19       SET     102      0.10882     0.008175     0.088686      0.10991 gtex__anterior_cingulate_cortex_ba24__M018
gtex__anterior_cingulate_cor...20       SET      75     0.011618   0.00074893      0.10727      0.45688 gtex__anterior_cingulate_cortex_ba24__M019
gtex__anterior_cingulate_cor...21       SET      58     -0.11947    -0.006776      0.12205      0.83616 gtex__anterior_cingulate_cortex_ba24__M020
gtex__anterior_cingulate_cor...22       SET      71     -0.15235    -0.009557      0.12637        0.886 gtex__anterior_cingulate_cortex_ba24__M021
gtex__anterior_cingulate_cor...23       SET      66      0.20155     0.012192      0.11388     0.038382 gtex__anterior_cingulate_cortex_ba24__M022
gtex__anterior_cingulate_cor...24       SET      50      0.12952    0.0068221      0.12787      0.15556 gtex__anterior_cingulate_cortex_ba24__M023
gtex__anterior_cingulate_cor...25       SET      57     -0.11503   -0.0064678      0.13179      0.80861 gtex__anterior_cingulate_cortex_ba24__M024
gtex__anterior_cingulate_cor...26       SET      46    -0.045627   -0.0023054      0.14521      0.62332 gtex__anterior_cingulate_cortex_ba24__M025
gtex__anterior_cingulate_cor...27       SET      54     0.061017    0.0033396      0.12259      0.30934 gtex__anterior_cingulate_cortex_ba24__M026
gtex__anterior_cingulate_cor...28       SET      48     -0.18493   -0.0095445       0.1374      0.91083 gtex__anterior_cingulate_cortex_ba24__M027
gtex__anterior_cingulate_cor...29       SET      30    0.0011577   4.7261e-05       0.1497      0.49691 gtex__anterior_cingulate_cortex_ba24__M028
gtex__anterior_cingulate_cor...30       SET      31     -0.15638   -0.0064891      0.18478      0.80129 gtex__anterior_cingulate_cortex_ba24__M029
gtex__anterior_cingulate_cor...31       SET      27    -0.032372   -0.0012538      0.18311      0.57016 gtex__anterior_cingulate_cortex_ba24__M030
gtex__anterior_cingulate_cor...32       SET      25      0.27304     0.010177       0.2083      0.09497 gtex__anterior_cingulate_cortex_ba24__M031
gtex__anterior_cingulate_cor...33       SET      18      0.29656    0.0093806      0.22369     0.092473 gtex__anterior_cingulate_cortex_ba24__M032
gtex__anterior_cingulate_cor...34       SET      14     -0.24264   -0.0067696      0.24574      0.83827 gtex__anterior_cingulate_cortex_ba24__M033
gtex__anterior_cingulate_cor...35       SET      16      0.09593     0.002861      0.20903      0.32315 gtex__anterior_cingulate_cortex_ba24__M034
gtex__caudate_basal_ganglia_...1        SET     743     0.076454      0.01522     0.035301     0.015171 gtex__caudate_basal_ganglia__M000
gtex__caudate_basal_ganglia_...2        SET     393    -0.016238   -0.0023749     0.048352       0.6315 gtex__caudate_basal_ganglia__M001
gtex__caudate_basal_ganglia_...3        SET     300    -0.063282   -0.0081075     0.057711      0.86357 gtex__caudate_basal_ganglia__M002
gtex__caudate_basal_ganglia_...4        SET     309     0.029303    0.0038092     0.052982      0.29011 gtex__caudate_basal_ganglia__M003
gtex__caudate_basal_ganglia_...5        SET     299      0.11499     0.014708     0.056127     0.020254 gtex__caudate_basal_ganglia__M004
gtex__caudate_basal_ganglia_...6        SET     192     -0.14031    -0.014425     0.068836      0.97923 gtex__caudate_basal_ganglia__M005
gtex__caudate_basal_ganglia_...7        SET     152     0.017776    0.0016278     0.080369      0.41248 gtex__caudate_basal_ganglia__M006
gtex__caudate_basal_ganglia_...8        SET     243     0.026997    0.0031179     0.055596      0.31363 gtex__caudate_basal_ganglia__M007
gtex__caudate_basal_ganglia_...9        SET     152     0.072328    0.0066234     0.075624      0.16944 gtex__caudate_basal_ganglia__M008
gtex__caudate_basal_ganglia_...10       SET     169      0.14034     0.013545     0.075192     0.030995 gtex__caudate_basal_ganglia__M009
gtex__caudate_basal_ganglia_...11       SET     146    -0.016025   -0.0014385     0.079479      0.57989 gtex__caudate_basal_ganglia__M010
gtex__caudate_basal_ganglia_...12       SET     139     0.063455    0.0055589     0.085809      0.22981 gtex__caudate_basal_ganglia__M011
gtex__caudate_basal_ganglia_...13       SET     122    -0.065797   -0.0054027     0.088412      0.77162 gtex__caudate_basal_ganglia__M012
gtex__caudate_basal_ganglia_...14       SET     128     0.052435    0.0044094     0.079433      0.25459 gtex__caudate_basal_ganglia__M013
gtex__caudate_basal_ganglia_...15       SET     109    0.0024432   0.00018969     0.088749      0.48902 gtex__caudate_basal_ganglia__M014
gtex__caudate_basal_ganglia_...16       SET      99     -0.12932   -0.0095714     0.092732      0.91841 gtex__caudate_basal_ganglia__M015
gtex__caudate_basal_ganglia_...17       SET     116      0.13067     0.010464     0.081533     0.054515 gtex__caudate_basal_ganglia__M016
gtex__caudate_basal_ganglia_...18       SET     112     -0.15071    -0.011861       0.0905      0.95207 gtex__caudate_basal_ganglia__M017
gtex__caudate_basal_ganglia_...19       SET     109     0.013525    0.0010501     0.083265      0.43548 gtex__caudate_basal_ganglia__M018
gtex__caudate_basal_ganglia_...20       SET      84     0.032519     0.002218     0.099067      0.37136 gtex__caudate_basal_ganglia__M019
gtex__caudate_basal_ganglia_...21       SET      76   -0.0025132  -0.00016308      0.10815      0.50927 gtex__caudate_basal_ganglia__M020
gtex__caudate_basal_ganglia_...22       SET      66     -0.20111    -0.012165      0.11823      0.95552 gtex__caudate_basal_ganglia__M021
gtex__caudate_basal_ganglia_...23       SET      57    -0.091467   -0.0051429      0.12618      0.76574 gtex__caudate_basal_ganglia__M022
gtex__caudate_basal_ganglia_...24       SET      51     0.099639    0.0053003      0.12731      0.21692 gtex__caudate_basal_ganglia__M023
gtex__caudate_basal_ganglia_...25       SET      62        0.121    0.0070946      0.11581      0.14807 gtex__caudate_basal_ganglia__M024
gtex__caudate_basal_ganglia_...26       SET      64      0.18023     0.010736      0.12695     0.077851 gtex__caudate_basal_ganglia__M025
gtex__caudate_basal_ganglia_...27       SET      66     0.028217    0.0017068      0.11371      0.40201 gtex__caudate_basal_ganglia__M026
gtex__caudate_basal_ganglia_...28       SET      56      0.11708    0.0065253      0.11843      0.16143 gtex__caudate_basal_ganglia__M027
gtex__caudate_basal_ganglia_...29       SET      55      0.12835    0.0070894      0.13242      0.16622 gtex__caudate_basal_ganglia__M028
gtex__caudate_basal_ganglia_...30       SET      44     -0.17774   -0.0087839      0.13921      0.89916 gtex__caudate_basal_ganglia__M029
gtex__caudate_basal_ganglia_...31       SET      37    -0.039245   -0.0017789      0.15991      0.59693 gtex__caudate_basal_ganglia__M030
gtex__caudate_basal_ganglia_...32       SET      39      0.33602     0.015636      0.14817     0.011678 gtex__caudate_basal_ganglia__M031
gtex__caudate_basal_ganglia_...33       SET      27    -0.050547   -0.0019577      0.16249      0.62212 gtex__caudate_basal_ganglia__M032
gtex__caudate_basal_ganglia_...34       SET      20    -0.034124   -0.0011377      0.20414      0.56638 gtex__caudate_basal_ganglia__M033
gtex__caudate_basal_ganglia_...35       SET      19     -0.16136   -0.0052437      0.19835      0.79203 gtex__caudate_basal_ganglia__M034
gtex__caudate_basal_ganglia_...36       SET      17    -0.029778  -0.00091541       0.2165       0.5547 gtex__caudate_basal_ganglia__M035
gtex__cerebellar_hemisphere_...1        SET     690     0.024042    0.0046194     0.036494      0.25502 gtex__cerebellar_hemisphere__M000
gtex__cerebellar_hemisphere_...2        SET     597    -0.017167   -0.0030764     0.037074      0.67833 gtex__cerebellar_hemisphere__M001
gtex__cerebellar_hemisphere_...3        SET     378     0.074572     0.010701      0.04871     0.062901 gtex__cerebellar_hemisphere__M002
gtex__cerebellar_hemisphere_...4        SET     465    0.0039295   0.00062384     0.047756      0.46721 gtex__cerebellar_hemisphere__M003
gtex__cerebellar_hemisphere_...5        SET     371    -0.035409   -0.0050347      0.04674      0.77564 gtex__cerebellar_hemisphere__M004
gtex__cerebellar_hemisphere_...6        SET     247     0.083446    0.0097152     0.059761     0.081315 gtex__cerebellar_hemisphere__M005
gtex__cerebellar_hemisphere_...7        SET     243       0.1467     0.016943      0.06235    0.0093199 gtex__cerebellar_hemisphere__M006
gtex__cerebellar_hemisphere_...8        SET     205     0.039898    0.0042368     0.062312      0.26099 gtex__cerebellar_hemisphere__M007
gtex__cerebellar_hemisphere_...9        SET     183       0.1229     0.012339     0.065051      0.02943 gtex__cerebellar_hemisphere__M008
gtex__cerebellar_hemisphere_...10       SET     129     0.024671    0.0020826     0.082388       0.3823 gtex__cerebellar_hemisphere__M009
gtex__cerebellar_hemisphere_...11       SET     147     0.029939    0.0026966     0.076604      0.34796 gtex__cerebellar_hemisphere__M010
gtex__cerebellar_hemisphere_...12       SET      97     0.045244     0.003315      0.09135       0.3102 gtex__cerebellar_hemisphere__M011
gtex__cerebellar_hemisphere_...13       SET      73     -0.14566   -0.0092645      0.11721      0.89302 gtex__cerebellar_hemisphere__M012
gtex__cerebellar_hemisphere_...14       SET      57     0.078643    0.0044219      0.11856      0.25357 gtex__cerebellar_hemisphere__M013
gtex__cerebellar_hemisphere_...15       SET      55     0.056516    0.0031217       0.1183      0.31643 gtex__cerebellar_hemisphere__M014
gtex__cerebellar_hemisphere_...16       SET      36     0.010467   0.00046798      0.14841      0.47189 gtex__cerebellar_hemisphere__M015
gtex__cerebellar_hemisphere_...17       SET      50     0.026958    0.0014199      0.13063      0.41825 gtex__cerebellar_hemisphere__M016
gtex__cerebellar_hemisphere_...18       SET      32   -0.0020497  -8.6414e-05      0.15954      0.50513 gtex__cerebellar_hemisphere__M017
gtex__cerebellar_hemisphere_...19       SET      34      0.11492    0.0049938      0.17637      0.25733 gtex__cerebellar_hemisphere__M018
gtex__cerebellar_hemisphere_...20       SET      31     -0.15381   -0.0063826      0.15993       0.8319 gtex__cerebellar_hemisphere__M019
gtex__cerebellar_hemisphere_...21       SET      27     0.044643    0.0017291      0.18244      0.40334 gtex__cerebellar_hemisphere__M020
gtex__cerebellar_hemisphere_...22       SET      27      0.03603    0.0013955      0.19597      0.42707 gtex__cerebellar_hemisphere__M021
gtex__cerebellar_hemisphere_...23       SET      24     -0.12831   -0.0046858      0.16297      0.78445 gtex__cerebellar_hemisphere__M022
gtex__cerebellar_hemisphere_...24       SET      25     -0.36888    -0.013748      0.19046       0.9736 gtex__cerebellar_hemisphere__M023
gtex__cerebellar_hemisphere_...25       SET      19     0.042759    0.0013895      0.21164      0.41995 gtex__cerebellar_hemisphere__M024
gtex__cerebellar_hemisphere_...26       SET      18      0.13619     0.004308      0.23148      0.27815 gtex__cerebellar_hemisphere__M025
gtex__cerebellar_hemisphere_...27       SET      19     0.045126    0.0014665      0.18969      0.40598 gtex__cerebellar_hemisphere__M026
gtex__cerebellar_hemisphere_...28       SET      19     -0.18424   -0.0059874      0.19822      0.82368 gtex__cerebellar_hemisphere__M027
gtex__cerebellum__M000                  SET     301   -0.0085457   -0.0010966     0.052275      0.56493 gtex__cerebellum__M000
gtex__cerebellum__M001                  SET     237     0.095783     0.010926     0.061667     0.060194 gtex__cerebellum__M001
gtex__cerebellum__M002                  SET     187    -0.010857   -0.0011017     0.073051      0.55908 gtex__cerebellum__M002
gtex__cerebellum__M003                  SET     146    -0.060901   -0.0054668     0.072699       0.7989 gtex__cerebellum__M003
gtex__cerebellum__M004                  SET     129      0.14491     0.012233     0.081845     0.038332 gtex__cerebellum__M004
gtex__cerebellum__M005                  SET     108     -0.12859   -0.0099382     0.089494      0.92461 gtex__cerebellum__M005
gtex__cerebellum__M006                  SET     104    0.0040518   0.00030733     0.092097      0.48245 gtex__cerebellum__M006
gtex__cerebellum__M007                  SET      90    0.0025058   0.00017688      0.10478      0.49046 gtex__cerebellum__M007
gtex__cerebellum__M008                  SET      94    -0.074123   -0.0053466     0.092632      0.78819 gtex__cerebellum__M008
gtex__cerebellum__M009                  SET      85    -0.013044  -0.00089493       0.1083      0.54793 gtex__cerebellum__M009
gtex__cerebellum__M010                  SET      75     0.090485    0.0058331      0.12183      0.22883 gtex__cerebellum__M010
gtex__cerebellum__M011                  SET      80     0.086694    0.0057712      0.10139      0.19628 gtex__cerebellum__M011
gtex__cerebellum__M012                  SET      80     0.054003     0.003595      0.11327      0.31677 gtex__cerebellum__M012
gtex__cerebellum__M013                  SET      59     0.063032    0.0036056      0.12539      0.30759 gtex__cerebellum__M013
gtex__cerebellum__M014                  SET      64     0.038967    0.0023212      0.10645      0.35717 gtex__cerebellum__M014
gtex__cerebellum__M015                  SET      62      0.11263    0.0066037       0.1194      0.17279 gtex__cerebellum__M015
gtex__cerebellum__M016                  SET      54    -0.031016   -0.0016976      0.12262      0.59985 gtex__cerebellum__M016
gtex__cerebellum__M017                  SET      37    -0.052744   -0.0023907      0.15603      0.63233 gtex__cerebellum__M017
gtex__cerebellum__M018                  SET      35     0.065445    0.0028853      0.15792      0.33929 gtex__cerebellum__M018
gtex__cerebellum__M019                  SET      22      -0.1246   -0.0043568      0.21124      0.72235 gtex__cerebellum__M019
gtex__cerebellum__M020                  SET      22     -0.16193   -0.0056619      0.18999      0.80296 gtex__cerebellum__M020
gtex__cerebellum__M021                  SET      26      0.20045    0.0076187      0.18649      0.14123 gtex__cerebellum__M021
gtex__cerebellum__M022                  SET      20     -0.12397   -0.0041334       0.2353      0.70086 gtex__cerebellum__M022
gtex__cerebellum__M023                  SET      18      0.22883    0.0072384      0.20333      0.13021 gtex__cerebellum__M023
gtex__cerebellum__M024                  SET      18       0.1565    0.0049504      0.20803      0.22594 gtex__cerebellum__M024
gtex__cerebellum__M025                  SET      21    -0.050205   -0.0017151      0.18483      0.60705 gtex__cerebellum__M025
gtex__cerebellum__M026                  SET      16     -0.10171   -0.0030335      0.21242      0.68397 gtex__cerebellum__M026
gtex__cerebellum__M027                  SET      18     -0.52648    -0.016653      0.25567      0.98025 gtex__cerebellum__M027
gtex__cortex__M000                      SET     292    -0.014184   -0.0017933     0.052515      0.60646 gtex__cortex__M000
gtex__cortex__M001                      SET     180   -0.0030036  -0.00029908     0.073659      0.51626 gtex__cortex__M001
gtex__cortex__M002                      SET     121     -0.17105    -0.013988     0.089876      0.97148 gtex__cortex__M002
gtex__cortex__M003                      SET     145    -0.041136     -0.00368     0.079422      0.69775 gtex__cortex__M003
gtex__cortex__M004                      SET     143    -0.034589   -0.0030731     0.080327      0.66662 gtex__cortex__M004
gtex__cortex__M005                      SET     128     0.039596    0.0033297     0.078684       0.3074 gtex__cortex__M005
gtex__cortex__M006                      SET     130      0.20113     0.017044     0.079971    0.0059558 gtex__cortex__M006
gtex__cortex__M007                      SET      90     -0.15488    -0.010933      0.10501      0.92988 gtex__cortex__M007
gtex__cortex__M008                      SET     105      0.10048    0.0076577     0.087878      0.12645 gtex__cortex__M008
gtex__cortex__M009                      SET      70     0.040211    0.0025046      0.11366      0.36175 gtex__cortex__M009
gtex__cortex__M010                      SET      47     0.010336   0.00052787      0.14898      0.47234 gtex__cortex__M010
gtex__cortex__M011                      SET      49    -0.024449   -0.0012749      0.13867      0.56997 gtex__cortex__M011
gtex__cortex__M012                      SET      81     0.076994    0.0051573      0.10939      0.24077 gtex__cortex__M012
gtex__cortex__M013                      SET      80     0.074403     0.004953      0.10038       0.2293 gtex__cortex__M013
gtex__cortex__M014                      SET      78     0.010325   0.00067873      0.10919      0.46233 gtex__cortex__M014
gtex__cortex__M015                      SET      67     0.071871    0.0043801         0.11      0.25677 gtex__cortex__M015
gtex__cortex__M016                      SET      59      0.17759     0.010158       0.1155     0.062089 gtex__cortex__M016
gtex__cortex__M017                      SET      54     0.087908    0.0048114      0.13573       0.2586 gtex__cortex__M017
gtex__cortex__M018                      SET      48    -0.093837    -0.004843      0.13299      0.75978 gtex__cortex__M018
gtex__cortex__M019                      SET      43     0.086939    0.0042475      0.12459      0.24265 gtex__cortex__M019
gtex__cortex__M020                      SET      41     -0.08221   -0.0039221      0.14872      0.70979 gtex__cortex__M020
gtex__cortex__M021                      SET      37    -0.068204   -0.0030915      0.14382      0.68232 gtex__cortex__M021
gtex__cortex__M022                      SET      36      0.02677    0.0011969      0.16223      0.43447 gtex__cortex__M022
gtex__cortex__M023                      SET      28    -0.066314   -0.0026154      0.17869      0.64472 gtex__cortex__M023
gtex__cortex__M024                      SET      28      0.12012    0.0047376      0.17377      0.24471 gtex__cortex__M024
gtex__cortex__M025                      SET      27       0.1889    0.0073164      0.18044      0.14758 gtex__cortex__M025
gtex__cortex__M026                      SET      29     -0.11077   -0.0044461      0.16506      0.74892 gtex__cortex__M026
gtex__cortex__M027                      SET      25    -0.080407   -0.0029968      0.18552      0.66764 gtex__cortex__M027
gtex__cortex__M028                      SET      23      0.27359    0.0097809      0.21617      0.10284 gtex__cortex__M028
gtex__cortex__M029                      SET      14     -0.13728     -0.00383       0.2321      0.72289 gtex__cortex__M029
gtex__cortex__M030                      SET      24     0.063303    0.0023117      0.16728      0.35256 gtex__cortex__M030
gtex__cortex__M031                      SET      18     -0.37623    -0.011901      0.19562      0.97277 gtex__cortex__M031
gtex__cortex__M032                      SET      21    -0.059944   -0.0020479      0.21268      0.61097 gtex__cortex__M032
gtex__frontal_cortex_ba9__M0...1        SET     603     0.080104     0.014425     0.039551     0.021426 gtex__frontal_cortex_ba9__M000
gtex__frontal_cortex_ba9__M0...2        SET     449      0.11667     0.018209      0.04663    0.0061801 gtex__frontal_cortex_ba9__M001
gtex__frontal_cortex_ba9__M0...3        SET     395    0.0073947    0.0010842      0.04714      0.43768 gtex__frontal_cortex_ba9__M002
gtex__frontal_cortex_ba9__M0...4        SET     276    -0.039437   -0.0048495     0.058334      0.75049 gtex__frontal_cortex_ba9__M003
gtex__frontal_cortex_ba9__M0...5        SET     308    -0.028162   -0.0036551     0.053033       0.7023 gtex__frontal_cortex_ba9__M004
gtex__frontal_cortex_ba9__M0...6        SET     185    0.0056223   0.00056749     0.067598      0.46686 gtex__frontal_cortex_ba9__M005
gtex__frontal_cortex_ba9__M0...7        SET     109    -0.056218   -0.0043649     0.093984      0.72513 gtex__frontal_cortex_ba9__M006
gtex__frontal_cortex_ba9__M0...8        SET     192     -0.04739    -0.004872     0.068486      0.75552 gtex__frontal_cortex_ba9__M007
gtex__frontal_cortex_ba9__M0...9        SET     188      0.01827    0.0018588     0.072147      0.40004 gtex__frontal_cortex_ba9__M008
gtex__frontal_cortex_ba9__M0...10       SET     144     -0.10654   -0.0094987     0.078359      0.91303 gtex__frontal_cortex_ba9__M009
gtex__frontal_cortex_ba9__M0...11       SET     139     -0.03839   -0.0033631     0.084515      0.67517 gtex__frontal_cortex_ba9__M010
gtex__frontal_cortex_ba9__M0...12       SET      88      0.11098    0.0077465     0.099646      0.13271 gtex__frontal_cortex_ba9__M011
gtex__frontal_cortex_ba9__M0...13       SET     108     0.024256    0.0018747       0.0874      0.39069 gtex__frontal_cortex_ba9__M012
gtex__frontal_cortex_ba9__M0...14       SET     104    -0.016011   -0.0012144     0.088517      0.57177 gtex__frontal_cortex_ba9__M013
gtex__frontal_cortex_ba9__M0...15       SET      91     0.056037    0.0039774     0.093486      0.27445 gtex__frontal_cortex_ba9__M014
gtex__frontal_cortex_ba9__M0...16       SET      87    -0.096647   -0.0067081     0.093686      0.84887 gtex__frontal_cortex_ba9__M015
gtex__frontal_cortex_ba9__M0...17       SET      31     -0.22127   -0.0091818       0.1737      0.89864 gtex__frontal_cortex_ba9__M016
gtex__frontal_cortex_ba9__M0...18       SET      45    0.0034705   0.00017344      0.14991      0.49077 gtex__frontal_cortex_ba9__M017
gtex__frontal_cortex_ba9__M0...19       SET      47    -0.038831   -0.0019832      0.13941       0.6097 gtex__frontal_cortex_ba9__M018
gtex__frontal_cortex_ba9__M0...20       SET      82     0.090275    0.0060839     0.095691      0.17275 gtex__frontal_cortex_ba9__M019
gtex__frontal_cortex_ba9__M0...21       SET      66     0.087144    0.0052712      0.11269      0.21967 gtex__frontal_cortex_ba9__M020
gtex__frontal_cortex_ba9__M0...22       SET      39     0.076795    0.0035735      0.16194      0.31768 gtex__frontal_cortex_ba9__M021
gtex__frontal_cortex_ba9__M0...23       SET      40      -0.1206   -0.0056833      0.14087      0.80403 gtex__frontal_cortex_ba9__M022
gtex__frontal_cortex_ba9__M0...24       SET      48    -0.019019   -0.0009816      0.14338      0.55276 gtex__frontal_cortex_ba9__M023
gtex__frontal_cortex_ba9__M0...25       SET      44     -0.28076    -0.013875      0.15236      0.96731 gtex__frontal_cortex_ba9__M024
gtex__frontal_cortex_ba9__M0...26       SET      40    -0.051563   -0.0024299      0.13671      0.64697 gtex__frontal_cortex_ba9__M025
gtex__frontal_cortex_ba9__M0...27       SET      40     0.029351    0.0013832      0.15924      0.42688 gtex__frontal_cortex_ba9__M026
gtex__frontal_cortex_ba9__M0...28       SET      32     0.055472    0.0023387      0.14932      0.35513 gtex__frontal_cortex_ba9__M027
gtex__frontal_cortex_ba9__M0...29       SET      18     0.086287    0.0027294      0.21829      0.34632 gtex__frontal_cortex_ba9__M028
gtex__frontal_cortex_ba9__M0...30       SET      20      0.31756     0.010588      0.22688     0.080816 gtex__frontal_cortex_ba9__M029
gtex__frontal_cortex_ba9__M0...31       SET      24     -0.35117    -0.012824      0.16925      0.98099 gtex__frontal_cortex_ba9__M030
gtex__frontal_cortex_ba9__M0...32       SET      21      0.17823    0.0060888      0.21053      0.19863 gtex__frontal_cortex_ba9__M031
gtex__frontal_cortex_ba9__M0...33       SET      21    -0.031722   -0.0010837      0.20426      0.56171 gtex__frontal_cortex_ba9__M032
gtex__frontal_cortex_ba9__M0...34       SET      17     -0.13805   -0.0042438      0.21323      0.74131 gtex__frontal_cortex_ba9__M033
gtex__frontal_cortex_ba9__M0...35       SET      18     -0.11518   -0.0036433      0.21193       0.7066 gtex__frontal_cortex_ba9__M034
gtex__frontal_cortex_ba9__M0...36       SET      19     -0.15619   -0.0050758      0.22168      0.75946 gtex__frontal_cortex_ba9__M035
gtex__frontal_cortex_ba9__M0...37       SET      18      0.12479    0.0039472      0.17539       0.2384 gtex__frontal_cortex_ba9__M036
gtex__frontal_cortex_ba9__M0...38       SET      17    0.0013006   3.9982e-05        0.224      0.49768 gtex__frontal_cortex_ba9__M037
gtex__hippocampus__M000                 SET     824     0.062964     0.013169     0.033225     0.029051 gtex__hippocampus__M000
gtex__hippocampus__M001                 SET     540     -0.01585   -0.0027059     0.042404      0.64572 gtex__hippocampus__M001
gtex__hippocampus__M002                 SET     347     0.084843     0.011675     0.051277     0.049011 gtex__hippocampus__M002
gtex__hippocampus__M003                 SET     437     0.086578     0.013335     0.047121     0.033089 gtex__hippocampus__M003
gtex__hippocampus__M004                 SET     356    -0.088656    -0.012354     0.049994      0.96191 gtex__hippocampus__M004
gtex__hippocampus__M005                 SET     368    -0.030076   -0.0042594     0.048196      0.73369 gtex__hippocampus__M005
gtex__hippocampus__M006                 SET     275     -0.11269    -0.013833     0.059112      0.97169 gtex__hippocampus__M006
gtex__hippocampus__M007                 SET     320    -0.021825   -0.0028862     0.053619      0.65801 gtex__hippocampus__M007
gtex__hippocampus__M008                 SET     227    -0.042694   -0.0047679     0.060254       0.7607 gtex__hippocampus__M008
gtex__hippocampus__M009                 SET     190      0.18239     0.018655     0.068693    0.0039662 gtex__hippocampus__M009
gtex__hippocampus__M010                 SET     108    -0.013499   -0.0010433     0.098907      0.55428 gtex__hippocampus__M010
gtex__hippocampus__M011                 SET     154    -0.054342   -0.0050087     0.073018      0.77162 gtex__hippocampus__M011
gtex__hippocampus__M012                 SET     128     0.010593   0.00089081     0.083726      0.44966 gtex__hippocampus__M012
gtex__hippocampus__M013                 SET     126    -0.044777    -0.003736     0.085304      0.70017 gtex__hippocampus__M013
gtex__hippocampus__M014                 SET     102    -0.098052   -0.0073658     0.096306      0.84568 gtex__hippocampus__M014
gtex__hippocampus__M015                 SET      48      0.12179    0.0062855      0.14735      0.20426 gtex__hippocampus__M015
gtex__hippocampus__M016                 SET      89      0.13368    0.0093842      0.10347     0.098198 gtex__hippocampus__M016
gtex__hippocampus__M017                 SET      79       0.1541     0.010194      0.10574     0.072527 gtex__hippocampus__M017
gtex__hippocampus__M018                 SET      66   -0.0060543  -0.00036622      0.11447      0.52109 gtex__hippocampus__M018
gtex__hippocampus__M019                 SET      62    -0.050858    -0.002982      0.11655      0.66871 gtex__hippocampus__M019
gtex__hippocampus__M020                 SET      48    -0.064415   -0.0033245      0.13154      0.68782 gtex__hippocampus__M020
gtex__hippocampus__M021                 SET      52     -0.18886    -0.010144      0.12762      0.93053 gtex__hippocampus__M021
gtex__hippocampus__M022                 SET      49    0.0097606   0.00050896       0.1282      0.46966 gtex__hippocampus__M022
gtex__hippocampus__M023                 SET      41   -0.0024045  -0.00011472      0.14353      0.50668 gtex__hippocampus__M023
gtex__hippocampus__M024                 SET      43     0.096398    0.0047096      0.13989      0.24539 gtex__hippocampus__M024
gtex__hippocampus__M025                 SET      45     -0.16199   -0.0080959      0.13669        0.882 gtex__hippocampus__M025
gtex__hippocampus__M026                 SET      42     -0.13734   -0.0066317        0.142      0.83326 gtex__hippocampus__M026
gtex__hippocampus__M027                 SET      35     0.052483    0.0023138      0.13626      0.35006 gtex__hippocampus__M027
gtex__hippocampus__M028                 SET      31     -0.23176    -0.009617      0.15649      0.93068 gtex__hippocampus__M028
gtex__hippocampus__M029                 SET      40     0.010232   0.00048216       0.1478      0.47241 gtex__hippocampus__M029
gtex__hippocampus__M030                 SET      36     -0.10879    -0.004864      0.15688      0.75598 gtex__hippocampus__M030
gtex__hippocampus__M031                 SET      32     0.098159    0.0041383      0.16418      0.27496 gtex__hippocampus__M031
gtex__hippocampus__M032                 SET      27      0.33409      0.01294      0.16878     0.023894 gtex__hippocampus__M032
gtex__hippocampus__M033                 SET      33   -0.0053944  -0.00023094      0.14345        0.515 gtex__hippocampus__M033
gtex__hippocampus__M034                 SET      31     -0.10081   -0.0041833      0.18022      0.71204 gtex__hippocampus__M034
gtex__hippocampus__M035                 SET      30     0.038753     0.001582       0.1761      0.41291 gtex__hippocampus__M035
gtex__hippocampus__M036                 SET      24       0.2062    0.0075301      0.20417      0.15627 gtex__hippocampus__M036
gtex__hippocampus__M037                 SET      23      -0.1987   -0.0071037      0.20617      0.83242 gtex__hippocampus__M037
gtex__hippocampus__M038                 SET      23    -0.044734   -0.0015993      0.18663      0.59472 gtex__hippocampus__M038
gtex__hippocampus__M039                 SET      19    -0.026576  -0.00086366      0.25041      0.54226 gtex__hippocampus__M039
gtex__hippocampus__M040                 SET      20    -0.045128   -0.0015046      0.21945      0.58146 gtex__hippocampus__M040
gtex__hippocampus__M041                 SET      18    -0.087107   -0.0027553      0.17967       0.6861 gtex__hippocampus__M041
gtex__hippocampus__M042                 SET      18     0.032174    0.0010177      0.18651      0.43152 gtex__hippocampus__M042
gtex__hippocampus__M043                 SET      16     -0.11973   -0.0035708      0.23302       0.6963 gtex__hippocampus__M043
gtex__hippocampus__M044                 SET      15      0.04131     0.001193      0.24587      0.43329 gtex__hippocampus__M044
gtex__hippocampus__M045                 SET      17     -0.31034   -0.0095401      0.22774      0.91349 gtex__hippocampus__M045
gtex__hippocampus__M046                 SET      16      0.33287    0.0099276      0.23705     0.080138 gtex__hippocampus__M046
gtex__hypothalamus__M000                SET     705     0.025422    0.0049353     0.037695      0.25003 gtex__hypothalamus__M000
gtex__hypothalamus__M001                SET     897     0.032673    0.0071149     0.032043      0.15396 gtex__hypothalamus__M001
gtex__hypothalamus__M002                SET     448   -0.0066551   -0.0010376     0.043597      0.56066 gtex__hypothalamus__M002
gtex__hypothalamus__M003                SET     210     0.033494    0.0035994     0.065129      0.30353 gtex__hypothalamus__M003
gtex__hypothalamus__M004                SET     223    -0.041504   -0.0045945     0.065816      0.73585 gtex__hypothalamus__M004
gtex__hypothalamus__M005                SET     180      0.11234     0.011187     0.072751     0.061276 gtex__hypothalamus__M005
gtex__hypothalamus__M006                SET     184     0.034561    0.0034791     0.066276      0.30102 gtex__hypothalamus__M006
gtex__hypothalamus__M007                SET     201    -0.034407   -0.0036183     0.066288      0.69813 gtex__hypothalamus__M007
gtex__hypothalamus__M008                SET     129     0.039157    0.0033055     0.084405      0.32136 gtex__hypothalamus__M008
gtex__hypothalamus__M009                SET     139    -0.012549   -0.0010994     0.080466      0.56197 gtex__hypothalamus__M009
gtex__hypothalamus__M010                SET     137     -0.22823     -0.01985     0.085941      0.99604 gtex__hypothalamus__M010
gtex__hypothalamus__M011                SET     104     -0.11318   -0.0085851      0.09431      0.88495 gtex__hypothalamus__M011
gtex__hypothalamus__M012                SET      99     -0.15394    -0.011394     0.094539      0.94826 gtex__hypothalamus__M012
gtex__hypothalamus__M013                SET      86     0.086998    0.0060037     0.096013      0.18245 gtex__hypothalamus__M013
gtex__hypothalamus__M014                SET      68      0.19558     0.012007      0.11148     0.039692 gtex__hypothalamus__M014
gtex__hypothalamus__M015                SET      57    -0.078164    -0.004395      0.11704      0.74789 gtex__hypothalamus__M015
gtex__hypothalamus__M016                SET      57   -0.0025243  -0.00014193      0.11732      0.50858 gtex__hypothalamus__M016
gtex__hypothalamus__M017                SET      45     -0.22736    -0.011362       0.1283       0.9618 gtex__hypothalamus__M017
gtex__hypothalamus__M018                SET      45      0.10264    0.0051298      0.13309      0.22029 gtex__hypothalamus__M018
gtex__hypothalamus__M019                SET      21     0.043391    0.0014824      0.19311      0.41111 gtex__hypothalamus__M019
gtex__hypothalamus__M020                SET      26    -0.093213   -0.0035428      0.18087      0.69684 gtex__hypothalamus__M020
gtex__hypothalamus__M021                SET      23      0.27385    0.0097903      0.22354      0.11029 gtex__hypothalamus__M021
gtex__hypothalamus__M022                SET      21      0.15966    0.0054545      0.23215      0.24581 gtex__hypothalamus__M022
gtex__hypothalamus__M023                SET      20      0.16795    0.0055995      0.22732      0.23001 gtex__hypothalamus__M023
gtex__hypothalamus__M024                SET      17   -0.0020686  -6.3592e-05      0.21139       0.5039 gtex__hypothalamus__M024
gtex__hypothalamus__M025                SET      17     -0.23293   -0.0071605      0.21189      0.86417 gtex__hypothalamus__M025
gtex__hypothalamus__M026                SET      17      0.14434    0.0044372      0.22098      0.25682 gtex__hypothalamus__M026
gtex__hypothalamus__M027                SET      15     -0.22562   -0.0065156      0.24269      0.82373 gtex__hypothalamus__M027
gtex__nucleus_accumbens_basa...1        SET     988      0.04227    0.0096346     0.031257      0.08814 gtex__nucleus_accumbens_basal_ganglia__M000
gtex__nucleus_accumbens_basa...2        SET     644     0.018746    0.0034843      0.03786      0.31026 gtex__nucleus_accumbens_basal_ganglia__M001
gtex__nucleus_accumbens_basa...3        SET     438     0.061367    0.0094628     0.045089     0.086763 gtex__nucleus_accumbens_basal_ganglia__M002
gtex__nucleus_accumbens_basa...4        SET     315    0.0020214   0.00026526     0.052096      0.48452 gtex__nucleus_accumbens_basal_ganglia__M003
gtex__nucleus_accumbens_basa...5        SET     317      0.08464     0.011141     0.051032     0.048612 gtex__nucleus_accumbens_basal_ganglia__M004
gtex__nucleus_accumbens_basa...6        SET     225    -0.095767    -0.010648     0.063323      0.93477 gtex__nucleus_accumbens_basal_ganglia__M005
gtex__nucleus_accumbens_basa...7        SET     127    -0.037875   -0.0031726     0.084967      0.67211 gtex__nucleus_accumbens_basal_ganglia__M006
gtex__nucleus_accumbens_basa...8        SET     149     0.069701    0.0063202      0.08038      0.19294 gtex__nucleus_accumbens_basal_ganglia__M007
gtex__nucleus_accumbens_basa...9        SET     122      0.11051    0.0090739      0.08487     0.096454 gtex__nucleus_accumbens_basal_ganglia__M008
gtex__nucleus_accumbens_basa...10       SET     121      0.16226     0.013269     0.086941      0.03101 gtex__nucleus_accumbens_basal_ganglia__M009
gtex__nucleus_accumbens_basa...11       SET     106      0.14787     0.011322     0.091044     0.052185 gtex__nucleus_accumbens_basal_ganglia__M010
gtex__nucleus_accumbens_basa...12       SET      88     -0.16333    -0.011401     0.099709      0.94929 gtex__nucleus_accumbens_basal_ganglia__M011
gtex__nucleus_accumbens_basa...13       SET      67     0.036667    0.0022346      0.10688      0.36578 gtex__nucleus_accumbens_basal_ganglia__M012
gtex__nucleus_accumbens_basa...14       SET      72     -0.18164    -0.011474      0.11285      0.94625 gtex__nucleus_accumbens_basal_ganglia__M013
gtex__nucleus_accumbens_basa...15       SET      57       0.2331     0.013106      0.11868     0.024764 gtex__nucleus_accumbens_basal_ganglia__M014
gtex__nucleus_accumbens_basa...16       SET      61      -0.1927    -0.011207      0.11946      0.94663 gtex__nucleus_accumbens_basal_ganglia__M015
gtex__nucleus_accumbens_basa...17       SET      47       0.1002    0.0051176      0.12723      0.21548 gtex__nucleus_accumbens_basal_ganglia__M016
gtex__nucleus_accumbens_basa...18       SET      28       -0.103   -0.0040622      0.17863      0.71789 gtex__nucleus_accumbens_basal_ganglia__M017
gtex__nucleus_accumbens_basa...19       SET      35    -0.099612   -0.0043916      0.16284      0.72964 gtex__nucleus_accumbens_basal_ganglia__M018
gtex__nucleus_accumbens_basa...20       SET      33    -0.028101   -0.0012031      0.15262      0.57304 gtex__nucleus_accumbens_basal_ganglia__M019
gtex__nucleus_accumbens_basa...21       SET      35      0.02501    0.0011026      0.16906       0.4412 gtex__nucleus_accumbens_basal_ganglia__M020
gtex__nucleus_accumbens_basa...22       SET      36     0.087618    0.0039175      0.14142      0.26778 gtex__nucleus_accumbens_basal_ganglia__M021
gtex__nucleus_accumbens_basa...23       SET      27     0.066219    0.0025647      0.17795      0.35491 gtex__nucleus_accumbens_basal_ganglia__M022
gtex__nucleus_accumbens_basa...24       SET      19    -0.011739  -0.00038148      0.19095      0.52451 gtex__nucleus_accumbens_basal_ganglia__M023
gtex__nucleus_accumbens_basa...25       SET      20      0.34406     0.011471      0.21185     0.052193 gtex__nucleus_accumbens_basal_ganglia__M024
gtex__nucleus_accumbens_basa...26       SET      18    -0.042866   -0.0013559      0.19386       0.5875 gtex__nucleus_accumbens_basal_ganglia__M025
gtex__putamen_basal_ganglia_...1        SET     637     0.063069     0.011661     0.039214      0.05389 gtex__putamen_basal_ganglia__M000
gtex__putamen_basal_ganglia_...2        SET     297      0.09957     0.012694     0.057175     0.040808 gtex__putamen_basal_ganglia__M001
gtex__putamen_basal_ganglia_...3        SET     453     0.022012    0.0034504     0.045387      0.31385 gtex__putamen_basal_ganglia__M002
gtex__putamen_basal_ganglia_...4        SET     405      0.18316     0.027183     0.047704    6.187e-05 gtex__putamen_basal_ganglia__M003
gtex__putamen_basal_ganglia_...5        SET     276     0.033123    0.0040731     0.054971      0.27341 gtex__putamen_basal_ganglia__M004
gtex__putamen_basal_ganglia_...6        SET     341    0.0016329   0.00022278     0.050263      0.48704 gtex__putamen_basal_ganglia__M005
gtex__putamen_basal_ganglia_...7        SET     155  -0.00033675  -3.1138e-05     0.078887       0.5017 gtex__putamen_basal_ganglia__M006
gtex__putamen_basal_ganglia_...8        SET     127      0.15817     0.013249     0.087305     0.035025 gtex__putamen_basal_ganglia__M007
gtex__putamen_basal_ganglia_...9        SET     117      0.01268    0.0010198     0.079993      0.43703 gtex__putamen_basal_ganglia__M008
gtex__putamen_basal_ganglia_...10       SET     121    -0.061003   -0.0049886     0.080511      0.77568 gtex__putamen_basal_ganglia__M009
gtex__putamen_basal_ganglia_...11       SET     112     0.015824    0.0012453     0.088046      0.42868 gtex__putamen_basal_ganglia__M010
gtex__putamen_basal_ganglia_...12       SET      92     -0.14912    -0.010642     0.099552      0.93291 gtex__putamen_basal_ganglia__M011
gtex__putamen_basal_ganglia_...13       SET      88     0.012463   0.00086999      0.10494      0.45273 gtex__putamen_basal_ganglia__M012
gtex__putamen_basal_ganglia_...14       SET      88     0.079616    0.0055575      0.10884      0.23225 gtex__putamen_basal_ganglia__M013
gtex__putamen_basal_ganglia_...15       SET      95     -0.13049   -0.0094622      0.10206      0.89946 gtex__putamen_basal_ganglia__M014
gtex__putamen_basal_ganglia_...16       SET      84    -0.063333   -0.0043197       0.1009      0.73488 gtex__putamen_basal_ganglia__M015
gtex__putamen_basal_ganglia_...17       SET      73      0.11671    0.0074229      0.10674      0.13713 gtex__putamen_basal_ganglia__M016
gtex__putamen_basal_ganglia_...18       SET      54     -0.20291    -0.011106      0.12238      0.95133 gtex__putamen_basal_ganglia__M017
gtex__putamen_basal_ganglia_...19       SET      71     0.029641    0.0018594      0.10547      0.38934 gtex__putamen_basal_ganglia__M018
gtex__putamen_basal_ganglia_...20       SET      58       0.2204       0.0125      0.12657     0.040825 gtex__putamen_basal_ganglia__M019
gtex__putamen_basal_ganglia_...21       SET      54     -0.29574    -0.016187      0.12787      0.98963 gtex__putamen_basal_ganglia__M020
gtex__putamen_basal_ganglia_...22       SET      47     -0.17354   -0.0088632      0.13631       0.8985 gtex__putamen_basal_ganglia__M021
gtex__putamen_basal_ganglia_...23       SET      53    -0.018682   -0.0010131      0.11853      0.56262 gtex__putamen_basal_ganglia__M022
gtex__putamen_basal_ganglia_...24       SET      38    -0.076162   -0.0034984      0.14148      0.70482 gtex__putamen_basal_ganglia__M023
gtex__putamen_basal_ganglia_...25       SET      27      0.13606    0.0052698      0.17334      0.21626 gtex__putamen_basal_ganglia__M024
gtex__putamen_basal_ganglia_...26       SET      28    -0.097072   -0.0038286      0.16725      0.71917 gtex__putamen_basal_ganglia__M025
gtex__putamen_basal_ganglia_...27       SET      24      0.23563    0.0086051      0.15721     0.066964 gtex__putamen_basal_ganglia__M026
gtex__putamen_basal_ganglia_...28       SET      23    -0.034185   -0.0012221      0.16491      0.58211 gtex__putamen_basal_ganglia__M027
gtex__putamen_basal_ganglia_...29       SET      19     -0.31222    -0.010146       0.2006      0.94018 gtex__putamen_basal_ganglia__M028
gtex__putamen_basal_ganglia_...30       SET      26     -0.21339   -0.0081104      0.17914       0.8832 gtex__putamen_basal_ganglia__M029
gtex__putamen_basal_ganglia_...31       SET      21      0.16436    0.0056152      0.21257       0.2197 gtex__putamen_basal_ganglia__M030
gtex__putamen_basal_ganglia_...32       SET      13     -0.20199   -0.0054307      0.27184      0.77127 gtex__putamen_basal_ganglia__M031
gtex__putamen_basal_ganglia_...33       SET      19     -0.14139   -0.0045949      0.23754      0.72415 gtex__putamen_basal_ganglia__M032
gtex__putamen_basal_ganglia_...34       SET      20     -0.19605   -0.0065364      0.19354      0.84445 gtex__putamen_basal_ganglia__M033
gtex__putamen_basal_ganglia_...35       SET      20     0.065465    0.0021826      0.19483      0.36843 gtex__putamen_basal_ganglia__M034
gtex__putamen_basal_ganglia_...36       SET      14      0.02006   0.00055966      0.24574      0.46747 gtex__putamen_basal_ganglia__M035
gtex__spinal_cord_cervical_c...1        SET     688     0.044722    0.0085812      0.03711      0.11408 gtex__spinal_cord_cervical_c_1__M000
gtex__spinal_cord_cervical_c...2        SET     517     0.013955    0.0023326     0.040874       0.3664 gtex__spinal_cord_cervical_c_1__M001
gtex__spinal_cord_cervical_c...3        SET     395      0.14332     0.021013     0.049745    0.0019835 gtex__spinal_cord_cervical_c_1__M002
gtex__spinal_cord_cervical_c...4        SET     322     0.051192    0.0067906     0.056081      0.18067 gtex__spinal_cord_cervical_c_1__M003
gtex__spinal_cord_cervical_c...5        SET     249     0.021292    0.0024888     0.057518      0.35563 gtex__spinal_cord_cervical_c_1__M004
gtex__spinal_cord_cervical_c...6        SET     237    -0.084275   -0.0096138     0.063922      0.90631 gtex__spinal_cord_cervical_c_1__M005
gtex__spinal_cord_cervical_c...7        SET     194     -0.05935   -0.0061329     0.070858      0.79886 gtex__spinal_cord_cervical_c_1__M006
gtex__spinal_cord_cervical_c...8        SET     156     0.046056    0.0042723     0.072915      0.26381 gtex__spinal_cord_cervical_c_1__M007
gtex__spinal_cord_cervical_c...9        SET     135     0.066226    0.0057182     0.080899      0.20651 gtex__spinal_cord_cervical_c_1__M008
gtex__spinal_cord_cervical_c...10       SET     129    -0.055377   -0.0046747      0.08317      0.74723 gtex__spinal_cord_cervical_c_1__M009
gtex__spinal_cord_cervical_c...11       SET      89     0.046794    0.0032848     0.097826      0.31621 gtex__spinal_cord_cervical_c_1__M010
gtex__spinal_cord_cervical_c...12       SET      69     0.073753    0.0045611       0.1119      0.25492 gtex__spinal_cord_cervical_c_1__M011
gtex__spinal_cord_cervical_c...13       SET      84     -0.09693   -0.0066112      0.10201      0.82899 gtex__spinal_cord_cervical_c_1__M012
gtex__spinal_cord_cervical_c...14       SET      80      0.15733     0.010473      0.10123     0.060079 gtex__spinal_cord_cervical_c_1__M013
gtex__spinal_cord_cervical_c...15       SET      67     0.040391    0.0024615      0.10824      0.35452 gtex__spinal_cord_cervical_c_1__M014
gtex__spinal_cord_cervical_c...16       SET      62    -0.075597   -0.0044325      0.12025      0.73522 gtex__spinal_cord_cervical_c_1__M015
gtex__spinal_cord_cervical_c...17       SET      64     -0.12414   -0.0073949      0.12462      0.84041 gtex__spinal_cord_cervical_c_1__M016
gtex__spinal_cord_cervical_c...18       SET      56      -0.2339    -0.013036       0.1263      0.96797 gtex__spinal_cord_cervical_c_1__M017
gtex__spinal_cord_cervical_c...19       SET      45       0.1176    0.0058771      0.12591      0.17517 gtex__spinal_cord_cervical_c_1__M018
gtex__spinal_cord_cervical_c...20       SET      45     0.069186    0.0034576      0.13013      0.29748 gtex__spinal_cord_cervical_c_1__M019
gtex__spinal_cord_cervical_c...21       SET      41      0.13478    0.0064302      0.15282       0.1889 gtex__spinal_cord_cervical_c_1__M020
gtex__spinal_cord_cervical_c...22       SET      42     -0.16544   -0.0079886      0.14043      0.88062 gtex__spinal_cord_cervical_c_1__M021
gtex__spinal_cord_cervical_c...23       SET      36    -0.056063   -0.0025067      0.17107      0.62844 gtex__spinal_cord_cervical_c_1__M022
gtex__spinal_cord_cervical_c...24       SET      32      0.14734    0.0062118      0.16248      0.18225 gtex__spinal_cord_cervical_c_1__M023
gtex__spinal_cord_cervical_c...25       SET      25    -0.016644  -0.00062034      0.19274      0.53441 gtex__spinal_cord_cervical_c_1__M024
gtex__spinal_cord_cervical_c...26       SET      24      0.23762    0.0086778      0.18816      0.10333 gtex__spinal_cord_cervical_c_1__M025
gtex__spinal_cord_cervical_c...27       SET      24     0.089612    0.0032725      0.17962      0.30893 gtex__spinal_cord_cervical_c_1__M026
gtex__spinal_cord_cervical_c...28       SET      23      0.11335    0.0040523      0.19757      0.28309 gtex__spinal_cord_cervical_c_1__M027
gtex__spinal_cord_cervical_c...29       SET      20     0.067971    0.0022662      0.18749      0.35848 gtex__spinal_cord_cervical_c_1__M028
gtex__spinal_cord_cervical_c...30       SET      20      0.36001     0.012003      0.22195     0.052404 gtex__spinal_cord_cervical_c_1__M029
gtex__spinal_cord_cervical_c...31       SET      21     -0.34311    -0.011722      0.22291      0.93811 gtex__spinal_cord_cervical_c_1__M030
gtex__spinal_cord_cervical_c...32       SET      20      0.15232    0.0050786      0.21377      0.23807 gtex__spinal_cord_cervical_c_1__M031
gtex__spinal_cord_cervical_c...33       SET      13     -0.45395    -0.012205      0.25347      0.96334 gtex__spinal_cord_cervical_c_1__M032
gtex__substantia_nigra__M000            SET     786     0.013685    0.0027987     0.034039      0.34383 gtex__substantia_nigra__M000
gtex__substantia_nigra__M001            SET     332      0.03838    0.0051681     0.053257      0.23556 gtex__substantia_nigra__M001
gtex__substantia_nigra__M002            SET     307     -0.13042      -0.0169     0.054427      0.99171 gtex__substantia_nigra__M002
gtex__substantia_nigra__M003            SET     204     0.092642     0.009814     0.062909     0.070432 gtex__substantia_nigra__M003
gtex__substantia_nigra__M004            SET     237       0.1695     0.019336     0.061663    0.0029931 gtex__substantia_nigra__M004
gtex__substantia_nigra__M005            SET     177       0.1628     0.016077     0.074103     0.014017 gtex__substantia_nigra__M005
gtex__substantia_nigra__M006            SET     159     0.026585    0.0024895     0.074061      0.35982 gtex__substantia_nigra__M006
gtex__substantia_nigra__M007            SET      75    -0.048266   -0.0031115      0.10721      0.67372 gtex__substantia_nigra__M007
gtex__substantia_nigra__M008            SET     106     0.076856    0.0058851     0.097749      0.21586 gtex__substantia_nigra__M008
gtex__substantia_nigra__M009            SET     104    -0.067396    -0.005112     0.089526      0.77421 gtex__substantia_nigra__M009
gtex__substantia_nigra__M010            SET     101   -0.0023173  -0.00017323      0.10113      0.50914 gtex__substantia_nigra__M010
gtex__substantia_nigra__M011            SET     104     0.001491    0.0001131     0.087148      0.49317 gtex__substantia_nigra__M011
gtex__substantia_nigra__M012            SET      88     -0.11101   -0.0077486      0.10638      0.85164 gtex__substantia_nigra__M012
gtex__substantia_nigra__M013            SET     103    -0.092607   -0.0069906     0.089347      0.85001 gtex__substantia_nigra__M013
gtex__substantia_nigra__M014            SET      75     0.074725    0.0048171      0.10678      0.24203 gtex__substantia_nigra__M014
gtex__substantia_nigra__M015            SET      75       0.1738     0.011204      0.11263     0.061416 gtex__substantia_nigra__M015
gtex__substantia_nigra__M016            SET      76     0.067595    0.0043863      0.10926      0.26807 gtex__substantia_nigra__M016
gtex__substantia_nigra__M017            SET      69     0.019937    0.0012329      0.11414      0.43067 gtex__substantia_nigra__M017
gtex__substantia_nigra__M018            SET      69    -0.096841   -0.0059889      0.11263      0.80505 gtex__substantia_nigra__M018
gtex__substantia_nigra__M019            SET      69    -0.096905   -0.0059929      0.10166      0.82976 gtex__substantia_nigra__M019
gtex__substantia_nigra__M020            SET      62    -0.024824   -0.0014555      0.11942      0.58233 gtex__substantia_nigra__M020
gtex__substantia_nigra__M021            SET      62     0.050086    0.0029367      0.12056      0.33892 gtex__substantia_nigra__M021
gtex__substantia_nigra__M022            SET      66     0.028461    0.0017216      0.10972      0.39766 gtex__substantia_nigra__M022
gtex__substantia_nigra__M023            SET      49     0.073234    0.0038187       0.1235      0.27659 gtex__substantia_nigra__M023
gtex__substantia_nigra__M024            SET      42     -0.02907   -0.0014037      0.13849      0.58313 gtex__substantia_nigra__M024
gtex__substantia_nigra__M025            SET      31     -0.10338   -0.0042897      0.15892      0.74231 gtex__substantia_nigra__M025
gtex__substantia_nigra__M026            SET      40     0.088779    0.0041837      0.14287      0.26717 gtex__substantia_nigra__M026
gtex__substantia_nigra__M027            SET      31       0.3559     0.014768       0.1695     0.017885 gtex__substantia_nigra__M027
gtex__substantia_nigra__M028            SET      30     -0.10657   -0.0043506      0.15434      0.75506 gtex__substantia_nigra__M028
gtex__substantia_nigra__M029            SET      31     -0.07992   -0.0033164      0.16445      0.68651 gtex__substantia_nigra__M029
gtex__substantia_nigra__M030            SET      19      0.15439    0.0050172      0.19896      0.21889 gtex__substantia_nigra__M030
gtex__substantia_nigra__M031            SET      28     -0.14942    -0.005893      0.16767      0.81356 gtex__substantia_nigra__M031
gtex__substantia_nigra__M032            SET      26      -0.1147   -0.0043596      0.18218      0.73552 gtex__substantia_nigra__M032
gtex__substantia_nigra__M033            SET      19      0.10572    0.0034355       0.2401      0.32986 gtex__substantia_nigra__M033
gtex__substantia_nigra__M034            SET      20    -0.049192   -0.0016401      0.23325      0.58351 gtex__substantia_nigra__M034
gtex__substantia_nigra__M035            SET      23     -0.29844     -0.01067      0.22932      0.90344 gtex__substantia_nigra__M035
gtex__substantia_nigra__M036            SET      20     0.038841     0.001295      0.18754      0.41796 gtex__substantia_nigra__M036
gtex__substantia_nigra__M037            SET      19    -0.070831   -0.0023018      0.18994      0.64539 gtex__substantia_nigra__M037
gtex__substantia_nigra__M038            SET      18     0.088866     0.002811      0.24747      0.35976 gtex__substantia_nigra__M038
gtex__substantia_nigra__M039            SET      15     -0.44307    -0.012795      0.23946      0.96786 gtex__substantia_nigra__M039
gtex__substantia_nigra__M040            SET      19      -0.1818   -0.0059082      0.18912       0.8318 gtex__substantia_nigra__M040
gtex__substantia_nigra__M041            SET      19      0.16495    0.0053605      0.21158      0.21782 gtex__substantia_nigra__M041
gtex__substantia_nigra__M042            SET      16     -0.39944    -0.011913      0.26343      0.93527 gtex__substantia_nigra__M042
brainseq__caudate__M000                 SET     614     0.022866    0.0041536     0.039162      0.27965 brainseq__caudate__M000
brainseq__caudate__M001                 SET     471     0.049111    0.0078456     0.046011      0.14291 brainseq__caudate__M001
brainseq__caudate__M002                 SET     104    0.0096901     0.000735     0.091371      0.45777 brainseq__caudate__M002
brainseq__caudate__M003                 SET     327     0.086834     0.011606     0.051954     0.047335 brainseq__caudate__M003
brainseq__caudate__M004                 SET     321      0.15405     0.020404     0.054017    0.0021753 brainseq__caudate__M004
brainseq__caudate__M005                 SET      50     -0.24912    -0.013122      0.12885       0.9734 brainseq__caudate__M005
brainseq__caudate__M006                 SET     192    -0.044359   -0.0045603     0.064976       0.7526 brainseq__caudate__M006
brainseq__caudate__M007                 SET     142     0.034855     0.003086     0.076578       0.3245 brainseq__caudate__M007
brainseq__caudate__M008                 SET     145      0.16132     0.014432     0.079399     0.021097 brainseq__caudate__M008
brainseq__caudate__M009                 SET     130     -0.15678    -0.013285     0.084822      0.96771 brainseq__caudate__M009
brainseq__caudate__M010                 SET     117   -0.0043003  -0.00034584     0.084433      0.52031 brainseq__caudate__M010
brainseq__caudate__M011                 SET     121     -0.14568    -0.011913     0.082497      0.96128 brainseq__caudate__M011
brainseq__caudate__M012                 SET     110      0.07557    0.0058941     0.088638      0.19696 brainseq__caudate__M012
brainseq__caudate__M013                 SET      39      0.26328     0.012251      0.15125     0.040876 brainseq__caudate__M013
brainseq__caudate__M014                 SET      75     -0.15886    -0.010241       0.1183      0.91033 brainseq__caudate__M014
brainseq__caudate__M015                 SET      77     -0.13279   -0.0086733      0.10446      0.89815 brainseq__caudate__M015
brainseq__caudate__M016                 SET      36    -0.033306   -0.0014892      0.15198      0.58673 brainseq__caudate__M016
brainseq__caudate__M017                 SET      68      0.11416     0.007009      0.11846      0.16759 brainseq__caudate__M017
brainseq__caudate__M018                 SET      61    -0.002943  -0.00017116      0.11558      0.51016 brainseq__caudate__M018
brainseq__caudate__M019                 SET      63     0.091742    0.0054222      0.11638      0.21527 brainseq__caudate__M019
brainseq__caudate__M020                 SET      59      0.17262    0.0098743      0.11017      0.05859 brainseq__caudate__M020
brainseq__caudate__M021                 SET      62     0.047932    0.0028104      0.12952      0.35566 brainseq__caudate__M021
brainseq__caudate__M022                 SET      51     0.094364    0.0050197      0.12262      0.22078 brainseq__caudate__M022
brainseq__caudate__M023                 SET      18      0.32506     0.010282      0.25371      0.10006 brainseq__caudate__M023
brainseq__caudate__M024                 SET      49     -0.21469    -0.011195      0.12899      0.95198 brainseq__caudate__M024
brainseq__caudate__M025                 SET      49     -0.15023   -0.0078337      0.12434      0.88651 brainseq__caudate__M025
brainseq__caudate__M026                 SET      50      0.10468    0.0055137      0.12231      0.19605 brainseq__caudate__M026
brainseq__caudate__M027                 SET      47       0.1588    0.0081101      0.13745      0.12399 brainseq__caudate__M027
brainseq__caudate__M028                 SET      45     0.076031    0.0037998      0.13551      0.28737 brainseq__caudate__M028
brainseq__caudate__M029                 SET      38      0.17783    0.0081683      0.14736      0.11377 brainseq__caudate__M029
brainseq__caudate__M030                 SET      38      0.25006     0.011486      0.15337     0.051519 brainseq__caudate__M030
brainseq__caudate__M031                 SET      30     -0.02456   -0.0010026      0.16117      0.56056 brainseq__caudate__M031
brainseq__caudate__M032                 SET      31     -0.35323    -0.014658      0.16247      0.98515 brainseq__caudate__M032
brainseq__caudate__M033                 SET      27     -0.16526   -0.0064007      0.17816      0.82318 brainseq__caudate__M033
brainseq__caudate__M034                 SET      28    -0.048956   -0.0019309      0.19731      0.59798 brainseq__caudate__M034
brainseq__caudate__M035                 SET      16     -0.22541   -0.0067228      0.22256      0.84443 brainseq__caudate__M035
brainseq__caudate__M036                 SET      25      0.25492    0.0095011      0.19699     0.097825 brainseq__caudate__M036
brainseq__caudate__M037                 SET      27    -0.029032   -0.0011244      0.18593      0.56204 brainseq__caudate__M037
brainseq__caudate__M038                 SET      22     0.056238    0.0019664      0.19956      0.38905 brainseq__caudate__M038
brainseq__caudate__M039                 SET      25      0.30341     0.011309      0.20857     0.072882 brainseq__caudate__M039
brainseq__caudate__M040                 SET      17      0.11362    0.0034929      0.21446      0.29813 brainseq__caudate__M040
brainseq__caudate__M041                 SET      18    -0.064552   -0.0020419      0.21317      0.61898 brainseq__caudate__M041
brainseq__caudate__M042                 SET      20     0.015752    0.0005252      0.21309      0.47054 brainseq__caudate__M042
brainseq__caudate__M043                 SET      20      0.12467    0.0041567      0.21368       0.2798 brainseq__caudate__M043
brainseq__caudate__M044                 SET      16      0.42185     0.012581      0.24578     0.043054 brainseq__caudate__M044
brainseq__caudate__M045                 SET      18     -0.15912   -0.0050332      0.21744      0.76785 brainseq__caudate__M045
brainseq__caudate__M046                 SET      19     -0.25364   -0.0082426      0.19831      0.89955 brainseq__caudate__M046
brainseq__caudate__M047                 SET      18     -0.21393   -0.0067671      0.19658      0.86176 brainseq__caudate__M047
brainseq__caudate__M048                 SET      15      0.47071     0.013593      0.25816     0.034139 brainseq__caudate__M048
brainseq__hippocampus__M000             SET     377     0.058261    0.0083492     0.050386      0.12379 brainseq__hippocampus__M000
brainseq__hippocampus__M001             SET     311     0.070143    0.0091469     0.054967      0.10097 brainseq__hippocampus__M001
brainseq__hippocampus__M002             SET     211     0.054387    0.0058584     0.062288       0.1913 brainseq__hippocampus__M002
brainseq__hippocampus__M003             SET     160     0.037012    0.0034767     0.074162      0.30887 brainseq__hippocampus__M003
brainseq__hippocampus__M004             SET     138      0.12909     0.011268     0.075363     0.043374 brainseq__hippocampus__M004
brainseq__hippocampus__M005             SET     146     0.038074    0.0034177     0.076091      0.30841 brainseq__hippocampus__M005
brainseq__hippocampus__M006             SET     129    -0.015547   -0.0013125     0.083277      0.57405 brainseq__hippocampus__M006
brainseq__hippocampus__M007             SET     129     -0.14967    -0.012635     0.079522      0.97008 brainseq__hippocampus__M007
brainseq__hippocampus__M008             SET     129    -0.020127   -0.0016991     0.083925      0.59476 brainseq__hippocampus__M008
brainseq__hippocampus__M009             SET     106   -0.0071371  -0.00054651     0.092504      0.53075 brainseq__hippocampus__M009
brainseq__hippocampus__M010             SET     100     0.083594    0.0062182     0.093627      0.18598 brainseq__hippocampus__M010
brainseq__hippocampus__M011             SET      81    0.0014147   9.4759e-05       0.1012      0.49442 brainseq__hippocampus__M011
brainseq__hippocampus__M012             SET      84     0.049294    0.0033621      0.10538      0.31998 brainseq__hippocampus__M012
brainseq__hippocampus__M013             SET      84     0.076156    0.0051943      0.10437      0.23279 brainseq__hippocampus__M013
brainseq__hippocampus__M014             SET      76    -0.031594   -0.0020502      0.10879      0.61425 brainseq__hippocampus__M014
brainseq__hippocampus__M015             SET      82    -0.043438   -0.0029274      0.10445      0.66125 brainseq__hippocampus__M015
brainseq__hippocampus__M016             SET      75     0.078117    0.0050358      0.11365      0.24594 brainseq__hippocampus__M016
brainseq__hippocampus__M017             SET      66      0.21749     0.013156       0.1187     0.033471 brainseq__hippocampus__M017
brainseq__hippocampus__M018             SET      61      0.15438    0.0089788       0.1301       0.1177 brainseq__hippocampus__M018
brainseq__hippocampus__M019             SET      63     -0.13507   -0.0079831      0.12329      0.86336 brainseq__hippocampus__M019
brainseq__hippocampus__M020             SET      62    -0.066893   -0.0039222      0.11842      0.71391 brainseq__hippocampus__M020
brainseq__hippocampus__M021             SET      52     0.013823   0.00074245      0.13335      0.45872 brainseq__hippocampus__M021
brainseq__hippocampus__M022             SET      49     0.089275    0.0046552      0.14012      0.26202 brainseq__hippocampus__M022
brainseq__hippocampus__M023             SET      47     0.042826    0.0021872      0.13291      0.37365 brainseq__hippocampus__M023
brainseq__hippocampus__M024             SET      44       0.2343     0.011579       0.1371     0.043735 brainseq__hippocampus__M024
brainseq__hippocampus__M025             SET      41    -0.052026   -0.0024821      0.14671      0.63856 brainseq__hippocampus__M025
brainseq__hippocampus__M026             SET      40     0.037595    0.0017716      0.15206      0.40236 brainseq__hippocampus__M026
brainseq__hippocampus__M027             SET      37    -0.084725   -0.0038403      0.15422      0.70862 brainseq__hippocampus__M027
brainseq__hippocampus__M028             SET      36     0.058275    0.0026056      0.17172      0.36717 brainseq__hippocampus__M028
brainseq__hippocampus__M029             SET      37      0.11275    0.0051105       0.1555      0.23421 brainseq__hippocampus__M029
brainseq__hippocampus__M030             SET      32      0.20124    0.0084842      0.17455      0.12448 brainseq__hippocampus__M030
brainseq__hippocampus__M031             SET      37    0.0054861   0.00024867       0.1596      0.48629 brainseq__hippocampus__M031
brainseq__hippocampus__M032             SET      33     -0.33154    -0.014194      0.15433      0.98415 brainseq__hippocampus__M032
brainseq__hippocampus__M033             SET      29     0.044851    0.0018002      0.19165      0.40748 brainseq__hippocampus__M033
brainseq__hippocampus__M034             SET      27     -0.10049    -0.003892      0.18214      0.70942 brainseq__hippocampus__M034
brainseq__hippocampus__M035             SET      27     -0.12618    -0.004887      0.18055      0.75767 brainseq__hippocampus__M035
brainseq__hippocampus__M036             SET      26   -0.0024703   -9.389e-05      0.18659      0.50528 brainseq__hippocampus__M036
brainseq__hippocampus__M037             SET      26    -0.026304  -0.00099975      0.17388      0.56012 brainseq__hippocampus__M037
brainseq__hippocampus__M038             SET      21      0.30925     0.010565      0.20649     0.067118 brainseq__hippocampus__M038
brainseq__hippocampus__M039             SET      22     -0.11432   -0.0039974       0.1912      0.72504 brainseq__hippocampus__M039
brainseq__hippocampus__M040             SET      26      0.19513    0.0074163      0.19247      0.15534 brainseq__hippocampus__M040
brainseq__hippocampus__M041             SET      23    -0.012514  -0.00044739      0.18216      0.52738 brainseq__hippocampus__M041
brainseq__hippocampus__M042             SET      19      0.23978    0.0077924      0.21601       0.1335 brainseq__hippocampus__M042
brainseq__hippocampus__M043             SET      21     -0.17133   -0.0058533      0.21602      0.78614 brainseq__hippocampus__M043
brainseq__hippocampus__M044             SET      19      0.36924     0.011999      0.19249     0.027551 brainseq__hippocampus__M044
brainseq__hippocampus__M045             SET      20     0.047955    0.0015989      0.22318      0.41493 brainseq__hippocampus__M045
brainseq__dlpfc__M000                   SET     353     0.051079     0.007088     0.052107      0.16348 brainseq__dlpfc__M000
brainseq__dlpfc__M001                   SET     382     0.013781    0.0019877     0.049725      0.39084 brainseq__dlpfc__M001
brainseq__dlpfc__M002                   SET     269    -0.029202   -0.0035458     0.057246      0.69501 brainseq__dlpfc__M002
brainseq__dlpfc__M003                   SET     184     0.057107    0.0057487     0.072809      0.21642 brainseq__dlpfc__M003
brainseq__dlpfc__M004                   SET     210    -0.063416   -0.0068149     0.065936      0.83191 brainseq__dlpfc__M004
brainseq__dlpfc__M005                   SET     216     0.010592    0.0011542     0.060289      0.43027 brainseq__dlpfc__M005
brainseq__dlpfc__M006                   SET     215     0.017808     0.001936     0.061832      0.38667 brainseq__dlpfc__M006
brainseq__dlpfc__M007                   SET     194    -0.047067   -0.0048636     0.068226      0.75486 brainseq__dlpfc__M007
brainseq__dlpfc__M008                   SET     175     -0.03966   -0.0038944     0.066481      0.72459 brainseq__dlpfc__M008
brainseq__dlpfc__M009                   SET     166    -0.041279   -0.0039489     0.072704       0.7149 brainseq__dlpfc__M009
brainseq__dlpfc__M010                   SET     141     0.069521    0.0061336     0.079365      0.19053 brainseq__dlpfc__M010
brainseq__dlpfc__M011                   SET     145     -0.11095   -0.0099251     0.074658      0.93136 brainseq__dlpfc__M011
brainseq__dlpfc__M012                   SET     101     0.071996     0.005382     0.092222       0.2175 brainseq__dlpfc__M012
brainseq__dlpfc__M013                   SET      99       0.0545    0.0040338     0.096106      0.28533 brainseq__dlpfc__M013
brainseq__dlpfc__M014                   SET      94     0.050774    0.0036624      0.10217      0.30961 brainseq__dlpfc__M014
brainseq__dlpfc__M015                   SET     100      0.12553    0.0093375     0.098321      0.10086 brainseq__dlpfc__M015
brainseq__dlpfc__M016                   SET      96    -0.066953   -0.0048803     0.096903      0.75519 brainseq__dlpfc__M016
brainseq__dlpfc__M017                   SET      86     0.065185    0.0044984     0.098454      0.25396 brainseq__dlpfc__M017
brainseq__dlpfc__M018                   SET      57    -0.039517    -0.002222      0.11985      0.62919 brainseq__dlpfc__M018
brainseq__dlpfc__M019                   SET      64    -0.061715   -0.0036763      0.11753      0.70025 brainseq__dlpfc__M019
brainseq__dlpfc__M020                   SET      48    -0.058637   -0.0030263      0.14972      0.65233 brainseq__dlpfc__M020
brainseq__dlpfc__M021                   SET      39    -0.024345   -0.0011329      0.14702      0.56576 brainseq__dlpfc__M021
brainseq__dlpfc__M022                   SET      35    -0.079766   -0.0035167      0.15363      0.69819 brainseq__dlpfc__M022
brainseq__dlpfc__M023                   SET      40     -0.10381    -0.004892      0.14953      0.75623 brainseq__dlpfc__M023
brainseq__dlpfc__M024                   SET      37    -0.096559   -0.0043767      0.15229      0.73698 brainseq__dlpfc__M024
brainseq__dlpfc__M025                   SET      37     0.042858    0.0019426      0.14457      0.38345 brainseq__dlpfc__M025
brainseq__dlpfc__M026                   SET      34      0.32946     0.014316      0.15369     0.016035 brainseq__dlpfc__M026
brainseq__dlpfc__M027                   SET      36    -0.040655   -0.0018178        0.158      0.60153 brainseq__dlpfc__M027
brainseq__dlpfc__M028                   SET      29      0.19189     0.007702      0.16688       0.1251 brainseq__dlpfc__M028
brainseq__dlpfc__M029                   SET      23      0.19417    0.0069416      0.18034      0.14083 brainseq__dlpfc__M029
brainseq__dlpfc__M030                   SET      29    -0.075155   -0.0030165      0.16629      0.67435 brainseq__dlpfc__M030
brainseq__dlpfc__M031                   SET      24    -0.055382   -0.0020225      0.17611      0.62342 brainseq__dlpfc__M031
brainseq__dlpfc__M032                   SET      22     -0.12912   -0.0045147      0.19542       0.7456 brainseq__dlpfc__M032
brainseq__dlpfc__M033                   SET      16      0.14894     0.004442      0.19766      0.22557 brainseq__dlpfc__M033
brainseq__dlpfc__M034                   SET      20     -0.01207  -0.00040241      0.21217      0.52268 brainseq__dlpfc__M034
brainseq__dlpfc__M035                   SET      20    -0.058406   -0.0019473      0.19758      0.61623 brainseq__dlpfc__M035
brainseq__dlpfc__M036                   SET      15      0.19482    0.0056261      0.22658      0.19495 brainseq__dlpfc__M036
brainseq__dlpfc__M037                   SET      18     0.082624    0.0026135      0.20328      0.34221 brainseq__dlpfc__M037
brainseq__caudate_sczd__M000            SET     101     0.035839    0.0026791     0.094424      0.35214 brainseq__caudate_sczd__M000
brainseq__caudate_sczd__M001            SET      85     0.042336    0.0029046      0.10319       0.3408 brainseq__caudate_sczd__M001
brainseq__caudate_sczd__M002            SET     338     0.049905    0.0067793     0.052226      0.16966 brainseq__caudate_sczd__M002
brainseq__caudate_sczd__M003            SET     251      0.10169     0.011933     0.062713     0.052461 brainseq__caudate_sczd__M003
brainseq__caudate_sczd__M004            SET     162     -0.12745    -0.012046     0.073516       0.9585 brainseq__caudate_sczd__M004
brainseq__caudate_sczd__M005            SET     132     0.044475    0.0037975     0.088988      0.30862 brainseq__caudate_sczd__M005
brainseq__caudate_sczd__M006            SET     163     -0.13106    -0.012424     0.073385      0.96293 brainseq__caudate_sczd__M006
brainseq__caudate_sczd__M007            SET     144     0.037118    0.0033092     0.080597      0.32257 brainseq__caudate_sczd__M007
brainseq__caudate_sczd__M008            SET     149    -0.016515   -0.0014975     0.075913      0.58611 brainseq__caudate_sczd__M008
brainseq__caudate_sczd__M009            SET     119     -0.20307     -0.01647     0.088481      0.98913 brainseq__caudate_sczd__M009
brainseq__caudate_sczd__M010            SET      55     0.058874    0.0032519      0.12152      0.31403 brainseq__caudate_sczd__M010
brainseq__caudate_sczd__M011            SET      56     0.099864    0.0055658      0.11351      0.18948 brainseq__caudate_sczd__M011
brainseq__caudate_sczd__M012            SET      45      0.09887    0.0049411       0.1536      0.25989 brainseq__caudate_sczd__M012
brainseq__caudate_sczd__M013            SET      31      0.22996    0.0095426      0.16999     0.088071 brainseq__caudate_sczd__M013
brainseq__caudate_sczd__M014            SET      42     0.004495   0.00021705      0.13766      0.48698 brainseq__caudate_sczd__M014
brainseq__caudate_sczd__M015            SET      32      0.20989    0.0088486      0.17731      0.11827 brainseq__caudate_sczd__M015
brainseq__caudate_sczd__M016            SET      33      0.06186    0.0026483      0.16176      0.35107 brainseq__caudate_sczd__M016
brainseq__caudate_sczd__M017            SET       8     -0.30245   -0.0063797      0.36837      0.79418 brainseq__caudate_sczd__M017
brainseq__caudate_sczd__M018            SET      28       0.2166    0.0085429      0.17752      0.11121 brainseq__caudate_sczd__M018
brainseq__caudate_sczd__M019            SET      27      0.16846    0.0065247      0.19044      0.18819 brainseq__caudate_sczd__M019
brainseq__caudate_sczd__M020            SET      26      0.16232    0.0061693      0.16894      0.16834 brainseq__caudate_sczd__M020
brainseq__caudate_sczd__M021            SET      20     0.082954    0.0027657      0.21781      0.35166 brainseq__caudate_sczd__M021
brainseq__caudate_sczd__M022            SET      22     0.045066    0.0015758       0.2153       0.4171 brainseq__caudate_sczd__M022
brainseq__caudate_sczd__M023            SET      23     -0.37284     -0.01333      0.21305      0.95994 brainseq__caudate_sczd__M023
brainseq__caudate_sczd__M024            SET      25       0.3281     0.012229      0.19358     0.045051 brainseq__caudate_sczd__M024
brainseq__caudate_sczd__M025            SET      20      0.42544     0.014184      0.22967     0.031993 brainseq__caudate_sczd__M025
brainseq__caudate_sczd__M026            SET      19      0.26122    0.0084889      0.22282      0.12054 brainseq__caudate_sczd__M026
