# TOTAL_GENES = 17973
# TEST_DIRECTION = one-sided, positive (set), two-sided (covar)
# CONDITIONED_INTERNAL = gene size, gene density, sample size, inverse mac, log(gene size), log(gene density), log(sample size), log(inverse mac)
VARIABLE                               TYPE  NGENES         BETA     BETA_STD           SE            P FULL_NAME
gtex__amygdala__M000                    SET     975      0.02418     0.005477     0.030996      0.21767 gtex__amygdala__M000
gtex__amygdala__M001                    SET     610    -0.063836    -0.011559     0.037981      0.95359 gtex__amygdala__M001
gtex__amygdala__M002                    SET     435     0.025885     0.003978     0.042729      0.27233 gtex__amygdala__M002
gtex__amygdala__M003                    SET     442   -0.0047548  -0.00073644     0.046304      0.54089 gtex__amygdala__M003
gtex__amygdala__M004                    SET     314     0.034539    0.0045253      0.05235      0.25471 gtex__amygdala__M004
gtex__amygdala__M005                    SET     307      0.03115    0.0040363     0.051946      0.27437 gtex__amygdala__M005
gtex__amygdala__M006                    SET     301    -0.020627   -0.0026469     0.054125      0.64843 gtex__amygdala__M006
gtex__amygdala__M007                    SET     271       0.0162    0.0019743     0.056656      0.38746 gtex__amygdala__M007
gtex__amygdala__M008                    SET     193      0.15456     0.015931     0.070538     0.014225 gtex__amygdala__M008
gtex__amygdala__M009                    SET     168      -0.1335    -0.012847     0.074368      0.96367 gtex__amygdala__M009
gtex__amygdala__M010                    SET     124     0.017343    0.0014356     0.085906      0.42001 gtex__amygdala__M010
gtex__amygdala__M011                    SET     112    -0.047422    -0.003732     0.083449      0.71507 gtex__amygdala__M011
gtex__amygdala__M012                    SET      81   -0.0061444  -0.00041157      0.09843      0.52489 gtex__amygdala__M012
gtex__amygdala__M013                    SET      74     0.081829      0.00524      0.11267      0.23383 gtex__amygdala__M013
gtex__amygdala__M014                    SET      58       0.1515    0.0085924      0.11482     0.093515 gtex__amygdala__M014
gtex__amygdala__M015                    SET      36     0.041506    0.0018558      0.14503      0.38736 gtex__amygdala__M015
gtex__amygdala__M016                    SET      33    -0.067586   -0.0028934      0.16149      0.66221 gtex__amygdala__M016
gtex__amygdala__M017                    SET      16     0.020804   0.00062045      0.24504      0.46617 gtex__amygdala__M017
gtex__amygdala__M018                    SET      24      0.10188    0.0037207      0.17403      0.27913 gtex__amygdala__M018
gtex__amygdala__M019                    SET      24     -0.16845   -0.0061517      0.20009      0.80007 gtex__amygdala__M019
gtex__amygdala__M020                    SET      24    -0.053015   -0.0019361      0.21267      0.59843 gtex__amygdala__M020
gtex__amygdala__M021                    SET      16     0.023118   0.00068949      0.26345      0.46504 gtex__amygdala__M021
gtex__amygdala__M022                    SET      18     0.047101    0.0014899      0.22219      0.41606 gtex__amygdala__M022
gtex__anterior_cingulate_cor...1        SET    1790     0.033065    0.0099018       0.0236     0.080607 gtex__anterior_cingulate_cortex_ba24__M000
gtex__anterior_cingulate_cor...2        SET     691     0.011065    0.0021276     0.035384      0.37725 gtex__anterior_cingulate_cortex_ba24__M001
gtex__anterior_cingulate_cor...3        SET     639     0.043764    0.0081042     0.038923      0.13044 gtex__anterior_cingulate_cortex_ba24__M002
gtex__anterior_cingulate_cor...4        SET     646    -0.014376   -0.0026761     0.036946       0.6514 gtex__anterior_cingulate_cortex_ba24__M003
gtex__anterior_cingulate_cor...5        SET     440     0.043905    0.0067851     0.043223      0.15487 gtex__anterior_cingulate_cortex_ba24__M004
gtex__anterior_cingulate_cor...6        SET     439    -0.064755   -0.0099962      0.04698      0.91594 gtex__anterior_cingulate_cortex_ba24__M005
gtex__anterior_cingulate_cor...7        SET     376     0.042975    0.0061506     0.048232      0.18647 gtex__anterior_cingulate_cortex_ba24__M006
gtex__anterior_cingulate_cor...8        SET     248      0.16339     0.019061     0.060196    0.0033238 gtex__anterior_cingulate_cortex_ba24__M007
gtex__anterior_cingulate_cor...9        SET     231     0.026913    0.0030315     0.061416      0.33062 gtex__anterior_cingulate_cortex_ba24__M008
gtex__anterior_cingulate_cor...10       SET     207     0.034996    0.0037341     0.063636      0.29118 gtex__anterior_cingulate_cortex_ba24__M009
gtex__anterior_cingulate_cor...11       SET     160     0.046708    0.0043874     0.076489      0.27072 gtex__anterior_cingulate_cortex_ba24__M010
gtex__anterior_cingulate_cor...12       SET     121     0.064002    0.0052339     0.082007      0.21757 gtex__anterior_cingulate_cortex_ba24__M011
gtex__anterior_cingulate_cor...13       SET      92    -0.023348   -0.0016662      0.10187      0.59064 gtex__anterior_cingulate_cortex_ba24__M012
gtex__anterior_cingulate_cor...14       SET      93     -0.15231    -0.010928     0.099689      0.93672 gtex__anterior_cingulate_cortex_ba24__M013
gtex__anterior_cingulate_cor...15       SET      52     0.038546    0.0020704      0.12442      0.37836 gtex__anterior_cingulate_cortex_ba24__M014
gtex__anterior_cingulate_cor...16       SET      43      0.15647    0.0076444      0.14453      0.13949 gtex__anterior_cingulate_cortex_ba24__M015
gtex__anterior_cingulate_cor...17       SET      43   -0.0085885   -0.0004196      0.13916      0.52461 gtex__anterior_cingulate_cortex_ba24__M016
gtex__anterior_cingulate_cor...18       SET      40     0.014458   0.00068135      0.15064      0.46177 gtex__anterior_cingulate_cortex_ba24__M017
gtex__anterior_cingulate_cor...19       SET      39      0.41957     0.019524      0.13897    0.0012693 gtex__anterior_cingulate_cortex_ba24__M018
gtex__anterior_cingulate_cor...20       SET      37    0.0062227   0.00028205      0.14589      0.48299 gtex__anterior_cingulate_cortex_ba24__M019
gtex__anterior_cingulate_cor...21       SET      21     0.014399   0.00049192      0.19877      0.47113 gtex__anterior_cingulate_cortex_ba24__M020
gtex__anterior_cingulate_cor...22       SET      22   -0.0028326  -9.9044e-05      0.20163       0.5056 gtex__anterior_cingulate_cortex_ba24__M021
gtex__anterior_cingulate_cor...23       SET      21      0.08983    0.0030689      0.19643      0.32373 gtex__anterior_cingulate_cortex_ba24__M022
gtex__anterior_cingulate_cor...24       SET      19    -0.030629  -0.00099536      0.21512      0.55661 gtex__anterior_cingulate_cortex_ba24__M023
gtex__caudate_basal_ganglia_...1        SET    1228     0.028948    0.0073038     0.028005      0.15066 gtex__caudate_basal_ganglia__M000
gtex__caudate_basal_ganglia_...2        SET     938     0.085374     0.018988     0.031627    0.0034766 gtex__caudate_basal_ganglia__M001
gtex__caudate_basal_ganglia_...3        SET     780      0.01721    0.0035066     0.034079      0.30678 gtex__caudate_basal_ganglia__M002
gtex__caudate_basal_ganglia_...4        SET     591    -0.013663   -0.0024366     0.038737      0.63785 gtex__caudate_basal_ganglia__M003
gtex__caudate_basal_ganglia_...5        SET     589     0.065609     0.011681     0.037034     0.038242 gtex__caudate_basal_ganglia__M004
gtex__caudate_basal_ganglia_...6        SET     481    0.0067402    0.0010878     0.045546      0.44118 gtex__caudate_basal_ganglia__M005
gtex__caudate_basal_ganglia_...7        SET     462    -0.076538    -0.012113     0.042459      0.96427 gtex__caudate_basal_ganglia__M006
gtex__caudate_basal_ganglia_...8        SET     263    -0.036203   -0.0043474     0.062087      0.72009 gtex__caudate_basal_ganglia__M007
gtex__caudate_basal_ganglia_...9        SET     213   0.00041186   4.4571e-05     0.061037      0.49731 gtex__caudate_basal_ganglia__M008
gtex__caudate_basal_ganglia_...10       SET     181      0.05287     0.005279     0.068638      0.22057 gtex__caudate_basal_ganglia__M009
gtex__caudate_basal_ganglia_...11       SET     159    -0.030998   -0.0029027     0.074184      0.66197 gtex__caudate_basal_ganglia__M010
gtex__caudate_basal_ganglia_...12       SET     186    0.0041508   0.00042008     0.068065      0.47569 gtex__caudate_basal_ganglia__M011
gtex__caudate_basal_ganglia_...13       SET      72      0.10519    0.0066447      0.10895      0.16715 gtex__caudate_basal_ganglia__M012
gtex__caudate_basal_ganglia_...14       SET      62     0.027154    0.0015921       0.1141      0.40595 gtex__caudate_basal_ganglia__M013
gtex__caudate_basal_ganglia_...15       SET      41      0.12721    0.0060688       0.1423      0.18568 gtex__caudate_basal_ganglia__M014
gtex__caudate_basal_ganglia_...16       SET      21     0.020709   0.00070749      0.19861      0.45848 gtex__caudate_basal_ganglia__M015
gtex__caudate_basal_ganglia_...17       SET      20   -0.0085495  -0.00028505      0.19783      0.51724 gtex__caudate_basal_ganglia__M016
gtex__cerebellar_hemisphere_...1        SET    2112      0.02854     0.009191     0.021666     0.093883 gtex__cerebellar_hemisphere__M000
gtex__cerebellar_hemisphere_...2        SET     701     0.091166      0.01765     0.034118    0.0037728 gtex__cerebellar_hemisphere__M001
gtex__cerebellar_hemisphere_...3        SET     631     0.054634     0.010056     0.037451     0.072318 gtex__cerebellar_hemisphere__M002
gtex__cerebellar_hemisphere_...4        SET     559    -0.020691   -0.0035919     0.038747      0.70333 gtex__cerebellar_hemisphere__M003
gtex__cerebellar_hemisphere_...5        SET     472     0.015054    0.0024073     0.047392      0.37538 gtex__cerebellar_hemisphere__M004
gtex__cerebellar_hemisphere_...6        SET     262     0.057294     0.006867     0.054621      0.14711 gtex__cerebellar_hemisphere__M005
gtex__cerebellar_hemisphere_...7        SET     209     0.016688    0.0017891      0.06528      0.39912 gtex__cerebellar_hemisphere__M006
gtex__cerebellar_hemisphere_...8        SET     123      0.15925     0.013129     0.083398      0.02811 gtex__cerebellar_hemisphere__M007
gtex__cerebellar_hemisphere_...9        SET     113    -0.091408   -0.0072253     0.087157      0.85285 gtex__cerebellar_hemisphere__M008
gtex__cerebellar_hemisphere_...10       SET     125     0.018897    0.0015705     0.083465      0.41045 gtex__cerebellar_hemisphere__M009
gtex__cerebellar_hemisphere_...11       SET      82    -0.074732   -0.0050364      0.10619       0.7592 gtex__cerebellar_hemisphere__M010
gtex__cerebellar_hemisphere_...12       SET      78    -0.079911    -0.005253     0.096845      0.79535 gtex__cerebellar_hemisphere__M011
gtex__cerebellar_hemisphere_...13       SET      54     0.051068    0.0027951      0.12006      0.33529 gtex__cerebellar_hemisphere__M012
gtex__cerebellar_hemisphere_...14       SET      53     -0.16942   -0.0091868      0.13394      0.89704 gtex__cerebellar_hemisphere__M013
gtex__cerebellar_hemisphere_...15       SET      40      0.17718    0.0083496      0.14547      0.11162 gtex__cerebellar_hemisphere__M014
gtex__cerebellar_hemisphere_...16       SET      40    -0.049741    -0.002344      0.13668      0.64204 gtex__cerebellar_hemisphere__M015
gtex__cerebellar_hemisphere_...17       SET      33     -0.02209  -0.00094571      0.15448      0.55685 gtex__cerebellar_hemisphere__M016
gtex__cerebellar_hemisphere_...18       SET      21    0.0020277   6.9274e-05      0.20975      0.49614 gtex__cerebellar_hemisphere__M017
gtex__cerebellar_hemisphere_...19       SET      31     -0.15224   -0.0063175       0.1595      0.83007 gtex__cerebellar_hemisphere__M018
gtex__cerebellar_hemisphere_...20       SET      20    -0.021764  -0.00072564      0.20274      0.54274 gtex__cerebellar_hemisphere__M019
gtex__cerebellar_hemisphere_...21       SET      20    -0.057286     -0.00191      0.18579      0.62109 gtex__cerebellar_hemisphere__M020
gtex__cerebellar_hemisphere_...22       SET      19     -0.10546    -0.003427      0.20403      0.69737 gtex__cerebellar_hemisphere__M021
gtex__cerebellum__M000                  SET     712     0.056027     0.010928     0.035011      0.05478 gtex__cerebellum__M000
gtex__cerebellum__M001                  SET     263     0.040528    0.0048666     0.061944      0.25647 gtex__cerebellum__M001
gtex__cerebellum__M002                  SET     230    -0.052332   -0.0058822     0.061825      0.80135 gtex__cerebellum__M002
gtex__cerebellum__M003                  SET     250     0.027983    0.0032774     0.061755      0.32523 gtex__cerebellum__M003
gtex__cerebellum__M004                  SET     193     0.085999     0.008864     0.064398     0.090877 gtex__cerebellum__M004
gtex__cerebellum__M005                  SET     141    -0.095169   -0.0083965     0.074121      0.90041 gtex__cerebellum__M005
gtex__cerebellum__M006                  SET     113     0.017719    0.0014006     0.083247      0.41572 gtex__cerebellum__M006
gtex__cerebellum__M007                  SET     113    0.0047808   0.00037789     0.090608      0.47896 gtex__cerebellum__M007
gtex__cerebellum__M008                  SET      62    -0.073426   -0.0043052      0.11747      0.73402 gtex__cerebellum__M008
gtex__cerebellum__M009                  SET      95     0.015769    0.0011434     0.090035      0.43049 gtex__cerebellum__M009
gtex__cerebellum__M010                  SET      84    -0.024269   -0.0016553      0.10761      0.58922 gtex__cerebellum__M010
gtex__cerebellum__M011                  SET      89      0.27484     0.019293     0.091245    0.0012988 gtex__cerebellum__M011
gtex__cerebellum__M012                  SET      89      0.19701      0.01383     0.092139     0.016258 gtex__cerebellum__M012
gtex__cerebellum__M013                  SET      69    -0.074931    -0.004634      0.10492      0.76244 gtex__cerebellum__M013
gtex__cerebellum__M014                  SET      48       0.0576    0.0029728      0.13477      0.33455 gtex__cerebellum__M014
gtex__cerebellum__M015                  SET      48    -0.072995   -0.0037673      0.11906      0.73009 gtex__cerebellum__M015
gtex__cerebellum__M016                  SET      40      0.15491    0.0073002      0.15322        0.156 gtex__cerebellum__M016
gtex__cerebellum__M017                  SET      31     -0.03713   -0.0015407      0.17226      0.58533 gtex__cerebellum__M017
gtex__cerebellum__M018                  SET      22      -0.1246   -0.0043568      0.21124      0.72235 gtex__cerebellum__M018
gtex__cerebellum__M019                  SET      26    -0.016861  -0.00064084      0.21335      0.53149 gtex__cerebellum__M019
gtex__cerebellum__M020                  SET      20     -0.12397   -0.0041334       0.2353      0.70086 gtex__cerebellum__M020
gtex__cerebellum__M021                  SET      26    -0.028157   -0.0010702      0.17061      0.56554 gtex__cerebellum__M021
gtex__cerebellum__M022                  SET      18      0.19728    0.0062404      0.20707      0.17036 gtex__cerebellum__M022
gtex__cerebellum__M023                  SET      19      0.10387    0.0033756      0.20612      0.30716 gtex__cerebellum__M023
gtex__cerebellum__M024                  SET      17      0.43821     0.013471      0.21373     0.020176 gtex__cerebellum__M024
gtex__cerebellum__M025                  SET      18     -0.52648    -0.016653      0.25567      0.98025 gtex__cerebellum__M025
gtex__cortex__M000                      SET     637    -0.015717   -0.0029061     0.036829      0.66522 gtex__cortex__M000
gtex__cortex__M001                      SET     552   -0.0014763  -0.00025472      0.04058      0.51451 gtex__cortex__M001
gtex__cortex__M002                      SET     622      0.01557     0.002846     0.038996      0.34485 gtex__cortex__M002
gtex__cortex__M003                      SET     552     0.013247    0.0022857     0.038551      0.36556 gtex__cortex__M003
gtex__cortex__M004                      SET     301   -0.0028961  -0.00037165     0.055094      0.52096 gtex__cortex__M004
gtex__cortex__M005                      SET     261     -0.01666    -0.001993     0.056975      0.61501 gtex__cortex__M005
gtex__cortex__M006                      SET     213     0.026194    0.0028347     0.064088      0.34137 gtex__cortex__M006
gtex__cortex__M007                      SET     184     0.018091    0.0018211     0.073025      0.40217 gtex__cortex__M007
gtex__cortex__M008                      SET     146     0.096336    0.0086476     0.077247      0.10619 gtex__cortex__M008
gtex__cortex__M009                      SET      52     0.047442    0.0025482      0.14137      0.36859 gtex__cortex__M009
gtex__cortex__M010                      SET      85    -0.093785   -0.0064345      0.10531       0.8134 gtex__cortex__M010
gtex__cortex__M011                      SET      43    -0.066187   -0.0032336      0.12622          0.7 gtex__cortex__M011
gtex__cortex__M012                      SET      39     -0.12733   -0.0059252      0.15715       0.7911 gtex__cortex__M012
gtex__frontal_cortex_ba9__M0...1        SET    1266     0.053817     0.013771     0.027674     0.025914 gtex__frontal_cortex_ba9__M000
gtex__frontal_cortex_ba9__M0...2        SET    1016    -0.028688   -0.0066253      0.03076      0.82449 gtex__frontal_cortex_ba9__M001
gtex__frontal_cortex_ba9__M0...3        SET    1021    -0.018395   -0.0042581     0.029975      0.73028 gtex__frontal_cortex_ba9__M002
gtex__frontal_cortex_ba9__M0...4        SET     835    0.0047692    0.0010038     0.032517       0.4417 gtex__frontal_cortex_ba9__M003
gtex__frontal_cortex_ba9__M0...5        SET     697     0.016943    0.0032713     0.036436      0.32097 gtex__frontal_cortex_ba9__M004
gtex__frontal_cortex_ba9__M0...6        SET     487      0.08437     0.013699     0.044257     0.028308 gtex__frontal_cortex_ba9__M005
gtex__frontal_cortex_ba9__M0...7        SET     215     0.041133    0.0044719     0.061285      0.25106 gtex__frontal_cortex_ba9__M006
gtex__frontal_cortex_ba9__M0...8        SET     169    -0.042164   -0.0040694     0.068236      0.73168 gtex__frontal_cortex_ba9__M007
gtex__frontal_cortex_ba9__M0...9        SET      63     0.037107    0.0021931      0.11383      0.37222 gtex__frontal_cortex_ba9__M008
gtex__frontal_cortex_ba9__M0...10       SET      56    -0.081382   -0.0045357      0.11803      0.75473 gtex__frontal_cortex_ba9__M009
gtex__frontal_cortex_ba9__M0...11       SET      48    -0.035069     -0.00181       0.1431       0.5968 gtex__frontal_cortex_ba9__M010
gtex__frontal_cortex_ba9__M0...12       SET      42    -0.047948   -0.0023152      0.15222      0.62362 gtex__frontal_cortex_ba9__M011
gtex__hippocampus__M000                 SET    1422    0.0045925    0.0012396     0.027016      0.43251 gtex__hippocampus__M000
gtex__hippocampus__M001                 SET    1444     0.067465     0.018339     0.025772    0.0044285 gtex__hippocampus__M001
gtex__hippocampus__M002                 SET     842    -0.041779   -0.0088288     0.032187      0.90285 gtex__hippocampus__M002
gtex__hippocampus__M003                 SET     804    -0.019865   -0.0041065     0.033155      0.72546 gtex__hippocampus__M003
gtex__hippocampus__M004                 SET     441     0.042763    0.0066159     0.044327      0.16735 gtex__hippocampus__M004
gtex__hippocampus__M005                 SET     433     -0.05707    -0.008751      0.04354      0.90502 gtex__hippocampus__M005
gtex__hippocampus__M006                 SET     335    -0.066545   -0.0090002     0.053694      0.89238 gtex__hippocampus__M006
gtex__hippocampus__M007                 SET     286    -0.086961    -0.010882     0.054526      0.94462 gtex__hippocampus__M007
gtex__hippocampus__M008                 SET     192        0.185     0.019019     0.068475    0.0034526 gtex__hippocampus__M008
gtex__hippocampus__M009                 SET     183    -0.036537   -0.0036681     0.070139      0.69879 gtex__hippocampus__M009
gtex__hippocampus__M010                 SET     127      0.01755    0.0014701     0.079526      0.41267 gtex__hippocampus__M010
gtex__hippocampus__M011                 SET      98     -0.14173    -0.010438     0.091079      0.94016 gtex__hippocampus__M011
gtex__hippocampus__M012                 SET      77      -0.2022    -0.013207     0.099325       0.9791 gtex__hippocampus__M012
gtex__hippocampus__M013                 SET      64      0.18911     0.011265      0.10863     0.040859 gtex__hippocampus__M013
gtex__hippocampus__M014                 SET      41     0.093915    0.0044806      0.13585      0.24469 gtex__hippocampus__M014
gtex__hippocampus__M015                 SET      29    -0.026563   -0.0010662      0.17105       0.5617 gtex__hippocampus__M015
gtex__hippocampus__M016                 SET      32    -0.088765   -0.0037422        0.178        0.691 gtex__hippocampus__M016
gtex__hippocampus__M017                 SET      25     -0.18593   -0.0069296      0.19593      0.82866 gtex__hippocampus__M017
gtex__hippocampus__M018                 SET      26      0.14086    0.0053537      0.20511      0.24612 gtex__hippocampus__M018
gtex__hippocampus__M019                 SET      22     -0.07523   -0.0026305       0.1988      0.64744 gtex__hippocampus__M019
gtex__hypothalamus__M000                SET    2052     0.021145    0.0067246     0.022281      0.17131 gtex__hypothalamus__M000
gtex__hypothalamus__M001                SET     674    -0.094236    -0.017904     0.036407      0.99518 gtex__hypothalamus__M001
gtex__hypothalamus__M002                SET     429    -0.011407   -0.0017412     0.045072      0.59989 gtex__hypothalamus__M002
gtex__hypothalamus__M003                SET     404     0.096707     0.014336     0.045115      0.01604 gtex__hypothalamus__M003
gtex__hypothalamus__M004                SET     317    -0.035594   -0.0046854     0.053201      0.74827 gtex__hypothalamus__M004
gtex__hypothalamus__M005                SET     280    -0.044449   -0.0055047     0.052725      0.80039 gtex__hypothalamus__M005
gtex__hypothalamus__M006                SET     208    -0.018777   -0.0020084     0.065411      0.61297 gtex__hypothalamus__M006
gtex__hypothalamus__M007                SET     226    -0.028797   -0.0032089     0.065457      0.67001 gtex__hypothalamus__M007
gtex__hypothalamus__M008                SET     157    -0.059441   -0.0055314     0.075595      0.78415 gtex__hypothalamus__M008
gtex__hypothalamus__M009                SET     162      0.14641     0.013837     0.076278     0.027476 gtex__hypothalamus__M009
gtex__hypothalamus__M010                SET     126     0.084646    0.0070626     0.083734      0.15604 gtex__hypothalamus__M010
gtex__hypothalamus__M011                SET      98    -0.020919   -0.0015405     0.096789      0.58556 gtex__hypothalamus__M011
gtex__hypothalamus__M012                SET      80    -0.014114  -0.00093957      0.10156      0.55527 gtex__hypothalamus__M012
gtex__hypothalamus__M013                SET      81     0.052269    0.0035011     0.099219      0.29917 gtex__hypothalamus__M013
gtex__hypothalamus__M014                SET      67      0.20004     0.012191      0.10959     0.033989 gtex__hypothalamus__M014
gtex__hypothalamus__M015                SET      74    -0.069304   -0.0044379      0.10177      0.75205 gtex__hypothalamus__M015
gtex__hypothalamus__M016                SET      63     0.029636    0.0017516      0.11665      0.39973 gtex__hypothalamus__M016
gtex__hypothalamus__M017                SET      61      0.19283     0.011215      0.12043     0.054674 gtex__hypothalamus__M017
gtex__hypothalamus__M018                SET      44      0.12837    0.0063438       0.1336      0.16833 gtex__hypothalamus__M018
gtex__hypothalamus__M019                SET      24     -0.12672   -0.0046275       0.1714      0.77014 gtex__hypothalamus__M019
gtex__hypothalamus__M020                SET      24     -0.27015   -0.0098655      0.18915      0.92338 gtex__hypothalamus__M020
gtex__hypothalamus__M021                SET      23      0.27385    0.0097903      0.22354      0.11029 gtex__hypothalamus__M021
gtex__hypothalamus__M022                SET      19     -0.35423    -0.011511      0.19795      0.96322 gtex__hypothalamus__M022
gtex__hypothalamus__M023                SET      19      0.21055    0.0068424      0.19356      0.13836 gtex__hypothalamus__M023
gtex__nucleus_accumbens_basa...1        SET    2506     0.057135     0.019792     0.020415    0.0025684 gtex__nucleus_accumbens_basal_ganglia__M000
gtex__nucleus_accumbens_basa...2        SET     752    -0.025956   -0.0051972      0.03385      0.77839 gtex__nucleus_accumbens_basal_ganglia__M001
gtex__nucleus_accumbens_basa...3        SET     741    -0.022726   -0.0045184     0.035082      0.74144 gtex__nucleus_accumbens_basal_ganglia__M002
gtex__nucleus_accumbens_basa...4        SET     501     0.035034    0.0057672     0.040917      0.19594 gtex__nucleus_accumbens_basal_ganglia__M003
gtex__nucleus_accumbens_basa...5        SET     175     0.042989    0.0042214     0.071975      0.27516 gtex__nucleus_accumbens_basal_ganglia__M004
gtex__nucleus_accumbens_basa...6        SET     149     0.064498    0.0058484     0.080904      0.21267 gtex__nucleus_accumbens_basal_ganglia__M005
gtex__nucleus_accumbens_basa...7        SET     122    -0.032869   -0.0026989     0.086664      0.64776 gtex__nucleus_accumbens_basal_ganglia__M006
gtex__nucleus_accumbens_basa...8        SET     135      0.15041     0.012987     0.075137     0.022657 gtex__nucleus_accumbens_basal_ganglia__M007
gtex__nucleus_accumbens_basa...9        SET     148     -0.14055    -0.012702     0.077222      0.96562 gtex__nucleus_accumbens_basal_ganglia__M008
gtex__nucleus_accumbens_basa...10       SET     132      0.14624     0.012487     0.083665     0.040246 gtex__nucleus_accumbens_basal_ganglia__M009
gtex__nucleus_accumbens_basa...11       SET      95     0.060552    0.0043908     0.092207      0.25569 gtex__nucleus_accumbens_basal_ganglia__M010
gtex__nucleus_accumbens_basa...12       SET      92    -0.026597   -0.0018981     0.092818      0.61277 gtex__nucleus_accumbens_basal_ganglia__M011
gtex__nucleus_accumbens_basa...13       SET      97     -0.12431   -0.0091082     0.092961      0.90942 gtex__nucleus_accumbens_basal_ganglia__M012
gtex__nucleus_accumbens_basa...14       SET      77    -0.073222   -0.0047825      0.10895      0.74922 gtex__nucleus_accumbens_basal_ganglia__M013
gtex__nucleus_accumbens_basa...15       SET      58     -0.24521    -0.013907      0.12584      0.97431 gtex__nucleus_accumbens_basal_ganglia__M014
gtex__nucleus_accumbens_basa...16       SET      61     -0.16177   -0.0094085      0.11974      0.91164 gtex__nucleus_accumbens_basal_ganglia__M015
gtex__nucleus_accumbens_basa...17       SET      28    -0.035569   -0.0014028       0.1727      0.58159 gtex__nucleus_accumbens_basal_ganglia__M016
gtex__nucleus_accumbens_basa...18       SET      32     -0.05219   -0.0022003      0.14939      0.63659 gtex__nucleus_accumbens_basal_ganglia__M017
gtex__nucleus_accumbens_basa...19       SET      21       0.2068     0.007065      0.17801      0.12267 gtex__nucleus_accumbens_basal_ganglia__M018
gtex__nucleus_accumbens_basa...20       SET      16     -0.28127   -0.0083887      0.22775      0.89158 gtex__nucleus_accumbens_basal_ganglia__M019
gtex__putamen_basal_ganglia_...1        SET    1444     0.070022     0.019034     0.026399    0.0039994 gtex__putamen_basal_ganglia__M000
gtex__putamen_basal_ganglia_...2        SET     927     0.077148     0.017063     0.032337    0.0085275 gtex__putamen_basal_ganglia__M001
gtex__putamen_basal_ganglia_...3        SET     792       0.0107    0.0021962     0.033894      0.37612 gtex__putamen_basal_ganglia__M002
gtex__putamen_basal_ganglia_...4        SET     498     0.016941    0.0027808     0.042565      0.34531 gtex__putamen_basal_ganglia__M003
gtex__putamen_basal_ganglia_...5        SET     402     0.061599    0.0091091     0.044243     0.081928 gtex__putamen_basal_ganglia__M004
gtex__putamen_basal_ganglia_...6        SET     394    -0.012961   -0.0018979      0.04742       0.6077 gtex__putamen_basal_ganglia__M005
gtex__putamen_basal_ganglia_...7        SET     343    -0.053848   -0.0073677     0.049526      0.86153 gtex__putamen_basal_ganglia__M006
gtex__putamen_basal_ganglia_...8        SET     162   -0.0076816  -0.00072601     0.077122      0.53967 gtex__putamen_basal_ganglia__M007
gtex__putamen_basal_ganglia_...9        SET     139    -0.042767   -0.0037466     0.073966      0.71843 gtex__putamen_basal_ganglia__M008
gtex__putamen_basal_ganglia_...10       SET     136    -0.052093   -0.0045144     0.078322      0.74701 gtex__putamen_basal_ganglia__M009
gtex__putamen_basal_ganglia_...11       SET     100     -0.11808   -0.0087834     0.084655      0.91846 gtex__putamen_basal_ganglia__M010
gtex__putamen_basal_ganglia_...12       SET      99    -0.069977   -0.0051794     0.091716      0.77726 gtex__putamen_basal_ganglia__M011
gtex__putamen_basal_ganglia_...13       SET      54    0.0040016   0.00021902      0.12482      0.48721 gtex__putamen_basal_ganglia__M012
gtex__putamen_basal_ganglia_...14       SET      59    -0.023168   -0.0013252      0.11419      0.58039 gtex__putamen_basal_ganglia__M013
gtex__putamen_basal_ganglia_...15       SET      43    -0.065168   -0.0031839      0.14125      0.67773 gtex__putamen_basal_ganglia__M014
gtex__putamen_basal_ganglia_...16       SET      34     0.052569    0.0022843      0.14479      0.35827 gtex__putamen_basal_ganglia__M015
gtex__putamen_basal_ganglia_...17       SET      27      0.27368       0.0106      0.19085     0.075797 gtex__putamen_basal_ganglia__M016
gtex__putamen_basal_ganglia_...18       SET      31     -0.29364    -0.012185      0.15987      0.96686 gtex__putamen_basal_ganglia__M017
gtex__putamen_basal_ganglia_...19       SET      22     0.021858   0.00076427      0.16882      0.44849 gtex__putamen_basal_ganglia__M018
gtex__spinal_cord_cervical_c...1        SET    1260      0.03351    0.0085561     0.027636      0.11266 gtex__spinal_cord_cervical_c_1__M000
gtex__spinal_cord_cervical_c...2        SET     710      0.02918    0.0056842     0.034764      0.20063 gtex__spinal_cord_cervical_c_1__M001
gtex__spinal_cord_cervical_c...3        SET     687    -0.027789   -0.0053283     0.038516      0.76469 gtex__spinal_cord_cervical_c_1__M002
gtex__spinal_cord_cervical_c...4        SET     416      0.14636     0.022008     0.048323    0.0012299 gtex__spinal_cord_cervical_c_1__M003
gtex__spinal_cord_cervical_c...5        SET     410     0.021423    0.0031986     0.045976      0.32063 gtex__spinal_cord_cervical_c_1__M004
gtex__spinal_cord_cervical_c...6        SET     279    -0.029575   -0.0036562     0.057711      0.69584 gtex__spinal_cord_cervical_c_1__M005
gtex__spinal_cord_cervical_c...7        SET     259     0.020058    0.0023905     0.055377       0.3586 gtex__spinal_cord_cervical_c_1__M006
gtex__spinal_cord_cervical_c...8        SET     242     0.064104    0.0073884     0.060511      0.14472 gtex__spinal_cord_cervical_c_1__M007
gtex__spinal_cord_cervical_c...9        SET     152     0.021459    0.0019651     0.070391      0.38024 gtex__spinal_cord_cervical_c_1__M008
gtex__spinal_cord_cervical_c...10       SET     129    -0.054355   -0.0045885     0.077515      0.75841 gtex__spinal_cord_cervical_c_1__M009
gtex__spinal_cord_cervical_c...11       SET      81      0.14291    0.0095722      0.10145     0.079484 gtex__spinal_cord_cervical_c_1__M010
gtex__spinal_cord_cervical_c...12       SET      87      0.00151    0.0001048      0.10769      0.49441 gtex__spinal_cord_cervical_c_1__M011
gtex__spinal_cord_cervical_c...13       SET      73     0.081025    0.0051534      0.10995       0.2306 gtex__spinal_cord_cervical_c_1__M012
gtex__spinal_cord_cervical_c...14       SET      52     0.026624      0.00143      0.13402      0.42127 gtex__spinal_cord_cervical_c_1__M013
gtex__spinal_cord_cervical_c...15       SET      59      0.04758    0.0027217      0.11244      0.33609 gtex__spinal_cord_cervical_c_1__M014
gtex__spinal_cord_cervical_c...16       SET      49     -0.22263    -0.011609       0.1356      0.94968 gtex__spinal_cord_cervical_c_1__M015
gtex__spinal_cord_cervical_c...17       SET      38    -0.015996  -0.00073478      0.14697      0.54333 gtex__spinal_cord_cervical_c_1__M016
gtex__spinal_cord_cervical_c...18       SET      38    -0.063632   -0.0029229      0.13826      0.67732 gtex__spinal_cord_cervical_c_1__M017
gtex__spinal_cord_cervical_c...19       SET      21     -0.34311    -0.011722      0.22291      0.93811 gtex__spinal_cord_cervical_c_1__M018
gtex__substantia_nigra__M000            SET    1068      0.02771    0.0065512     0.029443      0.17333 gtex__substantia_nigra__M000
gtex__substantia_nigra__M001            SET     908    -0.054271    -0.011887     0.031282      0.95861 gtex__substantia_nigra__M001
gtex__substantia_nigra__M002            SET     554     0.018353    0.0031722     0.042355       0.3324 gtex__substantia_nigra__M002
gtex__substantia_nigra__M003            SET     553     0.035713    0.0061674     0.039686       0.1841 gtex__substantia_nigra__M003
gtex__substantia_nigra__M004            SET     561      0.03348    0.0058221     0.040302      0.20307 gtex__substantia_nigra__M004
gtex__substantia_nigra__M005            SET     519    -0.021225   -0.0035544     0.040036      0.70199 gtex__substantia_nigra__M005
gtex__substantia_nigra__M006            SET     439     0.062285    0.0096149     0.047136     0.093196 gtex__substantia_nigra__M006
gtex__substantia_nigra__M007            SET     178      0.15858     0.015704     0.073941     0.015996 gtex__substantia_nigra__M007
gtex__substantia_nigra__M008            SET      79     -0.10497   -0.0069442       0.1135      0.82247 gtex__substantia_nigra__M008
gtex__substantia_nigra__M009            SET      54     -0.20012    -0.010953      0.11514      0.95889 gtex__substantia_nigra__M009
gtex__substantia_nigra__M010            SET      32     -0.16884   -0.0071181      0.18721      0.81643 gtex__substantia_nigra__M010
brainseq__caudate__M000                 SET     428   -0.0063102  -0.00096213     0.044977      0.55579 brainseq__caudate__M000
brainseq__caudate__M001                 SET     985     0.036284    0.0082585     0.031317      0.12332 brainseq__caudate__M001
brainseq__caudate__M002                 SET     889     0.053737     0.011652     0.033418     0.053923 brainseq__caudate__M002
brainseq__caudate__M003                 SET     836     0.068434     0.014412     0.032339     0.017173 brainseq__caudate__M003
brainseq__caudate__M004                 SET     751    -0.063582    -0.012723      0.03344      0.97136 brainseq__caudate__M004
brainseq__caudate__M005                 SET     424     0.044331    0.0067283     0.044722      0.16079 brainseq__caudate__M005
brainseq__caudate__M006                 SET     359     -0.01212   -0.0016958     0.049556      0.59661 brainseq__caudate__M006
brainseq__caudate__M007                 SET     356      0.08467     0.011798     0.050554     0.046991 brainseq__caudate__M007
brainseq__caudate__M008                 SET     172   -0.0054321  -0.00052887     0.069016      0.53137 brainseq__caudate__M008
brainseq__caudate__M009                 SET      76     -0.14543   -0.0094369      0.11672      0.89359 brainseq__caudate__M009
brainseq__hippocampus__M000             SET     426     0.045625    0.0069406     0.047275      0.16726 brainseq__hippocampus__M000
brainseq__hippocampus__M001             SET     446     0.053152    0.0082686     0.045935      0.12362 brainseq__hippocampus__M001
brainseq__hippocampus__M002             SET     426     0.047136    0.0071704     0.045483      0.15003 brainseq__hippocampus__M002
brainseq__hippocampus__M003             SET     354   -0.0059199  -0.00082262     0.049895      0.54722 brainseq__hippocampus__M003
brainseq__hippocampus__M004             SET     377     0.074577     0.010687     0.048372     0.061578 brainseq__hippocampus__M004
brainseq__hippocampus__M005             SET     356     0.042516    0.0059242     0.050427      0.19959 brainseq__hippocampus__M005
brainseq__hippocampus__M006             SET     347     0.049739    0.0068444     0.052108      0.16991 brainseq__hippocampus__M006
brainseq__hippocampus__M007             SET     299  -0.00019067  -2.4388e-05     0.053963      0.50141 brainseq__hippocampus__M007
brainseq__hippocampus__M008             SET     273     0.052113    0.0063739     0.057591      0.18277 brainseq__hippocampus__M008
brainseq__hippocampus__M009             SET     124    -0.023016   -0.0019052     0.082003      0.61052 brainseq__hippocampus__M009
brainseq__hippocampus__M010             SET     118     0.061437    0.0049618     0.087215      0.24059 brainseq__hippocampus__M010
brainseq__hippocampus__M011             SET     107    -0.089381   -0.0068761     0.089916      0.83989 brainseq__hippocampus__M011
brainseq__hippocampus__M012             SET      27    -0.015694  -0.00060784      0.17117      0.53653 brainseq__hippocampus__M012
brainseq__hippocampus__M013             SET      20  -0.00083022   -2.768e-05      0.19454       0.5017 brainseq__hippocampus__M013
brainseq__dlpfc__M000                   SET     496     0.026976    0.0044191     0.043558      0.26786 brainseq__dlpfc__M000
brainseq__dlpfc__M001                   SET     472    -0.028999   -0.0046375      0.04258      0.75208 brainseq__dlpfc__M001
brainseq__dlpfc__M002                   SET     409     0.030706    0.0045791     0.046569      0.25484 brainseq__dlpfc__M002
brainseq__dlpfc__M003                   SET     399      0.03735    0.0055031     0.049082      0.22334 brainseq__dlpfc__M003
brainseq__dlpfc__M004                   SET     374     0.017843    0.0025471     0.047228      0.35279 brainseq__dlpfc__M004
brainseq__dlpfc__M005                   SET     367    -0.067464   -0.0095417     0.049693       0.9127 brainseq__dlpfc__M005
brainseq__dlpfc__M006                   SET     382      0.01493    0.0021534     0.047818      0.37744 brainseq__dlpfc__M006
brainseq__dlpfc__M007                   SET     253     0.029043    0.0034216     0.062099         0.32 brainseq__dlpfc__M007
brainseq__dlpfc__M008                   SET     275    -0.047812   -0.0058689     0.054847      0.80832 brainseq__dlpfc__M008
brainseq__dlpfc__M009                   SET     224    -0.014518   -0.0016107     0.060283      0.59516 brainseq__dlpfc__M009
brainseq__dlpfc__M010                   SET     235    -0.051687   -0.0058716     0.061262      0.80058 brainseq__dlpfc__M010
brainseq__dlpfc__M011                   SET     193      0.15172     0.015638     0.067711      0.01253 brainseq__dlpfc__M011
brainseq__dlpfc__M012                   SET     151     -0.10033   -0.0091574     0.073294      0.91446 brainseq__dlpfc__M012
brainseq__caudate_sczd__M000            SET      36    0.0026926   0.00012039      0.15964      0.49327 brainseq__caudate_sczd__M000
brainseq__caudate_sczd__M001            SET     240      0.10108     0.011603     0.064665     0.059015 brainseq__caudate_sczd__M001
brainseq__caudate_sczd__M002            SET     187   7.7574e-05   7.8717e-06     0.071857      0.49957 brainseq__caudate_sczd__M002
brainseq__caudate_sczd__M003            SET      25      0.13513    0.0050366      0.18979      0.23823 brainseq__caudate_sczd__M003
brainseq__caudate_sczd__M004            SET     117     -0.20615    -0.016579     0.089162      0.98961 brainseq__caudate_sczd__M004
brainseq__caudate_sczd__M005            SET     122    -0.060458   -0.0049643     0.086253      0.75833 brainseq__caudate_sczd__M005
brainseq__caudate_sczd__M006            SET      21     0.079077    0.0027015      0.20478       0.3497 brainseq__caudate_sczd__M006
brainseq__caudate_sczd__M007            SET      88     0.035902    0.0025061       0.1027      0.36333 brainseq__caudate_sczd__M007
brainseq__caudate_sczd__M008            SET      61      0.20002     0.011633      0.12752     0.058381 brainseq__caudate_sczd__M008
brainseq__caudate_sczd__M009            SET      29     -0.22062   -0.0088551      0.17075      0.90183 brainseq__caudate_sczd__M009
brainseq__caudate_sczd__M010            SET      48     0.063865    0.0032961      0.13417      0.31704 brainseq__caudate_sczd__M010
brainseq__caudate_sczd__M011            SET       8      0.36812     0.007765      0.34006      0.13952 brainseq__caudate_sczd__M011
brainseq__caudate_sczd__M012            SET      59     -0.05912   -0.0033818      0.11662      0.69389 brainseq__caudate_sczd__M012
brainseq__caudate_sczd__M013            SET      51     0.014585   0.00077587      0.12811      0.45468 brainseq__caudate_sczd__M013
brainseq__caudate_sczd__M014            SET      47      0.13075    0.0066776      0.13725       0.1704 brainseq__caudate_sczd__M014
brainseq__caudate_sczd__M015            SET      43     -0.16659   -0.0081391      0.14153      0.88041 brainseq__caudate_sczd__M015
brainseq__caudate_sczd__M016            SET      31      0.24799      0.01029      0.17029     0.072672 brainseq__caudate_sczd__M016
brainseq__caudate_sczd__M017            SET      44      0.09775    0.0048307      0.13119      0.22812 brainseq__caudate_sczd__M017
brainseq__caudate_sczd__M018            SET      45     -0.20765    -0.010378      0.15212      0.91388 brainseq__caudate_sczd__M018
brainseq__caudate_sczd__M019            SET      40      0.01386   0.00065314      0.16361      0.46625 brainseq__caudate_sczd__M019
brainseq__caudate_sczd__M020            SET      36     -0.10238   -0.0045777      0.15222       0.7494 brainseq__caudate_sczd__M020
brainseq__caudate_sczd__M021            SET      10     0.089482    0.0021102      0.32515      0.39158 brainseq__caudate_sczd__M021
brainseq__caudate_sczd__M022            SET      16      0.17388    0.0051858      0.23528      0.22995 brainseq__caudate_sczd__M022
brainseq__caudate_sczd__M023            SET      11     -0.17489   -0.0043256      0.30483      0.71693 brainseq__caudate_sczd__M023
brainseq__caudate_sczd__M024            SET      32      0.20989    0.0088486      0.17731      0.11827 brainseq__caudate_sczd__M024
brainseq__caudate_sczd__M025            SET      12    0.0025628     6.62e-05      0.25303      0.49596 brainseq__caudate_sczd__M025
brainseq__caudate_sczd__M026            SET      27      0.14792    0.0057292        0.182      0.20818 brainseq__caudate_sczd__M026
brainseq__caudate_sczd__M027            SET      23    -0.019726  -0.00070522      0.21161      0.53713 brainseq__caudate_sczd__M027
brainseq__caudate_sczd__M028            SET      22    -0.053309    -0.001864      0.20324      0.60345 brainseq__caudate_sczd__M028
brainseq__caudate_sczd__M029            SET      26    -0.048387   -0.0018391       0.1881       0.6015 brainseq__caudate_sczd__M029
brainseq__caudate_sczd__M030            SET       9    -0.058163   -0.0013012      0.32149      0.57178 brainseq__caudate_sczd__M030
brainseq__caudate_sczd__M031            SET      17     0.064908    0.0019953      0.23139      0.38954 brainseq__caudate_sczd__M031
brainseq__caudate_sczd__M032            SET      20      0.14172    0.0047251      0.22456      0.26399 brainseq__caudate_sczd__M032
brainseq__caudate_sczd__M033            SET      23      0.44603     0.015946      0.20351     0.014207 brainseq__caudate_sczd__M033
brainseq__caudate_sczd__M034            SET      20      0.42544     0.014184      0.22967     0.031993 brainseq__caudate_sczd__M034
brainseq__caudate_sczd__M035            SET       6     -0.50221   -0.0091746      0.42092      0.88358 brainseq__caudate_sczd__M035
brainseq__caudate_sczd__M036            SET      12      0.29681    0.0076671      0.25903      0.12594 brainseq__caudate_sczd__M036
brainseq__caudate_sczd__M037            SET      14     0.034369   0.00095887      0.24857      0.44502 brainseq__caudate_sczd__M037
brainseq__caudate_sczd__M038            SET      15     -0.12049   -0.0034795      0.21187      0.71522 brainseq__caudate_sczd__M038
brainseq__caudate_sczd__M039            SET      19      0.15256    0.0049579      0.21402      0.23798 brainseq__caudate_sczd__M039
