# TOTAL_GENES = 17652
# TEST_DIRECTION = one-sided, positive (set), two-sided (covar)
# CONDITIONED_INTERNAL = gene size, gene density, inverse mac, log(gene size), log(gene density), log(inverse mac)
VARIABLE                               TYPE  NGENES         BETA     BETA_STD           SE            P FULL_NAME
gtex__amygdala__M000                    SET     548      0.11648     0.020203     0.038822    0.0013501 gtex__amygdala__M000
gtex__amygdala__M001                    SET     377   -0.0068639  -0.00099236     0.045258      0.56027 gtex__amygdala__M001
gtex__amygdala__M002                    SET     338     0.010678    0.0014633     0.044857      0.40593 gtex__amygdala__M002
gtex__amygdala__M003                    SET     234    -0.067666   -0.0077392      0.05515      0.89007 gtex__amygdala__M003
gtex__amygdala__M004                    SET     222   -0.0057415  -0.00063984     0.053186      0.54298 gtex__amygdala__M004
gtex__amygdala__M005                    SET     220     0.052391    0.0058124     0.058829      0.18659 gtex__amygdala__M005
gtex__amygdala__M006                    SET     168     0.017258    0.0016756     0.070851      0.40378 gtex__amygdala__M006
gtex__amygdala__M007                    SET     134     0.045943    0.0039878     0.075245      0.27074 gtex__amygdala__M007
gtex__amygdala__M008                    SET     119    -0.037676   -0.0030831     0.072311      0.69882 gtex__amygdala__M008
gtex__amygdala__M009                    SET     108     0.012509   0.00097548     0.077926      0.43623 gtex__amygdala__M009
gtex__amygdala__M010                    SET     108    -0.035202   -0.0027451     0.085117       0.6604 gtex__amygdala__M010
gtex__amygdala__M011                    SET      86     0.074438    0.0051832     0.089587      0.20302 gtex__amygdala__M011
gtex__amygdala__M012                    SET      70     0.069885    0.0043922      0.10473       0.2523 gtex__amygdala__M012
gtex__amygdala__M013                    SET      53     0.016125   0.00088225      0.12624      0.44918 gtex__amygdala__M013
gtex__amygdala__M014                    SET      49    -0.058785    -0.003093      0.11473       0.6958 gtex__amygdala__M014
gtex__amygdala__M015                    SET      41      0.17656    0.0084996      0.14185      0.10663 gtex__amygdala__M015
gtex__amygdala__M016                    SET      41      0.19393    0.0093358      0.13462     0.074867 gtex__amygdala__M016
gtex__amygdala__M017                    SET      34   -0.0085791  -0.00037617      0.12873      0.52657 gtex__amygdala__M017
gtex__amygdala__M018                    SET      17      0.26874    0.0083361      0.22566      0.11686 gtex__amygdala__M018
gtex__amygdala__M019                    SET      24     -0.12664   -0.0046665      0.15576       0.7919 gtex__amygdala__M019
gtex__amygdala__M020                    SET      14      0.06554    0.0018451      0.26137        0.401 gtex__amygdala__M020
gtex__amygdala__M021                    SET      28    -0.053448   -0.0021271      0.16658      0.62584 gtex__amygdala__M021
gtex__amygdala__M022                    SET      26    -0.030344   -0.0011637      0.16184      0.57436 gtex__amygdala__M022
gtex__amygdala__M023                    SET      26     0.046116    0.0017686      0.17302      0.39491 gtex__amygdala__M023
gtex__amygdala__M024                    SET      19     -0.02424  -0.00079485      0.17497      0.55509 gtex__amygdala__M024
gtex__amygdala__M025                    SET      19      0.12604    0.0041332      0.19142      0.25512 gtex__amygdala__M025
gtex__anterior_cingulate_cor...1        SET     500    -0.018804   -0.0031197      0.03832      0.68818 gtex__anterior_cingulate_cortex_ba24__M000
gtex__anterior_cingulate_cor...2        SET     428    -0.048482   -0.0074574     0.043484      0.86756 gtex__anterior_cingulate_cortex_ba24__M001
gtex__anterior_cingulate_cor...3        SET     275     0.086738     0.010742     0.054469     0.055652 gtex__anterior_cingulate_cortex_ba24__M002
gtex__anterior_cingulate_cor...4        SET     310   -0.0051499  -0.00067647     0.048858      0.54197 gtex__anterior_cingulate_cortex_ba24__M003
gtex__anterior_cingulate_cor...5        SET     292    0.0027419   0.00034974     0.050946      0.47854 gtex__anterior_cingulate_cortex_ba24__M004
gtex__anterior_cingulate_cor...6        SET     171    -0.032185   -0.0031525     0.063019      0.69522 gtex__anterior_cingulate_cortex_ba24__M005
gtex__anterior_cingulate_cor...7        SET     241   -0.0052072  -0.00060429     0.054341      0.53817 gtex__anterior_cingulate_cortex_ba24__M006
gtex__anterior_cingulate_cor...8        SET     198     0.025533     0.002689     0.058119      0.33022 gtex__anterior_cingulate_cortex_ba24__M007
gtex__anterior_cingulate_cor...9        SET     225     0.092594     0.010387     0.061623     0.066482 gtex__anterior_cingulate_cortex_ba24__M008
gtex__anterior_cingulate_cor...10       SET     172    0.0080763   0.00079335     0.061852      0.44806 gtex__anterior_cingulate_cortex_ba24__M009
gtex__anterior_cingulate_cor...11       SET     162     0.029751    0.0028371     0.066372      0.32699 gtex__anterior_cingulate_cortex_ba24__M010
gtex__anterior_cingulate_cor...12       SET     154    -0.054505   -0.0050688     0.062422      0.80871 gtex__anterior_cingulate_cortex_ba24__M011
gtex__anterior_cingulate_cor...13       SET     113      0.18919     0.015089     0.079175    0.0084405 gtex__anterior_cingulate_cortex_ba24__M012
gtex__anterior_cingulate_cor...14       SET     142    -0.061595   -0.0055024     0.066767      0.82187 gtex__anterior_cingulate_cortex_ba24__M013
gtex__anterior_cingulate_cor...15       SET      97     0.046807    0.0034603      0.08918      0.29984 gtex__anterior_cingulate_cortex_ba24__M014
gtex__anterior_cingulate_cor...16       SET     109    -0.085582   -0.0067045     0.083611      0.84698 gtex__anterior_cingulate_cortex_ba24__M015
gtex__anterior_cingulate_cor...17       SET      97    -0.037275   -0.0027557     0.082916      0.67348 gtex__anterior_cingulate_cortex_ba24__M016
gtex__anterior_cingulate_cor...18       SET     110      -0.1456    -0.011458      0.07854      0.96811 gtex__anterior_cingulate_cortex_ba24__M017
gtex__anterior_cingulate_cor...19       SET      95    -0.027944   -0.0020445     0.091357      0.62015 gtex__anterior_cingulate_cortex_ba24__M018
gtex__anterior_cingulate_cor...20       SET      88    -0.014358   -0.0010112     0.093115      0.56127 gtex__anterior_cingulate_cortex_ba24__M019
gtex__anterior_cingulate_cor...21       SET      60      0.01555   0.00090508       0.1127      0.44513 gtex__anterior_cingulate_cortex_ba24__M020
gtex__anterior_cingulate_cor...22       SET      56     0.018747    0.0010542      0.11214      0.43362 gtex__anterior_cingulate_cortex_ba24__M021
gtex__anterior_cingulate_cor...23       SET      62   0.00076948   4.5524e-05     0.099586      0.49692 gtex__anterior_cingulate_cortex_ba24__M022
gtex__anterior_cingulate_cor...24       SET      64      0.05778    0.0034729     0.098801      0.27934 gtex__anterior_cingulate_cortex_ba24__M023
gtex__anterior_cingulate_cor...25       SET      59    0.0037785   0.00021809      0.11046      0.48636 gtex__anterior_cingulate_cortex_ba24__M024
gtex__anterior_cingulate_cor...26       SET      53     0.077504    0.0042406      0.11747       0.2547 gtex__anterior_cingulate_cortex_ba24__M025
gtex__anterior_cingulate_cor...27       SET      45     -0.10372   -0.0052306      0.12331      0.79987 gtex__anterior_cingulate_cortex_ba24__M026
gtex__anterior_cingulate_cor...28       SET      29      0.22206    0.0089937      0.15295     0.073272 gtex__anterior_cingulate_cortex_ba24__M027
gtex__anterior_cingulate_cor...29       SET      33     0.066964    0.0028927       0.1436       0.3205 gtex__anterior_cingulate_cortex_ba24__M028
gtex__anterior_cingulate_cor...30       SET      20      0.46889     0.015774      0.15395    0.0011628 gtex__anterior_cingulate_cortex_ba24__M029
gtex__anterior_cingulate_cor...31       SET      27      0.13929    0.0054437      0.15714       0.1877 gtex__anterior_cingulate_cortex_ba24__M030
gtex__anterior_cingulate_cor...32       SET      25      0.16266    0.0061172      0.16312      0.15934 gtex__anterior_cingulate_cortex_ba24__M031
gtex__anterior_cingulate_cor...33       SET      19      0.36638     0.012014      0.18608     0.024486 gtex__anterior_cingulate_cortex_ba24__M032
gtex__anterior_cingulate_cor...34       SET      25     0.092767    0.0034888      0.15765      0.27812 gtex__anterior_cingulate_cortex_ba24__M033
gtex__anterior_cingulate_cor...35       SET      25      0.34201     0.012862      0.18781     0.034304 gtex__anterior_cingulate_cortex_ba24__M034
gtex__anterior_cingulate_cor...36       SET      16     -0.31958   -0.0096174      0.22926      0.91832 gtex__anterior_cingulate_cortex_ba24__M035
gtex__anterior_cingulate_cor...37       SET      21     0.047169     0.001626      0.17479      0.39363 gtex__anterior_cingulate_cortex_ba24__M036
gtex__anterior_cingulate_cor...38       SET      21      0.24101     0.008308      0.18166     0.092316 gtex__anterior_cingulate_cortex_ba24__M037
gtex__anterior_cingulate_cor...39       SET      22      0.30081     0.010613       0.1994     0.065714 gtex__anterior_cingulate_cortex_ba24__M038
gtex__anterior_cingulate_cor...40       SET      18       0.1649    0.0052634      0.18566      0.18722 gtex__anterior_cingulate_cortex_ba24__M039
gtex__anterior_cingulate_cor...41       SET      19    -0.024636  -0.00080783      0.19237      0.55095 gtex__anterior_cingulate_cortex_ba24__M040
gtex__anterior_cingulate_cor...42       SET      14     -0.15601   -0.0043921      0.25799      0.72731 gtex__anterior_cingulate_cortex_ba24__M041
gtex__caudate_basal_ganglia_...1        SET     789   -0.0031284  -0.00064648     0.031057      0.54012 gtex__caudate_basal_ganglia__M000
gtex__caudate_basal_ganglia_...2        SET     454     0.058652    0.0092848     0.042015     0.081369 gtex__caudate_basal_ganglia__M001
gtex__caudate_basal_ganglia_...3        SET     382     0.072287     0.010519      0.04505     0.054301 gtex__caudate_basal_ganglia__M002
gtex__caudate_basal_ganglia_...4        SET     312  -2.4077e-06  -3.1726e-07     0.051334      0.50002 gtex__caudate_basal_ganglia__M003
gtex__caudate_basal_ganglia_...5        SET     336     0.048887    0.0066805     0.046119      0.14457 gtex__caudate_basal_ganglia__M004
gtex__caudate_basal_ganglia_...6        SET     269    -0.073878   -0.0090505     0.048327      0.93682 gtex__caudate_basal_ganglia__M005
gtex__caudate_basal_ganglia_...7        SET     169      0.15347     0.014945     0.069006      0.01308 gtex__caudate_basal_ganglia__M006
gtex__caudate_basal_ganglia_...8        SET     145     0.015364    0.0013868      0.06932       0.4123 gtex__caudate_basal_ganglia__M007
gtex__caudate_basal_ganglia_...9        SET     244     0.083698    0.0097724      0.05774     0.073601 gtex__caudate_basal_ganglia__M008
gtex__caudate_basal_ganglia_...10       SET     164      0.10181    0.0097675     0.067759     0.066498 gtex__caudate_basal_ganglia__M009
gtex__caudate_basal_ganglia_...11       SET     182    -0.066783   -0.0067463     0.067796       0.8377 gtex__caudate_basal_ganglia__M010
gtex__caudate_basal_ganglia_...12       SET     134     0.059856    0.0051954     0.070284      0.19722 gtex__caudate_basal_ganglia__M011
gtex__caudate_basal_ganglia_...13       SET     125      0.19413     0.016279     0.079274    0.0071694 gtex__caudate_basal_ganglia__M012
gtex__caudate_basal_ganglia_...14       SET     100      0.13148    0.0098684     0.082275     0.055022 gtex__caudate_basal_ganglia__M013
gtex__caudate_basal_ganglia_...15       SET     114     -0.10569   -0.0084664     0.072162      0.92848 gtex__caudate_basal_ganglia__M014
gtex__caudate_basal_ganglia_...16       SET      85     0.031215     0.002161     0.089467      0.36358 gtex__caudate_basal_ganglia__M015
gtex__caudate_basal_ganglia_...17       SET      86      0.13378    0.0093155     0.079523     0.046262 gtex__caudate_basal_ganglia__M016
gtex__caudate_basal_ganglia_...18       SET      76    -0.071987   -0.0047134     0.086974      0.79607 gtex__caudate_basal_ganglia__M017
gtex__caudate_basal_ganglia_...19       SET      77    -0.064932   -0.0042793     0.095865       0.7509 gtex__caudate_basal_ganglia__M018
gtex__caudate_basal_ganglia_...20       SET      65     0.099796    0.0060448      0.10572       0.1726 gtex__caudate_basal_ganglia__M019
gtex__caudate_basal_ganglia_...21       SET      66    -0.042755   -0.0026095     0.099493       0.6663 gtex__caudate_basal_ganglia__M020
gtex__caudate_basal_ganglia_...22       SET      58    -0.037441   -0.0021427      0.11385      0.62886 gtex__caudate_basal_ganglia__M021
gtex__caudate_basal_ganglia_...23       SET      61     0.061595    0.0036147      0.11103      0.28954 gtex__caudate_basal_ganglia__M022
gtex__caudate_basal_ganglia_...24       SET      68    -0.016077  -0.00099597      0.10093      0.56328 gtex__caudate_basal_ganglia__M023
gtex__caudate_basal_ganglia_...25       SET      62     -0.10029   -0.0059336      0.10589      0.82822 gtex__caudate_basal_ganglia__M024
gtex__caudate_basal_ganglia_...26       SET      64    -0.013995  -0.00084116      0.10872      0.55121 gtex__caudate_basal_ganglia__M025
gtex__caudate_basal_ganglia_...27       SET      46      0.14605    0.0074461      0.11261     0.097326 gtex__caudate_basal_ganglia__M026
gtex__caudate_basal_ganglia_...28       SET      34      0.18529    0.0081245      0.14272     0.097096 gtex__caudate_basal_ganglia__M027
gtex__caudate_basal_ganglia_...29       SET      34     -0.11047   -0.0048436      0.15681      0.75942 gtex__caudate_basal_ganglia__M028
gtex__caudate_basal_ganglia_...30       SET      37      0.25275      0.01156      0.14081     0.036331 gtex__caudate_basal_ganglia__M029
gtex__caudate_basal_ganglia_...31       SET      38     -0.20713      -0.0096      0.13193      0.94177 gtex__caudate_basal_ganglia__M030
gtex__caudate_basal_ganglia_...32       SET      33    -0.081707   -0.0035296      0.15826      0.69717 gtex__caudate_basal_ganglia__M031
gtex__caudate_basal_ganglia_...33       SET      29     -0.12206   -0.0049433      0.13522      0.81663 gtex__caudate_basal_ganglia__M032
gtex__caudate_basal_ganglia_...34       SET      15      0.20537    0.0059843      0.20542      0.15872 gtex__caudate_basal_ganglia__M033
gtex__caudate_basal_ganglia_...35       SET      23     0.025632   0.00092466      0.15916      0.43603 gtex__caudate_basal_ganglia__M034
gtex__caudate_basal_ganglia_...36       SET      21   -0.0011084  -3.8207e-05      0.16439      0.50269 gtex__caudate_basal_ganglia__M035
gtex__caudate_basal_ganglia_...37       SET      22    -0.087645   -0.0030923      0.17589      0.69085 gtex__caudate_basal_ganglia__M036
gtex__caudate_basal_ganglia_...38       SET      11     -0.18219   -0.0045468      0.28968       0.7353 gtex__caudate_basal_ganglia__M037
gtex__caudate_basal_ganglia_...39       SET      22    -0.087762   -0.0030964      0.18951      0.67835 gtex__caudate_basal_ganglia__M038
gtex__caudate_basal_ganglia_...40       SET      12       0.2434    0.0063441       0.2523      0.16735 gtex__caudate_basal_ganglia__M040
gtex__caudate_basal_ganglia_...41       SET      17     -0.28338   -0.0087901      0.19097      0.93107 gtex__caudate_basal_ganglia__M041
gtex__cerebellar_hemisphere_...1        SET     704     0.048215    0.0094351     0.033036     0.072231 gtex__cerebellar_hemisphere__M000
gtex__cerebellar_hemisphere_...2        SET     658     0.033102     0.006271     0.031796      0.14892 gtex__cerebellar_hemisphere__M001
gtex__cerebellar_hemisphere_...3        SET     408      0.01352    0.0020316     0.041276      0.37163 gtex__cerebellar_hemisphere__M002
gtex__cerebellar_hemisphere_...4        SET     371     0.018027    0.0025859     0.041917      0.33358 gtex__cerebellar_hemisphere__M003
gtex__cerebellar_hemisphere_...5        SET     406    -0.031548   -0.0047292     0.046224      0.75253 gtex__cerebellar_hemisphere__M004
gtex__cerebellar_hemisphere_...6        SET     257    -0.050499   -0.0060489     0.053725      0.82637 gtex__cerebellar_hemisphere__M005
gtex__cerebellar_hemisphere_...7        SET     259    -0.048585    -0.005842     0.052908      0.82076 gtex__cerebellar_hemisphere__M006
gtex__cerebellar_hemisphere_...8        SET     224     0.047546     0.005322     0.052292      0.18162 gtex__cerebellar_hemisphere__M007
gtex__cerebellar_hemisphere_...9        SET     171     0.038894    0.0038097     0.062701      0.26753 gtex__cerebellar_hemisphere__M008
gtex__cerebellar_hemisphere_...10       SET     111     0.057654    0.0045576     0.079678      0.23466 gtex__cerebellar_hemisphere__M009
gtex__cerebellar_hemisphere_...11       SET     153     -0.12096    -0.011212     0.076725      0.94253 gtex__cerebellar_hemisphere__M010
gtex__cerebellar_hemisphere_...12       SET      90     0.036926      0.00263     0.080759      0.32375 gtex__cerebellar_hemisphere__M011
gtex__cerebellar_hemisphere_...13       SET      70     0.067607     0.004249      0.11102      0.27128 gtex__cerebellar_hemisphere__M012
gtex__cerebellar_hemisphere_...14       SET      67     0.080374    0.0049425     0.093641      0.19536 gtex__cerebellar_hemisphere__M013
gtex__cerebellar_hemisphere_...15       SET      42     0.090863     0.004427       0.1156      0.21594 gtex__cerebellar_hemisphere__M014
gtex__cerebellar_hemisphere_...16       SET      63      0.13291    0.0079265      0.11693      0.12783 gtex__cerebellar_hemisphere__M015
gtex__cerebellar_hemisphere_...17       SET      50     0.039649    0.0021072      0.12085      0.37143 gtex__cerebellar_hemisphere__M016
gtex__cerebellar_hemisphere_...18       SET      44     0.091715    0.0045734      0.12692      0.23496 gtex__cerebellar_hemisphere__M017
gtex__cerebellar_hemisphere_...19       SET      47     0.083948    0.0043261      0.12119      0.24426 gtex__cerebellar_hemisphere__M018
gtex__cerebellar_hemisphere_...20       SET      47     0.038145    0.0019657      0.12912      0.38383 gtex__cerebellar_hemisphere__M019
gtex__cerebellar_hemisphere_...21       SET      30     0.087035    0.0035851      0.14652      0.27626 gtex__cerebellar_hemisphere__M020
gtex__cerebellar_hemisphere_...22       SET      35     0.087425    0.0038891      0.12714      0.24586 gtex__cerebellar_hemisphere__M021
gtex__cerebellar_hemisphere_...23       SET      36      0.25242     0.011388      0.12227     0.019495 gtex__cerebellar_hemisphere__M022
gtex__cerebellar_hemisphere_...24       SET      29    -0.082752   -0.0033515      0.13608      0.72844 gtex__cerebellar_hemisphere__M023
gtex__cerebellar_hemisphere_...25       SET      32    -0.094625   -0.0040253      0.15363      0.73103 gtex__cerebellar_hemisphere__M024
gtex__cerebellar_hemisphere_...26       SET      21     -0.16572   -0.0057126      0.20873      0.78638 gtex__cerebellar_hemisphere__M025
gtex__cerebellar_hemisphere_...27       SET      23      0.23486    0.0084725       0.1678     0.080814 gtex__cerebellar_hemisphere__M026
gtex__cerebellar_hemisphere_...28       SET      19    -0.020871   -0.0006844      0.20514      0.54052 gtex__cerebellar_hemisphere__M027
gtex__cerebellar_hemisphere_...29       SET      23      0.11342    0.0040914      0.17986      0.26416 gtex__cerebellar_hemisphere__M028
gtex__cerebellum__M000                  SET     315     0.037438    0.0049564     0.049389      0.22422 gtex__cerebellum__M000
gtex__cerebellum__M001                  SET     301     0.043006    0.0055679     0.046577      0.17793 gtex__cerebellum__M001
gtex__cerebellum__M002                  SET     197     -0.06144   -0.0064545     0.066927      0.82069 gtex__cerebellum__M002
gtex__cerebellum__M003                  SET     126      0.16112     0.013564     0.076056     0.017078 gtex__cerebellum__M003
gtex__cerebellum__M004                  SET     146    0.0054039   0.00048944      0.06599      0.46737 gtex__cerebellum__M004
gtex__cerebellum__M005                  SET     102     0.055566    0.0042118     0.080824      0.24589 gtex__cerebellum__M005
gtex__cerebellum__M006                  SET      96    -0.048493   -0.0035665     0.080062      0.72763 gtex__cerebellum__M006
gtex__cerebellum__M007                  SET      90     -0.07957   -0.0056673     0.098349      0.79075 gtex__cerebellum__M007
gtex__cerebellum__M008                  SET      86     -0.17164    -0.011952       0.0835      0.98008 gtex__cerebellum__M008
gtex__cerebellum__M009                  SET      87     -0.12183   -0.0085318     0.099828      0.88883 gtex__cerebellum__M009
gtex__cerebellum__M010                  SET      85     0.021535    0.0014908     0.087373      0.40266 gtex__cerebellum__M010
gtex__cerebellum__M011                  SET      64      0.10139    0.0060939      0.10593      0.16927 gtex__cerebellum__M011
gtex__cerebellum__M012                  SET      75      0.23568      0.01533      0.10605     0.013134 gtex__cerebellum__M012
gtex__cerebellum__M013                  SET      60      0.19638      0.01143      0.12221     0.054051 gtex__cerebellum__M013
gtex__cerebellum__M014                  SET      65       0.1436    0.0086981      0.10793     0.091678 gtex__cerebellum__M014
gtex__cerebellum__M015                  SET      48    -0.042414   -0.0022088      0.11815      0.64019 gtex__cerebellum__M015
gtex__cerebellum__M016                  SET      43    -0.012856  -0.00063378      0.12267      0.54173 gtex__cerebellum__M016
gtex__cerebellum__M017                  SET      38      0.10072    0.0046681       0.1398      0.23563 gtex__cerebellum__M017
gtex__cerebellum__M018                  SET      30     -0.17602   -0.0072504      0.15816      0.86712 gtex__cerebellum__M018
gtex__cerebellum__M019                  SET      33     -0.21967   -0.0094895      0.14494      0.93518 gtex__cerebellum__M019
gtex__cerebellum__M020                  SET      26    -0.043307   -0.0016609      0.16851      0.60141 gtex__cerebellum__M020
gtex__cerebellum__M021                  SET      18      0.26239    0.0083748      0.21409      0.11019 gtex__cerebellum__M021
gtex__cerebellum__M022                  SET      28      -0.1314   -0.0052294      0.15402      0.80321 gtex__cerebellum__M022
gtex__cerebellum__M023                  SET      24       0.1319    0.0048603      0.17372      0.22386 gtex__cerebellum__M023
gtex__cerebellum__M024                  SET      26    -0.075962   -0.0029133      0.16497       0.6774 gtex__cerebellum__M024
gtex__cerebellum__M025                  SET      24       0.2581    0.0095106      0.15358     0.046438 gtex__cerebellum__M025
gtex__cerebellum__M026                  SET      25     0.039991     0.001504      0.14449      0.39098 gtex__cerebellum__M026
gtex__cerebellum__M028                  SET      20     -0.11085   -0.0037294      0.21204      0.69944 gtex__cerebellum__M028
gtex__cerebellum__M029                  SET      21     -0.13591   -0.0046852      0.22201      0.72979 gtex__cerebellum__M029
gtex__cerebellum__M030                  SET      15  -0.00040202  -1.1714e-05      0.25633      0.50063 gtex__cerebellum__M030
gtex__cortex__M000                      SET     336   -0.0048696  -0.00066543     0.045659      0.54247 gtex__cortex__M000
gtex__cortex__M001                      SET     172       0.0703    0.0069057     0.069933       0.1574 gtex__cortex__M001
gtex__cortex__M002                      SET     180     0.013822    0.0013886       0.0633      0.41358 gtex__cortex__M002
gtex__cortex__M003                      SET     126      0.16101     0.013555     0.079533     0.021472 gtex__cortex__M003
gtex__cortex__M004                      SET     148      0.10226    0.0093246     0.065971      0.06057 gtex__cortex__M004
gtex__cortex__M005                      SET     150    0.0036011   0.00033055     0.070335      0.47958 gtex__cortex__M005
gtex__cortex__M006                      SET      76      0.17133     0.011218      0.10772     0.055868 gtex__cortex__M006
gtex__cortex__M007                      SET      51     0.080236    0.0043066      0.12438      0.25944 gtex__cortex__M007
gtex__cortex__M008                      SET      93   -0.0026933  -0.00019498     0.081849      0.51313 gtex__cortex__M008
gtex__cortex__M009                      SET     101     0.085275    0.0064321     0.080089       0.1435 gtex__cortex__M009
gtex__cortex__M010                      SET      97     0.022234    0.0016437     0.086878      0.39901 gtex__cortex__M010
gtex__cortex__M011                      SET      74  -0.00058468  -3.7778e-05      0.09505      0.50245 gtex__cortex__M011
gtex__cortex__M012                      SET      87      -0.1278   -0.0089501     0.087894      0.92702 gtex__cortex__M012
gtex__cortex__M013                      SET      42     0.078874    0.0038429      0.12962      0.27142 gtex__cortex__M013
gtex__cortex__M014                      SET      79    -0.089607   -0.0059813     0.091299      0.83681 gtex__cortex__M014
gtex__cortex__M015                      SET      76    -0.099846   -0.0065376     0.099961      0.84106 gtex__cortex__M015
gtex__cortex__M016                      SET      78     0.090346    0.0059925      0.09324      0.16629 gtex__cortex__M016
gtex__cortex__M017                      SET      59     0.042592    0.0024583      0.11607      0.35683 gtex__cortex__M017
gtex__cortex__M018                      SET      55     -0.14671   -0.0081768      0.12945      0.87146 gtex__cortex__M018
gtex__cortex__M019                      SET      41    -0.050011   -0.0024075       0.1417      0.63793 gtex__cortex__M019
gtex__cortex__M020                      SET      38      0.19251    0.0089227      0.12184     0.057065 gtex__cortex__M020
gtex__cortex__M021                      SET      43      0.21116      0.01041      0.11632     0.034742 gtex__cortex__M021
gtex__cortex__M022                      SET      39    -0.031023   -0.0014566      0.12953      0.59464 gtex__cortex__M022
gtex__cortex__M023                      SET      28     -0.11154   -0.0044388      0.17593      0.73695 gtex__cortex__M023
gtex__cortex__M024                      SET      23      0.19456    0.0070187      0.16257       0.1157 gtex__cortex__M024
gtex__cortex__M025                      SET      23     0.030072    0.0010848       0.1752      0.43186 gtex__cortex__M025
gtex__cortex__M026                      SET      23     -0.17865   -0.0064448      0.19239      0.82345 gtex__cortex__M026
gtex__cortex__M027                      SET      23     0.091109    0.0032867      0.16459      0.28995 gtex__cortex__M027
gtex__cortex__M028                      SET      24    -0.066667   -0.0024566      0.16919      0.65322 gtex__cortex__M028
gtex__cortex__M029                      SET      24   -0.0010619   -3.913e-05      0.15411      0.50275 gtex__cortex__M029
gtex__cortex__M030                      SET      22     0.071791     0.002533      0.17538      0.34114 gtex__cortex__M030
gtex__cortex__M031                      SET      18     -0.12424   -0.0039653      0.21898      0.71475 gtex__cortex__M031
gtex__cortex__M032                      SET      22  -0.00031243  -1.1023e-05      0.19135      0.50065 gtex__cortex__M032
gtex__cortex__M033                      SET      18     0.078439    0.0025036      0.19655      0.34492 gtex__cortex__M033
gtex__cortex__M034                      SET      22      0.15557    0.0054889      0.18216      0.19655 gtex__cortex__M034
gtex__cortex__M036                      SET      20    -0.091821   -0.0030891       0.1755      0.69958 gtex__cortex__M036
gtex__frontal_cortex_ba9__M0...1        SET     679    -0.013387   -0.0025747     0.034569      0.65072 gtex__frontal_cortex_ba9__M000
gtex__frontal_cortex_ba9__M0...2        SET     597     0.010257    0.0018543     0.035609      0.38665 gtex__frontal_cortex_ba9__M001
gtex__frontal_cortex_ba9__M0...3        SET     411   -0.0067347   -0.0010156     0.044541      0.56009 gtex__frontal_cortex_ba9__M002
gtex__frontal_cortex_ba9__M0...4        SET     375    -0.003831  -0.00055243     0.041392      0.53687 gtex__frontal_cortex_ba9__M003
gtex__frontal_cortex_ba9__M0...5        SET     444     -0.02212   -0.0034639     0.043092      0.69614 gtex__frontal_cortex_ba9__M004
gtex__frontal_cortex_ba9__M0...6        SET     450   -0.0051724  -0.00081528     0.036298      0.55666 gtex__frontal_cortex_ba9__M005
gtex__frontal_cortex_ba9__M0...7        SET     436     0.020003    0.0031047     0.040657      0.31137 gtex__frontal_cortex_ba9__M006
gtex__frontal_cortex_ba9__M0...8        SET     398     0.034643     0.005143     0.043033      0.21041 gtex__frontal_cortex_ba9__M007
gtex__frontal_cortex_ba9__M0...9        SET     272     0.070097    0.0086343     0.049939     0.080218 gtex__frontal_cortex_ba9__M008
gtex__frontal_cortex_ba9__M0...10       SET     216    -0.046903   -0.0051566     0.055853      0.79947 gtex__frontal_cortex_ba9__M009
gtex__frontal_cortex_ba9__M0...11       SET     148      0.21866     0.019938     0.072709    0.0013199 gtex__frontal_cortex_ba9__M010
gtex__frontal_cortex_ba9__M0...12       SET     158     0.044856    0.0042248     0.069239      0.25855 gtex__frontal_cortex_ba9__M011
gtex__frontal_cortex_ba9__M0...13       SET     136      0.21501       0.0188     0.084857    0.0056462 gtex__frontal_cortex_ba9__M012
gtex__frontal_cortex_ba9__M0...14       SET     121    -0.036368   -0.0030008     0.079186      0.67698 gtex__frontal_cortex_ba9__M013
gtex__frontal_cortex_ba9__M0...15       SET      67    -0.092738   -0.0057028      0.10327      0.81541 gtex__frontal_cortex_ba9__M014
gtex__frontal_cortex_ba9__M0...16       SET     129     0.067528    0.0057518     0.071815      0.17354 gtex__frontal_cortex_ba9__M015
gtex__frontal_cortex_ba9__M0...17       SET     131     0.015628    0.0013413     0.067351      0.40826 gtex__frontal_cortex_ba9__M016
gtex__frontal_cortex_ba9__M0...18       SET     113      0.12992     0.010362     0.077924     0.047739 gtex__frontal_cortex_ba9__M017
gtex__frontal_cortex_ba9__M0...19       SET     109    -0.031947   -0.0025028     0.079097      0.65685 gtex__frontal_cortex_ba9__M018
gtex__frontal_cortex_ba9__M0...20       SET     105      0.10099     0.007766     0.074449     0.087477 gtex__frontal_cortex_ba9__M019
gtex__frontal_cortex_ba9__M0...21       SET      91  -0.00065575  -4.6963e-05     0.084151      0.50311 gtex__frontal_cortex_ba9__M020
gtex__frontal_cortex_ba9__M0...22       SET      58     0.059581    0.0034097      0.10775      0.29015 gtex__frontal_cortex_ba9__M021
gtex__frontal_cortex_ba9__M0...23       SET      86      0.04798    0.0033409     0.093134      0.30322 gtex__frontal_cortex_ba9__M022
gtex__frontal_cortex_ba9__M0...24       SET      81      0.10985    0.0074241     0.095675      0.12547 gtex__frontal_cortex_ba9__M023
gtex__frontal_cortex_ba9__M0...25       SET      73      0.09374    0.0060159      0.11178      0.20084 gtex__frontal_cortex_ba9__M024
gtex__frontal_cortex_ba9__M0...26       SET      81      0.09188    0.0062098     0.083284      0.13498 gtex__frontal_cortex_ba9__M025
gtex__frontal_cortex_ba9__M0...27       SET      71     -0.21617    -0.013683     0.096976      0.98709 gtex__frontal_cortex_ba9__M026
gtex__frontal_cortex_ba9__M0...28       SET      47    -0.091208   -0.0047002      0.11337      0.78943 gtex__frontal_cortex_ba9__M027
gtex__frontal_cortex_ba9__M0...29       SET      70      0.18802     0.011817      0.10969     0.043262 gtex__frontal_cortex_ba9__M028
gtex__frontal_cortex_ba9__M0...30       SET      57      0.22887     0.012985      0.12613     0.034803 gtex__frontal_cortex_ba9__M029
gtex__frontal_cortex_ba9__M0...31       SET      66     0.036421     0.002223     0.091477      0.34526 gtex__frontal_cortex_ba9__M030
gtex__frontal_cortex_ba9__M0...32       SET      50      0.15856    0.0084269      0.11757     0.088743 gtex__frontal_cortex_ba9__M031
gtex__frontal_cortex_ba9__M0...33       SET      55     0.087502    0.0048768      0.11094      0.21514 gtex__frontal_cortex_ba9__M032
gtex__frontal_cortex_ba9__M0...34       SET      50     -0.16143   -0.0085797      0.13531      0.88357 gtex__frontal_cortex_ba9__M033
gtex__frontal_cortex_ba9__M0...35       SET      26    -0.072196   -0.0027688       0.1684      0.66593 gtex__frontal_cortex_ba9__M034
gtex__frontal_cortex_ba9__M0...36       SET      38    -0.030145   -0.0013972      0.13223      0.59017 gtex__frontal_cortex_ba9__M035
gtex__frontal_cortex_ba9__M0...37       SET      39      0.14504    0.0068102      0.14539      0.15925 gtex__frontal_cortex_ba9__M036
gtex__frontal_cortex_ba9__M0...38       SET      35     0.097997    0.0043594      0.14264      0.24604 gtex__frontal_cortex_ba9__M037
gtex__frontal_cortex_ba9__M0...39       SET      29     -0.10954   -0.0044364      0.13572      0.79019 gtex__frontal_cortex_ba9__M038
gtex__frontal_cortex_ba9__M0...40       SET      23     -0.27219   -0.0098191      0.17767      0.93723 gtex__frontal_cortex_ba9__M039
gtex__frontal_cortex_ba9__M0...41       SET      24     -0.11371   -0.0041902      0.18719      0.72823 gtex__frontal_cortex_ba9__M040
gtex__frontal_cortex_ba9__M0...42       SET      26      0.02073   0.00079503      0.16644      0.45044 gtex__frontal_cortex_ba9__M041
gtex__frontal_cortex_ba9__M0...43       SET      16      0.31961    0.0096184      0.25534      0.10534 gtex__frontal_cortex_ba9__M042
gtex__frontal_cortex_ba9__M0...44       SET      22   0.00026293   9.2767e-06      0.16454      0.49936 gtex__frontal_cortex_ba9__M043
gtex__frontal_cortex_ba9__M0...45       SET      23    -0.034979   -0.0012618      0.16816      0.58239 gtex__frontal_cortex_ba9__M044
gtex__frontal_cortex_ba9__M0...46       SET      19     -0.40583    -0.013308       0.2141      0.97098 gtex__frontal_cortex_ba9__M045
gtex__hippocampus__M000                 SET     806     0.022829    0.0047657     0.030271      0.22538 gtex__hippocampus__M000
gtex__hippocampus__M001                 SET     525      0.13442     0.022836      0.03864   0.00025237 gtex__hippocampus__M001
gtex__hippocampus__M002                 SET     418    0.0012172   0.00018508     0.044278      0.48903 gtex__hippocampus__M002
gtex__hippocampus__M003                 SET     317    -0.010317   -0.0013701     0.049524      0.58251 gtex__hippocampus__M003
gtex__hippocampus__M004                 SET     352     0.034677    0.0048479     0.046311        0.227 gtex__hippocampus__M004
gtex__hippocampus__M005                 SET     356     0.015128    0.0021266      0.04373       0.3647 gtex__hippocampus__M005
gtex__hippocampus__M006                 SET     266     0.016823    0.0020496     0.054023      0.37775 gtex__hippocampus__M006
gtex__hippocampus__M007                 SET     322     0.099441     0.013308     0.047331      0.01783 gtex__hippocampus__M007
gtex__hippocampus__M008                 SET     203   -0.0049314   -0.0005258     0.054156      0.53628 gtex__hippocampus__M008
gtex__hippocampus__M009                 SET     165    -0.054379    -0.005233     0.069254      0.78383 gtex__hippocampus__M009
gtex__hippocampus__M010                 SET     119     0.040719    0.0033321      0.08568      0.31731 gtex__hippocampus__M010
gtex__hippocampus__M011                 SET     132   -0.0001442  -1.2423e-05     0.067952      0.50085 gtex__hippocampus__M011
gtex__hippocampus__M012                 SET     140      0.03879    0.0034409     0.073643      0.29919 gtex__hippocampus__M012
gtex__hippocampus__M013                 SET     105    -0.069604   -0.0053524     0.077239      0.81624 gtex__hippocampus__M013
gtex__hippocampus__M014                 SET      47    -0.020991   -0.0010817      0.14107      0.55914 gtex__hippocampus__M014
gtex__hippocampus__M015                 SET      90     -0.14097    -0.010041     0.093116      0.93497 gtex__hippocampus__M015
gtex__hippocampus__M016                 SET      76    -0.057881   -0.0037898      0.10107      0.71656 gtex__hippocampus__M016
gtex__hippocampus__M017                 SET      71    -0.020076   -0.0012707     0.094468      0.58415 gtex__hippocampus__M017
gtex__hippocampus__M018                 SET      74     -0.07254    -0.004687     0.095327      0.77665 gtex__hippocampus__M018
gtex__hippocampus__M019                 SET      59    -0.088651   -0.0051168      0.10571      0.79916 gtex__hippocampus__M019
gtex__hippocampus__M020                 SET      52    -0.054312   -0.0029436      0.11673      0.67913 gtex__hippocampus__M020
gtex__hippocampus__M021                 SET      51    -0.041243   -0.0022137      0.11625      0.63862 gtex__hippocampus__M021
gtex__hippocampus__M022                 SET      56    -0.023814   -0.0013392      0.10057      0.59359 gtex__hippocampus__M022
gtex__hippocampus__M023                 SET      55     -0.16182   -0.0090191      0.11621      0.91811 gtex__hippocampus__M023
gtex__hippocampus__M024                 SET      43      0.25102     0.012375      0.12704     0.024091 gtex__hippocampus__M024
gtex__hippocampus__M025                 SET      32      0.10462    0.0044507      0.14436       0.2343 gtex__hippocampus__M025
gtex__hippocampus__M026                 SET      38     -0.22299    -0.010335      0.13177       0.9547 gtex__hippocampus__M026
gtex__hippocampus__M027                 SET      36    -0.040926   -0.0018464      0.14909      0.60815 gtex__hippocampus__M027
gtex__hippocampus__M028                 SET      37     0.033976    0.0015539      0.12883      0.39599 gtex__hippocampus__M028
gtex__hippocampus__M029                 SET      29      0.12383    0.0050152      0.13858      0.18578 gtex__hippocampus__M029
gtex__hippocampus__M030                 SET      26     0.081833    0.0031384      0.16364      0.30851 gtex__hippocampus__M030
gtex__hippocampus__M031                 SET      28      0.42369     0.016862      0.16338    0.0047568 gtex__hippocampus__M031
gtex__hippocampus__M032                 SET      26         0.22    0.0084375      0.16401     0.089905 gtex__hippocampus__M032
gtex__hippocampus__M033                 SET      20      0.18332    0.0061672      0.16522      0.13361 gtex__hippocampus__M033
gtex__hippocampus__M034                 SET      22      0.18067    0.0063746        0.161       0.1309 gtex__hippocampus__M034
gtex__hippocampus__M035                 SET      20      0.27313    0.0091888      0.17254      0.05672 gtex__hippocampus__M035
gtex__hippocampus__M036                 SET      18      0.16249    0.0051862      0.19239      0.19919 gtex__hippocampus__M036
gtex__hippocampus__M037                 SET      19      -0.0501   -0.0016429      0.19963      0.59908 gtex__hippocampus__M037
gtex__hippocampus__M038                 SET      15      0.20315    0.0059197      0.22207      0.18015 gtex__hippocampus__M038
gtex__hippocampus__M039                 SET      16     0.010621   0.00031964      0.21179         0.48 gtex__hippocampus__M039
gtex__hippocampus__M040                 SET      15      0.14654    0.0042701      0.18594      0.21532 gtex__hippocampus__M040
gtex__hypothalamus__M000                SET     685     0.042164    0.0081433     0.035027      0.11435 gtex__hypothalamus__M000
gtex__hypothalamus__M001                SET     882  -0.00017367   -3.784e-05     0.029559      0.50234 gtex__hypothalamus__M001
gtex__hypothalamus__M002                SET     447      0.07588     0.011921     0.039466     0.027269 gtex__hypothalamus__M002
gtex__hypothalamus__M003                SET     223      0.15234     0.017015     0.058373    0.0045337 gtex__hypothalamus__M003
gtex__hypothalamus__M004                SET     221   -0.0063974  -0.00071135     0.059976      0.54247 gtex__hypothalamus__M004
gtex__hypothalamus__M005                SET     193   -0.0044291   -0.0004606     0.058832      0.53001 gtex__hypothalamus__M005
gtex__hypothalamus__M006                SET     182     -0.12005    -0.012127     0.068793      0.95951 gtex__hypothalamus__M006
gtex__hypothalamus__M007                SET     196      0.09868     0.010341     0.061388     0.053983 gtex__hypothalamus__M007
gtex__hypothalamus__M008                SET     110   -0.0045383  -0.00035715      0.08119      0.52229 gtex__hypothalamus__M008
gtex__hypothalamus__M009                SET     126     0.022025    0.0018542     0.080329      0.39198 gtex__hypothalamus__M009
gtex__hypothalamus__M010                SET      93      0.07864    0.0056932     0.083155      0.17216 gtex__hypothalamus__M010
gtex__hypothalamus__M011                SET      99      0.10551    0.0078796     0.080241     0.094279 gtex__hypothalamus__M011
gtex__hypothalamus__M012                SET      80      0.15514     0.010421     0.092573     0.046889 gtex__hypothalamus__M012
gtex__hypothalamus__M013                SET      71     0.042682    0.0027016     0.096211      0.32866 gtex__hypothalamus__M013
gtex__hypothalamus__M014                SET      72    -0.036774   -0.0023439      0.10178      0.64107 gtex__hypothalamus__M014
gtex__hypothalamus__M015                SET      74      0.11776    0.0076087      0.09079     0.097318 gtex__hypothalamus__M015
gtex__hypothalamus__M016                SET      57     -0.01597  -0.00090606      0.10005      0.56341 gtex__hypothalamus__M016
gtex__hypothalamus__M017                SET      52    -0.035264   -0.0019112      0.12199      0.61373 gtex__hypothalamus__M017
gtex__hypothalamus__M018                SET      33      -0.1983   -0.0085661      0.14348      0.91652 gtex__hypothalamus__M018
gtex__hypothalamus__M019                SET      33      0.13469    0.0058182      0.11643      0.12369 gtex__hypothalamus__M019
gtex__hypothalamus__M020                SET      30     -0.07843   -0.0032306      0.14433      0.70658 gtex__hypothalamus__M020
gtex__hypothalamus__M021                SET      24     0.018895   0.00069626      0.16151      0.45344 gtex__hypothalamus__M021
gtex__hypothalamus__M022                SET      20      0.37574     0.012641      0.17831     0.017555 gtex__hypothalamus__M022
gtex__hypothalamus__M023                SET      23     -0.24035   -0.0086705      0.19992      0.88536 gtex__hypothalamus__M023
gtex__hypothalamus__M024                SET      23      0.11404     0.004114      0.15915      0.23682 gtex__hypothalamus__M024
gtex__hypothalamus__M026                SET      20     -0.17819   -0.0059947      0.19396      0.82086 gtex__hypothalamus__M026
gtex__nucleus_accumbens_basa...1        SET    1010   -0.0025078  -0.00058247     0.027941      0.53576 gtex__nucleus_accumbens_basal_ganglia__M000
gtex__nucleus_accumbens_basa...2        SET     652     0.036521    0.0068883     0.034353      0.14387 gtex__nucleus_accumbens_basal_ganglia__M001
gtex__nucleus_accumbens_basa...3        SET     427     0.067133     0.010315     0.041788      0.05409 gtex__nucleus_accumbens_basal_ganglia__M002
gtex__nucleus_accumbens_basa...4        SET     295     0.060233    0.0077216     0.047891      0.10425 gtex__nucleus_accumbens_basal_ganglia__M003
gtex__nucleus_accumbens_basa...5        SET     301      0.13104     0.016965      0.04825    0.0033086 gtex__nucleus_accumbens_basal_ganglia__M004
gtex__nucleus_accumbens_basa...6        SET     184     0.033356    0.0033878     0.060262      0.28996 gtex__nucleus_accumbens_basal_ganglia__M005
gtex__nucleus_accumbens_basa...7        SET     236     0.083234    0.0095598     0.056017     0.068666 gtex__nucleus_accumbens_basal_ganglia__M006
gtex__nucleus_accumbens_basa...8        SET     182     0.018997    0.0019191     0.065522      0.38593 gtex__nucleus_accumbens_basal_ganglia__M007
gtex__nucleus_accumbens_basa...9        SET     155     -0.11273    -0.010517     0.072415      0.94022 gtex__nucleus_accumbens_basal_ganglia__M008
gtex__nucleus_accumbens_basa...10       SET     145      0.04222    0.0038109     0.069967      0.27312 gtex__nucleus_accumbens_basal_ganglia__M009
gtex__nucleus_accumbens_basa...11       SET      91   -0.0088189  -0.00063158     0.079522      0.54415 gtex__nucleus_accumbens_basal_ganglia__M010
gtex__nucleus_accumbens_basa...12       SET      93      0.03069    0.0022218     0.091125      0.36814 gtex__nucleus_accumbens_basal_ganglia__M011
gtex__nucleus_accumbens_basa...13       SET      92    -0.052143   -0.0037547     0.092906      0.71268 gtex__nucleus_accumbens_basal_ganglia__M012
gtex__nucleus_accumbens_basa...14       SET      85      0.22929     0.015873     0.094539    0.0076521 gtex__nucleus_accumbens_basal_ganglia__M013
gtex__nucleus_accumbens_basa...15       SET      65      0.01605   0.00097216      0.10527      0.43941 gtex__nucleus_accumbens_basal_ganglia__M014
gtex__nucleus_accumbens_basa...16       SET      46     0.043404    0.0022129      0.12441       0.3636 gtex__nucleus_accumbens_basal_ganglia__M015
gtex__nucleus_accumbens_basa...17       SET      57    -0.019515   -0.0011072      0.10288      0.57522 gtex__nucleus_accumbens_basal_ganglia__M016
gtex__nucleus_accumbens_basa...18       SET      56  -0.00092922  -5.2256e-05      0.10383      0.50357 gtex__nucleus_accumbens_basal_ganglia__M017
gtex__nucleus_accumbens_basa...19       SET      44     0.020444    0.0010195      0.12396       0.4345 gtex__nucleus_accumbens_basal_ganglia__M018
gtex__nucleus_accumbens_basa...20       SET      44     -0.10921   -0.0054456      0.13514      0.79048 gtex__nucleus_accumbens_basal_ganglia__M019
gtex__nucleus_accumbens_basa...21       SET      34      0.14187    0.0062207      0.13015      0.13785 gtex__nucleus_accumbens_basal_ganglia__M020
gtex__nucleus_accumbens_basa...22       SET      33     -0.22248   -0.0096108      0.14399      0.93883 gtex__nucleus_accumbens_basal_ganglia__M021
gtex__nucleus_accumbens_basa...23       SET      24    -0.025008  -0.00092152      0.16681      0.55958 gtex__nucleus_accumbens_basal_ganglia__M022
gtex__nucleus_accumbens_basa...24       SET      29    -0.036195   -0.0014659      0.14224      0.60043 gtex__nucleus_accumbens_basal_ganglia__M023
gtex__nucleus_accumbens_basa...25       SET      22    -0.024502  -0.00086448      0.15668      0.56213 gtex__nucleus_accumbens_basal_ganglia__M024
gtex__nucleus_accumbens_basa...26       SET       3       -0.699    -0.009112       0.3525      0.97631 gtex__nucleus_accumbens_basal_ganglia__M025
gtex__nucleus_accumbens_basa...27       SET      22     0.023146   0.00081665      0.16584       0.4445 gtex__nucleus_accumbens_basal_ganglia__M026
gtex__nucleus_accumbens_basa...28       SET      13    -0.069246   -0.0018786      0.23471      0.61601 gtex__nucleus_accumbens_basal_ganglia__M027
gtex__nucleus_accumbens_basa...29       SET      16      0.25833    0.0077741      0.19303     0.090412 gtex__nucleus_accumbens_basal_ganglia__M028
gtex__nucleus_accumbens_basa...30       SET      21     0.022872   0.00078843      0.17528      0.44809 gtex__nucleus_accumbens_basal_ganglia__M029
gtex__nucleus_accumbens_basa...31       SET      17    -0.079792   -0.0024751      0.19993      0.65509 gtex__nucleus_accumbens_basal_ganglia__M030
gtex__nucleus_accumbens_basa...32       SET      19    -0.034784   -0.0011406      0.17399      0.57922 gtex__nucleus_accumbens_basal_ganglia__M031
gtex__putamen_basal_ganglia_...1        SET     673    -0.010649   -0.0020394     0.035098      0.61921 gtex__putamen_basal_ganglia__M000
gtex__putamen_basal_ganglia_...2        SET     462    0.0027071    0.0004322     0.040168      0.47313 gtex__putamen_basal_ganglia__M001
gtex__putamen_basal_ganglia_...3        SET     408    0.0078262     0.001176     0.038452      0.41936 gtex__putamen_basal_ganglia__M002
gtex__putamen_basal_ganglia_...4        SET     259     0.053943    0.0064862      0.05065      0.14344 gtex__putamen_basal_ganglia__M003
gtex__putamen_basal_ganglia_...5        SET     334     -0.04256   -0.0057989     0.044971      0.82802 gtex__putamen_basal_ganglia__M004
gtex__putamen_basal_ganglia_...6        SET     177     0.081762    0.0081464     0.069113      0.11841 gtex__putamen_basal_ganglia__M005
gtex__putamen_basal_ganglia_...7        SET     287     0.083026     0.010501      0.05418     0.062719 gtex__putamen_basal_ganglia__M006
gtex__putamen_basal_ganglia_...8        SET     268     0.045622    0.0055788     0.051592      0.18828 gtex__putamen_basal_ganglia__M007
gtex__putamen_basal_ganglia_...9        SET     225     0.060868    0.0068283     0.064052      0.17099 gtex__putamen_basal_ganglia__M008
gtex__putamen_basal_ganglia_...10       SET     204    -0.045418   -0.0048544     0.063157      0.76397 gtex__putamen_basal_ganglia__M009
gtex__putamen_basal_ganglia_...11       SET     237    -0.036943   -0.0042519     0.055602      0.74678 gtex__putamen_basal_ganglia__M010
gtex__putamen_basal_ganglia_...12       SET     138    -0.072508   -0.0063861     0.067635      0.85814 gtex__putamen_basal_ganglia__M011
gtex__putamen_basal_ganglia_...13       SET     128      0.10319    0.0087557     0.081467      0.10264 gtex__putamen_basal_ganglia__M012
gtex__putamen_basal_ganglia_...14       SET      99      0.13273    0.0099124     0.080743     0.050113 gtex__putamen_basal_ganglia__M013
gtex__putamen_basal_ganglia_...15       SET     115   -0.0014334  -0.00011532     0.072228      0.50792 gtex__putamen_basal_ganglia__M014
gtex__putamen_basal_ganglia_...16       SET     109     0.034946    0.0027377     0.084455      0.33952 gtex__putamen_basal_ganglia__M015
gtex__putamen_basal_ganglia_...17       SET      61      0.21271     0.012483      0.11345      0.03041 gtex__putamen_basal_ganglia__M016
gtex__putamen_basal_ganglia_...18       SET      82     0.060807    0.0041349     0.095433      0.26201 gtex__putamen_basal_ganglia__M017
gtex__putamen_basal_ganglia_...19       SET      88     0.046185    0.0032529     0.084062      0.29136 gtex__putamen_basal_ganglia__M018
gtex__putamen_basal_ganglia_...20       SET      72      0.10279    0.0065516      0.10382      0.16107 gtex__putamen_basal_ganglia__M019
gtex__putamen_basal_ganglia_...21       SET      79     0.092194     0.006154     0.090414      0.15394 gtex__putamen_basal_ganglia__M020
gtex__putamen_basal_ganglia_...22       SET      79    -0.037914   -0.0025308     0.092579      0.65892 gtex__putamen_basal_ganglia__M021
gtex__putamen_basal_ganglia_...23       SET      77    -0.023748   -0.0015651     0.083761      0.61161 gtex__putamen_basal_ganglia__M022
gtex__putamen_basal_ganglia_...24       SET      72      0.01785    0.0011377     0.096716      0.42679 gtex__putamen_basal_ganglia__M023
gtex__putamen_basal_ganglia_...25       SET      63    -0.070155   -0.0041838       0.1098      0.73855 gtex__putamen_basal_ganglia__M024
gtex__putamen_basal_ganglia_...26       SET      59      0.12992    0.0074991      0.10747      0.11336 gtex__putamen_basal_ganglia__M025
gtex__putamen_basal_ganglia_...27       SET      55     -0.08071   -0.0044983        0.109      0.77048 gtex__putamen_basal_ganglia__M026
gtex__putamen_basal_ganglia_...28       SET      47    -0.035714   -0.0018405      0.12218      0.61498 gtex__putamen_basal_ganglia__M027
gtex__putamen_basal_ganglia_...29       SET      35     -0.05191   -0.0023093      0.14885      0.63635 gtex__putamen_basal_ganglia__M028
gtex__putamen_basal_ganglia_...30       SET      46    -0.077509   -0.0039516      0.12659      0.72982 gtex__putamen_basal_ganglia__M029
gtex__putamen_basal_ganglia_...31       SET      38     0.047085    0.0021823      0.14083      0.36906 gtex__putamen_basal_ganglia__M030
gtex__putamen_basal_ganglia_...32       SET      29      -0.3948    -0.015989      0.14745      0.99629 gtex__putamen_basal_ganglia__M031
gtex__putamen_basal_ganglia_...33       SET      31     -0.04624   -0.0019361      0.14416       0.6258 gtex__putamen_basal_ganglia__M032
gtex__putamen_basal_ganglia_...34       SET      24       0.1908    0.0070308      0.18132      0.14634 gtex__putamen_basal_ganglia__M033
gtex__putamen_basal_ganglia_...35       SET      29      0.37651     0.015249      0.13852    0.0032867 gtex__putamen_basal_ganglia__M034
gtex__putamen_basal_ganglia_...36       SET      25      0.14163    0.0053265      0.19502      0.23385 gtex__putamen_basal_ganglia__M035
gtex__putamen_basal_ganglia_...37       SET      20     -0.25319   -0.0085178      0.16919      0.93272 gtex__putamen_basal_ganglia__M036
gtex__putamen_basal_ganglia_...38       SET      17     -0.21794   -0.0067604      0.21562      0.84393 gtex__putamen_basal_ganglia__M037
gtex__putamen_basal_ganglia_...39       SET      19     0.011394   0.00037363      0.18113      0.47492 gtex__putamen_basal_ganglia__M039
gtex__putamen_basal_ganglia_...40       SET      16     0.057548    0.0017318      0.17195      0.36893 gtex__putamen_basal_ganglia__M040
gtex__spinal_cord_cervical_c...1        SET     709     -0.02004    -0.003935     0.033284      0.72644 gtex__spinal_cord_cervical_c_1__M000
gtex__spinal_cord_cervical_c...2        SET     500      0.05768    0.0095694     0.036827     0.058658 gtex__spinal_cord_cervical_c_1__M001
gtex__spinal_cord_cervical_c...3        SET     506     0.082107     0.013701     0.041104     0.022892 gtex__spinal_cord_cervical_c_1__M002
gtex__spinal_cord_cervical_c...4        SET     352    -0.047557   -0.0066486       0.0495      0.83166 gtex__spinal_cord_cervical_c_1__M003
gtex__spinal_cord_cervical_c...5        SET     251     0.081602    0.0096615     0.051369      0.05609 gtex__spinal_cord_cervical_c_1__M004
gtex__spinal_cord_cervical_c...6        SET     166     0.037054    0.0035764     0.064157      0.28179 gtex__spinal_cord_cervical_c_1__M005
gtex__spinal_cord_cervical_c...7        SET     119    0.0019039    0.0001558      0.08116      0.49064 gtex__spinal_cord_cervical_c_1__M006
gtex__spinal_cord_cervical_c...8        SET      99     0.044766    0.0033432     0.082254      0.29314 gtex__spinal_cord_cervical_c_1__M007
gtex__spinal_cord_cervical_c...9        SET     120      0.11024    0.0090588       0.0742     0.068682 gtex__spinal_cord_cervical_c_1__M008
gtex__spinal_cord_cervical_c...10       SET      88    -0.076887   -0.0054153     0.085872       0.8147 gtex__spinal_cord_cervical_c_1__M009
gtex__spinal_cord_cervical_c...11       SET     103      0.20267     0.015436     0.089589      0.01185 gtex__spinal_cord_cervical_c_1__M010
gtex__spinal_cord_cervical_c...12       SET     110    -0.097552    -0.007677     0.082941      0.88023 gtex__spinal_cord_cervical_c_1__M011
gtex__spinal_cord_cervical_c...13       SET      46     0.058511    0.0029831      0.12984      0.32613 gtex__spinal_cord_cervical_c_1__M012
gtex__spinal_cord_cervical_c...14       SET      69    -0.020286   -0.0012659     0.099854      0.58049 gtex__spinal_cord_cervical_c_1__M013
gtex__spinal_cord_cervical_c...15       SET      68     -0.04866   -0.0030144      0.10009      0.68657 gtex__spinal_cord_cervical_c_1__M014
gtex__spinal_cord_cervical_c...16       SET      66      0.21132     0.012898      0.11316     0.030928 gtex__spinal_cord_cervical_c_1__M015
gtex__spinal_cord_cervical_c...17       SET      56     0.098289    0.0055275      0.12316      0.21243 gtex__spinal_cord_cervical_c_1__M016
gtex__spinal_cord_cervical_c...18       SET      54     -0.10622   -0.0058661      0.10701      0.83955 gtex__spinal_cord_cervical_c_1__M017
gtex__spinal_cord_cervical_c...19       SET      50    0.0079486   0.00042245      0.11074      0.47139 gtex__spinal_cord_cervical_c_1__M018
gtex__spinal_cord_cervical_c...20       SET      32     0.048963    0.0020829      0.14445      0.36732 gtex__spinal_cord_cervical_c_1__M019
gtex__spinal_cord_cervical_c...21       SET      45    -0.061927   -0.0031228      0.11063      0.71218 gtex__spinal_cord_cervical_c_1__M020
gtex__spinal_cord_cervical_c...22       SET      35      0.16862    0.0075011      0.13569        0.107 gtex__spinal_cord_cervical_c_1__M021
gtex__spinal_cord_cervical_c...23       SET      32     -0.16874   -0.0071783      0.16745       0.8432 gtex__spinal_cord_cervical_c_1__M022
gtex__spinal_cord_cervical_c...24       SET      26     0.091478    0.0035083      0.15549      0.27817 gtex__spinal_cord_cervical_c_1__M023
gtex__spinal_cord_cervical_c...25       SET      28     -0.12715   -0.0050603      0.15407      0.79539 gtex__spinal_cord_cervical_c_1__M024
gtex__spinal_cord_cervical_c...26       SET      27     -0.21694   -0.0084784      0.16973       0.8994 gtex__spinal_cord_cervical_c_1__M025
gtex__spinal_cord_cervical_c...27       SET      24     0.026561   0.00097876      0.15443      0.43172 gtex__spinal_cord_cervical_c_1__M026
gtex__spinal_cord_cervical_c...28       SET      20      0.17273     0.005811      0.17361       0.1599 gtex__spinal_cord_cervical_c_1__M027
gtex__spinal_cord_cervical_c...29       SET      22      0.13257    0.0046775      0.20643      0.26036 gtex__spinal_cord_cervical_c_1__M028
gtex__spinal_cord_cervical_c...30       SET      22      0.28352     0.010003      0.16394     0.041871 gtex__spinal_cord_cervical_c_1__M029
gtex__spinal_cord_cervical_c...31       SET      18     -0.21248   -0.0067819      0.19432       0.8629 gtex__spinal_cord_cervical_c_1__M030
gtex__substantia_nigra__M000            SET     676     0.035272    0.0067693     0.034404      0.15263 gtex__substantia_nigra__M000
gtex__substantia_nigra__M001            SET     292    -0.061864   -0.0078908     0.049603      0.89382 gtex__substantia_nigra__M001
gtex__substantia_nigra__M002            SET     327     0.041844    0.0056424     0.048103      0.19219 gtex__substantia_nigra__M002
gtex__substantia_nigra__M003            SET     325     0.015862    0.0021325     0.047535      0.36931 gtex__substantia_nigra__M003
gtex__substantia_nigra__M004            SET     193    -0.023956   -0.0024913     0.056769      0.66348 gtex__substantia_nigra__M004
gtex__substantia_nigra__M005            SET     174     -0.02157   -0.0021311     0.069869      0.62123 gtex__substantia_nigra__M005
gtex__substantia_nigra__M006            SET     187    0.0088466   0.00090573     0.063479      0.44458 gtex__substantia_nigra__M006
gtex__substantia_nigra__M007            SET     133   -0.0028677  -0.00024799     0.070551      0.51621 gtex__substantia_nigra__M007
gtex__substantia_nigra__M008            SET     136      0.03329    0.0029108     0.067689      0.31143 gtex__substantia_nigra__M008
gtex__substantia_nigra__M009            SET     103     0.092388    0.0070369     0.089037      0.14973 gtex__substantia_nigra__M009
gtex__substantia_nigra__M010            SET     101     -0.23648    -0.017837     0.090664      0.99545 gtex__substantia_nigra__M010
gtex__substantia_nigra__M011            SET      99    -0.085082    -0.006354     0.088771      0.83107 gtex__substantia_nigra__M011
gtex__substantia_nigra__M012            SET      96     0.092387    0.0067948     0.084153      0.13614 gtex__substantia_nigra__M012
gtex__substantia_nigra__M013            SET      89      0.12847    0.0090992     0.085579     0.066669 gtex__substantia_nigra__M013
gtex__substantia_nigra__M014            SET      59      0.20518     0.011843      0.10507     0.025427 gtex__substantia_nigra__M014
gtex__substantia_nigra__M015            SET      65      0.03419     0.002071      0.10997      0.37794 gtex__substantia_nigra__M015
gtex__substantia_nigra__M016            SET      69      0.13046    0.0081407      0.10171     0.099817 gtex__substantia_nigra__M016
gtex__substantia_nigra__M017            SET      62     0.067146    0.0039725      0.10112      0.25333 gtex__substantia_nigra__M017
gtex__substantia_nigra__M018            SET      63     0.024753    0.0014761      0.10493      0.40676 gtex__substantia_nigra__M018
gtex__substantia_nigra__M019            SET      56      0.15326     0.008619      0.10484     0.071904 gtex__substantia_nigra__M019
gtex__substantia_nigra__M020            SET      59    -0.063032   -0.0036381      0.10023      0.73528 gtex__substantia_nigra__M020
gtex__substantia_nigra__M021            SET      40    -0.015672  -0.00074521      0.14116       0.5442 gtex__substantia_nigra__M021
gtex__substantia_nigra__M022            SET      51     -0.06397   -0.0034336      0.11092      0.71794 gtex__substantia_nigra__M022
gtex__substantia_nigra__M023            SET      44     0.072126    0.0035966      0.13011      0.28967 gtex__substantia_nigra__M023
gtex__substantia_nigra__M024            SET      40    0.0038897   0.00018495      0.13578      0.48857 gtex__substantia_nigra__M024
gtex__substantia_nigra__M025            SET      34      0.33232     0.014571      0.13965    0.0086707 gtex__substantia_nigra__M025
gtex__substantia_nigra__M026            SET      32     -0.16234   -0.0069058      0.15496      0.85258 gtex__substantia_nigra__M026
gtex__substantia_nigra__M027            SET      31      0.10674    0.0044694      0.15085      0.23961 gtex__substantia_nigra__M027
gtex__substantia_nigra__M028            SET      26     -0.16092   -0.0061715      0.15228      0.85467 gtex__substantia_nigra__M028
gtex__substantia_nigra__M029            SET      29     0.023246   0.00094149      0.16051      0.44243 gtex__substantia_nigra__M029
gtex__substantia_nigra__M030            SET      28      0.24064    0.0095768      0.17583     0.085577 gtex__substantia_nigra__M030
gtex__substantia_nigra__M031            SET      23    -0.006574  -0.00023715      0.15177      0.51727 gtex__substantia_nigra__M031
gtex__substantia_nigra__M032            SET      22      0.15784     0.005569      0.17922      0.18923 gtex__substantia_nigra__M032
gtex__substantia_nigra__M033            SET      23       -0.088   -0.0031745      0.17932      0.68819 gtex__substantia_nigra__M033
gtex__substantia_nigra__M034            SET      23     -0.34188    -0.012333      0.17506      0.97458 gtex__substantia_nigra__M034
gtex__substantia_nigra__M035            SET      17     -0.16173   -0.0050168      0.22172      0.76713 gtex__substantia_nigra__M035
gtex__substantia_nigra__M036            SET      14     -0.10615   -0.0029883      0.21585      0.68855 gtex__substantia_nigra__M036
gtex__substantia_nigra__M037            SET      18     -0.10387   -0.0033152      0.18972      0.70797 gtex__substantia_nigra__M037
gtex__substantia_nigra__M038            SET      13      0.14723    0.0039941      0.27228      0.29435 gtex__substantia_nigra__M038
gtex__substantia_nigra__M040            SET      14     -0.19662   -0.0055351       0.2356        0.798 gtex__substantia_nigra__M040
gtex__substantia_nigra__M041            SET      16      0.16256    0.0048921       0.1944      0.20152 gtex__substantia_nigra__M041
brainseq__caudate__M000                 SET     589      0.01339    0.0024049     0.036007      0.35499 brainseq__caudate__M000
brainseq__caudate__M001                 SET     474     0.064326     0.010399     0.041366     0.059974 brainseq__caudate__M001
brainseq__caudate__M002                 SET     108       0.0799    0.0062307      0.07968        0.158 brainseq__caudate__M002
brainseq__caudate__M003                 SET     409     0.082995     0.012486     0.041505     0.022779 brainseq__caudate__M003
brainseq__caudate__M004                 SET     323      0.02762    0.0037019     0.049113      0.28693 brainseq__caudate__M004
brainseq__caudate__M005                 SET      80     -0.10498   -0.0070514     0.091936      0.87324 brainseq__caudate__M005
brainseq__caudate__M006                 SET     206    -0.031064   -0.0033363     0.057062      0.70691 brainseq__caudate__M006
brainseq__caudate__M007                 SET     158    -0.049076   -0.0046224     0.070203      0.75774 brainseq__caudate__M007
brainseq__caudate__M008                 SET     144    -0.078868   -0.0070945     0.079335      0.83991 brainseq__caudate__M008
brainseq__caudate__M009                 SET     137      0.13208     0.011591     0.072427     0.034112 brainseq__caudate__M009
brainseq__caudate__M010                 SET     134    0.0099495    0.0008636     0.069816      0.44334 brainseq__caudate__M010
brainseq__caudate__M011                 SET     113     -0.01236  -0.00098574     0.080808      0.56078 brainseq__caudate__M011
brainseq__caudate__M012                 SET     114     0.044839    0.0035918     0.078592      0.28417 brainseq__caudate__M012
brainseq__caudate__M013                 SET     100     0.060585    0.0045472      0.07961      0.22333 brainseq__caudate__M013
brainseq__caudate__M014                 SET     105      0.12505    0.0096159     0.084742     0.070032 brainseq__caudate__M014
brainseq__caudate__M015                 SET      83     0.068916    0.0047147     0.093473      0.23048 brainseq__caudate__M015
brainseq__caudate__M016                 SET      78    -0.013255  -0.00087922     0.086745      0.56072 brainseq__caudate__M016
brainseq__caudate__M017                 SET      64      0.17111     0.010285       0.1088     0.057904 brainseq__caudate__M017
brainseq__caudate__M018                 SET      24    -0.076942   -0.0028353      0.18014      0.66536 brainseq__caudate__M018
brainseq__caudate__M019                 SET      52     -0.10776   -0.0058405      0.11056      0.83515 brainseq__caudate__M019
brainseq__caudate__M020                 SET      30     0.096505    0.0039752      0.14851      0.25791 brainseq__caudate__M020
brainseq__caudate__M021                 SET      50     -0.16567    -0.008805      0.11726      0.92113 brainseq__caudate__M021
brainseq__caudate__M022                 SET      47      0.01886    0.0009719      0.12855      0.44168 brainseq__caudate__M022
brainseq__caudate__M023                 SET      51      0.18828     0.010106      0.11961     0.057738 brainseq__caudate__M023
brainseq__caudate__M024                 SET      50     -0.13523   -0.0071872      0.11756      0.87498 brainseq__caudate__M024
brainseq__caudate__M025                 SET      41     0.073878    0.0035564      0.13742      0.29543 brainseq__caudate__M025
brainseq__caudate__M026                 SET      22      0.15413    0.0054379      0.19043      0.20916 brainseq__caudate__M026
brainseq__caudate__M027                 SET      41     0.049762    0.0023955      0.12751      0.34817 brainseq__caudate__M027
brainseq__caudate__M028                 SET      38      0.16976    0.0078681      0.12972     0.095342 brainseq__caudate__M028
brainseq__caudate__M029                 SET      37     0.050907    0.0023283      0.13864      0.35674 brainseq__caudate__M029
brainseq__caudate__M030                 SET      32     0.046318    0.0019704      0.17443       0.3953 brainseq__caudate__M030
brainseq__caudate__M031                 SET      28    -0.015942  -0.00063446      0.14249      0.54454 brainseq__caudate__M031
brainseq__caudate__M032                 SET      25       0.1971    0.0074126      0.16216      0.11211 brainseq__caudate__M032
brainseq__caudate__M033                 SET      15      0.58286     0.016984      0.20758    0.0024959 brainseq__caudate__M033
brainseq__caudate__M034                 SET      25      0.27967     0.010518      0.17613     0.056166 brainseq__caudate__M034
brainseq__caudate__M035                 SET      10      0.33207    0.0079018      0.23068     0.075003 brainseq__caudate__M035
brainseq__caudate__M036                 SET      23     0.011251   0.00040588      0.16839      0.47336 brainseq__caudate__M036
brainseq__caudate__M037                 SET      17    -0.073134   -0.0022686      0.20065      0.64225 brainseq__caudate__M037
brainseq__caudate__M038                 SET      23      -0.1902   -0.0068612      0.15506      0.89001 brainseq__caudate__M038
brainseq__caudate__M039                 SET      20     -0.13353   -0.0044924      0.21081      0.73677 brainseq__caudate__M039
brainseq__caudate__M040                 SET      17     0.036567    0.0011343      0.23365      0.43782 brainseq__caudate__M040
brainseq__caudate__M041                 SET      20       -0.121   -0.0040708       0.1638      0.76996 brainseq__caudate__M041
brainseq__caudate__M042                 SET      11     -0.24563     -0.00613       0.2533       0.8339 brainseq__caudate__M042
brainseq__caudate__M043                 SET      18    -0.057883   -0.0018475      0.18421      0.62332 brainseq__caudate__M043
brainseq__caudate__M044                 SET      16     -0.19593   -0.0058964      0.18558      0.85446 brainseq__caudate__M044
brainseq__caudate__M045                 SET      17      0.33522     0.010398      0.19825     0.045441 brainseq__caudate__M045
brainseq__hippocampus__M000             SET     371    0.0037454   0.00053726     0.044718      0.46663 brainseq__hippocampus__M000
brainseq__hippocampus__M001             SET     358     0.011249    0.0015857     0.046416      0.40426 brainseq__hippocampus__M001
brainseq__hippocampus__M002             SET     223    0.0054867   0.00061279     0.059271      0.46312 brainseq__hippocampus__M002
brainseq__hippocampus__M003             SET     214    -0.029185    -0.003194     0.053283      0.70806 brainseq__hippocampus__M003
brainseq__hippocampus__M004             SET     149    -0.084863   -0.0077641     0.067005      0.89733 brainseq__hippocampus__M004
brainseq__hippocampus__M005             SET     144    0.0060884   0.00054767     0.070903      0.46579 brainseq__hippocampus__M005
brainseq__hippocampus__M006             SET     130     0.097294    0.0083189     0.072532     0.089907 brainseq__hippocampus__M006
brainseq__hippocampus__M007             SET     114    0.0042324   0.00033904     0.083454      0.47978 brainseq__hippocampus__M007
brainseq__hippocampus__M008             SET     112     -0.02515    -0.001997     0.076593      0.62868 brainseq__hippocampus__M008
brainseq__hippocampus__M009             SET      98     -0.13381   -0.0099428     0.088357      0.93503 brainseq__hippocampus__M009
brainseq__hippocampus__M010             SET      82     0.047665    0.0032413     0.083126      0.28319 brainseq__hippocampus__M010
brainseq__hippocampus__M011             SET      84    -0.093246   -0.0064173     0.098805      0.82734 brainseq__hippocampus__M011
brainseq__hippocampus__M012             SET      82      0.19533     0.013283     0.097205      0.02225 brainseq__hippocampus__M012
brainseq__hippocampus__M013             SET      71     0.049574    0.0031378      0.10288      0.31495 brainseq__hippocampus__M013
brainseq__hippocampus__M014             SET      75     0.061268    0.0039852      0.10021      0.27048 brainseq__hippocampus__M014
brainseq__hippocampus__M015             SET      63     0.051911    0.0030958      0.11417      0.32467 brainseq__hippocampus__M015
brainseq__hippocampus__M016             SET      62      0.26208     0.015505      0.11219    0.0097514 brainseq__hippocampus__M016
brainseq__hippocampus__M017             SET      59    0.0067789   0.00039127      0.11353      0.47619 brainseq__hippocampus__M017
brainseq__hippocampus__M018             SET      48       0.2083     0.010848      0.12433     0.046938 brainseq__hippocampus__M018
brainseq__hippocampus__M019             SET      47    -0.032537   -0.0016767      0.11897      0.60776 brainseq__hippocampus__M019
brainseq__hippocampus__M020             SET      48      -0.1998    -0.010405      0.13558       0.9297 brainseq__hippocampus__M020
brainseq__hippocampus__M021             SET      47   -0.0059267  -0.00030542      0.12645      0.51869 brainseq__hippocampus__M021
brainseq__hippocampus__M022             SET      45     0.011142   0.00056186      0.14245      0.46883 brainseq__hippocampus__M022
brainseq__hippocampus__M023             SET      37    -0.061683   -0.0028212      0.14316      0.66672 brainseq__hippocampus__M023
brainseq__hippocampus__M024             SET      39      0.12301    0.0057755      0.13321       0.1779 brainseq__hippocampus__M024
brainseq__hippocampus__M025             SET      37     0.037934     0.001735      0.14965      0.39995 brainseq__hippocampus__M025
brainseq__hippocampus__M026             SET      41      0.11104    0.0053453      0.14328      0.21918 brainseq__hippocampus__M026
brainseq__hippocampus__M027             SET      34    -0.037762   -0.0016557      0.15045      0.59909 brainseq__hippocampus__M027
brainseq__hippocampus__M028             SET      33      0.10414    0.0044988      0.14755      0.24016 brainseq__hippocampus__M028
brainseq__hippocampus__M029             SET      34     0.099778    0.0043749      0.14047      0.23876 brainseq__hippocampus__M029
brainseq__hippocampus__M030             SET      30    -0.096916   -0.0039921       0.1605      0.72702 brainseq__hippocampus__M030
brainseq__hippocampus__M031             SET      29     0.049612    0.0020093       0.1532      0.37303 brainseq__hippocampus__M031
brainseq__hippocampus__M032             SET      29    -0.042798   -0.0017333      0.15991      0.60551 brainseq__hippocampus__M032
brainseq__hippocampus__M033             SET      27     0.043621    0.0017048      0.15131      0.38657 brainseq__hippocampus__M033
brainseq__hippocampus__M034             SET      22    -0.022672  -0.00079992      0.19603      0.54604 brainseq__hippocampus__M034
brainseq__hippocampus__M035             SET      28     -0.14488   -0.0057659      0.14826      0.83577 brainseq__hippocampus__M035
brainseq__hippocampus__M036             SET      27      0.17042    0.0066602      0.17077      0.15916 brainseq__hippocampus__M036
brainseq__hippocampus__M037             SET      25     0.020034   0.00075343      0.16787       0.4525 brainseq__hippocampus__M037
brainseq__hippocampus__M038             SET      25     0.087308    0.0032835      0.16113      0.29396 brainseq__hippocampus__M038
brainseq__hippocampus__M039             SET      24     -0.15674   -0.0057758      0.17732      0.81163 brainseq__hippocampus__M039
brainseq__hippocampus__M040             SET      27      0.40437     0.015803      0.17414     0.010121 brainseq__hippocampus__M040
brainseq__hippocampus__M041             SET      24     0.081404    0.0029997      0.16177      0.30742 brainseq__hippocampus__M041
brainseq__hippocampus__M042             SET      25     -0.34297    -0.012898      0.17499      0.97499 brainseq__hippocampus__M042
brainseq__hippocampus__M043             SET      25    -0.083509   -0.0031406      0.18867      0.67097 brainseq__hippocampus__M043
brainseq__hippocampus__M044             SET      24      0.27208     0.010026      0.20444     0.091629 brainseq__hippocampus__M044
brainseq__hippocampus__M045             SET      24    -0.075376   -0.0027775      0.18275      0.65999 brainseq__hippocampus__M045
brainseq__hippocampus__M046             SET      24    0.0059278   0.00021843      0.16712      0.48585 brainseq__hippocampus__M046
brainseq__hippocampus__M047             SET      22      0.26178     0.009236      0.18209     0.075281 brainseq__hippocampus__M047
brainseq__hippocampus__M048             SET      23      0.17288    0.0062364      0.17423      0.16055 brainseq__hippocampus__M048
brainseq__hippocampus__M049             SET      21     0.037533    0.0012938      0.19956      0.42541 brainseq__hippocampus__M049
brainseq__dlpfc__M000                   SET     382     0.074494      0.01084     0.045958     0.052526 brainseq__dlpfc__M000
brainseq__dlpfc__M001                   SET     305     0.042798     0.005577      0.05191      0.20485 brainseq__dlpfc__M001
brainseq__dlpfc__M002                   SET     293     0.059073    0.0075475     0.048462      0.11144 brainseq__dlpfc__M002
brainseq__dlpfc__M003                   SET     282      0.06133    0.0076898     0.051498      0.11685 brainseq__dlpfc__M003
brainseq__dlpfc__M004                   SET     252     0.074494    0.0088372     0.053061     0.080178 brainseq__dlpfc__M004
brainseq__dlpfc__M005                   SET     144       0.1429     0.012854     0.071002     0.022088 brainseq__dlpfc__M005
brainseq__dlpfc__M006                   SET     206   -0.0064938  -0.00069742     0.057421      0.54502 brainseq__dlpfc__M006
brainseq__dlpfc__M007                   SET     170    -0.097888   -0.0095602     0.062392      0.94166 brainseq__dlpfc__M007
brainseq__dlpfc__M008                   SET     148      0.11933     0.010881     0.071134     0.046725 brainseq__dlpfc__M008
brainseq__dlpfc__M009                   SET     157     0.074781    0.0070213     0.067398      0.13361 brainseq__dlpfc__M009
brainseq__dlpfc__M010                   SET     130    0.0083887   0.00071726     0.078878      0.45765 brainseq__dlpfc__M010
brainseq__dlpfc__M011                   SET     110     0.009649   0.00075934     0.075599      0.44922 brainseq__dlpfc__M011
brainseq__dlpfc__M012                   SET     114     0.066671    0.0053407     0.076554      0.19191 brainseq__dlpfc__M012
brainseq__dlpfc__M013                   SET      97    -0.086579   -0.0064006     0.088061      0.83723 brainseq__dlpfc__M013
brainseq__dlpfc__M014                   SET      92     0.039994    0.0028798     0.087861      0.32449 brainseq__dlpfc__M014
brainseq__dlpfc__M015                   SET      69     0.097872    0.0061073       0.0935      0.14761 brainseq__dlpfc__M015
brainseq__dlpfc__M016                   SET      60     0.034816    0.0020264       0.1107      0.37657 brainseq__dlpfc__M016
brainseq__dlpfc__M017                   SET      65    -0.088049   -0.0053333      0.10738      0.79388 brainseq__dlpfc__M017
brainseq__dlpfc__M018                   SET      60    0.0058706   0.00034169      0.11229      0.47915 brainseq__dlpfc__M018
brainseq__dlpfc__M019                   SET      49    -0.043957   -0.0023128      0.11883      0.64427 brainseq__dlpfc__M019
brainseq__dlpfc__M020                   SET      60     0.036793    0.0021415      0.10877      0.36759 brainseq__dlpfc__M020
brainseq__dlpfc__M021                   SET      45      0.28151     0.014196      0.11869    0.0088557 brainseq__dlpfc__M021
brainseq__dlpfc__M022                   SET      48    -0.073206   -0.0038123      0.11846       0.7317 brainseq__dlpfc__M022
brainseq__dlpfc__M023                   SET      47     -0.13813   -0.0071184      0.13678      0.84372 brainseq__dlpfc__M023
brainseq__dlpfc__M024                   SET      45     -0.11448   -0.0057728      0.12967      0.81133 brainseq__dlpfc__M024
brainseq__dlpfc__M025                   SET      38    0.0050687   0.00023493      0.15302      0.48679 brainseq__dlpfc__M025
brainseq__dlpfc__M026                   SET      30       0.1049    0.0043209      0.15913      0.25489 brainseq__dlpfc__M026
brainseq__dlpfc__M027                   SET      33     0.061712    0.0026659      0.12561      0.31161 brainseq__dlpfc__M027
brainseq__dlpfc__M028                   SET      29      0.17366    0.0070332      0.15912      0.13757 brainseq__dlpfc__M028
brainseq__dlpfc__M029                   SET      34     0.023887    0.0010474      0.13703      0.43081 brainseq__dlpfc__M029
brainseq__dlpfc__M030                   SET      31      0.11089    0.0046429      0.16175      0.24651 brainseq__dlpfc__M030
brainseq__dlpfc__M031                   SET      32     -0.15243   -0.0064843      0.14114      0.85991 brainseq__dlpfc__M031
brainseq__dlpfc__M032                   SET      25     -0.16313    -0.006135      0.18178      0.81525 brainseq__dlpfc__M032
brainseq__dlpfc__M033                   SET      23     0.099159    0.0035771      0.17887      0.28967 brainseq__dlpfc__M033
brainseq__dlpfc__M034                   SET      28    -0.059557   -0.0023702      0.14329      0.66116 brainseq__dlpfc__M034
brainseq__dlpfc__M035                   SET      26     0.024535   0.00094096      0.16406      0.44056 brainseq__dlpfc__M035
brainseq__dlpfc__M036                   SET      23      0.12186     0.004396       0.1731      0.24072 brainseq__dlpfc__M036
brainseq__dlpfc__M037                   SET      18    -0.066123   -0.0021105      0.19728      0.63125 brainseq__dlpfc__M037
brainseq__dlpfc__M038                   SET      18      0.13089    0.0041775      0.19673      0.25294 brainseq__dlpfc__M038
brainseq__caudate_sczd__M000            SET      93    -0.050897   -0.0036847     0.090726       0.7126 brainseq__caudate_sczd__M000
brainseq__caudate_sczd__M001            SET     363     0.093926      0.01333     0.045457     0.019411 brainseq__caudate_sczd__M001
brainseq__caudate_sczd__M002            SET     284    -0.096667    -0.012163       0.0524      0.96746 brainseq__caudate_sczd__M002
brainseq__caudate_sczd__M003            SET      93      0.13655    0.0098856     0.084277     0.052597 brainseq__caudate_sczd__M003
brainseq__caudate_sczd__M004            SET     185     0.039254    0.0039976     0.059576      0.25499 brainseq__caudate_sczd__M004
brainseq__caudate_sczd__M005            SET     204      0.13884     0.014839     0.059866       0.0102 brainseq__caudate_sczd__M005
brainseq__caudate_sczd__M006            SET     147     0.076062    0.0069123     0.074237      0.15279 brainseq__caudate_sczd__M006
brainseq__caudate_sczd__M007            SET     168     0.038777     0.003765     0.066452      0.27977 brainseq__caudate_sczd__M007
brainseq__caudate_sczd__M008            SET     138     0.098573    0.0086818     0.074731     0.093588 brainseq__caudate_sczd__M008
brainseq__caudate_sczd__M009            SET     119    -0.008336  -0.00068215     0.080385       0.5413 brainseq__caudate_sczd__M009
brainseq__caudate_sczd__M010            SET      48      0.17206    0.0089603      0.11921     0.074474 brainseq__caudate_sczd__M010
brainseq__caudate_sczd__M011            SET      45     -0.27978    -0.014108      0.13498       0.9809 brainseq__caudate_sczd__M011
brainseq__caudate_sczd__M012            SET      47     -0.17136   -0.0088305      0.12943      0.90722 brainseq__caudate_sczd__M012
brainseq__caudate_sczd__M013            SET      41    -0.060778   -0.0029258      0.13615      0.67235 brainseq__caudate_sczd__M013
brainseq__caudate_sczd__M014            SET      25      0.31355     0.011792      0.17385      0.03566 brainseq__caudate_sczd__M014
brainseq__caudate_sczd__M015            SET      35     0.080995    0.0036031      0.16143      0.30793 brainseq__caudate_sczd__M015
brainseq__caudate_sczd__M016            SET      26      0.10265    0.0039368      0.16439      0.26617 brainseq__caudate_sczd__M016
brainseq__caudate_sczd__M017            SET      25      0.12725    0.0047856      0.14581      0.19141 brainseq__caudate_sczd__M017
brainseq__caudate_sczd__M018            SET      30      0.13533    0.0055743      0.15847      0.19657 brainseq__caudate_sczd__M018
brainseq__caudate_sczd__M020            SET       4    -0.074696   -0.0011243      0.34245      0.58633 brainseq__caudate_sczd__M020
brainseq__caudate_sczd__M021            SET      28     -0.15145   -0.0060274      0.16552       0.8199 brainseq__caudate_sczd__M021
brainseq__caudate_sczd__M022            SET      28     -0.36905    -0.014687      0.15646      0.99083 brainseq__caudate_sczd__M022
brainseq__caudate_sczd__M023            SET      23     0.023827   0.00085954      0.18242      0.44804 brainseq__caudate_sczd__M023
brainseq__caudate_sczd__M024            SET      22     0.079014    0.0027878       0.1701      0.32115 brainseq__caudate_sczd__M024
brainseq__caudate_sczd__M025            SET      22      0.51026     0.018003      0.18959    0.0035617 brainseq__caudate_sczd__M025
brainseq__caudate_sczd__M026            SET      22    -0.054756   -0.0019319      0.16982      0.62644 brainseq__caudate_sczd__M026
brainseq__caudate_sczd__M027            SET      20     -0.34233    -0.011517      0.17832      0.97255 brainseq__caudate_sczd__M027
brainseq__caudate_sczd__M028            SET      17    -0.051751   -0.0016053      0.19572      0.60427 brainseq__caudate_sczd__M028
brainseq__caudate_sczd__M029            SET      19    -0.021074  -0.00069105      0.21631      0.53881 brainseq__caudate_sczd__M029
