# TOTAL_GENES = 17652
# TEST_DIRECTION = one-sided, positive (set), two-sided (covar)
# CONDITIONED_INTERNAL = gene size, gene density, inverse mac, log(gene size), log(gene density), log(inverse mac)
VARIABLE                               TYPE  NGENES         BETA     BETA_STD           SE            P FULL_NAME
gtex__amygdala__M000                    SET   12221     0.037557     0.017334     0.015362    0.0072526 gtex__amygdala__M000
gtex__amygdala__M001                    SET     428    -0.083212    -0.012799     0.044264      0.96993 gtex__amygdala__M001
gtex__amygdala__M002                    SET     448   -0.0075902   -0.0011938     0.043348       0.5695 gtex__amygdala__M002
gtex__amygdala__M003                    SET     285      0.03975      0.00501     0.051948      0.22209 gtex__amygdala__M003
gtex__amygdala__M004                    SET     181      0.13417     0.013516     0.068156     0.024513 gtex__amygdala__M004
gtex__amygdala__M006                    SET      95    -0.068754   -0.0050304     0.093223      0.76959 gtex__amygdala__M006
gtex__amygdala__M005                    SET      64      0.23686     0.014237      0.10784     0.014042 gtex__amygdala__M005
gtex__anterior_cingulate_cor...1        SET   11500      0.04705      0.02242     0.014708   0.00069117 gtex__anterior_cingulate_cortex_ba24__M000
gtex__anterior_cingulate_cor...4        SET     240     0.001183     0.000137      0.05746      0.49179 gtex__anterior_cingulate_cortex_ba24__M003
gtex__anterior_cingulate_cor...3        SET     428    -0.037957   -0.0058385     0.043872      0.80653 gtex__anterior_cingulate_cortex_ba24__M002
gtex__anterior_cingulate_cor...2        SET     846   -0.0094787   -0.0020248     0.031637      0.61776 gtex__anterior_cingulate_cortex_ba24__M001
gtex__anterior_cingulate_cor...7        SET     119    -0.074088   -0.0060627     0.077728      0.82974 gtex__anterior_cingulate_cortex_ba24__M006
gtex__anterior_cingulate_cor...5        SET     256    -0.045577   -0.0054488     0.056724      0.78915 gtex__anterior_cingulate_cortex_ba24__M004
gtex__anterior_cingulate_cor...6        SET     191     0.020187    0.0020885     0.066959      0.38152 gtex__anterior_cingulate_cortex_ba24__M005
gtex__caudate_basal_ganglia_...1        SET   10722     0.053058      0.02591     0.014242   9.7793e-05 gtex__caudate_basal_ganglia__M000
gtex__caudate_basal_ganglia_...2        SET    1190    -0.050572    -0.012681     0.026462        0.972 gtex__caudate_basal_ganglia__M001
gtex__caudate_basal_ganglia_...5        SET     398    -0.018205   -0.0027027     0.045069      0.65687 gtex__caudate_basal_ganglia__M004
gtex__caudate_basal_ganglia_...4        SET     495    -0.020778   -0.0034305     0.041668      0.69099 gtex__caudate_basal_ganglia__M003
gtex__caudate_basal_ganglia_...6        SET     240     0.067121    0.0077733     0.060156      0.13227 gtex__caudate_basal_ganglia__M005
gtex__caudate_basal_ganglia_...3        SET     682    -0.015007   -0.0028924     0.035422       0.6641 gtex__caudate_basal_ganglia__M002
gtex__cerebellar_hemisphere_...1        SET   10408     0.065845      0.03239     0.014459   2.6501e-06 gtex__cerebellar_hemisphere__M000
gtex__cerebellar_hemisphere_...3        SET     586    -0.026985   -0.0048346     0.040031      0.74987 gtex__cerebellar_hemisphere__M002
gtex__cerebellar_hemisphere_...2        SET     902    -0.030999   -0.0068262     0.031443       0.8379 gtex__cerebellar_hemisphere__M001
gtex__cerebellar_hemisphere_...10       SET     154     0.094383    0.0087774     0.077898      0.11284 gtex__cerebellar_hemisphere__M009
gtex__cerebellar_hemisphere_...5        SET      77      -0.1089   -0.0071771     0.093093      0.87895 gtex__cerebellar_hemisphere__M004
gtex__cerebellar_hemisphere_...8        SET     123     -0.17725    -0.014744      0.07445      0.99136 gtex__cerebellar_hemisphere__M007
gtex__cerebellar_hemisphere_...4        SET     229     0.047471    0.0053718     0.054099      0.19012 gtex__cerebellar_hemisphere__M003
gtex__cerebellar_hemisphere_...9        SET     186    -0.059463   -0.0060718     0.065896      0.81656 gtex__cerebellar_hemisphere__M008
gtex__cerebellar_hemisphere_...7        SET     242    -0.051558   -0.0059955     0.058215      0.81209 gtex__cerebellar_hemisphere__M006
gtex__cerebellar_hemisphere_...6        SET     274    -0.049091   -0.0060687     0.056763      0.80643 gtex__cerebellar_hemisphere__M005
gtex__cerebellar_hemisphere_...11       SET      65     0.022968    0.0013912      0.11049      0.41767 gtex__cerebellar_hemisphere__M010
gtex__cerebellum__M000                  SET    9929     0.053286     0.026435     0.014089   7.8015e-05 gtex__cerebellum__M000
gtex__cerebellum__M001                  SET     882    -0.054916    -0.011965     0.031575      0.95899 gtex__cerebellum__M001
gtex__cerebellum__M003                  SET     278     0.018386    0.0022892     0.046964      0.34772 gtex__cerebellum__M003
gtex__cerebellum__M004                  SET     336  -1.3296e-05   -1.817e-06     0.050004      0.50011 gtex__cerebellum__M004
gtex__cerebellum__M005                  SET     371    -0.061016   -0.0087525     0.050371      0.88711 gtex__cerebellum__M005
gtex__cerebellum__M009                  SET     110     0.038126    0.0030004     0.081661       0.3203 gtex__cerebellum__M009
gtex__cerebellum__M007                  SET     112     -0.15151    -0.012031     0.075787       0.9772 gtex__cerebellum__M007
gtex__cerebellum__M006                  SET     255     0.026394    0.0031495     0.055681      0.31774 gtex__cerebellum__M006
gtex__cerebellum__M002                  SET     563     0.023376    0.0041078     0.040545      0.28212 gtex__cerebellum__M002
gtex__cerebellum__M010                  SET      94     0.010771   0.00078395     0.094668      0.45471 gtex__cerebellum__M010
gtex__cerebellum__M008                  SET     147    -0.027936   -0.0025388     0.074535      0.64609 gtex__cerebellum__M008
gtex__cerebellum__M014                  SET      47      0.14112    0.0072723      0.12448      0.12848 gtex__cerebellum__M014
gtex__cerebellum__M012                  SET      71     0.018202    0.0011521      0.10807      0.43312 gtex__cerebellum__M012
gtex__cerebellum__M013                  SET      41    0.0024152   0.00011626      0.14414      0.49332 gtex__cerebellum__M013
gtex__cerebellum__M011                  SET      63      0.18434     0.010993      0.09681     0.028453 gtex__cerebellum__M011
gtex__cortex__M000                      SET   10413      0.06259     0.030786     0.014077   4.3949e-06 gtex__cortex__M000
gtex__cortex__M005                      SET     255    -0.051426   -0.0061363     0.057761      0.81335 gtex__cortex__M005
gtex__cortex__M003                      SET     645    -0.031809   -0.0059685     0.036062      0.81113 gtex__cortex__M003
gtex__cortex__M008                      SET     135   -0.0022257   -0.0001939     0.074195      0.51197 gtex__cortex__M008
gtex__cortex__M010                      SET      53    -0.090348   -0.0049433      0.12503      0.76503 gtex__cortex__M010
gtex__cortex__M004                      SET     445    -0.060075   -0.0094176     0.044737      0.91033 gtex__cortex__M004
gtex__cortex__M002                      SET     517   -0.0076898   -0.0012966     0.038947      0.57826 gtex__cortex__M002
gtex__cortex__M009                      SET      69     -0.15364   -0.0095875      0.10656      0.92533 gtex__cortex__M009
gtex__cortex__M001                      SET     805     -0.01473   -0.0030731     0.032709      0.67376 gtex__cortex__M001
gtex__cortex__M006                      SET     179    -0.060948   -0.0061065     0.071888      0.80172 gtex__cortex__M006
gtex__cortex__M007                      SET     173    -0.050989   -0.0050231     0.059554      0.80404 gtex__cortex__M007
gtex__frontal_cortex_ba9__M0...1        SET   10478     0.059946     0.029444     0.013969   8.9292e-06 gtex__frontal_cortex_ba9__M000
gtex__frontal_cortex_ba9__M0...3        SET     602     -0.01331   -0.0024158     0.036429      0.64258 gtex__frontal_cortex_ba9__M002
gtex__frontal_cortex_ba9__M0...2        SET    1370    -0.030472   -0.0081533     0.024752      0.89085 gtex__frontal_cortex_ba9__M001
gtex__frontal_cortex_ba9__M0...6        SET     193    -0.081913   -0.0085185     0.057113      0.92424 gtex__frontal_cortex_ba9__M005
gtex__frontal_cortex_ba9__M0...4        SET     540    -0.026773   -0.0046107     0.039805       0.7494 gtex__frontal_cortex_ba9__M003
gtex__frontal_cortex_ba9__M0...5        SET     251    -0.082826   -0.0098064     0.058823      0.92043 gtex__frontal_cortex_ba9__M004
gtex__frontal_cortex_ba9__M0...7        SET     169     0.081244    0.0079115     0.072696      0.13188 gtex__frontal_cortex_ba9__M006
gtex__hippocampus__M000                 SET   12069     0.042325     0.019683     0.015107    0.0025449 gtex__hippocampus__M000
gtex__hippocampus__M001                 SET    1085    -0.026957   -0.0064747     0.028054      0.83168 gtex__hippocampus__M001
gtex__hippocampus__M002                 SET     527     0.020341    0.0034619     0.038596      0.29909 gtex__hippocampus__M002
gtex__hippocampus__M003                 SET      94     -0.03656   -0.0026609      0.10137      0.64082 gtex__hippocampus__M003
gtex__hypothalamus__M000                SET   10996     0.041074     0.019907     0.014214    0.0019302 gtex__hypothalamus__M000
gtex__hypothalamus__M003                SET     407    -0.045073   -0.0067649     0.045037      0.84153 gtex__hypothalamus__M003
gtex__hypothalamus__M001                SET    1446   -0.0061527   -0.0016873     0.024021      0.60108 gtex__hypothalamus__M001
gtex__hypothalamus__M004                SET     353     0.010157    0.0014219     0.047123      0.41468 gtex__hypothalamus__M004
gtex__hypothalamus__M002                SET     542    -0.026518   -0.0045749     0.038742      0.75316 gtex__hypothalamus__M002
gtex__hypothalamus__M005                SET     247     0.056253    0.0066077     0.059485      0.17217 gtex__hypothalamus__M005
gtex__nucleus_accumbens_basa...1        SET   11877     0.042884     0.020121     0.015101    0.0022599 gtex__nucleus_accumbens_basal_ganglia__M000
gtex__nucleus_accumbens_basa...3        SET     356    -0.026798   -0.0037672     0.048441      0.70994 gtex__nucleus_accumbens_basal_ganglia__M002
gtex__nucleus_accumbens_basa...2        SET     485    -0.046361   -0.0075786     0.041263      0.86939 gtex__nucleus_accumbens_basal_ganglia__M001
gtex__nucleus_accumbens_basa...7        SET     187   -0.0059929  -0.00061357     0.064228      0.53717 gtex__nucleus_accumbens_basal_ganglia__M006
gtex__nucleus_accumbens_basa...5        SET     232     0.098121     0.011175     0.061081     0.054101 gtex__nucleus_accumbens_basal_ganglia__M004
gtex__nucleus_accumbens_basa...6        SET     209    -0.040129   -0.0043407     0.066368      0.72729 gtex__nucleus_accumbens_basal_ganglia__M005
gtex__nucleus_accumbens_basa...4        SET     360    -0.047754     -0.00675     0.047433      0.84297 gtex__nucleus_accumbens_basal_ganglia__M003
gtex__putamen_basal_ganglia_...1        SET   11358     0.047605     0.022803      0.01475   0.00062578 gtex__putamen_basal_ganglia__M000
gtex__putamen_basal_ganglia_...7        SET      65    -0.076387   -0.0046269      0.11012      0.75605 gtex__putamen_basal_ganglia__M006
gtex__putamen_basal_ganglia_...2        SET    1134   -0.0080135   -0.0019648     0.027896      0.61304 gtex__putamen_basal_ganglia__M001
gtex__putamen_basal_ganglia_...5        SET     255     0.061647    0.0073559     0.058021      0.14401 gtex__putamen_basal_ganglia__M004
gtex__putamen_basal_ganglia_...4        SET     269     -0.08941    -0.010953      0.05533      0.94694 gtex__putamen_basal_ganglia__M003
gtex__putamen_basal_ganglia_...3        SET     429     -0.10653    -0.016405     0.044109      0.99213 gtex__putamen_basal_ganglia__M002
gtex__putamen_basal_ganglia_...6        SET      53      0.19907     0.010892       0.1185     0.046493 gtex__putamen_basal_ganglia__M005
gtex__spinal_cord_cervical_c...1        SET   10651     0.036292     0.017754     0.014185    0.0052608 gtex__spinal_cord_cervical_c_1__M000
gtex__spinal_cord_cervical_c...2        SET     994    -0.056829    -0.013101     0.028856      0.97554 gtex__spinal_cord_cervical_c_1__M001
gtex__spinal_cord_cervical_c...4        SET     617    -0.024904   -0.0045741     0.038025      0.74374 gtex__spinal_cord_cervical_c_1__M003
gtex__spinal_cord_cervical_c...3        SET    1032     0.034074    0.0079945     0.029449      0.12363 gtex__spinal_cord_cervical_c_1__M002
gtex__spinal_cord_cervical_c...6        SET     131      0.05299    0.0045481     0.072394       0.2321 gtex__spinal_cord_cervical_c_1__M005
gtex__spinal_cord_cervical_c...5        SET     282    -0.019534   -0.0024493     0.053097      0.64352 gtex__spinal_cord_cervical_c_1__M004
gtex__spinal_cord_cervical_c...7        SET      77     -0.08655    -0.005704      0.10544      0.79412 gtex__spinal_cord_cervical_c_1__M006
gtex__substantia_nigra__M000            SET    8420     0.032769     0.016368     0.013567    0.0078656 gtex__substantia_nigra__M000
gtex__substantia_nigra__M004            SET     536    -0.066468    -0.011405     0.039169      0.95514 gtex__substantia_nigra__M004
gtex__substantia_nigra__M001            SET    2615     0.026608    0.0094526     0.018837     0.078904 gtex__substantia_nigra__M001
gtex__substantia_nigra__M002            SET     970    -0.042092   -0.0095925     0.029274      0.92476 gtex__substantia_nigra__M002
gtex__substantia_nigra__M003            SET     788    -0.048885    -0.010096      0.03367      0.92672 gtex__substantia_nigra__M003
gtex__substantia_nigra__M007            SET     125     0.071156    0.0059668     0.079532      0.18548 gtex__substantia_nigra__M007
gtex__substantia_nigra__M005            SET     134    -0.085651   -0.0074344     0.082073      0.85165 gtex__substantia_nigra__M005
gtex__substantia_nigra__M006            SET      79    -0.045258    -0.003021     0.097138      0.67936 gtex__substantia_nigra__M006
brainseq__caudate__M000                 SET    3155   -0.0098981   -0.0037923     0.016655      0.72384 brainseq__caudate__M000
brainseq__caudate__M015                 SET       8   -0.0039362   -8.378e-05      0.34528      0.50455 brainseq__caudate__M015
brainseq__caudate__M002                 SET    1056     0.019381    0.0045964     0.027447      0.24007 brainseq__caudate__M002
brainseq__caudate__M004                 SET    1192      0.09042      0.02269     0.026724   0.00035864 brainseq__caudate__M004
brainseq__caudate__M005                 SET     556   -0.0054738  -0.00095607     0.038278      0.55685 brainseq__caudate__M005
brainseq__caudate__M013                 SET     149     -0.11052    -0.010112     0.061824      0.96308 brainseq__caudate__M013
brainseq__caudate__M014                 SET     136    -0.016359   -0.0014304     0.071586      0.59038 brainseq__caudate__M014
brainseq__caudate__M001                 SET    2539     0.040457     0.014198     0.018172        0.013 brainseq__caudate__M001
brainseq__caudate__M003                 SET    1280   -0.0068962   -0.0017885     0.025343      0.60723 brainseq__caudate__M003
brainseq__caudate__M019                 SET      72    -0.028574   -0.0018212     0.093088      0.62056 brainseq__caudate__M019
brainseq__caudate__M008                 SET     264    -0.064641    -0.007846     0.055643      0.87731 brainseq__caudate__M008
brainseq__caudate__M016                 SET     103     0.043033    0.0032777     0.088507      0.31341 brainseq__caudate__M016
brainseq__caudate__M009                 SET     299     -0.06115   -0.0078912     0.048358      0.89697 brainseq__caudate__M009
brainseq__caudate__M007                 SET     312     0.041833    0.0055124     0.048559      0.19449 brainseq__caudate__M007
brainseq__caudate__M018                 SET      55      0.32999     0.018392      0.10638   0.00096297 brainseq__caudate__M018
brainseq__caudate__M011                 SET     240    -0.056547   -0.0065487      0.05904      0.83091 brainseq__caudate__M011
brainseq__caudate__M010                 SET     248     0.046121    0.0054284      0.05815      0.21385 brainseq__caudate__M010
brainseq__caudate__M006                 SET     548      0.02224    0.0038573      0.03705      0.27417 brainseq__caudate__M006
brainseq__caudate__M017                 SET      81     0.042729    0.0028879     0.092283      0.32168 brainseq__caudate__M017
brainseq__caudate__M012                 SET     166     -0.12028    -0.011609     0.073368      0.94943 brainseq__caudate__M012
brainseq__hippocampus__M000             SET   10070     0.043527     0.021547     0.013845   0.00083527 brainseq__hippocampus__M000
brainseq__hippocampus__M008             SET     147    -0.048202   -0.0043805     0.077891      0.73199 brainseq__hippocampus__M008
brainseq__hippocampus__M001             SET     883    -0.023679   -0.0051619     0.032245      0.76862 brainseq__hippocampus__M001
brainseq__hippocampus__M002             SET    1031    -0.044375    -0.010407     0.028845      0.93802 brainseq__hippocampus__M002
brainseq__hippocampus__M004             SET     462    -0.048403   -0.0077277     0.041142      0.88029 brainseq__hippocampus__M004
brainseq__hippocampus__M003             SET     444     0.055893    0.0087526     0.044813      0.10616 brainseq__hippocampus__M003
brainseq__hippocampus__M006             SET     264    -0.011178   -0.0013568     0.055188      0.58026 brainseq__hippocampus__M006
brainseq__hippocampus__M005             SET     201       -0.123    -0.013051     0.064485      0.97176 brainseq__hippocampus__M005
brainseq__hippocampus__M007             SET     108    -0.044228    -0.003449     0.095381      0.67856 brainseq__hippocampus__M007
brainseq__dlpfc__M002                   SET    1312     0.039743     0.010425     0.024404     0.051713 brainseq__dlpfc__M002
brainseq__dlpfc__M000                   SET     851    0.0050094    0.0010731     0.030234       0.4342 brainseq__dlpfc__M000
brainseq__dlpfc__M005                   SET    1049   -0.0002529  -5.9794e-05     0.026295      0.50384 brainseq__dlpfc__M005
brainseq__dlpfc__M014                   SET     252     0.090241     0.010705     0.060012     0.066338 brainseq__dlpfc__M014
brainseq__dlpfc__M004                   SET    1174    -0.018716   -0.0046637     0.026553      0.75955 brainseq__dlpfc__M004
brainseq__dlpfc__M011                   SET     416   0.00095717    0.0001452     0.043428      0.49121 brainseq__dlpfc__M011
brainseq__dlpfc__M008                   SET     606    0.0052007   0.00094695     0.032246      0.43594 brainseq__dlpfc__M008
brainseq__dlpfc__M006                   SET    1133     0.029264    0.0071722     0.025998      0.13017 brainseq__dlpfc__M006
brainseq__dlpfc__M010                   SET     504   -0.0085005   -0.0014157     0.039862      0.58443 brainseq__dlpfc__M010
brainseq__dlpfc__M009                   SET     237    -0.030603   -0.0035222      0.05562      0.70891 brainseq__dlpfc__M009
brainseq__dlpfc__M015                   SET     344     0.017329    0.0023955     0.041156      0.33686 brainseq__dlpfc__M015
brainseq__dlpfc__M001                   SET    1663      0.02096    0.0061231     0.022439      0.17514 brainseq__dlpfc__M001
brainseq__dlpfc__M003                   SET    1210     0.047557     0.012017     0.028141     0.045525 brainseq__dlpfc__M003
brainseq__dlpfc__M012                   SET     377     -0.13425    -0.019409     0.047613      0.99759 brainseq__dlpfc__M012
brainseq__dlpfc__M016                   SET     275    -0.016839   -0.0020854     0.049242      0.63381 brainseq__dlpfc__M016
brainseq__dlpfc__M018                   SET     136     0.011035   0.00096485     0.070387      0.43771 brainseq__dlpfc__M018
brainseq__dlpfc__M013                   SET     329    -0.081031    -0.010959     0.049751       0.9483 brainseq__dlpfc__M013
brainseq__dlpfc__M007                   SET     648     0.016514    0.0031056     0.034379      0.31549 brainseq__dlpfc__M007
brainseq__dlpfc__M020                   SET      61     0.075714    0.0044433      0.10515      0.23575 brainseq__dlpfc__M020
brainseq__dlpfc__M017                   SET     136    -0.014904   -0.0013032     0.073974      0.57983 brainseq__dlpfc__M017
brainseq__dlpfc__M019                   SET      62       0.1338    0.0079159      0.11171      0.11552 brainseq__dlpfc__M019
brainseq__dlpfc__M021                   SET     104     -0.11657   -0.0089218     0.097113        0.885 brainseq__dlpfc__M021
brainseq__caudate_sczd__M002            SET    1754    0.0084737     0.002535     0.020947      0.34291 brainseq__caudate_sczd__M002
brainseq__caudate_sczd__M000            SET    1948     0.026638    0.0083469     0.020192     0.093553 brainseq__caudate_sczd__M000
brainseq__caudate_sczd__M009            SET     269     0.033298    0.0040792     0.056217      0.27682 brainseq__caudate_sczd__M009
brainseq__caudate_sczd__M017            SET      13      0.19687    0.0053408      0.22025      0.18571 brainseq__caudate_sczd__M017
brainseq__caudate_sczd__M004            SET     973     0.026009    0.0059358     0.028514      0.18086 brainseq__caudate_sczd__M004
brainseq__caudate_sczd__M003            SET    1120   -0.0053874   -0.0013133     0.026553      0.58039 brainseq__caudate_sczd__M003
brainseq__caudate_sczd__M006            SET     525     -0.00107  -0.00018177     0.039241      0.51088 brainseq__caudate_sczd__M006
brainseq__caudate_sczd__M016            SET     176    -0.025479   -0.0025315     0.058702      0.66787 brainseq__caudate_sczd__M016
brainseq__caudate_sczd__M018            SET     128    -0.054476   -0.0046222      0.06976      0.78257 brainseq__caudate_sczd__M018
brainseq__caudate_sczd__M001            SET    2503     0.051569      0.01799      0.01847    0.0026212 brainseq__caudate_sczd__M001
brainseq__caudate_sczd__M020            SET     115     0.046251    0.0037211     0.071828      0.25982 brainseq__caudate_sczd__M020
brainseq__caudate_sczd__M011            SET     195   0.00023994    2.508e-05     0.064797      0.49852 brainseq__caudate_sczd__M011
brainseq__caudate_sczd__M012            SET     192    -0.090815     -0.00942     0.065285      0.91789 brainseq__caudate_sczd__M012
brainseq__caudate_sczd__M007            SET     492    -0.078114    -0.012858     0.040316      0.97365 brainseq__caudate_sczd__M007
brainseq__caudate_sczd__M008            SET     375    -0.055822   -0.0080496     0.044577      0.89475 brainseq__caudate_sczd__M008
brainseq__caudate_sczd__M014            SET     202   -0.0014313  -0.00015224      0.06301      0.50906 brainseq__caudate_sczd__M014
brainseq__caudate_sczd__M019            SET     127     -0.10329     -0.00873     0.078404      0.90614 brainseq__caudate_sczd__M019
brainseq__caudate_sczd__M015            SET     179      0.13358     0.013383     0.054916    0.0075047 brainseq__caudate_sczd__M015
brainseq__caudate_sczd__M010            SET     240      -0.1206    -0.013967     0.059852      0.97804 brainseq__caudate_sczd__M010
brainseq__caudate_sczd__M005            SET    1227     0.018423    0.0046854     0.025753       0.2372 brainseq__caudate_sczd__M005
brainseq__caudate_sczd__M013            SET     160    -0.043608    -0.004133     0.064821      0.74944 brainseq__caudate_sczd__M013
brainseq__caudate_sczd__M021            SET     113  -3.8659e-06  -3.0832e-07     0.088894      0.50002 brainseq__caudate_sczd__M021
