# TOTAL_GENES = 17860
# TEST_DIRECTION = one-sided, positive (set), two-sided (covar)
# CONDITIONED_INTERNAL = gene size, gene density, sample size, inverse mac, log(gene size), log(gene density), log(sample size), log(inverse mac)
VARIABLE                               TYPE  NGENES         BETA     BETA_STD           SE            P FULL_NAME
gtex__amygdala__M000                    SET     564      0.14766     0.025822     0.041424   0.00018274 gtex__amygdala__M000
gtex__amygdala__M001                    SET     454     0.082123     0.012926     0.045783     0.036435 gtex__amygdala__M001
gtex__amygdala__M002                    SET     362    -0.027905   -0.0039324     0.048083      0.71915 gtex__amygdala__M002
gtex__amygdala__M003                    SET     242     0.048558    0.0056141     0.061875       0.2163 gtex__amygdala__M003
gtex__amygdala__M004                    SET     228     0.035624    0.0039994     0.058741      0.27211 gtex__amygdala__M004
gtex__amygdala__M005                    SET     266      0.10281     0.012453      0.05712      0.03595 gtex__amygdala__M005
gtex__amygdala__M006                    SET     188     -0.14068    -0.014358      0.07348      0.97222 gtex__amygdala__M006
gtex__amygdala__M007                    SET     153     0.070294    0.0064784     0.071788      0.16375 gtex__amygdala__M007
gtex__amygdala__M008                    SET     135     -0.12463    -0.010795     0.089655      0.91774 gtex__amygdala__M008
gtex__amygdala__M009                    SET     118    -0.039068   -0.0031651     0.085881      0.67541 gtex__amygdala__M009
gtex__amygdala__M010                    SET     117     0.030473    0.0024584     0.092734      0.37123 gtex__amygdala__M010
gtex__amygdala__M011                    SET      92     0.051452    0.0036834     0.093323      0.29071 gtex__amygdala__M011
gtex__amygdala__M012                    SET      95       0.1975     0.014366     0.099868     0.023997 gtex__amygdala__M012
gtex__amygdala__M013                    SET      61      0.13876    0.0080956      0.13068      0.14418 gtex__amygdala__M013
gtex__amygdala__M014                    SET      57      0.02625    0.0014806       0.1101      0.40578 gtex__amygdala__M014
gtex__amygdala__M015                    SET      49      0.10164    0.0053165      0.14476      0.24131 gtex__amygdala__M015
gtex__amygdala__M016                    SET      29     -0.14048   -0.0056564      0.18639      0.77448 gtex__amygdala__M016
gtex__amygdala__M017                    SET      37      0.08353    0.0037981       0.1392      0.27424 gtex__amygdala__M017
gtex__amygdala__M018                    SET      31      0.20023    0.0083348       0.1614      0.10739 gtex__amygdala__M018
gtex__amygdala__M019                    SET      29      0.25365     0.010213      0.16654     0.063875 gtex__amygdala__M019
gtex__amygdala__M020                    SET      29     0.079919    0.0032179      0.17001      0.31915 gtex__amygdala__M020
gtex__amygdala__M021                    SET      28     -0.16062    -0.006355      0.17521      0.82035 gtex__amygdala__M021
gtex__amygdala__M022                    SET      20     0.065945    0.0022056      0.20675      0.37488 gtex__amygdala__M022
gtex__amygdala__M023                    SET      21      0.34245     0.011736       0.2094     0.050993 gtex__amygdala__M023
gtex__amygdala__M024                    SET      19     0.029736    0.0009694      0.21272      0.44441 gtex__amygdala__M024
gtex__amygdala__M025                    SET      10      0.67013     0.015853      0.30656     0.014417 gtex__amygdala__M025
gtex__amygdala__M026                    SET      16      0.19769    0.0059146      0.25227      0.21663 gtex__amygdala__M026
gtex__amygdala__M027                    SET      13      0.45797     0.012352      0.29483      0.06018 gtex__amygdala__M027
gtex__amygdala__M028                    SET      15      0.23063    0.0066812      0.25466      0.18257 gtex__amygdala__M028
gtex__anterior_cingulate_cor...1        SET     475   -0.0050391   -0.0008108     0.043826      0.54577 gtex__anterior_cingulate_cortex_ba24__M000
gtex__anterior_cingulate_cor...2        SET     378     -0.10725    -0.015438     0.050943      0.98236 gtex__anterior_cingulate_cortex_ba24__M001
gtex__anterior_cingulate_cor...3        SET     269     0.040729    0.0049608     0.061354       0.2534 gtex__anterior_cingulate_cortex_ba24__M002
gtex__anterior_cingulate_cor...4        SET     338     0.098757     0.013457     0.052521     0.030041 gtex__anterior_cingulate_cortex_ba24__M003
gtex__anterior_cingulate_cor...5        SET     255     0.060269    0.0071501     0.057642      0.14789 gtex__anterior_cingulate_cortex_ba24__M004
gtex__anterior_cingulate_cor...6        SET     226   0.00061949   6.9246e-05     0.062865      0.49607 gtex__anterior_cingulate_cortex_ba24__M005
gtex__anterior_cingulate_cor...7        SET     219    -0.079795   -0.0087819     0.064271      0.89279 gtex__anterior_cingulate_cortex_ba24__M006
gtex__anterior_cingulate_cor...8        SET     152    -0.040467   -0.0037174     0.075485      0.70405 gtex__anterior_cingulate_cortex_ba24__M007
gtex__anterior_cingulate_cor...9        SET     184      0.10463     0.010566     0.068671     0.063806 gtex__anterior_cingulate_cortex_ba24__M008
gtex__anterior_cingulate_cor...10       SET     209     0.016356     0.001759     0.066175      0.40239 gtex__anterior_cingulate_cortex_ba24__M009
gtex__anterior_cingulate_cor...11       SET     174     0.037949    0.0037275     0.066382      0.28378 gtex__anterior_cingulate_cortex_ba24__M010
gtex__anterior_cingulate_cor...12       SET     141      0.03694    0.0032693     0.080058      0.32225 gtex__anterior_cingulate_cortex_ba24__M011
gtex__anterior_cingulate_cor...13       SET     141    -0.044381   -0.0039279      0.07436      0.72469 gtex__anterior_cingulate_cortex_ba24__M012
gtex__anterior_cingulate_cor...14       SET     140      0.22504     0.019846     0.075951    0.0015257 gtex__anterior_cingulate_cortex_ba24__M013
gtex__anterior_cingulate_cor...15       SET     121     0.046251    0.0037941     0.087955       0.2995 gtex__anterior_cingulate_cortex_ba24__M014
gtex__anterior_cingulate_cor...16       SET      91      -0.0968   -0.0068922      0.10512      0.82144 gtex__anterior_cingulate_cortex_ba24__M015
gtex__anterior_cingulate_cor...17       SET     120      0.27333      0.02233      0.08525   0.00067379 gtex__anterior_cingulate_cortex_ba24__M016
gtex__anterior_cingulate_cor...18       SET      97    -0.074942    -0.005508     0.094993      0.78491 gtex__anterior_cingulate_cortex_ba24__M017
gtex__anterior_cingulate_cor...19       SET     102      0.16968     0.012787     0.088969     0.028256 gtex__anterior_cingulate_cortex_ba24__M018
gtex__anterior_cingulate_cor...20       SET      74       0.1101    0.0070728      0.10706      0.15188 gtex__anterior_cingulate_cortex_ba24__M019
gtex__anterior_cingulate_cor...21       SET      58     -0.12952    -0.007369      0.12292      0.85397 gtex__anterior_cingulate_cortex_ba24__M020
gtex__anterior_cingulate_cor...22       SET      71      0.13305    0.0083726      0.12995      0.15296 gtex__anterior_cingulate_cortex_ba24__M021
gtex__anterior_cingulate_cor...23       SET      66    0.0054156   0.00032862      0.11762      0.48164 gtex__anterior_cingulate_cortex_ba24__M022
gtex__anterior_cingulate_cor...24       SET      50      0.19224     0.010158      0.12023     0.054922 gtex__anterior_cingulate_cortex_ba24__M023
gtex__anterior_cingulate_cor...25       SET      57      0.20229      0.01141      0.14041     0.074845 gtex__anterior_cingulate_cortex_ba24__M024
gtex__anterior_cingulate_cor...26       SET      46     -0.17288   -0.0087625      0.13968      0.89207 gtex__anterior_cingulate_cortex_ba24__M025
gtex__anterior_cingulate_cor...27       SET      53    -0.050497   -0.0027468       0.1256      0.65617 gtex__anterior_cingulate_cortex_ba24__M026
gtex__anterior_cingulate_cor...28       SET      47       0.2286     0.011712      0.12399     0.032623 gtex__anterior_cingulate_cortex_ba24__M027
gtex__anterior_cingulate_cor...29       SET      30      0.18416    0.0075417      0.15333      0.11487 gtex__anterior_cingulate_cortex_ba24__M028
gtex__anterior_cingulate_cor...30       SET      31      0.31028     0.012916      0.18415     0.046007 gtex__anterior_cingulate_cortex_ba24__M029
gtex__anterior_cingulate_cor...31       SET      28    -0.024812  -0.00098168      0.16954      0.55818 gtex__anterior_cingulate_cortex_ba24__M030
gtex__anterior_cingulate_cor...32       SET      25      0.23183    0.0086678      0.20427      0.12821 gtex__anterior_cingulate_cortex_ba24__M031
gtex__anterior_cingulate_cor...33       SET      18     -0.16713   -0.0053031      0.20751      0.78969 gtex__anterior_cingulate_cortex_ba24__M032
gtex__anterior_cingulate_cor...34       SET      14      0.46504     0.013015      0.28773     0.053029 gtex__anterior_cingulate_cortex_ba24__M033
gtex__anterior_cingulate_cor...35       SET      16     -0.19618   -0.0058695       0.2015      0.83487 gtex__anterior_cingulate_cortex_ba24__M034
gtex__caudate_basal_ganglia_...1        SET     743    0.0083501    0.0016674     0.035961      0.40819 gtex__caudate_basal_ganglia__M000
gtex__caudate_basal_ganglia_...2        SET     393     0.080717     0.011841     0.048052     0.046509 gtex__caudate_basal_ganglia__M001
gtex__caudate_basal_ganglia_...3        SET     299    -0.084229    -0.010807     0.059301      0.92224 gtex__caudate_basal_ganglia__M002
gtex__caudate_basal_ganglia_...4        SET     309     0.064125    0.0083615     0.053977      0.11742 gtex__caudate_basal_ganglia__M003
gtex__caudate_basal_ganglia_...5        SET     298     0.088166     0.011293     0.055674      0.05665 gtex__caudate_basal_ganglia__M004
gtex__caudate_basal_ganglia_...6        SET     190      0.13124     0.013464      0.06941     0.029339 gtex__caudate_basal_ganglia__M005
gtex__caudate_basal_ganglia_...7        SET     151        0.086    0.0078744     0.083711      0.15214 gtex__caudate_basal_ganglia__M006
gtex__caudate_basal_ganglia_...8        SET     242     0.063322     0.007321     0.058306      0.13874 gtex__caudate_basal_ganglia__M007
gtex__caudate_basal_ganglia_...9        SET     151    -0.055057   -0.0050412     0.077298      0.76185 gtex__caudate_basal_ganglia__M008
gtex__caudate_basal_ganglia_...10       SET     168     -0.19367    -0.018696     0.078939      0.99292 gtex__caudate_basal_ganglia__M009
gtex__caudate_basal_ganglia_...11       SET     144     0.030421    0.0027206     0.076901      0.34621 gtex__caudate_basal_ganglia__M010
gtex__caudate_basal_ganglia_...12       SET     139     0.033727    0.0029639      0.08809      0.35091 gtex__caudate_basal_ganglia__M011
gtex__caudate_basal_ganglia_...13       SET     122      0.07542    0.0062122     0.085595      0.18913 gtex__caudate_basal_ganglia__M012
gtex__caudate_basal_ganglia_...14       SET     128      0.10998    0.0092773     0.079893     0.084332 gtex__caudate_basal_ganglia__M013
gtex__caudate_basal_ganglia_...15       SET     108    0.0091258   0.00070751     0.085389      0.45745 gtex__caudate_basal_ganglia__M014
gtex__caudate_basal_ganglia_...16       SET      99     0.099267    0.0073704     0.095246      0.14866 gtex__caudate_basal_ganglia__M015
gtex__caudate_basal_ganglia_...17       SET     116   -0.0092549  -0.00074346     0.083792      0.54397 gtex__caudate_basal_ganglia__M016
gtex__caudate_basal_ganglia_...18       SET     112      0.15868     0.012527     0.087621      0.03508 gtex__caudate_basal_ganglia__M017
gtex__caudate_basal_ganglia_...19       SET     108     0.026387    0.0020457     0.081669      0.37331 gtex__caudate_basal_ganglia__M018
gtex__caudate_basal_ganglia_...20       SET      84   -0.0039158  -0.00026792     0.098415      0.51587 gtex__caudate_basal_ganglia__M019
gtex__caudate_basal_ganglia_...21       SET      76    -0.057196   -0.0037232      0.11259      0.69428 gtex__caudate_basal_ganglia__M020
gtex__caudate_basal_ganglia_...22       SET      66     0.037454    0.0022727      0.11287         0.37 gtex__caudate_basal_ganglia__M021
gtex__caudate_basal_ganglia_...23       SET      57      0.10536    0.0059429      0.11981      0.18959 gtex__caudate_basal_ganglia__M022
gtex__caudate_basal_ganglia_...24       SET      50     0.055696    0.0029429      0.12223      0.32432 gtex__caudate_basal_ganglia__M023
gtex__caudate_basal_ganglia_...25       SET      62       0.1944     0.011435      0.11039     0.039128 gtex__caudate_basal_ganglia__M024
gtex__caudate_basal_ganglia_...26       SET      64      0.17478     0.010444      0.12343     0.078406 gtex__caudate_basal_ganglia__M025
gtex__caudate_basal_ganglia_...27       SET      65      0.10226    0.0061581      0.11636      0.18975 gtex__caudate_basal_ganglia__M026
gtex__caudate_basal_ganglia_...28       SET      56      -0.1722   -0.0096273      0.12048      0.92353 gtex__caudate_basal_ganglia__M027
gtex__caudate_basal_ganglia_...29       SET      55    -0.069547   -0.0038535      0.13453      0.69741 gtex__caudate_basal_ganglia__M028
gtex__caudate_basal_ganglia_...30       SET      44      0.21094     0.010457      0.15383     0.085153 gtex__caudate_basal_ganglia__M029
gtex__caudate_basal_ganglia_...31       SET      36     -0.29905    -0.013413      0.17147      0.95941 gtex__caudate_basal_ganglia__M030
gtex__caudate_basal_ganglia_...32       SET      39      0.20719    0.0096716      0.14443     0.075714 gtex__caudate_basal_ganglia__M031
gtex__caudate_basal_ganglia_...33       SET      27      0.21913    0.0085138      0.16061     0.086234 gtex__caudate_basal_ganglia__M032
gtex__caudate_basal_ganglia_...34       SET      20     0.029997    0.0010033      0.20567      0.44202 gtex__caudate_basal_ganglia__M033
gtex__caudate_basal_ganglia_...35       SET      19    -0.025349  -0.00082636      0.21283       0.5474 gtex__caudate_basal_ganglia__M034
gtex__caudate_basal_ganglia_...36       SET      17      0.24231    0.0074726      0.21762      0.13276 gtex__caudate_basal_ganglia__M035
gtex__cerebellar_hemisphere_...1        SET     691     0.022796    0.0043964     0.037273      0.27041 gtex__cerebellar_hemisphere__M000
gtex__cerebellar_hemisphere_...2        SET     596      0.10981     0.019722     0.037134     0.001555 gtex__cerebellar_hemisphere__M001
gtex__cerebellar_hemisphere_...3        SET     378     0.043846    0.0063111     0.048659      0.18378 gtex__cerebellar_hemisphere__M002
gtex__cerebellar_hemisphere_...4        SET     464    -0.024787   -0.0039431     0.049804      0.69065 gtex__cerebellar_hemisphere__M003
gtex__cerebellar_hemisphere_...5        SET     368     0.054627    0.0077603     0.048106      0.12808 gtex__cerebellar_hemisphere__M004
gtex__cerebellar_hemisphere_...6        SET     247      0.12225     0.014278     0.059755     0.020391 gtex__cerebellar_hemisphere__M005
gtex__cerebellar_hemisphere_...7        SET     243     0.046045    0.0053343     0.062657      0.23121 gtex__cerebellar_hemisphere__M006
gtex__cerebellar_hemisphere_...8        SET     205     0.056343    0.0060018     0.059827      0.17316 gtex__cerebellar_hemisphere__M007
gtex__cerebellar_hemisphere_...9        SET     181      0.10241     0.010258     0.064536     0.056273 gtex__cerebellar_hemisphere__M008
gtex__cerebellar_hemisphere_...10       SET     128    0.0033443   0.00028211     0.085034      0.48431 gtex__cerebellar_hemisphere__M009
gtex__cerebellar_hemisphere_...11       SET     147     0.028216    0.0025493     0.076134      0.35547 gtex__cerebellar_hemisphere__M010
gtex__cerebellar_hemisphere_...12       SET      97    -0.070076   -0.0051505     0.083719      0.79871 gtex__cerebellar_hemisphere__M011
gtex__cerebellar_hemisphere_...13       SET      73     0.047259    0.0030153      0.11534        0.341 gtex__cerebellar_hemisphere__M012
gtex__cerebellar_hemisphere_...14       SET      57      0.08502    0.0047955      0.11312      0.22614 gtex__cerebellar_hemisphere__M013
gtex__cerebellar_hemisphere_...15       SET      55     -0.09209   -0.0051027       0.1149      0.78857 gtex__cerebellar_hemisphere__M014
gtex__cerebellar_hemisphere_...16       SET      35    -0.020658  -0.00091361      0.13497      0.56082 gtex__cerebellar_hemisphere__M015
gtex__cerebellar_hemisphere_...17       SET      49      0.23848     0.012475      0.13209     0.035508 gtex__cerebellar_hemisphere__M016
gtex__cerebellar_hemisphere_...18       SET      32      0.24335     0.010292      0.15348     0.056424 gtex__cerebellar_hemisphere__M017
gtex__cerebellar_hemisphere_...19       SET      34      0.15641    0.0068179      0.17095      0.18013 gtex__cerebellar_hemisphere__M018
gtex__cerebellar_hemisphere_...20       SET      30    -0.090375   -0.0037009      0.16655      0.70631 gtex__cerebellar_hemisphere__M019
gtex__cerebellar_hemisphere_...21       SET      27    -0.069438   -0.0026979      0.17906      0.65091 gtex__cerebellar_hemisphere__M020
gtex__cerebellar_hemisphere_...22       SET      27     0.071207    0.0027666      0.19877      0.36009 gtex__cerebellar_hemisphere__M021
gtex__cerebellar_hemisphere_...23       SET      24    -0.044805   -0.0016414      0.17911      0.59876 gtex__cerebellar_hemisphere__M022
gtex__cerebellar_hemisphere_...24       SET      25     -0.52857    -0.019762      0.18344      0.99802 gtex__cerebellar_hemisphere__M023
gtex__cerebellar_hemisphere_...25       SET      19      0.18457    0.0060169      0.24172      0.22257 gtex__cerebellar_hemisphere__M024
gtex__cerebellar_hemisphere_...26       SET      17      0.19432    0.0059924      0.21163      0.17926 gtex__cerebellar_hemisphere__M025
gtex__cerebellar_hemisphere_...27       SET      19      0.35033     0.011421      0.20152     0.041071 gtex__cerebellar_hemisphere__M026
gtex__cerebellar_hemisphere_...28       SET      19    -0.085549   -0.0027889      0.21787      0.65271 gtex__cerebellar_hemisphere__M027
gtex__cerebellum__M000                  SET     300     0.045742    0.0058785     0.051736      0.18832 gtex__cerebellum__M000
gtex__cerebellum__M001                  SET     238   -0.0022137  -0.00025384     0.062441      0.51414 gtex__cerebellum__M001
gtex__cerebellum__M002                  SET     186     -0.10275    -0.010431     0.077523      0.90747 gtex__cerebellum__M002
gtex__cerebellum__M003                  SET     146      0.17831     0.016056     0.077251       0.0105 gtex__cerebellum__M003
gtex__cerebellum__M004                  SET     129     0.081639    0.0069133      0.07778      0.14696 gtex__cerebellum__M004
gtex__cerebellum__M005                  SET     106      0.27371     0.021024     0.090078    0.0011903 gtex__cerebellum__M005
gtex__cerebellum__M006                  SET     104     0.063848    0.0048581     0.091325      0.24224 gtex__cerebellum__M006
gtex__cerebellum__M007                  SET      90     0.075601    0.0053534        0.112      0.24984 gtex__cerebellum__M007
gtex__cerebellum__M008                  SET      94     0.042262     0.003058     0.092612      0.32408 gtex__cerebellum__M008
gtex__cerebellum__M009                  SET      85      0.16509     0.011362      0.10727     0.061918 gtex__cerebellum__M009
gtex__cerebellum__M010                  SET      75    -0.015139  -0.00097898      0.12559      0.54797 gtex__cerebellum__M010
gtex__cerebellum__M011                  SET      80     0.074639    0.0049843      0.09606      0.21858 gtex__cerebellum__M011
gtex__cerebellum__M012                  SET      80    -0.092024   -0.0061453      0.10651       0.8062 gtex__cerebellum__M012
gtex__cerebellum__M013                  SET      60    -0.042737    -0.002473      0.12764      0.63112 gtex__cerebellum__M013
gtex__cerebellum__M014                  SET      64     -0.09373   -0.0056009        0.114       0.7945 gtex__cerebellum__M014
gtex__cerebellum__M015                  SET      62     0.090944    0.0053491      0.12027      0.22479 gtex__cerebellum__M015
gtex__cerebellum__M016                  SET      53       0.1422     0.007735      0.13225      0.14114 gtex__cerebellum__M016
gtex__cerebellum__M017                  SET      37       0.1209    0.0054973      0.15135       0.2122 gtex__cerebellum__M017
gtex__cerebellum__M018                  SET      35      0.12545    0.0055482      0.15588      0.21048 gtex__cerebellum__M018
gtex__cerebellum__M019                  SET      22     -0.23585   -0.0082726      0.22462      0.85313 gtex__cerebellum__M019
gtex__cerebellum__M020                  SET      22     0.015716   0.00055126      0.19053      0.46713 gtex__cerebellum__M020
gtex__cerebellum__M021                  SET      26      0.22276    0.0084932      0.17043     0.095606 gtex__cerebellum__M021
gtex__cerebellum__M022                  SET      20      0.55754     0.018647      0.24586      0.01168 gtex__cerebellum__M022
gtex__cerebellum__M023                  SET      18    -0.046183   -0.0014655      0.18469      0.59872 gtex__cerebellum__M023
gtex__cerebellum__M024                  SET      18     0.070041    0.0022225        0.226      0.37832 gtex__cerebellum__M024
gtex__cerebellum__M025                  SET      21      0.14036    0.0048104      0.20928      0.25121 gtex__cerebellum__M025
gtex__cerebellum__M026                  SET      15      0.39654     0.011487      0.25971     0.063409 gtex__cerebellum__M026
gtex__cerebellum__M027                  SET      18     0.061827    0.0019618      0.24178      0.39909 gtex__cerebellum__M027
gtex__cortex__M000                      SET     290     0.027577    0.0034855     0.054251      0.30562 gtex__cortex__M000
gtex__cortex__M001                      SET     178     -0.18853    -0.018727     0.076259      0.99328 gtex__cortex__M001
gtex__cortex__M002                      SET     121    -0.016969    -0.001392     0.087731      0.57668 gtex__cortex__M002
gtex__cortex__M003                      SET     145     0.021686    0.0019461     0.076067      0.38779 gtex__cortex__M003
gtex__cortex__M004                      SET     143      0.14343     0.012783     0.080459     0.037334 gtex__cortex__M004
gtex__cortex__M005                      SET     128      0.13888     0.011716       0.0773     0.036203 gtex__cortex__M005
gtex__cortex__M006                      SET     131      0.20545     0.017532      0.07818    0.0042989 gtex__cortex__M006
gtex__cortex__M007                      SET      90     0.053387    0.0037804      0.10982      0.31344 gtex__cortex__M007
gtex__cortex__M008                      SET     105     0.063716    0.0048712      0.08663      0.23102 gtex__cortex__M008
gtex__cortex__M009                      SET      70    -0.055069   -0.0034409      0.10756      0.69567 gtex__cortex__M009
gtex__cortex__M010                      SET      47     -0.28577    -0.014641      0.14745      0.97369 gtex__cortex__M010
gtex__cortex__M011                      SET      49     -0.07995   -0.0041821      0.13577      0.72201 gtex__cortex__M011
gtex__cortex__M012                      SET      81     -0.14067   -0.0094524      0.10819      0.90322 gtex__cortex__M012
gtex__cortex__M013                      SET      80    -0.045794   -0.0030581     0.098054      0.67976 gtex__cortex__M013
gtex__cortex__M014                      SET      78   -0.0074482  -0.00049116      0.10662      0.52785 gtex__cortex__M014
gtex__cortex__M015                      SET      67     0.079165    0.0048398      0.11681      0.24898 gtex__cortex__M015
gtex__cortex__M016                      SET      59      0.13675    0.0078473      0.11719      0.12163 gtex__cortex__M016
gtex__cortex__M017                      SET      54    -0.024514   -0.0013459      0.13518      0.57195 gtex__cortex__M017
gtex__cortex__M018                      SET      48      0.26083     0.013504      0.13704     0.028508 gtex__cortex__M018
gtex__cortex__M019                      SET      43      0.40131     0.019668      0.13622    0.0016116 gtex__cortex__M019
gtex__cortex__M020                      SET      41      0.13769    0.0065897      0.15264      0.18353 gtex__cortex__M020
gtex__cortex__M021                      SET      37      0.12189    0.0055421       0.1532      0.21314 gtex__cortex__M021
gtex__cortex__M022                      SET      36    -0.056013   -0.0025123      0.16184      0.63536 gtex__cortex__M022
gtex__cortex__M023                      SET      28      0.28115     0.011124      0.19173     0.071273 gtex__cortex__M023
gtex__cortex__M024                      SET      28      0.28608     0.011319      0.16328      0.03989 gtex__cortex__M024
gtex__cortex__M025                      SET      27     -0.04898    -0.001903      0.19164      0.60086 gtex__cortex__M025
gtex__cortex__M026                      SET      29   -0.0064398  -0.00025929      0.16077      0.51598 gtex__cortex__M026
gtex__cortex__M027                      SET      25      0.11899     0.004449       0.1746      0.24778 gtex__cortex__M027
gtex__cortex__M028                      SET      23     0.041063    0.0014727      0.21023      0.42257 gtex__cortex__M028
gtex__cortex__M029                      SET      14    -0.085955   -0.0024057      0.26105      0.62902 gtex__cortex__M029
gtex__cortex__M030                      SET      24    -0.083084   -0.0030437      0.15105      0.70885 gtex__cortex__M030
gtex__cortex__M031                      SET      18      0.20056    0.0063639      0.21292      0.17313 gtex__cortex__M031
gtex__cortex__M032                      SET      21    -0.068492   -0.0023473      0.18169       0.6469 gtex__cortex__M032
gtex__frontal_cortex_ba9__M0...1        SET     602     0.054141    0.0097712     0.040832     0.092441 gtex__frontal_cortex_ba9__M000
gtex__frontal_cortex_ba9__M0...2        SET     449     -0.10659    -0.016687     0.047833      0.98706 gtex__frontal_cortex_ba9__M001
gtex__frontal_cortex_ba9__M0...3        SET     391     0.051313    0.0075089     0.045624      0.13037 gtex__frontal_cortex_ba9__M002
gtex__frontal_cortex_ba9__M0...4        SET     274     0.068146    0.0083758      0.05886      0.12349 gtex__frontal_cortex_ba9__M003
gtex__frontal_cortex_ba9__M0...5        SET     307     0.051191    0.0066537     0.053002      0.16708 gtex__frontal_cortex_ba9__M004
gtex__frontal_cortex_ba9__M0...6        SET     186     0.065893    0.0066895     0.066471      0.16078 gtex__frontal_cortex_ba9__M005
gtex__frontal_cortex_ba9__M0...7        SET     108     -0.26126    -0.020255     0.096006      0.99674 gtex__frontal_cortex_ba9__M006
gtex__frontal_cortex_ba9__M0...8        SET     192     0.071134    0.0073359     0.069617      0.15345 gtex__frontal_cortex_ba9__M007
gtex__frontal_cortex_ba9__M0...9        SET     188     0.035805    0.0036542      0.07142      0.30807 gtex__frontal_cortex_ba9__M008
gtex__frontal_cortex_ba9__M0...10       SET     144     0.041677    0.0037273     0.075901      0.29147 gtex__frontal_cortex_ba9__M009
gtex__frontal_cortex_ba9__M0...11       SET     139     -0.09973   -0.0087641     0.080279      0.89293 gtex__frontal_cortex_ba9__M010
gtex__frontal_cortex_ba9__M0...12       SET      88    -0.066848   -0.0046809      0.10237      0.74312 gtex__frontal_cortex_ba9__M011
gtex__frontal_cortex_ba9__M0...13       SET     108      0.11856     0.009192     0.093816      0.10317 gtex__frontal_cortex_ba9__M012
gtex__frontal_cortex_ba9__M0...14       SET     104    -0.033065   -0.0025158     0.089564        0.644 gtex__frontal_cortex_ba9__M013
gtex__frontal_cortex_ba9__M0...15       SET      90     0.057983    0.0041058      0.08844      0.25604 gtex__frontal_cortex_ba9__M014
gtex__frontal_cortex_ba9__M0...16       SET      87     0.030592      0.00213     0.088971      0.36548 gtex__frontal_cortex_ba9__M015
gtex__frontal_cortex_ba9__M0...17       SET      31    -0.065066   -0.0027085      0.17748      0.64304 gtex__frontal_cortex_ba9__M016
gtex__frontal_cortex_ba9__M0...18       SET      45   0.00077784   3.8996e-05      0.15484        0.498 gtex__frontal_cortex_ba9__M017
gtex__frontal_cortex_ba9__M0...19       SET      47     0.049983    0.0025608      0.12916      0.34939 gtex__frontal_cortex_ba9__M018
gtex__frontal_cortex_ba9__M0...20       SET      82      0.11563    0.0078172     0.096232      0.11477 gtex__frontal_cortex_ba9__M019
gtex__frontal_cortex_ba9__M0...21       SET      66      0.15814    0.0095956      0.10154     0.059698 gtex__frontal_cortex_ba9__M020
gtex__frontal_cortex_ba9__M0...22       SET      39     -0.10156   -0.0047409      0.16728      0.72812 gtex__frontal_cortex_ba9__M021
gtex__frontal_cortex_ba9__M0...23       SET      40    -0.086511   -0.0040896      0.12982      0.74741 gtex__frontal_cortex_ba9__M022
gtex__frontal_cortex_ba9__M0...24       SET      48     -0.16793   -0.0086941      0.14012      0.88462 gtex__frontal_cortex_ba9__M023
gtex__frontal_cortex_ba9__M0...25       SET      44      0.21316     0.010567      0.14613     0.072337 gtex__frontal_cortex_ba9__M024
gtex__frontal_cortex_ba9__M0...26       SET      40      0.10055    0.0047535      0.15101      0.25275 gtex__frontal_cortex_ba9__M025
gtex__frontal_cortex_ba9__M0...27       SET      40      0.35089     0.016588      0.15991     0.014115 gtex__frontal_cortex_ba9__M026
gtex__frontal_cortex_ba9__M0...28       SET      32      0.29271     0.012379      0.15488      0.02939 gtex__frontal_cortex_ba9__M027
gtex__frontal_cortex_ba9__M0...29       SET      18     0.064556    0.0020485       0.2188      0.38398 gtex__frontal_cortex_ba9__M028
gtex__frontal_cortex_ba9__M0...30       SET      20      0.45906     0.015354      0.24687     0.031486 gtex__frontal_cortex_ba9__M029
gtex__frontal_cortex_ba9__M0...31       SET      24      0.29664     0.010867      0.17622     0.046164 gtex__frontal_cortex_ba9__M030
gtex__frontal_cortex_ba9__M0...32       SET      21     0.027415   0.00093953      0.22058      0.45054 gtex__frontal_cortex_ba9__M031
gtex__frontal_cortex_ba9__M0...33       SET      21      0.12835    0.0043988        0.223      0.28245 gtex__frontal_cortex_ba9__M032
gtex__frontal_cortex_ba9__M0...34       SET      17      0.42428     0.013084      0.29025      0.07191 gtex__frontal_cortex_ba9__M033
gtex__frontal_cortex_ba9__M0...35       SET      18    -0.093254   -0.0029591      0.20931      0.67203 gtex__frontal_cortex_ba9__M034
gtex__frontal_cortex_ba9__M0...36       SET      19      0.16068    0.0052383      0.19853      0.20916 gtex__frontal_cortex_ba9__M035
gtex__frontal_cortex_ba9__M0...37       SET      18     0.065511    0.0020787      0.20004      0.37165 gtex__frontal_cortex_ba9__M036
gtex__frontal_cortex_ba9__M0...38       SET      17     -0.25379   -0.0078265      0.21446      0.88167 gtex__frontal_cortex_ba9__M037
gtex__hippocampus__M000                 SET     823     0.046086    0.0096626      0.03311     0.081989 gtex__hippocampus__M000
gtex__hippocampus__M001                 SET     536     0.057933    0.0098847     0.043247     0.090201 gtex__hippocampus__M001
gtex__hippocampus__M002                 SET     347    -0.026981   -0.0037242     0.053955      0.69148 gtex__hippocampus__M002
gtex__hippocampus__M003                 SET     436      0.14816     0.022866     0.047471   0.00090241 gtex__hippocampus__M003
gtex__hippocampus__M004                 SET     357      0.14187     0.019857     0.049629    0.0021301 gtex__hippocampus__M004
gtex__hippocampus__M005                 SET     365     0.011629    0.0016454     0.048099      0.40448 gtex__hippocampus__M005
gtex__hippocampus__M006                 SET     274     -0.12949    -0.015915     0.061503      0.98236 gtex__hippocampus__M006
gtex__hippocampus__M007                 SET     319     0.054074    0.0071621     0.052081      0.14958 gtex__hippocampus__M007
gtex__hippocampus__M008                 SET     227     0.031661    0.0035468     0.059766      0.29815 gtex__hippocampus__M008
gtex__hippocampus__M009                 SET     188    -0.082671   -0.0084373      0.07265      0.87242 gtex__hippocampus__M009
gtex__hippocampus__M010                 SET     108      0.17308     0.013419      0.10048     0.042497 gtex__hippocampus__M010
gtex__hippocampus__M011                 SET     154    -0.028313   -0.0026178     0.073845      0.64929 gtex__hippocampus__M011
gtex__hippocampus__M012                 SET     126     0.024013    0.0020099     0.081186       0.3837 gtex__hippocampus__M012
gtex__hippocampus__M013                 SET     126      0.10156    0.0085004     0.085371      0.11711 gtex__hippocampus__M013
gtex__hippocampus__M014                 SET     102     0.086078    0.0064867     0.097027       0.1875 gtex__hippocampus__M014
gtex__hippocampus__M015                 SET      48    -0.018221  -0.00094334      0.15339      0.54728 gtex__hippocampus__M015
gtex__hippocampus__M016                 SET      89     0.041543    0.0029253       0.1048      0.34591 gtex__hippocampus__M016
gtex__hippocampus__M017                 SET      79     0.009748    0.0006469      0.10599      0.46336 gtex__hippocampus__M017
gtex__hippocampus__M018                 SET      65    -0.065296   -0.0039321      0.11259      0.71903 gtex__hippocampus__M018
gtex__hippocampus__M019                 SET      62      0.14364    0.0084485      0.11137     0.098588 gtex__hippocampus__M019
gtex__hippocampus__M020                 SET      47     -0.12965   -0.0066426      0.12112      0.85779 gtex__hippocampus__M020
gtex__hippocampus__M021                 SET      52     0.088408    0.0047636      0.11879      0.22836 gtex__hippocampus__M021
gtex__hippocampus__M022                 SET      48     0.021047    0.0010897      0.13023       0.4358 gtex__hippocampus__M022
gtex__hippocampus__M023                 SET      41      0.22649      0.01084      0.15323     0.069696 gtex__hippocampus__M023
gtex__hippocampus__M024                 SET      43    -0.080035   -0.0039225      0.13671      0.72086 gtex__hippocampus__M024
gtex__hippocampus__M025                 SET      44      0.24522     0.012157      0.13488     0.034539 gtex__hippocampus__M025
gtex__hippocampus__M026                 SET      42      0.12374    0.0059937      0.13941      0.18739 gtex__hippocampus__M026
gtex__hippocampus__M027                 SET      35     0.066963    0.0029615      0.16532      0.34272 gtex__hippocampus__M027
gtex__hippocampus__M028                 SET      31     0.038381    0.0015977      0.16105      0.40582 gtex__hippocampus__M028
gtex__hippocampus__M029                 SET      40     -0.21157    -0.010002      0.14484      0.92794 gtex__hippocampus__M029
gtex__hippocampus__M030                 SET      36    -0.044262   -0.0019852      0.15223      0.61438 gtex__hippocampus__M030
gtex__hippocampus__M031                 SET      30     -0.15172   -0.0062132       0.1662      0.81934 gtex__hippocampus__M031
gtex__hippocampus__M032                 SET      27    0.0016996   6.6033e-05      0.14997      0.49548 gtex__hippocampus__M032
gtex__hippocampus__M033                 SET      32      0.12385    0.0052377      0.15397       0.2106 gtex__hippocampus__M033
gtex__hippocampus__M034                 SET      32     -0.11864   -0.0050176      0.16903      0.75862 gtex__hippocampus__M034
gtex__hippocampus__M035                 SET      30     -0.16063   -0.0065782      0.15545      0.84927 gtex__hippocampus__M035
gtex__hippocampus__M036                 SET      24      0.19233     0.007046      0.18518       0.1495 gtex__hippocampus__M036
gtex__hippocampus__M037                 SET      23     -0.11269   -0.0040416      0.18816      0.72538 gtex__hippocampus__M037
gtex__hippocampus__M038                 SET      23      0.22649    0.0081227      0.18426      0.10952 gtex__hippocampus__M038
gtex__hippocampus__M039                 SET      19      0.32922     0.010732      0.23156     0.077558 gtex__hippocampus__M039
gtex__hippocampus__M040                 SET      20      0.27099    0.0090635      0.22123      0.11031 gtex__hippocampus__M040
gtex__hippocampus__M041                 SET      18      0.23883    0.0075784      0.19981      0.11599 gtex__hippocampus__M041
gtex__hippocampus__M042                 SET      18    -0.073931   -0.0023459      0.23762      0.62215 gtex__hippocampus__M042
gtex__hippocampus__M043                 SET      16       0.2423    0.0072491      0.23541      0.15169 gtex__hippocampus__M043
gtex__hippocampus__M044                 SET      15     -0.25177   -0.0072936      0.22249      0.87109 gtex__hippocampus__M044
gtex__hippocampus__M045                 SET      17     -0.21575   -0.0066533      0.24225      0.81342 gtex__hippocampus__M045
gtex__hippocampus__M046                 SET      16     0.083405    0.0024953      0.24326      0.36585 gtex__hippocampus__M046
gtex__hypothalamus__M000                SET     701     0.039118    0.0075964     0.038139      0.15253 gtex__hypothalamus__M000
gtex__hypothalamus__M001                SET     896     0.055919     0.012207     0.032545     0.042889 gtex__hypothalamus__M001
gtex__hypothalamus__M002                SET     446     0.072572     0.011324     0.043923     0.049252 gtex__hypothalamus__M002
gtex__hypothalamus__M003                SET     208     -0.04062   -0.0043581     0.067077       0.7276 gtex__hypothalamus__M003
gtex__hypothalamus__M004                SET     222     -0.12148    -0.013459     0.068254      0.96243 gtex__hypothalamus__M004
gtex__hypothalamus__M005                SET     179     -0.15562    -0.015501     0.075622      0.98019 gtex__hypothalamus__M005
gtex__hypothalamus__M006                SET     182      0.12867     0.012923     0.067856     0.028975 gtex__hypothalamus__M006
gtex__hypothalamus__M007                SET     201     0.050695    0.0053478     0.066114      0.22161 gtex__hypothalamus__M007
gtex__hypothalamus__M008                SET     128     0.050683    0.0042754      0.08244      0.26935 gtex__hypothalamus__M008
gtex__hypothalamus__M009                SET     139     0.097356    0.0085555     0.079416      0.11013 gtex__hypothalamus__M009
gtex__hypothalamus__M010                SET     136     0.053383    0.0046407     0.085414      0.26599 gtex__hypothalamus__M010
gtex__hypothalamus__M011                SET     104  -0.00090601  -6.8937e-05     0.095716      0.50378 gtex__hypothalamus__M011
gtex__hypothalamus__M012                SET      99     0.019206     0.001426     0.095196      0.42006 gtex__hypothalamus__M012
gtex__hypothalamus__M013                SET      86     0.098416     0.006813     0.093915      0.14734 gtex__hypothalamus__M013
gtex__hypothalamus__M014                SET      68     0.029037    0.0017883      0.11684      0.40187 gtex__hypothalamus__M014
gtex__hypothalamus__M015                SET      56     -0.06413   -0.0035854      0.11855      0.70573 gtex__hypothalamus__M015
gtex__hypothalamus__M016                SET      56      0.14592    0.0081585      0.11489      0.10203 gtex__hypothalamus__M016
gtex__hypothalamus__M017                SET      45    -0.064553   -0.0032363      0.12272      0.70055 gtex__hypothalamus__M017
gtex__hypothalamus__M018                SET      45      -0.1965   -0.0098514      0.13609       0.9256 gtex__hypothalamus__M018
gtex__hypothalamus__M019                SET      22    -0.016936  -0.00059404      0.19145      0.53524 gtex__hypothalamus__M019
gtex__hypothalamus__M020                SET      26     -0.14749   -0.0056233      0.19117      0.77979 gtex__hypothalamus__M020
gtex__hypothalamus__M021                SET      22    -0.085077   -0.0029842      0.22346       0.6483 gtex__hypothalamus__M021
gtex__hypothalamus__M022                SET      21   -0.0068183  -0.00023367      0.22118       0.5123 gtex__hypothalamus__M022
gtex__hypothalamus__M023                SET      20     -0.22896   -0.0076578      0.21729      0.85399 gtex__hypothalamus__M023
gtex__hypothalamus__M024                SET      17      0.20731    0.0063932      0.23667      0.19053 gtex__hypothalamus__M024
gtex__hypothalamus__M025                SET      17     -0.62855    -0.019383      0.21547      0.99823 gtex__hypothalamus__M025
gtex__hypothalamus__M026                SET      17      0.11621    0.0035838      0.23178      0.30805 gtex__hypothalamus__M026
gtex__hypothalamus__M027                SET      15      0.26414    0.0076519      0.23756       0.1331 gtex__hypothalamus__M027
gtex__nucleus_accumbens_basa...1        SET     989      0.06702     0.015329     0.031631     0.017062 gtex__nucleus_accumbens_basal_ganglia__M000
gtex__nucleus_accumbens_basa...2        SET     642     0.044508    0.0082857     0.037932      0.12033 gtex__nucleus_accumbens_basal_ganglia__M001
gtex__nucleus_accumbens_basa...3        SET     437      0.12886     0.019909     0.045426    0.0022821 gtex__nucleus_accumbens_basal_ganglia__M002
gtex__nucleus_accumbens_basa...4        SET     313      0.12338      0.01619     0.052462    0.0093493 gtex__nucleus_accumbens_basal_ganglia__M003
gtex__nucleus_accumbens_basa...5        SET     315     0.090667     0.011935     0.053923     0.046349 gtex__nucleus_accumbens_basal_ganglia__M004
gtex__nucleus_accumbens_basa...6        SET     224    -0.054921   -0.0061122     0.064843       0.8015 gtex__nucleus_accumbens_basal_ganglia__M005
gtex__nucleus_accumbens_basa...7        SET     125     -0.16058    -0.013387     0.088218      0.96563 gtex__nucleus_accumbens_basal_ganglia__M006
gtex__nucleus_accumbens_basa...8        SET     148    -0.046816   -0.0042441       0.0765      0.72972 gtex__nucleus_accumbens_basal_ganglia__M007
gtex__nucleus_accumbens_basa...9        SET     122     0.054064    0.0044531      0.08745      0.26822 gtex__nucleus_accumbens_basal_ganglia__M008
gtex__nucleus_accumbens_basa...10       SET     120     -0.14946     -0.01221     0.090673      0.95035 gtex__nucleus_accumbens_basal_ganglia__M009
gtex__nucleus_accumbens_basa...11       SET     105     0.025913    0.0019811     0.092082       0.3892 gtex__nucleus_accumbens_basal_ganglia__M010
gtex__nucleus_accumbens_basa...12       SET      87    -0.015674   -0.0010913       0.1042      0.55979 gtex__nucleus_accumbens_basal_ganglia__M011
gtex__nucleus_accumbens_basa...13       SET      68    -0.054132   -0.0033339       0.1068      0.69387 gtex__nucleus_accumbens_basal_ganglia__M012
gtex__nucleus_accumbens_basa...14       SET      72     -0.13183   -0.0083535      0.11033      0.88391 gtex__nucleus_accumbens_basal_ganglia__M013
gtex__nucleus_accumbens_basa...15       SET      57     0.082153    0.0046338      0.11589      0.23921 gtex__nucleus_accumbens_basal_ganglia__M014
gtex__nucleus_accumbens_basa...16       SET      61      0.03287    0.0019178      0.12467      0.39603 gtex__nucleus_accumbens_basal_ganglia__M015
gtex__nucleus_accumbens_basa...17       SET      47      -0.1047    -0.005364      0.12895      0.79157 gtex__nucleus_accumbens_basal_ganglia__M016
gtex__nucleus_accumbens_basa...18       SET      27      0.29912     0.011622      0.19289      0.06049 gtex__nucleus_accumbens_basal_ganglia__M017
gtex__nucleus_accumbens_basa...19       SET      35      0.27683     0.012243      0.14909     0.031673 gtex__nucleus_accumbens_basal_ganglia__M018
gtex__nucleus_accumbens_basa...20       SET      33     0.017046   0.00073206      0.15016      0.45481 gtex__nucleus_accumbens_basal_ganglia__M019
gtex__nucleus_accumbens_basa...21       SET      35      0.13636    0.0060306      0.15693      0.19245 gtex__nucleus_accumbens_basal_ganglia__M020
gtex__nucleus_accumbens_basa...22       SET      36      0.10139    0.0045474      0.16285      0.26679 gtex__nucleus_accumbens_basal_ganglia__M021
gtex__nucleus_accumbens_basa...23       SET      27      0.07101     0.002759      0.18767      0.35258 gtex__nucleus_accumbens_basal_ganglia__M022
gtex__nucleus_accumbens_basa...24       SET      19    -0.094771   -0.0030895      0.19083      0.69027 gtex__nucleus_accumbens_basal_ganglia__M023
gtex__nucleus_accumbens_basa...25       SET      20      0.30522     0.010209      0.21203     0.075008 gtex__nucleus_accumbens_basal_ganglia__M024
gtex__nucleus_accumbens_basa...26       SET      18     0.073038    0.0023176      0.19354      0.35295 gtex__nucleus_accumbens_basal_ganglia__M025
gtex__putamen_basal_ganglia_...1        SET     637     0.044252    0.0082071      0.03926      0.12984 gtex__putamen_basal_ganglia__M000
gtex__putamen_basal_ganglia_...2        SET     295     0.029213    0.0037234     0.060932      0.31582 gtex__putamen_basal_ganglia__M001
gtex__putamen_basal_ganglia_...3        SET     452     0.080654     0.012668     0.044798     0.035909 gtex__putamen_basal_ganglia__M002
gtex__putamen_basal_ganglia_...4        SET     405     0.092124     0.013715      0.04863     0.029095 gtex__putamen_basal_ganglia__M003
gtex__putamen_basal_ganglia_...5        SET     275     0.077885    0.0095901     0.055328     0.079621 gtex__putamen_basal_ganglia__M004
gtex__putamen_basal_ganglia_...6        SET     341     0.051258     0.007015     0.049763       0.1515 gtex__putamen_basal_ganglia__M005
gtex__putamen_basal_ganglia_...7        SET     153     0.021391    0.0019714     0.075498      0.38846 gtex__putamen_basal_ganglia__M006
gtex__putamen_basal_ganglia_...8        SET     126     -0.14379    -0.012035     0.089448      0.94602 gtex__putamen_basal_ganglia__M007
gtex__putamen_basal_ganglia_...9        SET     117    -0.035936   -0.0028991     0.077617      0.67831 gtex__putamen_basal_ganglia__M008
gtex__putamen_basal_ganglia_...10       SET     121      0.11192    0.0091807     0.082167     0.086601 gtex__putamen_basal_ganglia__M009
gtex__putamen_basal_ganglia_...11       SET     112       0.1365     0.010776     0.084318     0.052742 gtex__putamen_basal_ganglia__M010
gtex__putamen_basal_ganglia_...12       SET      93   0.00075973   5.4681e-05      0.10177      0.49702 gtex__putamen_basal_ganglia__M011
gtex__putamen_basal_ganglia_...13       SET      87    -0.051011   -0.0035517       0.1058      0.68515 gtex__putamen_basal_ganglia__M012
gtex__putamen_basal_ganglia_...14       SET      88      0.14723     0.010309      0.10428     0.078996 gtex__putamen_basal_ganglia__M013
gtex__putamen_basal_ganglia_...15       SET      95       0.2362     0.017181      0.10327     0.011102 gtex__putamen_basal_ganglia__M014
gtex__putamen_basal_ganglia_...16       SET      84      0.12631    0.0086424      0.10108      0.10573 gtex__putamen_basal_ganglia__M015
gtex__putamen_basal_ganglia_...17       SET      73     0.062635    0.0039963      0.10461      0.27468 gtex__putamen_basal_ganglia__M016
gtex__putamen_basal_ganglia_...18       SET      54    -0.068547   -0.0037635      0.13061      0.70014 gtex__putamen_basal_ganglia__M017
gtex__putamen_basal_ganglia_...19       SET      70     -0.08433   -0.0052692      0.11265      0.77294 gtex__putamen_basal_ganglia__M018
gtex__putamen_basal_ganglia_...20       SET      58     -0.13338   -0.0075885      0.12711      0.85296 gtex__putamen_basal_ganglia__M019
gtex__putamen_basal_ganglia_...21       SET      54      0.18964     0.010412      0.12731     0.068177 gtex__putamen_basal_ganglia__M020
gtex__putamen_basal_ganglia_...22       SET      47      0.01383   0.00070856       0.1292      0.45738 gtex__putamen_basal_ganglia__M021
gtex__putamen_basal_ganglia_...23       SET      52      0.19351     0.010426      0.13109     0.069963 gtex__putamen_basal_ganglia__M022
gtex__putamen_basal_ganglia_...24       SET      38     0.082175    0.0037865      0.14747      0.28868 gtex__putamen_basal_ganglia__M023
gtex__putamen_basal_ganglia_...25       SET      27     0.088742    0.0034479      0.15827      0.28751 gtex__putamen_basal_ganglia__M024
gtex__putamen_basal_ganglia_...26       SET      28     -0.05718   -0.0022623      0.17382      0.62891 gtex__putamen_basal_ganglia__M025
gtex__putamen_basal_ganglia_...27       SET      25     0.050717    0.0018962      0.16307       0.3779 gtex__putamen_basal_ganglia__M026
gtex__putamen_basal_ganglia_...28       SET      24      0.18236    0.0066805      0.17399       0.1473 gtex__putamen_basal_ganglia__M027
gtex__putamen_basal_ganglia_...29       SET      19      0.29657    0.0096682      0.19808     0.067173 gtex__putamen_basal_ganglia__M028
gtex__putamen_basal_ganglia_...30       SET      26     0.040201    0.0015328      0.17076      0.40694 gtex__putamen_basal_ganglia__M029
gtex__putamen_basal_ganglia_...31       SET      21      0.17126    0.0058692      0.20907      0.20636 gtex__putamen_basal_ganglia__M030
gtex__putamen_basal_ganglia_...32       SET      13     -0.22718   -0.0061271      0.28985      0.78341 gtex__putamen_basal_ganglia__M031
gtex__putamen_basal_ganglia_...33       SET      19     -0.22034   -0.0071829      0.19768      0.86748 gtex__putamen_basal_ganglia__M032
gtex__putamen_basal_ganglia_...34       SET      20      0.30237     0.010113      0.20994     0.074907 gtex__putamen_basal_ganglia__M033
gtex__putamen_basal_ganglia_...35       SET      20      -0.2222   -0.0074318      0.22461      0.83873 gtex__putamen_basal_ganglia__M034
gtex__putamen_basal_ganglia_...36       SET      14      0.17397    0.0048689      0.21422      0.20838 gtex__putamen_basal_ganglia__M035
gtex__spinal_cord_cervical_c...1        SET     687     0.018863    0.0036277     0.037635      0.30812 gtex__spinal_cord_cervical_c_1__M000
gtex__spinal_cord_cervical_c...2        SET     518     0.043426    0.0072878     0.041102      0.14537 gtex__spinal_cord_cervical_c_1__M001
gtex__spinal_cord_cervical_c...3        SET     394   -0.0011176  -0.00016416     0.051052      0.50873 gtex__spinal_cord_cervical_c_1__M002
gtex__spinal_cord_cervical_c...4        SET     323       0.1113     0.014832      0.05688       0.0252 gtex__spinal_cord_cervical_c_1__M003
gtex__spinal_cord_cervical_c...5        SET     245     0.093867     0.010919      0.05979     0.058224 gtex__spinal_cord_cervical_c_1__M004
gtex__spinal_cord_cervical_c...6        SET     236      0.12058      0.01377     0.066449     0.034799 gtex__spinal_cord_cervical_c_1__M005
gtex__spinal_cord_cervical_c...7        SET     194      0.13554      0.01405      0.07212     0.030107 gtex__spinal_cord_cervical_c_1__M006
gtex__spinal_cord_cervical_c...8        SET     156     0.088147    0.0082023     0.075979        0.123 gtex__spinal_cord_cervical_c_1__M007
gtex__spinal_cord_cervical_c...9        SET     135      0.13713     0.011877     0.082184     0.047613 gtex__spinal_cord_cervical_c_1__M008
gtex__spinal_cord_cervical_c...10       SET     129     -0.19261     -0.01631     0.082692      0.99007 gtex__spinal_cord_cervical_c_1__M009
gtex__spinal_cord_cervical_c...11       SET      88    -0.021037    -0.001473     0.094938      0.58768 gtex__spinal_cord_cervical_c_1__M010
gtex__spinal_cord_cervical_c...12       SET      69    -0.012364  -0.00076702      0.10593      0.54646 gtex__spinal_cord_cervical_c_1__M011
gtex__spinal_cord_cervical_c...13       SET      83     0.030569    0.0020791     0.099393      0.37921 gtex__spinal_cord_cervical_c_1__M012
gtex__spinal_cord_cervical_c...14       SET      79     0.020172    0.0013387     0.096728       0.4174 gtex__spinal_cord_cervical_c_1__M013
gtex__spinal_cord_cervical_c...15       SET      68     0.029368    0.0018087      0.10552      0.39039 gtex__spinal_cord_cervical_c_1__M014
gtex__spinal_cord_cervical_c...16       SET      62    -0.031049   -0.0018263       0.1241      0.59878 gtex__spinal_cord_cervical_c_1__M015
gtex__spinal_cord_cervical_c...17       SET      64     0.073483     0.004391      0.12749      0.28218 gtex__spinal_cord_cervical_c_1__M016
gtex__spinal_cord_cervical_c...18       SET      55    -0.053517   -0.0029653      0.13719      0.65176 gtex__spinal_cord_cervical_c_1__M017
gtex__spinal_cord_cervical_c...19       SET      45    -0.068185   -0.0034184      0.13386      0.69475 gtex__spinal_cord_cervical_c_1__M018
gtex__spinal_cord_cervical_c...20       SET      44    -0.090608   -0.0044919      0.13391      0.75068 gtex__spinal_cord_cervical_c_1__M019
gtex__spinal_cord_cervical_c...21       SET      41      -0.1646   -0.0078776      0.15218      0.86028 gtex__spinal_cord_cervical_c_1__M020
gtex__spinal_cord_cervical_c...22       SET      41    -0.060799   -0.0029098      0.13365      0.67541 gtex__spinal_cord_cervical_c_1__M021
gtex__spinal_cord_cervical_c...23       SET      36    -0.036169   -0.0016223       0.1733      0.58266 gtex__spinal_cord_cervical_c_1__M022
gtex__spinal_cord_cervical_c...24       SET      32      0.15183    0.0064212       0.1631      0.17595 gtex__spinal_cord_cervical_c_1__M023
gtex__spinal_cord_cervical_c...25       SET      25    -0.069147   -0.0025853      0.20281      0.63343 gtex__spinal_cord_cervical_c_1__M024
gtex__spinal_cord_cervical_c...26       SET      24    -0.028486   -0.0010436      0.19554      0.55791 gtex__spinal_cord_cervical_c_1__M025
gtex__spinal_cord_cervical_c...27       SET      24      0.20717    0.0075894      0.17941      0.12411 gtex__spinal_cord_cervical_c_1__M026
gtex__spinal_cord_cervical_c...28       SET      23     0.025169   0.00090266      0.21002      0.45231 gtex__spinal_cord_cervical_c_1__M027
gtex__spinal_cord_cervical_c...29       SET      20      0.17312    0.0057902      0.20988      0.20473 gtex__spinal_cord_cervical_c_1__M028
gtex__spinal_cord_cervical_c...30       SET      20      0.10351    0.0034618      0.20968      0.31079 gtex__spinal_cord_cervical_c_1__M029
gtex__spinal_cord_cervical_c...31       SET      21     -0.37441    -0.012831      0.22455      0.95227 gtex__spinal_cord_cervical_c_1__M030
gtex__spinal_cord_cervical_c...32       SET      20      0.14102    0.0047167      0.18971      0.22863 gtex__spinal_cord_cervical_c_1__M031
gtex__spinal_cord_cervical_c...33       SET      13      0.13031    0.0035145      0.25414      0.30407 gtex__spinal_cord_cervical_c_1__M032
gtex__substantia_nigra__M000            SET     786   -0.0022022  -0.00045173     0.034722      0.52529 gtex__substantia_nigra__M000
gtex__substantia_nigra__M001            SET     332     0.023662     0.003196     0.051717      0.32365 gtex__substantia_nigra__M001
gtex__substantia_nigra__M002            SET     306     0.070758    0.0091824     0.054147     0.095654 gtex__substantia_nigra__M002
gtex__substantia_nigra__M003            SET     203     0.026623    0.0028223     0.062579      0.33526 gtex__substantia_nigra__M003
gtex__substantia_nigra__M004            SET     237      0.10787     0.012344     0.061615     0.040001 gtex__substantia_nigra__M004
gtex__substantia_nigra__M005            SET     175    -0.096182   -0.0094743      0.07454      0.90152 gtex__substantia_nigra__M005
gtex__substantia_nigra__M006            SET     159     0.050718    0.0047642     0.073123      0.24397 gtex__substantia_nigra__M006
gtex__substantia_nigra__M007            SET      75     0.065342    0.0042255      0.11143      0.27881 gtex__substantia_nigra__M007
gtex__substantia_nigra__M008            SET     106      0.19272     0.014803      0.10028     0.027328 gtex__substantia_nigra__M008
gtex__substantia_nigra__M009            SET     104       0.0865    0.0065817     0.089533        0.167 gtex__substantia_nigra__M009
gtex__substantia_nigra__M010            SET     100   -0.0047894  -0.00035738     0.099062      0.51928 gtex__substantia_nigra__M010
gtex__substantia_nigra__M011            SET     102     0.036659    0.0027625     0.090418      0.34258 gtex__substantia_nigra__M011
gtex__substantia_nigra__M012            SET      88     0.069299    0.0048525      0.10738      0.25934 gtex__substantia_nigra__M012
gtex__substantia_nigra__M013            SET     103    -0.035886   -0.0027174     0.093007      0.65019 gtex__substantia_nigra__M013
gtex__substantia_nigra__M014            SET      73      0.11901    0.0075932      0.10116      0.11971 gtex__substantia_nigra__M014
gtex__substantia_nigra__M015            SET      74     0.079222     0.005089      0.11653       0.2483 gtex__substantia_nigra__M015
gtex__substantia_nigra__M016            SET      75      0.11968    0.0077397      0.10989      0.13805 gtex__substantia_nigra__M016
gtex__substantia_nigra__M017            SET      69     0.016228    0.0010067      0.10546      0.43886 gtex__substantia_nigra__M017
gtex__substantia_nigra__M018            SET      69      0.36785     0.022821      0.11028   0.00042662 gtex__substantia_nigra__M018
gtex__substantia_nigra__M019            SET      69    -0.017948   -0.0011134      0.10429      0.56832 gtex__substantia_nigra__M019
gtex__substantia_nigra__M020            SET      62      0.10922    0.0064242      0.12098      0.18331 gtex__substantia_nigra__M020
gtex__substantia_nigra__M021            SET      62     0.080556    0.0047382      0.11089      0.23378 gtex__substantia_nigra__M021
gtex__substantia_nigra__M022            SET      66     0.027931    0.0016948       0.1029      0.39303 gtex__substantia_nigra__M022
gtex__substantia_nigra__M023            SET      49    -0.055827   -0.0029202      0.13056      0.66552 gtex__substantia_nigra__M023
gtex__substantia_nigra__M024            SET      42      0.03601    0.0017443      0.13005      0.39093 gtex__substantia_nigra__M024
gtex__substantia_nigra__M025            SET      30     -0.51919    -0.021261      0.17937       0.9981 gtex__substantia_nigra__M025
gtex__substantia_nigra__M026            SET      40     -0.10869   -0.0051382      0.14216      0.77773 gtex__substantia_nigra__M026
gtex__substantia_nigra__M027            SET      31     -0.14494   -0.0060335      0.15523      0.82478 gtex__substantia_nigra__M027
gtex__substantia_nigra__M028            SET      30     -0.10481   -0.0042922      0.14187      0.76998 gtex__substantia_nigra__M028
gtex__substantia_nigra__M029            SET      31      0.02353   0.00097947      0.14893      0.43723 gtex__substantia_nigra__M029
gtex__substantia_nigra__M030            SET      19      0.19049    0.0062099      0.20907      0.18112 gtex__substantia_nigra__M030
gtex__substantia_nigra__M031            SET      28     0.084517    0.0033439      0.16733      0.30675 gtex__substantia_nigra__M031
gtex__substantia_nigra__M032            SET      26    -0.046854   -0.0017864      0.18574      0.59958 gtex__substantia_nigra__M032
gtex__substantia_nigra__M033            SET      19     -0.10097   -0.0032915      0.24175      0.66189 gtex__substantia_nigra__M033
gtex__substantia_nigra__M034            SET      20      0.21226    0.0070991      0.22684      0.17471 gtex__substantia_nigra__M034
gtex__substantia_nigra__M035            SET      24     -0.17169   -0.0062897      0.21615      0.78649 gtex__substantia_nigra__M035
gtex__substantia_nigra__M036            SET      20     -0.19738   -0.0066016      0.19851      0.83996 gtex__substantia_nigra__M036
gtex__substantia_nigra__M037            SET      19    -0.040172   -0.0013096       0.1979      0.58043 gtex__substantia_nigra__M037
gtex__substantia_nigra__M038            SET      17    -0.017055  -0.00052595      0.24912      0.52729 gtex__substantia_nigra__M038
gtex__substantia_nigra__M039            SET      15      0.27496    0.0079654      0.21011     0.095331 gtex__substantia_nigra__M039
gtex__substantia_nigra__M040            SET      19   0.00043644   1.4228e-05       0.1816      0.49904 gtex__substantia_nigra__M040
gtex__substantia_nigra__M041            SET      19       -0.048   -0.0015648      0.20923      0.59073 gtex__substantia_nigra__M041
gtex__substantia_nigra__M042            SET      16      0.24209    0.0072428      0.26465      0.18017 gtex__substantia_nigra__M042
brainseq__caudate__M000                 SET     613     0.067017     0.012201     0.039603     0.045311 brainseq__caudate__M000
brainseq__caudate__M001                 SET     470     0.074123     0.011865     0.046616     0.055918 brainseq__caudate__M001
brainseq__caudate__M002                 SET     104    -0.024645   -0.0018752     0.089922      0.60798 brainseq__caudate__M002
brainseq__caudate__M003                 SET     324    -0.036863     -0.00492     0.053067      0.75636 brainseq__caudate__M003
brainseq__caudate__M004                 SET     319     0.063534    0.0084151     0.054523      0.12196 brainseq__caudate__M004
brainseq__caudate__M005                 SET      50     0.075641    0.0039967      0.13356      0.28559 brainseq__caudate__M005
brainseq__caudate__M006                 SET     191    0.0072607   0.00074684     0.066307       0.4564 brainseq__caudate__M006
brainseq__caudate__M007                 SET     142     0.039549    0.0035125     0.075421      0.30001 brainseq__caudate__M007
brainseq__caudate__M008                 SET     145    -0.015505   -0.0013914     0.080695      0.57618 brainseq__caudate__M008
brainseq__caudate__M009                 SET     130         0.11    0.0093511     0.086905       0.1028 brainseq__caudate__M009
brainseq__caudate__M010                 SET     117    -0.099194   -0.0080025     0.078942      0.89553 brainseq__caudate__M010
brainseq__caudate__M011                 SET     121       0.1532     0.012567     0.084928     0.035637 brainseq__caudate__M011
brainseq__caudate__M012                 SET     110    -0.050608   -0.0039596     0.082881      0.72927 brainseq__caudate__M012
brainseq__caudate__M013                 SET      38    -0.079054   -0.0036427      0.13616      0.71924 brainseq__caudate__M013
brainseq__caudate__M014                 SET      75    -0.084411   -0.0054587      0.11617      0.76627 brainseq__caudate__M014
brainseq__caudate__M015                 SET      77     0.080608    0.0052815      0.10974      0.23132 brainseq__caudate__M015
brainseq__caudate__M016                 SET      35    -0.029736   -0.0013151      0.14985      0.57865 brainseq__caudate__M016
brainseq__caudate__M017                 SET      66     -0.13522    -0.008205      0.12338      0.86344 brainseq__caudate__M017
brainseq__caudate__M018                 SET      61     0.055542    0.0032405      0.11432      0.31353 brainseq__caudate__M018
brainseq__caudate__M019                 SET      63     0.089695    0.0053179      0.11224      0.21212 brainseq__caudate__M019
brainseq__caudate__M020                 SET      59      0.17649     0.010128      0.11761     0.066732 brainseq__caudate__M020
brainseq__caudate__M021                 SET      62     0.079907       0.0047      0.12308       0.2581 brainseq__caudate__M021
brainseq__caudate__M022                 SET      51     0.020626    0.0011007      0.12245      0.43312 brainseq__caudate__M022
brainseq__caudate__M023                 SET      18     0.056706    0.0017994      0.24926      0.41002 brainseq__caudate__M023
brainseq__caudate__M024                 SET      47     0.044492    0.0022795      0.13179      0.36783 brainseq__caudate__M024
brainseq__caudate__M025                 SET      49     -0.10728   -0.0056114      0.11612      0.82221 brainseq__caudate__M025
brainseq__caudate__M026                 SET      50      0.11392    0.0060195      0.12712      0.18508 brainseq__caudate__M026
brainseq__caudate__M027                 SET      47     0.052985    0.0027146       0.1308      0.34271 brainseq__caudate__M027
brainseq__caudate__M028                 SET      45     0.023076    0.0011569      0.15156      0.43949 brainseq__caudate__M028
brainseq__caudate__M029                 SET      37      0.22868     0.010398      0.16936     0.088478 brainseq__caudate__M029
brainseq__caudate__M030                 SET      37   -0.0077294  -0.00035145      0.14642      0.52105 brainseq__caudate__M030
brainseq__caudate__M031                 SET      30    -0.028358   -0.0011613      0.17944      0.56278 brainseq__caudate__M031
brainseq__caudate__M032                 SET      31      0.15124    0.0062956      0.18512      0.20697 brainseq__caudate__M032
brainseq__caudate__M033                 SET      27       0.1437    0.0055832      0.17138      0.20088 brainseq__caudate__M033
brainseq__caudate__M034                 SET      28      0.46506       0.0184      0.21784     0.016391 brainseq__caudate__M034
brainseq__caudate__M035                 SET      16      0.22203    0.0066428      0.24469       0.1821 brainseq__caudate__M035
brainseq__caudate__M036                 SET      25      0.40895      0.01529      0.17811     0.010841 brainseq__caudate__M036
brainseq__caudate__M037                 SET      27     -0.10093   -0.0039214      0.17963       0.7129 brainseq__caudate__M037
brainseq__caudate__M038                 SET      22     0.071713    0.0025154      0.19449      0.35617 brainseq__caudate__M038
brainseq__caudate__M039                 SET      25     0.013023   0.00048692      0.18334      0.47169 brainseq__caudate__M039
brainseq__caudate__M040                 SET      17      0.24483      0.00755      0.20656      0.11797 brainseq__caudate__M040
brainseq__caudate__M041                 SET      18     0.072004    0.0022848      0.21157       0.3668 brainseq__caudate__M041
brainseq__caudate__M042                 SET      20      0.13438    0.0044944      0.20611      0.25722 brainseq__caudate__M042
brainseq__caudate__M043                 SET      20    -0.034182   -0.0011433      0.21141      0.56422 brainseq__caudate__M043
brainseq__caudate__M044                 SET      16     -0.05778   -0.0017287      0.22245      0.60247 brainseq__caudate__M044
brainseq__caudate__M045                 SET      18     -0.34212    -0.010856      0.23554       0.9268 brainseq__caudate__M045
brainseq__caudate__M046                 SET      19      0.18112    0.0059045      0.24151      0.22664 brainseq__caudate__M046
brainseq__caudate__M047                 SET      18     -0.28346   -0.0089946      0.24605      0.87534 brainseq__caudate__M047
brainseq__caudate__M048                 SET      15      0.31557    0.0091418      0.23138     0.086312 brainseq__caudate__M048
brainseq__hippocampus__M000             SET     377     -0.12545    -0.018033     0.051873       0.9922 brainseq__hippocampus__M000
brainseq__hippocampus__M001             SET     311      0.14679     0.019202     0.054558    0.0035704 brainseq__hippocampus__M001
brainseq__hippocampus__M002             SET     211     0.086651    0.0093628     0.059226     0.071735 brainseq__hippocampus__M002
brainseq__hippocampus__M003             SET     160    -0.013577   -0.0012794     0.072201      0.57458 brainseq__hippocampus__M003
brainseq__hippocampus__M004             SET     138     0.085887    0.0075206     0.076227      0.12994 brainseq__hippocampus__M004
brainseq__hippocampus__M005             SET     146    0.0020252   0.00018236     0.070991      0.48862 brainseq__hippocampus__M005
brainseq__hippocampus__M006             SET     129    -0.025126   -0.0021277     0.082989      0.61896 brainseq__hippocampus__M006
brainseq__hippocampus__M007             SET     129     0.060922     0.005159     0.079806      0.22263 brainseq__hippocampus__M007
brainseq__hippocampus__M008             SET     128      0.18208     0.015359     0.082152     0.013342 brainseq__hippocampus__M008
brainseq__hippocampus__M009             SET     105     0.045348     0.003467     0.086165      0.29934 brainseq__hippocampus__M009
brainseq__hippocampus__M010             SET     100      0.11856    0.0088466     0.096738      0.11019 brainseq__hippocampus__M010
brainseq__hippocampus__M011             SET      81     0.038349    0.0025768      0.10318      0.35507 brainseq__hippocampus__M011
brainseq__hippocampus__M012             SET      83      0.30471     0.020725      0.10248    0.0014754 brainseq__hippocampus__M012
brainseq__hippocampus__M013             SET      84     0.084353    0.0057715      0.10057      0.20081 brainseq__hippocampus__M013
brainseq__hippocampus__M014             SET      76     0.024905    0.0016212      0.11203      0.41204 brainseq__hippocampus__M014
brainseq__hippocampus__M015             SET      82     0.077082    0.0052111      0.10851      0.23875 brainseq__hippocampus__M015
brainseq__hippocampus__M016             SET      75       0.1415    0.0091502      0.11477      0.10882 brainseq__hippocampus__M016
brainseq__hippocampus__M017             SET      65      0.10445      0.00629      0.11964      0.19132 brainseq__hippocampus__M017
brainseq__hippocampus__M018             SET      61      0.13502    0.0078776      0.12832      0.14635 brainseq__hippocampus__M018
brainseq__hippocampus__M019             SET      63      0.06217     0.003686      0.12558      0.31028 brainseq__hippocampus__M019
brainseq__hippocampus__M020             SET      62      -0.1722    -0.010129      0.11841      0.92706 brainseq__hippocampus__M020
brainseq__hippocampus__M021             SET      52    -0.033069   -0.0017818      0.13092      0.59971 brainseq__hippocampus__M021
brainseq__hippocampus__M022             SET      49     -0.15362   -0.0080355      0.14359      0.85764 brainseq__hippocampus__M022
brainseq__hippocampus__M023             SET      47   -0.0062749  -0.00032148      0.14327      0.51747 brainseq__hippocampus__M023
brainseq__hippocampus__M024             SET      44    -0.091685   -0.0045453      0.14326       0.7389 brainseq__hippocampus__M024
brainseq__hippocampus__M025             SET      41    -0.087497   -0.0041875      0.14517      0.72664 brainseq__hippocampus__M025
brainseq__hippocampus__M026             SET      40      0.13882    0.0065624      0.16377      0.19833 brainseq__hippocampus__M026
brainseq__hippocampus__M027             SET      37      0.20024    0.0091048      0.15722      0.10141 brainseq__hippocampus__M027
brainseq__hippocampus__M028             SET      36     0.067399     0.003023      0.16377      0.34033 brainseq__hippocampus__M028
brainseq__hippocampus__M029             SET      37     -0.25543    -0.011614      0.14706      0.95879 brainseq__hippocampus__M029
brainseq__hippocampus__M030             SET      32     0.064964    0.0027475       0.1889      0.36546 brainseq__hippocampus__M030
brainseq__hippocampus__M031             SET      37      0.14619    0.0066471      0.16241      0.18404 brainseq__hippocampus__M031
brainseq__hippocampus__M032             SET      33      0.15973    0.0068599       0.1511      0.14523 brainseq__hippocampus__M032
brainseq__hippocampus__M033             SET      29      0.61807     0.024886      0.17863   0.00027066 brainseq__hippocampus__M033
brainseq__hippocampus__M034             SET      27      0.14412    0.0055996      0.17666       0.2073 brainseq__hippocampus__M034
brainseq__hippocampus__M035             SET      27      0.13517    0.0052516      0.17786      0.22364 brainseq__hippocampus__M035
brainseq__hippocampus__M036             SET      26     0.010347    0.0003945      0.18746      0.47799 brainseq__hippocampus__M036
brainseq__hippocampus__M037             SET      26      0.20109    0.0076673      0.18091      0.13317 brainseq__hippocampus__M037
brainseq__hippocampus__M038             SET      21      0.40715     0.013953      0.21819     0.031027 brainseq__hippocampus__M038
brainseq__hippocampus__M039             SET      22      0.31936     0.011202      0.22795     0.080614 brainseq__hippocampus__M039
brainseq__hippocampus__M040             SET      26      0.24752    0.0094376      0.22411       0.1347 brainseq__hippocampus__M040
brainseq__hippocampus__M041             SET      23    -0.037282   -0.0013371      0.19162      0.57713 brainseq__hippocampus__M041
brainseq__hippocampus__M042             SET      19      0.15932    0.0051938      0.20004      0.21289 brainseq__hippocampus__M042
brainseq__hippocampus__M043             SET      21     -0.11114   -0.0038088      0.21711      0.69563 brainseq__hippocampus__M043
brainseq__hippocampus__M044             SET      19      -0.1238   -0.0040358      0.20747      0.72464 brainseq__hippocampus__M044
brainseq__hippocampus__M045             SET      20      0.59862     0.020021      0.23026    0.0046677 brainseq__hippocampus__M045
brainseq__dlpfc__M000                   SET     353     0.032417    0.0045123     0.052173      0.26719 brainseq__dlpfc__M000
brainseq__dlpfc__M001                   SET     381     0.086057     0.012435     0.048872     0.039141 brainseq__dlpfc__M001
brainseq__dlpfc__M002                   SET     269      0.02934    0.0035737     0.055908      0.29987 brainseq__dlpfc__M002
brainseq__dlpfc__M003                   SET     181    -0.029957   -0.0030006     0.072371      0.66054 brainseq__dlpfc__M003
brainseq__dlpfc__M004                   SET     209    -0.027167   -0.0029216     0.066283      0.65904 brainseq__dlpfc__M004
brainseq__dlpfc__M005                   SET     216      0.11018     0.012044      0.06234      0.03859 brainseq__dlpfc__M005
brainseq__dlpfc__M006                   SET     215     0.099465     0.010848      0.06215     0.054764 brainseq__dlpfc__M006
brainseq__dlpfc__M007                   SET     194     0.011895     0.001233     0.072301      0.43466 brainseq__dlpfc__M007
brainseq__dlpfc__M008                   SET     175     0.021901    0.0021573     0.068094      0.37387 brainseq__dlpfc__M008
brainseq__dlpfc__M009                   SET     166      0.14974     0.014369     0.069033     0.015044 brainseq__dlpfc__M009
brainseq__dlpfc__M010                   SET     140     0.047438    0.0041836     0.076352       0.2672 brainseq__dlpfc__M010
brainseq__dlpfc__M011                   SET     145      0.17866     0.016032     0.076474    0.0097476 brainseq__dlpfc__M011
brainseq__dlpfc__M012                   SET     101    -0.017543   -0.0013155     0.094027        0.574 brainseq__dlpfc__M012
brainseq__dlpfc__M013                   SET      98    -0.020374   -0.0015051      0.09367      0.58609 brainseq__dlpfc__M013
brainseq__dlpfc__M014                   SET      94    -0.049476     -0.00358      0.10639      0.67905 brainseq__dlpfc__M014
brainseq__dlpfc__M015                   SET     100    -0.020933    -0.001562     0.095556       0.5867 brainseq__dlpfc__M015
brainseq__dlpfc__M016                   SET      97    -0.032593   -0.0023955     0.092574      0.63761 brainseq__dlpfc__M016
brainseq__dlpfc__M017                   SET      86      0.14308    0.0099048      0.10381     0.084071 brainseq__dlpfc__M017
brainseq__dlpfc__M018                   SET      56     -0.04834   -0.0027026      0.13141      0.64351 brainseq__dlpfc__M018
brainseq__dlpfc__M019                   SET      64    -0.079561   -0.0047542      0.11699      0.75176 brainseq__dlpfc__M019
brainseq__dlpfc__M020                   SET      48   -0.0039798  -0.00020605      0.15315      0.51037 brainseq__dlpfc__M020
brainseq__dlpfc__M021                   SET      39      0.12402    0.0057891      0.14657      0.19875 brainseq__dlpfc__M021
brainseq__dlpfc__M022                   SET      35      0.32948     0.014572       0.1473     0.012659 brainseq__dlpfc__M022
brainseq__dlpfc__M023                   SET      40     0.054396    0.0025715      0.14942      0.35791 brainseq__dlpfc__M023
brainseq__dlpfc__M024                   SET      37    -0.024054   -0.0010937      0.14496      0.56589 brainseq__dlpfc__M024
brainseq__dlpfc__M025                   SET      37      0.44452     0.020212      0.14798    0.0013347 brainseq__dlpfc__M025
brainseq__dlpfc__M026                   SET      34      0.01328   0.00057887      0.15099      0.46496 brainseq__dlpfc__M026
brainseq__dlpfc__M027                   SET      36    -0.089575   -0.0040177      0.15424       0.7193 brainseq__dlpfc__M027
brainseq__dlpfc__M028                   SET      28    -0.043444   -0.0017189      0.17655      0.59719 brainseq__dlpfc__M028
brainseq__dlpfc__M029                   SET      23     0.025391   0.00091062       0.1752      0.44238 brainseq__dlpfc__M029
brainseq__dlpfc__M030                   SET      29      0.11849    0.0047709       0.1666      0.23848 brainseq__dlpfc__M030
brainseq__dlpfc__M031                   SET      24     0.031617    0.0011583      0.17507      0.42834 brainseq__dlpfc__M031
brainseq__dlpfc__M032                   SET      22      0.14008    0.0049136      0.21024      0.25262 brainseq__dlpfc__M032
brainseq__dlpfc__M033                   SET      16     0.090732    0.0027146      0.20672      0.33037 brainseq__dlpfc__M033
brainseq__dlpfc__M034                   SET      20     -0.13771    -0.004606      0.17602        0.783 brainseq__dlpfc__M034
brainseq__dlpfc__M035                   SET      20       0.1819    0.0060839       0.1879       0.1665 brainseq__dlpfc__M035
brainseq__dlpfc__M036                   SET      15      0.38503     0.011154      0.26266     0.071354 brainseq__dlpfc__M036
brainseq__dlpfc__M037                   SET      18     0.063097    0.0020022      0.17996      0.36294 brainseq__dlpfc__M037
brainseq__caudate_sczd__M000            SET     101      0.13374     0.010029      0.09962     0.089721 brainseq__caudate_sczd__M000
brainseq__caudate_sczd__M001            SET      84     -0.20613    -0.014103      0.10157      0.97878 brainseq__caudate_sczd__M001
brainseq__caudate_sczd__M002            SET     336      0.11142     0.015138     0.053414       0.0185 brainseq__caudate_sczd__M002
brainseq__caudate_sczd__M003            SET     250     0.095024     0.011164     0.063429     0.067059 brainseq__caudate_sczd__M003
brainseq__caudate_sczd__M004            SET     162     0.084925    0.0080516     0.071934      0.11889 brainseq__caudate_sczd__M004
brainseq__caudate_sczd__M005            SET     131      0.13185     0.011251     0.087995     0.067031 brainseq__caudate_sczd__M005
brainseq__caudate_sczd__M006            SET     163      0.06445    0.0061291     0.071706      0.18438 brainseq__caudate_sczd__M006
brainseq__caudate_sczd__M007            SET     143    -0.070791   -0.0063092     0.077337      0.81999 brainseq__caudate_sczd__M007
brainseq__caudate_sczd__M008            SET     148     0.098644    0.0089426     0.080402      0.10994 brainseq__caudate_sczd__M008
brainseq__caudate_sczd__M009            SET     119     -0.13079    -0.010641      0.09027       0.9263 brainseq__caudate_sczd__M009
brainseq__caudate_sczd__M010            SET      55     0.078687      0.00436      0.12501      0.26453 brainseq__caudate_sczd__M010
brainseq__caudate_sczd__M011            SET      56     0.040068    0.0022401      0.10907      0.35667 brainseq__caudate_sczd__M011
brainseq__caudate_sczd__M012            SET      45       0.0364    0.0018249      0.16108      0.41061 brainseq__caudate_sczd__M012
brainseq__caudate_sczd__M013            SET      31     0.027018    0.0011247      0.17041      0.43702 brainseq__caudate_sczd__M013
brainseq__caudate_sczd__M014            SET      43    -0.034594   -0.0016955      0.13819      0.59883 brainseq__caudate_sczd__M014
brainseq__caudate_sczd__M015            SET      31      -0.1223   -0.0050908      0.17886      0.75292 brainseq__caudate_sczd__M015
brainseq__caudate_sczd__M016            SET      33      0.57927     0.024877      0.15708    0.0001135 brainseq__caudate_sczd__M016
brainseq__caudate_sczd__M017            SET       8     -0.20461   -0.0043297      0.31335      0.74311 brainseq__caudate_sczd__M017
brainseq__caudate_sczd__M018            SET      26      -0.1223   -0.0046632      0.20217      0.72739 brainseq__caudate_sczd__M018
brainseq__caudate_sczd__M019            SET      27    -0.032408   -0.0012591      0.20144      0.56391 brainseq__caudate_sczd__M019
brainseq__caudate_sczd__M020            SET      26     -0.02715   -0.0010352      0.16795      0.56421 brainseq__caudate_sczd__M020
brainseq__caudate_sczd__M021            SET      20    -0.068213   -0.0022814      0.22617      0.61852 brainseq__caudate_sczd__M021
brainseq__caudate_sczd__M022            SET      21     0.058284    0.0019975      0.22147      0.39621 brainseq__caudate_sczd__M022
brainseq__caudate_sczd__M023            SET      24      0.10997    0.0040286       0.1991      0.29037 brainseq__caudate_sczd__M023
brainseq__caudate_sczd__M024            SET      25      0.25013    0.0093519      0.21485      0.12218 brainseq__caudate_sczd__M024
brainseq__caudate_sczd__M025            SET      20    -0.044927   -0.0015026      0.22977      0.57751 brainseq__caudate_sczd__M025
brainseq__caudate_sczd__M026            SET      18       0.2904    0.0092146      0.22822      0.10162 brainseq__caudate_sczd__M026
