# TOTAL_GENES = 17860
# TEST_DIRECTION = one-sided, positive (set), two-sided (covar)
# CONDITIONED_INTERNAL = gene size, gene density, sample size, inverse mac, log(gene size), log(gene density), log(sample size), log(inverse mac)
VARIABLE                               TYPE  NGENES         BETA     BETA_STD           SE            P FULL_NAME
gtex__amygdala__M000                    SET     945     0.088298     0.019767     0.031583    0.0025921 gtex__amygdala__M000
gtex__amygdala__M001                    SET     563     0.047654    0.0083266     0.041479      0.12531 gtex__amygdala__M001
gtex__amygdala__M002                    SET     548     0.066168     0.011411     0.039407     0.046577 gtex__amygdala__M002
gtex__amygdala__M003                    SET     418       0.1263     0.019095     0.043878     0.002001 gtex__amygdala__M003
gtex__amygdala__M004                    SET     298     0.059637    0.0076391     0.055686       0.1421 gtex__amygdala__M004
gtex__amygdala__M005                    SET     284     0.041714    0.0052183     0.053802      0.21908 gtex__amygdala__M005
gtex__amygdala__M006                    SET     244     0.077985     0.009053     0.060556     0.098915 gtex__amygdala__M006
gtex__amygdala__M007                    SET     168      -0.1292    -0.012472     0.076966      0.95339 gtex__amygdala__M007
gtex__amygdala__M008                    SET     164    -0.089622   -0.0085488     0.080574      0.86699 gtex__amygdala__M008
gtex__amygdala__M009                    SET     136     0.049479    0.0043014     0.075554      0.25627 gtex__amygdala__M009
gtex__amygdala__M010                    SET     125      0.12506     0.010426     0.082989     0.065927 gtex__amygdala__M010
gtex__amygdala__M011                    SET     101    -0.018235   -0.0013674     0.090096      0.58019 gtex__amygdala__M011
gtex__amygdala__M012                    SET      80  -0.00037831  -2.5263e-05      0.09604      0.50157 gtex__amygdala__M012
gtex__amygdala__M013                    SET      64      0.17218     0.010289      0.12958     0.091965 gtex__amygdala__M013
gtex__amygdala__M014                    SET      61      0.13703    0.0079951       0.1179      0.12256 gtex__amygdala__M014
gtex__amygdala__M015                    SET      16      0.32452     0.009709      0.24288     0.090761 gtex__amygdala__M015
gtex__amygdala__M016                    SET      12     -0.33615   -0.0087106      0.27949      0.88545 gtex__amygdala__M016
gtex__amygdala__M017                    SET      21     -0.10148   -0.0034778      0.19837      0.69552 gtex__amygdala__M017
gtex__amygdala__M018                    SET      16      0.08492    0.0025407      0.23424      0.35848 gtex__amygdala__M018
gtex__amygdala__M019                    SET      18      0.32754     0.010393      0.21074     0.060076 gtex__amygdala__M019
gtex__anterior_cingulate_cor...1        SET    1819     0.093046     0.028142     0.023409   3.5372e-05 gtex__anterior_cingulate_cortex_ba24__M000
gtex__anterior_cingulate_cor...2        SET     685      0.05726     0.010997     0.035639     0.054072 gtex__anterior_cingulate_cortex_ba24__M001
gtex__anterior_cingulate_cor...3        SET     723  -0.00010301  -2.0302e-05      0.03743       0.5011 gtex__anterior_cingulate_cortex_ba24__M002
gtex__anterior_cingulate_cor...4        SET     657     0.033886    0.0063787     0.037108      0.18058 gtex__anterior_cingulate_cortex_ba24__M003
gtex__anterior_cingulate_cor...5        SET     612     0.023278    0.0042346     0.037521       0.2675 gtex__anterior_cingulate_cortex_ba24__M004
gtex__anterior_cingulate_cor...6        SET     556     0.072263      0.01255     0.040167     0.036013 gtex__anterior_cingulate_cortex_ba24__M005
gtex__anterior_cingulate_cor...7        SET     399     0.030515    0.0045098     0.047135       0.2587 gtex__anterior_cingulate_cortex_ba24__M006
gtex__anterior_cingulate_cor...8        SET     302     -0.11803    -0.015219     0.056459      0.98171 gtex__anterior_cingulate_cortex_ba24__M007
gtex__anterior_cingulate_cor...9        SET     124      0.10081    0.0083707     0.082991      0.11225 gtex__anterior_cingulate_cortex_ba24__M008
gtex__anterior_cingulate_cor...10       SET     120     0.017837    0.0014572     0.079152      0.41086 gtex__anterior_cingulate_cortex_ba24__M009
gtex__anterior_cingulate_cor...11       SET      94     -0.11411   -0.0082565     0.099207      0.87496 gtex__anterior_cingulate_cortex_ba24__M010
gtex__anterior_cingulate_cor...12       SET     108    -0.037093   -0.0028758     0.083704      0.67117 gtex__anterior_cingulate_cortex_ba24__M011
gtex__anterior_cingulate_cor...13       SET      85      0.12433    0.0085571     0.095402     0.096254 gtex__anterior_cingulate_cortex_ba24__M012
gtex__anterior_cingulate_cor...14       SET      69    -0.016961   -0.0010522      0.11222      0.56007 gtex__anterior_cingulate_cortex_ba24__M013
gtex__anterior_cingulate_cor...15       SET      53    -0.020561   -0.0011184       0.1127      0.57238 gtex__anterior_cingulate_cortex_ba24__M014
gtex__anterior_cingulate_cor...16       SET      60      0.15457    0.0089445      0.12623      0.11038 gtex__anterior_cingulate_cortex_ba24__M015
gtex__anterior_cingulate_cor...17       SET      40      0.20277    0.0095855      0.15723     0.098602 gtex__anterior_cingulate_cortex_ba24__M016
gtex__anterior_cingulate_cor...18       SET      33      0.26786     0.011504      0.15649     0.043485 gtex__anterior_cingulate_cortex_ba24__M017
gtex__anterior_cingulate_cor...19       SET      28      0.18117    0.0071678      0.16746      0.13967 gtex__anterior_cingulate_cortex_ba24__M018
gtex__anterior_cingulate_cor...20       SET      22      -0.0344   -0.0012066      0.18422      0.57407 gtex__anterior_cingulate_cortex_ba24__M019
gtex__anterior_cingulate_cor...21       SET      22    -0.087665    -0.003075      0.20827      0.66309 gtex__anterior_cingulate_cortex_ba24__M020
gtex__caudate_basal_ganglia_...1        SET    1304     0.090508     0.023547     0.027559   0.00051242 gtex__caudate_basal_ganglia__M000
gtex__caudate_basal_ganglia_...2        SET    1202    -0.016669   -0.0041765     0.028585       0.7201 gtex__caudate_basal_ganglia__M001
gtex__caudate_basal_ganglia_...3        SET     763     0.055338     0.011191     0.034725     0.055521 gtex__caudate_basal_ganglia__M002
gtex__caudate_basal_ganglia_...4        SET     668     0.036617     0.006948     0.035037        0.148 gtex__caudate_basal_ganglia__M003
gtex__caudate_basal_ganglia_...5        SET     617     0.064124     0.011711      0.03791     0.045384 gtex__caudate_basal_ganglia__M004
gtex__caudate_basal_ganglia_...6        SET     447      0.03555    0.0055534     0.043138      0.20495 gtex__caudate_basal_ganglia__M005
gtex__caudate_basal_ganglia_...7        SET     340    -0.053672   -0.0073347      0.05436      0.83825 gtex__caudate_basal_ganglia__M006
gtex__caudate_basal_ganglia_...8        SET     287     0.010437    0.0013124     0.055262       0.4251 gtex__caudate_basal_ganglia__M007
gtex__caudate_basal_ganglia_...9        SET     267     0.069243     0.008403     0.054354      0.10135 gtex__caudate_basal_ganglia__M008
gtex__caudate_basal_ganglia_...10       SET     246      0.15919     0.018554     0.065122    0.0072583 gtex__caudate_basal_ganglia__M009
gtex__caudate_basal_ganglia_...11       SET     172    -0.057004   -0.0055672        0.067      0.80256 gtex__caudate_basal_ganglia__M010
gtex__caudate_basal_ganglia_...12       SET      72   -0.0090173  -0.00057139      0.10594      0.53392 gtex__caudate_basal_ganglia__M011
gtex__caudate_basal_ganglia_...13       SET      57      0.14498    0.0081775      0.12564      0.12428 gtex__caudate_basal_ganglia__M012
gtex__caudate_basal_ganglia_...14       SET      58    -0.074455   -0.0042361      0.11766      0.73656 gtex__caudate_basal_ganglia__M013
gtex__caudate_basal_ganglia_...15       SET      48     0.026714    0.0013831      0.13926      0.42394 gtex__caudate_basal_ganglia__M014
gtex__caudate_basal_ganglia_...16       SET      39     0.081495    0.0038042      0.13523      0.27338 gtex__caudate_basal_ganglia__M015
gtex__caudate_basal_ganglia_...17       SET      17      0.15505    0.0047816      0.19584      0.21426 gtex__caudate_basal_ganglia__M016
gtex__cerebellar_hemisphere_...1        SET    2212     0.066028     0.021751     0.021381    0.0010089 gtex__cerebellar_hemisphere__M000
gtex__cerebellar_hemisphere_...2        SET     709     0.031114    0.0060752     0.033934       0.1796 gtex__cerebellar_hemisphere__M001
gtex__cerebellar_hemisphere_...3        SET     655     0.049716    0.0093449     0.037664     0.093431 gtex__cerebellar_hemisphere__M002
gtex__cerebellar_hemisphere_...4        SET     605     0.048214    0.0087225     0.037612      0.09995 gtex__cerebellar_hemisphere__M003
gtex__cerebellar_hemisphere_...5        SET     488    -0.013649   -0.0022252      0.04829      0.61128 gtex__cerebellar_hemisphere__M004
gtex__cerebellar_hemisphere_...6        SET     266      0.12426     0.015052     0.055282     0.012303 gtex__cerebellar_hemisphere__M005
gtex__cerebellar_hemisphere_...7        SET     226     0.065091    0.0072758     0.059992      0.13897 gtex__cerebellar_hemisphere__M006
gtex__cerebellar_hemisphere_...8        SET     194     0.028859    0.0029915     0.064017      0.32607 gtex__cerebellar_hemisphere__M007
gtex__cerebellar_hemisphere_...9        SET     140     0.039752    0.0035058     0.076638      0.30199 gtex__cerebellar_hemisphere__M008
gtex__cerebellar_hemisphere_...10       SET      86      0.17942      0.01242     0.098841     0.034755 gtex__cerebellar_hemisphere__M009
gtex__cerebellar_hemisphere_...11       SET      75     0.076917    0.0049741     0.096158      0.21189 gtex__cerebellar_hemisphere__M010
gtex__cerebellar_hemisphere_...12       SET      66      0.14117    0.0085658      0.10833     0.096274 gtex__cerebellar_hemisphere__M011
gtex__cerebellar_hemisphere_...13       SET      64     0.019981     0.001194      0.10254      0.42275 gtex__cerebellar_hemisphere__M012
gtex__cerebellar_hemisphere_...14       SET      49     0.085059    0.0044493      0.12743      0.25223 gtex__cerebellar_hemisphere__M013
gtex__cerebellar_hemisphere_...15       SET      39      0.29754     0.013889      0.15378     0.026517 gtex__cerebellar_hemisphere__M014
gtex__cerebellar_hemisphere_...16       SET      23     -0.11405   -0.0040902      0.19237      0.72336 gtex__cerebellar_hemisphere__M015
gtex__cerebellar_hemisphere_...17       SET      32     -0.13588   -0.0057465       0.1858       0.7677 gtex__cerebellar_hemisphere__M016
gtex__cerebellar_hemisphere_...18       SET      28    -0.071572   -0.0028317      0.17133      0.66193 gtex__cerebellar_hemisphere__M017
gtex__cerebellar_hemisphere_...19       SET      26     0.028084    0.0010708      0.17792      0.43729 gtex__cerebellar_hemisphere__M018
gtex__cerebellar_hemisphere_...20       SET      23     -0.62432     -0.02239      0.19468      0.99933 gtex__cerebellar_hemisphere__M019
gtex__cerebellar_hemisphere_...21       SET      14      0.31329    0.0087683      0.26713      0.12045 gtex__cerebellar_hemisphere__M020
gtex__cerebellar_hemisphere_...22       SET      19     -0.18356   -0.0059842      0.22321      0.79456 gtex__cerebellar_hemisphere__M022
gtex__cerebellar_hemisphere_...23       SET      16      0.66923     0.020022      0.25946    0.0049533 gtex__cerebellar_hemisphere__M023
gtex__cerebellar_hemisphere_...24       SET      14     0.013071   0.00036584      0.20841        0.475 gtex__cerebellar_hemisphere__M024
gtex__cerebellum__M000                  SET     735     0.047312    0.0093985     0.035143     0.089119 gtex__cerebellum__M000
gtex__cerebellum__M001                  SET     336    -0.029849   -0.0040555     0.057022      0.69967 gtex__cerebellum__M001
gtex__cerebellum__M002                  SET     253     0.088793     0.010493     0.056767     0.058898 gtex__cerebellum__M002
gtex__cerebellum__M003                  SET     246       0.1929     0.022483      0.06223   0.00097006 gtex__cerebellum__M003
gtex__cerebellum__M004                  SET     177      0.04489    0.0044468     0.064232      0.24232 gtex__cerebellum__M004
gtex__cerebellum__M005                  SET     166      0.10264    0.0098493     0.067683     0.064711 gtex__cerebellum__M005
gtex__cerebellum__M006                  SET     162      0.10284    0.0097501     0.072238     0.077288 gtex__cerebellum__M006
gtex__cerebellum__M007                  SET      88   -0.0077008  -0.00053923     0.093841       0.5327 gtex__cerebellum__M007
gtex__cerebellum__M008                  SET     124    -0.085477   -0.0070977     0.087278      0.83629 gtex__cerebellum__M008
gtex__cerebellum__M009                  SET      94     -0.13952    -0.010095     0.093767       0.9316 gtex__cerebellum__M009
gtex__cerebellum__M010                  SET     107      0.16949      0.01308     0.084091     0.021928 gtex__cerebellum__M010
gtex__cerebellum__M011                  SET      81     0.085847    0.0057684      0.11592      0.22948 gtex__cerebellum__M011
gtex__cerebellum__M012                  SET      75    -0.019815   -0.0012814      0.10028      0.57832 gtex__cerebellum__M012
gtex__cerebellum__M013                  SET      48     0.024961    0.0012923      0.12331       0.4198 gtex__cerebellum__M013
gtex__cerebellum__M014                  SET      45      0.29756     0.014918      0.13733     0.015135 gtex__cerebellum__M014
gtex__cerebellum__M015                  SET      42      0.10654    0.0051605      0.14222      0.22689 gtex__cerebellum__M015
gtex__cerebellum__M016                  SET      40      0.14852    0.0070208      0.14508        0.153 gtex__cerebellum__M016
gtex__cerebellum__M017                  SET      38     0.058739    0.0027066      0.14066      0.33813 gtex__cerebellum__M017
gtex__cerebellum__M018                  SET      19     -0.25789   -0.0084073      0.24498      0.85376 gtex__cerebellum__M018
gtex__cerebellum__M019                  SET      25      0.23128    0.0086473      0.17626     0.094737 gtex__cerebellum__M019
gtex__cerebellum__M020                  SET      21     0.077618    0.0026601      0.19046      0.34181 gtex__cerebellum__M020
gtex__cerebellum__M022                  SET      21     -0.58892    -0.020183      0.23987      0.99295 gtex__cerebellum__M022
gtex__cerebellum__M023                  SET      18      0.11134    0.0035328       0.2564      0.33206 gtex__cerebellum__M023
gtex__cerebellum__M024                  SET      17     -0.13114    -0.004044      0.18432      0.76159 gtex__cerebellum__M024
gtex__cortex__M000                      SET     687     0.032009     0.006156     0.036228      0.18848 gtex__cortex__M000
gtex__cortex__M001                      SET     569      0.12375     0.021734     0.040775    0.0012049 gtex__cortex__M001
gtex__cortex__M002                      SET     622     0.083306     0.015274     0.037966     0.014116 gtex__cortex__M002
gtex__cortex__M003                      SET     577     0.079491     0.014056     0.038102     0.018485 gtex__cortex__M003
gtex__cortex__M004                      SET     360     0.057814    0.0081252     0.050742      0.12728 gtex__cortex__M004
gtex__cortex__M005                      SET     261      0.13494     0.016193     0.057903    0.0098987 gtex__cortex__M005
gtex__cortex__M006                      SET     183     -0.17594    -0.017719     0.076061      0.98964 gtex__cortex__M006
gtex__cortex__M007                      SET     185     0.073694    0.0074615     0.065541      0.13043 gtex__cortex__M007
gtex__cortex__M008                      SET     149      0.14533     0.013219      0.07244     0.022428 gtex__cortex__M008
gtex__cortex__M009                      SET      71     -0.13718   -0.0086321      0.11678      0.87992 gtex__cortex__M009
gtex__cortex__M010                      SET      99      -0.1771    -0.013149      0.10263      0.95778 gtex__cortex__M010
gtex__cortex__M011                      SET      35     0.030174    0.0013345      0.15811      0.42433 gtex__cortex__M011
gtex__frontal_cortex_ba9__M0...1        SET    1156      0.05322     0.013095     0.027591      0.02688 gtex__frontal_cortex_ba9__M000
gtex__frontal_cortex_ba9__M0...2        SET    1199    -0.095103      -0.0238     0.029384      0.99939 gtex__frontal_cortex_ba9__M001
gtex__frontal_cortex_ba9__M0...3        SET    1131     0.081802     0.019923     0.028058    0.0017784 gtex__frontal_cortex_ba9__M002
gtex__frontal_cortex_ba9__M0...4        SET    1090     0.074564      0.01785     0.030034    0.0065257 gtex__frontal_cortex_ba9__M003
gtex__frontal_cortex_ba9__M0...5        SET     823     0.061429      0.01288     0.033643     0.033941 gtex__frontal_cortex_ba9__M004
gtex__frontal_cortex_ba9__M0...6        SET     668   -0.0041164  -0.00078108     0.036365      0.54506 gtex__frontal_cortex_ba9__M005
gtex__frontal_cortex_ba9__M0...7        SET     459    0.0052019   0.00082316     0.046983      0.45592 gtex__frontal_cortex_ba9__M006
gtex__frontal_cortex_ba9__M0...8        SET     513     0.044726    0.0074708     0.038518      0.12279 gtex__frontal_cortex_ba9__M007
gtex__frontal_cortex_ba9__M0...9        SET     427     0.086229     0.013173     0.052613     0.050623 gtex__frontal_cortex_ba9__M008
gtex__frontal_cortex_ba9__M0...10       SET     467      0.22213     0.035447     0.043691   1.8666e-07 gtex__frontal_cortex_ba9__M009
gtex__frontal_cortex_ba9__M0...11       SET      80    0.0025948   0.00017328       0.1055      0.49019 gtex__frontal_cortex_ba9__M010
gtex__hippocampus__M000                 SET    1332     0.077439     0.020345      0.02778    0.0026579 gtex__hippocampus__M000
gtex__hippocampus__M001                 SET    1412     0.035425     0.009559     0.026161     0.087857 gtex__hippocampus__M001
gtex__hippocampus__M002                 SET     771     0.087439     0.017771     0.034131      0.00521 gtex__hippocampus__M002
gtex__hippocampus__M003                 SET     814     0.038274    0.0079828     0.032749      0.12127 gtex__hippocampus__M003
gtex__hippocampus__M004                 SET     396    0.0019361   0.00028509     0.045665      0.48309 gtex__hippocampus__M004
gtex__hippocampus__M005                 SET     356   -0.0019584  -0.00027373     0.049318      0.51584 gtex__hippocampus__M005
gtex__hippocampus__M006                 SET     331     -0.07812    -0.010536     0.056136      0.91797 gtex__hippocampus__M006
gtex__hippocampus__M007                 SET     278     0.019906    0.0024642     0.053513      0.35495 gtex__hippocampus__M007
gtex__hippocampus__M008                 SET     230     0.026552    0.0029938     0.060755      0.33104 gtex__hippocampus__M008
gtex__hippocampus__M009                 SET     166    -0.081454   -0.0078165     0.076509      0.85647 gtex__hippocampus__M009
gtex__hippocampus__M010                 SET     129     0.038621    0.0032705     0.077833      0.30988 gtex__hippocampus__M010
gtex__hippocampus__M011                 SET      93      0.06338    0.0045618     0.091475       0.2442 gtex__hippocampus__M011
gtex__hippocampus__M012                 SET     102      0.10389    0.0078287     0.092082      0.12963 gtex__hippocampus__M012
gtex__hippocampus__M013                 SET      70     0.065224    0.0040755      0.10519      0.26761 gtex__hippocampus__M013
gtex__hippocampus__M014                 SET      70      0.12774    0.0079816     0.098425     0.097183 gtex__hippocampus__M014
gtex__hippocampus__M015                 SET      36      0.36691     0.016457      0.15132    0.0076645 gtex__hippocampus__M015
gtex__hippocampus__M016                 SET      28      0.14262    0.0056426      0.17858      0.21226 gtex__hippocampus__M016
gtex__hippocampus__M017                 SET      34     -0.13447   -0.0058619      0.16736      0.78915 gtex__hippocampus__M017
gtex__hypothalamus__M000                SET    2017     0.052359     0.016573     0.022651     0.010407 gtex__hypothalamus__M000
gtex__hypothalamus__M001                SET     682     0.082435     0.015799     0.035947     0.010923 gtex__hypothalamus__M001
gtex__hypothalamus__M002                SET     490      0.06323     0.010329     0.042605       0.0689 gtex__hypothalamus__M002
gtex__hypothalamus__M003                SET     371     0.037229    0.0053099      0.04699       0.2141 gtex__hypothalamus__M003
gtex__hypothalamus__M004                SET     355   -0.0073536   -0.0010264     0.047004      0.56216 gtex__hypothalamus__M004
gtex__hypothalamus__M005                SET     201    -0.029208   -0.0030811     0.068132      0.66592 gtex__hypothalamus__M005
gtex__hypothalamus__M006                SET     226      -0.1084    -0.012117     0.067907      0.94477 gtex__hypothalamus__M006
gtex__hypothalamus__M007                SET     252     0.099516     0.011738     0.059339     0.046772 gtex__hypothalamus__M007
gtex__hypothalamus__M008                SET     188     -0.11542    -0.011779     0.073763      0.94116 gtex__hypothalamus__M008
gtex__hypothalamus__M009                SET     134      0.10168    0.0087746     0.083028      0.11036 gtex__hypothalamus__M009
gtex__hypothalamus__M010                SET     101     0.075399    0.0056541     0.086574      0.19191 gtex__hypothalamus__M010
gtex__hypothalamus__M011                SET      89    0.0022241   0.00015662     0.093183      0.49048 gtex__hypothalamus__M011
gtex__hypothalamus__M012                SET      78    -0.033721   -0.0022237      0.09722      0.63565 gtex__hypothalamus__M012
gtex__hypothalamus__M013                SET      67      0.12305    0.0075229       0.1083      0.12793 gtex__hypothalamus__M013
gtex__hypothalamus__M014                SET      65    -0.060979   -0.0036721      0.11595      0.70052 gtex__hypothalamus__M014
gtex__hypothalamus__M015                SET      70      0.19094     0.011931     0.098008     0.025705 gtex__hypothalamus__M015
gtex__hypothalamus__M016                SET      58     0.042239    0.0024032      0.11919      0.36153 gtex__hypothalamus__M016
gtex__hypothalamus__M017                SET      56    0.0016327   9.1284e-05      0.13003      0.49499 gtex__hypothalamus__M017
gtex__hypothalamus__M018                SET      38      -0.0695   -0.0032025      0.14054      0.68953 gtex__hypothalamus__M018
gtex__hypothalamus__M019                SET      27    -0.091543   -0.0035567      0.17682      0.69767 gtex__hypothalamus__M019
gtex__hypothalamus__M020                SET      26     -0.06467   -0.0024657      0.15467      0.66207 gtex__hypothalamus__M020
gtex__hypothalamus__M021                SET      24    -0.048349   -0.0017712      0.17747      0.60736 gtex__hypothalamus__M021
gtex__hypothalamus__M022                SET      24     -0.23278   -0.0085277      0.21387      0.86179 gtex__hypothalamus__M022
gtex__hypothalamus__M024                SET      20     0.017972   0.00060108      0.21146      0.46614 gtex__hypothalamus__M024
gtex__nucleus_accumbens_basa...1        SET    2606      0.10397     0.036705     0.020271   1.4723e-07 gtex__nucleus_accumbens_basal_ganglia__M000
gtex__nucleus_accumbens_basa...2        SET     768     0.062087     0.012595     0.033065     0.030216 gtex__nucleus_accumbens_basal_ganglia__M001
gtex__nucleus_accumbens_basa...3        SET     799     0.035915    0.0074248     0.033767      0.14376 gtex__nucleus_accumbens_basal_ganglia__M002
gtex__nucleus_accumbens_basa...4        SET     392     0.014359    0.0021038     0.046784      0.37946 gtex__nucleus_accumbens_basal_ganglia__M003
gtex__nucleus_accumbens_basa...5        SET     279    -0.067417   -0.0083604     0.057869      0.87798 gtex__nucleus_accumbens_basal_ganglia__M004
gtex__nucleus_accumbens_basa...6        SET     227     0.071862    0.0080502     0.062647      0.12568 gtex__nucleus_accumbens_basal_ganglia__M005
gtex__nucleus_accumbens_basa...7        SET     185     0.015942    0.0016141     0.067885      0.40717 gtex__nucleus_accumbens_basal_ganglia__M006
gtex__nucleus_accumbens_basa...8        SET     178      0.04142    0.0041145     0.066089      0.26542 gtex__nucleus_accumbens_basal_ganglia__M007
gtex__nucleus_accumbens_basa...9        SET     169     -0.12521    -0.012123     0.077019      0.94799 gtex__nucleus_accumbens_basal_ganglia__M008
gtex__nucleus_accumbens_basa...10       SET     158     0.059274    0.0055505     0.071985      0.20514 gtex__nucleus_accumbens_basal_ganglia__M009
gtex__nucleus_accumbens_basa...11       SET     131     0.086006     0.007339     0.081025      0.14424 gtex__nucleus_accumbens_basal_ganglia__M010
gtex__nucleus_accumbens_basa...12       SET      92     0.045345    0.0032462     0.089924      0.30704 gtex__nucleus_accumbens_basal_ganglia__M011
gtex__nucleus_accumbens_basa...13       SET      80     0.046982    0.0031375       0.1043      0.32619 gtex__nucleus_accumbens_basal_ganglia__M012
gtex__nucleus_accumbens_basa...14       SET      67     0.092511    0.0056557      0.11325      0.20701 gtex__nucleus_accumbens_basal_ganglia__M013
gtex__nucleus_accumbens_basa...15       SET      58      -0.1112    -0.006327      0.11727       0.8285 gtex__nucleus_accumbens_basal_ganglia__M014
gtex__nucleus_accumbens_basa...16       SET      23     0.069858    0.0025054       0.2024      0.36499 gtex__nucleus_accumbens_basal_ganglia__M015
gtex__nucleus_accumbens_basa...17       SET      19      0.18658    0.0060825       0.2048      0.18114 gtex__nucleus_accumbens_basal_ganglia__M016
gtex__nucleus_accumbens_basa...18       SET      18    0.0083564   0.00026516      0.21125      0.48422 gtex__nucleus_accumbens_basal_ganglia__M017
gtex__putamen_basal_ganglia_...1        SET    1177     0.087353     0.021674       0.0287    0.0011706 gtex__putamen_basal_ganglia__M000
gtex__putamen_basal_ganglia_...2        SET    1385     -0.02369   -0.0063362     0.027043      0.80947 gtex__putamen_basal_ganglia__M001
gtex__putamen_basal_ganglia_...3        SET     884     0.083551     0.018123     0.031479    0.0039791 gtex__putamen_basal_ganglia__M002
gtex__putamen_basal_ganglia_...4        SET     729    -0.018496   -0.0036599     0.033348      0.71043 gtex__putamen_basal_ganglia__M003
gtex__putamen_basal_ganglia_...5        SET     524      0.22955     0.038739      0.04383   8.2465e-08 gtex__putamen_basal_ganglia__M004
gtex__putamen_basal_ganglia_...6        SET     459     0.081343     0.012872     0.043625     0.031128 gtex__putamen_basal_ganglia__M005
gtex__putamen_basal_ganglia_...7        SET     441    0.0060396   0.00093728     0.044811      0.44639 gtex__putamen_basal_ganglia__M006
gtex__putamen_basal_ganglia_...8        SET     429    -0.022652   -0.0034684     0.042948      0.70105 gtex__putamen_basal_ganglia__M007
gtex__putamen_basal_ganglia_...9        SET     344     0.048648    0.0066864     0.049013      0.16047 gtex__putamen_basal_ganglia__M008
gtex__putamen_basal_ganglia_...10       SET     162      0.11608     0.011005     0.070588     0.050051 gtex__putamen_basal_ganglia__M009
gtex__putamen_basal_ganglia_...11       SET      97     0.044169    0.0032463     0.091241      0.31417 gtex__putamen_basal_ganglia__M010
gtex__putamen_basal_ganglia_...12       SET     105     0.053372    0.0040804     0.092944      0.28291 gtex__putamen_basal_ganglia__M011
gtex__putamen_basal_ganglia_...13       SET      44      0.22172     0.010992      0.14473     0.062779 gtex__putamen_basal_ganglia__M012
gtex__putamen_basal_ganglia_...14       SET      38      0.18128    0.0083533      0.13115     0.083453 gtex__putamen_basal_ganglia__M013
gtex__putamen_basal_ganglia_...15       SET      34      0.17233    0.0075122      0.17321      0.15989 gtex__putamen_basal_ganglia__M014
gtex__putamen_basal_ganglia_...16       SET      34       0.2435     0.010614       0.1416     0.042766 gtex__putamen_basal_ganglia__M015
gtex__putamen_basal_ganglia_...17       SET      33      0.10679    0.0045861      0.15173      0.24079 gtex__putamen_basal_ganglia__M016
gtex__putamen_basal_ganglia_...18       SET      21      0.34158     0.011706      0.23354     0.071794 gtex__putamen_basal_ganglia__M017
gtex__spinal_cord_cervical_c...1        SET    1293     0.042089     0.010907     0.027323     0.061739 gtex__spinal_cord_cervical_c_1__M000
gtex__spinal_cord_cervical_c...2        SET     734     0.055551     0.011028     0.034748     0.054954 gtex__spinal_cord_cervical_c_1__M001
gtex__spinal_cord_cervical_c...3        SET     592      0.12023     0.021524     0.042294     0.002239 gtex__spinal_cord_cervical_c_1__M002
gtex__spinal_cord_cervical_c...4        SET     332     0.015396    0.0020796     0.055673      0.39107 gtex__spinal_cord_cervical_c_1__M003
gtex__spinal_cord_cervical_c...5        SET     409     0.058589    0.0087644     0.046564      0.10416 gtex__spinal_cord_cervical_c_1__M004
gtex__spinal_cord_cervical_c...6        SET     279     0.023384    0.0028998     0.057767      0.34281 gtex__spinal_cord_cervical_c_1__M005
gtex__spinal_cord_cervical_c...7        SET     223     0.083549    0.0092777     0.060839     0.084842 gtex__spinal_cord_cervical_c_1__M006
gtex__spinal_cord_cervical_c...8        SET     249     0.016125    0.0018907     0.055972      0.38664 gtex__spinal_cord_cervical_c_1__M007
gtex__spinal_cord_cervical_c...9        SET     169      0.12481     0.012084     0.067435     0.032103 gtex__spinal_cord_cervical_c_1__M008
gtex__spinal_cord_cervical_c...10       SET     143     0.065115    0.0058033     0.073546      0.18799 gtex__spinal_cord_cervical_c_1__M009
gtex__spinal_cord_cervical_c...11       SET      94   -0.0057353  -0.00041499      0.10093      0.52266 gtex__spinal_cord_cervical_c_1__M010
gtex__spinal_cord_cervical_c...12       SET     105     0.079453    0.0060743     0.097992      0.20875 gtex__spinal_cord_cervical_c_1__M011
gtex__spinal_cord_cervical_c...13       SET      91     0.069612    0.0049564     0.096878      0.23621 gtex__spinal_cord_cervical_c_1__M012
gtex__spinal_cord_cervical_c...14       SET      48    -0.098318   -0.0050903      0.12551      0.78327 gtex__spinal_cord_cervical_c_1__M013
gtex__spinal_cord_cervical_c...15       SET      32     -0.19349   -0.0081829        0.179      0.86013 gtex__spinal_cord_cervical_c_1__M014
gtex__spinal_cord_cervical_c...16       SET      25    -0.073923   -0.0027639      0.16039      0.67756 gtex__spinal_cord_cervical_c_1__M015
gtex__spinal_cord_cervical_c...17       SET      22    -0.078868   -0.0027664      0.18935      0.66148 gtex__spinal_cord_cervical_c_1__M016
gtex__spinal_cord_cervical_c...18       SET      22     -0.37344    -0.013099      0.21934      0.95567 gtex__spinal_cord_cervical_c_1__M017
gtex__spinal_cord_cervical_c...19       SET      18      0.14694    0.0046625       0.2252      0.25705 gtex__spinal_cord_cervical_c_1__M018
gtex__substantia_nigra__M000            SET    1023    0.0095984    0.0022305     0.030764      0.37752 gtex__substantia_nigra__M000
gtex__substantia_nigra__M001            SET     858     0.067166     0.014364     0.031592     0.016757 gtex__substantia_nigra__M001
gtex__substantia_nigra__M002            SET     971     0.055334     0.012547     0.029902     0.032128 gtex__substantia_nigra__M002
gtex__substantia_nigra__M003            SET     543      0.04954     0.008506     0.042772      0.12339 gtex__substantia_nigra__M003
gtex__substantia_nigra__M004            SET     565      0.03582    0.0062696     0.040291        0.187 gtex__substantia_nigra__M004
gtex__substantia_nigra__M005            SET     425       0.1433     0.021841     0.047582    0.0013013 gtex__substantia_nigra__M005
gtex__substantia_nigra__M006            SET     174    -0.077018   -0.0075651     0.075677      0.84559 gtex__substantia_nigra__M006
gtex__substantia_nigra__M007            SET     102    0.0059135   0.00044563     0.096111      0.47547 gtex__substantia_nigra__M007
gtex__substantia_nigra__M008            SET      46      0.12287    0.0062278      0.12855      0.16959 gtex__substantia_nigra__M008
gtex__substantia_nigra__M009            SET      39     -0.29187    -0.013624      0.16072      0.96531 gtex__substantia_nigra__M009
brainseq__caudate__M000                 SET    1020     0.052145     0.012101     0.030013     0.041168 brainseq__caudate__M000
brainseq__caudate__M001                 SET    1324    0.0050426    0.0013211     0.027173      0.42639 brainseq__caudate__M001
brainseq__caudate__M002                 SET     915     0.038899    0.0085763     0.032675      0.11694 brainseq__caudate__M002
brainseq__caudate__M003                 SET     813     0.051991     0.010837     0.032175     0.053071 brainseq__caudate__M003
brainseq__caudate__M004                 SET     574      0.11026     0.019447     0.039835    0.0028232 brainseq__caudate__M004
brainseq__caudate__M005                 SET     126      0.06925    0.0057961     0.080043      0.19348 brainseq__caudate__M005
brainseq__caudate__M006                 SET     367    -0.009595   -0.0013613     0.048817      0.57791 brainseq__caudate__M006
brainseq__caudate__M007                 SET     195     0.081573    0.0084772     0.064594      0.10333 brainseq__caudate__M007
brainseq__caudate__M008                 SET      54     -0.13948   -0.0076584      0.12995      0.85845 brainseq__caudate__M008
brainseq__caudate__M009                 SET      49    -0.034686   -0.0018144       0.1248      0.60946 brainseq__caudate__M009
brainseq__hippocampus__M000             SET     503     -0.12487    -0.020659     0.044016      0.99772 brainseq__hippocampus__M000
brainseq__hippocampus__M001             SET     488     0.064297     0.010482     0.041044     0.058621 brainseq__hippocampus__M001
brainseq__hippocampus__M002             SET     464     0.097427     0.015499     0.044794     0.014822 brainseq__hippocampus__M002
brainseq__hippocampus__M003             SET     468      0.16826      0.02688     0.046226    0.0001367 brainseq__hippocampus__M003
brainseq__hippocampus__M004             SET     366     0.065829    0.0093268     0.050472     0.096081 brainseq__hippocampus__M004
brainseq__hippocampus__M005             SET     360     0.067238    0.0094497     0.049562     0.087454 brainseq__hippocampus__M005
brainseq__hippocampus__M006             SET     344     0.018625    0.0025599     0.050728      0.35675 brainseq__hippocampus__M006
brainseq__hippocampus__M007             SET     306      0.17623      0.02287     0.056118   0.00084518 brainseq__hippocampus__M007
brainseq__hippocampus__M008             SET     300    -0.010461   -0.0013444     0.052392      0.57913 brainseq__hippocampus__M008
brainseq__hippocampus__M009             SET      47     -0.17447   -0.0089386      0.12921      0.91152 brainseq__hippocampus__M009
brainseq__hippocampus__M010             SET      47      0.10147    0.0051988      0.13514      0.22636 brainseq__hippocampus__M010
brainseq__hippocampus__M011             SET      23     -0.10376   -0.0037211      0.19059      0.70691 brainseq__hippocampus__M011
brainseq__hippocampus__M012             SET      18    -0.075253   -0.0023879      0.21942      0.63419 brainseq__hippocampus__M012
brainseq__dlpfc__M000                   SET     540     0.094581     0.016196     0.041363     0.011116 brainseq__dlpfc__M000
brainseq__dlpfc__M001                   SET     501     0.049254    0.0081331     0.041151      0.11568 brainseq__dlpfc__M001
brainseq__dlpfc__M002                   SET     437      0.01965    0.0030359     0.044763      0.33035 brainseq__dlpfc__M002
brainseq__dlpfc__M003                   SET     443     0.058923    0.0091644     0.046931      0.10465 brainseq__dlpfc__M003
brainseq__dlpfc__M004                   SET     404     0.039373    0.0058546     0.048882      0.21028 brainseq__dlpfc__M004
brainseq__dlpfc__M005                   SET     411     0.052233    0.0078322     0.047017       0.1333 brainseq__dlpfc__M005
brainseq__dlpfc__M006                   SET     395     0.071863     0.010569     0.046994     0.063119 brainseq__dlpfc__M006
brainseq__dlpfc__M007                   SET     353     0.026217    0.0036493     0.048007       0.2925 brainseq__dlpfc__M007
brainseq__dlpfc__M008                   SET     350     0.014753    0.0020449     0.047943      0.37915 brainseq__dlpfc__M008
brainseq__dlpfc__M009                   SET     186     -0.05246   -0.0053258     0.071095       0.7697 brainseq__dlpfc__M009
brainseq__dlpfc__M010                   SET     140     0.056414    0.0049753     0.076966      0.23179 brainseq__dlpfc__M010
brainseq__dlpfc__M011                   SET      47     0.049285     0.002525      0.15025      0.37145 brainseq__dlpfc__M011
brainseq__caudate_sczd__M000            SET     411      0.06955     0.010429     0.047492     0.071542 brainseq__caudate_sczd__M000
brainseq__caudate_sczd__M001            SET     529     0.064987     0.011018     0.041876     0.060356 brainseq__caudate_sczd__M001
brainseq__caudate_sczd__M002            SET     405     0.014734    0.0021935     0.046835      0.37654 brainseq__caudate_sczd__M002
brainseq__caudate_sczd__M003            SET     329      0.10457     0.014062     0.055366     0.029472 brainseq__caudate_sczd__M003
brainseq__caudate_sczd__M004            SET     324     0.044749    0.0059724     0.052026      0.19487 brainseq__caudate_sczd__M004
brainseq__caudate_sczd__M005            SET     281     0.050609    0.0062981       0.0595      0.19751 brainseq__caudate_sczd__M005
brainseq__caudate_sczd__M006            SET     184     -0.15363    -0.015514     0.073861      0.98123 brainseq__caudate_sczd__M006
brainseq__caudate_sczd__M007            SET     146      0.23166      0.02086     0.077211    0.0013503 brainseq__caudate_sczd__M007
brainseq__caudate_sczd__M008            SET     112      0.02475    0.0019538      0.08911      0.39061 brainseq__caudate_sczd__M008
brainseq__caudate_sczd__M009            SET      87     0.052788    0.0036754     0.090055      0.27888 brainseq__caudate_sczd__M009
brainseq__caudate_sczd__M010            SET      66      0.13331    0.0080892      0.12428      0.14173 brainseq__caudate_sczd__M010
brainseq__caudate_sczd__M011            SET      61     0.089792    0.0052388      0.11427      0.21601 brainseq__caudate_sczd__M011
brainseq__caudate_sczd__M012            SET      43      0.17436    0.0085453      0.13143     0.092332 brainseq__caudate_sczd__M012
brainseq__caudate_sczd__M013            SET      31      0.18756    0.0078075      0.15383      0.11137 brainseq__caudate_sczd__M013
brainseq__caudate_sczd__M014            SET      40     0.075052    0.0035479      0.13871      0.29423 brainseq__caudate_sczd__M014
brainseq__caudate_sczd__M015            SET      22      0.33265     0.011668      0.19626     0.045051 brainseq__caudate_sczd__M015
brainseq__caudate_sczd__M016            SET       5     -0.40471   -0.0067708      0.32969      0.89018 brainseq__caudate_sczd__M016
brainseq__caudate_sczd__M018            SET      22    -0.010081  -0.00035359      0.19964      0.52014 brainseq__caudate_sczd__M018
