# MEAN_SAMPLE_SIZE = 6618
# TOTAL_GENES = 17717
# TEST_DIRECTION = one-sided, positive (set), two-sided (covar)
# CONDITIONED_INTERNAL = gene size, gene density, inverse mac, log(gene size), log(gene density), log(inverse mac)
VARIABLE                               TYPE  NGENES         BETA     BETA_STD           SE            P FULL_NAME
gtex__amygdala__M000                    SET   12268     0.017025     0.007857     0.014518      0.12047 gtex__amygdala__M000
gtex__amygdala__M001                    SET     430     0.036248    0.0055782     0.041825      0.19307 gtex__amygdala__M001
gtex__amygdala__M002                    SET     450     0.014291    0.0022485     0.040615      0.36248 gtex__amygdala__M002
gtex__amygdala__M003                    SET     285     0.057384    0.0072196     0.050312      0.12703 gtex__amygdala__M003
gtex__amygdala__M004                    SET     182    -0.051723   -0.0052155     0.064491      0.78872 gtex__amygdala__M004
gtex__amygdala__M006                    SET      95     0.008324   0.00060791     0.087824      0.46225 gtex__amygdala__M006
gtex__amygdala__M005                    SET      64    -0.056641   -0.0033982     0.099721      0.71498 gtex__amygdala__M005
gtex__anterior_cingulate_cor...1        SET   11547     0.015089    0.0071889     0.013954      0.13978 gtex__anterior_cingulate_cortex_ba24__M000
gtex__anterior_cingulate_cor...4        SET     239    -0.026594   -0.0030679     0.054524      0.68713 gtex__anterior_cingulate_cortex_ba24__M003
gtex__anterior_cingulate_cor...3        SET     432    -0.029964   -0.0046217     0.041326      0.76579 gtex__anterior_cingulate_cortex_ba24__M002
gtex__anterior_cingulate_cor...2        SET     847    0.0086007    0.0018351      0.02992      0.38688 gtex__anterior_cingulate_cortex_ba24__M001
gtex__anterior_cingulate_cor...7        SET     119     0.056529    0.0046174     0.072747      0.21856 gtex__anterior_cingulate_cortex_ba24__M006
gtex__anterior_cingulate_cor...5        SET     258      0.05755    0.0068943     0.053012      0.13883 gtex__anterior_cingulate_cortex_ba24__M004
gtex__anterior_cingulate_cor...6        SET     191   -0.0031527  -0.00032559     0.062858         0.52 gtex__anterior_cingulate_cortex_ba24__M005
gtex__caudate_basal_ganglia_...1        SET   10763    0.0079746    0.0038942     0.013505      0.27743 gtex__caudate_basal_ganglia__M000
gtex__caudate_basal_ganglia_...2        SET    1197     0.017704    0.0044437     0.024868      0.23826 gtex__caudate_basal_ganglia__M001
gtex__caudate_basal_ganglia_...5        SET     398     0.049691    0.0073638     0.043381      0.12602 gtex__caudate_basal_ganglia__M004
gtex__caudate_basal_ganglia_...4        SET     493    -0.022149   -0.0036431     0.039207      0.71393 gtex__caudate_basal_ganglia__M003
gtex__caudate_basal_ganglia_...6        SET     242    -0.023923   -0.0027768     0.057169      0.66219 gtex__caudate_basal_ganglia__M005
gtex__caudate_basal_ganglia_...3        SET     681     0.019875    0.0038212     0.034154      0.28031 gtex__caudate_basal_ganglia__M002
gtex__cerebellar_hemisphere_...1        SET   10463     0.017366    0.0085396     0.013784      0.10387 gtex__cerebellar_hemisphere__M000
gtex__cerebellar_hemisphere_...3        SET     584     0.022454     0.004009     0.038668      0.28073 gtex__cerebellar_hemisphere__M002
gtex__cerebellar_hemisphere_...2        SET     903    -0.011152   -0.0024528     0.030074      0.64461 gtex__cerebellar_hemisphere__M001
gtex__cerebellar_hemisphere_...10       SET     154  -0.00043434  -4.0319e-05     0.072489      0.50239 gtex__cerebellar_hemisphere__M009
gtex__cerebellar_hemisphere_...5        SET      75   -0.0039444   -0.0002561     0.088789      0.51772 gtex__cerebellar_hemisphere__M004
gtex__cerebellar_hemisphere_...8        SET     122    -0.068661   -0.0056781     0.071228      0.83246 gtex__cerebellar_hemisphere__M007
gtex__cerebellar_hemisphere_...4        SET     234    -0.047832   -0.0054608     0.050057      0.83035 gtex__cerebellar_hemisphere__M003
gtex__cerebellar_hemisphere_...9        SET     187    -0.059194   -0.0060494      0.06245      0.82839 gtex__cerebellar_hemisphere__M008
gtex__cerebellar_hemisphere_...7        SET     243     0.081746    0.0095079     0.055274     0.069592 gtex__cerebellar_hemisphere__M006
gtex__cerebellar_hemisphere_...6        SET     275     0.011423    0.0014121     0.052948       0.4146 gtex__cerebellar_hemisphere__M005
gtex__cerebellar_hemisphere_...11       SET      65    -0.050192   -0.0030347      0.10351      0.68612 gtex__cerebellar_hemisphere__M010
gtex__cerebellum__M000                  SET    9969     0.013291    0.0065931     0.013428      0.16115 gtex__cerebellum__M000
gtex__cerebellum__M001                  SET     883     0.013399    0.0029159     0.030072      0.32796 gtex__cerebellum__M001
gtex__cerebellum__M003                  SET     285     0.009593    0.0012069     0.045077      0.41574 gtex__cerebellum__M003
gtex__cerebellum__M004                  SET     337     0.013363    0.0018254     0.047148      0.38843 gtex__cerebellum__M004
gtex__cerebellum__M005                  SET     371     0.015383    0.0022027     0.047614      0.37332 gtex__cerebellum__M005
gtex__cerebellum__M009                  SET     118    -0.036814   -0.0029945     0.071868      0.69576 gtex__cerebellum__M009
gtex__cerebellum__M007                  SET     111   -0.0069327  -0.00054703     0.070925      0.53893 gtex__cerebellum__M007
gtex__cerebellum__M006                  SET     253    -0.033207   -0.0039399     0.053385      0.73303 gtex__cerebellum__M006
gtex__cerebellum__M002                  SET     564    0.0021948   0.00038532     0.038905      0.47751 gtex__cerebellum__M002
gtex__cerebellum__M010                  SET      94    -0.059899   -0.0043516      0.09359      0.73891 gtex__cerebellum__M010
gtex__cerebellum__M008                  SET     149      0.15127     0.013815     0.069734     0.015037 gtex__cerebellum__M008
gtex__cerebellum__M014                  SET      45    -0.049846    -0.002509      0.12662      0.65309 gtex__cerebellum__M014
gtex__cerebellum__M012                  SET      72     -0.12925   -0.0082227      0.10372      0.89363 gtex__cerebellum__M012
gtex__cerebellum__M013                  SET      41    -0.026167   -0.0012574      0.13242      0.57832 gtex__cerebellum__M013
gtex__cerebellum__M011                  SET      63    -0.050659   -0.0030156     0.092843      0.70734 gtex__cerebellum__M011
gtex__cortex__M000                      SET   10467     0.022471     0.011049     0.013443     0.047317 gtex__cortex__M000
gtex__cortex__M005                      SET     255     0.026052     0.003103     0.053818      0.31417 gtex__cortex__M005
gtex__cortex__M003                      SET     648   -0.0099259   -0.0018633     0.033928      0.61507 gtex__cortex__M003
gtex__cortex__M008                      SET     135     0.011348    0.0009868     0.069817      0.43544 gtex__cortex__M008
gtex__cortex__M010                      SET      53     0.048285    0.0026371      0.11345       0.3352 gtex__cortex__M010
gtex__cortex__M004                      SET     447     0.029124    0.0045674     0.042934      0.24878 gtex__cortex__M004
gtex__cortex__M002                      SET     519    -0.045887    -0.007738     0.037258      0.89094 gtex__cortex__M002
gtex__cortex__M009                      SET      69      0.04354     0.002712       0.1017      0.33429 gtex__cortex__M009
gtex__cortex__M001                      SET     803     0.022705    0.0047231     0.030967      0.23172 gtex__cortex__M001
gtex__cortex__M006                      SET     176     -0.20792     -0.02062     0.069493      0.99861 gtex__cortex__M006
gtex__cortex__M007                      SET     173     0.027828    0.0027364     0.057553      0.31437 gtex__cortex__M007
gtex__frontal_cortex_ba9__M0...1        SET   10527    0.0025269    0.0012409     0.013329      0.42482 gtex__frontal_cortex_ba9__M000
gtex__frontal_cortex_ba9__M0...3        SET     604     0.023654    0.0042925      0.03477      0.24816 gtex__frontal_cortex_ba9__M002
gtex__frontal_cortex_ba9__M0...2        SET    1368     0.025424    0.0067868     0.023328      0.13789 gtex__frontal_cortex_ba9__M001
gtex__frontal_cortex_ba9__M0...6        SET     194      0.02941    0.0030607     0.054155      0.29355 gtex__frontal_cortex_ba9__M005
gtex__frontal_cortex_ba9__M0...4        SET     542     0.006297    0.0010844     0.037989      0.43417 gtex__frontal_cortex_ba9__M003
gtex__frontal_cortex_ba9__M0...5        SET     253     0.068796    0.0081623     0.053896      0.10091 gtex__frontal_cortex_ba9__M004
gtex__frontal_cortex_ba9__M0...7        SET     169    -0.015133    -0.001471     0.069207      0.58654 gtex__frontal_cortex_ba9__M006
gtex__hippocampus__M000                 SET   12119     0.024883     0.011568     0.014286     0.040779 gtex__hippocampus__M000
gtex__hippocampus__M001                 SET    1090    0.0035575   0.00085485     0.026236      0.44607 gtex__hippocampus__M001
gtex__hippocampus__M002                 SET     527    0.0037806   0.00064229     0.037206      0.45953 gtex__hippocampus__M002
gtex__hippocampus__M003                 SET      95     -0.11431   -0.0083484     0.094076      0.88783 gtex__hippocampus__M003
gtex__hypothalamus__M000                SET   11045    0.0036784    0.0017823     0.013449      0.39223 gtex__hypothalamus__M000
gtex__hypothalamus__M003                SET     406     0.064791    0.0096953     0.042182     0.062279 gtex__hypothalamus__M003
gtex__hypothalamus__M001                SET    1447    -0.010594   -0.0029013     0.022733      0.67939 gtex__hypothalamus__M001
gtex__hypothalamus__M004                SET     352     0.051873    0.0072389     0.045293      0.12605 gtex__hypothalamus__M004
gtex__hypothalamus__M002                SET     544     0.046533    0.0080281     0.036616       0.1019 gtex__hypothalamus__M002
gtex__hypothalamus__M005                SET     249    -0.049557   -0.0058338     0.055282      0.81499 gtex__hypothalamus__M005
gtex__nucleus_accumbens_basa...1        SET   11921     0.017923    0.0084092     0.014342      0.10572 gtex__nucleus_accumbens_basal_ganglia__M000
gtex__nucleus_accumbens_basa...3        SET     358    -0.040567   -0.0057082     0.045508      0.81364 gtex__nucleus_accumbens_basal_ganglia__M002
gtex__nucleus_accumbens_basa...2        SET     487      0.01763    0.0028827     0.039022      0.32571 gtex__nucleus_accumbens_basal_ganglia__M001
gtex__nucleus_accumbens_basa...7        SET     187      0.11063     0.011306     0.061161     0.035248 gtex__nucleus_accumbens_basal_ganglia__M006
gtex__nucleus_accumbens_basa...5        SET     233     -0.02277   -0.0025941     0.057008      0.65521 gtex__nucleus_accumbens_basal_ganglia__M004
gtex__nucleus_accumbens_basa...6        SET     208     0.034791    0.0037476     0.063957      0.29323 gtex__nucleus_accumbens_basal_ganglia__M005
gtex__nucleus_accumbens_basa...4        SET     360     0.017267    0.0024362     0.044948      0.35044 gtex__nucleus_accumbens_basal_ganglia__M003
gtex__putamen_basal_ganglia_...1        SET   11402     0.013449    0.0064417     0.014045      0.16913 gtex__putamen_basal_ganglia__M000
gtex__putamen_basal_ganglia_...7        SET      65     0.025589    0.0015471      0.10001      0.39903 gtex__putamen_basal_ganglia__M006
gtex__putamen_basal_ganglia_...2        SET    1132     0.046481     0.011368     0.026406     0.039196 gtex__putamen_basal_ganglia__M001
gtex__putamen_basal_ganglia_...5        SET     255     0.071644    0.0085333     0.054463     0.094188 gtex__putamen_basal_ganglia__M004
gtex__putamen_basal_ganglia_...4        SET     272     0.056056    0.0068923     0.051555      0.13846 gtex__putamen_basal_ganglia__M003
gtex__putamen_basal_ganglia_...3        SET     432    -0.080989    -0.012492      0.04227      0.97231 gtex__putamen_basal_ganglia__M002
gtex__putamen_basal_ganglia_...6        SET      53      -0.1409   -0.0076952      0.10814       0.9037 gtex__putamen_basal_ganglia__M005
gtex__spinal_cord_cervical_c...1        SET   10691     0.022093     0.010808     0.013504     0.050925 gtex__spinal_cord_cervical_c_1__M000
gtex__spinal_cord_cervical_c...2        SET     996     0.021521    0.0049573     0.027025      0.21292 gtex__spinal_cord_cervical_c_1__M001
gtex__spinal_cord_cervical_c...4        SET     619    -0.015521   -0.0028501     0.035922      0.66715 gtex__spinal_cord_cervical_c_1__M003
gtex__spinal_cord_cervical_c...3        SET    1039   -0.0066852   -0.0015708     0.027915      0.59463 gtex__spinal_cord_cervical_c_1__M002
gtex__spinal_cord_cervical_c...6        SET     131     0.021974    0.0018826     0.069692      0.37627 gtex__spinal_cord_cervical_c_1__M005
gtex__spinal_cord_cervical_c...5        SET     287    -0.065546   -0.0082748     0.049879      0.90558 gtex__spinal_cord_cervical_c_1__M004
gtex__spinal_cord_cervical_c...7        SET      77    -0.075414    -0.004961      0.10449      0.76476 gtex__spinal_cord_cervical_c_1__M006
gtex__substantia_nigra__M000            SET    8446     0.020061      0.01002     0.012918     0.060221 gtex__substantia_nigra__M000
gtex__substantia_nigra__M004            SET     538     0.029439    0.0050517     0.036667      0.21103 gtex__substantia_nigra__M004
gtex__substantia_nigra__M001            SET    2631   -0.0016164  -0.00057482     0.017849      0.53608 gtex__substantia_nigra__M001
gtex__substantia_nigra__M002            SET     976   -0.0067052   -0.0015299     0.027562       0.5961 gtex__substantia_nigra__M002
gtex__substantia_nigra__M003            SET     788     0.014532    0.0029959     0.031919      0.32446 gtex__substantia_nigra__M003
gtex__substantia_nigra__M007            SET     125      0.06185     0.005177     0.072986      0.19838 gtex__substantia_nigra__M007
gtex__substantia_nigra__M005            SET     135   -0.0094556  -0.00082227     0.077113       0.5488 gtex__substantia_nigra__M005
gtex__substantia_nigra__M006            SET      79     -0.12528   -0.0083475     0.090349      0.91722 gtex__substantia_nigra__M006
brainseq__caudate__M000                 SET    3186    0.0083527    0.0032079     0.015836      0.29894 brainseq__caudate__M000
brainseq__caudate__M015                 SET       8     -0.45689   -0.0097068      0.30836      0.93077 brainseq__caudate__M015
brainseq__caudate__M002                 SET    1067      0.02306    0.0054862     0.025827      0.18597 brainseq__caudate__M002
brainseq__caudate__M004                 SET    1194    -0.029939    -0.007506     0.025587      0.87901 brainseq__caudate__M004
brainseq__caudate__M005                 SET     555    0.0070977    0.0012364     0.036712      0.42335 brainseq__caudate__M005
brainseq__caudate__M013                 SET     151     -0.04702   -0.0043225     0.058952      0.78744 brainseq__caudate__M013
brainseq__caudate__M014                 SET     146     0.036118    0.0032653     0.065741      0.29137 brainseq__caudate__M014
brainseq__caudate__M001                 SET    2540   -0.0069074   -0.0024207     0.017359      0.65465 brainseq__caudate__M001
brainseq__caudate__M003                 SET    1278    -0.012096   -0.0031294     0.023626      0.69566 brainseq__caudate__M003
brainseq__caudate__M019                 SET      72      0.07307    0.0046488     0.090742      0.21035 brainseq__caudate__M019
brainseq__caudate__M008                 SET     264      0.06985    0.0084631     0.051999     0.089594 brainseq__caudate__M008
brainseq__caudate__M016                 SET     103       0.2016     0.015327      0.08317    0.0076828 brainseq__caudate__M016
brainseq__caudate__M009                 SET     296    0.0071621   0.00091801      0.04813      0.44085 brainseq__caudate__M009
brainseq__caudate__M007                 SET     310   -0.0011186  -0.00014667     0.045822      0.50974 brainseq__caudate__M007
brainseq__caudate__M018                 SET      54    -0.013824  -0.00076204      0.10611      0.55183 brainseq__caudate__M018
brainseq__caudate__M011                 SET     242     -0.10176    -0.011812     0.055255      0.96723 brainseq__caudate__M011
brainseq__caudate__M010                 SET     250      0.05697    0.0067196      0.05504      0.15033 brainseq__caudate__M010
brainseq__caudate__M006                 SET     547     0.034441    0.0059576     0.035557      0.16637 brainseq__caudate__M006
brainseq__caudate__M017                 SET      81      0.10909    0.0073597     0.085449      0.10086 brainseq__caudate__M017
brainseq__caudate__M012                 SET     164     0.034374     0.003292     0.068729      0.30849 brainseq__caudate__M012
brainseq__hippocampus__M000             SET   10114     0.013467    0.0066657      0.01313      0.15253 brainseq__hippocampus__M000
brainseq__hippocampus__M008             SET     147     0.015775     0.001431     0.074075      0.41568 brainseq__hippocampus__M008
brainseq__hippocampus__M001             SET     886    -0.070726    -0.015416     0.030246      0.99031 brainseq__hippocampus__M001
brainseq__hippocampus__M002             SET    1030      0.03489    0.0081646     0.027134     0.099257 brainseq__hippocampus__M002
brainseq__hippocampus__M004             SET     464     0.070387     0.011241     0.038178     0.032627 brainseq__hippocampus__M004
brainseq__hippocampus__M003             SET     441     0.010971    0.0017092     0.042287      0.39765 brainseq__hippocampus__M003
brainseq__hippocampus__M006             SET     263    -0.015694   -0.0018979     0.053459      0.61546 brainseq__hippocampus__M006
brainseq__hippocampus__M005             SET     202      0.11494     0.012203     0.064943     0.038384 brainseq__hippocampus__M005
brainseq__hippocampus__M007             SET     108     -0.11953   -0.0093039     0.089166      0.90995 brainseq__hippocampus__M007
brainseq__dlpfc__M002                   SET    1328   0.00076527   0.00020152     0.023231      0.48686 brainseq__dlpfc__M002
brainseq__dlpfc__M000                   SET     855     0.036234    0.0077656     0.028934      0.10524 brainseq__dlpfc__M000
brainseq__dlpfc__M005                   SET    1058  -0.00079937  -0.00018943     0.024734      0.51289 brainseq__dlpfc__M005
brainseq__dlpfc__M014                   SET     251   -0.0058737  -0.00069418     0.056106      0.54169 brainseq__dlpfc__M014
brainseq__dlpfc__M004                   SET    1171   -0.0043383   -0.0010779     0.025098      0.56861 brainseq__dlpfc__M004
brainseq__dlpfc__M011                   SET     417   -0.0078324   -0.0011874     0.041584       0.5747 brainseq__dlpfc__M011
brainseq__dlpfc__M008                   SET     604     0.019146    0.0034743     0.031207      0.26977 brainseq__dlpfc__M008
brainseq__dlpfc__M006                   SET    1151    -0.021122   -0.0052059     0.024438      0.80629 brainseq__dlpfc__M006
brainseq__dlpfc__M010                   SET     506      0.02976    0.0049571     0.037694      0.21491 brainseq__dlpfc__M010
brainseq__dlpfc__M009                   SET     238     0.013359     0.001538     0.052514       0.3996 brainseq__dlpfc__M009
brainseq__dlpfc__M015                   SET     344     0.023661    0.0032649     0.038895      0.27149 brainseq__dlpfc__M015
brainseq__dlpfc__M001                   SET    1662     0.018156    0.0052937     0.021368      0.19776 brainseq__dlpfc__M001
brainseq__dlpfc__M003                   SET    1206    -0.021218   -0.0053444     0.026919      0.78471 brainseq__dlpfc__M003
brainseq__dlpfc__M012                   SET     377     0.037799     0.005455     0.045402      0.20256 brainseq__dlpfc__M012
brainseq__dlpfc__M016                   SET     277      0.06974     0.008652     0.046344     0.066195 brainseq__dlpfc__M016
brainseq__dlpfc__M018                   SET     136     0.019884    0.0017355     0.066874      0.38311 brainseq__dlpfc__M018
brainseq__dlpfc__M013                   SET     331     0.055901    0.0075693     0.047002      0.11716 brainseq__dlpfc__M013
brainseq__dlpfc__M007                   SET     643   -0.0018153   -0.0003395     0.032526      0.52225 brainseq__dlpfc__M007
brainseq__dlpfc__M020                   SET      61    -0.027036   -0.0015837      0.10373      0.60281 brainseq__dlpfc__M020
brainseq__dlpfc__M017                   SET     136     0.086319    0.0075339     0.069623      0.10753 brainseq__dlpfc__M017
brainseq__dlpfc__M019                   SET      60    -0.064104   -0.0037243      0.10011      0.73903 brainseq__dlpfc__M019
brainseq__dlpfc__M021                   SET     104     -0.11151   -0.0085186     0.088019      0.89739 brainseq__dlpfc__M021
brainseq__caudate_sczd__M002            SET    1763     0.012495    0.0037403     0.019724      0.26321 brainseq__caudate_sczd__M002
brainseq__caudate_sczd__M000            SET    1972    0.0011599   0.00036482     0.019083      0.47577 brainseq__caudate_sczd__M000
brainseq__caudate_sczd__M009            SET     271  -0.00022167  -2.7206e-05     0.052313      0.50169 brainseq__caudate_sczd__M009
brainseq__caudate_sczd__M017            SET      14      -0.0802   -0.0022536      0.20262      0.65387 brainseq__caudate_sczd__M017
brainseq__caudate_sczd__M004            SET     981     0.023566    0.0053897     0.027232      0.19343 brainseq__caudate_sczd__M004
brainseq__caudate_sczd__M003            SET    1119    0.0039579   0.00096279     0.025021      0.43716 brainseq__caudate_sczd__M003
brainseq__caudate_sczd__M006            SET     523   -0.0010233  -0.00017321     0.038079      0.51072 brainseq__caudate_sczd__M006
brainseq__caudate_sczd__M016            SET     178    -0.077803   -0.0077595     0.054451      0.92347 brainseq__caudate_sczd__M016
brainseq__caudate_sczd__M018            SET     135    0.0030303   0.00026352     0.065018      0.48141 brainseq__caudate_sczd__M018
brainseq__caudate_sczd__M001            SET    2500    -0.033697    -0.011731      0.01767      0.97174 brainseq__caudate_sczd__M001
brainseq__caudate_sczd__M020            SET     115     0.048733    0.0039136     0.069129      0.24042 brainseq__caudate_sczd__M020
brainseq__caudate_sczd__M011            SET     195      0.10564     0.011022     0.061544     0.043039 brainseq__caudate_sczd__M011
brainseq__caudate_sczd__M012            SET     192      0.10215     0.010576     0.061105     0.047309 brainseq__caudate_sczd__M012
brainseq__caudate_sczd__M007            SET     494    -0.061573    -0.010138     0.038071      0.94709 brainseq__caudate_sczd__M007
brainseq__caudate_sczd__M008            SET     373     0.058407    0.0083852     0.041911      0.08173 brainseq__caudate_sczd__M008
brainseq__caudate_sczd__M014            SET     203    -0.019142   -0.0020373     0.058031      0.62925 brainseq__caudate_sczd__M014
brainseq__caudate_sczd__M019            SET     127    0.0066713   0.00056282     0.072598      0.46339 brainseq__caudate_sczd__M019
brainseq__caudate_sczd__M015            SET     176     0.036303    0.0036003     0.053214      0.24756 brainseq__caudate_sczd__M015
brainseq__caudate_sczd__M010            SET     239     0.079091    0.0091242     0.057436     0.084259 brainseq__caudate_sczd__M010
brainseq__caudate_sczd__M005            SET    1225     0.037906    0.0096169     0.024308     0.059455 brainseq__caudate_sczd__M005
brainseq__caudate_sczd__M013            SET     160     0.036632    0.0034655     0.059635      0.26952 brainseq__caudate_sczd__M013
brainseq__caudate_sczd__M021            SET     114      0.10573    0.0084541     0.083228      0.10199 brainseq__caudate_sczd__M021
