Welcome to MAGMA v1.10 (linux)
Using flags:
	--gene-results /ocean/projects/bio260021p/kbenjamin/projects/isograph-brain-aging-benchmarking/real_data/gwas/_m/gene_analysis/lbd_noMHC.genes.raw
	--set-annot /ocean/projects/bio260021p/kbenjamin/projects/isograph-brain-aging-benchmarking/real_data/gwas/_m/gene_sets/wgcna_gene_gene_sets.txt
	--out /ocean/projects/bio260021p/kbenjamin/projects/isograph-brain-aging-benchmarking/real_data/gwas/_m/results/lbd_noMHC_wgcna_gene

Start time is 00:15:55, Saturday 18 Jul 2026

Reading file /ocean/projects/bio260021p/kbenjamin/projects/isograph-brain-aging-benchmarking/real_data/gwas/_m/gene_analysis/lbd_noMHC.genes.raw... 
	17717 genes read from file
Loading gene-set annotation...
Reading file /ocean/projects/bio260021p/kbenjamin/projects/isograph-brain-aging-benchmarking/real_data/gwas/_m/gene_sets/wgcna_gene_gene_sets.txt... 
	WARNING: gene set gtex__cerebellum__M015 contains no genes defined in genotype data
	WARNING: gene set gtex__nucleus_accumbens_basal_ganglia__M007 contains no genes defined in genotype data
	WARNING: gene set brainseq__caudate__M020 contains no genes defined in genotype data
	WARNING: gene set brainseq__caudate_sczd__M022 contains no genes defined in genotype data
	185 gene-set definitions read from file
	found 181 gene sets containing genes defined in genotype data (containing a total of 15045 unique genes)
Preparing variables for analysis...
	truncating Z-scores 3 points below zero or 6 standard deviations above the mean
	WARNING: discarding gene set 'gtex__cerebellar_hemisphere__M011' from file /ocean/projects/bio260021p/kbenjamin/projects/isograph-brain-aging-benchmarking/real_data/gwas/_m/gene_sets/wgcna_gene_gene_sets.txt, variance is too low (set contains only one gene used in analysis)
	WARNING: discarding gene set 'gtex__hippocampus__M004' from file /ocean/projects/bio260021p/kbenjamin/projects/isograph-brain-aging-benchmarking/real_data/gwas/_m/gene_sets/wgcna_gene_gene_sets.txt, variance is too low (set contains only one gene used in analysis)
	WARNING: discarding gene set 'brainseq__dlpfc__M023' from file /ocean/projects/bio260021p/kbenjamin/projects/isograph-brain-aging-benchmarking/real_data/gwas/_m/gene_sets/wgcna_gene_gene_sets.txt, variance is too low (set contains only one gene used in analysis)
	WARNING: discarding gene set 'brainseq__dlpfc__M022' from file /ocean/projects/bio260021p/kbenjamin/projects/isograph-brain-aging-benchmarking/real_data/gwas/_m/gene_sets/wgcna_gene_gene_sets.txt, variance is too low (set contains only one gene used in analysis)
	WARNING: discarding gene set 'brainseq__dlpfc__M024' from file /ocean/projects/bio260021p/kbenjamin/projects/isograph-brain-aging-benchmarking/real_data/gwas/_m/gene_sets/wgcna_gene_gene_sets.txt, variance is too low (set contains only one gene used in analysis)
	truncating covariate values more than 5 standard deviations from the mean
	total variables available for analysis: 176 gene sets

Parsing model specifications...
Inverting gene-gene correlation matrix...
Performing regression analysis...
	testing direction: one-sided, positive (sets), two-sided (covar)
	conditioning on internal variables:
		gene size, log(gene size)
		gene density, log(gene density)
		inverse mac, log(inverse mac)
	analysing individual variables

	analysing single-variable models (number of models: 176)
	writing results to file /ocean/projects/bio260021p/kbenjamin/projects/isograph-brain-aging-benchmarking/real_data/gwas/_m/results/lbd_noMHC_wgcna_gene.gsa.out

End time is 00:16:07, Saturday 18 Jul 2026 (elapsed: 00:00:12)
