# MEAN_SAMPLE_SIZE = 14343
# TOTAL_GENES = 17680
# TEST_DIRECTION = one-sided, positive (set), two-sided (covar)
# CONDITIONED_INTERNAL = gene size, gene density, inverse mac, log(gene size), log(gene density), log(inverse mac)
VARIABLE                               TYPE  NGENES         BETA     BETA_STD           SE            P FULL_NAME
gtex__amygdala__M000                    SET     559      0.10799     0.018897     0.040743    0.0040223 gtex__amygdala__M000
gtex__amygdala__M001                    SET     455     0.088796     0.014061     0.043427     0.020449 gtex__amygdala__M001
gtex__amygdala__M002                    SET     360    -0.034424    -0.004862     0.046874      0.76864 gtex__amygdala__M002
gtex__amygdala__M003                    SET     238    -0.052931      -0.0061     0.061304      0.80604 gtex__amygdala__M003
gtex__amygdala__M004                    SET     222    -0.089064   -0.0099176     0.057163      0.94038 gtex__amygdala__M004
gtex__amygdala__M005                    SET     265     0.025415    0.0030883     0.055383      0.32315 gtex__amygdala__M005
gtex__amygdala__M006                    SET     185     -0.26757    -0.027228     0.072508      0.99989 gtex__amygdala__M006
gtex__amygdala__M007                    SET     149    -0.022757   -0.0020804     0.071545      0.62479 gtex__amygdala__M007
gtex__amygdala__M008                    SET     134     -0.02287   -0.0019835      0.08371      0.60765 gtex__amygdala__M008
gtex__amygdala__M009                    SET     119     -0.03385   -0.0027678     0.082433      0.65933 gtex__amygdala__M009
gtex__amygdala__M010                    SET     118     -0.12005   -0.0097754      0.08509      0.92085 gtex__amygdala__M010
gtex__amygdala__M011                    SET      92      0.10865    0.0078176     0.090009       0.1137 gtex__amygdala__M011
gtex__amygdala__M012                    SET      93      0.15005     0.010854      0.09547     0.058021 gtex__amygdala__M012
gtex__amygdala__M013                    SET      61     -0.19434    -0.011396      0.12271      0.94336 gtex__amygdala__M013
gtex__amygdala__M014                    SET      56   -0.0044906  -0.00025234      0.10495      0.51707 gtex__amygdala__M014
gtex__amygdala__M015                    SET      48       -0.134   -0.0069728      0.13375      0.84179 gtex__amygdala__M015
gtex__amygdala__M016                    SET      29     -0.19737   -0.0079873      0.18151      0.86157 gtex__amygdala__M016
gtex__amygdala__M017                    SET      37    -0.026171    -0.001196      0.13685      0.57583 gtex__amygdala__M017
gtex__amygdala__M018                    SET      31    -0.018822  -0.00078746      0.15776      0.54748 gtex__amygdala__M018
gtex__amygdala__M019                    SET      29      0.24626    0.0099658      0.15318     0.053968 gtex__amygdala__M019
gtex__amygdala__M020                    SET      28     0.071673    0.0028501      0.17386      0.34008 gtex__amygdala__M020
gtex__amygdala__M021                    SET      28     0.080512    0.0032016      0.16997      0.31786 gtex__amygdala__M021
gtex__amygdala__M022                    SET      20    -0.039311   -0.0013215      0.18945      0.58219 gtex__amygdala__M022
gtex__amygdala__M023                    SET      21       0.1993     0.006865      0.20708      0.16792 gtex__amygdala__M023
gtex__amygdala__M024                    SET      19     -0.20753   -0.0067997      0.19734      0.85351 gtex__amygdala__M024
gtex__amygdala__M025                    SET      10      0.77853     0.018511      0.30953    0.0059526 gtex__amygdala__M025
gtex__amygdala__M026                    SET      16   -0.0045823  -0.00013779      0.22841        0.508 gtex__amygdala__M026
gtex__amygdala__M027                    SET      13      0.41147     0.011154      0.25562     0.053744 gtex__amygdala__M027
gtex__amygdala__M028                    SET      15     -0.35189    -0.010246      0.26616      0.90692 gtex__amygdala__M028
gtex__anterior_cingulate_cor...1        SET     476      0.12528     0.020278     0.042798    0.0017122 gtex__anterior_cingulate_cortex_ba24__M000
gtex__anterior_cingulate_cor...2        SET     374      -0.1567    -0.022549     0.049858      0.99916 gtex__anterior_cingulate_cortex_ba24__M001
gtex__anterior_cingulate_cor...3        SET     267    -0.014202   -0.0017321     0.058436      0.59601 gtex__anterior_cingulate_cortex_ba24__M002
gtex__anterior_cingulate_cor...4        SET     335     0.021404    0.0029183     0.050995      0.33735 gtex__anterior_cingulate_cortex_ba24__M003
gtex__anterior_cingulate_cor...5        SET     254    -0.079496   -0.0094601     0.055691      0.92327 gtex__anterior_cingulate_cortex_ba24__M004
gtex__anterior_cingulate_cor...6        SET     224     0.047077    0.0052655     0.061102      0.22052 gtex__anterior_cingulate_cortex_ba24__M005
gtex__anterior_cingulate_cor...7        SET     218      0.06988    0.0077118     0.060625      0.12454 gtex__anterior_cingulate_cortex_ba24__M006
gtex__anterior_cingulate_cor...8        SET     150    -0.015789   -0.0014481     0.075702       0.5826 gtex__anterior_cingulate_cortex_ba24__M007
gtex__anterior_cingulate_cor...9        SET     183     0.012283    0.0012432     0.064206      0.42414 gtex__anterior_cingulate_cortex_ba24__M008
gtex__anterior_cingulate_cor...10       SET     208    -0.008798  -0.00094868     0.063174      0.55538 gtex__anterior_cingulate_cortex_ba24__M009
gtex__anterior_cingulate_cor...11       SET     171     0.035148      0.00344     0.062867      0.28806 gtex__anterior_cingulate_cortex_ba24__M010
gtex__anterior_cingulate_cor...12       SET     141      0.06962    0.0061926     0.075568      0.17846 gtex__anterior_cingulate_cortex_ba24__M011
gtex__anterior_cingulate_cor...13       SET     137     0.088925    0.0077977      0.07233      0.10946 gtex__anterior_cingulate_cortex_ba24__M012
gtex__anterior_cingulate_cor...14       SET     140     0.028854    0.0025575     0.073361      0.34705 gtex__anterior_cingulate_cortex_ba24__M013
gtex__anterior_cingulate_cor...15       SET     120    -0.096228    -0.007901      0.08869      0.86103 gtex__anterior_cingulate_cortex_ba24__M014
gtex__anterior_cingulate_cor...16       SET      91    -0.095297   -0.0068194     0.096494      0.83832 gtex__anterior_cingulate_cortex_ba24__M015
gtex__anterior_cingulate_cor...17       SET     117       0.1096    0.0088866     0.083874     0.095661 gtex__anterior_cingulate_cortex_ba24__M016
gtex__anterior_cingulate_cor...18       SET      97      0.16392     0.012109     0.091994     0.037396 gtex__anterior_cingulate_cortex_ba24__M017
gtex__anterior_cingulate_cor...19       SET     101    0.0065811   0.00049601     0.086939      0.46983 gtex__anterior_cingulate_cortex_ba24__M018
gtex__anterior_cingulate_cor...20       SET      72     0.080306    0.0051144      0.10529      0.22282 gtex__anterior_cingulate_cortex_ba24__M019
gtex__anterior_cingulate_cor...21       SET      57      0.15437    0.0087514      0.11762     0.094682 gtex__anterior_cingulate_cortex_ba24__M020
gtex__anterior_cingulate_cor...22       SET      71      0.25592     0.016186      0.12472     0.020097 gtex__anterior_cingulate_cortex_ba24__M021
gtex__anterior_cingulate_cor...23       SET      66       0.2692     0.016417      0.11238    0.0083079 gtex__anterior_cingulate_cortex_ba24__M022
gtex__anterior_cingulate_cor...24       SET      50       0.1342    0.0071269      0.11808      0.12788 gtex__anterior_cingulate_cortex_ba24__M023
gtex__anterior_cingulate_cor...25       SET      55     -0.16455   -0.0091639      0.13142      0.89473 gtex__anterior_cingulate_cortex_ba24__M024
gtex__anterior_cingulate_cor...26       SET      46     0.060917    0.0031033      0.13321      0.32373 gtex__anterior_cingulate_cortex_ba24__M025
gtex__anterior_cingulate_cor...27       SET      53     -0.01189  -0.00065006      0.12148      0.53898 gtex__anterior_cingulate_cortex_ba24__M026
gtex__anterior_cingulate_cor...28       SET      47     -0.12016   -0.0061872        0.122      0.83765 gtex__anterior_cingulate_cortex_ba24__M027
gtex__anterior_cingulate_cor...29       SET      30     0.066805    0.0027496      0.14634      0.32401 gtex__anterior_cingulate_cortex_ba24__M028
gtex__anterior_cingulate_cor...30       SET      31     0.087922    0.0036785      0.17138      0.30397 gtex__anterior_cingulate_cortex_ba24__M029
gtex__anterior_cingulate_cor...31       SET      27     -0.21411   -0.0083609      0.18052      0.88219 gtex__anterior_cingulate_cortex_ba24__M030
gtex__anterior_cingulate_cor...32       SET      25    -0.042013   -0.0015788       0.2044      0.58142 gtex__anterior_cingulate_cortex_ba24__M031
gtex__anterior_cingulate_cor...33       SET      16     -0.43657    -0.013128      0.21142      0.98053 gtex__anterior_cingulate_cortex_ba24__M032
gtex__anterior_cingulate_cor...34       SET      13     -0.18893   -0.0051214      0.27633      0.75292 gtex__anterior_cingulate_cortex_ba24__M033
gtex__anterior_cingulate_cor...35       SET      16     -0.11567   -0.0034782      0.19945      0.71902 gtex__anterior_cingulate_cortex_ba24__M034
gtex__caudate_basal_ganglia_...1        SET     743     0.012318    0.0024716     0.034312       0.3598 gtex__caudate_basal_ganglia__M000
gtex__caudate_basal_ganglia_...2        SET     392   0.00080894   0.00011911     0.047128      0.49315 gtex__caudate_basal_ganglia__M001
gtex__caudate_basal_ganglia_...3        SET     295    -0.029098   -0.0037273     0.057128      0.69474 gtex__caudate_basal_ganglia__M002
gtex__caudate_basal_ganglia_...4        SET     306    -0.019836   -0.0025869     0.051956      0.64868 gtex__caudate_basal_ganglia__M003
gtex__caudate_basal_ganglia_...5        SET     295     0.072944    0.0093436     0.054367     0.089858 gtex__caudate_basal_ganglia__M004
gtex__caudate_basal_ganglia_...6        SET     190     0.080223    0.0082718      0.06621      0.11283 gtex__caudate_basal_ganglia__M005
gtex__caudate_basal_ganglia_...7        SET     150      0.20808     0.019086     0.082091    0.0056301 gtex__caudate_basal_ganglia__M006
gtex__caudate_basal_ganglia_...8        SET     239     0.015582    0.0017994     0.055704      0.38985 gtex__caudate_basal_ganglia__M007
gtex__caudate_basal_ganglia_...9        SET     148     -0.14204    -0.012941     0.075457       0.9701 gtex__caudate_basal_ganglia__M008
gtex__caudate_basal_ganglia_...10       SET     167     -0.14293    -0.013826     0.076219      0.96962 gtex__caudate_basal_ganglia__M009
gtex__caudate_basal_ganglia_...11       SET     144     0.016652    0.0014967     0.071988      0.40854 gtex__caudate_basal_ganglia__M010
gtex__caudate_basal_ganglia_...12       SET     138      0.17204      0.01514     0.083256     0.019404 gtex__caudate_basal_ganglia__M011
gtex__caudate_basal_ganglia_...13       SET     121    -0.026965   -0.0022232     0.083842      0.62613 gtex__caudate_basal_ganglia__M012
gtex__caudate_basal_ganglia_...14       SET     126     -0.11741    -0.009877     0.081224      0.92584 gtex__caudate_basal_ganglia__M013
gtex__caudate_basal_ganglia_...15       SET     105      0.11316    0.0086946     0.085363     0.092497 gtex__caudate_basal_ganglia__M014
gtex__caudate_basal_ganglia_...16       SET      96    -0.071559   -0.0052588     0.089944      0.78686 gtex__caudate_basal_ganglia__M015
gtex__caudate_basal_ganglia_...17       SET     115    -0.065902   -0.0052979     0.080674        0.793 gtex__caudate_basal_ganglia__M016
gtex__caudate_basal_ganglia_...18       SET     110     0.049709    0.0039088     0.089111      0.28848 gtex__caudate_basal_ganglia__M017
gtex__caudate_basal_ganglia_...19       SET     108     0.088849    0.0069232     0.077681      0.12637 gtex__caudate_basal_ganglia__M018
gtex__caudate_basal_ganglia_...20       SET      82    0.0041814   0.00028411     0.093247      0.48212 gtex__caudate_basal_ganglia__M019
gtex__caudate_basal_ganglia_...21       SET      74     -0.14505   -0.0093647      0.10796      0.91045 gtex__caudate_basal_ganglia__M020
gtex__caudate_basal_ganglia_...22       SET      66     -0.04392   -0.0026785      0.10954      0.65577 gtex__caudate_basal_ganglia__M021
gtex__caudate_basal_ganglia_...23       SET      56      0.03993    0.0022438      0.11329      0.36225 gtex__caudate_basal_ganglia__M022
gtex__caudate_basal_ganglia_...24       SET      48      0.17328    0.0090168      0.12607     0.084656 gtex__caudate_basal_ganglia__M023
gtex__caudate_basal_ganglia_...25       SET      62    -0.097145   -0.0057428      0.10573      0.82089 gtex__caudate_basal_ganglia__M024
gtex__caudate_basal_ganglia_...26       SET      64    -0.023935   -0.0014375      0.12242       0.5775 gtex__caudate_basal_ganglia__M025
gtex__caudate_basal_ganglia_...27       SET      65    0.0059439   0.00035975      0.10891      0.47824 gtex__caudate_basal_ganglia__M026
gtex__caudate_basal_ganglia_...28       SET      56  -0.00049087  -2.7583e-05      0.11197      0.50175 gtex__caudate_basal_ganglia__M027
gtex__caudate_basal_ganglia_...29       SET      54    -0.065645   -0.0036225      0.12069      0.70675 gtex__caudate_basal_ganglia__M028
gtex__caudate_basal_ganglia_...30       SET      42    -0.030299   -0.0014751      0.14951       0.5803 gtex__caudate_basal_ganglia__M029
gtex__caudate_basal_ganglia_...31       SET      36      0.27447     0.012373      0.16146     0.044577 gtex__caudate_basal_ganglia__M030
gtex__caudate_basal_ganglia_...32       SET      38      0.14814    0.0068606      0.14387      0.15159 gtex__caudate_basal_ganglia__M031
gtex__caudate_basal_ganglia_...33       SET      27      0.17408    0.0067977      0.15529      0.13115 gtex__caudate_basal_ganglia__M032
gtex__caudate_basal_ganglia_...34       SET      20     0.067969    0.0022848      0.19641      0.36465 gtex__caudate_basal_ganglia__M033
gtex__caudate_basal_ganglia_...35       SET      19     -0.16352   -0.0053578      0.19249       0.8022 gtex__caudate_basal_ganglia__M034
gtex__caudate_basal_ganglia_...36       SET      17       0.2792    0.0086538      0.19061     0.071499 gtex__caudate_basal_ganglia__M035
gtex__cerebellar_hemisphere_...1        SET     688      0.10523     0.020351     0.035875    0.0016797 gtex__cerebellar_hemisphere__M000
gtex__cerebellar_hemisphere_...2        SET     588    -0.038307    -0.006869     0.036261       0.8546 gtex__cerebellar_hemisphere__M001
gtex__cerebellar_hemisphere_...3        SET     376     0.015088    0.0021769     0.046597      0.37305 gtex__cerebellar_hemisphere__M002
gtex__cerebellar_hemisphere_...4        SET     460    -0.092148    -0.014669     0.047828      0.97298 gtex__cerebellar_hemisphere__M003
gtex__cerebellar_hemisphere_...5        SET     365     0.005063   0.00071994     0.046346      0.45651 gtex__cerebellar_hemisphere__M004
gtex__cerebellar_hemisphere_...6        SET     247      0.06034    0.0070822     0.055979      0.14055 gtex__cerebellar_hemisphere__M005
gtex__cerebellar_hemisphere_...7        SET     242      0.10669     0.012397     0.060225     0.038246 gtex__cerebellar_hemisphere__M006
gtex__cerebellar_hemisphere_...8        SET     202     0.037198    0.0039534     0.057861      0.26015 gtex__cerebellar_hemisphere__M007
gtex__cerebellar_hemisphere_...9        SET     177     0.045859    0.0045656     0.063327      0.23449 gtex__cerebellar_hemisphere__M008
gtex__cerebellar_hemisphere_...10       SET     127     0.029194    0.0024654     0.087283      0.36902 gtex__cerebellar_hemisphere__M009
gtex__cerebellar_hemisphere_...11       SET     147     0.093056      0.00845     0.074559      0.10601 gtex__cerebellar_hemisphere__M010
gtex__cerebellar_hemisphere_...12       SET      96    0.0073174   0.00053775     0.082738      0.46476 gtex__cerebellar_hemisphere__M011
gtex__cerebellar_hemisphere_...13       SET      73     0.096564    0.0061923      0.11566       0.2019 gtex__cerebellar_hemisphere__M012
gtex__cerebellar_hemisphere_...14       SET      57      0.11875    0.0067322      0.10896       0.1379 gtex__cerebellar_hemisphere__M013
gtex__cerebellar_hemisphere_...15       SET      54    -0.018745   -0.0010344      0.10997      0.56767 gtex__cerebellar_hemisphere__M014
gtex__cerebellar_hemisphere_...16       SET      36      0.18938    0.0085371      0.13371     0.078349 gtex__cerebellar_hemisphere__M015
gtex__cerebellar_hemisphere_...17       SET      49      0.03675    0.0019321      0.13542      0.39305 gtex__cerebellar_hemisphere__M016
gtex__cerebellar_hemisphere_...18       SET      32       0.0244    0.0010372      0.14708      0.43412 gtex__cerebellar_hemisphere__M017
gtex__cerebellar_hemisphere_...19       SET      34    -0.016346  -0.00071615        0.159      0.54094 gtex__cerebellar_hemisphere__M018
gtex__cerebellar_hemisphere_...20       SET      30    0.0054779   0.00022546      0.16045      0.48638 gtex__cerebellar_hemisphere__M019
gtex__cerebellar_hemisphere_...21       SET      26     -0.26189    -0.010036      0.17823      0.92912 gtex__cerebellar_hemisphere__M020
gtex__cerebellar_hemisphere_...22       SET      25     -0.29893    -0.011233      0.19407      0.93825 gtex__cerebellar_hemisphere__M021
gtex__cerebellar_hemisphere_...23       SET      24     0.026645   0.00098107      0.16652      0.43644 gtex__cerebellar_hemisphere__M022
gtex__cerebellar_hemisphere_...24       SET      25     -0.17434   -0.0065514      0.17779       0.8366 gtex__cerebellar_hemisphere__M023
gtex__cerebellar_hemisphere_...25       SET      18      0.12931    0.0041239      0.22708      0.28453 gtex__cerebellar_hemisphere__M024
gtex__cerebellar_hemisphere_...26       SET      17     -0.21345   -0.0066157      0.22047      0.83351 gtex__cerebellar_hemisphere__M025
gtex__cerebellar_hemisphere_...27       SET      19     -0.22735   -0.0074491      0.19158      0.88232 gtex__cerebellar_hemisphere__M026
gtex__cerebellar_hemisphere_...28       SET      19      0.19137    0.0062704      0.20123      0.17081 gtex__cerebellar_hemisphere__M027
gtex__cerebellum__M000                  SET     297     0.012568    0.0016152     0.050219      0.40119 gtex__cerebellum__M000
gtex__cerebellum__M001                  SET     237      0.05677    0.0065288     0.060042      0.17221 gtex__cerebellum__M001
gtex__cerebellum__M002                  SET     183     -0.18141    -0.018361     0.073751      0.99304 gtex__cerebellum__M002
gtex__cerebellum__M003                  SET     145    -0.075077   -0.0067714     0.072555       0.8496 gtex__cerebellum__M003
gtex__cerebellum__M004                  SET     125     0.022127     0.001854     0.075288      0.38442 gtex__cerebellum__M004
gtex__cerebellum__M005                  SET     104      0.12846    0.0098237     0.087333     0.070666 gtex__cerebellum__M005
gtex__cerebellum__M006                  SET     104     -0.10298   -0.0078754     0.091302      0.87032 gtex__cerebellum__M006
gtex__cerebellum__M007                  SET      89    -0.032384   -0.0022919      0.11097      0.61479 gtex__cerebellum__M007
gtex__cerebellum__M008                  SET      94    -0.013672  -0.00099427     0.085977      0.56317 gtex__cerebellum__M008
gtex__cerebellum__M009                  SET      84      0.14216    0.0097758       0.1048     0.087483 gtex__cerebellum__M009
gtex__cerebellum__M010                  SET      75     -0.10089   -0.0065572      0.11855      0.80262 gtex__cerebellum__M010
gtex__cerebellum__M011                  SET      76    -0.020691   -0.0013537     0.094774      0.58641 gtex__cerebellum__M011
gtex__cerebellum__M012                  SET      79      0.22324      0.01489       0.1042     0.016087 gtex__cerebellum__M012
gtex__cerebellum__M013                  SET      60      0.11914    0.0069292      0.12099      0.16238 gtex__cerebellum__M013
gtex__cerebellum__M014                  SET      64     0.050468     0.003031      0.11305      0.32765 gtex__cerebellum__M014
gtex__cerebellum__M015                  SET      62       0.1558    0.0092105      0.11596     0.089544 gtex__cerebellum__M015
gtex__cerebellum__M016                  SET      53      0.17609    0.0096271       0.1227     0.075642 gtex__cerebellum__M016
gtex__cerebellum__M017                  SET      36     0.085287    0.0038447      0.14331      0.27589 gtex__cerebellum__M017
gtex__cerebellum__M018                  SET      35    -0.042643   -0.0018955      0.15347      0.60944 gtex__cerebellum__M018
gtex__cerebellum__M019                  SET      22      0.13644      0.00481      0.19986      0.24741 gtex__cerebellum__M019
gtex__cerebellum__M020                  SET      22      0.47001      0.01657      0.18423    0.0053727 gtex__cerebellum__M020
gtex__cerebellum__M021                  SET      26     0.077478     0.002969      0.17675      0.33057 gtex__cerebellum__M021
gtex__cerebellum__M022                  SET      18      0.50871     0.016224      0.22718     0.012575 gtex__cerebellum__M022
gtex__cerebellum__M023                  SET      18     0.055565    0.0017721      0.19283      0.38662 gtex__cerebellum__M023
gtex__cerebellum__M024                  SET      18    0.0089143    0.0002843      0.19984      0.48221 gtex__cerebellum__M024
gtex__cerebellum__M025                  SET      21      -0.3249    -0.011191      0.19157      0.95504 gtex__cerebellum__M025
gtex__cerebellum__M026                  SET      14     -0.24407   -0.0068656      0.24503      0.84039 gtex__cerebellum__M026
gtex__cerebellum__M027                  SET      19      0.23284    0.0076292      0.23211       0.1579 gtex__cerebellum__M027
gtex__cortex__M000                      SET     283      0.11465     0.014389     0.052149     0.013964 gtex__cortex__M000
gtex__cortex__M001                      SET     176     -0.20061    -0.019916     0.073073      0.99697 gtex__cortex__M001
gtex__cortex__M002                      SET     119     0.031505    0.0025761     0.086038      0.35712 gtex__cortex__M002
gtex__cortex__M003                      SET     144     -0.01515   -0.0013618     0.075893      0.57911 gtex__cortex__M003
gtex__cortex__M004                      SET     143    0.0056362   0.00050485     0.076463      0.47062 gtex__cortex__M004
gtex__cortex__M005                      SET     126     0.056275    0.0047339     0.075178      0.22707 gtex__cortex__M005
gtex__cortex__M006                      SET     130     0.014544    0.0012426     0.077985      0.42603 gtex__cortex__M006
gtex__cortex__M007                      SET      88      0.24867       0.0175      0.10507    0.0089822 gtex__cortex__M007
gtex__cortex__M008                      SET     104     -0.15761    -0.012052     0.081191      0.97387 gtex__cortex__M008
gtex__cortex__M009                      SET      69     0.039565    0.0024669      0.10789      0.35691 gtex__cortex__M009
gtex__cortex__M010                      SET      47     -0.38141     -0.01964      0.13311      0.99791 gtex__cortex__M010
gtex__cortex__M011                      SET      49     -0.20542      -0.0108      0.12915      0.94414 gtex__cortex__M011
gtex__cortex__M012                      SET      81     0.014743   0.00099563      0.10305      0.44312 gtex__cortex__M012
gtex__cortex__M013                      SET      79     0.039696    0.0026477     0.095355       0.3386 gtex__cortex__M013
gtex__cortex__M014                      SET      77    -0.075081   -0.0049442      0.10331       0.7663 gtex__cortex__M014
gtex__cortex__M015                      SET      66      0.20517     0.012513      0.10572     0.026152 gtex__cortex__M015
gtex__cortex__M016                      SET      58     0.064634     0.003696       0.1122       0.2823 gtex__cortex__M016
gtex__cortex__M017                      SET      52     -0.16818   -0.0091079      0.13372      0.89574 gtex__cortex__M017
gtex__cortex__M018                      SET      48      0.26662     0.013874       0.1264     0.017464 gtex__cortex__M018
gtex__cortex__M019                      SET      42    -0.078457   -0.0038195      0.12219      0.73958 gtex__cortex__M019
gtex__cortex__M020                      SET      41    -0.083499   -0.0040164      0.14524      0.71731 gtex__cortex__M020
gtex__cortex__M021                      SET      37     0.031107    0.0014216      0.14646       0.4159 gtex__cortex__M021
gtex__cortex__M022                      SET      36     -0.14783    -0.006664      0.15824      0.82489 gtex__cortex__M022
gtex__cortex__M023                      SET      28     -0.17812   -0.0070829      0.19157      0.82374 gtex__cortex__M023
gtex__cortex__M024                      SET      28       0.3075     0.012228      0.16204     0.028878 gtex__cortex__M024
gtex__cortex__M025                      SET      27     0.074897    0.0029247      0.18436      0.34229 gtex__cortex__M025
gtex__cortex__M026                      SET      27      0.24416    0.0095343      0.16446     0.068838 gtex__cortex__M026
gtex__cortex__M027                      SET      25     0.010916   0.00041019      0.15705      0.47229 gtex__cortex__M027
gtex__cortex__M028                      SET      23    -0.061962   -0.0022335      0.19427      0.62511 gtex__cortex__M028
gtex__cortex__M029                      SET      13     -0.19436   -0.0052686      0.25035      0.78122 gtex__cortex__M029
gtex__cortex__M030                      SET      23     -0.34986    -0.012611      0.16949      0.98049 gtex__cortex__M030
gtex__cortex__M031                      SET      18     0.065135    0.0020773      0.20281      0.37405 gtex__cortex__M031
gtex__cortex__M032                      SET      21     -0.01422  -0.00048981      0.18076      0.53135 gtex__cortex__M032
gtex__frontal_cortex_ba9__M0...1        SET     603      0.13528     0.024554     0.039074   0.00026874 gtex__frontal_cortex_ba9__M000
gtex__frontal_cortex_ba9__M0...2        SET     441    -0.096978    -0.015124     0.046718      0.98104 gtex__frontal_cortex_ba9__M001
gtex__frontal_cortex_ba9__M0...3        SET     388     0.047165    0.0069102     0.044839      0.14643 gtex__frontal_cortex_ba9__M002
gtex__frontal_cortex_ba9__M0...4        SET     273     0.022236    0.0027417     0.056978      0.34818 gtex__frontal_cortex_ba9__M003
gtex__frontal_cortex_ba9__M0...5        SET     307    0.0074065   0.00096749     0.050817      0.44206 gtex__frontal_cortex_ba9__M004
gtex__frontal_cortex_ba9__M0...6        SET     184   -0.0011655  -0.00011829     0.064159      0.50725 gtex__frontal_cortex_ba9__M005
gtex__frontal_cortex_ba9__M0...7        SET     108     -0.20701     -0.01613     0.090547      0.98887 gtex__frontal_cortex_ba9__M006
gtex__frontal_cortex_ba9__M0...8        SET     191    -0.030717   -0.0031755     0.065646      0.68008 gtex__frontal_cortex_ba9__M007
gtex__frontal_cortex_ba9__M0...9        SET     187     -0.01134   -0.0011601     0.068396      0.56584 gtex__frontal_cortex_ba9__M008
gtex__frontal_cortex_ba9__M0...10       SET     140     0.044717    0.0039635     0.074356       0.2738 gtex__frontal_cortex_ba9__M009
gtex__frontal_cortex_ba9__M0...11       SET     139      0.15932     0.014071     0.079144     0.022065 gtex__frontal_cortex_ba9__M010
gtex__frontal_cortex_ba9__M0...12       SET      85     0.025706    0.0017781      0.10118      0.39973 gtex__frontal_cortex_ba9__M011
gtex__frontal_cortex_ba9__M0...13       SET     108    -0.022458     -0.00175     0.084606      0.60466 gtex__frontal_cortex_ba9__M012
gtex__frontal_cortex_ba9__M0...14       SET     104     0.046114    0.0035265     0.084894       0.2935 gtex__frontal_cortex_ba9__M013
gtex__frontal_cortex_ba9__M0...15       SET      91    -0.091444   -0.0065438     0.083597      0.86299 gtex__frontal_cortex_ba9__M014
gtex__frontal_cortex_ba9__M0...16       SET      87      0.17217     0.012048     0.090024     0.027918 gtex__frontal_cortex_ba9__M015
gtex__frontal_cortex_ba9__M0...17       SET      30     -0.10956   -0.0045092       0.1586      0.75514 gtex__frontal_cortex_ba9__M016
gtex__frontal_cortex_ba9__M0...18       SET      45      0.15719    0.0079203      0.14631      0.14135 gtex__frontal_cortex_ba9__M017
gtex__frontal_cortex_ba9__M0...19       SET      46      0.13815    0.0070379      0.12226      0.12925 gtex__frontal_cortex_ba9__M018
gtex__frontal_cortex_ba9__M0...20       SET      81     -0.18967    -0.012809     0.096552      0.97526 gtex__frontal_cortex_ba9__M019
gtex__frontal_cortex_ba9__M0...21       SET      66    -0.057942   -0.0035337      0.10183      0.71533 gtex__frontal_cortex_ba9__M020
gtex__frontal_cortex_ba9__M0...22       SET      39     -0.11408   -0.0053522      0.15814      0.76466 gtex__frontal_cortex_ba9__M021
gtex__frontal_cortex_ba9__M0...23       SET      38     0.057398    0.0026582      0.13203      0.33188 gtex__frontal_cortex_ba9__M022
gtex__frontal_cortex_ba9__M0...24       SET      48    -0.061256   -0.0031875      0.13436      0.67577 gtex__frontal_cortex_ba9__M023
gtex__frontal_cortex_ba9__M0...25       SET      44    -0.012495  -0.00062257       0.1398      0.53561 gtex__frontal_cortex_ba9__M024
gtex__frontal_cortex_ba9__M0...26       SET      39    -0.090781   -0.0042591      0.14021      0.74134 gtex__frontal_cortex_ba9__M025
gtex__frontal_cortex_ba9__M0...27       SET      40      0.22208     0.010552      0.15794     0.079855 gtex__frontal_cortex_ba9__M026
gtex__frontal_cortex_ba9__M0...28       SET      31     -0.11626   -0.0048641      0.15416      0.77462 gtex__frontal_cortex_ba9__M027
gtex__frontal_cortex_ba9__M0...29       SET      18    -0.083026   -0.0026479      0.22203      0.64578 gtex__frontal_cortex_ba9__M028
gtex__frontal_cortex_ba9__M0...30       SET      20     -0.31217    -0.010494      0.22288      0.91932 gtex__frontal_cortex_ba9__M029
gtex__frontal_cortex_ba9__M0...31       SET      24      -0.1446   -0.0053243      0.17034      0.80203 gtex__frontal_cortex_ba9__M030
gtex__frontal_cortex_ba9__M0...32       SET      21      0.38988     0.013429      0.23076     0.045564 gtex__frontal_cortex_ba9__M031
gtex__frontal_cortex_ba9__M0...33       SET      21      0.10855    0.0037391       0.2035      0.29687 gtex__frontal_cortex_ba9__M032
gtex__frontal_cortex_ba9__M0...34       SET      17     -0.42238    -0.013091      0.28524      0.93066 gtex__frontal_cortex_ba9__M033
gtex__frontal_cortex_ba9__M0...35       SET      18      0.33172     0.010579      0.19708      0.04618 gtex__frontal_cortex_ba9__M034
gtex__frontal_cortex_ba9__M0...36       SET      19      0.23108    0.0075715      0.19627      0.11954 gtex__frontal_cortex_ba9__M035
gtex__frontal_cortex_ba9__M0...37       SET      18     -0.26493   -0.0084493      0.20172      0.90546 gtex__frontal_cortex_ba9__M036
gtex__frontal_cortex_ba9__M0...38       SET      17     -0.17334   -0.0053727      0.20033      0.80656 gtex__frontal_cortex_ba9__M037
gtex__hippocampus__M000                 SET     821     0.052274        0.011     0.032194      0.05223 gtex__hippocampus__M000
gtex__hippocampus__M001                 SET     529     0.075716       0.0129     0.042009     0.035753 gtex__hippocampus__M001
gtex__hippocampus__M002                 SET     345    -0.056833   -0.0078614     0.051341      0.86584 gtex__hippocampus__M002
gtex__hippocampus__M003                 SET     432     0.040518    0.0062559     0.045971      0.18906 gtex__hippocampus__M003
gtex__hippocampus__M004                 SET     351     0.070865    0.0098855     0.048497     0.071988 gtex__hippocampus__M004
gtex__hippocampus__M005                 SET     362    -0.035532   -0.0050322     0.046866      0.77582 gtex__hippocampus__M005
gtex__hippocampus__M006                 SET     271    -0.044629    -0.005483     0.057933      0.77945 gtex__hippocampus__M006
gtex__hippocampus__M007                 SET     320    0.0046197   0.00061588     0.050489      0.46355 gtex__hippocampus__M007
gtex__hippocampus__M008                 SET     226     0.026392    0.0029649     0.056982      0.32163 gtex__hippocampus__M008
gtex__hippocampus__M009                 SET     185     -0.24568       -0.025      0.07161       0.9997 gtex__hippocampus__M009
gtex__hippocampus__M010                 SET     107     0.058392    0.0045289     0.099125      0.27791 gtex__hippocampus__M010
gtex__hippocampus__M011                 SET     152   -0.0021823  -0.00020148     0.069923      0.51245 gtex__hippocampus__M011
gtex__hippocampus__M012                 SET     127     0.065013    0.0054904     0.076321      0.19716 gtex__hippocampus__M012
gtex__hippocampus__M013                 SET     123     -0.10467   -0.0087004     0.083435      0.89517 gtex__hippocampus__M013
gtex__hippocampus__M014                 SET     102    -0.086243   -0.0065319      0.09383      0.82098 gtex__hippocampus__M014
gtex__hippocampus__M015                 SET      46     0.059805    0.0030466      0.14965      0.34472 gtex__hippocampus__M015
gtex__hippocampus__M016                 SET      87     -0.12903   -0.0090291      0.10382      0.89303 gtex__hippocampus__M016
gtex__hippocampus__M017                 SET      78    -0.049723   -0.0032954      0.10397      0.68375 gtex__hippocampus__M017
gtex__hippocampus__M018                 SET      65     -0.10993   -0.0066531      0.10417      0.85434 gtex__hippocampus__M018
gtex__hippocampus__M019                 SET      62    -0.065996   -0.0039014      0.10603      0.73316 gtex__hippocampus__M019
gtex__hippocampus__M020                 SET      45      0.11846     0.005969      0.11829      0.15832 gtex__hippocampus__M020
gtex__hippocampus__M021                 SET      52     0.064486    0.0034922      0.11464       0.2869 gtex__hippocampus__M021
gtex__hippocampus__M022                 SET      48    -0.052443   -0.0027289       0.1246      0.66308 gtex__hippocampus__M022
gtex__hippocampus__M023                 SET      40     0.051429    0.0024435      0.14523      0.36163 gtex__hippocampus__M023
gtex__hippocampus__M024                 SET      42      0.10828    0.0052715      0.13062      0.20357 gtex__hippocampus__M024
gtex__hippocampus__M025                 SET      42      0.19405    0.0094471      0.13208     0.070896 gtex__hippocampus__M025
gtex__hippocampus__M026                 SET      41     0.065532    0.0031522      0.13452      0.31307 gtex__hippocampus__M026
gtex__hippocampus__M027                 SET      35     0.073181    0.0032529      0.16795      0.33152 gtex__hippocampus__M027
gtex__hippocampus__M028                 SET      31     0.019898   0.00083248      0.15714      0.44962 gtex__hippocampus__M028
gtex__hippocampus__M029                 SET      40     -0.12076   -0.0057378      0.14273      0.80125 gtex__hippocampus__M029
gtex__hippocampus__M030                 SET      35       -0.116   -0.0051564      0.15086      0.77903 gtex__hippocampus__M030
gtex__hippocampus__M031                 SET      30     -0.16995   -0.0069948      0.14626      0.87736 gtex__hippocampus__M031
gtex__hippocampus__M032                 SET      26     0.018747    0.0007184      0.15231      0.45102 gtex__hippocampus__M032
gtex__hippocampus__M033                 SET      32      0.11596    0.0049292      0.14602      0.21355 gtex__hippocampus__M033
gtex__hippocampus__M034                 SET      32     -0.19929    -0.008471      0.16738      0.88309 gtex__hippocampus__M034
gtex__hippocampus__M035                 SET      28     -0.23473   -0.0093341      0.15508      0.93492 gtex__hippocampus__M035
gtex__hippocampus__M036                 SET      24    -0.040036   -0.0014741      0.18447      0.58591 gtex__hippocampus__M036
gtex__hippocampus__M037                 SET      23    -0.022387  -0.00080696      0.18356      0.54854 gtex__hippocampus__M037
gtex__hippocampus__M038                 SET      23     0.081194    0.0029267      0.16469        0.311 gtex__hippocampus__M038
gtex__hippocampus__M039                 SET      18      0.25132    0.0080151      0.24793      0.15538 gtex__hippocampus__M039
gtex__hippocampus__M040                 SET      20    -0.015001  -0.00050427      0.20807      0.52874 gtex__hippocampus__M040
gtex__hippocampus__M041                 SET      17     0.032967    0.0010218       0.1993      0.43431 gtex__hippocampus__M041
gtex__hippocampus__M042                 SET      18      0.25474    0.0081243       0.2111      0.11378 gtex__hippocampus__M042
gtex__hippocampus__M043                 SET      16     0.064203    0.0019306      0.23557       0.3926 gtex__hippocampus__M043
gtex__hippocampus__M044                 SET      15     0.021599   0.00062886      0.19691      0.45633 gtex__hippocampus__M044
gtex__hippocampus__M045                 SET      17      0.37275     0.011553      0.23501      0.05637 gtex__hippocampus__M045
gtex__hippocampus__M046                 SET      16       0.2792    0.0083957      0.23938      0.12174 gtex__hippocampus__M046
gtex__hypothalamus__M000                SET     695      0.10723     0.020839     0.036657    0.0017234 gtex__hypothalamus__M000
gtex__hypothalamus__M001                SET     892     0.049569      0.01085     0.031429     0.057387 gtex__hypothalamus__M001
gtex__hypothalamus__M002                SET     441   -0.0072331   -0.0011281      0.04279      0.56712 gtex__hypothalamus__M002
gtex__hypothalamus__M003                SET     208     -0.10045    -0.010832     0.064562      0.94012 gtex__hypothalamus__M003
gtex__hypothalamus__M004                SET     217    -0.032721   -0.0036028     0.066079      0.68976 gtex__hypothalamus__M004
gtex__hypothalamus__M005                SET     177      -0.2082    -0.020728     0.074986      0.99725 gtex__hypothalamus__M005
gtex__hypothalamus__M006                SET     180     0.048171    0.0048358     0.064398      0.22723 gtex__hypothalamus__M006
gtex__hypothalamus__M007                SET     201     0.063199    0.0067004     0.063959      0.16155 gtex__hypothalamus__M007
gtex__hypothalamus__M008                SET     129      0.12318     0.010484     0.078266     0.057762 gtex__hypothalamus__M008
gtex__hypothalamus__M009                SET     138   -0.0061906   -0.0005448      0.07897      0.53124 gtex__hypothalamus__M009
gtex__hypothalamus__M010                SET     137    -0.017156   -0.0015044     0.081324      0.58354 gtex__hypothalamus__M010
gtex__hypothalamus__M011                SET     102     -0.02383   -0.0018048     0.092786      0.60134 gtex__hypothalamus__M011
gtex__hypothalamus__M012                SET      98    -0.077723   -0.0057706     0.091534      0.80208 gtex__hypothalamus__M012
gtex__hypothalamus__M013                SET      84   -0.0092613  -0.00063687     0.090732      0.54065 gtex__hypothalamus__M013
gtex__hypothalamus__M014                SET      67    -0.033879   -0.0020817      0.11053      0.62039 gtex__hypothalamus__M014
gtex__hypothalamus__M015                SET      56     0.015792   0.00088738      0.11338      0.44462 gtex__hypothalamus__M015
gtex__hypothalamus__M016                SET      56     -0.15854   -0.0089087      0.10836      0.92827 gtex__hypothalamus__M016
gtex__hypothalamus__M017                SET      43    -0.068539   -0.0033761      0.13482       0.6944 gtex__hypothalamus__M017
gtex__hypothalamus__M018                SET      44      0.10807    0.0053846      0.12924      0.20154 gtex__hypothalamus__M018
gtex__hypothalamus__M019                SET      22     -0.15121   -0.0053307      0.19907      0.77624 gtex__hypothalamus__M019
gtex__hypothalamus__M020                SET      26      0.27159     0.010408      0.17838     0.063945 gtex__hypothalamus__M020
gtex__hypothalamus__M021                SET      22     0.068886    0.0024285      0.21559      0.37466 gtex__hypothalamus__M021
gtex__hypothalamus__M022                SET      21       0.3375     0.011625      0.20696     0.051478 gtex__hypothalamus__M022
gtex__hypothalamus__M023                SET      20     -0.16928   -0.0056903      0.21244      0.78721 gtex__hypothalamus__M023
gtex__hypothalamus__M024                SET      16      0.15384     0.004626      0.21789      0.24009 gtex__hypothalamus__M024
gtex__hypothalamus__M025                SET      17     -0.19644   -0.0060886      0.19122      0.84786 gtex__hypothalamus__M025
gtex__hypothalamus__M026                SET      17     -0.10093   -0.0031284      0.21642      0.67952 gtex__hypothalamus__M026
gtex__hypothalamus__M027                SET      15      0.18103    0.0052707      0.22373      0.20923 gtex__hypothalamus__M027
gtex__nucleus_accumbens_basa...1        SET     987      0.05208     0.011957       0.0304     0.043353 gtex__nucleus_accumbens_basal_ganglia__M000
gtex__nucleus_accumbens_basa...2        SET     640     0.068795      0.01285     0.037231     0.032325 gtex__nucleus_accumbens_basal_ganglia__M001
gtex__nucleus_accumbens_basa...3        SET     432     0.049391    0.0076259     0.044121      0.13148 gtex__nucleus_accumbens_basal_ganglia__M002
gtex__nucleus_accumbens_basa...4        SET     310     0.089173     0.011704     0.050248     0.037987 gtex__nucleus_accumbens_basal_ganglia__M003
gtex__nucleus_accumbens_basa...5        SET     314     0.065497    0.0086511     0.051916      0.10355 gtex__nucleus_accumbens_basal_ganglia__M004
gtex__nucleus_accumbens_basa...6        SET     225     0.076466    0.0085713     0.061374      0.10641 gtex__nucleus_accumbens_basal_ganglia__M005
gtex__nucleus_accumbens_basa...7        SET     126     -0.10868   -0.0091422     0.084096      0.90187 gtex__nucleus_accumbens_basal_ganglia__M006
gtex__nucleus_accumbens_basa...8        SET     148      0.02511    0.0022878     0.075287      0.36937 gtex__nucleus_accumbens_basal_ganglia__M007
gtex__nucleus_accumbens_basa...9        SET     119    -0.076003   -0.0062145     0.085947      0.81173 gtex__nucleus_accumbens_basal_ganglia__M008
gtex__nucleus_accumbens_basa...10       SET     119     -0.16064    -0.013135      0.08772      0.96646 gtex__nucleus_accumbens_basal_ganglia__M009
gtex__nucleus_accumbens_basa...11       SET     104    -0.072014   -0.0055071     0.088352      0.79248 gtex__nucleus_accumbens_basal_ganglia__M010
gtex__nucleus_accumbens_basa...12       SET      84     0.072266    0.0049694      0.10119      0.23756 gtex__nucleus_accumbens_basal_ganglia__M011
gtex__nucleus_accumbens_basa...13       SET      68    -0.068642   -0.0042489       0.1008      0.75206 gtex__nucleus_accumbens_basal_ganglia__M012
gtex__nucleus_accumbens_basa...14       SET      72     0.030515    0.0019434      0.11337      0.39391 gtex__nucleus_accumbens_basal_ganglia__M013
gtex__nucleus_accumbens_basa...15       SET      57     -0.13417   -0.0076062      0.10684       0.8954 gtex__nucleus_accumbens_basal_ganglia__M014
gtex__nucleus_accumbens_basa...16       SET      60     0.079523    0.0046249       0.1221      0.25744 gtex__nucleus_accumbens_basal_ganglia__M015
gtex__nucleus_accumbens_basa...17       SET      47    -0.057066   -0.0029385      0.11977      0.68312 gtex__nucleus_accumbens_basal_ganglia__M016
gtex__nucleus_accumbens_basa...18       SET      26     0.065005    0.0024911      0.17417      0.35449 gtex__nucleus_accumbens_basal_ganglia__M017
gtex__nucleus_accumbens_basa...19       SET      35     0.063944    0.0028423      0.14923      0.33415 gtex__nucleus_accumbens_basal_ganglia__M018
gtex__nucleus_accumbens_basa...20       SET      32     0.084594    0.0035958      0.15089      0.28753 gtex__nucleus_accumbens_basal_ganglia__M019
gtex__nucleus_accumbens_basa...21       SET      35     0.032996    0.0014667      0.15059      0.41328 gtex__nucleus_accumbens_basal_ganglia__M020
gtex__nucleus_accumbens_basa...22       SET      36    -0.015369  -0.00069284      0.14108      0.54338 gtex__nucleus_accumbens_basal_ganglia__M021
gtex__nucleus_accumbens_basa...23       SET      25      0.11974    0.0044996      0.18713      0.26113 gtex__nucleus_accumbens_basal_ganglia__M022
gtex__nucleus_accumbens_basa...24       SET      17    -0.075664   -0.0023452      0.19561      0.65055 gtex__nucleus_accumbens_basal_ganglia__M023
gtex__nucleus_accumbens_basa...25       SET      20     0.034823    0.0011706      0.18842      0.42669 gtex__nucleus_accumbens_basal_ganglia__M024
gtex__nucleus_accumbens_basa...26       SET      18     0.078389       0.0025      0.19041      0.34029 gtex__nucleus_accumbens_basal_ganglia__M025
gtex__putamen_basal_ganglia_...1        SET     635     0.054445     0.010132     0.037832     0.075067 gtex__putamen_basal_ganglia__M000
gtex__putamen_basal_ganglia_...2        SET     295     0.090496     0.011592     0.058941     0.062357 gtex__putamen_basal_ganglia__M001
gtex__putamen_basal_ganglia_...3        SET     451    -0.013002     -0.00205     0.042586      0.61993 gtex__putamen_basal_ganglia__M002
gtex__putamen_basal_ganglia_...4        SET     402     0.043648    0.0065066      0.04754      0.17929 gtex__putamen_basal_ganglia__M003
gtex__putamen_basal_ganglia_...5        SET     271    -0.074249    -0.009122     0.054919       0.9118 gtex__putamen_basal_ganglia__M004
gtex__putamen_basal_ganglia_...6        SET     339    -0.088617    -0.012153     0.048334      0.96662 gtex__putamen_basal_ganglia__M005
gtex__putamen_basal_ganglia_...7        SET     152     0.053014    0.0048945     0.072889      0.23352 gtex__putamen_basal_ganglia__M006
gtex__putamen_basal_ganglia_...8        SET     125     -0.22035    -0.018463     0.087654      0.99402 gtex__putamen_basal_ganglia__M007
gtex__putamen_basal_ganglia_...9        SET     116    -0.010551  -0.00085183     0.076359      0.55495 gtex__putamen_basal_ganglia__M008
gtex__putamen_basal_ganglia_...10       SET     119      0.20685     0.016914      0.07931    0.0045556 gtex__putamen_basal_ganglia__M009
gtex__putamen_basal_ganglia_...11       SET     111      -0.0172   -0.0013586     0.083375      0.58172 gtex__putamen_basal_ganglia__M010
gtex__putamen_basal_ganglia_...12       SET      92     0.047133    0.0033912     0.095383      0.31061 gtex__putamen_basal_ganglia__M011
gtex__putamen_basal_ganglia_...13       SET      86      0.12427     0.008646      0.10089      0.10903 gtex__putamen_basal_ganglia__M012
gtex__putamen_basal_ganglia_...14       SET      87   -0.0043467  -0.00030417      0.10629      0.51631 gtex__putamen_basal_ganglia__M013
gtex__putamen_basal_ganglia_...15       SET      94      0.10216    0.0074297      0.10094      0.15575 gtex__putamen_basal_ganglia__M014
gtex__putamen_basal_ganglia_...16       SET      84      0.13017    0.0089516     0.091994     0.078538 gtex__putamen_basal_ganglia__M015
gtex__putamen_basal_ganglia_...17       SET      73     -0.02153   -0.0013806      0.10131      0.58415 gtex__putamen_basal_ganglia__M016
gtex__putamen_basal_ganglia_...18       SET      52      0.13143    0.0071176      0.13133      0.15847 gtex__putamen_basal_ganglia__M017
gtex__putamen_basal_ganglia_...19       SET      70    -0.041132   -0.0025831      0.10199      0.65663 gtex__putamen_basal_ganglia__M018
gtex__putamen_basal_ganglia_...20       SET      56    -0.020162    -0.001133      0.12521      0.56396 gtex__putamen_basal_ganglia__M019
gtex__putamen_basal_ganglia_...21       SET      52     0.076606    0.0041485      0.12255      0.26596 gtex__putamen_basal_ganglia__M020
gtex__putamen_basal_ganglia_...22       SET      47    0.0086068   0.00044319      0.12203      0.47188 gtex__putamen_basal_ganglia__M021
gtex__putamen_basal_ganglia_...23       SET      51      0.26031     0.013961      0.12883     0.021672 gtex__putamen_basal_ganglia__M022
gtex__putamen_basal_ganglia_...24       SET      38     0.040788     0.001889      0.13523      0.38147 gtex__putamen_basal_ganglia__M023
gtex__putamen_basal_ganglia_...25       SET      27      -0.2257   -0.0088138       0.1573      0.92433 gtex__putamen_basal_ganglia__M024
gtex__putamen_basal_ganglia_...26       SET      28     0.051582    0.0020512      0.15633      0.37072 gtex__putamen_basal_ganglia__M025
gtex__putamen_basal_ganglia_...27       SET      24     0.072548    0.0026712      0.15625      0.32122 gtex__putamen_basal_ganglia__M026
gtex__putamen_basal_ganglia_...28       SET      23     0.010307   0.00037153      0.16844       0.4756 gtex__putamen_basal_ganglia__M027
gtex__putamen_basal_ganglia_...29       SET      19    -0.076958   -0.0025215      0.19171      0.65594 gtex__putamen_basal_ganglia__M028
gtex__putamen_basal_ganglia_...30       SET      26      0.39966     0.015316      0.17907     0.012817 gtex__putamen_basal_ganglia__M029
gtex__putamen_basal_ganglia_...31       SET      21      0.21884    0.0075378       0.1946       0.1304 gtex__putamen_basal_ganglia__M030
gtex__putamen_basal_ganglia_...32       SET      13      0.20829    0.0056462      0.28084      0.22915 gtex__putamen_basal_ganglia__M031
gtex__putamen_basal_ganglia_...33       SET      19      0.23337    0.0076465      0.21125      0.13465 gtex__putamen_basal_ganglia__M032
gtex__putamen_basal_ganglia_...34       SET      20     -0.43132    -0.014499       0.1906      0.98818 gtex__putamen_basal_ganglia__M033
gtex__putamen_basal_ganglia_...35       SET      20     -0.12873   -0.0043273      0.20008      0.74001 gtex__putamen_basal_ganglia__M034
gtex__putamen_basal_ganglia_...36       SET      14      0.20373    0.0057307      0.20588       0.1612 gtex__putamen_basal_ganglia__M035
gtex__spinal_cord_cervical_c...1        SET     686     0.055644     0.010746     0.036165     0.061958 gtex__spinal_cord_cervical_c_1__M000
gtex__spinal_cord_cervical_c...2        SET     512    -0.068332    -0.011459     0.040475      0.95431 gtex__spinal_cord_cervical_c_1__M001
gtex__spinal_cord_cervical_c...3        SET     389     -0.14652    -0.021494      0.05011      0.99827 gtex__spinal_cord_cervical_c_1__M002
gtex__spinal_cord_cervical_c...4        SET     320      0.20123     0.026827     0.054962   0.00012585 gtex__spinal_cord_cervical_c_1__M003
gtex__spinal_cord_cervical_c...5        SET     245     0.051083    0.0059717     0.056378      0.18245 gtex__spinal_cord_cervical_c_1__M004
gtex__spinal_cord_cervical_c...6        SET     233    -0.016485     -0.00188     0.063774      0.60198 gtex__spinal_cord_cervical_c_1__M005
gtex__spinal_cord_cervical_c...7        SET     192     0.068093    0.0070576     0.070539       0.1672 gtex__spinal_cord_cervical_c_1__M006
gtex__spinal_cord_cervical_c...8        SET     154     0.061909    0.0057529     0.071723      0.19403 gtex__spinal_cord_cervical_c_1__M007
gtex__spinal_cord_cervical_c...9        SET     134     0.039236    0.0034029     0.076745      0.30459 gtex__spinal_cord_cervical_c_1__M008
gtex__spinal_cord_cervical_c...10       SET     129      0.14811     0.012605      0.08121     0.034104 gtex__spinal_cord_cervical_c_1__M009
gtex__spinal_cord_cervical_c...11       SET      87      0.18426     0.012894     0.095552      0.02691 gtex__spinal_cord_cervical_c_1__M010
gtex__spinal_cord_cervical_c...12       SET      68    -0.073133   -0.0045269      0.10234      0.76256 gtex__spinal_cord_cervical_c_1__M011
gtex__spinal_cord_cervical_c...13       SET      83      0.12841    0.0087781     0.095206     0.088709 gtex__spinal_cord_cervical_c_1__M012
gtex__spinal_cord_cervical_c...14       SET      80     0.094232    0.0063246     0.092498      0.15417 gtex__spinal_cord_cervical_c_1__M013
gtex__spinal_cord_cervical_c...15       SET      66     -0.11196   -0.0068283      0.10647      0.85351 gtex__spinal_cord_cervical_c_1__M014
gtex__spinal_cord_cervical_c...16       SET      61      0.12583    0.0073782      0.12257      0.15233 gtex__spinal_cord_cervical_c_1__M015
gtex__spinal_cord_cervical_c...17       SET      62     -0.28601    -0.016908      0.12364      0.98964 gtex__spinal_cord_cervical_c_1__M016
gtex__spinal_cord_cervical_c...18       SET      55      -0.1224   -0.0068167      0.13232      0.82254 gtex__spinal_cord_cervical_c_1__M017
gtex__spinal_cord_cervical_c...19       SET      45     -0.15793   -0.0079577      0.11989      0.90612 gtex__spinal_cord_cervical_c_1__M018
gtex__spinal_cord_cervical_c...20       SET      45      0.10597    0.0053397      0.12856       0.2049 gtex__spinal_cord_cervical_c_1__M019
gtex__spinal_cord_cervical_c...21       SET      40    -0.044017   -0.0020914      0.14719      0.61755 gtex__spinal_cord_cervical_c_1__M020
gtex__spinal_cord_cervical_c...22       SET      40     -0.10181   -0.0048373      0.12639      0.78974 gtex__spinal_cord_cervical_c_1__M021
gtex__spinal_cord_cervical_c...23       SET      34     -0.27917    -0.012231      0.17026      0.94945 gtex__spinal_cord_cervical_c_1__M022
gtex__spinal_cord_cervical_c...24       SET      32     0.046854    0.0019916       0.1558      0.38181 gtex__spinal_cord_cervical_c_1__M023
gtex__spinal_cord_cervical_c...25       SET      25     -0.24947   -0.0093747      0.18715      0.90873 gtex__spinal_cord_cervical_c_1__M024
gtex__spinal_cord_cervical_c...26       SET      24     -0.37428    -0.013781      0.18332       0.9794 gtex__spinal_cord_cervical_c_1__M025
gtex__spinal_cord_cervical_c...27       SET      24      0.20057     0.007385      0.16752       0.1156 gtex__spinal_cord_cervical_c_1__M026
gtex__spinal_cord_cervical_c...28       SET      23      0.17522     0.006316       0.1828       0.1689 gtex__spinal_cord_cervical_c_1__M027
gtex__spinal_cord_cervical_c...29       SET      20      0.16922    0.0056886      0.19867      0.19717 gtex__spinal_cord_cervical_c_1__M028
gtex__spinal_cord_cervical_c...30       SET      20     0.037696    0.0012672      0.19578      0.42366 gtex__spinal_cord_cervical_c_1__M029
gtex__spinal_cord_cervical_c...31       SET      21     0.056521    0.0019468      0.21867      0.39802 gtex__spinal_cord_cervical_c_1__M030
gtex__spinal_cord_cervical_c...32       SET      20   -0.0072495   -0.0002437      0.19439      0.51487 gtex__spinal_cord_cervical_c_1__M031
gtex__spinal_cord_cervical_c...33       SET      13    -0.076765   -0.0020809      0.24424      0.62335 gtex__spinal_cord_cervical_c_1__M032
gtex__substantia_nigra__M000            SET     781     0.024657    0.0050667     0.033475      0.23069 gtex__substantia_nigra__M000
gtex__substantia_nigra__M001            SET     327    -0.056782   -0.0076508     0.049999      0.87195 gtex__substantia_nigra__M001
gtex__substantia_nigra__M002            SET     307   -0.0042423  -0.00055416      0.05114      0.53306 gtex__substantia_nigra__M002
gtex__substantia_nigra__M003            SET     199     0.031808    0.0033557     0.062382      0.30507 gtex__substantia_nigra__M003
gtex__substantia_nigra__M004            SET     235     0.076754    0.0087902     0.060085      0.10074 gtex__substantia_nigra__M004
gtex__substantia_nigra__M005            SET     173     -0.13665    -0.013452     0.073626      0.96827 gtex__substantia_nigra__M005
gtex__substantia_nigra__M006            SET     158    -0.027463   -0.0025846     0.073138      0.64635 gtex__substantia_nigra__M006
gtex__substantia_nigra__M007            SET      74      -0.2255    -0.014559      0.10744      0.98208 gtex__substantia_nigra__M007
gtex__substantia_nigra__M008            SET     104       0.1279    0.0097807     0.097318     0.094394 gtex__substantia_nigra__M008
gtex__substantia_nigra__M009            SET     104     0.057712    0.0044134     0.084388      0.24703 gtex__substantia_nigra__M009
gtex__substantia_nigra__M010            SET     101   3.8406e-06   2.8946e-07     0.095102      0.49998 gtex__substantia_nigra__M010
gtex__substantia_nigra__M011            SET     102      0.12461    0.0094379     0.085346     0.072142 gtex__substantia_nigra__M011
gtex__substantia_nigra__M012            SET      88     0.054357    0.0038255      0.10448      0.30145 gtex__substantia_nigra__M012
gtex__substantia_nigra__M013            SET     103    -0.033984   -0.0025864     0.088658      0.64926 gtex__substantia_nigra__M013
gtex__substantia_nigra__M014            SET      74     0.057985    0.0037436     0.095955      0.27283 gtex__substantia_nigra__M014
gtex__substantia_nigra__M015            SET      72    -0.062429   -0.0039759      0.11704      0.70312 gtex__substantia_nigra__M015
gtex__substantia_nigra__M016            SET      74     -0.17313    -0.011178      0.10788      0.94573 gtex__substantia_nigra__M016
gtex__substantia_nigra__M017            SET      68     -0.11938   -0.0073899     0.099089      0.88585 gtex__substantia_nigra__M017
gtex__substantia_nigra__M018            SET      69    -0.066419   -0.0041413       0.1029      0.74068 gtex__substantia_nigra__M018
gtex__substantia_nigra__M019            SET      68     0.069135    0.0042795     0.097389      0.23889 gtex__substantia_nigra__M019
gtex__substantia_nigra__M020            SET      62    -0.013849  -0.00081867      0.11898      0.54633 gtex__substantia_nigra__M020
gtex__substantia_nigra__M021            SET      62     0.054218    0.0032051      0.11667      0.32108 gtex__substantia_nigra__M021
gtex__substantia_nigra__M022            SET      66    -0.069678   -0.0042494     0.097489      0.76261 gtex__substantia_nigra__M022
gtex__substantia_nigra__M023            SET      49      0.34704     0.018245      0.12791    0.0033359 gtex__substantia_nigra__M023
gtex__substantia_nigra__M024            SET      41     -0.12747   -0.0061316      0.12966      0.83721 gtex__substantia_nigra__M024
gtex__substantia_nigra__M025            SET      30     -0.32675    -0.013449      0.16843       0.9738 gtex__substantia_nigra__M025
gtex__substantia_nigra__M026            SET      39    -0.041997   -0.0019704      0.13952       0.6183 gtex__substantia_nigra__M026
gtex__substantia_nigra__M027            SET      31    -0.089622   -0.0037496       0.1445      0.73245 gtex__substantia_nigra__M027
gtex__substantia_nigra__M028            SET      30     0.012727   0.00052383      0.14587      0.46524 gtex__substantia_nigra__M028
gtex__substantia_nigra__M029            SET      31      0.14192    0.0059374      0.13918      0.15396 gtex__substantia_nigra__M029
gtex__substantia_nigra__M030            SET      19      0.02048   0.00067105       0.2013      0.45948 gtex__substantia_nigra__M030
gtex__substantia_nigra__M031            SET      28       -0.255     -0.01014      0.16206       0.9422 gtex__substantia_nigra__M031
gtex__substantia_nigra__M032            SET      26     -0.16675   -0.0063902      0.17748      0.82627 gtex__substantia_nigra__M032
gtex__substantia_nigra__M033            SET      19     -0.29649   -0.0097145      0.20543      0.92551 gtex__substantia_nigra__M033
gtex__substantia_nigra__M034            SET      20     -0.16775   -0.0056392      0.21881      0.77835 gtex__substantia_nigra__M034
gtex__substantia_nigra__M035            SET      24    -0.087948   -0.0032382      0.21166      0.66111 gtex__substantia_nigra__M035
gtex__substantia_nigra__M036            SET      20    -0.091023   -0.0030598      0.19278      0.68159 gtex__substantia_nigra__M036
gtex__substantia_nigra__M037            SET      19     -0.16994   -0.0055681      0.18756      0.81753 gtex__substantia_nigra__M037
gtex__substantia_nigra__M038            SET      18      0.12649     0.004034      0.23082      0.29186 gtex__substantia_nigra__M038
gtex__substantia_nigra__M039            SET      15      0.09864     0.002872      0.20755      0.31731 gtex__substantia_nigra__M039
gtex__substantia_nigra__M040            SET      19    -0.058842    -0.001928      0.18624      0.62398 gtex__substantia_nigra__M040
gtex__substantia_nigra__M041            SET      19     -0.18452   -0.0060459      0.19703      0.82548 gtex__substantia_nigra__M041
gtex__substantia_nigra__M042            SET      16      0.21849      0.00657      0.25654       0.1972 gtex__substantia_nigra__M042
brainseq__caudate__M000                 SET     608     0.041985     0.007651     0.037953      0.13432 brainseq__caudate__M000
brainseq__caudate__M001                 SET     469     0.030548    0.0049091     0.045275      0.24993 brainseq__caudate__M001
brainseq__caudate__M002                 SET     104     -0.10896   -0.0083327     0.087645       0.8931 brainseq__caudate__M002
brainseq__caudate__M003                 SET     322   -0.0027487  -0.00036757     0.050369      0.52176 brainseq__caudate__M003
brainseq__caudate__M004                 SET     319     0.052023    0.0069248     0.052836      0.16242 brainseq__caudate__M004
brainseq__caudate__M005                 SET      49    -0.020004   -0.0010517      0.12994      0.56117 brainseq__caudate__M005
brainseq__caudate__M006                 SET     190    -0.046345   -0.0047786     0.064278      0.76454 brainseq__caudate__M006
brainseq__caudate__M007                 SET     140      0.17808     0.015784     0.075156    0.0089128 brainseq__caudate__M007
brainseq__caudate__M008                 SET     142     -0.10201    -0.009106     0.079993      0.89889 brainseq__caudate__M008
brainseq__caudate__M009                 SET     130     0.049591    0.0042368     0.081464      0.27135 brainseq__caudate__M009
brainseq__caudate__M010                 SET     116     0.021182    0.0017102     0.079035      0.39435 brainseq__caudate__M010
brainseq__caudate__M011                 SET     121      0.13604     0.011216      0.07891     0.042362 brainseq__caudate__M011
brainseq__caudate__M012                 SET     109    0.0040994   0.00032089     0.082757      0.48025 brainseq__caudate__M012
brainseq__caudate__M013                 SET      36     0.037178     0.001676      0.13955      0.39496 brainseq__caudate__M013
brainseq__caudate__M014                 SET      75     0.077622     0.005045       0.1137       0.2474 brainseq__caudate__M014
brainseq__caudate__M015                 SET      74      0.08153    0.0052637      0.10505      0.21886 brainseq__caudate__M015
brainseq__caudate__M016                 SET      35    -0.053638   -0.0023842      0.13985      0.64934 brainseq__caudate__M016
brainseq__caudate__M017                 SET      67    -0.063427   -0.0038972      0.11216      0.71414 brainseq__caudate__M017
brainseq__caudate__M018                 SET      61      -0.0192   -0.0011259      0.11412       0.5668 brainseq__caudate__M018
brainseq__caudate__M019                 SET      62     0.049768    0.0029421      0.10702      0.32095 brainseq__caudate__M019
brainseq__caudate__M020                 SET      59      0.01091   0.00062923       0.1106      0.46071 brainseq__caudate__M020
brainseq__caudate__M021                 SET      62      0.12902    0.0076274      0.12487      0.15074 brainseq__caudate__M021
brainseq__caudate__M022                 SET      51      0.11352    0.0060882      0.11611      0.16412 brainseq__caudate__M022
brainseq__caudate__M023                 SET      17     0.083997    0.0026034      0.24739      0.36711 brainseq__caudate__M023
brainseq__caudate__M024                 SET      48     -0.31906    -0.016603      0.12936      0.99317 brainseq__caudate__M024
brainseq__caudate__M025                 SET      48    -0.094128    -0.004898      0.11263      0.79834 brainseq__caudate__M025
brainseq__caudate__M026                 SET      50      0.12761    0.0067766      0.11751      0.13876 brainseq__caudate__M026
brainseq__caudate__M027                 SET      47     0.037851     0.001949      0.12996      0.38544 brainseq__caudate__M027
brainseq__caudate__M028                 SET      45     0.087236    0.0043956      0.14831       0.2782 brainseq__caudate__M028
brainseq__caudate__M029                 SET      37      0.15514    0.0070897      0.16372      0.17168 brainseq__caudate__M029
brainseq__caudate__M030                 SET      37     0.046616    0.0021304      0.13671      0.36656 brainseq__caudate__M030
brainseq__caudate__M031                 SET      30    0.0017422   7.1709e-05      0.16277      0.49573 brainseq__caudate__M031
brainseq__caudate__M032                 SET      31     -0.15092   -0.0063143      0.17121      0.81097 brainseq__caudate__M032
brainseq__caudate__M033                 SET      26     -0.16605   -0.0063631      0.17198      0.83284 brainseq__caudate__M033
brainseq__caudate__M034                 SET      28      0.31225     0.012417      0.20754     0.066233 brainseq__caudate__M034
brainseq__caudate__M035                 SET      15       0.3118    0.0090785      0.24033     0.097259 brainseq__caudate__M035
brainseq__caudate__M036                 SET      24      0.10786    0.0039714      0.17236      0.26573 brainseq__caudate__M036
brainseq__caudate__M037                 SET      27     0.029937     0.001169       0.1698      0.43003 brainseq__caudate__M037
brainseq__caudate__M038                 SET      22      0.12259    0.0043218      0.20233       0.2723 brainseq__caudate__M038
brainseq__caudate__M039                 SET      25     -0.26974    -0.010136      0.19259      0.91932 brainseq__caudate__M039
brainseq__caudate__M040                 SET      17    -0.053461    -0.001657      0.18715      0.61243 brainseq__caudate__M040
brainseq__caudate__M041                 SET      19    0.0018932   6.2032e-05      0.21346      0.49646 brainseq__caudate__M041
brainseq__caudate__M042                 SET      20     -0.12361   -0.0041551      0.20195      0.72975 brainseq__caudate__M042
brainseq__caudate__M043                 SET      20     0.075941    0.0025528      0.19688      0.34986 brainseq__caudate__M043
brainseq__caudate__M044                 SET      16      0.20232    0.0060839       0.2223      0.18138 brainseq__caudate__M044
brainseq__caudate__M045                 SET      18      0.14411     0.004596      0.22762      0.26334 brainseq__caudate__M045
brainseq__caudate__M046                 SET      19     -0.15308   -0.0050157      0.22961      0.74751 brainseq__caudate__M046
brainseq__caudate__M047                 SET      18     0.048617    0.0015505      0.21846      0.41195 brainseq__caudate__M047
brainseq__caudate__M048                 SET      15    -0.048104   -0.0014006      0.23814      0.58004 brainseq__caudate__M048
brainseq__hippocampus__M000             SET     376     0.026835    0.0038717     0.048762      0.29105 brainseq__hippocampus__M000
brainseq__hippocampus__M001             SET     308     -0.01907   -0.0024951     0.052752      0.64114 brainseq__hippocampus__M001
brainseq__hippocampus__M002             SET     209    -0.024213   -0.0026171     0.058952      0.65936 brainseq__hippocampus__M002
brainseq__hippocampus__M003             SET     159    -0.029797   -0.0028131     0.073706      0.65699 brainseq__hippocampus__M003
brainseq__hippocampus__M004             SET     136    -0.029896   -0.0026121     0.074689      0.65552 brainseq__hippocampus__M004
brainseq__hippocampus__M005             SET     146     0.028107    0.0025436     0.069501      0.34296 brainseq__hippocampus__M005
brainseq__hippocampus__M006             SET     128    -0.013589   -0.0011521     0.086797       0.5622 brainseq__hippocampus__M006
brainseq__hippocampus__M007             SET     128     0.025629    0.0021728     0.076037      0.36804 brainseq__hippocampus__M007
brainseq__hippocampus__M008             SET     128     0.099239    0.0084136     0.081153       0.1107 brainseq__hippocampus__M008
brainseq__hippocampus__M009             SET     105      0.16616     0.012767     0.084946     0.025237 brainseq__hippocampus__M009
brainseq__hippocampus__M010             SET     100    -0.076369   -0.0057274     0.088783      0.80515 brainseq__hippocampus__M010
brainseq__hippocampus__M011             SET      80    -0.013897  -0.00093272     0.098461      0.55612 brainseq__hippocampus__M011
brainseq__hippocampus__M012             SET      82     -0.22323    -0.015168     0.096297      0.98977 brainseq__hippocampus__M012
brainseq__hippocampus__M013             SET      83      0.16918     0.011565     0.096118     0.039205 brainseq__hippocampus__M013
brainseq__hippocampus__M014             SET      75    0.0027756    0.0001804      0.11196      0.49011 brainseq__hippocampus__M014
brainseq__hippocampus__M015             SET      82    -0.010888  -0.00073983     0.097971      0.54425 brainseq__hippocampus__M015
brainseq__hippocampus__M016             SET      75    -0.043587   -0.0028329      0.11104      0.65267 brainseq__hippocampus__M016
brainseq__hippocampus__M017             SET      65     0.033803    0.0020459      0.12032      0.38938 brainseq__hippocampus__M017
brainseq__hippocampus__M018             SET      61     0.045457    0.0026655      0.12597      0.35911 brainseq__hippocampus__M018
brainseq__hippocampus__M019             SET      63     0.070724    0.0042144      0.11999      0.27779 brainseq__hippocampus__M019
brainseq__hippocampus__M020             SET      62      0.16767    0.0099119      0.12134     0.083521 brainseq__hippocampus__M020
brainseq__hippocampus__M021             SET      52    -0.010815  -0.00058567      0.12748       0.5338 brainseq__hippocampus__M021
brainseq__hippocampus__M022             SET      48    -0.034693   -0.0018053      0.13802      0.59923 brainseq__hippocampus__M022
brainseq__hippocampus__M023             SET      47     0.093463    0.0048126      0.13776      0.24874 brainseq__hippocampus__M023
brainseq__hippocampus__M024             SET      44     0.057048    0.0028425      0.13521      0.33655 brainseq__hippocampus__M024
brainseq__hippocampus__M025             SET      40     0.047441    0.0022541      0.15662      0.38098 brainseq__hippocampus__M025
brainseq__hippocampus__M026             SET      40     -0.15949   -0.0075777       0.1609       0.8392 brainseq__hippocampus__M026
brainseq__hippocampus__M027             SET      37      -0.1906   -0.0087105      0.14906      0.89949 brainseq__hippocampus__M027
brainseq__hippocampus__M028             SET      36     0.038639    0.0017418      0.15067       0.3988 brainseq__hippocampus__M028
brainseq__hippocampus__M029             SET      37      0.18727    0.0085581      0.15654       0.1158 brainseq__hippocampus__M029
brainseq__hippocampus__M030             SET      32    -0.080501   -0.0034218      0.18428      0.66889 brainseq__hippocampus__M030
brainseq__hippocampus__M031             SET      37     0.069472    0.0031749      0.16227      0.33428 brainseq__hippocampus__M031
brainseq__hippocampus__M032             SET      33     0.027889    0.0012038      0.15024      0.42637 brainseq__hippocampus__M032
brainseq__hippocampus__M033             SET      29      0.27715     0.011216      0.18133     0.063208 brainseq__hippocampus__M033
brainseq__hippocampus__M034             SET      27    -0.068852   -0.0026887      0.16515      0.66162 brainseq__hippocampus__M034
brainseq__hippocampus__M035             SET      27      0.14407    0.0056259      0.18992      0.22406 brainseq__hippocampus__M035
brainseq__hippocampus__M036             SET      26     -0.02053  -0.00078674      0.17482      0.54674 brainseq__hippocampus__M036
brainseq__hippocampus__M037             SET      26      0.15186    0.0058193      0.16632      0.18061 brainseq__hippocampus__M037
brainseq__hippocampus__M038             SET      21     -0.23462   -0.0080814      0.19838      0.88152 brainseq__hippocampus__M038
brainseq__hippocampus__M039             SET      22     0.086932    0.0030647      0.22104      0.34706 brainseq__hippocampus__M039
brainseq__hippocampus__M040             SET      26       0.1999    0.0076603      0.16614      0.11447 brainseq__hippocampus__M040
brainseq__hippocampus__M041             SET      23    -0.017817  -0.00064222      0.18366      0.53864 brainseq__hippocampus__M041
brainseq__hippocampus__M042             SET      19     -0.34269    -0.011228      0.21762      0.94233 brainseq__hippocampus__M042
brainseq__hippocampus__M043             SET      21    -0.028798  -0.00099194       0.2052      0.55581 brainseq__hippocampus__M043
brainseq__hippocampus__M044             SET      19       0.1494    0.0048951      0.19204       0.2183 brainseq__hippocampus__M044
brainseq__hippocampus__M045             SET      19      0.33641     0.011023      0.22545     0.067837 brainseq__hippocampus__M045
brainseq__dlpfc__M000                   SET     351     0.044013    0.0061398      0.05154      0.19657 brainseq__dlpfc__M000
brainseq__dlpfc__M001                   SET     379     0.027064    0.0039199     0.046728      0.28124 brainseq__dlpfc__M001
brainseq__dlpfc__M002                   SET     265     -0.05957   -0.0072384     0.054738      0.86176 brainseq__dlpfc__M002
brainseq__dlpfc__M003                   SET     181    -0.021521   -0.0021664     0.068323      0.62361 brainseq__dlpfc__M003
brainseq__dlpfc__M004                   SET     209     0.039965    0.0043195     0.065074      0.26957 brainseq__dlpfc__M004
brainseq__dlpfc__M005                   SET     212    -0.052064   -0.0056671     0.059565      0.80895 brainseq__dlpfc__M005
brainseq__dlpfc__M006                   SET     214    -0.013276   -0.0014517      0.05923      0.58867 brainseq__dlpfc__M006
brainseq__dlpfc__M007                   SET     194     -0.13625    -0.014194     0.069056      0.97575 brainseq__dlpfc__M007
brainseq__dlpfc__M008                   SET     172     -0.11377    -0.011168     0.065978      0.95768 brainseq__dlpfc__M008
brainseq__dlpfc__M009                   SET     165     0.087807    0.0084432     0.067933     0.098092 brainseq__dlpfc__M009
brainseq__dlpfc__M010                   SET     139    -0.033164   -0.0029291     0.073046      0.67509 brainseq__dlpfc__M010
brainseq__dlpfc__M011                   SET     142       0.0462    0.0041239      0.07525      0.26963 brainseq__dlpfc__M011
brainseq__dlpfc__M012                   SET      99     0.050357    0.0037577     0.091442      0.29093 brainseq__dlpfc__M012
brainseq__dlpfc__M013                   SET      98      0.18041     0.013395     0.092121       0.0251 brainseq__dlpfc__M013
brainseq__dlpfc__M014                   SET      94     0.019004     0.001382     0.096197       0.4217 brainseq__dlpfc__M014
brainseq__dlpfc__M015                   SET     100     0.034769    0.0026075     0.089638      0.34906 brainseq__dlpfc__M015
brainseq__dlpfc__M016                   SET      97    -0.026911   -0.0019879     0.091771      0.61533 brainseq__dlpfc__M016
brainseq__dlpfc__M017                   SET      86     0.015503    0.0010787     0.099777      0.43826 brainseq__dlpfc__M017
brainseq__dlpfc__M018                   SET      56     0.062112    0.0034902      0.12512      0.30981 brainseq__dlpfc__M018
brainseq__dlpfc__M019                   SET      63      0.13913    0.0082904      0.11988      0.12292 brainseq__dlpfc__M019
brainseq__dlpfc__M020                   SET      48     0.064013     0.003331      0.15078      0.33559 brainseq__dlpfc__M020
brainseq__dlpfc__M021                   SET      39    -0.018691   -0.0008769      0.14385      0.55169 brainseq__dlpfc__M021
brainseq__dlpfc__M022                   SET      35      0.24941     0.011086      0.14624     0.044061 brainseq__dlpfc__M022
brainseq__dlpfc__M023                   SET      39     0.024171     0.001134      0.14869      0.43544 brainseq__dlpfc__M023
brainseq__dlpfc__M024                   SET      37     0.072213    0.0033002      0.13782      0.30016 brainseq__dlpfc__M024
brainseq__dlpfc__M025                   SET      37     0.096472    0.0044088      0.14385      0.25123 brainseq__dlpfc__M025
brainseq__dlpfc__M026                   SET      34      0.25316     0.011092      0.14238     0.037703 brainseq__dlpfc__M026
brainseq__dlpfc__M027                   SET      36     -0.27431    -0.012366       0.1564      0.96026 brainseq__dlpfc__M027
brainseq__dlpfc__M028                   SET      28      0.10835    0.0043086      0.16998      0.26193 brainseq__dlpfc__M028
brainseq__dlpfc__M029                   SET      23      0.27703    0.0099856      0.15944     0.041162 brainseq__dlpfc__M029
brainseq__dlpfc__M030                   SET      29      0.18943    0.0076657      0.17161      0.13485 brainseq__dlpfc__M030
brainseq__dlpfc__M031                   SET      24      0.03524    0.0012975      0.17112      0.41842 brainseq__dlpfc__M031
brainseq__dlpfc__M032                   SET      22     -0.05621   -0.0019817      0.19336      0.61436 brainseq__dlpfc__M032
brainseq__dlpfc__M033                   SET      15      0.28816      0.00839      0.21717      0.09229 brainseq__dlpfc__M033
brainseq__dlpfc__M034                   SET      20     0.031456    0.0010574      0.18008      0.43067 brainseq__dlpfc__M034
brainseq__dlpfc__M035                   SET      20     -0.21047   -0.0070752      0.17665      0.88326 brainseq__dlpfc__M035
brainseq__dlpfc__M036                   SET      15    -0.081193    -0.002364      0.24171      0.63153 brainseq__dlpfc__M036
brainseq__dlpfc__M037                   SET      18     -0.24383   -0.0077762      0.18151      0.91041 brainseq__dlpfc__M037
brainseq__caudate_sczd__M000            SET     100     0.020508     0.001538     0.098926      0.41789 brainseq__caudate_sczd__M000
brainseq__caudate_sczd__M001            SET      83     0.069552    0.0047544     0.098138      0.23925 brainseq__caudate_sczd__M001
brainseq__caudate_sczd__M002            SET     336     0.074054     0.010112     0.051419     0.074916 brainseq__caudate_sczd__M002
brainseq__caudate_sczd__M003            SET     245      0.15085     0.017634     0.061362    0.0069843 brainseq__caudate_sczd__M003
brainseq__caudate_sczd__M004            SET     159     0.056398    0.0053245     0.070332      0.21132 brainseq__caudate_sczd__M004
brainseq__caudate_sczd__M005            SET     129     0.035842    0.0030505     0.085053      0.33673 brainseq__caudate_sczd__M005
brainseq__caudate_sczd__M006            SET     161     0.080781    0.0076737     0.070731      0.12672 brainseq__caudate_sczd__M006
brainseq__caudate_sczd__M007            SET     142     0.016037    0.0014315     0.074413      0.41468 brainseq__caudate_sczd__M007
brainseq__caudate_sczd__M008            SET     149    -0.010618  -0.00097065     0.072648       0.5581 brainseq__caudate_sczd__M008
brainseq__caudate_sczd__M009            SET     118     -0.10292   -0.0083801     0.085705      0.88509 brainseq__caudate_sczd__M009
brainseq__caudate_sczd__M010            SET      55     -0.16491   -0.0091836      0.11489       0.9244 brainseq__caudate_sczd__M010
brainseq__caudate_sczd__M011            SET      55     0.063293    0.0035248       0.1062       0.2756 brainseq__caudate_sczd__M011
brainseq__caudate_sczd__M012            SET      45      0.12539    0.0063182      0.15087      0.20296 brainseq__caudate_sczd__M012
brainseq__caudate_sczd__M013            SET      30      -0.3212     -0.01322      0.16817      0.97192 brainseq__caudate_sczd__M013
brainseq__caudate_sczd__M014            SET      42    -0.066609   -0.0032427       0.1387      0.68447 brainseq__caudate_sczd__M014
brainseq__caudate_sczd__M015            SET      30      0.18409    0.0075771       0.1758      0.14752 brainseq__caudate_sczd__M015
brainseq__caudate_sczd__M016            SET      33     -0.11514   -0.0049699      0.15234      0.77511 brainseq__caudate_sczd__M016
brainseq__caudate_sczd__M017            SET       8    -0.062779   -0.0013352      0.34284      0.57264 brainseq__caudate_sczd__M017
brainseq__caudate_sczd__M018            SET      25      0.25289     0.009503      0.17134     0.069993 brainseq__caudate_sczd__M018
brainseq__caudate_sczd__M019            SET      27     0.092677     0.003619      0.18738      0.31045 brainseq__caudate_sczd__M019
brainseq__caudate_sczd__M020            SET      26      0.14453    0.0055385      0.15912      0.18186 brainseq__caudate_sczd__M020
brainseq__caudate_sczd__M021            SET      20     0.030278    0.0010178      0.21144      0.44307 brainseq__caudate_sczd__M021
brainseq__caudate_sczd__M022            SET      21    -0.071132   -0.0024501      0.21611      0.62898 brainseq__caudate_sczd__M022
brainseq__caudate_sczd__M023            SET      22    -0.072114   -0.0025423      0.20094      0.64016 brainseq__caudate_sczd__M023
brainseq__caudate_sczd__M024            SET      25    -0.076799    -0.002886      0.19032      0.65671 brainseq__caudate_sczd__M024
brainseq__caudate_sczd__M025            SET      20     0.073487    0.0024703      0.22844      0.37385 brainseq__caudate_sczd__M025
brainseq__caudate_sczd__M026            SET      18      0.21316    0.0067982      0.22988       0.1769 brainseq__caudate_sczd__M026
