# MEAN_SAMPLE_SIZE = 14343
# TOTAL_GENES = 17680
# TEST_DIRECTION = one-sided, positive (set), two-sided (covar)
# CONDITIONED_INTERNAL = gene size, gene density, inverse mac, log(gene size), log(gene density), log(inverse mac)
VARIABLE                               TYPE  NGENES         BETA     BETA_STD           SE            P FULL_NAME
gtex__amygdala__M000                    SET     964     0.056603     0.012852     0.030426     0.031426 gtex__amygdala__M000
gtex__amygdala__M001                    SET     607    -0.039367   -0.0071683      0.03638      0.86039 gtex__amygdala__M001
gtex__amygdala__M002                    SET     425    -0.077221    -0.011828     0.041948      0.96717 gtex__amygdala__M002
gtex__amygdala__M003                    SET     443     0.089749     0.014028     0.043938     0.020552 gtex__amygdala__M003
gtex__amygdala__M004                    SET     310    -0.039599   -0.0051975     0.052801      0.77336 gtex__amygdala__M004
gtex__amygdala__M005                    SET     302      0.12991     0.016834     0.052778    0.0069238 gtex__amygdala__M005
gtex__amygdala__M006                    SET     295     0.018552    0.0023763     0.053274      0.36384 gtex__amygdala__M006
gtex__amygdala__M007                    SET     267     0.028797    0.0035122     0.053367      0.29474 gtex__amygdala__M007
gtex__amygdala__M008                    SET     188     -0.26042    -0.026711     0.071952      0.99985 gtex__amygdala__M008
gtex__amygdala__M009                    SET     166    -0.038188    -0.003683     0.074679      0.69545 gtex__amygdala__M009
gtex__amygdala__M010                    SET     124    -0.054154   -0.0045194      0.08054      0.74933 gtex__amygdala__M010
gtex__amygdala__M011                    SET     111      0.07091    0.0056011     0.083446      0.19773 gtex__amygdala__M011
gtex__amygdala__M012                    SET      81     0.056926    0.0038444     0.095973      0.27655 gtex__amygdala__M012
gtex__amygdala__M013                    SET      74     -0.23898    -0.015429      0.11222      0.98338 gtex__amygdala__M013
gtex__amygdala__M014                    SET      58    -0.028211   -0.0016132      0.10433      0.60658 gtex__amygdala__M014
gtex__amygdala__M015                    SET      35      0.26468     0.011765      0.15305     0.041881 gtex__amygdala__M015
gtex__amygdala__M016                    SET      32     0.035141    0.0014937      0.15418      0.40986 gtex__amygdala__M016
gtex__amygdala__M017                    SET      16     -0.20239   -0.0060859      0.21939      0.82186 gtex__amygdala__M017
gtex__amygdala__M018                    SET      24     -0.26281   -0.0096765      0.16949      0.93949 gtex__amygdala__M018
gtex__amygdala__M019                    SET      23    -0.085958   -0.0030984      0.18588      0.67811 gtex__amygdala__M019
gtex__amygdala__M020                    SET      24       0.2227    0.0081996      0.18592      0.11551 gtex__amygdala__M020
gtex__amygdala__M021                    SET      16    -0.085703   -0.0025771      0.22725      0.64696 gtex__amygdala__M021
gtex__amygdala__M022                    SET      18      -0.1853   -0.0059097      0.20665      0.81505 gtex__amygdala__M022
gtex__anterior_cingulate_cor...1        SET    1773     0.034386     0.010329     0.022855     0.066231 gtex__anterior_cingulate_cortex_ba24__M000
gtex__anterior_cingulate_cor...2        SET     680      0.04349    0.0083636     0.034367      0.10287 gtex__anterior_cingulate_cortex_ba24__M001
gtex__anterior_cingulate_cor...3        SET     635      0.07045      0.01311     0.037811     0.031226 gtex__anterior_cingulate_cortex_ba24__M002
gtex__anterior_cingulate_cor...4        SET     640    -0.011803   -0.0022047     0.035976      0.62857 gtex__anterior_cingulate_cortex_ba24__M003
gtex__anterior_cingulate_cor...5        SET     429    -0.028683   -0.0044136     0.042683      0.74921 gtex__anterior_cingulate_cortex_ba24__M004
gtex__anterior_cingulate_cor...6        SET     437     0.048242    0.0074904      0.04403      0.13662 gtex__anterior_cingulate_cortex_ba24__M005
gtex__anterior_cingulate_cor...7        SET     374     -0.06107    -0.008788     0.047842       0.8991 gtex__anterior_cingulate_cortex_ba24__M006
gtex__anterior_cingulate_cor...8        SET     242     -0.22706    -0.026383     0.061769      0.99988 gtex__anterior_cingulate_cortex_ba24__M007
gtex__anterior_cingulate_cor...9        SET     229     -0.06955   -0.0078642     0.059203      0.87995 gtex__anterior_cingulate_cortex_ba24__M008
gtex__anterior_cingulate_cor...10       SET     204     0.053807    0.0057466     0.059049      0.18109 gtex__anterior_cingulate_cortex_ba24__M009
gtex__anterior_cingulate_cor...11       SET     160      0.12873     0.012191     0.071679      0.03626 gtex__anterior_cingulate_cortex_ba24__M010
gtex__anterior_cingulate_cor...12       SET     119     0.051549     0.004215     0.074706      0.24509 gtex__anterior_cingulate_cortex_ba24__M011
gtex__anterior_cingulate_cor...13       SET      92   -0.0047366   -0.0003408     0.095867       0.5197 gtex__anterior_cingulate_cortex_ba24__M012
gtex__anterior_cingulate_cor...14       SET      93     0.023403    0.0016929     0.093558      0.40124 gtex__anterior_cingulate_cortex_ba24__M013
gtex__anterior_cingulate_cor...15       SET      51    0.0023326    0.0001251      0.12343      0.49246 gtex__anterior_cingulate_cortex_ba24__M014
gtex__anterior_cingulate_cor...16       SET      42     0.058935    0.0028691       0.1361       0.3325 gtex__anterior_cingulate_cortex_ba24__M015
gtex__anterior_cingulate_cor...17       SET      43     0.013031   0.00064188      0.12389      0.45812 gtex__anterior_cingulate_cortex_ba24__M016
gtex__anterior_cingulate_cor...18       SET      40    -0.017369  -0.00082527      0.14526      0.54759 gtex__anterior_cingulate_cortex_ba24__M017
gtex__anterior_cingulate_cor...19       SET      39      -0.1869   -0.0087688      0.12715       0.9292 gtex__anterior_cingulate_cortex_ba24__M018
gtex__anterior_cingulate_cor...20       SET      35    -0.033415   -0.0014853      0.14266       0.5926 gtex__anterior_cingulate_cortex_ba24__M019
gtex__anterior_cingulate_cor...21       SET      21      0.24236     0.008348      0.17537     0.083495 gtex__anterior_cingulate_cortex_ba24__M020
gtex__anterior_cingulate_cor...22       SET      21    -0.031212   -0.0010751      0.19677      0.56302 gtex__anterior_cingulate_cortex_ba24__M021
gtex__anterior_cingulate_cor...23       SET      21      0.14642    0.0050433      0.16356      0.18535 gtex__anterior_cingulate_cortex_ba24__M022
gtex__anterior_cingulate_cor...24       SET      19      0.15403    0.0050468      0.21292      0.23472 gtex__anterior_cingulate_cortex_ba24__M023
gtex__caudate_basal_ganglia_...1        SET    1211     0.084354     0.021308     0.027782    0.0011994 gtex__caudate_basal_ganglia__M000
gtex__caudate_basal_ganglia_...2        SET     934    -0.038014   -0.0085036     0.030752      0.89179 gtex__caudate_basal_ganglia__M001
gtex__caudate_basal_ganglia_...3        SET     776    -0.049539    -0.010149      0.03305      0.93304 gtex__caudate_basal_ganglia__M002
gtex__caudate_basal_ganglia_...4        SET     586    -0.047355   -0.0084774     0.037656      0.89572 gtex__caudate_basal_ganglia__M003
gtex__caudate_basal_ganglia_...5        SET     575    -0.047406   -0.0084093      0.03643      0.90342 gtex__caudate_basal_ganglia__M004
gtex__caudate_basal_ganglia_...6        SET     474    -0.053842   -0.0086972     0.045045        0.884 gtex__caudate_basal_ganglia__M005
gtex__caudate_basal_ganglia_...7        SET     455      0.10564     0.016728     0.040864    0.0048708 gtex__caudate_basal_ganglia__M006
gtex__caudate_basal_ganglia_...8        SET     261     0.040044    0.0048295      0.06044      0.25381 gtex__caudate_basal_ganglia__M007
gtex__caudate_basal_ganglia_...9        SET     209     0.031509    0.0034056     0.057338      0.29133 gtex__caudate_basal_ganglia__M008
gtex__caudate_basal_ganglia_...10       SET     180      0.10907     0.010949       0.0654     0.047694 gtex__caudate_basal_ganglia__M009
gtex__caudate_basal_ganglia_...11       SET     156    -0.010045  -0.00093946      0.06821      0.55854 gtex__caudate_basal_ganglia__M010
gtex__caudate_basal_ganglia_...12       SET     185     0.053884    0.0054832     0.063084      0.19651 gtex__caudate_basal_ganglia__M011
gtex__caudate_basal_ganglia_...13       SET      72      0.06503    0.0041416      0.10168      0.26123 gtex__caudate_basal_ganglia__M012
gtex__caudate_basal_ganglia_...14       SET      61     0.062597    0.0036706      0.11017      0.28496 gtex__caudate_basal_ganglia__M013
gtex__caudate_basal_ganglia_...15       SET      41     0.013022   0.00062638      0.15098      0.46564 gtex__caudate_basal_ganglia__M014
gtex__caudate_basal_ganglia_...16       SET      18    -0.027431  -0.00087482      0.20451      0.55335 gtex__caudate_basal_ganglia__M015
gtex__caudate_basal_ganglia_...17       SET      20     0.018225   0.00061265      0.19767      0.46327 gtex__caudate_basal_ganglia__M016
gtex__cerebellar_hemisphere_...1        SET    2098     0.055105     0.017821     0.021158    0.0046045 gtex__cerebellar_hemisphere__M000
gtex__cerebellar_hemisphere_...2        SET     691     0.055415     0.010739     0.032484      0.04402 gtex__cerebellar_hemisphere__M001
gtex__cerebellar_hemisphere_...3        SET     629     0.055108     0.010208     0.036411     0.065083 gtex__cerebellar_hemisphere__M002
gtex__cerebellar_hemisphere_...4        SET     550     0.011964    0.0020771     0.037593      0.37515 gtex__cerebellar_hemisphere__M003
gtex__cerebellar_hemisphere_...5        SET     466    -0.091749    -0.014698      0.04727      0.97386 gtex__cerebellar_hemisphere__M004
gtex__cerebellar_hemisphere_...6        SET     255     0.066395    0.0079163     0.054057      0.10969 gtex__cerebellar_hemisphere__M005
gtex__cerebellar_hemisphere_...7        SET     206     0.074667    0.0080128     0.061577      0.11266 gtex__cerebellar_hemisphere__M006
gtex__cerebellar_hemisphere_...8        SET     122     -0.13047    -0.010801     0.077062      0.95476 gtex__cerebellar_hemisphere__M007
gtex__cerebellar_hemisphere_...9        SET     108    -0.060912   -0.0047463     0.086225      0.76004 gtex__cerebellar_hemisphere__M008
gtex__cerebellar_hemisphere_...10       SET     124      0.01283    0.0010707       0.0757      0.43271 gtex__cerebellar_hemisphere__M009
gtex__cerebellar_hemisphere_...11       SET      81     0.062802    0.0042412     0.098618      0.26212 gtex__cerebellar_hemisphere__M010
gtex__cerebellar_hemisphere_...12       SET      77     0.023738    0.0015632     0.095655      0.40201 gtex__cerebellar_hemisphere__M011
gtex__cerebellar_hemisphere_...13       SET      53    -0.031891   -0.0017435      0.11277      0.61133 gtex__cerebellar_hemisphere__M012
gtex__cerebellar_hemisphere_...14       SET      53     -0.18761    -0.010257      0.12533      0.93277 gtex__cerebellar_hemisphere__M013
gtex__cerebellar_hemisphere_...15       SET      39    -0.017199  -0.00080692      0.13801      0.54959 gtex__cerebellar_hemisphere__M014
gtex__cerebellar_hemisphere_...16       SET      40     -0.20167   -0.0095818      0.14251      0.92147 gtex__cerebellar_hemisphere__M015
gtex__cerebellar_hemisphere_...17       SET      33      0.11995    0.0051776      0.14998      0.21193 gtex__cerebellar_hemisphere__M016
gtex__cerebellar_hemisphere_...18       SET      21     0.050854    0.0017517      0.20389      0.40152 gtex__cerebellar_hemisphere__M017
gtex__cerebellar_hemisphere_...19       SET      30     0.082114    0.0033797      0.15972      0.30359 gtex__cerebellar_hemisphere__M018
gtex__cerebellar_hemisphere_...20       SET      19     0.024299   0.00079615      0.21643       0.4553 gtex__cerebellar_hemisphere__M019
gtex__cerebellar_hemisphere_...21       SET      20    -0.055235   -0.0018567       0.2031      0.60717 gtex__cerebellar_hemisphere__M020
gtex__cerebellar_hemisphere_...22       SET      19     -0.38876    -0.012738      0.19833      0.97501 gtex__cerebellar_hemisphere__M021
gtex__cerebellum__M000                  SET     707     0.031872    0.0062449     0.033785      0.17275 gtex__cerebellum__M000
gtex__cerebellum__M001                  SET     259     -0.15171    -0.018227     0.061218      0.99339 gtex__cerebellum__M001
gtex__cerebellum__M002                  SET     225      0.10195     0.011428     0.059777     0.044059 gtex__cerebellum__M002
gtex__cerebellum__M003                  SET     247     0.036937    0.0043354     0.059063      0.26586 gtex__cerebellum__M003
gtex__cerebellum__M004                  SET     189  -0.00098557  -0.00010136     0.061668      0.50638 gtex__cerebellum__M004
gtex__cerebellum__M005                  SET     137    -0.030718   -0.0026937     0.072309      0.66451 gtex__cerebellum__M005
gtex__cerebellum__M006                  SET     113      0.12065     0.009615     0.082044     0.070713 gtex__cerebellum__M006
gtex__cerebellum__M007                  SET     110      0.10639    0.0083659     0.084872      0.10501 gtex__cerebellum__M007
gtex__cerebellum__M008                  SET      62     -0.19848    -0.011733      0.11217      0.96158 gtex__cerebellum__M008
gtex__cerebellum__M009                  SET      95    0.0015705   0.00011481     0.085312      0.49266 gtex__cerebellum__M009
gtex__cerebellum__M010                  SET      83    -0.030448   -0.0020814      0.11404      0.60527 gtex__cerebellum__M010
gtex__cerebellum__M011                  SET      88      0.10283    0.0072367     0.091303      0.13004 gtex__cerebellum__M011
gtex__cerebellum__M012                  SET      89     -0.11415   -0.0080785     0.088993      0.90018 gtex__cerebellum__M012
gtex__cerebellum__M013                  SET      68    -0.020543   -0.0012716      0.10479      0.57771 gtex__cerebellum__M013
gtex__cerebellum__M014                  SET      48      0.10141    0.0052768      0.12788       0.2139 gtex__cerebellum__M014
gtex__cerebellum__M015                  SET      48      0.10252    0.0053345      0.11397       0.1842 gtex__cerebellum__M015
gtex__cerebellum__M016                  SET      40      0.18234    0.0086635      0.15425      0.11858 gtex__cerebellum__M016
gtex__cerebellum__M017                  SET      31     0.086842    0.0036333      0.15953      0.29309 gtex__cerebellum__M017
gtex__cerebellum__M018                  SET      22      0.13644      0.00481      0.19986      0.24741 gtex__cerebellum__M018
gtex__cerebellum__M019                  SET      26      0.10596    0.0040606      0.21306      0.30948 gtex__cerebellum__M019
gtex__cerebellum__M020                  SET      18      0.50871     0.016224      0.22718     0.012575 gtex__cerebellum__M020
gtex__cerebellum__M021                  SET      26      0.25785    0.0098812      0.16387     0.057811 gtex__cerebellum__M021
gtex__cerebellum__M022                  SET      18     -0.22046    -0.007031      0.22048      0.84132 gtex__cerebellum__M022
gtex__cerebellum__M023                  SET      18    -0.050475   -0.0016098      0.19938      0.59993 gtex__cerebellum__M023
gtex__cerebellum__M024                  SET      17    0.0066224   0.00020526       0.2032        0.487 gtex__cerebellum__M024
gtex__cerebellum__M025                  SET      19      0.23284    0.0076292      0.23211       0.1579 gtex__cerebellum__M025
gtex__cortex__M000                      SET     621     0.079065     0.014556     0.036285     0.014673 gtex__cortex__M000
gtex__cortex__M001                      SET     545       0.1169     0.020206     0.040205    0.0018238 gtex__cortex__M001
gtex__cortex__M002                      SET     614    -0.026699   -0.0048885     0.037394      0.76238 gtex__cortex__M002
gtex__cortex__M003                      SET     544     0.031665    0.0054685      0.03765      0.20017 gtex__cortex__M003
gtex__cortex__M004                      SET     297      0.01481    0.0019034     0.053396      0.39075 gtex__cortex__M004
gtex__cortex__M005                      SET     261     0.054074    0.0065216     0.053748       0.1572 gtex__cortex__M005
gtex__cortex__M006                      SET     211    -0.083373   -0.0090538     0.059972      0.91776 gtex__cortex__M006
gtex__cortex__M007                      SET     180     -0.15016    -0.015074     0.072421      0.98092 gtex__cortex__M007
gtex__cortex__M008                      SET     144       0.1076    0.0096716     0.074209     0.073542 gtex__cortex__M008
gtex__cortex__M009                      SET      52     -0.31382    -0.016995      0.12896      0.99252 gtex__cortex__M009
gtex__cortex__M010                      SET      84     0.027671    0.0019028      0.10439      0.39548 gtex__cortex__M010
gtex__cortex__M011                      SET      42    -0.089592   -0.0043616      0.13133      0.75243 gtex__cortex__M011
gtex__cortex__M012                      SET      39     -0.27377    -0.012844      0.13601      0.97793 gtex__cortex__M012
gtex__frontal_cortex_ba9__M0...1        SET    1259     0.065532     0.016854     0.026666        0.007 gtex__frontal_cortex_ba9__M000
gtex__frontal_cortex_ba9__M0...2        SET    1007     0.030246    0.0070101         0.03      0.15668 gtex__frontal_cortex_ba9__M001
gtex__frontal_cortex_ba9__M0...3        SET    1010    0.0046322    0.0010751      0.02885      0.43622 gtex__frontal_cortex_ba9__M002
gtex__frontal_cortex_ba9__M0...4        SET     815     0.071383     0.014969      0.03117     0.011012 gtex__frontal_cortex_ba9__M003
gtex__frontal_cortex_ba9__M0...5        SET     688    -0.046166   -0.0089282     0.035819      0.90127 gtex__frontal_cortex_ba9__M004
gtex__frontal_cortex_ba9__M0...6        SET     480    -0.065627    -0.010666     0.044032      0.93194 gtex__frontal_cortex_ba9__M005
gtex__frontal_cortex_ba9__M0...7        SET     215    -0.088477   -0.0096976      0.05717      0.93913 gtex__frontal_cortex_ba9__M006
gtex__frontal_cortex_ba9__M0...8        SET     169     0.037322    0.0036316     0.064441      0.28124 gtex__frontal_cortex_ba9__M007
gtex__frontal_cortex_ba9__M0...9        SET      63     0.069147    0.0041204      0.10222      0.24938 gtex__frontal_cortex_ba9__M008
gtex__frontal_cortex_ba9__M0...10       SET      56    -0.067678   -0.0038029      0.11258      0.72612 gtex__frontal_cortex_ba9__M009
gtex__frontal_cortex_ba9__M0...11       SET      48      0.11728     0.006103      0.14075      0.20234 gtex__frontal_cortex_ba9__M010
gtex__frontal_cortex_ba9__M0...12       SET      42    -0.045691   -0.0022244      0.14466      0.62394 gtex__frontal_cortex_ba9__M011
gtex__hippocampus__M000                 SET    1398     0.044441     0.011993     0.026159     0.044676 gtex__hippocampus__M000
gtex__hippocampus__M001                 SET    1436     0.013461    0.0036774     0.024975      0.29495 gtex__hippocampus__M001
gtex__hippocampus__M002                 SET     831      0.01654    0.0035007     0.031365      0.29898 gtex__hippocampus__M002
gtex__hippocampus__M003                 SET     802    -0.011517   -0.0023967      0.03196      0.64071 gtex__hippocampus__M003
gtex__hippocampus__M004                 SET     434     0.077856     0.012048     0.041764     0.031158 gtex__hippocampus__M004
gtex__hippocampus__M005                 SET     421    -0.030735   -0.0046861      0.04253      0.76506 gtex__hippocampus__M005
gtex__hippocampus__M006                 SET     330    -0.061558   -0.0083315     0.052769      0.87829 gtex__hippocampus__M006
gtex__hippocampus__M007                 SET     281    -0.026068   -0.0032602     0.050858      0.69587 gtex__hippocampus__M007
gtex__hippocampus__M008                 SET     187     -0.23955    -0.024507     0.070259      0.99967 gtex__hippocampus__M008
gtex__hippocampus__M009                 SET     183    -0.019905   -0.0020146     0.064441      0.62129 gtex__hippocampus__M009
gtex__hippocampus__M010                 SET     126     0.011095   0.00093332     0.077175      0.44284 gtex__hippocampus__M010
gtex__hippocampus__M011                 SET      96      0.10921     0.008026     0.088405      0.10836 gtex__hippocampus__M011
gtex__hippocampus__M012                 SET      76      0.10607    0.0069394       0.0938      0.12908 gtex__hippocampus__M012
gtex__hippocampus__M013                 SET      64     0.076342     0.004585      0.10773      0.23928 gtex__hippocampus__M013
gtex__hippocampus__M014                 SET      40     -0.23659    -0.011241      0.14481      0.94883 gtex__hippocampus__M014
gtex__hippocampus__M015                 SET      29    -0.036634   -0.0014825      0.15513      0.59334 gtex__hippocampus__M015
gtex__hippocampus__M016                 SET      33     -0.18167   -0.0078418       0.1656      0.86368 gtex__hippocampus__M016
gtex__hippocampus__M017                 SET      25     0.083288    0.0031298      0.17552      0.31757 gtex__hippocampus__M017
gtex__hippocampus__M018                 SET      26      0.10847    0.0041568      0.19162      0.28567 gtex__hippocampus__M018
gtex__hippocampus__M019                 SET      20     0.028446   0.00095624       0.2213      0.44886 gtex__hippocampus__M019
gtex__hypothalamus__M000                SET    2030     0.056606     0.018047     0.021607    0.0044039 gtex__hypothalamus__M000
gtex__hypothalamus__M001                SET     670   -0.0052415   -0.0010009     0.035376      0.55889 gtex__hypothalamus__M001
gtex__hypothalamus__M002                SET     421     0.015523    0.0023668     0.043625      0.36098 gtex__hypothalamus__M002
gtex__hypothalamus__M003                SET     397     0.083862     0.012425     0.043576     0.027153 gtex__hypothalamus__M003
gtex__hypothalamus__M004                SET     315   -0.0025577  -0.00033835     0.051654      0.51975 gtex__hypothalamus__M004
gtex__hypothalamus__M005                SET     273    0.0052445   0.00064666     0.052903      0.46052 gtex__hypothalamus__M005
gtex__hypothalamus__M006                SET     206    -0.097809    -0.010496     0.065109      0.93347 gtex__hypothalamus__M006
gtex__hypothalamus__M007                SET     220    -0.025958   -0.0028777     0.065759      0.65348 gtex__hypothalamus__M007
gtex__hypothalamus__M008                SET     154    0.0034735   0.00032277     0.071126      0.48053 gtex__hypothalamus__M008
gtex__hypothalamus__M009                SET     159     -0.18185    -0.017168     0.078331      0.98987 gtex__hypothalamus__M009
gtex__hypothalamus__M010                SET     126     0.045804    0.0038531     0.077227      0.27656 gtex__hypothalamus__M010
gtex__hypothalamus__M011                SET      96     -0.12441   -0.0091429     0.095045      0.90472 gtex__hypothalamus__M011
gtex__hypothalamus__M012                SET      80     0.047936    0.0032173     0.094825       0.3066 gtex__hypothalamus__M012
gtex__hypothalamus__M013                SET      79    -0.017522   -0.0011687     0.092704      0.57496 gtex__hypothalamus__M013
gtex__hypothalamus__M014                SET      67     -0.12488   -0.0076734      0.10472      0.88347 gtex__hypothalamus__M014
gtex__hypothalamus__M015                SET      74      0.12446    0.0080354      0.10124      0.10949 gtex__hypothalamus__M015
gtex__hypothalamus__M016                SET      62     -0.12492   -0.0073849      0.10917      0.87374 gtex__hypothalamus__M016
gtex__hypothalamus__M017                SET      59      0.16308    0.0094053      0.11614      0.08015 gtex__hypothalamus__M017
gtex__hypothalamus__M018                SET      44     -0.15443   -0.0076946      0.13775      0.86886 gtex__hypothalamus__M018
gtex__hypothalamus__M019                SET      25   -0.0095521  -0.00035895      0.16566      0.52299 gtex__hypothalamus__M019
gtex__hypothalamus__M020                SET      24   -0.0061874  -0.00022782      0.17263       0.5143 gtex__hypothalamus__M020
gtex__hypothalamus__M021                SET      22     0.068886    0.0024285      0.21559      0.37466 gtex__hypothalamus__M021
gtex__hypothalamus__M022                SET      19     -0.40956    -0.013419      0.17709      0.98962 gtex__hypothalamus__M022
gtex__hypothalamus__M023                SET      18     -0.15062   -0.0048036       0.1865      0.79034 gtex__hypothalamus__M023
gtex__nucleus_accumbens_basa...1        SET    2489     0.055086     0.019159     0.019848    0.0027601 gtex__nucleus_accumbens_basal_ganglia__M000
gtex__nucleus_accumbens_basa...2        SET     738     0.008692    0.0017384     0.032368      0.39414 gtex__nucleus_accumbens_basal_ganglia__M001
gtex__nucleus_accumbens_basa...3        SET     736     0.011052    0.0022076     0.033875      0.37212 gtex__nucleus_accumbens_basal_ganglia__M002
gtex__nucleus_accumbens_basa...4        SET     492     0.084195     0.013849     0.040306     0.018366 gtex__nucleus_accumbens_basal_ganglia__M003
gtex__nucleus_accumbens_basa...5        SET     173     -0.10655    -0.010488     0.069578      0.93715 gtex__nucleus_accumbens_basal_ganglia__M004
gtex__nucleus_accumbens_basa...6        SET     147    -0.027812   -0.0025255      0.07562      0.64348 gtex__nucleus_accumbens_basal_ganglia__M005
gtex__nucleus_accumbens_basa...7        SET     121     -0.10063    -0.008297     0.086308      0.87818 gtex__nucleus_accumbens_basal_ganglia__M006
gtex__nucleus_accumbens_basa...8        SET     134    -0.032421   -0.0028119     0.073885       0.6696 gtex__nucleus_accumbens_basal_ganglia__M007
gtex__nucleus_accumbens_basa...9        SET     148     -0.10087   -0.0091901     0.075515      0.90917 gtex__nucleus_accumbens_basal_ganglia__M008
gtex__nucleus_accumbens_basa...10       SET     129     -0.14933    -0.012709     0.084044      0.96219 gtex__nucleus_accumbens_basal_ganglia__M009
gtex__nucleus_accumbens_basa...11       SET      95     -0.17543    -0.012825     0.087126      0.97796 gtex__nucleus_accumbens_basal_ganglia__M010
gtex__nucleus_accumbens_basa...12       SET      92     -0.01603   -0.0011534     0.091013       0.5699 gtex__nucleus_accumbens_basal_ganglia__M011
gtex__nucleus_accumbens_basa...13       SET      97    -0.034985   -0.0025843     0.089502      0.65206 gtex__nucleus_accumbens_basal_ganglia__M012
gtex__nucleus_accumbens_basa...14       SET      77      0.18608     0.012254      0.10511     0.038354 gtex__nucleus_accumbens_basal_ganglia__M013
gtex__nucleus_accumbens_basa...15       SET      57      0.10639    0.0060314      0.11511      0.17767 gtex__nucleus_accumbens_basal_ganglia__M014
gtex__nucleus_accumbens_basa...16       SET      60      0.10931     0.006357      0.12228       0.1857 gtex__nucleus_accumbens_basal_ganglia__M015
gtex__nucleus_accumbens_basa...17       SET      28      0.12856    0.0051124       0.1718      0.22713 gtex__nucleus_accumbens_basal_ganglia__M016
gtex__nucleus_accumbens_basa...18       SET      30      0.25281     0.010405      0.16019     0.057272 gtex__nucleus_accumbens_basal_ganglia__M017
gtex__nucleus_accumbens_basa...19       SET      21     0.067385     0.002321      0.19248      0.36314 gtex__nucleus_accumbens_basal_ganglia__M018
gtex__nucleus_accumbens_basa...20       SET      16      0.10132    0.0030467         0.22      0.32257 gtex__nucleus_accumbens_basal_ganglia__M019
gtex__putamen_basal_ganglia_...1        SET    1430     0.008264    0.0022533     0.026013      0.37536 gtex__putamen_basal_ganglia__M000
gtex__putamen_basal_ganglia_...2        SET     922    0.0035428   0.00078768     0.031559      0.45531 gtex__putamen_basal_ganglia__M001
gtex__putamen_basal_ganglia_...3        SET     786   -0.0011697   -0.0002411     0.031979      0.51459 gtex__putamen_basal_ganglia__M002
gtex__putamen_basal_ganglia_...4        SET     488     0.081139     0.013293     0.041359     0.024899 gtex__putamen_basal_ganglia__M003
gtex__putamen_basal_ganglia_...5        SET     397    0.0047967   0.00071068     0.042799      0.45538 gtex__putamen_basal_ganglia__M004
gtex__putamen_basal_ganglia_...6        SET     388     0.068058    0.0099711     0.045859     0.068906 gtex__putamen_basal_ganglia__M005
gtex__putamen_basal_ganglia_...7        SET     338      0.04093     0.005605      0.04774      0.19563 gtex__putamen_basal_ganglia__M006
gtex__putamen_basal_ganglia_...8        SET     159     0.023822     0.002249     0.071495      0.36949 gtex__putamen_basal_ganglia__M007
gtex__putamen_basal_ganglia_...9        SET     134    -0.031062    -0.002694     0.073086      0.66458 gtex__putamen_basal_ganglia__M008
gtex__putamen_basal_ganglia_...10       SET     136     0.077741    0.0067922     0.073406       0.1448 gtex__putamen_basal_ganglia__M009
gtex__putamen_basal_ganglia_...11       SET      96     0.056102    0.0041229     0.086441      0.25817 gtex__putamen_basal_ganglia__M010
gtex__putamen_basal_ganglia_...12       SET      98     0.048942    0.0036338     0.085527      0.28358 gtex__putamen_basal_ganglia__M011
gtex__putamen_basal_ganglia_...13       SET      54     -0.16639   -0.0091821      0.11225      0.93087 gtex__putamen_basal_ganglia__M012
gtex__putamen_basal_ganglia_...14       SET      57     -0.11781   -0.0066784      0.10792      0.86248 gtex__putamen_basal_ganglia__M013
gtex__putamen_basal_ganglia_...15       SET      42      0.24725     0.012037      0.13608     0.034619 gtex__putamen_basal_ganglia__M014
gtex__putamen_basal_ganglia_...16       SET      34      0.12292    0.0053855      0.14926      0.20511 gtex__putamen_basal_ganglia__M015
gtex__putamen_basal_ganglia_...17       SET      26      0.21615    0.0082832      0.17339      0.10628 gtex__putamen_basal_ganglia__M016
gtex__putamen_basal_ganglia_...18       SET      31      0.10123    0.0042354      0.15206      0.25279 gtex__putamen_basal_ganglia__M017
gtex__putamen_basal_ganglia_...19       SET      22     -0.20206   -0.0071235      0.19234      0.85326 gtex__putamen_basal_ganglia__M018
gtex__spinal_cord_cervical_c...1        SET    1252     0.015965    0.0040954     0.027031      0.27739 gtex__spinal_cord_cervical_c_1__M000
gtex__spinal_cord_cervical_c...2        SET     698     0.029789     0.005801     0.033883      0.18966 gtex__spinal_cord_cervical_c_1__M001
gtex__spinal_cord_cervical_c...3        SET     679      0.13118     0.025209     0.037854    0.0002654 gtex__spinal_cord_cervical_c_1__M002
gtex__spinal_cord_cervical_c...4        SET     409     -0.12575    -0.018904     0.048229      0.99543 gtex__spinal_cord_cervical_c_1__M003
gtex__spinal_cord_cervical_c...5        SET     405      0.02975    0.0044509     0.044527      0.25203 gtex__spinal_cord_cervical_c_1__M004
gtex__spinal_cord_cervical_c...6        SET     278    0.0093727     0.001166     0.056463      0.43408 gtex__spinal_cord_cervical_c_1__M005
gtex__spinal_cord_cervical_c...7        SET     257   -0.0018719  -0.00022405     0.053385      0.51399 gtex__spinal_cord_cervical_c_1__M006
gtex__spinal_cord_cervical_c...8        SET     239    -0.034851   -0.0040246     0.058779      0.72337 gtex__spinal_cord_cervical_c_1__M007
gtex__spinal_cord_cervical_c...9        SET     148    -0.061356   -0.0055903     0.067705      0.81759 gtex__spinal_cord_cervical_c_1__M008
gtex__spinal_cord_cervical_c...10       SET     129     0.051741    0.0044036     0.071485       0.2346 gtex__spinal_cord_cervical_c_1__M009
gtex__spinal_cord_cervical_c...11       SET      80     0.060927    0.0040893      0.09929      0.26973 gtex__spinal_cord_cervical_c_1__M010
gtex__spinal_cord_cervical_c...12       SET      87     -0.10125   -0.0070851      0.10943      0.82258 gtex__spinal_cord_cervical_c_1__M011
gtex__spinal_cord_cervical_c...13       SET      73     -0.11351    -0.007279      0.10364      0.86329 gtex__spinal_cord_cervical_c_1__M012
gtex__spinal_cord_cervical_c...14       SET      50    -0.084091   -0.0044657      0.12487      0.74966 gtex__spinal_cord_cervical_c_1__M013
gtex__spinal_cord_cervical_c...15       SET      59     0.074159     0.004277       0.1045      0.23895 gtex__spinal_cord_cervical_c_1__M014
gtex__spinal_cord_cervical_c...16       SET      49     -0.21264    -0.011179      0.13862      0.93747 gtex__spinal_cord_cervical_c_1__M015
gtex__spinal_cord_cervical_c...17       SET      36     -0.17397   -0.0078424      0.13162      0.90686 gtex__spinal_cord_cervical_c_1__M016
gtex__spinal_cord_cervical_c...18       SET      38     -0.38514    -0.017837      0.15417      0.99375 gtex__spinal_cord_cervical_c_1__M017
gtex__spinal_cord_cervical_c...19       SET      21     0.056521    0.0019468      0.21867      0.39802 gtex__spinal_cord_cervical_c_1__M018
gtex__substantia_nigra__M000            SET    1062   -0.0093318   -0.0022174     0.028981      0.62627 gtex__substantia_nigra__M000
gtex__substantia_nigra__M001            SET     904    -0.022488   -0.0049535     0.029698      0.77554 gtex__substantia_nigra__M001
gtex__substantia_nigra__M002            SET     545     0.065012     0.011237      0.04163     0.059192 gtex__substantia_nigra__M002
gtex__substantia_nigra__M003            SET     546     0.068907     0.011921     0.037927     0.034629 gtex__substantia_nigra__M003
gtex__substantia_nigra__M004            SET     552     -0.03475   -0.0060438     0.038586      0.81609 gtex__substantia_nigra__M004
gtex__substantia_nigra__M005            SET     509     -0.02841   -0.0047507     0.038244      0.77121 gtex__substantia_nigra__M005
gtex__substantia_nigra__M006            SET     431     0.075035     0.011572     0.046069     0.051692 gtex__substantia_nigra__M006
gtex__substantia_nigra__M007            SET     174     -0.14324     -0.01414     0.073473      0.97438 gtex__substantia_nigra__M007
gtex__substantia_nigra__M008            SET      79     0.062569    0.0041732      0.10966      0.28415 gtex__substantia_nigra__M008
gtex__substantia_nigra__M009            SET      53    -0.022749   -0.0012437      0.11567      0.57796 gtex__substantia_nigra__M009
gtex__substantia_nigra__M010            SET      33    0.0096172   0.00041512      0.17774      0.47842 gtex__substantia_nigra__M010
brainseq__caudate__M000                 SET     421    -0.047528   -0.0072465     0.044731      0.85599 brainseq__caudate__M000
brainseq__caudate__M001                 SET     975     0.033907      0.00774     0.030498      0.13313 brainseq__caudate__M001
brainseq__caudate__M002                 SET     883     0.026084    0.0056819     0.032904      0.21397 brainseq__caudate__M002
brainseq__caudate__M003                 SET     824     0.027007    0.0056931     0.031577       0.1962 brainseq__caudate__M003
brainseq__caudate__M004                 SET     746    -0.020294   -0.0040798     0.031869      0.73786 brainseq__caudate__M004
brainseq__caudate__M005                 SET     424     0.014742    0.0022555     0.042881       0.3655 brainseq__caudate__M005
brainseq__caudate__M006                 SET     358     0.041108    0.0057902      0.04727      0.19225 brainseq__caudate__M006
brainseq__caudate__M007                 SET     352     0.038525    0.0053817     0.050054      0.22075 brainseq__caudate__M007
brainseq__caudate__M008                 SET     170    -0.011527   -0.0011249     0.066665      0.56864 brainseq__caudate__M008
brainseq__caudate__M009                 SET      76     0.096781    0.0063319      0.11157      0.19286 brainseq__caudate__M009
brainseq__hippocampus__M000             SET     423    0.0061881   0.00094567     0.045259      0.44562 brainseq__hippocampus__M000
brainseq__hippocampus__M001             SET     445    0.0025801   0.00040416     0.044638      0.47695 brainseq__hippocampus__M001
brainseq__hippocampus__M002             SET     423   0.00082361   0.00012587      0.04431      0.49259 brainseq__hippocampus__M002
brainseq__hippocampus__M003             SET     353     0.039587    0.0055378      0.04922      0.21062 brainseq__hippocampus__M003
brainseq__hippocampus__M004             SET     373    -0.039576   -0.0056875     0.047141      0.79941 brainseq__hippocampus__M004
brainseq__hippocampus__M005             SET     353     0.024757    0.0034632     0.047309      0.30038 brainseq__hippocampus__M005
brainseq__hippocampus__M006             SET     346     0.096335     0.013344     0.050964     0.029371 brainseq__hippocampus__M006
brainseq__hippocampus__M007             SET     298     0.096901     0.012474     0.052659     0.032883 brainseq__hippocampus__M007
brainseq__hippocampus__M008             SET     271    0.0056462   0.00069368     0.056145      0.45995 brainseq__hippocampus__M008
brainseq__hippocampus__M009             SET     122     -0.09081   -0.0075177      0.07881      0.87539 brainseq__hippocampus__M009
brainseq__hippocampus__M010             SET     117   -0.0022392  -0.00018156     0.083445       0.5107 brainseq__hippocampus__M010
brainseq__hippocampus__M011             SET     106      0.19593     0.015126     0.088529      0.01345 brainseq__hippocampus__M011
brainseq__hippocampus__M012             SET      27      0.15021    0.0058658      0.16193      0.17681 brainseq__hippocampus__M012
brainseq__hippocampus__M013             SET      20     -0.13118   -0.0044096      0.19141      0.75342 brainseq__hippocampus__M013
brainseq__dlpfc__M000                   SET     492     0.046704    0.0076821     0.041317      0.12917 brainseq__dlpfc__M000
brainseq__dlpfc__M001                   SET     466    -0.070343    -0.011269     0.041299      0.95573 brainseq__dlpfc__M001
brainseq__dlpfc__M002                   SET     403     0.025217    0.0037636     0.045383      0.28923 brainseq__dlpfc__M002
brainseq__dlpfc__M003                   SET     397     0.031146    0.0046147     0.048394      0.25992 brainseq__dlpfc__M003
brainseq__dlpfc__M004                   SET     369    -0.025725   -0.0036776     0.045544      0.71391 brainseq__dlpfc__M004
brainseq__dlpfc__M005                   SET     365     0.090173     0.012822     0.048062     0.030324 brainseq__dlpfc__M005
brainseq__dlpfc__M006                   SET     380    -0.047984    -0.006959     0.047608      0.84324 brainseq__dlpfc__M006
brainseq__dlpfc__M007                   SET     249    0.0018406    0.0002169     0.059083      0.48757 brainseq__dlpfc__M007
brainseq__dlpfc__M008                   SET     273       0.1049     0.012934      0.05297     0.023842 brainseq__dlpfc__M008
brainseq__dlpfc__M009                   SET     225     0.042568    0.0047716     0.058657      0.23402 brainseq__dlpfc__M009
brainseq__dlpfc__M010                   SET     233    -0.069461   -0.0079215     0.059451      0.87866 brainseq__dlpfc__M010
brainseq__dlpfc__M011                   SET     192    0.0012572   0.00013031     0.064405      0.49221 brainseq__dlpfc__M011
brainseq__dlpfc__M012                   SET     149     0.045955    0.0042011     0.072171      0.26215 brainseq__dlpfc__M012
brainseq__caudate_sczd__M000            SET      35      0.14931    0.0066369      0.16467      0.18229 brainseq__caudate_sczd__M000
brainseq__caudate_sczd__M001            SET     234      0.13985     0.015982     0.063012     0.013238 brainseq__caudate_sczd__M001
brainseq__caudate_sczd__M002            SET     185     0.065369    0.0066519     0.071929      0.18173 brainseq__caudate_sczd__M002
brainseq__caudate_sczd__M003            SET      24    -0.035475   -0.0013062      0.16413      0.58556 brainseq__caudate_sczd__M003
brainseq__caudate_sczd__M004            SET     116     -0.10497   -0.0084747     0.086213      0.88829 brainseq__caudate_sczd__M004
brainseq__caudate_sczd__M005            SET     122     0.052715    0.0043639     0.080467       0.2562 brainseq__caudate_sczd__M005
brainseq__caudate_sczd__M006            SET      21     -0.50254     -0.01731      0.24016      0.98179 brainseq__caudate_sczd__M006
brainseq__caudate_sczd__M007            SET      86     0.076105    0.0052951     0.098852      0.22069 brainseq__caudate_sczd__M007
brainseq__caudate_sczd__M008            SET      61     0.024385    0.0014299      0.12841      0.42469 brainseq__caudate_sczd__M008
brainseq__caudate_sczd__M009            SET      28    -0.011506  -0.00045756      0.18245      0.52514 brainseq__caudate_sczd__M009
brainseq__caudate_sczd__M010            SET      48      -0.1802    -0.009377      0.12312      0.92835 brainseq__caudate_sczd__M010
brainseq__caudate_sczd__M011            SET       8     0.020842   0.00044326      0.30629      0.47287 brainseq__caudate_sczd__M011
brainseq__caudate_sczd__M012            SET      59      0.17334     0.009997      0.11402     0.064226 brainseq__caudate_sczd__M012
brainseq__caudate_sczd__M013            SET      50     -0.10895   -0.0057856      0.12507      0.80815 brainseq__caudate_sczd__M013
brainseq__caudate_sczd__M014            SET      47      0.19958     0.010277      0.13351      0.06749 brainseq__caudate_sczd__M014
brainseq__caudate_sczd__M015            SET      43       0.1559    0.0076795      0.13254      0.11975 brainseq__caudate_sczd__M015
brainseq__caudate_sczd__M016            SET      30     -0.35563    -0.014637      0.16846      0.98261 brainseq__caudate_sczd__M016
brainseq__caudate_sczd__M017            SET      43      0.13833    0.0068136      0.12049      0.12549 brainseq__caudate_sczd__M017
brainseq__caudate_sczd__M018            SET      43    -0.074237   -0.0036568      0.13789      0.70483 brainseq__caudate_sczd__M018
brainseq__caudate_sczd__M019            SET      40       0.3471     0.016492      0.14828    0.0096251 brainseq__caudate_sczd__M019
brainseq__caudate_sczd__M020            SET      36      0.30214      0.01362      0.15265     0.023903 brainseq__caudate_sczd__M020
brainseq__caudate_sczd__M021            SET      10     0.096092    0.0022847      0.29716      0.37321 brainseq__caudate_sczd__M021
brainseq__caudate_sczd__M022            SET      16     -0.18975   -0.0057057      0.21159      0.81507 brainseq__caudate_sczd__M022
brainseq__caudate_sczd__M023            SET      11     -0.11424   -0.0028488      0.28932      0.65353 brainseq__caudate_sczd__M023
brainseq__caudate_sczd__M024            SET      30      0.18409    0.0075771       0.1758      0.14752 brainseq__caudate_sczd__M024
brainseq__caudate_sczd__M025            SET      12     -0.16361    -0.004261      0.25576       0.7388 brainseq__caudate_sczd__M025
brainseq__caudate_sczd__M026            SET      26     -0.36029    -0.013807      0.16251      0.98668 brainseq__caudate_sczd__M026
brainseq__caudate_sczd__M027            SET      23      0.25913    0.0093407       0.2043      0.10234 brainseq__caudate_sczd__M027
brainseq__caudate_sczd__M028            SET      22     0.025967   0.00091545       0.1819      0.44324 brainseq__caudate_sczd__M028
brainseq__caudate_sczd__M029            SET      26   -0.0009554  -3.6612e-05      0.18297      0.50208 brainseq__caudate_sczd__M029
brainseq__caudate_sczd__M030            SET       8    -0.091643    -0.001949      0.39106      0.59264 brainseq__caudate_sczd__M030
brainseq__caudate_sczd__M031            SET      16     -0.17146   -0.0051559      0.23252      0.76956 brainseq__caudate_sczd__M031
brainseq__caudate_sczd__M032            SET      20     -0.17794   -0.0059815      0.23169      0.77875 brainseq__caudate_sczd__M032
brainseq__caudate_sczd__M033            SET      22     -0.13753   -0.0048485       0.2062       0.7476 brainseq__caudate_sczd__M033
brainseq__caudate_sczd__M034            SET      20     0.073487    0.0024703      0.22844      0.37385 brainseq__caudate_sczd__M034
brainseq__caudate_sczd__M035            SET       6      0.41861    0.0077105       0.3465      0.11351 brainseq__caudate_sczd__M035
brainseq__caudate_sczd__M036            SET      12      0.12529     0.003263      0.24648      0.30562 brainseq__caudate_sczd__M036
brainseq__caudate_sczd__M037            SET      14       0.3713     0.010445      0.22241     0.047523 brainseq__caudate_sczd__M037
brainseq__caudate_sczd__M038            SET      15       0.2807    0.0081728      0.23068      0.11185 brainseq__caudate_sczd__M038
brainseq__caudate_sczd__M039            SET      19    -0.014666  -0.00048055      0.20435      0.52861 brainseq__caudate_sczd__M039
