# TOTAL_GENES = 18040
# TEST_DIRECTION = one-sided, positive (set), two-sided (covar)
# CONDITIONED_INTERNAL = gene size, gene density, sample size, inverse mac, log(gene size), log(gene density), log(sample size), log(inverse mac)
VARIABLE                               TYPE  NGENES         BETA     BETA_STD           SE            P FULL_NAME
gtex__amygdala__M000                    SET     565     0.085816     0.014948     0.040633     0.017352 gtex__amygdala__M000
gtex__amygdala__M001                    SET     454    -0.011362   -0.0017796     0.045414      0.59877 gtex__amygdala__M001
gtex__amygdala__M002                    SET     363    -0.047468   -0.0066656     0.047416       0.8416 gtex__amygdala__M002
gtex__amygdala__M003                    SET     243    -0.019675   -0.0022681     0.059074      0.63045 gtex__amygdala__M003
gtex__amygdala__M004                    SET     229    0.0098941    0.0011077     0.059027      0.43344 gtex__amygdala__M004
gtex__amygdala__M005                    SET     267     0.054863    0.0066251     0.055722      0.16242 gtex__amygdala__M005
gtex__amygdala__M006                    SET     189    -0.033288   -0.0033894     0.072325      0.67733 gtex__amygdala__M006
gtex__amygdala__M007                    SET     153    -0.099562   -0.0091302      0.07252       0.9151 gtex__amygdala__M007
gtex__amygdala__M008                    SET     135    -0.032797   -0.0028266     0.083008      0.65362 gtex__amygdala__M008
gtex__amygdala__M009                    SET     119     0.044393    0.0035937     0.084895      0.30052 gtex__amygdala__M009
gtex__amygdala__M010                    SET     118     0.028954    0.0023341     0.090251      0.37418 gtex__amygdala__M010
gtex__amygdala__M011                    SET      92      0.08612    0.0061345     0.093276      0.17794 gtex__amygdala__M011
gtex__amygdala__M012                    SET      95     0.040838    0.0029558     0.096242      0.33567 gtex__amygdala__M012
gtex__amygdala__M013                    SET      61     -0.10591   -0.0061481      0.12654      0.79869 gtex__amygdala__M013
gtex__amygdala__M014                    SET      57     0.036358    0.0020406      0.11261       0.3734 gtex__amygdala__M014
gtex__amygdala__M015                    SET      49     -0.25088    -0.013058      0.12985      0.97332 gtex__amygdala__M015
gtex__amygdala__M016                    SET      29     -0.15459   -0.0061933      0.17999      0.80479 gtex__amygdala__M016
gtex__amygdala__M017                    SET      38     -0.32139    -0.014735      0.14088      0.98873 gtex__amygdala__M017
gtex__amygdala__M018                    SET      31      0.22159    0.0091779      0.14948     0.069128 gtex__amygdala__M018
gtex__amygdala__M019                    SET      29      0.33318     0.013348      0.17906     0.031405 gtex__amygdala__M019
gtex__amygdala__M020                    SET      29      0.17672    0.0070799       0.1566      0.12956 gtex__amygdala__M020
gtex__amygdala__M021                    SET      28     0.014449   0.00056882      0.18075      0.46814 gtex__amygdala__M021
gtex__amygdala__M022                    SET      20     0.074971    0.0024949      0.19319      0.34898 gtex__amygdala__M022
gtex__amygdala__M023                    SET      21    -0.017187  -0.00058606      0.20069      0.53412 gtex__amygdala__M023
gtex__amygdala__M024                    SET      19    -0.012829  -0.00041615      0.20113      0.52543 gtex__amygdala__M024
gtex__amygdala__M025                    SET      10      -0.1173   -0.0027609      0.32067      0.64274 gtex__amygdala__M025
gtex__amygdala__M026                    SET      16     0.089907    0.0026764      0.21362      0.33692 gtex__amygdala__M026
gtex__amygdala__M027                    SET      13       0.1159    0.0031102      0.28505      0.34216 gtex__amygdala__M027
gtex__amygdala__M028                    SET      15     -0.37429    -0.010789      0.25232        0.931 gtex__amygdala__M028
gtex__anterior_cingulate_cor...1        SET     476     0.051456    0.0082476     0.043521      0.11855 gtex__anterior_cingulate_cortex_ba24__M000
gtex__anterior_cingulate_cor...2        SET     380    -0.026661   -0.0038286     0.050383      0.70165 gtex__anterior_cingulate_cortex_ba24__M001
gtex__anterior_cingulate_cor...3        SET     271     0.039958    0.0048606     0.057704      0.24433 gtex__anterior_cingulate_cortex_ba24__M002
gtex__anterior_cingulate_cor...4        SET     338    -0.026374   -0.0035762      0.05249      0.69232 gtex__anterior_cingulate_cortex_ba24__M003
gtex__anterior_cingulate_cor...5        SET     256    -0.060907    -0.007204     0.057472      0.85537 gtex__anterior_cingulate_cortex_ba24__M004
gtex__anterior_cingulate_cor...6        SET     226     0.092592     0.010299     0.062325     0.068699 gtex__anterior_cingulate_cortex_ba24__M005
gtex__anterior_cingulate_cor...7        SET     219    -0.027945   -0.0030603        0.064      0.66881 gtex__anterior_cingulate_cortex_ba24__M006
gtex__anterior_cingulate_cor...8        SET     152    -0.067355   -0.0061567     0.073122       0.8215 gtex__anterior_cingulate_cortex_ba24__M007
gtex__anterior_cingulate_cor...9        SET     186    -0.017351   -0.0017528     0.065957      0.60375 gtex__anterior_cingulate_cortex_ba24__M008
gtex__anterior_cingulate_cor...10       SET     210     0.016193    0.0017369     0.060902      0.39517 gtex__anterior_cingulate_cortex_ba24__M009
gtex__anterior_cingulate_cor...11       SET     175     0.022985    0.0022529      0.06625      0.36432 gtex__anterior_cingulate_cortex_ba24__M010
gtex__anterior_cingulate_cor...12       SET     142    -0.016942   -0.0014972     0.079705      0.58416 gtex__anterior_cingulate_cortex_ba24__M011
gtex__anterior_cingulate_cor...13       SET     141    -0.050769    -0.004471     0.073846      0.75411 gtex__anterior_cingulate_cortex_ba24__M012
gtex__anterior_cingulate_cor...14       SET     141    -0.028026   -0.0024681     0.074262      0.64706 gtex__anterior_cingulate_cortex_ba24__M013
gtex__anterior_cingulate_cor...15       SET     121     0.067134    0.0054799     0.084552       0.2136 gtex__anterior_cingulate_cortex_ba24__M014
gtex__anterior_cingulate_cor...16       SET      91     0.098412    0.0069721      0.10159      0.16636 gtex__anterior_cingulate_cortex_ba24__M015
gtex__anterior_cingulate_cor...17       SET     120     0.077682    0.0063147     0.082894      0.17436 gtex__anterior_cingulate_cortex_ba24__M016
gtex__anterior_cingulate_cor...18       SET      97     0.058939    0.0043103     0.095875      0.26936 gtex__anterior_cingulate_cortex_ba24__M017
gtex__anterior_cingulate_cor...19       SET     102   -0.0093683  -0.00070246     0.089489      0.54169 gtex__anterior_cingulate_cortex_ba24__M018
gtex__anterior_cingulate_cor...20       SET      75    -0.083653   -0.0053827      0.10615      0.78467 gtex__anterior_cingulate_cortex_ba24__M019
gtex__anterior_cingulate_cor...21       SET      58     -0.12532   -0.0070944      0.11647      0.85902 gtex__anterior_cingulate_cortex_ba24__M020
gtex__anterior_cingulate_cor...22       SET      71      0.17151     0.010739      0.12516     0.085295 gtex__anterior_cingulate_cortex_ba24__M021
gtex__anterior_cingulate_cor...23       SET      66      0.02528    0.0015263      0.10949       0.4087 gtex__anterior_cingulate_cortex_ba24__M022
gtex__anterior_cingulate_cor...24       SET      50     -0.13841   -0.0072771      0.12996      0.85657 gtex__anterior_cingulate_cortex_ba24__M023
gtex__anterior_cingulate_cor...25       SET      57    -0.014742  -0.00082735       0.1341      0.54377 gtex__anterior_cingulate_cortex_ba24__M024
gtex__anterior_cingulate_cor...26       SET      46      0.15563    0.0078488      0.13867      0.13088 gtex__anterior_cingulate_cortex_ba24__M025
gtex__anterior_cingulate_cor...27       SET      53    -0.055534   -0.0030057      0.11875      0.67998 gtex__anterior_cingulate_cortex_ba24__M026
gtex__anterior_cingulate_cor...28       SET      48     0.027063    0.0013942      0.12933      0.41713 gtex__anterior_cingulate_cortex_ba24__M027
gtex__anterior_cingulate_cor...29       SET      30      0.35152     0.014323      0.14812    0.0088209 gtex__anterior_cingulate_cortex_ba24__M028
gtex__anterior_cingulate_cor...30       SET      31       0.3693     0.015296      0.18344     0.022059 gtex__anterior_cingulate_cortex_ba24__M029
gtex__anterior_cingulate_cor...31       SET      28      0.29624     0.011662      0.16046      0.03244 gtex__anterior_cingulate_cortex_ba24__M030
gtex__anterior_cingulate_cor...32       SET      25     -0.10926   -0.0040646       0.1916      0.71575 gtex__anterior_cingulate_cortex_ba24__M031
gtex__anterior_cingulate_cor...33       SET      18     -0.36051    -0.011382      0.22699      0.94388 gtex__anterior_cingulate_cortex_ba24__M032
gtex__anterior_cingulate_cor...34       SET      14      0.32555    0.0090657      0.23759     0.085324 gtex__anterior_cingulate_cortex_ba24__M033
gtex__anterior_cingulate_cor...35       SET      16      0.39192     0.011667       0.2137     0.033338 gtex__anterior_cingulate_cortex_ba24__M034
gtex__caudate_basal_ganglia_...1        SET     742    -0.011526   -0.0022891     0.035319      0.62791 gtex__caudate_basal_ganglia__M000
gtex__caudate_basal_ganglia_...2        SET     393    -0.007594   -0.0011086     0.046855      0.56438 gtex__caudate_basal_ganglia__M001
gtex__caudate_basal_ganglia_...3        SET     300    -0.093463    -0.011952     0.057445      0.94812 gtex__caudate_basal_ganglia__M002
gtex__caudate_basal_ganglia_...4        SET     309   -0.0094074   -0.0012207     0.051949      0.57185 gtex__caudate_basal_ganglia__M003
gtex__caudate_basal_ganglia_...5        SET     299        0.176      0.02247     0.055963   0.00083214 gtex__caudate_basal_ganglia__M004
gtex__caudate_basal_ganglia_...6        SET     192     0.024246     0.002488     0.066885      0.35849 gtex__caudate_basal_ganglia__M005
gtex__caudate_basal_ganglia_...7        SET     152    -0.074295   -0.0067911     0.079765      0.82418 gtex__caudate_basal_ganglia__M006
gtex__caudate_basal_ganglia_...8        SET     243     0.066057     0.007615     0.056637      0.12175 gtex__caudate_basal_ganglia__M007
gtex__caudate_basal_ganglia_...9        SET     151    -0.019201   -0.0017494     0.073897       0.6025 gtex__caudate_basal_ganglia__M008
gtex__caudate_basal_ganglia_...10       SET     169    -0.024462   -0.0023566     0.075999      0.62622 gtex__caudate_basal_ganglia__M009
gtex__caudate_basal_ganglia_...11       SET     146     0.022101    0.0019803      0.07531      0.38458 gtex__caudate_basal_ganglia__M010
gtex__caudate_basal_ganglia_...12       SET     139      0.15341     0.013414     0.085768     0.036848 gtex__caudate_basal_ganglia__M011
gtex__caudate_basal_ganglia_...13       SET     122      0.16702     0.013689     0.084548     0.024117 gtex__caudate_basal_ganglia__M012
gtex__caudate_basal_ganglia_...14       SET     128      0.03507    0.0029437     0.081506       0.3335 gtex__caudate_basal_ganglia__M013
gtex__caudate_basal_ganglia_...15       SET     109     0.081274    0.0062985      0.08589      0.17202 gtex__caudate_basal_ganglia__M014
gtex__caudate_basal_ganglia_...16       SET      99    -0.028938   -0.0021379     0.095528      0.61903 gtex__caudate_basal_ganglia__M015
gtex__caudate_basal_ganglia_...17       SET     116    -0.045497   -0.0036366     0.079483      0.71647 gtex__caudate_basal_ganglia__M016
gtex__caudate_basal_ganglia_...18       SET     112     0.091932    0.0072213     0.088447      0.14932 gtex__caudate_basal_ganglia__M017
gtex__caudate_basal_ganglia_...19       SET     109      0.11219    0.0086948     0.079101     0.078054 gtex__caudate_basal_ganglia__M018
gtex__caudate_basal_ganglia_...20       SET      84     0.059399    0.0040439      0.10105      0.27833 gtex__caudate_basal_ganglia__M019
gtex__caudate_basal_ganglia_...21       SET      76      -0.1254   -0.0081221      0.10529      0.88316 gtex__caudate_basal_ganglia__M020
gtex__caudate_basal_ganglia_...22       SET      67     0.055606    0.0033826       0.1222      0.32454 gtex__caudate_basal_ganglia__M021
gtex__caudate_basal_ganglia_...23       SET      57    -0.087466   -0.0049089        0.126       0.7562 gtex__caudate_basal_ganglia__M022
gtex__caudate_basal_ganglia_...24       SET      51     0.030006    0.0015932      0.12087      0.40197 gtex__caudate_basal_ganglia__M023
gtex__caudate_basal_ganglia_...25       SET      62    -0.039437   -0.0023081      0.11383       0.6355 gtex__caudate_basal_ganglia__M024
gtex__caudate_basal_ganglia_...26       SET      64     0.045575    0.0027098      0.12518      0.35791 gtex__caudate_basal_ganglia__M025
gtex__caudate_basal_ganglia_...27       SET      65    -0.028657   -0.0017171      0.11143      0.60148 gtex__caudate_basal_ganglia__M026
gtex__caudate_basal_ganglia_...28       SET      56    -0.049045   -0.0027284      0.11678      0.66275 gtex__caudate_basal_ganglia__M027
gtex__caudate_basal_ganglia_...29       SET      55    -0.032423   -0.0017876      0.12315      0.60383 gtex__caudate_basal_ganglia__M028
gtex__caudate_basal_ganglia_...30       SET      44    -0.066455   -0.0032781      0.14504      0.67659 gtex__caudate_basal_ganglia__M029
gtex__caudate_basal_ganglia_...31       SET      36     -0.20419   -0.0091125      0.16173      0.89661 gtex__caudate_basal_ganglia__M030
gtex__caudate_basal_ganglia_...32       SET      39      0.14804    0.0068761      0.14816      0.15885 gtex__caudate_basal_ganglia__M031
gtex__caudate_basal_ganglia_...33       SET      27      0.40402     0.015619      0.17428     0.010223 gtex__caudate_basal_ganglia__M032
gtex__caudate_basal_ganglia_...34       SET      20     0.039273     0.001307      0.19993      0.42213 gtex__caudate_basal_ganglia__M033
gtex__caudate_basal_ganglia_...35       SET      19      -0.1081   -0.0035064      0.21111      0.69569 gtex__caudate_basal_ganglia__M034
gtex__caudate_basal_ganglia_...36       SET      17     0.095473    0.0029295      0.20746      0.32269 gtex__caudate_basal_ganglia__M035
gtex__cerebellar_hemisphere_...1        SET     691    0.0033156   0.00063638     0.036793       0.4641 gtex__cerebellar_hemisphere__M000
gtex__cerebellar_hemisphere_...2        SET     598     0.021006    0.0037608     0.036126      0.28047 gtex__cerebellar_hemisphere__M001
gtex__cerebellar_hemisphere_...3        SET     377    -0.004906  -0.00070178     0.046955      0.54161 gtex__cerebellar_hemisphere__M002
gtex__cerebellar_hemisphere_...4        SET     465    -0.066058    -0.010468     0.047587      0.91745 gtex__cerebellar_hemisphere__M003
gtex__cerebellar_hemisphere_...5        SET     371     0.067856    0.0096307     0.046063     0.070368 gtex__cerebellar_hemisphere__M004
gtex__cerebellar_hemisphere_...6        SET     248      0.13656     0.015901     0.058523     0.009818 gtex__cerebellar_hemisphere__M005
gtex__cerebellar_hemisphere_...7        SET     243     0.090486     0.010431      0.06199     0.072196 gtex__cerebellar_hemisphere__M006
gtex__cerebellar_hemisphere_...8        SET     205    -0.041885   -0.0044397     0.061601      0.75173 gtex__cerebellar_hemisphere__M007
gtex__cerebellar_hemisphere_...9        SET     183     0.061297    0.0061425     0.064701      0.17173 gtex__cerebellar_hemisphere__M008
gtex__cerebellar_hemisphere_...10       SET     129      0.11432    0.0096327     0.079986     0.076479 gtex__cerebellar_hemisphere__M009
gtex__cerebellar_hemisphere_...11       SET     147     0.085712    0.0077058     0.074341      0.12447 gtex__cerebellar_hemisphere__M010
gtex__cerebellar_hemisphere_...12       SET      97   -0.0054728  -0.00040024     0.088566      0.52464 gtex__cerebellar_hemisphere__M011
gtex__cerebellar_hemisphere_...13       SET      74     0.099741    0.0063752      0.11718      0.19734 gtex__cerebellar_hemisphere__M012
gtex__cerebellar_hemisphere_...14       SET      57      0.12791    0.0071786      0.11628      0.13568 gtex__cerebellar_hemisphere__M013
gtex__cerebellar_hemisphere_...15       SET      55     -0.21592    -0.011904      0.11456      0.97026 gtex__cerebellar_hemisphere__M014
gtex__cerebellar_hemisphere_...16       SET      36    -0.073237   -0.0032684       0.1404      0.69903 gtex__cerebellar_hemisphere__M015
gtex__cerebellar_hemisphere_...17       SET      49     -0.13052   -0.0067932      0.13165      0.83924 gtex__cerebellar_hemisphere__M016
gtex__cerebellar_hemisphere_...18       SET      32     -0.13218   -0.0055623      0.15879      0.79741 gtex__cerebellar_hemisphere__M017
gtex__cerebellar_hemisphere_...19       SET      34     -0.16304   -0.0070716      0.17008      0.83112 gtex__cerebellar_hemisphere__M018
gtex__cerebellar_hemisphere_...20       SET      30    -0.073586   -0.0029984      0.16038      0.67682 gtex__cerebellar_hemisphere__M019
gtex__cerebellar_hemisphere_...21       SET      27    -0.038344   -0.0014823      0.18256      0.58318 gtex__cerebellar_hemisphere__M020
gtex__cerebellar_hemisphere_...22       SET      27     0.038985    0.0015071       0.1865      0.41721 gtex__cerebellar_hemisphere__M021
gtex__cerebellar_hemisphere_...23       SET      24     -0.42518    -0.015498      0.16436      0.99515 gtex__cerebellar_hemisphere__M022
gtex__cerebellar_hemisphere_...24       SET      25     -0.24759   -0.0092106      0.19222      0.90113 gtex__cerebellar_hemisphere__M023
gtex__cerebellar_hemisphere_...25       SET      19   -0.0026211   -8.502e-05      0.21044      0.50497 gtex__cerebellar_hemisphere__M024
gtex__cerebellar_hemisphere_...26       SET      18      0.26593     0.008396      0.21495      0.10802 gtex__cerebellar_hemisphere__M025
gtex__cerebellar_hemisphere_...27       SET      19       0.4341     0.014081      0.19941     0.014749 gtex__cerebellar_hemisphere__M026
gtex__cerebellar_hemisphere_...28       SET      19     0.021677   0.00070315      0.19276      0.45523 gtex__cerebellar_hemisphere__M027
gtex__cerebellum__M000                  SET     301     0.029812    0.0038187     0.051009      0.27946 gtex__cerebellum__M000
gtex__cerebellum__M001                  SET     238     0.034029    0.0038828     0.061945      0.29139 gtex__cerebellum__M001
gtex__cerebellum__M002                  SET     187    -0.056511   -0.0057238     0.072701      0.78151 gtex__cerebellum__M002
gtex__cerebellum__M003                  SET     147    -0.027445   -0.0024674     0.071995      0.64847 gtex__cerebellum__M003
gtex__cerebellum__M004                  SET     129     0.064695    0.0054513     0.079026       0.2065 gtex__cerebellum__M004
gtex__cerebellum__M005                  SET     109     0.028155    0.0021819     0.088658      0.37541 gtex__cerebellum__M005
gtex__cerebellum__M006                  SET     104    -0.057787   -0.0043751     0.086786      0.74725 gtex__cerebellum__M006
gtex__cerebellum__M007                  SET      90    -0.044978    -0.003169      0.10671       0.6633 gtex__cerebellum__M007
gtex__cerebellum__M008                  SET      94     -0.13543   -0.0097509     0.089609      0.93464 gtex__cerebellum__M008
gtex__cerebellum__M009                  SET      85      0.22311     0.015279      0.10254      0.01479 gtex__cerebellum__M009
gtex__cerebellum__M010                  SET      75     -0.18428    -0.011858      0.12143      0.93543 gtex__cerebellum__M010
gtex__cerebellum__M011                  SET      80     -0.17894     -0.01189     0.098471       0.9654 gtex__cerebellum__M011
gtex__cerebellum__M012                  SET      81       0.1879     0.012562      0.11079     0.044953 gtex__cerebellum__M012
gtex__cerebellum__M013                  SET      60    -0.019237   -0.0011076      0.12476      0.56127 gtex__cerebellum__M013
gtex__cerebellum__M014                  SET      64    -0.032797   -0.0019501      0.10885       0.6184 gtex__cerebellum__M014
gtex__cerebellum__M015                  SET      62      0.13397    0.0078409      0.11503      0.12208 gtex__cerebellum__M015
gtex__cerebellum__M016                  SET      54     0.055522    0.0030332      0.12693       0.3309 gtex__cerebellum__M016
gtex__cerebellum__M017                  SET      37     0.018045   0.00081642      0.15427      0.45344 gtex__cerebellum__M017
gtex__cerebellum__M018                  SET      35      0.32425     0.014269      0.14875     0.014639 gtex__cerebellum__M018
gtex__cerebellum__M019                  SET      22      0.14893    0.0051977      0.20757      0.23654 gtex__cerebellum__M019
gtex__cerebellum__M020                  SET      22   -0.0075632  -0.00026397      0.21273      0.51418 gtex__cerebellum__M020
gtex__cerebellum__M021                  SET      26      0.14218     0.005394      0.17518       0.2085 gtex__cerebellum__M021
gtex__cerebellum__M022                  SET      20      0.10341    0.0034414      0.22981      0.32636 gtex__cerebellum__M022
gtex__cerebellum__M023                  SET      18     -0.28133   -0.0088822      0.19776      0.92256 gtex__cerebellum__M023
gtex__cerebellum__M024                  SET      18      0.11788    0.0037218      0.20015      0.27795 gtex__cerebellum__M024
gtex__cerebellum__M025                  SET      21     0.093799    0.0031985      0.17343      0.29431 gtex__cerebellum__M025
gtex__cerebellum__M026                  SET      15      0.20193    0.0058206      0.22106       0.1805 gtex__cerebellum__M026
gtex__cerebellum__M027                  SET      19    -0.086137    -0.002794      0.25299      0.63325 gtex__cerebellum__M027
gtex__cortex__M000                      SET     292    -0.027952   -0.0035274     0.054231      0.69687 gtex__cortex__M000
gtex__cortex__M001                      SET     180    -0.044723   -0.0044451     0.073866      0.72756 gtex__cortex__M001
gtex__cortex__M002                      SET     121     0.015443    0.0012605     0.087823      0.43021 gtex__cortex__M002
gtex__cortex__M003                      SET     146   -0.0015621  -0.00013997     0.077603      0.50803 gtex__cortex__M003
gtex__cortex__M004                      SET     143     0.094363    0.0083682     0.079174      0.11667 gtex__cortex__M004
gtex__cortex__M005                      SET     128     0.071004    0.0059599     0.079306      0.18531 gtex__cortex__M005
gtex__cortex__M006                      SET     131     0.061351    0.0052092      0.07804       0.2159 gtex__cortex__M006
gtex__cortex__M007                      SET      90    -0.015356    -0.001082      0.10449      0.55842 gtex__cortex__M007
gtex__cortex__M008                      SET     105     0.043327     0.003296       0.0842      0.30343 gtex__cortex__M008
gtex__cortex__M009                      SET      70    -0.036503   -0.0022695      0.11216      0.62758 gtex__cortex__M009
gtex__cortex__M010                      SET      47     -0.17913   -0.0091317      0.14406      0.89314 gtex__cortex__M010
gtex__cortex__M011                      SET      49     -0.17365   -0.0090381      0.13189        0.906 gtex__cortex__M011
gtex__cortex__M012                      SET      81      0.07604     0.005084       0.1068      0.23824 gtex__cortex__M012
gtex__cortex__M013                      SET      80     0.018981    0.0012612      0.09808      0.42328 gtex__cortex__M013
gtex__cortex__M014                      SET      78     0.054155    0.0035533       0.1057      0.30421 gtex__cortex__M014
gtex__cortex__M015                      SET      67    -0.032813   -0.0019961      0.11262      0.61462 gtex__cortex__M015
gtex__cortex__M016                      SET      59     -0.32394    -0.018496      0.11156      0.99815 gtex__cortex__M016
gtex__cortex__M017                      SET      54     0.002241   0.00012243      0.13191      0.49322 gtex__cortex__M017
gtex__cortex__M018                      SET      48      0.24989     0.012873      0.12723     0.024768 gtex__cortex__M018
gtex__cortex__M019                      SET      43    -0.064922   -0.0031659      0.12661      0.69594 gtex__cortex__M019
gtex__cortex__M020                      SET      41     0.041918    0.0019962      0.14235       0.3842 gtex__cortex__M020
gtex__cortex__M021                      SET      37     -0.10396   -0.0047033      0.14213      0.76774 gtex__cortex__M021
gtex__cortex__M022                      SET      36     0.062927    0.0028084      0.15612      0.34345 gtex__cortex__M022
gtex__cortex__M023                      SET      28     0.099179    0.0039044       0.1761      0.28666 gtex__cortex__M023
gtex__cortex__M024                      SET      28     -0.13189   -0.0051922      0.17928      0.76904 gtex__cortex__M024
gtex__cortex__M025                      SET      27    0.0028984   0.00011205      0.18392      0.49371 gtex__cortex__M025
gtex__cortex__M026                      SET      29     -0.14561   -0.0058336       0.1614      0.81652 gtex__cortex__M026
gtex__cortex__M027                      SET      25      0.23101    0.0085941      0.18295      0.10335 gtex__cortex__M027
gtex__cortex__M028                      SET      23      0.37095     0.013237        0.196     0.029211 gtex__cortex__M028
gtex__cortex__M029                      SET      14      0.14115    0.0039308      0.22507      0.26528 gtex__cortex__M029
gtex__cortex__M030                      SET      24     -0.31409    -0.011449      0.16269      0.97322 gtex__cortex__M030
gtex__cortex__M031                      SET      18      0.22156    0.0069951      0.19843       0.1321 gtex__cortex__M031
gtex__cortex__M032                      SET      21    -0.040798   -0.0013912      0.20672      0.57822 gtex__cortex__M032
gtex__frontal_cortex_ba9__M0...1        SET     603     0.047955    0.0086199     0.039284       0.1111 gtex__frontal_cortex_ba9__M000
gtex__frontal_cortex_ba9__M0...2        SET     450   -0.0040323  -0.00062888     0.046096      0.53485 gtex__frontal_cortex_ba9__M001
gtex__frontal_cortex_ba9__M0...3        SET     395    -0.048157   -0.0070476      0.04568       0.8541 gtex__frontal_cortex_ba9__M002
gtex__frontal_cortex_ba9__M0...4        SET     276     0.029821    0.0036604      0.05735      0.30154 gtex__frontal_cortex_ba9__M003
gtex__frontal_cortex_ba9__M0...5        SET     309    -0.093199    -0.012093     0.051219      0.96558 gtex__frontal_cortex_ba9__M004
gtex__frontal_cortex_ba9__M0...6        SET     186     0.050907    0.0051425     0.066573      0.22224 gtex__frontal_cortex_ba9__M005
gtex__frontal_cortex_ba9__M0...7        SET     109     -0.07413    -0.005745     0.091896      0.79007 gtex__frontal_cortex_ba9__M006
gtex__frontal_cortex_ba9__M0...8        SET     192    -0.041027   -0.0042101      0.06783      0.72736 gtex__frontal_cortex_ba9__M007
gtex__frontal_cortex_ba9__M0...9        SET     188     0.085907    0.0087242     0.072628      0.11844 gtex__frontal_cortex_ba9__M008
gtex__frontal_cortex_ba9__M0...10       SET     143    -0.066517   -0.0058989     0.077441      0.80481 gtex__frontal_cortex_ba9__M009
gtex__frontal_cortex_ba9__M0...11       SET     139     0.084232    0.0073655     0.083063      0.15528 gtex__frontal_cortex_ba9__M010
gtex__frontal_cortex_ba9__M0...12       SET      88     0.011082   0.00077211      0.10136      0.45647 gtex__frontal_cortex_ba9__M011
gtex__frontal_cortex_ba9__M0...13       SET     108      -0.1005   -0.0077529     0.085935      0.87889 gtex__frontal_cortex_ba9__M012
gtex__frontal_cortex_ba9__M0...14       SET     104    -0.070213   -0.0053158     0.085797      0.79342 gtex__frontal_cortex_ba9__M013
gtex__frontal_cortex_ba9__M0...15       SET      91   -0.0060984  -0.00043205     0.093201      0.52608 gtex__frontal_cortex_ba9__M014
gtex__frontal_cortex_ba9__M0...16       SET      87    -0.010959  -0.00075924     0.093143      0.54683 gtex__frontal_cortex_ba9__M015
gtex__frontal_cortex_ba9__M0...17       SET      31      0.13797    0.0057147      0.17193      0.21114 gtex__frontal_cortex_ba9__M016
gtex__frontal_cortex_ba9__M0...18       SET      45     -0.14158   -0.0070625      0.14218      0.84031 gtex__frontal_cortex_ba9__M017
gtex__frontal_cortex_ba9__M0...19       SET      47      0.15726    0.0080167      0.12892      0.11127 gtex__frontal_cortex_ba9__M018
gtex__frontal_cortex_ba9__M0...20       SET      83     0.034015     0.002302     0.096908      0.36279 gtex__frontal_cortex_ba9__M019
gtex__frontal_cortex_ba9__M0...21       SET      66     0.029748    0.0017961      0.10443      0.38787 gtex__frontal_cortex_ba9__M020
gtex__frontal_cortex_ba9__M0...22       SET      39     0.060139    0.0027933      0.15671      0.35058 gtex__frontal_cortex_ba9__M021
gtex__frontal_cortex_ba9__M0...23       SET      40     0.040081    0.0018853      0.13742      0.38528 gtex__frontal_cortex_ba9__M022
gtex__frontal_cortex_ba9__M0...24       SET      48     -0.13104   -0.0067505      0.13623      0.83194 gtex__frontal_cortex_ba9__M023
gtex__frontal_cortex_ba9__M0...25       SET      44     0.049597    0.0024465      0.14964      0.37016 gtex__frontal_cortex_ba9__M024
gtex__frontal_cortex_ba9__M0...26       SET      40     -0.16477   -0.0077502      0.13396      0.89064 gtex__frontal_cortex_ba9__M025
gtex__frontal_cortex_ba9__M0...27       SET      40      0.11369    0.0053479      0.16167      0.24096 gtex__frontal_cortex_ba9__M026
gtex__frontal_cortex_ba9__M0...28       SET      32    -0.078737   -0.0033133      0.14371      0.70812 gtex__frontal_cortex_ba9__M027
gtex__frontal_cortex_ba9__M0...29       SET      18       0.2562    0.0080888      0.20798      0.10901 gtex__frontal_cortex_ba9__M028
gtex__frontal_cortex_ba9__M0...30       SET      20     -0.15137   -0.0050373      0.22821      0.74642 gtex__frontal_cortex_ba9__M029
gtex__frontal_cortex_ba9__M0...31       SET      24     -0.27945    -0.010186      0.17736      0.94244 gtex__frontal_cortex_ba9__M030
gtex__frontal_cortex_ba9__M0...32       SET      21      0.18726    0.0063854      0.22167      0.19913 gtex__frontal_cortex_ba9__M031
gtex__frontal_cortex_ba9__M0...33       SET      21      0.13053    0.0044509      0.21168      0.26874 gtex__frontal_cortex_ba9__M032
gtex__frontal_cortex_ba9__M0...34       SET      17      0.23229    0.0071275      0.21405      0.13892 gtex__frontal_cortex_ba9__M033
gtex__frontal_cortex_ba9__M0...35       SET      18      0.40491     0.012784      0.20559     0.024453 gtex__frontal_cortex_ba9__M034
gtex__frontal_cortex_ba9__M0...36       SET      19     -0.12044   -0.0039066      0.21386      0.71333 gtex__frontal_cortex_ba9__M035
gtex__frontal_cortex_ba9__M0...37       SET      18      0.10699     0.003378      0.17602      0.27165 gtex__frontal_cortex_ba9__M036
gtex__frontal_cortex_ba9__M0...38       SET      17     -0.03707   -0.0011375      0.22571      0.56523 gtex__frontal_cortex_ba9__M037
gtex__hippocampus__M000                 SET     824     0.014048     0.002933     0.032527      0.33292 gtex__hippocampus__M000
gtex__hippocampus__M001                 SET     539    -0.084812     -0.01444     0.041345      0.97988 gtex__hippocampus__M001
gtex__hippocampus__M002                 SET     348    -0.026126   -0.0035936     0.051023      0.69569 gtex__hippocampus__M002
gtex__hippocampus__M003                 SET     437      0.10828     0.016648     0.046516    0.0099673 gtex__hippocampus__M003
gtex__hippocampus__M004                 SET     358     0.010214    0.0014245     0.048482      0.41657 gtex__hippocampus__M004
gtex__hippocampus__M005                 SET     368   -0.0012652  -0.00017886     0.047479      0.51063 gtex__hippocampus__M005
gtex__hippocampus__M006                 SET     275     -0.13858    -0.016979     0.058989      0.99059 gtex__hippocampus__M006
gtex__hippocampus__M007                 SET     320     0.013004    0.0017166      0.05134      0.40002 gtex__hippocampus__M007
gtex__hippocampus__M008                 SET     227    -0.053503   -0.0059639     0.059753      0.81471 gtex__hippocampus__M008
gtex__hippocampus__M009                 SET     189    -0.031345   -0.0031916      0.07055      0.67158 gtex__hippocampus__M009
gtex__hippocampus__M010                 SET     108     0.037154    0.0028662     0.096055      0.34945 gtex__hippocampus__M010
gtex__hippocampus__M011                 SET     154    -0.021933   -0.0020178      0.07038      0.62234 gtex__hippocampus__M011
gtex__hippocampus__M012                 SET     128    -0.050871     -0.00427      0.07976       0.7382 gtex__hippocampus__M012
gtex__hippocampus__M013                 SET     126      0.11345    0.0094485     0.085378     0.091963 gtex__hippocampus__M013
gtex__hippocampus__M014                 SET     102   -0.0060662  -0.00045486     0.096273      0.52512 gtex__hippocampus__M014
gtex__hippocampus__M015                 SET      48     0.040632    0.0020932      0.15225      0.39478 gtex__hippocampus__M015
gtex__hippocampus__M016                 SET      89    0.0035726   0.00025032     0.098649      0.48556 gtex__hippocampus__M016
gtex__hippocampus__M017                 SET      79     -0.11242   -0.0074232       0.1053      0.85715 gtex__hippocampus__M017
gtex__hippocampus__M018                 SET      66      0.26829     0.016198      0.10949    0.0071397 gtex__hippocampus__M018
gtex__hippocampus__M019                 SET      62     -0.13339   -0.0078066      0.11016      0.88703 gtex__hippocampus__M019
gtex__hippocampus__M020                 SET      48     -0.13416   -0.0069112      0.13046      0.84809 gtex__hippocampus__M020
gtex__hippocampus__M021                 SET      52      0.11894    0.0063766      0.12004      0.16089 gtex__hippocampus__M021
gtex__hippocampus__M022                 SET      49     0.016576   0.00086274      0.12694      0.44805 gtex__hippocampus__M022
gtex__hippocampus__M023                 SET      41     -0.13952   -0.0066441      0.14109      0.83864 gtex__hippocampus__M023
gtex__hippocampus__M024                 SET      43     0.094038    0.0045858      0.14023      0.25124 gtex__hippocampus__M024
gtex__hippocampus__M025                 SET      45     -0.05372   -0.0026798      0.12866      0.66185 gtex__hippocampus__M025
gtex__hippocampus__M026                 SET      42      0.21389     0.010309      0.14019     0.063547 gtex__hippocampus__M026
gtex__hippocampus__M027                 SET      35    -0.045018    -0.001981      0.14629      0.62086 gtex__hippocampus__M027
gtex__hippocampus__M028                 SET      31      0.18048    0.0074754      0.15658      0.12453 gtex__hippocampus__M028
gtex__hippocampus__M029                 SET      40     0.051652    0.0024296      0.14244      0.35845 gtex__hippocampus__M029
gtex__hippocampus__M030                 SET      36    0.0045449   0.00020283       0.1478      0.48773 gtex__hippocampus__M030
gtex__hippocampus__M031                 SET      32     0.071493    0.0030085      0.16551      0.33288 gtex__hippocampus__M031
gtex__hippocampus__M032                 SET      27     0.094661    0.0036595      0.16484       0.2829 gtex__hippocampus__M032
gtex__hippocampus__M033                 SET      33     -0.14602   -0.0062395      0.14544       0.8423 gtex__hippocampus__M033
gtex__hippocampus__M034                 SET      32     -0.17157   -0.0072198      0.17592      0.83529 gtex__hippocampus__M034
gtex__hippocampus__M035                 SET      30     -0.19892   -0.0081053      0.15965      0.89361 gtex__hippocampus__M035
gtex__hippocampus__M036                 SET      24     -0.20938   -0.0076321      0.18431      0.87202 gtex__hippocampus__M036
gtex__hippocampus__M037                 SET      23      0.15874    0.0056647      0.18597      0.19667 gtex__hippocampus__M037
gtex__hippocampus__M038                 SET      23     -0.02014   -0.0007187      0.16977      0.54722 gtex__hippocampus__M038
gtex__hippocampus__M039                 SET      19      0.62311     0.020212      0.24439    0.0053967 gtex__hippocampus__M039
gtex__hippocampus__M040                 SET      20     -0.13955   -0.0046439      0.21398      0.74284 gtex__hippocampus__M040
gtex__hippocampus__M041                 SET      18      0.25372    0.0080108      0.19115     0.092206 gtex__hippocampus__M041
gtex__hippocampus__M042                 SET      18     -0.35441     -0.01119       0.1854      0.97203 gtex__hippocampus__M042
gtex__hippocampus__M043                 SET      16   -0.0036943  -0.00010997      0.23553      0.50626 gtex__hippocampus__M043
gtex__hippocampus__M044                 SET      15      0.17462    0.0050332      0.23652      0.23018 gtex__hippocampus__M044
gtex__hippocampus__M045                 SET      17     -0.40884    -0.012545      0.22866      0.96311 gtex__hippocampus__M045
gtex__hippocampus__M046                 SET      16      0.52977     0.015771      0.24553     0.015482 gtex__hippocampus__M046
gtex__hypothalamus__M000                SET     704     0.035067    0.0067911     0.036679      0.16953 gtex__hypothalamus__M000
gtex__hypothalamus__M001                SET     897     0.080268     0.017448     0.031835    0.0058489 gtex__hypothalamus__M001
gtex__hypothalamus__M002                SET     450     -0.04201    -0.006552     0.043114      0.83506 gtex__hypothalamus__M002
gtex__hypothalamus__M003                SET     210     0.029925    0.0032099     0.065308       0.3234 gtex__hypothalamus__M003
gtex__hypothalamus__M004                SET     223      -0.1082    -0.011956     0.064126      0.95422 gtex__hypothalamus__M004
gtex__hypothalamus__M005                SET     180    -0.065239   -0.0064843     0.073637      0.81217 gtex__hypothalamus__M005
gtex__hypothalamus__M006                SET     184    -0.023876   -0.0023991     0.064583      0.64419 gtex__hypothalamus__M006
gtex__hypothalamus__M007                SET     202    -0.020577   -0.0021652     0.064871      0.62445 gtex__hypothalamus__M007
gtex__hypothalamus__M008                SET     129     0.038716    0.0032623     0.084227      0.32288 gtex__hypothalamus__M008
gtex__hypothalamus__M009                SET     139     0.010649   0.00093115      0.08326      0.44912 gtex__hypothalamus__M009
gtex__hypothalamus__M010                SET     137     0.050949    0.0044232      0.08313      0.26998 gtex__hypothalamus__M010
gtex__hypothalamus__M011                SET     104     -0.10356   -0.0078403     0.091626       0.8708 gtex__hypothalamus__M011
gtex__hypothalamus__M012                SET      99     0.023956    0.0017698     0.090143      0.39522 gtex__hypothalamus__M012
gtex__hypothalamus__M013                SET      86     0.037701    0.0025969     0.094658      0.34521 gtex__hypothalamus__M013
gtex__hypothalamus__M014                SET      68     0.029211    0.0017901      0.11022       0.3955 gtex__hypothalamus__M014
gtex__hypothalamus__M015                SET      57     0.070996    0.0039846       0.1168      0.27164 gtex__hypothalamus__M015
gtex__hypothalamus__M016                SET      58    0.0099829   0.00056515       0.1125      0.46465 gtex__hypothalamus__M016
gtex__hypothalamus__M017                SET      45     -0.06194   -0.0030898      0.12447      0.69062 gtex__hypothalamus__M017
gtex__hypothalamus__M018                SET      45     -0.24305    -0.012124      0.13642      0.96258 gtex__hypothalamus__M018
gtex__hypothalamus__M019                SET      22     -0.10609   -0.0037027      0.19474      0.70704 gtex__hypothalamus__M019
gtex__hypothalamus__M020                SET      26      0.28727     0.010898        0.179     0.054274 gtex__hypothalamus__M020
gtex__hypothalamus__M021                SET      23     -0.23928   -0.0085386       0.2185      0.86325 gtex__hypothalamus__M021
gtex__hypothalamus__M022                SET      21     -0.21163   -0.0072164       0.2142      0.83842 gtex__hypothalamus__M022
gtex__hypothalamus__M023                SET      20    -0.070921   -0.0023602      0.21931       0.6268 gtex__hypothalamus__M023
gtex__hypothalamus__M024                SET      17     0.027526   0.00084462       0.2105      0.44798 gtex__hypothalamus__M024
gtex__hypothalamus__M025                SET      17     0.083768    0.0025704      0.22718      0.35617 gtex__hypothalamus__M025
gtex__hypothalamus__M026                SET      17      0.01896   0.00058177      0.21997      0.46566 gtex__hypothalamus__M026
gtex__hypothalamus__M027                SET      15     -0.26638   -0.0076783      0.25081       0.8559 gtex__hypothalamus__M027
gtex__nucleus_accumbens_basa...1        SET     989     0.049272     0.011216     0.031267      0.05754 gtex__nucleus_accumbens_basal_ganglia__M000
gtex__nucleus_accumbens_basa...2        SET     644   -0.0026443  -0.00049063     0.037079      0.52843 gtex__nucleus_accumbens_basal_ganglia__M001
gtex__nucleus_accumbens_basa...3        SET     438      0.10686     0.016448     0.045598     0.009555 gtex__nucleus_accumbens_basal_ganglia__M002
gtex__nucleus_accumbens_basa...4        SET     314    -0.049913   -0.0065277     0.051747      0.83261 gtex__nucleus_accumbens_basal_ganglia__M003
gtex__nucleus_accumbens_basa...5        SET     317     0.016139    0.0021206     0.050236      0.37401 gtex__nucleus_accumbens_basal_ganglia__M004
gtex__nucleus_accumbens_basa...6        SET     225     0.027288    0.0030285     0.062445      0.33106 gtex__nucleus_accumbens_basal_ganglia__M005
gtex__nucleus_accumbens_basa...7        SET     127     -0.13557    -0.011335     0.085151      0.94431 gtex__nucleus_accumbens_basal_ganglia__M006
gtex__nucleus_accumbens_basa...8        SET     149    0.0091078   0.00082433     0.078469       0.4538 gtex__nucleus_accumbens_basal_ganglia__M007
gtex__nucleus_accumbens_basa...9        SET     121     0.070651    0.0057669     0.085796      0.20512 gtex__nucleus_accumbens_basal_ganglia__M008
gtex__nucleus_accumbens_basa...10       SET     121   -0.0051518  -0.00042052     0.087823      0.52339 gtex__nucleus_accumbens_basal_ganglia__M009
gtex__nucleus_accumbens_basa...11       SET     106    -0.058436   -0.0044663     0.088656      0.74509 gtex__nucleus_accumbens_basal_ganglia__M010
gtex__nucleus_accumbens_basa...12       SET      88    -0.031231    -0.002176     0.094638       0.6293 gtex__nucleus_accumbens_basal_ganglia__M011
gtex__nucleus_accumbens_basa...13       SET      68    -0.014431  -0.00088433       0.1034       0.5555 gtex__nucleus_accumbens_basal_ganglia__M012
gtex__nucleus_accumbens_basa...14       SET      72     -0.13994   -0.0088233      0.11427      0.88963 gtex__nucleus_accumbens_basal_ganglia__M013
gtex__nucleus_accumbens_basa...15       SET      57     0.036121    0.0020272      0.11703       0.3788 gtex__nucleus_accumbens_basal_ganglia__M014
gtex__nucleus_accumbens_basa...16       SET      61     0.092382     0.005363      0.12127       0.2231 gtex__nucleus_accumbens_basal_ganglia__M015
gtex__nucleus_accumbens_basa...17       SET      47    0.0030964   0.00015785      0.12732       0.4903 gtex__nucleus_accumbens_basal_ganglia__M016
gtex__nucleus_accumbens_basa...18       SET      28     -0.23748   -0.0093488      0.17035      0.91834 gtex__nucleus_accumbens_basal_ganglia__M017
gtex__nucleus_accumbens_basa...19       SET      35    -0.016834  -0.00074077      0.15468      0.54333 gtex__nucleus_accumbens_basal_ganglia__M018
gtex__nucleus_accumbens_basa...20       SET      33     -0.13812   -0.0059024      0.14967      0.82195 gtex__nucleus_accumbens_basal_ganglia__M019
gtex__nucleus_accumbens_basa...21       SET      36      0.30575     0.013645      0.16128     0.029005 gtex__nucleus_accumbens_basal_ganglia__M020
gtex__nucleus_accumbens_basa...22       SET      36      0.34413     0.015358       0.1495     0.010676 gtex__nucleus_accumbens_basal_ganglia__M021
gtex__nucleus_accumbens_basa...23       SET      27     -0.22828   -0.0088251      0.16636      0.91499 gtex__nucleus_accumbens_basal_ganglia__M022
gtex__nucleus_accumbens_basa...24       SET      19     -0.17447   -0.0056594      0.19808      0.81079 gtex__nucleus_accumbens_basal_ganglia__M023
gtex__nucleus_accumbens_basa...25       SET      20      0.37825     0.012588      0.21942     0.042378 gtex__nucleus_accumbens_basal_ganglia__M024
gtex__nucleus_accumbens_basa...26       SET      18     0.069381    0.0021906      0.19105      0.35824 gtex__nucleus_accumbens_basal_ganglia__M025
gtex__putamen_basal_ganglia_...1        SET     637     0.055207      0.01019     0.038587     0.076261 gtex__putamen_basal_ganglia__M000
gtex__putamen_basal_ganglia_...2        SET     297    -0.056914   -0.0072425     0.056925      0.84129 gtex__putamen_basal_ganglia__M001
gtex__putamen_basal_ganglia_...3        SET     454     0.074384     0.011651     0.044622     0.047768 gtex__putamen_basal_ganglia__M002
gtex__putamen_basal_ganglia_...4        SET     405      0.10981     0.016269     0.047198    0.0099964 gtex__putamen_basal_ganglia__M003
gtex__putamen_basal_ganglia_...5        SET     275    -0.023951   -0.0029346     0.054085      0.67106 gtex__putamen_basal_ganglia__M004
gtex__putamen_basal_ganglia_...6        SET     342     0.014336    0.0019551     0.049423      0.38589 gtex__putamen_basal_ganglia__M005
gtex__putamen_basal_ganglia_...7        SET     155      0.11847     0.010934     0.074253     0.055315 gtex__putamen_basal_ganglia__M006
gtex__putamen_basal_ganglia_...8        SET     127    -0.012396   -0.0010364     0.089456       0.5551 gtex__putamen_basal_ganglia__M007
gtex__putamen_basal_ganglia_...9        SET     117    -0.022061   -0.0017709     0.077932      0.61144 gtex__putamen_basal_ganglia__M008
gtex__putamen_basal_ganglia_...10       SET     121    -0.057351   -0.0046813     0.079766      0.76392 gtex__putamen_basal_ganglia__M009
gtex__putamen_basal_ganglia_...11       SET     111     0.063156    0.0049389     0.086728      0.23325 gtex__putamen_basal_ganglia__M010
gtex__putamen_basal_ganglia_...12       SET      93     0.022199    0.0015898     0.095084       0.4077 gtex__putamen_basal_ganglia__M011
gtex__putamen_basal_ganglia_...13       SET      88    -0.024518   -0.0017082      0.10301      0.59406 gtex__putamen_basal_ganglia__M012
gtex__putamen_basal_ganglia_...14       SET      88     -0.12921   -0.0090027      0.10404      0.89286 gtex__putamen_basal_ganglia__M013
gtex__putamen_basal_ganglia_...15       SET      95     0.095274    0.0068958      0.10288      0.17721 gtex__putamen_basal_ganglia__M014
gtex__putamen_basal_ganglia_...16       SET      84      0.14205    0.0096708      0.09843     0.074496 gtex__putamen_basal_ganglia__M015
gtex__putamen_basal_ganglia_...17       SET      73    -0.024468   -0.0015534      0.10336      0.59356 gtex__putamen_basal_ganglia__M016
gtex__putamen_basal_ganglia_...18       SET      54    0.0080517   0.00043987      0.12367      0.47405 gtex__putamen_basal_ganglia__M017
gtex__putamen_basal_ganglia_...19       SET      71    -0.062963   -0.0039423      0.10539      0.72489 gtex__putamen_basal_ganglia__M018
gtex__putamen_basal_ganglia_...20       SET      58    -0.087367    -0.004946       0.1214      0.76412 gtex__putamen_basal_ganglia__M019
gtex__putamen_basal_ganglia_...21       SET      54    -0.050013   -0.0027322      0.12411      0.65652 gtex__putamen_basal_ganglia__M020
gtex__putamen_basal_ganglia_...22       SET      47     -0.16366   -0.0083428      0.13584      0.88584 gtex__putamen_basal_ganglia__M021
gtex__putamen_basal_ganglia_...23       SET      52      0.05605     0.003005      0.12247      0.32361 gtex__putamen_basal_ganglia__M022
gtex__putamen_basal_ganglia_...24       SET      38    0.0053002   0.00024301      0.14147      0.48506 gtex__putamen_basal_ganglia__M023
gtex__putamen_basal_ganglia_...25       SET      28      0.16593    0.0065324      0.17557      0.17231 gtex__putamen_basal_ganglia__M024
gtex__putamen_basal_ganglia_...26       SET      28      0.13954    0.0054931       0.1562      0.18585 gtex__putamen_basal_ganglia__M025
gtex__putamen_basal_ganglia_...27       SET      25     0.087789    0.0032659      0.16823      0.30089 gtex__putamen_basal_ganglia__M026
gtex__putamen_basal_ganglia_...28       SET      25      0.16578    0.0061672      0.17234      0.16805 gtex__putamen_basal_ganglia__M027
gtex__putamen_basal_ganglia_...29       SET      19     0.080109    0.0025985      0.20719      0.34951 gtex__putamen_basal_ganglia__M028
gtex__putamen_basal_ganglia_...30       SET      26     -0.10793   -0.0040945      0.16658      0.74148 gtex__putamen_basal_ganglia__M029
gtex__putamen_basal_ganglia_...31       SET      21      0.18498    0.0063079      0.21193      0.19137 gtex__putamen_basal_ganglia__M030
gtex__putamen_basal_ganglia_...32       SET      13     -0.43525     -0.01168      0.26961      0.94677 gtex__putamen_basal_ganglia__M031
gtex__putamen_basal_ganglia_...33       SET      19     -0.06171   -0.0020017      0.21849      0.61119 gtex__putamen_basal_ganglia__M032
gtex__putamen_basal_ganglia_...34       SET      20     -0.13635   -0.0045377       0.1983      0.75414 gtex__putamen_basal_ganglia__M033
gtex__putamen_basal_ganglia_...35       SET      20   -0.0058215  -0.00019373      0.19108      0.51215 gtex__putamen_basal_ganglia__M034
gtex__putamen_basal_ganglia_...36       SET      14     -0.48702    -0.013562      0.21591      0.98795 gtex__putamen_basal_ganglia__M035
gtex__spinal_cord_cervical_c...1        SET     688     0.047639    0.0091244     0.036313     0.094789 gtex__spinal_cord_cervical_c_1__M000
gtex__spinal_cord_cervical_c...2        SET     519    -0.018165   -0.0030365     0.039904      0.67552 gtex__spinal_cord_cervical_c_1__M001
gtex__spinal_cord_cervical_c...3        SET     394    -0.048041    -0.007022     0.050131      0.83104 gtex__spinal_cord_cervical_c_1__M002
gtex__spinal_cord_cervical_c...4        SET     323    -0.042865   -0.0056843     0.055178      0.78137 gtex__spinal_cord_cervical_c_1__M003
gtex__spinal_cord_cervical_c...5        SET     248    -0.059772     -0.00696     0.057137      0.85224 gtex__spinal_cord_cervical_c_1__M004
gtex__spinal_cord_cervical_c...6        SET     237     0.070765    0.0080578     0.063999      0.13443 gtex__spinal_cord_cervical_c_1__M005
gtex__spinal_cord_cervical_c...7        SET     194    0.0010901   0.00011244     0.069387      0.49373 gtex__spinal_cord_cervical_c_1__M006
gtex__spinal_cord_cervical_c...8        SET     156    -0.079311   -0.0073435     0.071633      0.86589 gtex__spinal_cord_cervical_c_1__M007
gtex__spinal_cord_cervical_c...9        SET     135     0.017555    0.0015129     0.078653       0.4117 gtex__spinal_cord_cervical_c_1__M008
gtex__spinal_cord_cervical_c...10       SET     129    -0.029517   -0.0024871      0.08579       0.6346 gtex__spinal_cord_cervical_c_1__M009
gtex__spinal_cord_cervical_c...11       SET      90     -0.06843   -0.0048214     0.095287      0.76366 gtex__spinal_cord_cervical_c_1__M010
gtex__spinal_cord_cervical_c...12       SET      69    -0.058566   -0.0036152      0.10898      0.70451 gtex__spinal_cord_cervical_c_1__M011
gtex__spinal_cord_cervical_c...13       SET      84     -0.07958   -0.0054178      0.10038      0.78605 gtex__spinal_cord_cervical_c_1__M012
gtex__spinal_cord_cervical_c...14       SET      80    -0.083377   -0.0055401     0.097247      0.80437 gtex__spinal_cord_cervical_c_1__M013
gtex__spinal_cord_cervical_c...15       SET      68    -0.038616   -0.0023664      0.11037      0.63678 gtex__spinal_cord_cervical_c_1__M014
gtex__spinal_cord_cervical_c...16       SET      62     0.057321    0.0033547       0.1186      0.31444 gtex__spinal_cord_cervical_c_1__M015
gtex__spinal_cord_cervical_c...17       SET      64      0.05634    0.0033499      0.11882       0.3177 gtex__spinal_cord_cervical_c_1__M016
gtex__spinal_cord_cervical_c...18       SET      56      -0.2166     -0.01205       0.1227      0.96124 gtex__spinal_cord_cervical_c_1__M017
gtex__spinal_cord_cervical_c...19       SET      45    -0.055655   -0.0027763      0.12587      0.67081 gtex__spinal_cord_cervical_c_1__M018
gtex__spinal_cord_cervical_c...20       SET      45     0.058226    0.0029045      0.12891      0.32575 gtex__spinal_cord_cervical_c_1__M019
gtex__spinal_cord_cervical_c...21       SET      41     -0.17103   -0.0081446      0.14737      0.87707 gtex__spinal_cord_cervical_c_1__M020
gtex__spinal_cord_cervical_c...22       SET      42     -0.14483   -0.0069804      0.13195      0.86382 gtex__spinal_cord_cervical_c_1__M021
gtex__spinal_cord_cervical_c...23       SET      36     -0.28394    -0.012672      0.16535      0.95702 gtex__spinal_cord_cervical_c_1__M022
gtex__spinal_cord_cervical_c...24       SET      32     -0.23695    -0.009971      0.16366      0.92616 gtex__spinal_cord_cervical_c_1__M023
gtex__spinal_cord_cervical_c...25       SET      25     0.016585   0.00061698      0.19522      0.46615 gtex__spinal_cord_cervical_c_1__M024
gtex__spinal_cord_cervical_c...26       SET      24    -0.071324   -0.0025998      0.19163      0.64512 gtex__spinal_cord_cervical_c_1__M025
gtex__spinal_cord_cervical_c...27       SET      24      0.22515    0.0082069      0.17415     0.098037 gtex__spinal_cord_cervical_c_1__M026
gtex__spinal_cord_cervical_c...28       SET      23       0.1541    0.0054989      0.19265       0.2119 gtex__spinal_cord_cervical_c_1__M027
gtex__spinal_cord_cervical_c...29       SET      20     -0.12184   -0.0040546      0.18408      0.74596 gtex__spinal_cord_cervical_c_1__M028
gtex__spinal_cord_cervical_c...30       SET      20    -0.019189  -0.00063859      0.22102      0.53459 gtex__spinal_cord_cervical_c_1__M029
gtex__spinal_cord_cervical_c...31       SET      21     -0.24663   -0.0084099      0.22955      0.85867 gtex__spinal_cord_cervical_c_1__M030
gtex__spinal_cord_cervical_c...32       SET      20      0.11068    0.0036832      0.21078      0.29976 gtex__spinal_cord_cervical_c_1__M031
gtex__spinal_cord_cervical_c...33       SET      13     -0.31522    -0.008459      0.24659      0.89942 gtex__spinal_cord_cervical_c_1__M032
gtex__substantia_nigra__M000            SET     786     0.024992    0.0051019     0.033873      0.23032 gtex__substantia_nigra__M000
gtex__substantia_nigra__M001            SET     332     0.070941    0.0095351     0.051543     0.084367 gtex__substantia_nigra__M001
gtex__substantia_nigra__M002            SET     307      0.00155   0.00020047     0.053758       0.4885 gtex__substantia_nigra__M002
gtex__substantia_nigra__M003            SET     205    -0.029657   -0.0031435     0.062576      0.68222 gtex__substantia_nigra__M003
gtex__substantia_nigra__M004            SET     237      0.11275     0.012838      0.06052     0.031242 gtex__substantia_nigra__M004
gtex__substantia_nigra__M005            SET     176     0.045103    0.0044333      0.07504      0.27391 gtex__substantia_nigra__M005
gtex__substantia_nigra__M006            SET     160    -0.097559   -0.0091471     0.072569      0.91057 gtex__substantia_nigra__M006
gtex__substantia_nigra__M007            SET      75     0.047699    0.0030693      0.10076      0.31797 gtex__substantia_nigra__M007
gtex__substantia_nigra__M008            SET     106     0.030112    0.0023015     0.095577      0.37636 gtex__substantia_nigra__M008
gtex__substantia_nigra__M009            SET     104     -0.16977    -0.012853     0.090656      0.96943 gtex__substantia_nigra__M009
gtex__substantia_nigra__M010            SET     101     0.014562    0.0010866      0.10143      0.44292 gtex__substantia_nigra__M010
gtex__substantia_nigra__M011            SET     104    -0.061763   -0.0046761     0.088223      0.75806 gtex__substantia_nigra__M011
gtex__substantia_nigra__M012            SET      88    -0.054017   -0.0037636       0.1067      0.69366 gtex__substantia_nigra__M012
gtex__substantia_nigra__M013            SET     103    -0.026527   -0.0019987     0.089696      0.61628 gtex__substantia_nigra__M013
gtex__substantia_nigra__M014            SET      75    -0.016443   -0.0010581      0.10533      0.56203 gtex__substantia_nigra__M014
gtex__substantia_nigra__M015            SET      75    -0.083291   -0.0053594      0.11396      0.76757 gtex__substantia_nigra__M015
gtex__substantia_nigra__M016            SET      76     -0.10111   -0.0065492      0.10904      0.82311 gtex__substantia_nigra__M016
gtex__substantia_nigra__M017            SET      69      0.15893    0.0098103      0.10799      0.07056 gtex__substantia_nigra__M017
gtex__substantia_nigra__M018            SET      69    -0.029932   -0.0018476       0.1116      0.60573 gtex__substantia_nigra__M018
gtex__substantia_nigra__M019            SET      69     0.015831   0.00097721      0.10036      0.43733 gtex__substantia_nigra__M019
gtex__substantia_nigra__M020            SET      62     -0.03511   -0.0020548      0.12064      0.61448 gtex__substantia_nigra__M020
gtex__substantia_nigra__M021            SET      62     0.024005    0.0014049      0.11215      0.41526 gtex__substantia_nigra__M021
gtex__substantia_nigra__M022            SET      66    -0.030272   -0.0018277      0.10908      0.60931 gtex__substantia_nigra__M022
gtex__substantia_nigra__M023            SET      50     0.037842    0.0019895      0.12441       0.3805 gtex__substantia_nigra__M023
gtex__substantia_nigra__M024            SET      43     -0.10163    -0.004956      0.13694      0.77099 gtex__substantia_nigra__M024
gtex__substantia_nigra__M025            SET      31     0.098615    0.0040845      0.15571      0.26326 gtex__substantia_nigra__M025
gtex__substantia_nigra__M026            SET      40    -0.037805   -0.0017782      0.14153      0.60531 gtex__substantia_nigra__M026
gtex__substantia_nigra__M027            SET      31     -0.06121   -0.0025353      0.17654       0.6356 gtex__substantia_nigra__M027
gtex__substantia_nigra__M028            SET      30     0.099913    0.0040711      0.15541      0.26015 gtex__substantia_nigra__M028
gtex__substantia_nigra__M029            SET      31     -0.19593   -0.0081151      0.15926      0.89069 gtex__substantia_nigra__M029
gtex__substantia_nigra__M030            SET      19      0.17282    0.0056059      0.19807      0.19146 gtex__substantia_nigra__M030
gtex__substantia_nigra__M031            SET      28    0.0093564   0.00036834      0.15625      0.47613 gtex__substantia_nigra__M031
gtex__substantia_nigra__M032            SET      26     -0.19033   -0.0072208      0.18065      0.85396 gtex__substantia_nigra__M032
gtex__substantia_nigra__M033            SET      19      0.22386    0.0072613      0.21992      0.15437 gtex__substantia_nigra__M033
gtex__substantia_nigra__M034            SET      20     -0.11761    -0.003914       0.2217      0.70211 gtex__substantia_nigra__M034
gtex__substantia_nigra__M035            SET      24     -0.16385   -0.0059726      0.22236       0.7694 gtex__substantia_nigra__M035
gtex__substantia_nigra__M036            SET      21     0.078146    0.0026647      0.17685      0.32929 gtex__substantia_nigra__M036
gtex__substantia_nigra__M037            SET      19    -0.092725   -0.0030077      0.19392      0.68373 gtex__substantia_nigra__M037
gtex__substantia_nigra__M038            SET      18     -0.18504   -0.0058421      0.24704      0.77307 gtex__substantia_nigra__M038
gtex__substantia_nigra__M039            SET      15     0.060646    0.0017481      0.20772      0.38516 gtex__substantia_nigra__M039
gtex__substantia_nigra__M040            SET      19     -0.15781   -0.0051188       0.1857      0.80227 gtex__substantia_nigra__M040
gtex__substantia_nigra__M041            SET      19      0.46115     0.014958      0.22702      0.02112 gtex__substantia_nigra__M041
gtex__substantia_nigra__M042            SET      16    0.0059076   0.00017586      0.26119      0.49098 gtex__substantia_nigra__M042
brainseq__caudate__M000                 SET     615    0.0021306   0.00038664     0.037942      0.47761 brainseq__caudate__M000
brainseq__caudate__M001                 SET     472     0.085243     0.013607     0.044862     0.028719 brainseq__caudate__M001
brainseq__caudate__M002                 SET     104     0.089582    0.0067823     0.089867      0.15943 brainseq__caudate__M002
brainseq__caudate__M003                 SET     327    -0.028508   -0.0038033     0.049489       0.7177 brainseq__caudate__M003
brainseq__caudate__M004                 SET     320     0.087468     0.011546     0.053087     0.049724 brainseq__caudate__M004
brainseq__caudate__M005                 SET      50    -0.027504    -0.001446      0.12437      0.58751 brainseq__caudate__M005
brainseq__caudate__M006                 SET     191     0.034285    0.0035091      0.06599      0.30169 brainseq__caudate__M006
brainseq__caudate__M007                 SET     142     -0.10858   -0.0095954     0.077035      0.92064 brainseq__caudate__M007
brainseq__caudate__M008                 SET     145      0.11133    0.0099412     0.079399     0.080443 brainseq__caudate__M008
brainseq__caudate__M009                 SET     130      0.10696    0.0090468     0.083523      0.10019 brainseq__caudate__M009
brainseq__caudate__M010                 SET     117     -0.12198   -0.0097915     0.082121      0.93126 brainseq__caudate__M010
brainseq__caudate__M011                 SET     121     0.091966    0.0075067     0.082401       0.1322 brainseq__caudate__M011
brainseq__caudate__M012                 SET     110     0.078172    0.0060857     0.087523      0.18589 brainseq__caudate__M012
brainseq__caudate__M013                 SET      38     -0.15624   -0.0071634      0.15072      0.85004 brainseq__caudate__M013
brainseq__caudate__M014                 SET      75     -0.19765    -0.012718      0.11741      0.95385 brainseq__caudate__M014
brainseq__caudate__M015                 SET      77      0.04208    0.0027434      0.10225      0.34034 brainseq__caudate__M015
brainseq__caudate__M016                 SET      36        0.002   8.9257e-05      0.14695      0.49457 brainseq__caudate__M016
brainseq__caudate__M017                 SET      68    -0.019125    -0.001172      0.11675      0.56506 brainseq__caudate__M017
brainseq__caudate__M018                 SET      61      0.21373     0.012408      0.12005     0.037525 brainseq__caudate__M018
brainseq__caudate__M019                 SET      63     0.018263    0.0010774      0.11584      0.43736 brainseq__caudate__M019
brainseq__caudate__M020                 SET      59      0.19047     0.010875       0.1064     0.036724 brainseq__caudate__M020
brainseq__caudate__M021                 SET      62     -0.02614   -0.0015299      0.12847      0.58062 brainseq__caudate__M021
brainseq__caudate__M022                 SET      51      -0.2142    -0.011373      0.12538      0.95621 brainseq__caudate__M022
brainseq__caudate__M023                 SET      18      0.51875     0.016378      0.23355     0.013175 brainseq__caudate__M023
brainseq__caudate__M024                 SET      49    -0.081035   -0.0042177      0.13084      0.73215 brainseq__caudate__M024
brainseq__caudate__M025                 SET      49     -0.21724    -0.011307      0.11902      0.96601 brainseq__caudate__M025
brainseq__caudate__M026                 SET      50     -0.12023   -0.0063212      0.12903      0.82428 brainseq__caudate__M026
brainseq__caudate__M027                 SET      47      0.15027    0.0076604      0.12837      0.12088 brainseq__caudate__M027
brainseq__caudate__M028                 SET      45     -0.16786   -0.0083735       0.1405      0.88389 brainseq__caudate__M028
brainseq__caudate__M029                 SET      38      0.13447    0.0061652      0.15015      0.18525 brainseq__caudate__M029
brainseq__caudate__M030                 SET      38     0.046282     0.002122      0.14302      0.37312 brainseq__caudate__M030
brainseq__caudate__M031                 SET      30     -0.14573   -0.0059381      0.15349      0.82881 brainseq__caudate__M031
brainseq__caudate__M032                 SET      31     -0.10915   -0.0045207      0.16708      0.74319 brainseq__caudate__M032
brainseq__caudate__M033                 SET      27     0.042395    0.0016389      0.17179      0.40254 brainseq__caudate__M033
brainseq__caudate__M034                 SET      28      0.13689    0.0053891      0.19687      0.24342 brainseq__caudate__M034
brainseq__caudate__M035                 SET      16    0.0030892   9.1962e-05      0.21285      0.49421 brainseq__caudate__M035
brainseq__caudate__M036                 SET      25      0.53684     0.019971      0.19188    0.0025759 brainseq__caudate__M036
brainseq__caudate__M037                 SET      27    -0.038471   -0.0014872      0.17896       0.5851 brainseq__caudate__M037
brainseq__caudate__M038                 SET      22      0.24374    0.0085067      0.18068      0.08868 brainseq__caudate__M038
brainseq__caudate__M039                 SET      25       -0.063   -0.0023437      0.19655      0.62571 brainseq__caudate__M039
brainseq__caudate__M040                 SET      18     -0.12242   -0.0038651      0.21474      0.71568 brainseq__caudate__M040
brainseq__caudate__M041                 SET      18      0.34019     0.010741      0.22591     0.066058 brainseq__caudate__M041
brainseq__caudate__M042                 SET      20        0.234    0.0077872      0.21546      0.13873 brainseq__caudate__M042
brainseq__caudate__M043                 SET      20      0.04819    0.0016037      0.20741      0.40814 brainseq__caudate__M043
brainseq__caudate__M044                 SET      16      0.22386    0.0066642      0.25214      0.18732 brainseq__caudate__M044
brainseq__caudate__M045                 SET      18     0.053185    0.0016792      0.20216      0.39625 brainseq__caudate__M045
brainseq__caudate__M046                 SET      19      -0.2597   -0.0084238      0.20552      0.89681 brainseq__caudate__M046
brainseq__caudate__M047                 SET      18      0.10367    0.0032731      0.19209      0.29471 brainseq__caudate__M047
brainseq__caudate__M048                 SET      15     -0.15303    -0.004411      0.26898      0.71529 brainseq__caudate__M048
brainseq__hippocampus__M000             SET     377    -0.046148   -0.0066013     0.049813      0.82288 brainseq__hippocampus__M000
brainseq__hippocampus__M001             SET     311      0.12296     0.016005      0.05335     0.010596 brainseq__hippocampus__M001
brainseq__hippocampus__M002             SET     211      0.12388     0.013319     0.061539     0.022063 brainseq__hippocampus__M002
brainseq__hippocampus__M003             SET     161    -0.033963   -0.0031943     0.072789       0.6796 brainseq__hippocampus__M003
brainseq__hippocampus__M004             SET     138      0.15425      0.01344     0.076665     0.022116 brainseq__hippocampus__M004
brainseq__hippocampus__M005             SET     147     0.027475    0.0024701     0.073666      0.35459 brainseq__hippocampus__M005
brainseq__hippocampus__M006             SET     129     0.077462     0.006527     0.081299      0.17035 brainseq__hippocampus__M006
brainseq__hippocampus__M007             SET     129     0.048853    0.0041165     0.078461      0.26676 brainseq__hippocampus__M007
brainseq__hippocampus__M008             SET     129   -0.0019927   -0.0001679     0.080514      0.50987 brainseq__hippocampus__M008
brainseq__hippocampus__M009             SET     106     -0.17235    -0.013172     0.090875      0.97105 brainseq__hippocampus__M009
brainseq__hippocampus__M010             SET     100      0.14712     0.010924     0.089843     0.050768 brainseq__hippocampus__M010
brainseq__hippocampus__M011             SET      81      0.17131     0.011454     0.099686     0.042862 brainseq__hippocampus__M011
brainseq__hippocampus__M012             SET      84   -0.0054573  -0.00037153      0.10504      0.52072 brainseq__hippocampus__M012
brainseq__hippocampus__M013             SET      84     -0.10518   -0.0071605     0.099985      0.85358 brainseq__hippocampus__M013
brainseq__hippocampus__M014             SET      76     -0.10414   -0.0067451      0.10978      0.82858 brainseq__hippocampus__M014
brainseq__hippocampus__M015             SET      82     0.017336    0.0011662      0.10197       0.4325 brainseq__hippocampus__M015
brainseq__hippocampus__M016             SET      75      0.24361     0.015676      0.10892      0.01266 brainseq__hippocampus__M016
brainseq__hippocampus__M017             SET      66    -0.052407   -0.0031642      0.11823       0.6712 brainseq__hippocampus__M017
brainseq__hippocampus__M018             SET      61     0.064627    0.0037518      0.12747      0.30608 brainseq__hippocampus__M018
brainseq__hippocampus__M019             SET      63     0.016821   0.00099235      0.12201      0.44517 brainseq__hippocampus__M019
brainseq__hippocampus__M020             SET      62     0.046804    0.0027392       0.1217      0.35027 brainseq__hippocampus__M020
brainseq__hippocampus__M021             SET      52    -0.064574    -0.003462      0.12656      0.69504 brainseq__hippocampus__M021
brainseq__hippocampus__M022             SET      49      0.12137    0.0063168      0.13446      0.18337 brainseq__hippocampus__M022
brainseq__hippocampus__M023             SET      47     0.063288    0.0032262      0.13558      0.32033 brainseq__hippocampus__M023
brainseq__hippocampus__M024             SET      44      0.19535    0.0096363      0.13713     0.077148 brainseq__hippocampus__M024
brainseq__hippocampus__M025             SET      41     -0.13102   -0.0062394      0.15356      0.80323 brainseq__hippocampus__M025
brainseq__hippocampus__M026             SET      40      0.30182     0.014197      0.15384     0.024898 brainseq__hippocampus__M026
brainseq__hippocampus__M027             SET      37    -0.073505   -0.0033255      0.14987       0.6881 brainseq__hippocampus__M027
brainseq__hippocampus__M028             SET      36      -0.1397   -0.0062347      0.17351      0.78963 brainseq__hippocampus__M028
brainseq__hippocampus__M029             SET      37     -0.14913    -0.006747      0.16457      0.81757 brainseq__hippocampus__M029
brainseq__hippocampus__M030             SET      32     -0.14649   -0.0061642      0.17345      0.80081 brainseq__hippocampus__M030
brainseq__hippocampus__M031             SET      37       -0.179   -0.0080985      0.16652       0.8588 brainseq__hippocampus__M031
brainseq__hippocampus__M032             SET      33     0.067056    0.0028654      0.14538      0.32231 brainseq__hippocampus__M032
brainseq__hippocampus__M033             SET      29    -0.023867  -0.00095618       0.1845      0.55146 brainseq__hippocampus__M033
brainseq__hippocampus__M034             SET      27     -0.21593   -0.0083476      0.18542      0.87789 brainseq__hippocampus__M034
brainseq__hippocampus__M035             SET      27   -0.0079298  -0.00030656      0.20339      0.51555 brainseq__hippocampus__M035
brainseq__hippocampus__M036             SET      26     -0.24187    -0.009176      0.18888      0.89981 brainseq__hippocampus__M036
brainseq__hippocampus__M037             SET      26     0.064926    0.0024631      0.16127      0.34362 brainseq__hippocampus__M037
brainseq__hippocampus__M038             SET      21     -0.14895   -0.0050792      0.20449      0.76681 brainseq__hippocampus__M038
brainseq__hippocampus__M039             SET      22      0.38318     0.013373      0.20168     0.028727 brainseq__hippocampus__M039
brainseq__hippocampus__M040             SET      26      0.20478    0.0077688      0.19526      0.14715 brainseq__hippocampus__M040
brainseq__hippocampus__M041             SET      23      0.17191    0.0061347      0.19438      0.18824 brainseq__hippocampus__M041
brainseq__hippocampus__M042             SET      19      0.22118    0.0071744      0.21185      0.14824 brainseq__hippocampus__M042
brainseq__hippocampus__M043             SET      21      0.25792     0.008795      0.20436      0.10346 brainseq__hippocampus__M043
brainseq__hippocampus__M044             SET      19     -0.00861  -0.00027928      0.20005      0.51716 brainseq__hippocampus__M044
brainseq__hippocampus__M045             SET      20     -0.43449    -0.014459      0.21349      0.97908 brainseq__hippocampus__M045
brainseq__dlpfc__M000                   SET     353     0.067342    0.0093277     0.050011     0.089073 brainseq__dlpfc__M000
brainseq__dlpfc__M001                   SET     383     0.071528     0.010311     0.048043     0.068275 brainseq__dlpfc__M001
brainseq__dlpfc__M002                   SET     269    -0.010348   -0.0012542     0.055648      0.57376 brainseq__dlpfc__M002
brainseq__dlpfc__M003                   SET     183    -0.008947  -0.00089656     0.070512      0.55048 brainseq__dlpfc__M003
brainseq__dlpfc__M004                   SET     210     0.031124    0.0033386     0.065618      0.31764 brainseq__dlpfc__M004
brainseq__dlpfc__M005                   SET     216     0.089292    0.0097122     0.060377     0.069591 brainseq__dlpfc__M005
brainseq__dlpfc__M006                   SET     215    -0.012898   -0.0013997      0.06141      0.58318 brainseq__dlpfc__M006
brainseq__dlpfc__M007                   SET     194      0.16168     0.016676     0.066905    0.0078406 brainseq__dlpfc__M007
brainseq__dlpfc__M008                   SET     175      0.13409     0.013143     0.067847     0.024061 brainseq__dlpfc__M008
brainseq__dlpfc__M009                   SET     166     0.072717    0.0069435     0.073599      0.16158 brainseq__dlpfc__M009
brainseq__dlpfc__M010                   SET     140     0.070068    0.0061487     0.077285      0.18231 brainseq__dlpfc__M010
brainseq__dlpfc__M011                   SET     145     0.060446    0.0053975     0.073946      0.20685 brainseq__dlpfc__M011
brainseq__dlpfc__M012                   SET     101     0.075373     0.005624     0.091506      0.20506 brainseq__dlpfc__M012
brainseq__dlpfc__M013                   SET      98      0.02417    0.0017767     0.093577      0.39809 brainseq__dlpfc__M013
brainseq__dlpfc__M014                   SET      94      0.12748    0.0091783      0.10117      0.10383 brainseq__dlpfc__M014
brainseq__dlpfc__M015                   SET     100    -0.014358    -0.001066     0.092871      0.56143 brainseq__dlpfc__M015
brainseq__dlpfc__M016                   SET      97     0.056868    0.0041589      0.09054      0.26498 brainseq__dlpfc__M016
brainseq__dlpfc__M017                   SET      86     0.067878    0.0046756     0.096749      0.24147 brainseq__dlpfc__M017
brainseq__dlpfc__M018                   SET      56      0.11044    0.0061437      0.11906      0.17681 brainseq__dlpfc__M018
brainseq__dlpfc__M019                   SET      64     -0.29671    -0.017642      0.12206      0.99246 brainseq__dlpfc__M019
brainseq__dlpfc__M020                   SET      48     -0.12122   -0.0062447      0.14572      0.79725 brainseq__dlpfc__M020
brainseq__dlpfc__M021                   SET      39      0.11567    0.0053727      0.14256      0.20858 brainseq__dlpfc__M021
brainseq__dlpfc__M022                   SET      35      0.14441    0.0063549      0.15506      0.17585 brainseq__dlpfc__M022
brainseq__dlpfc__M023                   SET      40       -0.278    -0.013076      0.15042       0.9677 brainseq__dlpfc__M023
brainseq__dlpfc__M024                   SET      37     0.098671    0.0044641      0.14479      0.24779 brainseq__dlpfc__M024
brainseq__dlpfc__M025                   SET      37      0.03059     0.001384      0.15036      0.41939 brainseq__dlpfc__M025
brainseq__dlpfc__M026                   SET      34     -0.11608   -0.0050348      0.15541      0.77244 brainseq__dlpfc__M026
brainseq__dlpfc__M027                   SET      36    -0.054578   -0.0024357      0.15619      0.63661 brainseq__dlpfc__M027
brainseq__dlpfc__M028                   SET      29     -0.22869   -0.0091622      0.16882      0.91223 brainseq__dlpfc__M028
brainseq__dlpfc__M029                   SET      23      0.18573    0.0066277      0.17759      0.14783 brainseq__dlpfc__M029
brainseq__dlpfc__M030                   SET      29     0.079638    0.0031906      0.18201      0.33086 brainseq__dlpfc__M030
brainseq__dlpfc__M031                   SET      24     -0.13218   -0.0048182       0.1811      0.76727 brainseq__dlpfc__M031
brainseq__dlpfc__M032                   SET      22      0.30313      0.01058      0.19334     0.058463 brainseq__dlpfc__M032
brainseq__dlpfc__M033                   SET      16     -0.12878   -0.0038337      0.18813      0.75317 brainseq__dlpfc__M033
brainseq__dlpfc__M034                   SET      20     0.033808    0.0011251      0.19161      0.42998 brainseq__dlpfc__M034
brainseq__dlpfc__M035                   SET      20      0.24087    0.0080158      0.21163      0.12754 brainseq__dlpfc__M035
brainseq__dlpfc__M036                   SET      15      0.29283    0.0084405      0.23682      0.10814 brainseq__dlpfc__M036
brainseq__dlpfc__M037                   SET      18     0.081978    0.0025883      0.19296      0.33548 brainseq__dlpfc__M037
brainseq__caudate_sczd__M000            SET     101    -0.026867   -0.0020048     0.095839      0.61039 brainseq__caudate_sczd__M000
brainseq__caudate_sczd__M001            SET      85    -0.057411   -0.0039316      0.10094      0.71525 brainseq__caudate_sczd__M001
brainseq__caudate_sczd__M002            SET     338     0.034901    0.0047324     0.051247      0.24793 brainseq__caudate_sczd__M002
brainseq__caudate_sczd__M003            SET     251    -0.022586   -0.0026456     0.061728      0.64277 brainseq__caudate_sczd__M003
brainseq__caudate_sczd__M004            SET     162     0.011697    0.0011035     0.072301      0.43574 brainseq__caudate_sczd__M004
brainseq__caudate_sczd__M005            SET     132      0.13073     0.011142     0.087792     0.068245 brainseq__caudate_sczd__M005
brainseq__caudate_sczd__M006            SET     163     -0.13516     -0.01279     0.072085       0.9696 brainseq__caudate_sczd__M006
brainseq__caudate_sczd__M007            SET     144      0.15691     0.013963     0.081066      0.02647 brainseq__caudate_sczd__M007
brainseq__caudate_sczd__M008            SET     149      0.12612     0.011415     0.073796     0.043732 brainseq__caudate_sczd__M008
brainseq__caudate_sczd__M009            SET     119    -0.035166   -0.0028468     0.089726      0.65244 brainseq__caudate_sczd__M009
brainseq__caudate_sczd__M010            SET      55     -0.15864   -0.0087461      0.11988      0.90713 brainseq__caudate_sczd__M010
brainseq__caudate_sczd__M011            SET      57     0.055992    0.0031425      0.11008       0.3055 brainseq__caudate_sczd__M011
brainseq__caudate_sczd__M012            SET      45      0.17368    0.0086638      0.15282      0.12788 brainseq__caudate_sczd__M012
brainseq__caudate_sczd__M013            SET      31    -0.099121   -0.0041055      0.16958      0.72056 brainseq__caudate_sczd__M013
brainseq__caudate_sczd__M014            SET      43    -0.029483   -0.0014377      0.14062      0.58303 brainseq__caudate_sczd__M014
brainseq__caudate_sczd__M015            SET      32      0.21042    0.0088546      0.18132      0.12294 brainseq__caudate_sczd__M015
brainseq__caudate_sczd__M016            SET      33     -0.15957   -0.0068189      0.15423      0.84957 brainseq__caudate_sczd__M016
brainseq__caudate_sczd__M017            SET       8      0.29162    0.0061398      0.34118      0.19636 brainseq__caudate_sczd__M017
brainseq__caudate_sczd__M018            SET      28      0.31307     0.012325      0.15779     0.023634 brainseq__caudate_sczd__M018
brainseq__caudate_sczd__M019            SET      27      0.36016     0.013924      0.18564     0.026191 brainseq__caudate_sczd__M019
brainseq__caudate_sczd__M020            SET      26      0.18644     0.007073      0.17068      0.13735 brainseq__caudate_sczd__M020
brainseq__caudate_sczd__M021            SET      20      0.23176    0.0077127      0.21523      0.14079 brainseq__caudate_sczd__M021
brainseq__caudate_sczd__M022            SET      22     -0.28643   -0.0099967      0.20841      0.91533 brainseq__caudate_sczd__M022
brainseq__caudate_sczd__M023            SET      24     0.084575    0.0030828      0.19787      0.33454 brainseq__caudate_sczd__M023
brainseq__caudate_sczd__M024            SET      25      0.41268     0.015352       0.1846     0.012696 brainseq__caudate_sczd__M024
brainseq__caudate_sczd__M025            SET      20     0.087788    0.0029215      0.20751      0.33613 brainseq__caudate_sczd__M025
brainseq__caudate_sczd__M026            SET      18     0.065891    0.0020804       0.2352      0.38968 brainseq__caudate_sczd__M026
