# TOTAL_GENES = 18040
# TEST_DIRECTION = one-sided, positive (set), two-sided (covar)
# CONDITIONED_INTERNAL = gene size, gene density, sample size, inverse mac, log(gene size), log(gene density), log(sample size), log(inverse mac)
VARIABLE                               TYPE  NGENES         BETA     BETA_STD           SE            P FULL_NAME
gtex__amygdala__M000                    SET     976     0.029919    0.0067685     0.030569      0.16386 gtex__amygdala__M000
gtex__amygdala__M001                    SET     611     0.035946    0.0065026     0.037157      0.16667 gtex__amygdala__M001
gtex__amygdala__M002                    SET     437     0.035271    0.0054228     0.042697      0.20439 gtex__amygdala__M002
gtex__amygdala__M003                    SET     442     0.030038     0.004644     0.046193      0.25776 gtex__amygdala__M003
gtex__amygdala__M004                    SET     315    -0.070688   -0.0092591     0.051108      0.91667 gtex__amygdala__M004
gtex__amygdala__M005                    SET     308    -0.010991   -0.0014238     0.052477      0.58295 gtex__amygdala__M005
gtex__amygdala__M006                    SET     301      0.02503    0.0032062     0.052347      0.31627 gtex__amygdala__M006
gtex__amygdala__M007                    SET     270     0.014346    0.0017419     0.055768       0.3985 gtex__amygdala__M007
gtex__amygdala__M008                    SET     192    -0.042424   -0.0043534      0.07181      0.72266 gtex__amygdala__M008
gtex__amygdala__M009                    SET     168    -0.073692   -0.0070784     0.073257      0.84277 gtex__amygdala__M009
gtex__amygdala__M010                    SET     124     0.057123    0.0047197     0.083411      0.24673 gtex__amygdala__M010
gtex__amygdala__M011                    SET     112    -0.062615   -0.0049185      0.08404      0.77188 gtex__amygdala__M011
gtex__amygdala__M012                    SET      81     0.084392    0.0056423     0.098663      0.19618 gtex__amygdala__M012
gtex__amygdala__M013                    SET      74     -0.19415     -0.01241      0.11028      0.96084 gtex__amygdala__M013
gtex__amygdala__M014                    SET      58       0.0523    0.0029608      0.11358      0.32259 gtex__amygdala__M014
gtex__amygdala__M015                    SET      36    -0.014448   -0.0006448      0.15232      0.53778 gtex__amygdala__M015
gtex__amygdala__M016                    SET      33     0.047761    0.0020409      0.16152      0.38373 gtex__amygdala__M016
gtex__amygdala__M017                    SET      16     -0.23218   -0.0069117      0.23569      0.83771 gtex__amygdala__M017
gtex__amygdala__M018                    SET      24      0.11546    0.0042088      0.17129      0.25013 gtex__amygdala__M018
gtex__amygdala__M019                    SET      24     -0.31366    -0.011433      0.18992      0.95068 gtex__amygdala__M019
gtex__amygdala__M020                    SET      24    -0.041668   -0.0015188      0.21017      0.57858 gtex__amygdala__M020
gtex__amygdala__M021                    SET      16      0.21024    0.0062587      0.26074      0.21003 gtex__amygdala__M021
gtex__amygdala__M022                    SET      18     0.056841    0.0017946      0.22172      0.39884 gtex__amygdala__M022
gtex__anterior_cingulate_cor...1        SET    1792     0.049269     0.014737     0.023165     0.016721 gtex__anterior_cingulate_cortex_ba24__M000
gtex__anterior_cingulate_cor...2        SET     691   -0.0067207   -0.0012899      0.03477      0.57663 gtex__anterior_cingulate_cortex_ba24__M001
gtex__anterior_cingulate_cor...3        SET     638    -0.015871   -0.0029314     0.038455      0.66009 gtex__anterior_cingulate_cortex_ba24__M002
gtex__anterior_cingulate_cor...4        SET     646    -0.019965   -0.0037099     0.036077         0.71 gtex__anterior_cingulate_cortex_ba24__M003
gtex__anterior_cingulate_cor...5        SET     439      0.05498     0.008472     0.042649     0.098686 gtex__anterior_cingulate_cortex_ba24__M004
gtex__anterior_cingulate_cor...6        SET     439     0.021769    0.0033544     0.044995      0.31426 gtex__anterior_cingulate_cortex_ba24__M005
gtex__anterior_cingulate_cor...7        SET     376    0.0061376   0.00087683     0.046989      0.44804 gtex__anterior_cingulate_cortex_ba24__M006
gtex__anterior_cingulate_cor...8        SET     248    -0.026343   -0.0030675     0.061423      0.66599 gtex__anterior_cingulate_cortex_ba24__M007
gtex__anterior_cingulate_cor...9        SET     231     0.025317    0.0028466     0.061197      0.33955 gtex__anterior_cingulate_cortex_ba24__M008
gtex__anterior_cingulate_cor...10       SET     207     0.015796    0.0016824     0.061626      0.39885 gtex__anterior_cingulate_cortex_ba24__M009
gtex__anterior_cingulate_cor...11       SET     160    -0.060183   -0.0056428     0.074546      0.79025 gtex__anterior_cingulate_cortex_ba24__M010
gtex__anterior_cingulate_cor...12       SET     121    -0.035801   -0.0029222     0.080114      0.67251 gtex__anterior_cingulate_cortex_ba24__M011
gtex__anterior_cingulate_cor...13       SET      92     0.069579    0.0049563      0.10098       0.2454 gtex__anterior_cingulate_cortex_ba24__M012
gtex__anterior_cingulate_cor...14       SET      94       0.1033    0.0074377      0.10024      0.15139 gtex__anterior_cingulate_cortex_ba24__M013
gtex__anterior_cingulate_cor...15       SET      51    -0.053318    -0.002831      0.12075      0.67059 gtex__anterior_cingulate_cortex_ba24__M014
gtex__anterior_cingulate_cor...16       SET      43     -0.14594   -0.0071168      0.13762      0.85553 gtex__anterior_cingulate_cortex_ba24__M015
gtex__anterior_cingulate_cor...17       SET      43     0.046516    0.0022684      0.12992      0.36016 gtex__anterior_cingulate_cortex_ba24__M016
gtex__anterior_cingulate_cor...18       SET      40    -0.010644  -0.00050064      0.14309      0.52965 gtex__anterior_cingulate_cortex_ba24__M017
gtex__anterior_cingulate_cor...19       SET      39      0.11202    0.0052029      0.14275      0.21632 gtex__anterior_cingulate_cortex_ba24__M018
gtex__anterior_cingulate_cor...20       SET      37     0.093728    0.0042405      0.14519      0.25928 gtex__anterior_cingulate_cortex_ba24__M019
gtex__anterior_cingulate_cor...21       SET      21     0.057899    0.0019743      0.18802      0.37907 gtex__anterior_cingulate_cortex_ba24__M020
gtex__anterior_cingulate_cor...22       SET      22      0.12895    0.0045007      0.18731      0.24559 gtex__anterior_cingulate_cortex_ba24__M021
gtex__anterior_cingulate_cor...23       SET      21      0.23581    0.0080411      0.19914      0.11819 gtex__anterior_cingulate_cortex_ba24__M022
gtex__anterior_cingulate_cor...24       SET      19    -0.039851   -0.0012926      0.21201      0.57455 gtex__anterior_cingulate_cortex_ba24__M023
gtex__caudate_basal_ganglia_...1        SET    1227     0.034764    0.0087528     0.027815      0.10569 gtex__caudate_basal_ganglia__M000
gtex__caudate_basal_ganglia_...2        SET     937    -0.020933   -0.0046452     0.031315      0.74807 gtex__caudate_basal_ganglia__M001
gtex__caudate_basal_ganglia_...3        SET     781    -0.027193   -0.0055344     0.033313      0.79283 gtex__caudate_basal_ganglia__M002
gtex__caudate_basal_ganglia_...4        SET     592     0.052501    0.0093536     0.037708     0.081925 gtex__caudate_basal_ganglia__M003
gtex__caudate_basal_ganglia_...5        SET     590    0.0080828    0.0014377      0.03722      0.41404 gtex__caudate_basal_ganglia__M004
gtex__caudate_basal_ganglia_...6        SET     481    -0.070667    -0.011385     0.045647      0.93919 gtex__caudate_basal_ganglia__M005
gtex__caudate_basal_ganglia_...7        SET     462      0.07928     0.012524     0.042415     0.030809 gtex__caudate_basal_ganglia__M006
gtex__caudate_basal_ganglia_...8        SET     263      0.12151     0.014564     0.061239     0.023627 gtex__caudate_basal_ganglia__M007
gtex__caudate_basal_ganglia_...9        SET     214     0.051353      0.00556     0.060086      0.19637 gtex__caudate_basal_ganglia__M008
gtex__caudate_basal_ganglia_...10       SET     180    -0.068885   -0.0068466     0.066955      0.84821 gtex__caudate_basal_ganglia__M009
gtex__caudate_basal_ganglia_...11       SET     159    -0.017522   -0.0016378     0.070526       0.5981 gtex__caudate_basal_ganglia__M010
gtex__caudate_basal_ganglia_...12       SET     186     0.059632    0.0060239     0.065331      0.18069 gtex__caudate_basal_ganglia__M011
gtex__caudate_basal_ganglia_...13       SET      72   -0.0050881  -0.00032081      0.10715      0.51894 gtex__caudate_basal_ganglia__M012
gtex__caudate_basal_ganglia_...14       SET      61     -0.11429   -0.0066348      0.11214      0.84593 gtex__caudate_basal_ganglia__M013
gtex__caudate_basal_ganglia_...15       SET      41      -0.1663   -0.0079192      0.14903      0.86775 gtex__caudate_basal_ganglia__M014
gtex__caudate_basal_ganglia_...16       SET      21      0.15355    0.0052362      0.19449       0.2149 gtex__caudate_basal_ganglia__M015
gtex__caudate_basal_ganglia_...17       SET      20    -0.015415  -0.00051298      0.19314      0.53181 gtex__caudate_basal_ganglia__M016
gtex__cerebellar_hemisphere_...1        SET    2113     0.033407     0.010743     0.021238     0.057871 gtex__cerebellar_hemisphere__M000
gtex__cerebellar_hemisphere_...2        SET     703   -0.0086166   -0.0016675     0.033851      0.60046 gtex__cerebellar_hemisphere__M001
gtex__cerebellar_hemisphere_...3        SET     632     0.090829     0.016701     0.037077     0.007153 gtex__cerebellar_hemisphere__M002
gtex__cerebellar_hemisphere_...4        SET     559    -0.013802   -0.0023917     0.037991       0.6418 gtex__cerebellar_hemisphere__M003
gtex__cerebellar_hemisphere_...5        SET     472    -0.032737   -0.0052257     0.047261      0.75574 gtex__cerebellar_hemisphere__M004
gtex__cerebellar_hemisphere_...6        SET     262    -0.025001   -0.0029911     0.054509      0.67676 gtex__cerebellar_hemisphere__M005
gtex__cerebellar_hemisphere_...7        SET     209     0.064908     0.006946     0.064494      0.15712 gtex__cerebellar_hemisphere__M006
gtex__cerebellar_hemisphere_...8        SET     123   -0.0020512   -0.0001688     0.078588      0.51041 gtex__cerebellar_hemisphere__M007
gtex__cerebellar_hemisphere_...9        SET     113    -0.096726   -0.0076315     0.085875      0.86998 gtex__cerebellar_hemisphere__M008
gtex__cerebellar_hemisphere_...10       SET     125    -0.020983   -0.0017406     0.079716      0.60381 gtex__cerebellar_hemisphere__M009
gtex__cerebellar_hemisphere_...11       SET      82     0.033597      0.00226      0.10625      0.37592 gtex__cerebellar_hemisphere__M010
gtex__cerebellar_hemisphere_...12       SET      78      -0.1322   -0.0086742     0.095479       0.9169 gtex__cerebellar_hemisphere__M011
gtex__cerebellar_hemisphere_...13       SET      54      -0.2441    -0.013335      0.11579      0.98248 gtex__cerebellar_hemisphere__M012
gtex__cerebellar_hemisphere_...14       SET      53     -0.11805   -0.0063891      0.13481      0.80938 gtex__cerebellar_hemisphere__M013
gtex__cerebellar_hemisphere_...15       SET      40     -0.23857    -0.011221      0.13758      0.95854 gtex__cerebellar_hemisphere__M014
gtex__cerebellar_hemisphere_...16       SET      40    0.0039032    0.0001836      0.13268      0.48827 gtex__cerebellar_hemisphere__M015
gtex__cerebellar_hemisphere_...17       SET      33      0.15081    0.0064446      0.15217      0.16083 gtex__cerebellar_hemisphere__M016
gtex__cerebellar_hemisphere_...18       SET      21      0.45853     0.015636      0.20735     0.013514 gtex__cerebellar_hemisphere__M017
gtex__cerebellar_hemisphere_...19       SET      30     -0.15869    -0.006466      0.16026      0.83895 gtex__cerebellar_hemisphere__M018
gtex__cerebellar_hemisphere_...20       SET      20      0.12903     0.004294      0.20621      0.26575 gtex__cerebellar_hemisphere__M019
gtex__cerebellar_hemisphere_...21       SET      20      0.37796     0.012578      0.18731     0.021812 gtex__cerebellar_hemisphere__M020
gtex__cerebellar_hemisphere_...22       SET      19    -0.011762  -0.00038154      0.19221       0.5244 gtex__cerebellar_hemisphere__M021
gtex__cerebellum__M000                  SET     714     0.018763    0.0036584     0.034555      0.29357 gtex__cerebellum__M000
gtex__cerebellum__M001                  SET     263    -0.077262   -0.0092608     0.061593      0.89514 gtex__cerebellum__M001
gtex__cerebellum__M002                  SET     232     0.044531    0.0050175     0.060096      0.22935 gtex__cerebellum__M002
gtex__cerebellum__M003                  SET     250    0.0088222    0.0010314     0.058469      0.44003 gtex__cerebellum__M003
gtex__cerebellum__M004                  SET     193    -0.014293   -0.0014705     0.063762      0.58868 gtex__cerebellum__M004
gtex__cerebellum__M005                  SET     141     -0.14903    -0.013124     0.072094      0.98063 gtex__cerebellum__M005
gtex__cerebellum__M006                  SET     113    -0.040554   -0.0031996     0.083129      0.68717 gtex__cerebellum__M006
gtex__cerebellum__M007                  SET     114      0.14962     0.011856     0.090756     0.049629 gtex__cerebellum__M007
gtex__cerebellum__M008                  SET      62     -0.10193   -0.0059657      0.10999      0.82297 gtex__cerebellum__M008
gtex__cerebellum__M009                  SET      95     -0.10033   -0.0072614      0.08764      0.87383 gtex__cerebellum__M009
gtex__cerebellum__M010                  SET      84    -0.012461  -0.00084838      0.10982      0.54517 gtex__cerebellum__M010
gtex__cerebellum__M011                  SET      89    -0.041468   -0.0029055     0.089435      0.67855 gtex__cerebellum__M011
gtex__cerebellum__M012                  SET      89     0.014792    0.0010364     0.090176      0.43485 gtex__cerebellum__M012
gtex__cerebellum__M013                  SET      69      0.06042    0.0037296      0.10524      0.28294 gtex__cerebellum__M013
gtex__cerebellum__M014                  SET      48     0.066364    0.0034188      0.13223      0.30787 gtex__cerebellum__M014
gtex__cerebellum__M015                  SET      48    -0.055996   -0.0028846      0.12184      0.67709 gtex__cerebellum__M015
gtex__cerebellum__M016                  SET      40      0.08849    0.0041623      0.14868      0.27587 gtex__cerebellum__M016
gtex__cerebellum__M017                  SET      31    -0.063135    -0.002615      0.16921      0.64547 gtex__cerebellum__M017
gtex__cerebellum__M018                  SET      22      0.14893    0.0051977      0.20757      0.23654 gtex__cerebellum__M018
gtex__cerebellum__M019                  SET      26     0.022779   0.00086417      0.20748      0.45629 gtex__cerebellum__M019
gtex__cerebellum__M020                  SET      20      0.10341    0.0034414      0.22981      0.32636 gtex__cerebellum__M020
gtex__cerebellum__M021                  SET      26     -0.20207   -0.0076659      0.18461      0.86314 gtex__cerebellum__M021
gtex__cerebellum__M022                  SET      18     -0.29046   -0.0091707      0.21214      0.91452 gtex__cerebellum__M022
gtex__cerebellum__M023                  SET      19     0.035525    0.0011523      0.20058      0.42971 gtex__cerebellum__M023
gtex__cerebellum__M024                  SET      17      0.32362      0.00993      0.20922     0.060969 gtex__cerebellum__M024
gtex__cerebellum__M025                  SET      19    -0.086137    -0.002794      0.25299      0.63325 gtex__cerebellum__M025
gtex__cortex__M000                      SET     637  -0.00027846  -5.1394e-05     0.036616      0.50303 gtex__cortex__M000
gtex__cortex__M001                      SET     552    0.0099883    0.0017203      0.04006      0.40155 gtex__cortex__M001
gtex__cortex__M002                      SET     623      0.10027     0.018309     0.037908    0.0040881 gtex__cortex__M002
gtex__cortex__M003                      SET     553     0.022108     0.003811     0.038678       0.2838 gtex__cortex__M003
gtex__cortex__M004                      SET     302     0.054632    0.0070093     0.054419      0.15772 gtex__cortex__M004
gtex__cortex__M005                      SET     261     0.097684     0.011665     0.056699     0.042466 gtex__cortex__M005
gtex__cortex__M006                      SET     213     0.039075    0.0042209     0.061969      0.26417 gtex__cortex__M006
gtex__cortex__M007                      SET     184    -0.020035   -0.0020131     0.073368       0.6076 gtex__cortex__M007
gtex__cortex__M008                      SET     146      -0.1678    -0.015035     0.071291       0.9907 gtex__cortex__M008
gtex__cortex__M009                      SET      52     -0.17509   -0.0093873       0.1368      0.89971 gtex__cortex__M009
gtex__cortex__M010                      SET      85     -0.13119   -0.0089841      0.10303      0.89853 gtex__cortex__M010
gtex__cortex__M011                      SET      43     0.061588    0.0030033      0.12954      0.31724 gtex__cortex__M011
gtex__cortex__M012                      SET      39      -0.2721    -0.012638      0.14889      0.96618 gtex__cortex__M012
gtex__frontal_cortex_ba9__M0...1        SET    1267      0.05382     0.013754     0.027197     0.023923 gtex__frontal_cortex_ba9__M000
gtex__frontal_cortex_ba9__M0...2        SET    1017    -0.005628   -0.0012981     0.030517      0.57316 gtex__frontal_cortex_ba9__M001
gtex__frontal_cortex_ba9__M0...3        SET    1021     0.022906     0.005293     0.029447      0.21833 gtex__frontal_cortex_ba9__M002
gtex__frontal_cortex_ba9__M0...4        SET     835    -0.072348    -0.015201     0.031826      0.98849 gtex__frontal_cortex_ba9__M003
gtex__frontal_cortex_ba9__M0...5        SET     699     0.057271     0.011053     0.035761     0.054641 gtex__frontal_cortex_ba9__M004
gtex__frontal_cortex_ba9__M0...6        SET     487    -0.027667   -0.0044841     0.044296      0.73388 gtex__frontal_cortex_ba9__M005
gtex__frontal_cortex_ba9__M0...7        SET     215    -0.033772   -0.0036649     0.061297      0.70916 gtex__frontal_cortex_ba9__M006
gtex__frontal_cortex_ba9__M0...8        SET     169    -0.013668   -0.0013167     0.066116      0.58189 gtex__frontal_cortex_ba9__M007
gtex__frontal_cortex_ba9__M0...9        SET      63     0.047737    0.0028162      0.10726      0.32814 gtex__frontal_cortex_ba9__M008
gtex__frontal_cortex_ba9__M0...10       SET      56     0.024462    0.0013608      0.12053      0.41959 gtex__frontal_cortex_ba9__M009
gtex__frontal_cortex_ba9__M0...11       SET      48     0.058492    0.0030132      0.14531      0.34365 gtex__frontal_cortex_ba9__M010
gtex__frontal_cortex_ba9__M0...12       SET      42    -0.078997   -0.0038073      0.14729      0.70414 gtex__frontal_cortex_ba9__M011
gtex__hippocampus__M000                 SET    1421     0.010147    0.0027334     0.026362      0.35016 gtex__hippocampus__M000
gtex__hippocampus__M001                 SET    1445    0.0057956    0.0015733     0.025287      0.40936 gtex__hippocampus__M001
gtex__hippocampus__M002                 SET     845     0.025594    0.0054081     0.031743      0.21004 gtex__hippocampus__M002
gtex__hippocampus__M003                 SET     805   0.00047853   9.8807e-05     0.032326      0.49409 gtex__hippocampus__M003
gtex__hippocampus__M004                 SET     441    -0.029997   -0.0046325     0.043794      0.75331 gtex__hippocampus__M004
gtex__hippocampus__M005                 SET     433      0.03825    0.0058546     0.042821      0.18586 gtex__hippocampus__M005
gtex__hippocampus__M006                 SET     335     -0.11799    -0.015929     0.053363      0.98648 gtex__hippocampus__M006
gtex__hippocampus__M007                 SET     286     0.079731    0.0099594     0.053756     0.069019 gtex__hippocampus__M007
gtex__hippocampus__M008                 SET     191   -0.0098465   -0.0010078     0.070042       0.5559 gtex__hippocampus__M008
gtex__hippocampus__M009                 SET     184     -0.13176    -0.013239     0.065758      0.97744 gtex__hippocampus__M009
gtex__hippocampus__M010                 SET     127     -0.10997   -0.0091943     0.083474      0.90613 gtex__hippocampus__M010
gtex__hippocampus__M011                 SET      98     0.022159    0.0016288     0.091821      0.40465 gtex__hippocampus__M011
gtex__hippocampus__M012                 SET      77     0.064709    0.0042187     0.093375      0.24416 gtex__hippocampus__M012
gtex__hippocampus__M013                 SET      64     -0.10733   -0.0063815      0.10939      0.83673 gtex__hippocampus__M013
gtex__hippocampus__M014                 SET      41      0.27214      0.01296      0.13728     0.023722 gtex__hippocampus__M014
gtex__hippocampus__M015                 SET      29    0.0060866   0.00024385      0.17333      0.48599 gtex__hippocampus__M015
gtex__hippocampus__M016                 SET      33     -0.16859   -0.0072042       0.1738      0.83398 gtex__hippocampus__M016
gtex__hippocampus__M017                 SET      25    -0.055146   -0.0020515       0.1892      0.61465 gtex__hippocampus__M017
gtex__hippocampus__M018                 SET      26     -0.20584    -0.007809      0.18754       0.8638 gtex__hippocampus__M018
gtex__hippocampus__M019                 SET      22     -0.13053   -0.0045556      0.19489      0.74849 gtex__hippocampus__M019
gtex__hypothalamus__M000                SET    2053     0.037775     0.011997     0.022017     0.043116 gtex__hypothalamus__M000
gtex__hypothalamus__M001                SET     675    -0.005184  -0.00098386     0.035939      0.55735 gtex__hypothalamus__M001
gtex__hypothalamus__M002                SET     429     0.047048    0.0071686      0.04418      0.14346 gtex__hypothalamus__M002
gtex__hypothalamus__M003                SET     404    -0.049047   -0.0072573     0.043834       0.8684 gtex__hypothalamus__M003
gtex__hypothalamus__M004                SET     317     0.026116    0.0034314     0.053124       0.3115 gtex__hypothalamus__M004
gtex__hypothalamus__M005                SET     281     0.032641     0.004042     0.052719      0.26791 gtex__hypothalamus__M005
gtex__hypothalamus__M006                SET     208      0.02653    0.0028323     0.065601      0.34296 gtex__hypothalamus__M006
gtex__hypothalamus__M007                SET     226     -0.10922    -0.012148     0.063772      0.95661 gtex__hypothalamus__M007
gtex__hypothalamus__M008                SET     157     -0.13067    -0.012137     0.075081      0.95909 gtex__hypothalamus__M008
gtex__hypothalamus__M009                SET     162    -0.074194   -0.0069994     0.077806      0.82985 gtex__hypothalamus__M009
gtex__hypothalamus__M010                SET     126     0.018069    0.0015049     0.084664       0.4155 gtex__hypothalamus__M010
gtex__hypothalamus__M011                SET      98      0.18371     0.013503     0.096054     0.027913 gtex__hypothalamus__M011
gtex__hypothalamus__M012                SET      80     0.084262     0.005599      0.10739      0.21633 gtex__hypothalamus__M012
gtex__hypothalamus__M013                SET      81     0.049724    0.0033245     0.096853      0.30384 gtex__hypothalamus__M013
gtex__hypothalamus__M014                SET      69     0.059335    0.0036626      0.10641      0.28856 gtex__hypothalamus__M014
gtex__hypothalamus__M015                SET      74     -0.06971   -0.0044557     0.096893      0.76406 gtex__hypothalamus__M015
gtex__hypothalamus__M016                SET      63     -0.26786    -0.015802      0.11343      0.99089 gtex__hypothalamus__M016
gtex__hypothalamus__M017                SET      61      0.07415    0.0043046      0.11397      0.25765 gtex__hypothalamus__M017
gtex__hypothalamus__M018                SET      44      -0.0814   -0.0040153      0.13065      0.73337 gtex__hypothalamus__M018
gtex__hypothalamus__M019                SET      25      0.36634     0.013628      0.17411     0.017695 gtex__hypothalamus__M019
gtex__hypothalamus__M020                SET      24    -0.010402  -0.00037915      0.18369      0.52258 gtex__hypothalamus__M020
gtex__hypothalamus__M021                SET      23     -0.23928   -0.0085386       0.2185      0.86325 gtex__hypothalamus__M021
gtex__hypothalamus__M022                SET      19     0.030887    0.0010019      0.20016      0.43868 gtex__hypothalamus__M022
gtex__hypothalamus__M023                SET      19     0.018097   0.00058702      0.19209      0.46247 gtex__hypothalamus__M023
gtex__nucleus_accumbens_basa...1        SET    2506     0.051107     0.017676     0.020343    0.0060016 gtex__nucleus_accumbens_basal_ganglia__M000
gtex__nucleus_accumbens_basa...2        SET     753     -0.01649   -0.0032981     0.033435      0.68906 gtex__nucleus_accumbens_basal_ganglia__M001
gtex__nucleus_accumbens_basa...3        SET     742   -0.0042629   -0.0008466     0.034537      0.54912 gtex__nucleus_accumbens_basal_ganglia__M002
gtex__nucleus_accumbens_basa...4        SET     501   -0.0074034   -0.0012165     0.040518      0.57249 gtex__nucleus_accumbens_basal_ganglia__M003
gtex__nucleus_accumbens_basa...5        SET     175    -0.066556   -0.0065235     0.070952      0.82588 gtex__nucleus_accumbens_basal_ganglia__M004
gtex__nucleus_accumbens_basa...6        SET     149     -0.07596    -0.006875     0.079132      0.83144 gtex__nucleus_accumbens_basal_ganglia__M005
gtex__nucleus_accumbens_basa...7        SET     122     -0.14305    -0.011724     0.087139      0.94965 gtex__nucleus_accumbens_basal_ganglia__M006
gtex__nucleus_accumbens_basa...8        SET     135    -0.010776   -0.0009287     0.074261      0.55769 gtex__nucleus_accumbens_basal_ganglia__M007
gtex__nucleus_accumbens_basa...9        SET     148    -0.063858   -0.0057604     0.076601      0.79775 gtex__nucleus_accumbens_basal_ganglia__M008
gtex__nucleus_accumbens_basa...10       SET     132    -0.020568    -0.001753     0.084328      0.59634 gtex__nucleus_accumbens_basal_ganglia__M009
gtex__nucleus_accumbens_basa...11       SET      95      0.12996    0.0094066     0.092191     0.079318 gtex__nucleus_accumbens_basal_ganglia__M010
gtex__nucleus_accumbens_basa...12       SET      92     -0.13183   -0.0093906     0.089403      0.92983 gtex__nucleus_accumbens_basal_ganglia__M011
gtex__nucleus_accumbens_basa...13       SET      98     0.039042    0.0028698     0.090393       0.3329 gtex__nucleus_accumbens_basal_ganglia__M012
gtex__nucleus_accumbens_basa...14       SET      78     0.096092     0.006305      0.11114      0.19363 gtex__nucleus_accumbens_basal_ganglia__M013
gtex__nucleus_accumbens_basa...15       SET      58      0.18585     0.010521      0.11996     0.060666 gtex__nucleus_accumbens_basal_ganglia__M014
gtex__nucleus_accumbens_basa...16       SET      61     0.077409    0.0044938      0.12142      0.26189 gtex__nucleus_accumbens_basal_ganglia__M015
gtex__nucleus_accumbens_basa...17       SET      28     -0.19896   -0.0078325      0.16417      0.88721 gtex__nucleus_accumbens_basal_ganglia__M016
gtex__nucleus_accumbens_basa...18       SET      32      0.02998    0.0012616      0.14007      0.41526 gtex__nucleus_accumbens_basal_ganglia__M017
gtex__nucleus_accumbens_basa...19       SET      21      0.40127     0.013683      0.18255     0.013975 gtex__nucleus_accumbens_basal_ganglia__M018
gtex__nucleus_accumbens_basa...20       SET      16      0.18991    0.0056534      0.23664      0.21113 gtex__nucleus_accumbens_basal_ganglia__M019
gtex__putamen_basal_ganglia_...1        SET    1444     0.015264    0.0041422     0.025865      0.27755 gtex__putamen_basal_ganglia__M000
gtex__putamen_basal_ganglia_...2        SET     927     0.029112    0.0064277     0.032105      0.18227 gtex__putamen_basal_ganglia__M001
gtex__putamen_basal_ganglia_...3        SET     794     0.044113    0.0090488     0.033148     0.091637 gtex__putamen_basal_ganglia__M002
gtex__putamen_basal_ganglia_...4        SET     498     0.030262    0.0049583     0.041904       0.2351 gtex__putamen_basal_ganglia__M003
gtex__putamen_basal_ganglia_...5        SET     404   -0.0031633  -0.00046806     0.043731      0.52883 gtex__putamen_basal_ganglia__M004
gtex__putamen_basal_ganglia_...6        SET     395      0.10607     0.015522     0.045718     0.010176 gtex__putamen_basal_ganglia__M005
gtex__putamen_basal_ganglia_...7        SET     343      0.05214    0.0071211     0.048582      0.14159 gtex__putamen_basal_ganglia__M006
gtex__putamen_basal_ganglia_...8        SET     162     0.093303    0.0088022     0.072199     0.098135 gtex__putamen_basal_ganglia__M007
gtex__putamen_basal_ganglia_...9        SET     138     -0.10403   -0.0090639      0.07575      0.91516 gtex__putamen_basal_ganglia__M008
gtex__putamen_basal_ganglia_...10       SET     136    -0.030041   -0.0025986     0.077925      0.65007 gtex__putamen_basal_ganglia__M009
gtex__putamen_basal_ganglia_...11       SET     100     0.035977    0.0026712     0.088685      0.34249 gtex__putamen_basal_ganglia__M010
gtex__putamen_basal_ganglia_...12       SET      99     0.065961    0.0048731     0.091795      0.23621 gtex__putamen_basal_ganglia__M011
gtex__putamen_basal_ganglia_...13       SET      55      0.11906    0.0065643      0.11956      0.15967 gtex__putamen_basal_ganglia__M012
gtex__putamen_basal_ganglia_...14       SET      59      0.16566    0.0094586      0.11162     0.068887 gtex__putamen_basal_ganglia__M013
gtex__putamen_basal_ganglia_...15       SET      43    -0.056599   -0.0027601      0.13796      0.65918 gtex__putamen_basal_ganglia__M014
gtex__putamen_basal_ganglia_...16       SET      34      0.11323    0.0049113      0.14476      0.21706 gtex__putamen_basal_ganglia__M015
gtex__putamen_basal_ganglia_...17       SET      27     -0.20192    -0.007806      0.18432      0.86334 gtex__putamen_basal_ganglia__M016
gtex__putamen_basal_ganglia_...18       SET      31      0.13334    0.0055228      0.15696       0.1978 gtex__putamen_basal_ganglia__M017
gtex__putamen_basal_ganglia_...19       SET      22     -0.09043   -0.0031561      0.17696      0.69533 gtex__putamen_basal_ganglia__M018
gtex__spinal_cord_cervical_c...1        SET    1262     0.022353    0.0057018     0.027044      0.20425 gtex__spinal_cord_cervical_c_1__M000
gtex__spinal_cord_cervical_c...2        SET     712    -0.052538     -0.01023     0.034347      0.93694 gtex__spinal_cord_cervical_c_1__M001
gtex__spinal_cord_cervical_c...3        SET     688   -0.0062878   -0.0012043     0.038102      0.56554 gtex__spinal_cord_cervical_c_1__M002
gtex__spinal_cord_cervical_c...4        SET     414     -0.05845   -0.0087526     0.048578      0.88554 gtex__spinal_cord_cervical_c_1__M003
gtex__spinal_cord_cervical_c...5        SET     410     0.086275     0.012858     0.045595     0.029239 gtex__spinal_cord_cervical_c_1__M004
gtex__spinal_cord_cervical_c...6        SET     279     -0.11802    -0.014563     0.058582      0.97802 gtex__spinal_cord_cervical_c_1__M005
gtex__spinal_cord_cervical_c...7        SET     259     0.031457    0.0037421        0.055      0.28369 gtex__spinal_cord_cervical_c_1__M006
gtex__spinal_cord_cervical_c...8        SET     241    -0.041111   -0.0047199     0.058532      0.75877 gtex__spinal_cord_cervical_c_1__M007
gtex__spinal_cord_cervical_c...9        SET     151    -0.082305   -0.0074987     0.068678      0.88461 gtex__spinal_cord_cervical_c_1__M008
gtex__spinal_cord_cervical_c...10       SET     129     0.019171    0.0016154     0.075408      0.39966 gtex__spinal_cord_cervical_c_1__M009
gtex__spinal_cord_cervical_c...11       SET      81    -0.021461   -0.0014348     0.099391      0.58547 gtex__spinal_cord_cervical_c_1__M010
gtex__spinal_cord_cervical_c...12       SET      87     0.037452    0.0025947      0.10378       0.3591 gtex__spinal_cord_cervical_c_1__M011
gtex__spinal_cord_cervical_c...13       SET      74     -0.17225     -0.01101      0.10958        0.942 gtex__spinal_cord_cervical_c_1__M012
gtex__spinal_cord_cervical_c...14       SET      52     -0.22141    -0.011871      0.12944       0.9564 gtex__spinal_cord_cervical_c_1__M013
gtex__spinal_cord_cervical_c...15       SET      59     0.052109    0.0029752      0.10836      0.31531 gtex__spinal_cord_cervical_c_1__M014
gtex__spinal_cord_cervical_c...16       SET      49     -0.19531    -0.010166      0.13231      0.93004 gtex__spinal_cord_cervical_c_1__M015
gtex__spinal_cord_cervical_c...17       SET      38     -0.16969     -0.00778      0.13686      0.89247 gtex__spinal_cord_cervical_c_1__M016
gtex__spinal_cord_cervical_c...18       SET      38      0.14423    0.0066127      0.13877      0.14934 gtex__spinal_cord_cervical_c_1__M017
gtex__spinal_cord_cervical_c...19       SET      21     -0.24663   -0.0084099      0.22955      0.85867 gtex__spinal_cord_cervical_c_1__M018
gtex__substantia_nigra__M000            SET    1069     0.011917    0.0028138     0.029184      0.34151 gtex__substantia_nigra__M000
gtex__substantia_nigra__M001            SET     907    -0.018539   -0.0040513     0.030864      0.72597 gtex__substantia_nigra__M001
gtex__substantia_nigra__M002            SET     554    -0.042988    -0.007417      0.04177       0.8483 gtex__substantia_nigra__M002
gtex__substantia_nigra__M003            SET     554    -0.052649   -0.0090838     0.038707      0.91311 gtex__substantia_nigra__M003
gtex__substantia_nigra__M004            SET     562     0.043454    0.0075495     0.039624       0.1364 gtex__substantia_nigra__M004
gtex__substantia_nigra__M005            SET     521     0.040933    0.0068552     0.039617      0.15076 gtex__substantia_nigra__M005
gtex__substantia_nigra__M006            SET     439     0.078355     0.012074     0.045794     0.043544 gtex__substantia_nigra__M006
gtex__substantia_nigra__M007            SET     177     0.044297    0.0043663     0.074866      0.27703 gtex__substantia_nigra__M007
gtex__substantia_nigra__M008            SET      79    -0.023592   -0.0015579      0.11244       0.5831 gtex__substantia_nigra__M008
gtex__substantia_nigra__M009            SET      54     0.041766    0.0022817      0.11767      0.36132 gtex__substantia_nigra__M009
gtex__substantia_nigra__M010            SET      33     -0.16936   -0.0072372      0.18205      0.82389 gtex__substantia_nigra__M010
brainseq__caudate__M000                 SET     428    0.0065082   0.00099052     0.044431      0.44177 brainseq__caudate__M000
brainseq__caudate__M001                 SET     986   -0.0023338  -0.00053052     0.030451      0.53055 brainseq__caudate__M001
brainseq__caudate__M002                 SET     890     0.049811     0.010788     0.032801     0.064442 brainseq__caudate__M002
brainseq__caudate__M003                 SET     835     0.040067    0.0084185     0.032006      0.10532 brainseq__caudate__M003
brainseq__caudate__M004                 SET     750     0.010965    0.0021889     0.033426      0.37144 brainseq__caudate__M004
brainseq__caudate__M005                 SET     425      0.13187     0.020001     0.044843    0.0016398 brainseq__caudate__M005
brainseq__caudate__M006                 SET     359      0.01285    0.0017946     0.047878       0.3942 brainseq__caudate__M006
brainseq__caudate__M007                 SET     355     0.026121    0.0036281     0.049913      0.30038 brainseq__caudate__M007
brainseq__caudate__M008                 SET     172    -0.065273   -0.0063432     0.068765      0.82874 brainseq__caudate__M008
brainseq__caudate__M009                 SET      76     -0.19499     -0.01263      0.11597      0.95364 brainseq__caudate__M009
brainseq__hippocampus__M000             SET     426      0.12333     0.018727       0.0459    0.0036091 brainseq__hippocampus__M000
brainseq__hippocampus__M001             SET     446    -0.018557   -0.0028816     0.045165      0.65941 brainseq__hippocampus__M001
brainseq__hippocampus__M002             SET     426     0.081273     0.012341     0.044768      0.03474 brainseq__hippocampus__M002
brainseq__hippocampus__M003             SET     354     0.015285    0.0021202     0.048945      0.37741 brainseq__hippocampus__M003
brainseq__hippocampus__M004             SET     377     0.040539     0.005799     0.048351       0.2009 brainseq__hippocampus__M004
brainseq__hippocampus__M005             SET     357    -0.041534   -0.0057849     0.049021      0.80158 brainseq__hippocampus__M005
brainseq__hippocampus__M006             SET     347     0.070587    0.0096953     0.050966     0.083039 brainseq__hippocampus__M006
brainseq__hippocampus__M007             SET     299    -0.085447    -0.010909     0.054628       0.9411 brainseq__hippocampus__M007
brainseq__hippocampus__M008             SET     273     0.045484     0.005553     0.057533       0.2146 brainseq__hippocampus__M008
brainseq__hippocampus__M009             SET     124     0.095359     0.007879     0.083849      0.12772 brainseq__hippocampus__M009
brainseq__hippocampus__M010             SET     119    -0.062569   -0.0050651     0.085302      0.76837 brainseq__hippocampus__M010
brainseq__hippocampus__M011             SET     107     0.059279    0.0045519     0.086328      0.24615 brainseq__hippocampus__M011
brainseq__hippocampus__M012             SET      27      0.04046    0.0015642      0.15897      0.39955 brainseq__hippocampus__M012
brainseq__hippocampus__M013             SET      20    -0.025302  -0.00084203      0.21069      0.54779 brainseq__hippocampus__M013
brainseq__dlpfc__M000                   SET     497     0.068148     0.011155     0.042091     0.052728 brainseq__dlpfc__M000
brainseq__dlpfc__M001                   SET     472     0.035677     0.005695     0.042613      0.20124 brainseq__dlpfc__M001
brainseq__dlpfc__M002                   SET     406     0.088705     0.013157     0.045826     0.026461 brainseq__dlpfc__M002
brainseq__dlpfc__M003                   SET     399     0.076864     0.011304     0.047281     0.052018 brainseq__dlpfc__M003
brainseq__dlpfc__M004                   SET     374     0.054251    0.0077301     0.046724      0.12281 brainseq__dlpfc__M004
brainseq__dlpfc__M005                   SET     367     0.026666    0.0037647     0.049811      0.29621 brainseq__dlpfc__M005
brainseq__dlpfc__M006                   SET     382     0.074932     0.010788     0.047243     0.056367 brainseq__dlpfc__M006
brainseq__dlpfc__M007                   SET     252    -0.039415   -0.0046259     0.060467      0.74274 brainseq__dlpfc__M007
brainseq__dlpfc__M008                   SET     275     0.044128    0.0054068     0.054017      0.20699 brainseq__dlpfc__M008
brainseq__dlpfc__M009                   SET     225    0.0090901    0.0010089     0.058438      0.43819 brainseq__dlpfc__M009
brainseq__dlpfc__M010                   SET     235     0.068403    0.0077563     0.060491      0.12908 brainseq__dlpfc__M010
brainseq__dlpfc__M011                   SET     193     0.010491    0.0010793     0.067515      0.43826 brainseq__dlpfc__M011
brainseq__dlpfc__M012                   SET     151     0.043176    0.0039337     0.073028      0.27719 brainseq__dlpfc__M012
brainseq__caudate_sczd__M000            SET      36     0.048309    0.0021559      0.16161       0.3825 brainseq__caudate_sczd__M000
brainseq__caudate_sczd__M001            SET     240    -0.046013    -0.005272     0.063466      0.76577 brainseq__caudate_sczd__M001
brainseq__caudate_sczd__M002            SET     187    -0.028895   -0.0029267      0.07214      0.65562 brainseq__caudate_sczd__M002
brainseq__caudate_sczd__M003            SET      25      0.13831    0.0051453      0.17509      0.21478 brainseq__caudate_sczd__M003
brainseq__caudate_sczd__M004            SET     117     -0.04394   -0.0035272     0.090436      0.68647 brainseq__caudate_sczd__M004
brainseq__caudate_sczd__M005            SET     122      0.16714     0.013699     0.083402     0.022543 brainseq__caudate_sczd__M005
brainseq__caudate_sczd__M006            SET      21     -0.24189   -0.0082485      0.19181      0.89635 brainseq__caudate_sczd__M006
brainseq__caudate_sczd__M007            SET      88      0.12682     0.008836     0.099708      0.10171 brainseq__caudate_sczd__M007
brainseq__caudate_sczd__M008            SET      61      0.20672     0.012001      0.12658     0.051227 brainseq__caudate_sczd__M008
brainseq__caudate_sczd__M009            SET      29      0.14013     0.005614      0.17513      0.21181 brainseq__caudate_sczd__M009
brainseq__caudate_sczd__M010            SET      48     -0.26169    -0.013481      0.13087      0.97722 brainseq__caudate_sczd__M010
brainseq__caudate_sczd__M011            SET       8     -0.10023   -0.0021103      0.32262      0.62197 brainseq__caudate_sczd__M011
brainseq__caudate_sczd__M012            SET      59     -0.22517    -0.012856      0.11916      0.97059 brainseq__caudate_sczd__M012
brainseq__caudate_sczd__M013            SET      51     -0.26673    -0.014162      0.12625      0.98268 brainseq__caudate_sczd__M013
brainseq__caudate_sczd__M014            SET      47      0.17976    0.0091635      0.13455     0.090791 brainseq__caudate_sczd__M014
brainseq__caudate_sczd__M015            SET      43    -0.065877   -0.0032125      0.13781      0.68369 brainseq__caudate_sczd__M015
brainseq__caudate_sczd__M016            SET      31     -0.15681   -0.0064949      0.16973      0.82222 brainseq__caudate_sczd__M016
brainseq__caudate_sczd__M017            SET      44     -0.11327   -0.0055873      0.12367      0.82013 brainseq__caudate_sczd__M017
brainseq__caudate_sczd__M018            SET      45      -0.2517    -0.012556      0.14345      0.96033 brainseq__caudate_sczd__M018
brainseq__caudate_sczd__M019            SET      40      0.17988    0.0084612      0.16156      0.13277 brainseq__caudate_sczd__M019
brainseq__caudate_sczd__M020            SET      36    0.0044957   0.00020063      0.14913      0.48798 brainseq__caudate_sczd__M020
brainseq__caudate_sczd__M021            SET      10     -0.34641    -0.008154      0.28788      0.88557 brainseq__caudate_sczd__M021
brainseq__caudate_sczd__M022            SET      16    -0.030906  -0.00092003      0.23052      0.55332 brainseq__caudate_sczd__M022
brainseq__caudate_sczd__M023            SET      11      0.39329     0.009709      0.29022     0.087691 brainseq__caudate_sczd__M023
brainseq__caudate_sczd__M024            SET      32      0.21042    0.0088546      0.18132      0.12294 brainseq__caudate_sczd__M024
brainseq__caudate_sczd__M025            SET      12      0.10508    0.0027094      0.26976      0.34844 brainseq__caudate_sczd__M025
brainseq__caudate_sczd__M026            SET      27    -0.048234   -0.0018647      0.17318      0.60969 brainseq__caudate_sczd__M026
brainseq__caudate_sczd__M027            SET      23     0.072494    0.0025869      0.20364      0.36093 brainseq__caudate_sczd__M027
brainseq__caudate_sczd__M028            SET      22      0.28347    0.0098934      0.18811     0.065917 brainseq__caudate_sczd__M028
brainseq__caudate_sczd__M029            SET      26    -0.037976   -0.0014407      0.19168      0.57852 brainseq__caudate_sczd__M029
brainseq__caudate_sczd__M030            SET       9     0.078255    0.0017475      0.32424      0.40464 brainseq__caudate_sczd__M030
brainseq__caudate_sczd__M031            SET      17     -0.13933   -0.0042751       0.2269       0.7304 brainseq__caudate_sczd__M031
brainseq__caudate_sczd__M032            SET      20      0.19644    0.0065373      0.21973      0.18567 brainseq__caudate_sczd__M032
brainseq__caudate_sczd__M033            SET      23      0.21694    0.0077415      0.19347      0.13109 brainseq__caudate_sczd__M033
brainseq__caudate_sczd__M034            SET      20     0.087788    0.0029215      0.20751      0.33613 brainseq__caudate_sczd__M034
brainseq__caudate_sczd__M035            SET       6     -0.31044   -0.0056607      0.41727      0.77155 brainseq__caudate_sczd__M035
brainseq__caudate_sczd__M036            SET      12     -0.25881    -0.006673      0.27855      0.82359 brainseq__caudate_sczd__M036
brainseq__caudate_sczd__M037            SET      14     -0.19198   -0.0053461      0.23059      0.79745 brainseq__caudate_sczd__M037
brainseq__caudate_sczd__M038            SET      15     -0.13361   -0.0038513       0.2213      0.72699 brainseq__caudate_sczd__M038
brainseq__caudate_sczd__M039            SET      19     0.078901    0.0025593      0.20594      0.35082 brainseq__caudate_sczd__M039
