# TOTAL_GENES = 18040
# TEST_DIRECTION = one-sided, positive (set), two-sided (covar)
# CONDITIONED_INTERNAL = gene size, gene density, sample size, inverse mac, log(gene size), log(gene density), log(sample size), log(inverse mac)
VARIABLE                               TYPE  NGENES         BETA     BETA_STD           SE            P FULL_NAME
gtex__amygdala__M000                    SET   12369     0.051153     0.023749     0.016363   0.00088686 gtex__amygdala__M000
gtex__amygdala__M001                    SET     435   -0.0080041   -0.0012279     0.047309      0.56717 gtex__amygdala__M001
gtex__amygdala__M002                    SET     453    -0.071354    -0.011165     0.047081      0.93518 gtex__amygdala__M002
gtex__amygdala__M003                    SET     287    -0.076495   -0.0095716     0.057041      0.91004 gtex__amygdala__M003
gtex__amygdala__M004                    SET     182    -0.014631   -0.0014622     0.072877      0.57956 gtex__amygdala__M004
gtex__amygdala__M006                    SET      95     0.080815    0.0058493      0.10216      0.21445 gtex__amygdala__M006
gtex__amygdala__M005                    SET      64     -0.19909    -0.011838      0.12179      0.94893 gtex__amygdala__M005
gtex__anterior_cingulate_cor...1        SET   11631     0.056707      0.02714     0.015708   0.00015345 gtex__anterior_cingulate_cortex_ba24__M000
gtex__anterior_cingulate_cor...4        SET     242     0.030986    0.0035647     0.063254      0.31212 gtex__anterior_cingulate_cortex_ba24__M003
gtex__anterior_cingulate_cor...3        SET     437    -0.087942    -0.013521     0.047098      0.96906 gtex__anterior_cingulate_cortex_ba24__M002
gtex__anterior_cingulate_cor...2        SET     857     -0.05176    -0.011011     0.033859      0.93682 gtex__anterior_cingulate_cortex_ba24__M001
gtex__anterior_cingulate_cor...7        SET     119    -0.033892   -0.0027436     0.079312      0.66542 gtex__anterior_cingulate_cortex_ba24__M006
gtex__anterior_cingulate_cor...5        SET     260     0.018015    0.0021472     0.060154      0.38229 gtex__anterior_cingulate_cortex_ba24__M004
gtex__anterior_cingulate_cor...6        SET     191   -0.0061678  -0.00063129     0.071633      0.53431 gtex__anterior_cingulate_cortex_ba24__M005
gtex__caudate_basal_ganglia_...1        SET   10853      0.06257     0.030633     0.015275   2.1089e-05 gtex__caudate_basal_ganglia__M000
gtex__caudate_basal_ganglia_...2        SET    1207     -0.09382    -0.023443     0.028785      0.99944 gtex__caudate_basal_ganglia__M001
gtex__caudate_basal_ganglia_...5        SET     400    -0.056812   -0.0083656     0.049128      0.87624 gtex__caudate_basal_ganglia__M004
gtex__caudate_basal_ganglia_...4        SET     497    -0.019815   -0.0032434     0.044928       0.6704 gtex__caudate_basal_ganglia__M003
gtex__caudate_basal_ganglia_...6        SET     242    -0.015515   -0.0017849     0.063975      0.59581 gtex__caudate_basal_ganglia__M005
gtex__caudate_basal_ganglia_...3        SET     690   -0.0043598  -0.00083622     0.038428      0.54516 gtex__caudate_basal_ganglia__M002
gtex__cerebellar_hemisphere_...1        SET   10537     0.041459     0.020435      0.01547    0.0036859 gtex__cerebellar_hemisphere__M000
gtex__cerebellar_hemisphere_...3        SET     588     0.043697    0.0077595     0.042897      0.15419 gtex__cerebellar_hemisphere__M002
gtex__cerebellar_hemisphere_...2        SET     909    -0.030197   -0.0066055     0.033953      0.81309 gtex__cerebellar_hemisphere__M001
gtex__cerebellar_hemisphere_...10       SET     154    -0.015263   -0.0014042     0.082567      0.57333 gtex__cerebellar_hemisphere__M009
gtex__cerebellar_hemisphere_...5        SET      80      0.21679     0.014405     0.098023     0.013505 gtex__cerebellar_hemisphere__M004
gtex__cerebellar_hemisphere_...8        SET     123    -0.067297    -0.005538     0.081865      0.79447 gtex__cerebellar_hemisphere__M007
gtex__cerebellar_hemisphere_...4        SET     238     0.070986    0.0080997     0.060007      0.11842 gtex__cerebellar_hemisphere__M003
gtex__cerebellar_hemisphere_...9        SET     188     0.057641    0.0058537     0.072605      0.21363 gtex__cerebellar_hemisphere__M008
gtex__cerebellar_hemisphere_...7        SET     246     0.048697    0.0056478     0.061941      0.21589 gtex__cerebellar_hemisphere__M006
gtex__cerebellar_hemisphere_...6        SET     276    -0.095298    -0.011697     0.061158       0.9404 gtex__cerebellar_hemisphere__M005
gtex__cerebellar_hemisphere_...11       SET      66    -0.089775   -0.0054203      0.11744      0.77769 gtex__cerebellar_hemisphere__M010
gtex__cerebellum__M000                  SET   10034     0.039003     0.019378     0.015162    0.0050547 gtex__cerebellum__M000
gtex__cerebellum__M001                  SET     890    -0.030699   -0.0066486      0.03391      0.81734 gtex__cerebellum__M001
gtex__cerebellum__M003                  SET     289    0.0097247     0.001221     0.052108      0.42598 gtex__cerebellum__M003
gtex__cerebellum__M004                  SET     338     -0.11852    -0.016071     0.054486      0.98519 gtex__cerebellum__M004
gtex__cerebellum__M005                  SET     376     0.062696    0.0089569     0.053112      0.11892 gtex__cerebellum__M005
gtex__cerebellum__M009                  SET     124      0.11813    0.0097602      0.08337     0.078264 gtex__cerebellum__M009
gtex__cerebellum__M007                  SET     113    -0.042148   -0.0033254     0.081393      0.69771 gtex__cerebellum__M007
gtex__cerebellum__M006                  SET     257     0.051538    0.0061077     0.062048       0.2031 gtex__cerebellum__M006
gtex__cerebellum__M002                  SET     567     0.078349     0.013671     0.043761     0.036703 gtex__cerebellum__M002
gtex__cerebellum__M010                  SET      94     -0.03892   -0.0028022      0.10478      0.64485 gtex__cerebellum__M010
gtex__cerebellum__M008                  SET     150   -0.0041812  -0.00037968     0.078606      0.52121 gtex__cerebellum__M008
gtex__cerebellum__M014                  SET      47     -0.12462    -0.006353      0.14035      0.81271 gtex__cerebellum__M014
gtex__cerebellum__M012                  SET      72     -0.21642    -0.013645      0.11764      0.96708 gtex__cerebellum__M012
gtex__cerebellum__M013                  SET      42     0.030171    0.0014541       0.1515      0.42107 gtex__cerebellum__M013
gtex__cerebellum__M011                  SET      63     0.006013   0.00035473      0.11557      0.47925 gtex__cerebellum__M011
gtex__cortex__M000                      SET   10542     0.041227     0.020319     0.015188    0.0033224 gtex__cortex__M000
gtex__cortex__M005                      SET     258      0.08192    0.0097267     0.061007     0.089677 gtex__cortex__M005
gtex__cortex__M003                      SET     654    -0.078706    -0.014712     0.038922      0.97841 gtex__cortex__M003
gtex__cortex__M008                      SET     136    -0.060387   -0.0052235     0.080557      0.77325 gtex__cortex__M008
gtex__cortex__M010                      SET      53      0.21938     0.011874      0.12793     0.043196 gtex__cortex__M010
gtex__cortex__M004                      SET     448    0.0019878   0.00030934     0.047759       0.4834 gtex__cortex__M004
gtex__cortex__M002                      SET     526    0.0024023   0.00040419     0.042997      0.47772 gtex__cortex__M002
gtex__cortex__M009                      SET      70     0.082746    0.0051445      0.11703      0.23978 gtex__cortex__M009
gtex__cortex__M001                      SET     811   -0.0070683   -0.0014646     0.034989      0.58005 gtex__cortex__M001
gtex__cortex__M006                      SET     179  -0.00066797  -6.6208e-05     0.076469      0.50348 gtex__cortex__M006
gtex__cortex__M007                      SET     175    -0.048937   -0.0047966     0.064945      0.77442 gtex__cortex__M007
gtex__frontal_cortex_ba9__M0...1        SET   10608     0.046532     0.022903     0.015079    0.0010161 gtex__frontal_cortex_ba9__M000
gtex__frontal_cortex_ba9__M0...3        SET     610    -0.048996   -0.0088563     0.039334      0.89355 gtex__frontal_cortex_ba9__M002
gtex__frontal_cortex_ba9__M0...2        SET    1379    0.0049428    0.0013134     0.027027      0.42745 gtex__frontal_cortex_ba9__M001
gtex__frontal_cortex_ba9__M0...6        SET     195    -0.084045   -0.0086909     0.061788      0.91311 gtex__frontal_cortex_ba9__M005
gtex__frontal_cortex_ba9__M0...4        SET     546   -0.0039168  -0.00067104     0.042789      0.53647 gtex__frontal_cortex_ba9__M003
gtex__frontal_cortex_ba9__M0...5        SET     255     0.038926    0.0045953     0.062703      0.26737 gtex__frontal_cortex_ba9__M004
gtex__frontal_cortex_ba9__M0...7        SET     169    -0.075851   -0.0073073     0.078429      0.83326 gtex__frontal_cortex_ba9__M006
gtex__hippocampus__M000                 SET   12214     0.058609     0.027407      0.01614   0.00014138 gtex__hippocampus__M000
gtex__hippocampus__M001                 SET    1098    -0.061176    -0.014626     0.030357      0.97805 gtex__hippocampus__M001
gtex__hippocampus__M002                 SET     530    -0.076652    -0.012944     0.041985      0.96604 gtex__hippocampus__M002
gtex__hippocampus__M003                 SET      96   -0.0039207  -0.00028525       0.1061      0.51474 gtex__hippocampus__M003
gtex__hypothalamus__M000                SET   11142     0.040821     0.019838     0.015256    0.0037322 gtex__hypothalamus__M000
gtex__hypothalamus__M003                SET     411     0.018099    0.0027007     0.048447      0.35436 gtex__hypothalamus__M003
gtex__hypothalamus__M001                SET    1454     0.018037      0.00491     0.026292      0.24636 gtex__hypothalamus__M001
gtex__hypothalamus__M004                SET     355     -0.11282     -0.01567     0.051546      0.98569 gtex__hypothalamus__M004
gtex__hypothalamus__M002                SET     548      -0.0923    -0.015841     0.042359      0.98533 gtex__hypothalamus__M002
gtex__hypothalamus__M005                SET     250    -0.045932   -0.0053696     0.062084      0.77029 gtex__hypothalamus__M005
gtex__nucleus_accumbens_basa...1        SET   12019     0.061603      0.02905     0.016092   6.4798e-05 gtex__nucleus_accumbens_basal_ganglia__M000
gtex__nucleus_accumbens_basa...3        SET     361    -0.032253   -0.0045167     0.052411      0.73084 gtex__nucleus_accumbens_basal_ganglia__M002
gtex__nucleus_accumbens_basa...2        SET     489    -0.091365    -0.014838     0.044933      0.97898 gtex__nucleus_accumbens_basal_ganglia__M001
gtex__nucleus_accumbens_basa...7        SET     187     0.025123    0.0025446     0.069953      0.35975 gtex__nucleus_accumbens_basal_ganglia__M006
gtex__nucleus_accumbens_basa...5        SET     233    0.0020392   0.00023026     0.064706      0.48743 gtex__nucleus_accumbens_basal_ganglia__M004
gtex__nucleus_accumbens_basa...6        SET     210    0.0033911   0.00036375     0.071217      0.48101 gtex__nucleus_accumbens_basal_ganglia__M005
gtex__nucleus_accumbens_basa...4        SET     366    -0.056837   -0.0080133      0.05076      0.86857 gtex__nucleus_accumbens_basal_ganglia__M003
gtex__putamen_basal_ganglia_...1        SET   11495     0.036935     0.017759     0.015756    0.0095402 gtex__putamen_basal_ganglia__M000
gtex__putamen_basal_ganglia_...7        SET      65      0.11539     0.006914      0.11375      0.15519 gtex__putamen_basal_ganglia__M006
gtex__putamen_basal_ganglia_...2        SET    1144    -0.011354   -0.0027671      0.02982      0.64831 gtex__putamen_basal_ganglia__M001
gtex__putamen_basal_ganglia_...5        SET     257   -0.0018378  -0.00021779     0.063002      0.51164 gtex__putamen_basal_ganglia__M004
gtex__putamen_basal_ganglia_...4        SET     274      0.06397    0.0078239     0.058623       0.1376 gtex__putamen_basal_ganglia__M003
gtex__putamen_basal_ganglia_...3        SET     437    -0.026591   -0.0040884     0.047725      0.71129 gtex__putamen_basal_ganglia__M002
gtex__putamen_basal_ganglia_...6        SET      53    -0.037804   -0.0020461      0.13215      0.61259 gtex__putamen_basal_ganglia__M005
gtex__spinal_cord_cervical_c...1        SET   10776     0.041156     0.020185     0.015262    0.0035051 gtex__spinal_cord_cervical_c_1__M000
gtex__spinal_cord_cervical_c...2        SET    1009   -0.0024518   -0.0005634     0.031376      0.53114 gtex__spinal_cord_cervical_c_1__M001
gtex__spinal_cord_cervical_c...4        SET     621     0.036044    0.0065716     0.040892      0.18904 gtex__spinal_cord_cervical_c_1__M003
gtex__spinal_cord_cervical_c...3        SET    1046     0.015768    0.0036853     0.031607      0.30893 gtex__spinal_cord_cervical_c_1__M002
gtex__spinal_cord_cervical_c...6        SET     131     -0.11004   -0.0093432     0.080497      0.91418 gtex__spinal_cord_cervical_c_1__M005
gtex__spinal_cord_cervical_c...5        SET     287    -0.046037   -0.0057605     0.058407      0.78471 gtex__spinal_cord_cervical_c_1__M004
gtex__spinal_cord_cervical_c...7        SET      78     0.063552      0.00417      0.11787      0.29489 gtex__spinal_cord_cervical_c_1__M006
gtex__substantia_nigra__M000            SET    8516     0.027186     0.013572     0.014578     0.031112 gtex__substantia_nigra__M000
gtex__substantia_nigra__M004            SET     544   -0.0034137  -0.00058381     0.042258      0.53219 gtex__substantia_nigra__M004
gtex__substantia_nigra__M001            SET    2652     0.027679    0.0098018     0.020314     0.086518 gtex__substantia_nigra__M001
gtex__substantia_nigra__M002            SET     982    -0.070774    -0.016057     0.031544      0.98757 gtex__substantia_nigra__M002
gtex__substantia_nigra__M003            SET     794     0.030626    0.0062823     0.036101      0.19813 gtex__substantia_nigra__M003
gtex__substantia_nigra__M007            SET     125    -0.066021   -0.0054767     0.084794      0.78189 gtex__substantia_nigra__M007
gtex__substantia_nigra__M005            SET     136     -0.10656   -0.0092178     0.087314      0.88885 gtex__substantia_nigra__M005
gtex__substantia_nigra__M006            SET      79     0.029212    0.0019289      0.11223      0.39733 gtex__substantia_nigra__M006
brainseq__caudate__M000                 SET    3213   -0.0086041    -0.003292     0.017993      0.68374 brainseq__caudate__M000
brainseq__caudate__M015                 SET      10     -0.06201   -0.0014596       0.2988       0.5822 brainseq__caudate__M015
brainseq__caudate__M002                 SET    1073     0.046159     0.010918     0.029853      0.06104 brainseq__caudate__M002
brainseq__caudate__M004                 SET    1201    -0.002006  -0.00050008     0.028691      0.52787 brainseq__caudate__M004
brainseq__caudate__M005                 SET     559     -0.04512   -0.0078187      0.04156      0.86118 brainseq__caudate__M005
brainseq__caudate__M013                 SET     151      0.12502      0.01139     0.066886     0.030811 brainseq__caudate__M013
brainseq__caudate__M014                 SET     150     0.070889    0.0064373     0.073057      0.16595 brainseq__caudate__M014
brainseq__caudate__M001                 SET    2562     0.014205    0.0049586     0.019866       0.2373 brainseq__caudate__M001
brainseq__caudate__M003                 SET    1286     0.065867     0.016948     0.027398    0.0081118 brainseq__caudate__M003
brainseq__caudate__M019                 SET      72    -0.099874   -0.0062972      0.10448      0.83044 brainseq__caudate__M019
brainseq__caudate__M008                 SET     267     0.046205    0.0055795      0.06046      0.22237 brainseq__caudate__M008
brainseq__caudate__M016                 SET     103     -0.11429   -0.0086114      0.09548      0.88434 brainseq__caudate__M016
brainseq__caudate__M009                 SET     299     0.067445    0.0086109     0.053592      0.10412 brainseq__caudate__M009
brainseq__caudate__M007                 SET     312    -0.026724    -0.003484     0.052833       0.6935 brainseq__caudate__M007
brainseq__caudate__M018                 SET      55    -0.044582    -0.002458      0.12018      0.64467 brainseq__caudate__M018
brainseq__caudate__M011                 SET     244    -0.069207   -0.0079944     0.065151      0.85593 brainseq__caudate__M011
brainseq__caudate__M010                 SET     250    -0.018522   -0.0021653      0.06232      0.61684 brainseq__caudate__M010
brainseq__caudate__M006                 SET     548   -0.0056483   -0.0009694     0.040527      0.55542 brainseq__caudate__M006
brainseq__caudate__M017                 SET      81     -0.17234    -0.011522     0.096548      0.96286 brainseq__caudate__M017
brainseq__caudate__M012                 SET     166     0.057844    0.0055233     0.077929      0.22897 brainseq__caudate__M012
brainseq__hippocampus__M000             SET   10199     0.041698      0.02067     0.014872    0.0025281 brainseq__hippocampus__M000
brainseq__hippocampus__M008             SET     147    -0.063732   -0.0057297     0.082619      0.77976 brainseq__hippocampus__M008
brainseq__hippocampus__M001             SET     889     0.029392    0.0063622     0.034528      0.19732 brainseq__hippocampus__M001
brainseq__hippocampus__M002             SET    1034    -0.023897   -0.0055549     0.031082        0.779 brainseq__hippocampus__M002
brainseq__hippocampus__M004             SET     467    -0.011336   -0.0018001     0.044035      0.60157 brainseq__hippocampus__M004
brainseq__hippocampus__M003             SET     447     -0.03859    -0.005999     0.048234      0.78816 brainseq__hippocampus__M003
brainseq__hippocampus__M006             SET     267     -0.19213      -0.0232     0.060768      0.99921 brainseq__hippocampus__M006
brainseq__hippocampus__M005             SET     202    -0.017343   -0.0018249     0.071138       0.5963 brainseq__hippocampus__M005
brainseq__hippocampus__M007             SET     109     -0.14845    -0.011505      0.10228      0.92666 brainseq__hippocampus__M007
brainseq__dlpfc__M002                   SET    1334     0.016199    0.0042391     0.026797      0.27276 brainseq__dlpfc__M002
brainseq__dlpfc__M000                   SET     867   -0.0091836   -0.0019643     0.032819      0.61019 brainseq__dlpfc__M000
brainseq__dlpfc__M005                   SET    1065    -0.008464   -0.0019949     0.028417      0.61709 brainseq__dlpfc__M005
brainseq__dlpfc__M014                   SET     254      0.13569     0.015987     0.063547     0.016378 brainseq__dlpfc__M014
brainseq__dlpfc__M004                   SET    1178     0.049009     0.012108     0.028948     0.045234 brainseq__dlpfc__M004
brainseq__dlpfc__M011                   SET     418  -0.00059976  -9.0234e-05     0.046524      0.50514 brainseq__dlpfc__M011
brainseq__dlpfc__M008                   SET     619    -0.018993   -0.0034574     0.035216      0.70517 brainseq__dlpfc__M008
brainseq__dlpfc__M006                   SET    1157     0.029084    0.0071255     0.028305       0.1521 brainseq__dlpfc__M006
brainseq__dlpfc__M010                   SET     511    -0.010927   -0.0018129     0.043285      0.59965 brainseq__dlpfc__M010
brainseq__dlpfc__M009                   SET     239   -0.0086913  -0.00099376     0.058667      0.55889 brainseq__dlpfc__M009
brainseq__dlpfc__M015                   SET     348    0.0094687    0.0013024     0.045993      0.41845 brainseq__dlpfc__M015
brainseq__dlpfc__M001                   SET    1670    0.0023884   0.00069226     0.024127      0.46057 brainseq__dlpfc__M001
brainseq__dlpfc__M003                   SET    1214     0.032396    0.0081165      0.02972      0.13785 brainseq__dlpfc__M003
brainseq__dlpfc__M012                   SET     380     0.015536    0.0022309     0.051851      0.38224 brainseq__dlpfc__M012
brainseq__dlpfc__M016                   SET     277    -0.042131   -0.0051805     0.052642      0.78823 brainseq__dlpfc__M016
brainseq__dlpfc__M018                   SET     136       0.0222    0.0019203     0.078316      0.38841 brainseq__dlpfc__M018
brainseq__dlpfc__M013                   SET     333    0.0085463    0.0011504     0.053482      0.43652 brainseq__dlpfc__M013
brainseq__dlpfc__M007                   SET     648   0.00027554   5.1277e-05     0.037145      0.49704 brainseq__dlpfc__M007
brainseq__dlpfc__M020                   SET      62    -0.045245    -0.002648      0.11167      0.65732 brainseq__dlpfc__M020
brainseq__dlpfc__M017                   SET     137     0.039638    0.0034412     0.081884      0.31417 brainseq__dlpfc__M017
brainseq__dlpfc__M019                   SET      62    -0.080057   -0.0046853      0.11902      0.74941 brainseq__dlpfc__M019
brainseq__dlpfc__M021                   SET     104      0.03145    0.0023811      0.10146      0.37829 brainseq__dlpfc__M021
brainseq__caudate_sczd__M002            SET    1776   -0.0035481   -0.0010571     0.022845      0.56171 brainseq__caudate_sczd__M002
brainseq__caudate_sczd__M000            SET    1996    0.0078324     0.002457     0.021884      0.36021 brainseq__caudate_sczd__M000
brainseq__caudate_sczd__M009            SET     272    0.0047848    0.0005831     0.059569      0.46799 brainseq__caudate_sczd__M009
brainseq__caudate_sczd__M017            SET      15     0.072645    0.0020939      0.22646      0.37419 brainseq__caudate_sczd__M017
brainseq__caudate_sczd__M004            SET     985     0.030984    0.0070397     0.031252      0.16075 brainseq__caudate_sczd__M004
brainseq__caudate_sczd__M003            SET    1126     0.052628     0.012732     0.028689     0.033301 brainseq__caudate_sczd__M003
brainseq__caudate_sczd__M006            SET     527    -0.062132    -0.010463     0.042702      0.92716 brainseq__caudate_sczd__M006
brainseq__caudate_sczd__M016            SET     178     0.018572    0.0018357     0.062146      0.38253 brainseq__caudate_sczd__M016
brainseq__caudate_sczd__M018            SET     142     0.097156     0.008586     0.075093     0.097874 brainseq__caudate_sczd__M018
brainseq__caudate_sczd__M001            SET    2520     0.022237     0.007709     0.020047      0.13367 brainseq__caudate_sczd__M001
brainseq__caudate_sczd__M020            SET     115    -0.022307   -0.0017754     0.081216      0.60821 brainseq__caudate_sczd__M020
brainseq__caudate_sczd__M011            SET     195    -0.023921   -0.0024736     0.071842      0.63042 brainseq__caudate_sczd__M011
brainseq__caudate_sczd__M012            SET     194     0.016257    0.0016768     0.070507      0.40882 brainseq__caudate_sczd__M012
brainseq__caudate_sczd__M007            SET     499    -0.031079    -0.005097     0.043641      0.76181 brainseq__caudate_sczd__M007
brainseq__caudate_sczd__M008            SET     375       0.1005     0.014339     0.049355     0.020867 brainseq__caudate_sczd__M008
brainseq__caudate_sczd__M014            SET     203    -0.018867   -0.0019902     0.064912      0.61434 brainseq__caudate_sczd__M014
brainseq__caudate_sczd__M019            SET     128   -0.0028397  -0.00023836     0.085415      0.51326 brainseq__caudate_sczd__M019
brainseq__caudate_sczd__M015            SET     180    -0.088071   -0.0087535     0.061894      0.92261 brainseq__caudate_sczd__M015
brainseq__caudate_sczd__M010            SET     241    -0.036953   -0.0042426     0.064682       0.7161 brainseq__caudate_sczd__M010
brainseq__caudate_sczd__M005            SET    1233    -0.002754  -0.00069498     0.027851      0.53939 brainseq__caudate_sczd__M005
brainseq__caudate_sczd__M013            SET     162     -0.10141   -0.0095667     0.068036      0.93194 brainseq__caudate_sczd__M013
brainseq__caudate_sczd__M021            SET     114     0.017513    0.0013878     0.092408      0.42484 brainseq__caudate_sczd__M021
