# MEAN_SAMPLE_SIZE = 105318
# TOTAL_GENES = 17497
# TEST_DIRECTION = one-sided, positive (set), two-sided (covar)
# CONDITIONED_INTERNAL = gene size, gene density, inverse mac, log(gene size), log(gene density), log(inverse mac)
VARIABLE                               TYPE  NGENES         BETA     BETA_STD           SE            P FULL_NAME
gtex__amygdala__M000                    SET     558       0.2182      0.03834      0.04408   3.7487e-07 gtex__amygdala__M000
gtex__amygdala__M001                    SET     453      0.16187     0.025706     0.048096   0.00038296 gtex__amygdala__M001
gtex__amygdala__M002                    SET     353     0.095455     0.013421     0.050958     0.030528 gtex__amygdala__M002
gtex__amygdala__M003                    SET     237    -0.049703   -0.0057455     0.066444      0.77278 gtex__amygdala__M003
gtex__amygdala__M004                    SET     218     0.028511    0.0031627     0.064211      0.32852 gtex__amygdala__M004
gtex__amygdala__M005                    SET     262      0.14189     0.017233     0.060815    0.0098244 gtex__amygdala__M005
gtex__amygdala__M006                    SET     183     -0.14997    -0.015257     0.078517      0.97192 gtex__amygdala__M006
gtex__amygdala__M007                    SET     145    -0.037619   -0.0034105     0.080197      0.68049 gtex__amygdala__M007
gtex__amygdala__M008                    SET     132    -0.089166   -0.0077157     0.090423      0.83795 gtex__amygdala__M008
gtex__amygdala__M009                    SET     116      0.12761     0.010356     0.090449     0.079162 gtex__amygdala__M009
gtex__amygdala__M010                    SET     115     0.046072    0.0037229     0.096341      0.31625 gtex__amygdala__M010
gtex__amygdala__M011                    SET      92     -0.10339   -0.0074778     0.095954      0.85937 gtex__amygdala__M011
gtex__amygdala__M012                    SET      93     0.057663    0.0041929      0.10246      0.28679 gtex__amygdala__M012
gtex__amygdala__M013                    SET      61    -0.035436   -0.0020887      0.13163      0.60611 gtex__amygdala__M013
gtex__amygdala__M014                    SET      55     0.069954     0.003916        0.115       0.2715 gtex__amygdala__M014
gtex__amygdala__M015                    SET      49     -0.31871    -0.016843      0.14972      0.98335 gtex__amygdala__M015
gtex__amygdala__M016                    SET      28      0.24784    0.0099068      0.20532      0.11371 gtex__amygdala__M016
gtex__amygdala__M017                    SET      36      0.14546    0.0065915      0.15141      0.16835 gtex__amygdala__M017
gtex__amygdala__M018                    SET      31     0.098032    0.0041228       0.1725      0.28492 gtex__amygdala__M018
gtex__amygdala__M019                    SET      27      0.27397     0.010754      0.17665     0.060474 gtex__amygdala__M019
gtex__amygdala__M020                    SET      29     -0.17845   -0.0072591       0.1765        0.844 gtex__amygdala__M020
gtex__amygdala__M021                    SET      28     -0.23541   -0.0094099      0.18357      0.90014 gtex__amygdala__M021
gtex__amygdala__M022                    SET      20    0.0084409   0.00028522      0.22535      0.48506 gtex__amygdala__M022
gtex__amygdala__M023                    SET      21      0.30004     0.010389       0.2228     0.089053 gtex__amygdala__M023
gtex__amygdala__M024                    SET      18      0.23345     0.007484      0.22023      0.14457 gtex__amygdala__M024
gtex__amygdala__M025                    SET      10       0.6689     0.015987      0.31874     0.017935 gtex__amygdala__M025
gtex__amygdala__M026                    SET      16     0.041993    0.0012693      0.27044       0.4383 gtex__amygdala__M026
gtex__amygdala__M027                    SET      13      0.29489    0.0080354      0.32027       0.1786 gtex__amygdala__M027
gtex__amygdala__M028                    SET      15      0.34213     0.010013      0.25933     0.093549 gtex__amygdala__M028
gtex__anterior_cingulate_cor...1        SET     467     0.094295     0.015199     0.046444     0.021171 gtex__anterior_cingulate_cortex_ba24__M000
gtex__anterior_cingulate_cor...2        SET     372    -0.095537    -0.013782      0.05408      0.96134 gtex__anterior_cingulate_cortex_ba24__M001
gtex__anterior_cingulate_cor...3        SET     265     0.056838    0.0069419     0.064718      0.18991 gtex__anterior_cingulate_cortex_ba24__M002
gtex__anterior_cingulate_cor...4        SET     335      0.18035     0.024716     0.056121   0.00065663 gtex__anterior_cingulate_cortex_ba24__M003
gtex__anterior_cingulate_cor...5        SET     253     0.046393    0.0055384     0.060397      0.22121 gtex__anterior_cingulate_cortex_ba24__M004
gtex__anterior_cingulate_cor...6        SET     223   -0.0097166     -0.00109      0.06706       0.5576 gtex__anterior_cingulate_cortex_ba24__M005
gtex__anterior_cingulate_cor...7        SET     218    0.0088726   0.00098421     0.066952      0.44729 gtex__anterior_cingulate_cortex_ba24__M006
gtex__anterior_cingulate_cor...8        SET     149     0.074271    0.0068247     0.082162      0.18302 gtex__anterior_cingulate_cortex_ba24__M007
gtex__anterior_cingulate_cor...9        SET     183     0.020456    0.0020811     0.070398      0.38569 gtex__anterior_cingulate_cortex_ba24__M008
gtex__anterior_cingulate_cor...10       SET     205      0.12704      0.01367     0.070961     0.036719 gtex__anterior_cingulate_cortex_ba24__M009
gtex__anterior_cingulate_cor...11       SET     168      0.15889     0.015495     0.068784     0.010449 gtex__anterior_cingulate_cortex_ba24__M010
gtex__anterior_cingulate_cor...12       SET     136      0.05894    0.0051763     0.085714      0.24585 gtex__anterior_cingulate_cortex_ba24__M011
gtex__anterior_cingulate_cor...13       SET     136     0.075768    0.0066541      0.07796      0.16556 gtex__anterior_cingulate_cortex_ba24__M012
gtex__anterior_cingulate_cor...14       SET     141      0.12828      0.01147     0.081263     0.057223 gtex__anterior_cingulate_cortex_ba24__M013
gtex__anterior_cingulate_cor...15       SET     118      0.13107     0.010728     0.095973     0.086018 gtex__anterior_cingulate_cortex_ba24__M014
gtex__anterior_cingulate_cor...16       SET      89     0.024307    0.0017292      0.10864      0.41148 gtex__anterior_cingulate_cortex_ba24__M015
gtex__anterior_cingulate_cor...17       SET     118      0.16748     0.013708     0.088679     0.029482 gtex__anterior_cingulate_cortex_ba24__M016
gtex__anterior_cingulate_cor...18       SET      97     0.091072    0.0067623      0.10037      0.18211 gtex__anterior_cingulate_cortex_ba24__M017
gtex__anterior_cingulate_cor...19       SET     100      0.25832     0.019474     0.093904    0.0029745 gtex__anterior_cingulate_cortex_ba24__M018
gtex__anterior_cingulate_cor...20       SET      74    -0.075965   -0.0049299      0.11579      0.74411 gtex__anterior_cingulate_cortex_ba24__M019
gtex__anterior_cingulate_cor...21       SET      57    0.0083408    0.0004753      0.13233      0.47487 gtex__anterior_cingulate_cortex_ba24__M020
gtex__anterior_cingulate_cor...22       SET      71     0.086424    0.0054943      0.14299      0.27278 gtex__anterior_cingulate_cortex_ba24__M021
gtex__anterior_cingulate_cor...23       SET      65      0.33168     0.020179      0.12785    0.0047421 gtex__anterior_cingulate_cortex_ba24__M022
gtex__anterior_cingulate_cor...24       SET      50      0.20783     0.011095      0.13362     0.059934 gtex__anterior_cingulate_cortex_ba24__M023
gtex__anterior_cingulate_cor...25       SET      56      0.11796    0.0066629      0.13763      0.19571 gtex__anterior_cingulate_cortex_ba24__M024
gtex__anterior_cingulate_cor...26       SET      45      0.11584    0.0058673      0.14561      0.21314 gtex__anterior_cingulate_cortex_ba24__M025
gtex__anterior_cingulate_cor...27       SET      53    -0.054725   -0.0030074      0.13564      0.65669 gtex__anterior_cingulate_cortex_ba24__M026
gtex__anterior_cingulate_cor...28       SET      46     0.035544    0.0018201      0.13418      0.39555 gtex__anterior_cingulate_cortex_ba24__M027
gtex__anterior_cingulate_cor...29       SET      29      0.22968    0.0093431      0.16372     0.080332 gtex__anterior_cingulate_cortex_ba24__M028
gtex__anterior_cingulate_cor...30       SET      31       0.2508     0.010548      0.18952      0.09287 gtex__anterior_cingulate_cortex_ba24__M029
gtex__anterior_cingulate_cor...31       SET      27      0.11789    0.0046275      0.18236        0.259 gtex__anterior_cingulate_cortex_ba24__M030
gtex__anterior_cingulate_cor...32       SET      25      0.13197    0.0049852      0.20994       0.2648 gtex__anterior_cingulate_cortex_ba24__M031
gtex__anterior_cingulate_cor...33       SET      17     0.041374     0.001289      0.22353      0.42658 gtex__anterior_cingulate_cortex_ba24__M032
gtex__anterior_cingulate_cor...34       SET      13     -0.32212   -0.0087771      0.31036      0.85033 gtex__anterior_cingulate_cortex_ba24__M033
gtex__anterior_cingulate_cor...35       SET      16     0.015692   0.00047432      0.21228      0.47054 gtex__anterior_cingulate_cortex_ba24__M034
gtex__caudate_basal_ganglia_...1        SET     730     0.075573     0.015111     0.037925     0.023157 gtex__caudate_basal_ganglia__M000
gtex__caudate_basal_ganglia_...2        SET     391     0.063677    0.0094122     0.051648      0.10882 gtex__caudate_basal_ganglia__M001
gtex__caudate_basal_ganglia_...3        SET     292     -0.10435    -0.013368     0.061532      0.95503 gtex__caudate_basal_ganglia__M002
gtex__caudate_basal_ganglia_...4        SET     306     0.090667     0.011885     0.055974     0.052648 gtex__caudate_basal_ganglia__M003
gtex__caudate_basal_ganglia_...5        SET     296      0.07036    0.0090739     0.059332      0.11785 gtex__caudate_basal_ganglia__M004
gtex__caudate_basal_ganglia_...6        SET     189     0.078254    0.0080892       0.0729      0.14155 gtex__caudate_basal_ganglia__M005
gtex__caudate_basal_ganglia_...7        SET     149      0.13797     0.012678     0.090496      0.06369 gtex__caudate_basal_ganglia__M006
gtex__caudate_basal_ganglia_...8        SET     232     0.046513    0.0053205     0.062024      0.22666 gtex__caudate_basal_ganglia__M007
gtex__caudate_basal_ganglia_...9        SET     146     0.054507    0.0049584     0.082574       0.2546 gtex__caudate_basal_ganglia__M008
gtex__caudate_basal_ganglia_...10       SET     166     -0.17693    -0.017152     0.083146      0.98332 gtex__caudate_basal_ganglia__M009
gtex__caudate_basal_ganglia_...11       SET     141     0.079591    0.0071162     0.082104      0.16618 gtex__caudate_basal_ganglia__M010
gtex__caudate_basal_ganglia_...12       SET     139   0.00039958   3.5474e-05     0.093959       0.4983 gtex__caudate_basal_ganglia__M011
gtex__caudate_basal_ganglia_...13       SET     117     0.095768    0.0078052     0.093187      0.15206 gtex__caudate_basal_ganglia__M012
gtex__caudate_basal_ganglia_...14       SET     124      0.15988     0.013412     0.086638     0.032503 gtex__caudate_basal_ganglia__M013
gtex__caudate_basal_ganglia_...15       SET     106     0.053671    0.0041649     0.091443      0.27863 gtex__caudate_basal_ganglia__M014
gtex__caudate_basal_ganglia_...16       SET      94      0.20521     0.015001     0.097575     0.017737 gtex__caudate_basal_ganglia__M015
gtex__caudate_basal_ganglia_...17       SET     113    -0.035162   -0.0028166     0.089234      0.65322 gtex__caudate_basal_ganglia__M016
gtex__caudate_basal_ganglia_...18       SET     111     0.088194    0.0070025      0.09653      0.18046 gtex__caudate_basal_ganglia__M017
gtex__caudate_basal_ganglia_...19       SET     106      0.21789     0.016908     0.083571    0.0045682 gtex__caudate_basal_ganglia__M018
gtex__caudate_basal_ganglia_...20       SET      81     0.059303    0.0040257      0.10334      0.28304 gtex__caudate_basal_ganglia__M019
gtex__caudate_basal_ganglia_...21       SET      73     0.033916    0.0021862      0.12201      0.39052 gtex__caudate_basal_ganglia__M020
gtex__caudate_basal_ganglia_...22       SET      66     -0.01541  -0.00094471      0.11945      0.55132 gtex__caudate_basal_ganglia__M021
gtex__caudate_basal_ganglia_...23       SET      56     -0.05738   -0.0032411      0.12747      0.67369 gtex__caudate_basal_ganglia__M022
gtex__caudate_basal_ganglia_...24       SET      50     -0.17126   -0.0091422       0.1317      0.90325 gtex__caudate_basal_ganglia__M023
gtex__caudate_basal_ganglia_...25       SET      62     0.038803    0.0023058      0.11387      0.36664 gtex__caudate_basal_ganglia__M024
gtex__caudate_basal_ganglia_...26       SET      63      0.38827     0.023257      0.13038    0.0014533 gtex__caudate_basal_ganglia__M025
gtex__caudate_basal_ganglia_...27       SET      64    -0.079672   -0.0048099      0.11967      0.74721 gtex__caudate_basal_ganglia__M026
gtex__caudate_basal_ganglia_...28       SET      54      0.23373     0.012965      0.12849     0.034467 gtex__caudate_basal_ganglia__M027
gtex__caudate_basal_ganglia_...29       SET      55      0.10851    0.0060741      0.13735      0.21478 gtex__caudate_basal_ganglia__M028
gtex__caudate_basal_ganglia_...30       SET      42     -0.15784   -0.0077243      0.16222      0.83472 gtex__caudate_basal_ganglia__M029
gtex__caudate_basal_ganglia_...31       SET      36     -0.23783    -0.010777      0.18322      0.90286 gtex__caudate_basal_ganglia__M030
gtex__caudate_basal_ganglia_...32       SET      38     0.086207    0.0040132      0.15516      0.28925 gtex__caudate_basal_ganglia__M031
gtex__caudate_basal_ganglia_...33       SET      26    -0.016114  -0.00062073      0.17112      0.53751 gtex__caudate_basal_ganglia__M032
gtex__caudate_basal_ganglia_...34       SET      19    -0.086537   -0.0028502      0.22145      0.65201 gtex__caudate_basal_ganglia__M033
gtex__caudate_basal_ganglia_...35       SET      19      0.16698    0.0054997      0.22288      0.22687 gtex__caudate_basal_ganglia__M034
gtex__caudate_basal_ganglia_...36       SET      17     -0.23738   -0.0073958      0.20976      0.87111 gtex__caudate_basal_ganglia__M035
gtex__cerebellar_hemisphere_...1        SET     681     0.064565     0.012488     0.039056     0.049161 gtex__cerebellar_hemisphere__M000
gtex__cerebellar_hemisphere_...2        SET     588      0.15384     0.027725     0.039923   5.8437e-05 gtex__cerebellar_hemisphere__M001
gtex__cerebellar_hemisphere_...3        SET     371      0.11031     0.015892     0.051871     0.016735 gtex__cerebellar_hemisphere__M002
gtex__cerebellar_hemisphere_...4        SET     459    -0.092125    -0.014725     0.051895      0.96206 gtex__cerebellar_hemisphere__M003
gtex__cerebellar_hemisphere_...5        SET     359     0.064773    0.0091827     0.051162      0.10276 gtex__cerebellar_hemisphere__M004
gtex__cerebellar_hemisphere_...6        SET     245     0.070259    0.0082557     0.063358      0.13374 gtex__cerebellar_hemisphere__M005
gtex__cerebellar_hemisphere_...7        SET     240     -0.01481   -0.0017227     0.066061      0.58869 gtex__cerebellar_hemisphere__M006
gtex__cerebellar_hemisphere_...8        SET     201   -0.0058066  -0.00061878     0.063007      0.53671 gtex__cerebellar_hemisphere__M007
gtex__cerebellar_hemisphere_...9        SET     174     0.015097    0.0014981     0.068681      0.41301 gtex__cerebellar_hemisphere__M008
gtex__cerebellar_hemisphere_...10       SET     126        0.066    0.0055807     0.090421      0.23273 gtex__cerebellar_hemisphere__M009
gtex__cerebellar_hemisphere_...11       SET     146      0.24768     0.022531     0.082484    0.0013398 gtex__cerebellar_hemisphere__M010
gtex__cerebellar_hemisphere_...12       SET      94    -0.035204   -0.0025734     0.090477      0.65139 gtex__cerebellar_hemisphere__M011
gtex__cerebellar_hemisphere_...13       SET      73     0.051608    0.0033266      0.12476      0.33956 gtex__cerebellar_hemisphere__M012
gtex__cerebellar_hemisphere_...14       SET      55     -0.12137    -0.006794       0.1192       0.8457 gtex__cerebellar_hemisphere__M013
gtex__cerebellar_hemisphere_...15       SET      50     0.063805     0.003406      0.12376      0.30308 gtex__cerebellar_hemisphere__M014
gtex__cerebellar_hemisphere_...16       SET      34     -0.13658    -0.006015       0.1525      0.81477 gtex__cerebellar_hemisphere__M015
gtex__cerebellar_hemisphere_...17       SET      47     0.099776    0.0051644      0.13877      0.23607 gtex__cerebellar_hemisphere__M016
gtex__cerebellar_hemisphere_...18       SET      32      0.22796    0.0097402      0.15618     0.072216 gtex__cerebellar_hemisphere__M017
gtex__cerebellar_hemisphere_...19       SET      34     0.022766    0.0010026      0.17727      0.44891 gtex__cerebellar_hemisphere__M018
gtex__cerebellar_hemisphere_...20       SET      30      0.01324   0.00054777      0.18382      0.47129 gtex__cerebellar_hemisphere__M019
gtex__cerebellar_hemisphere_...21       SET      27      0.21206    0.0083239      0.19129      0.13382 gtex__cerebellar_hemisphere__M020
gtex__cerebellar_hemisphere_...22       SET      26     0.071843    0.0027674      0.19346      0.35519 gtex__cerebellar_hemisphere__M021
gtex__cerebellar_hemisphere_...23       SET      23    -0.090343   -0.0032734      0.18843      0.68419 gtex__cerebellar_hemisphere__M022
gtex__cerebellar_hemisphere_...24       SET      25     -0.24586    -0.009287      0.19655       0.8945 gtex__cerebellar_hemisphere__M023
gtex__cerebellar_hemisphere_...25       SET      18      0.21225    0.0068045      0.24567      0.19381 gtex__cerebellar_hemisphere__M024
gtex__cerebellar_hemisphere_...26       SET      16     0.014887   0.00044998      0.22997      0.47419 gtex__cerebellar_hemisphere__M025
gtex__cerebellar_hemisphere_...27       SET      19     0.077239    0.0025439      0.19497        0.346 gtex__cerebellar_hemisphere__M026
gtex__cerebellar_hemisphere_...28       SET      17       0.2535    0.0078981       0.2346      0.13996 gtex__cerebellar_hemisphere__M027
gtex__cerebellum__M000                  SET     296      0.17354      0.02238     0.055746   0.00092755 gtex__cerebellum__M000
gtex__cerebellum__M001                  SET     234     0.075958    0.0087255     0.065542      0.12325 gtex__cerebellum__M001
gtex__cerebellum__M002                  SET     182     -0.17309    -0.017562     0.081372      0.98329 gtex__cerebellum__M002
gtex__cerebellum__M003                  SET     145      0.26438     0.023968     0.080574   0.00051787 gtex__cerebellum__M003
gtex__cerebellum__M004                  SET     126      0.12316     0.010414     0.084488     0.072465 gtex__cerebellum__M004
gtex__cerebellum__M005                  SET     103     0.059862    0.0045795     0.096475      0.26747 gtex__cerebellum__M005
gtex__cerebellum__M006                  SET     102     0.041873    0.0031878      0.10022      0.33805 gtex__cerebellum__M006
gtex__cerebellum__M007                  SET      90      0.13904    0.0099468       0.1143       0.1119 gtex__cerebellum__M007
gtex__cerebellum__M008                  SET      92      0.17592     0.012723     0.099366     0.038341 gtex__cerebellum__M008
gtex__cerebellum__M009                  SET      84      0.02209    0.0015269      0.11223      0.42198 gtex__cerebellum__M009
gtex__cerebellum__M010                  SET      74     0.045453    0.0029497      0.12966      0.36296 gtex__cerebellum__M010
gtex__cerebellum__M011                  SET      74      0.10905     0.007077      0.10386      0.14687 gtex__cerebellum__M011
gtex__cerebellum__M012                  SET      78       0.3667      0.02443      0.11973    0.0010983 gtex__cerebellum__M012
gtex__cerebellum__M013                  SET      59      0.12096    0.0070124      0.13145      0.17874 gtex__cerebellum__M013
gtex__cerebellum__M014                  SET      64      0.11292    0.0068169      0.11911      0.17158 gtex__cerebellum__M014
gtex__cerebellum__M015                  SET      61      0.23718      0.01398      0.12895     0.032943 gtex__cerebellum__M015
gtex__cerebellum__M016                  SET      52    -0.051247   -0.0027897      0.13584        0.647 gtex__cerebellum__M016
gtex__cerebellum__M017                  SET      37     -0.18982   -0.0087201      0.15603      0.88811 gtex__cerebellum__M017
gtex__cerebellum__M018                  SET      34     0.023074    0.0010162      0.18373      0.45003 gtex__cerebellum__M018
gtex__cerebellum__M019                  SET      21     -0.33587    -0.011629      0.23876      0.92024 gtex__cerebellum__M019
gtex__cerebellum__M020                  SET      22     -0.24462   -0.0086689      0.19047      0.90048 gtex__cerebellum__M020
gtex__cerebellum__M021                  SET      25     0.098378    0.0037161      0.19078      0.30304 gtex__cerebellum__M021
gtex__cerebellum__M022                  SET      19     0.029593   0.00097467      0.23499      0.44989 gtex__cerebellum__M022
gtex__cerebellum__M023                  SET      18     -0.17043   -0.0054639      0.22003      0.78071 gtex__cerebellum__M023
gtex__cerebellum__M024                  SET      18     -0.11273   -0.0036141      0.21799      0.69747 gtex__cerebellum__M024
gtex__cerebellum__M025                  SET      21      0.17196     0.005954      0.21694        0.214 gtex__cerebellum__M025
gtex__cerebellum__M026                  SET      15     -0.15728   -0.0046031      0.26331      0.72485 gtex__cerebellum__M026
gtex__cerebellum__M027                  SET      18     0.057108    0.0018308      0.25636      0.41186 gtex__cerebellum__M027
gtex__cortex__M000                      SET     285     0.012948     0.001639     0.056607      0.40954 gtex__cortex__M000
gtex__cortex__M001                      SET     174     -0.11419    -0.011331     0.080322      0.92243 gtex__cortex__M001
gtex__cortex__M002                      SET     119      0.19457     0.015992      0.09471     0.019977 gtex__cortex__M002
gtex__cortex__M003                      SET     141      0.15819     0.014144     0.082055     0.026946 gtex__cortex__M003
gtex__cortex__M004                      SET     143      0.18963     0.017074     0.082149     0.010495 gtex__cortex__M004
gtex__cortex__M005                      SET     124      0.30552     0.025629     0.082525   0.00010724 gtex__cortex__M005
gtex__cortex__M006                      SET     128       0.2528     0.021544     0.085593     0.001573 gtex__cortex__M006
gtex__cortex__M007                      SET      89      0.20981     0.014926      0.11344     0.032198 gtex__cortex__M007
gtex__cortex__M008                      SET     101     0.079163    0.0059973     0.091841      0.19436 gtex__cortex__M008
gtex__cortex__M009                      SET      68     0.026751    0.0016645       0.1167      0.40934 gtex__cortex__M009
gtex__cortex__M010                      SET      46    -0.092643   -0.0047441      0.15447      0.72566 gtex__cortex__M010
gtex__cortex__M011                      SET      49    -0.037944   -0.0020052      0.14066      0.60632 gtex__cortex__M011
gtex__cortex__M012                      SET      81     -0.11095   -0.0075318      0.11423       0.8343 gtex__cortex__M012
gtex__cortex__M013                      SET      77     0.043578    0.0028846      0.10195      0.33453 gtex__cortex__M013
gtex__cortex__M014                      SET      75    -0.033775   -0.0022066      0.11445      0.61604 gtex__cortex__M014
gtex__cortex__M015                      SET      66    -0.031083   -0.0019055      0.12161      0.60087 gtex__cortex__M015
gtex__cortex__M016                      SET      59     -0.20978    -0.012161      0.11845      0.96171 gtex__cortex__M016
gtex__cortex__M017                      SET      53    -0.048952   -0.0026901       0.1357      0.64084 gtex__cortex__M017
gtex__cortex__M018                      SET      47      0.15842    0.0081998      0.14736      0.14118 gtex__cortex__M018
gtex__cortex__M019                      SET      43      0.18644    0.0092316       0.1344     0.082695 gtex__cortex__M019
gtex__cortex__M020                      SET      40     -0.10217   -0.0048796      0.16392      0.73344 gtex__cortex__M020
gtex__cortex__M021                      SET      37     0.067426    0.0030974      0.14701      0.32324 gtex__cortex__M021
gtex__cortex__M022                      SET      34    0.0025057   0.00011035      0.17763      0.49437 gtex__cortex__M022
gtex__cortex__M023                      SET      28      0.13052    0.0052172      0.19664      0.25343 gtex__cortex__M023
gtex__cortex__M024                      SET      28     -0.29634    -0.011846      0.17981      0.95032 gtex__cortex__M024
gtex__cortex__M025                      SET      27     -0.24405   -0.0095799      0.19606      0.89338 gtex__cortex__M025
gtex__cortex__M026                      SET      29    0.0093804   0.00038158      0.16992      0.47799 gtex__cortex__M026
gtex__cortex__M027                      SET      24      0.13819    0.0051146      0.19745      0.24201 gtex__cortex__M027
gtex__cortex__M028                      SET      23     0.094706    0.0034315      0.20039      0.31825 gtex__cortex__M028
gtex__cortex__M029                      SET      12     -0.28158   -0.0073717       0.3065      0.82086 gtex__cortex__M029
gtex__cortex__M030                      SET      24      0.11379    0.0042115       0.1699      0.25151 gtex__cortex__M030
gtex__cortex__M031                      SET      18     0.038139    0.0012227      0.21683      0.43019 gtex__cortex__M031
gtex__cortex__M032                      SET      21      0.43138     0.014936      0.21114     0.020529 gtex__cortex__M032
gtex__frontal_cortex_ba9__M0...1        SET     594      0.10506     0.019026     0.042822    0.0070826 gtex__frontal_cortex_ba9__M000
gtex__frontal_cortex_ba9__M0...2        SET     437    -0.023601   -0.0036831     0.049471      0.68334 gtex__frontal_cortex_ba9__M001
gtex__frontal_cortex_ba9__M0...3        SET     385     0.063636    0.0093354     0.048271     0.093708 gtex__frontal_cortex_ba9__M002
gtex__frontal_cortex_ba9__M0...4        SET     270     0.065851     0.008117     0.062826      0.14729 gtex__frontal_cortex_ba9__M003
gtex__frontal_cortex_ba9__M0...5        SET     301    0.0013883   0.00018053     0.056662      0.49023 gtex__frontal_cortex_ba9__M004
gtex__frontal_cortex_ba9__M0...6        SET     182       0.1658     0.016822      0.07168     0.010367 gtex__frontal_cortex_ba9__M005
gtex__frontal_cortex_ba9__M0...7        SET     106    -0.072439   -0.0056213     0.098776      0.76833 gtex__frontal_cortex_ba9__M006
gtex__frontal_cortex_ba9__M0...8        SET     190     0.076449    0.0079234     0.070682      0.13972 gtex__frontal_cortex_ba9__M007
gtex__frontal_cortex_ba9__M0...9        SET     185    -0.013203   -0.0013504     0.074463      0.57036 gtex__frontal_cortex_ba9__M008
gtex__frontal_cortex_ba9__M0...10       SET     139    -0.099219   -0.0088085     0.081651      0.88784 gtex__frontal_cortex_ba9__M009
gtex__frontal_cortex_ba9__M0...11       SET     139      0.15725      0.01396     0.089826     0.040015 gtex__frontal_cortex_ba9__M010
gtex__frontal_cortex_ba9__M0...12       SET      87      -0.1005   -0.0070696      0.11181      0.81563 gtex__frontal_cortex_ba9__M011
gtex__frontal_cortex_ba9__M0...13       SET     107     0.094808    0.0073916     0.098131      0.16699 gtex__frontal_cortex_ba9__M012
gtex__frontal_cortex_ba9__M0...14       SET     102     0.054636    0.0041595     0.093851      0.28023 gtex__frontal_cortex_ba9__M013
gtex__frontal_cortex_ba9__M0...15       SET      89     0.043663    0.0031062     0.092756      0.31892 gtex__frontal_cortex_ba9__M014
gtex__frontal_cortex_ba9__M0...16       SET      87      0.10197    0.0071728     0.093526       0.1378 gtex__frontal_cortex_ba9__M015
gtex__frontal_cortex_ba9__M0...17       SET      30     -0.25493    -0.010547       0.1862      0.91451 gtex__frontal_cortex_ba9__M016
gtex__frontal_cortex_ba9__M0...18       SET      44     0.021717    0.0010877      0.16138      0.44648 gtex__frontal_cortex_ba9__M017
gtex__frontal_cortex_ba9__M0...19       SET      46     0.037038    0.0018966      0.12713       0.3854 gtex__frontal_cortex_ba9__M018
gtex__frontal_cortex_ba9__M0...20       SET      80      0.12062    0.0081378      0.10614      0.12789 gtex__frontal_cortex_ba9__M019
gtex__frontal_cortex_ba9__M0...21       SET      65      0.14151    0.0086094      0.10933     0.097772 gtex__frontal_cortex_ba9__M020
gtex__frontal_cortex_ba9__M0...22       SET      39     0.018137   0.00085533      0.17474      0.45867 gtex__frontal_cortex_ba9__M021
gtex__frontal_cortex_ba9__M0...23       SET      39     -0.11376    -0.005365      0.14117      0.78983 gtex__frontal_cortex_ba9__M022
gtex__frontal_cortex_ba9__M0...24       SET      47     -0.12968   -0.0067122       0.1494       0.8073 gtex__frontal_cortex_ba9__M023
gtex__frontal_cortex_ba9__M0...25       SET      43      0.53007     0.026246      0.15626   0.00034745 gtex__frontal_cortex_ba9__M024
gtex__frontal_cortex_ba9__M0...26       SET      40    -0.076034   -0.0036314      0.14633      0.69833 gtex__frontal_cortex_ba9__M025
gtex__frontal_cortex_ba9__M0...27       SET      39      0.45739     0.021571       0.1716    0.0038481 gtex__frontal_cortex_ba9__M026
gtex__frontal_cortex_ba9__M0...28       SET      32    -0.088223   -0.0037696      0.15874      0.71081 gtex__frontal_cortex_ba9__M027
gtex__frontal_cortex_ba9__M0...29       SET      18     -0.15981   -0.0051234      0.24954      0.73905 gtex__frontal_cortex_ba9__M028
gtex__frontal_cortex_ba9__M0...30       SET      20     -0.10675   -0.0036072      0.24761      0.66681 gtex__frontal_cortex_ba9__M029
gtex__frontal_cortex_ba9__M0...31       SET      23      0.34488     0.012496      0.19618     0.039387 gtex__frontal_cortex_ba9__M030
gtex__frontal_cortex_ba9__M0...32       SET      21        0.375     0.012984       0.2248     0.047653 gtex__frontal_cortex_ba9__M031
gtex__frontal_cortex_ba9__M0...33       SET      21    0.0055183   0.00019107      0.20973       0.4895 gtex__frontal_cortex_ba9__M032
gtex__frontal_cortex_ba9__M0...34       SET      17      0.20226    0.0063015      0.26148      0.21962 gtex__frontal_cortex_ba9__M033
gtex__frontal_cortex_ba9__M0...35       SET      18      0.14034     0.004499      0.20982      0.25181 gtex__frontal_cortex_ba9__M034
gtex__frontal_cortex_ba9__M0...36       SET      19      0.21141     0.006963      0.22948      0.17846 gtex__frontal_cortex_ba9__M035
gtex__frontal_cortex_ba9__M0...37       SET      18      0.13963    0.0044763       0.2112      0.25427 gtex__frontal_cortex_ba9__M036
gtex__frontal_cortex_ba9__M0...38       SET      15     -0.40456    -0.011841      0.24251      0.95236 gtex__frontal_cortex_ba9__M037
gtex__hippocampus__M000                 SET     815      0.14874     0.031346     0.035163   1.1745e-05 gtex__hippocampus__M000
gtex__hippocampus__M001                 SET     524      0.13099     0.022327     0.045662    0.0020637 gtex__hippocampus__M001
gtex__hippocampus__M002                 SET     340     0.022289    0.0030767     0.057637      0.34949 gtex__hippocampus__M002
gtex__hippocampus__M003                 SET     428      0.19186     0.029638     0.051013   8.4947e-05 gtex__hippocampus__M003
gtex__hippocampus__M004                 SET     344      -0.0318   -0.0044149      0.05432      0.72086 gtex__hippocampus__M004
gtex__hippocampus__M005                 SET     360     0.070207    0.0099666       0.0503     0.081404 gtex__hippocampus__M005
gtex__hippocampus__M006                 SET     268    -0.067501     -0.00829     0.063559      0.85588 gtex__hippocampus__M006
gtex__hippocampus__M007                 SET     314        0.107     0.014205     0.057166     0.030635 gtex__hippocampus__M007
gtex__hippocampus__M008                 SET     224    -0.016569   -0.0018627     0.062945      0.60381 gtex__hippocampus__M008
gtex__hippocampus__M009                 SET     185     -0.10843    -0.011091     0.075702      0.92397 gtex__hippocampus__M009
gtex__hippocampus__M010                 SET     107    -0.036054   -0.0028109      0.10681      0.63215 gtex__hippocampus__M010
gtex__hippocampus__M011                 SET     151    -0.042419   -0.0039237     0.075373       0.7132 gtex__hippocampus__M011
gtex__hippocampus__M012                 SET     123    -0.073232   -0.0061186     0.085798      0.80331 gtex__hippocampus__M012
gtex__hippocampus__M013                 SET     126      0.17664     0.014936     0.091207     0.026399 gtex__hippocampus__M013
gtex__hippocampus__M014                 SET     101     0.017306    0.0013111      0.10204      0.43266 gtex__hippocampus__M014
gtex__hippocampus__M015                 SET      48      0.04798    0.0025097      0.15736      0.38022 gtex__hippocampus__M015
gtex__hippocampus__M016                 SET      87     -0.19509    -0.013723      0.11122      0.96028 gtex__hippocampus__M016
gtex__hippocampus__M017                 SET      77     0.060669    0.0040159      0.10935      0.28952 gtex__hippocampus__M017
gtex__hippocampus__M018                 SET      65      0.25119     0.015282      0.11743     0.016222 gtex__hippocampus__M018
gtex__hippocampus__M019                 SET      61      0.12526    0.0073831      0.11286      0.13354 gtex__hippocampus__M019
gtex__hippocampus__M020                 SET      46    -0.028632   -0.0014662      0.13195       0.5859 gtex__hippocampus__M020
gtex__hippocampus__M021                 SET      49    -0.031936   -0.0016877      0.12877      0.59794 gtex__hippocampus__M021
gtex__hippocampus__M022                 SET      48     0.080109    0.0041902      0.13933      0.28267 gtex__hippocampus__M022
gtex__hippocampus__M023                 SET      38    -0.093318   -0.0043442      0.16424      0.71504 gtex__hippocampus__M023
gtex__hippocampus__M024                 SET      41      0.14104    0.0068194      0.16062      0.18995 gtex__hippocampus__M024
gtex__hippocampus__M025                 SET      42      0.27609     0.013511      0.14712     0.030297 gtex__hippocampus__M025
gtex__hippocampus__M026                 SET      41   -0.0034121  -0.00016498      0.15342      0.50887 gtex__hippocampus__M026
gtex__hippocampus__M027                 SET      35      0.13106     0.005856      0.16768      0.21723 gtex__hippocampus__M027
gtex__hippocampus__M028                 SET      31    -0.068542   -0.0028826      0.16965      0.65689 gtex__hippocampus__M028
gtex__hippocampus__M029                 SET      40    -0.057758   -0.0027585      0.15497      0.64531 gtex__hippocampus__M029
gtex__hippocampus__M030                 SET      35    -0.060424   -0.0026998      0.16758      0.64079 gtex__hippocampus__M030
gtex__hippocampus__M031                 SET      30    -0.057794   -0.0023911      0.17841      0.62701 gtex__hippocampus__M031
gtex__hippocampus__M032                 SET      27     -0.15062   -0.0059124      0.15371      0.83642 gtex__hippocampus__M032
gtex__hippocampus__M033                 SET      32     0.013709   0.00058577        0.159      0.46565 gtex__hippocampus__M033
gtex__hippocampus__M034                 SET      32    0.0094481   0.00040369      0.18306      0.47942 gtex__hippocampus__M034
gtex__hippocampus__M035                 SET      30    -0.037106   -0.0015352      0.16416      0.58941 gtex__hippocampus__M035
gtex__hippocampus__M036                 SET      24     -0.28351    -0.010493      0.19461       0.9274 gtex__hippocampus__M036
gtex__hippocampus__M037                 SET      20     0.020504   0.00069286      0.22966      0.46443 gtex__hippocampus__M037
gtex__hippocampus__M038                 SET      23     0.054004    0.0019567      0.18525      0.38533 gtex__hippocampus__M038
gtex__hippocampus__M039                 SET      19     0.098259    0.0032363      0.24261      0.34274 gtex__hippocampus__M039
gtex__hippocampus__M040                 SET      20    -0.048181   -0.0016281      0.22499      0.58478 gtex__hippocampus__M040
gtex__hippocampus__M041                 SET      17     0.036707    0.0011437      0.21023       0.4307 gtex__hippocampus__M041
gtex__hippocampus__M042                 SET      18     -0.19952   -0.0063963      0.22647      0.81084 gtex__hippocampus__M042
gtex__hippocampus__M043                 SET      14      0.72775     0.020578      0.28294    0.0050583 gtex__hippocampus__M043
gtex__hippocampus__M044                 SET      15      0.08456    0.0024749      0.22803      0.35539 gtex__hippocampus__M044
gtex__hippocampus__M045                 SET      16      0.20257    0.0061229       0.2656      0.22283 gtex__hippocampus__M045
gtex__hippocampus__M046                 SET      15     -0.39756    -0.011636      0.26562      0.93276 gtex__hippocampus__M046
gtex__hypothalamus__M000                SET     688      0.14797     0.028759     0.040178   0.00011574 gtex__hypothalamus__M000
gtex__hypothalamus__M001                SET     884      0.12265     0.026864     0.034237   0.00017068 gtex__hypothalamus__M001
gtex__hypothalamus__M002                SET     438     0.066514     0.010391     0.047149     0.079172 gtex__hypothalamus__M002
gtex__hypothalamus__M003                SET     205     0.013334    0.0014348     0.069314      0.42373 gtex__hypothalamus__M003
gtex__hypothalamus__M004                SET     217      -0.1019    -0.011278     0.071114      0.92405 gtex__hypothalamus__M004
gtex__hypothalamus__M005                SET     176     -0.13707    -0.013678     0.080599      0.95548 gtex__hypothalamus__M005
gtex__hypothalamus__M006                SET     179     0.026506    0.0026673     0.072724      0.35775 gtex__hypothalamus__M006
gtex__hypothalamus__M007                SET     199     0.027219    0.0028863     0.072068      0.35284 gtex__hypothalamus__M007
gtex__hypothalamus__M008                SET     126      0.13794     0.011664     0.086841     0.056098 gtex__hypothalamus__M008
gtex__hypothalamus__M009                SET     131    -0.041581   -0.0035845     0.086851      0.68394 gtex__hypothalamus__M009
gtex__hypothalamus__M010                SET     135      0.16263      0.01423       0.0884     0.032914 gtex__hypothalamus__M010
gtex__hypothalamus__M011                SET     101    -0.042536   -0.0032225      0.10004      0.66465 gtex__hypothalamus__M011
gtex__hypothalamus__M012                SET      99     -0.13809    -0.010358     0.097753       0.9211 gtex__hypothalamus__M012
gtex__hypothalamus__M013                SET      82    -0.072727   -0.0049672      0.10051      0.76534 gtex__hypothalamus__M013
gtex__hypothalamus__M014                SET      67     0.017483    0.0010798       0.1245      0.44416 gtex__hypothalamus__M014
gtex__hypothalamus__M015                SET      54       0.1346     0.007466      0.12139      0.13376 gtex__hypothalamus__M015
gtex__hypothalamus__M016                SET      55     0.098865    0.0055344      0.11799      0.20104 gtex__hypothalamus__M016
gtex__hypothalamus__M017                SET      41   -0.0065171  -0.00031511      0.14588      0.51782 gtex__hypothalamus__M017
gtex__hypothalamus__M018                SET      45     0.029616    0.0015001      0.13832      0.41523 gtex__hypothalamus__M018
gtex__hypothalamus__M019                SET      22     0.013116    0.0004648      0.20213      0.47413 gtex__hypothalamus__M019
gtex__hypothalamus__M020                SET      25     0.048504    0.0018322      0.20868       0.4081 gtex__hypothalamus__M020
gtex__hypothalamus__M021                SET      22     -0.23007   -0.0081532      0.24024      0.83088 gtex__hypothalamus__M021
gtex__hypothalamus__M022                SET      21      0.24662    0.0085391      0.24044      0.15252 gtex__hypothalamus__M022
gtex__hypothalamus__M023                SET      20     0.057958    0.0019584      0.21177      0.39216 gtex__hypothalamus__M023
gtex__hypothalamus__M024                SET      17      0.19276    0.0060056      0.24951       0.2199 gtex__hypothalamus__M024
gtex__hypothalamus__M025                SET      16    -0.036307   -0.0010974      0.23995      0.56013 gtex__hypothalamus__M025
gtex__hypothalamus__M026                SET      17     0.040551    0.0012634      0.23273      0.43084 gtex__hypothalamus__M026
gtex__hypothalamus__M027                SET      15      0.11282    0.0033019       0.2464      0.32353 gtex__hypothalamus__M027
gtex__nucleus_accumbens_basa...1        SET     974      0.10149      0.02327     0.033253    0.0011383 gtex__nucleus_accumbens_basal_ganglia__M000
gtex__nucleus_accumbens_basa...2        SET     631     0.075494     0.014076     0.040719     0.031876 gtex__nucleus_accumbens_basal_ganglia__M001
gtex__nucleus_accumbens_basa...3        SET     431      0.11071      0.01716     0.047872      0.01038 gtex__nucleus_accumbens_basal_ganglia__M002
gtex__nucleus_accumbens_basa...4        SET     306    -0.023563   -0.0030888     0.055915      0.66327 gtex__nucleus_accumbens_basal_ganglia__M003
gtex__nucleus_accumbens_basa...5        SET     313     0.095167     0.012615     0.056289     0.045458 gtex__nucleus_accumbens_basal_ganglia__M004
gtex__nucleus_accumbens_basa...6        SET     219     0.029624    0.0032936     0.069081      0.33403 gtex__nucleus_accumbens_basal_ganglia__M005
gtex__nucleus_accumbens_basa...7        SET     124    -0.087883   -0.0073723     0.090119      0.83526 gtex__nucleus_accumbens_basal_ganglia__M006
gtex__nucleus_accumbens_basa...8        SET     144     0.082871    0.0074872     0.081867      0.15572 gtex__nucleus_accumbens_basal_ganglia__M007
gtex__nucleus_accumbens_basa...9        SET     120      0.12389     0.010225     0.094936      0.09595 gtex__nucleus_accumbens_basal_ganglia__M008
gtex__nucleus_accumbens_basa...10       SET     117    -0.094539   -0.0077051     0.097029      0.83505 gtex__nucleus_accumbens_basal_ganglia__M009
gtex__nucleus_accumbens_basa...11       SET     102     -0.13055   -0.0099388      0.10269      0.89817 gtex__nucleus_accumbens_basal_ganglia__M010
gtex__nucleus_accumbens_basa...12       SET      84     0.074083    0.0051208      0.11094      0.25215 gtex__nucleus_accumbens_basal_ganglia__M011
gtex__nucleus_accumbens_basa...13       SET      63       0.0713    0.0042708      0.11373      0.26537 gtex__nucleus_accumbens_basal_ganglia__M012
gtex__nucleus_accumbens_basa...14       SET      72      0.15487    0.0099146      0.11815     0.094963 gtex__nucleus_accumbens_basal_ganglia__M013
gtex__nucleus_accumbens_basa...15       SET      56     0.049678     0.002806      0.11875      0.33785 gtex__nucleus_accumbens_basal_ganglia__M014
gtex__nucleus_accumbens_basa...16       SET      61      0.18544     0.010931      0.12648     0.071304 gtex__nucleus_accumbens_basal_ganglia__M015
gtex__nucleus_accumbens_basa...17       SET      45    -0.017862  -0.00090471      0.13324      0.55332 gtex__nucleus_accumbens_basal_ganglia__M016
gtex__nucleus_accumbens_basa...18       SET      27     -0.29962    -0.011761      0.19224      0.94045 gtex__nucleus_accumbens_basal_ganglia__M017
gtex__nucleus_accumbens_basa...19       SET      33     0.070512    0.0030594      0.15952      0.32924 gtex__nucleus_accumbens_basal_ganglia__M018
gtex__nucleus_accumbens_basa...20       SET      32    -0.020852  -0.00089096      0.16063      0.55164 gtex__nucleus_accumbens_basal_ganglia__M019
gtex__nucleus_accumbens_basa...21       SET      35   -0.0049504  -0.00022119      0.16037      0.51231 gtex__nucleus_accumbens_basal_ganglia__M020
gtex__nucleus_accumbens_basa...22       SET      36     -0.22718    -0.010294      0.16143      0.92032 gtex__nucleus_accumbens_basal_ganglia__M021
gtex__nucleus_accumbens_basa...23       SET      27     0.097487    0.0038267      0.18463      0.29875 gtex__nucleus_accumbens_basal_ganglia__M022
gtex__nucleus_accumbens_basa...24       SET      18      0.38575     0.012367      0.21651     0.037411 gtex__nucleus_accumbens_basal_ganglia__M023
gtex__nucleus_accumbens_basa...25       SET      20     0.070408    0.0023791      0.20704       0.3669 gtex__nucleus_accumbens_basal_ganglia__M024
gtex__nucleus_accumbens_basa...26       SET      18     0.063872    0.0020476       0.2022      0.37605 gtex__nucleus_accumbens_basal_ganglia__M025
gtex__putamen_basal_ganglia_...1        SET     628      0.10778      0.02005     0.041564    0.0047592 gtex__putamen_basal_ganglia__M000
gtex__putamen_basal_ganglia_...2        SET     292      0.12014      0.01539     0.062094     0.026518 gtex__putamen_basal_ganglia__M001
gtex__putamen_basal_ganglia_...3        SET     446     0.090217     0.014219     0.047909     0.029854 gtex__putamen_basal_ganglia__M002
gtex__putamen_basal_ganglia_...4        SET     401      0.21235     0.031778     0.050997   1.5718e-05 gtex__putamen_basal_ganglia__M003
gtex__putamen_basal_ganglia_...5        SET     267    -0.018699   -0.0022922     0.059662      0.62301 gtex__putamen_basal_ganglia__M004
gtex__putamen_basal_ganglia_...6        SET     337      0.04154    0.0057094     0.052891      0.21612 gtex__putamen_basal_ganglia__M005
gtex__putamen_basal_ganglia_...7        SET     147      0.05279    0.0048184     0.082069      0.26004 gtex__putamen_basal_ganglia__M006
gtex__putamen_basal_ganglia_...8        SET     123     -0.20428    -0.017068     0.093754      0.98532 gtex__putamen_basal_ganglia__M007
gtex__putamen_basal_ganglia_...9        SET     113    -0.019488   -0.0015611      0.08503      0.59064 gtex__putamen_basal_ganglia__M008
gtex__putamen_basal_ganglia_...10       SET     115    -0.023008   -0.0018592     0.089757      0.60115 gtex__putamen_basal_ganglia__M009
gtex__putamen_basal_ganglia_...11       SET     108    -0.022885   -0.0017924     0.089868       0.6005 gtex__putamen_basal_ganglia__M010
gtex__putamen_basal_ganglia_...12       SET      91     -0.04703   -0.0033829       0.1084       0.6678 gtex__putamen_basal_ganglia__M011
gtex__putamen_basal_ganglia_...13       SET      86    -0.040875   -0.0028587       0.1105      0.64428 gtex__putamen_basal_ganglia__M012
gtex__putamen_basal_ganglia_...14       SET      86      0.20072     0.014038      0.11813     0.044652 gtex__putamen_basal_ganglia__M013
gtex__putamen_basal_ganglia_...15       SET      95     0.031266    0.0022977      0.11009      0.38821 gtex__putamen_basal_ganglia__M014
gtex__putamen_basal_ganglia_...16       SET      82     0.065529    0.0044756      0.10759      0.27124 gtex__putamen_basal_ganglia__M015
gtex__putamen_basal_ganglia_...17       SET      71      0.10196     0.006482      0.11434      0.18628 gtex__putamen_basal_ganglia__M016
gtex__putamen_basal_ganglia_...18       SET      52     -0.27507    -0.014974      0.14238      0.97331 gtex__putamen_basal_ganglia__M017
gtex__putamen_basal_ganglia_...19       SET      68    -0.037737    -0.002348      0.11731      0.62615 gtex__putamen_basal_ganglia__M018
gtex__putamen_basal_ganglia_...20       SET      56     0.070327    0.0039724      0.13258      0.29791 gtex__putamen_basal_ganglia__M019
gtex__putamen_basal_ganglia_...21       SET      53      0.17651       0.0097       0.1299     0.087115 gtex__putamen_basal_ganglia__M020
gtex__putamen_basal_ganglia_...22       SET      47     0.020624    0.0010675      0.13395      0.43882 gtex__putamen_basal_ganglia__M021
gtex__putamen_basal_ganglia_...23       SET      51     0.045521    0.0024541      0.13871      0.37139 gtex__putamen_basal_ganglia__M022
gtex__putamen_basal_ganglia_...24       SET      38     -0.12327   -0.0057385      0.16032      0.77901 gtex__putamen_basal_ganglia__M023
gtex__putamen_basal_ganglia_...25       SET      27     -0.13896   -0.0054546      0.18099      0.77868 gtex__putamen_basal_ganglia__M024
gtex__putamen_basal_ganglia_...26       SET      28      0.14718    0.0058831      0.18801      0.21688 gtex__putamen_basal_ganglia__M025
gtex__putamen_basal_ganglia_...27       SET      25     -0.20429   -0.0077168      0.16041      0.89858 gtex__putamen_basal_ganglia__M026
gtex__putamen_basal_ganglia_...28       SET      24     -0.27222    -0.010075      0.18763      0.92658 gtex__putamen_basal_ganglia__M027
gtex__putamen_basal_ganglia_...29       SET      15    -0.040962   -0.0011989      0.23018      0.57062 gtex__putamen_basal_ganglia__M028
gtex__putamen_basal_ganglia_...30       SET      26      0.15803    0.0060873        0.188       0.2003 gtex__putamen_basal_ganglia__M029
gtex__putamen_basal_ganglia_...31       SET      21      0.14376    0.0049775      0.23838      0.27324 gtex__putamen_basal_ganglia__M030
gtex__putamen_basal_ganglia_...32       SET      13      0.24744    0.0067424      0.30539       0.2089 gtex__putamen_basal_ganglia__M031
gtex__putamen_basal_ganglia_...33       SET      19     0.076121    0.0025071      0.21616      0.36237 gtex__putamen_basal_ganglia__M032
gtex__putamen_basal_ganglia_...34       SET      18      0.15063     0.004829       0.2275      0.25395 gtex__putamen_basal_ganglia__M033
gtex__putamen_basal_ganglia_...35       SET      20    -0.094832   -0.0032044      0.21045      0.67387 gtex__putamen_basal_ganglia__M034
gtex__putamen_basal_ganglia_...36       SET      14      0.40153     0.011354      0.23095     0.041065 gtex__putamen_basal_ganglia__M035
gtex__spinal_cord_cervical_c...1        SET     674      0.13552     0.026082     0.039197   0.00027333 gtex__spinal_cord_cervical_c_1__M000
gtex__spinal_cord_cervical_c...2        SET     514      0.11679     0.019721     0.044158    0.0040917 gtex__spinal_cord_cervical_c_1__M001
gtex__spinal_cord_cervical_c...3        SET     387      -0.1319    -0.019399     0.054001       0.9927 gtex__spinal_cord_cervical_c_1__M002
gtex__spinal_cord_cervical_c...4        SET     317      0.14909     0.019885     0.060285    0.0067037 gtex__spinal_cord_cervical_c_1__M003
gtex__spinal_cord_cervical_c...5        SET     242     0.014686    0.0017153     0.063565      0.40864 gtex__spinal_cord_cervical_c_1__M004
gtex__spinal_cord_cervical_c...6        SET     232      0.18867     0.021581     0.069955    0.0035017 gtex__spinal_cord_cervical_c_1__M005
gtex__spinal_cord_cervical_c...7        SET     190     0.039915    0.0041369     0.076001      0.29973 gtex__spinal_cord_cervical_c_1__M006
gtex__spinal_cord_cervical_c...8        SET     152     -0.04324   -0.0040127     0.080138      0.70525 gtex__spinal_cord_cervical_c_1__M007
gtex__spinal_cord_cervical_c...9        SET     134     0.005649   0.00049247      0.08533      0.47361 gtex__spinal_cord_cervical_c_1__M008
gtex__spinal_cord_cervical_c...10       SET     128       0.1805     0.015382     0.086286     0.018232 gtex__spinal_cord_cervical_c_1__M009
gtex__spinal_cord_cervical_c...11       SET      85      0.10161    0.0070649      0.10301      0.16198 gtex__spinal_cord_cervical_c_1__M010
gtex__spinal_cord_cervical_c...12       SET      68     0.028025    0.0017437      0.11122      0.40053 gtex__spinal_cord_cervical_c_1__M011
gtex__spinal_cord_cervical_c...13       SET      83     0.088025    0.0060485       0.1035      0.19752 gtex__spinal_cord_cervical_c_1__M012
gtex__spinal_cord_cervical_c...14       SET      77      0.13014    0.0086146      0.10297      0.10315 gtex__spinal_cord_cervical_c_1__M013
gtex__spinal_cord_cervical_c...15       SET      66      0.13263    0.0081304      0.11666       0.1278 gtex__spinal_cord_cervical_c_1__M014
gtex__spinal_cord_cervical_c...16       SET      61    -0.021271   -0.0012538      0.13001      0.56498 gtex__spinal_cord_cervical_c_1__M015
gtex__spinal_cord_cervical_c...17       SET      62    -0.041639   -0.0024743      0.13198       0.6238 gtex__spinal_cord_cervical_c_1__M016
gtex__spinal_cord_cervical_c...18       SET      54     0.045843    0.0025429      0.14204      0.37344 gtex__spinal_cord_cervical_c_1__M017
gtex__spinal_cord_cervical_c...19       SET      44      0.16163    0.0080952      0.13894      0.12237 gtex__spinal_cord_cervical_c_1__M018
gtex__spinal_cord_cervical_c...20       SET      43    -0.037169   -0.0018404      0.14598      0.60049 gtex__spinal_cord_cervical_c_1__M019
gtex__spinal_cord_cervical_c...21       SET      40      0.20639    0.0098572      0.16014      0.09874 gtex__spinal_cord_cervical_c_1__M020
gtex__spinal_cord_cervical_c...22       SET      39     -0.14143   -0.0066699      0.13782       0.8476 gtex__spinal_cord_cervical_c_1__M021
gtex__spinal_cord_cervical_c...23       SET      35     -0.17962   -0.0080257       0.1717      0.85224 gtex__spinal_cord_cervical_c_1__M022
gtex__spinal_cord_cervical_c...24       SET      32     -0.13677   -0.0058439      0.17416      0.78386 gtex__spinal_cord_cervical_c_1__M023
gtex__spinal_cord_cervical_c...25       SET      24      0.11147    0.0041257      0.22046      0.30657 gtex__spinal_cord_cervical_c_1__M024
gtex__spinal_cord_cervical_c...26       SET      23       0.2993     0.010844      0.19461     0.062046 gtex__spinal_cord_cervical_c_1__M025
gtex__spinal_cord_cervical_c...27       SET      24     0.098299    0.0036382       0.1955      0.30756 gtex__spinal_cord_cervical_c_1__M026
gtex__spinal_cord_cervical_c...28       SET      23    -0.081921   -0.0029683      0.22485      0.64219 gtex__spinal_cord_cervical_c_1__M027
gtex__spinal_cord_cervical_c...29       SET      20      0.16562    0.0055963      0.23569      0.24113 gtex__spinal_cord_cervical_c_1__M028
gtex__spinal_cord_cervical_c...30       SET      20     -0.02414  -0.00081572      0.21714      0.54426 gtex__spinal_cord_cervical_c_1__M029
gtex__spinal_cord_cervical_c...31       SET      21     -0.10247    -0.003548      0.24572      0.66167 gtex__spinal_cord_cervical_c_1__M030
gtex__spinal_cord_cervical_c...32       SET      20      0.14098    0.0047639      0.20932      0.25031 gtex__spinal_cord_cervical_c_1__M031
gtex__spinal_cord_cervical_c...33       SET      13      0.12142    0.0033084      0.27509      0.32948 gtex__spinal_cord_cervical_c_1__M032
gtex__substantia_nigra__M000            SET     777      0.10764     0.022175     0.036852    0.0017476 gtex__substantia_nigra__M000
gtex__substantia_nigra__M001            SET     323    -0.069609   -0.0093703     0.055343      0.89575 gtex__substantia_nigra__M001
gtex__substantia_nigra__M002            SET     304     0.064811    0.0084686     0.056972      0.12765 gtex__substantia_nigra__M002
gtex__substantia_nigra__M003            SET     194     0.020997    0.0021987     0.067207      0.37736 gtex__substantia_nigra__M003
gtex__substantia_nigra__M004            SET     236      0.14194     0.016373     0.063865     0.013134 gtex__substantia_nigra__M004
gtex__substantia_nigra__M005            SET     171    -0.085569   -0.0084181     0.079775      0.85827 gtex__substantia_nigra__M005
gtex__substantia_nigra__M006            SET     154     0.084628    0.0079047     0.077167       0.1364 gtex__substantia_nigra__M006
gtex__substantia_nigra__M007            SET      73     0.010947   0.00070563      0.11824      0.46312 gtex__substantia_nigra__M007
gtex__substantia_nigra__M008            SET     104      0.17875      0.01374      0.10385     0.042624 gtex__substantia_nigra__M008
gtex__substantia_nigra__M009            SET     103      0.15481     0.011843     0.094108     0.049988 gtex__substantia_nigra__M009
gtex__substantia_nigra__M010            SET     101    -0.019379   -0.0014681      0.10485      0.57331 gtex__substantia_nigra__M010
gtex__substantia_nigra__M011            SET     100     0.076739     0.005785      0.09716      0.21482 gtex__substantia_nigra__M011
gtex__substantia_nigra__M012            SET      88    0.0025941   0.00018351      0.11358      0.49089 gtex__substantia_nigra__M012
gtex__substantia_nigra__M013            SET     102     -0.07859   -0.0059832     0.098561      0.78738 gtex__substantia_nigra__M013
gtex__substantia_nigra__M014            SET      71     0.057738    0.0036706      0.10717      0.29503 gtex__substantia_nigra__M014
gtex__substantia_nigra__M015            SET      74      0.10965    0.0071159      0.12216      0.18471 gtex__substantia_nigra__M015
gtex__substantia_nigra__M016            SET      73     0.031223    0.0020126      0.11525      0.39323 gtex__substantia_nigra__M016
gtex__substantia_nigra__M017            SET      66     0.025784    0.0015807      0.12117      0.41575 gtex__substantia_nigra__M017
gtex__substantia_nigra__M018            SET      69     -0.26975    -0.016906      0.11401        0.991 gtex__substantia_nigra__M018
gtex__substantia_nigra__M019            SET      66     0.058816    0.0036056       0.1061      0.28967 gtex__substantia_nigra__M019
gtex__substantia_nigra__M020            SET      62     0.057172    0.0033973      0.12933      0.32922 gtex__substantia_nigra__M020
gtex__substantia_nigra__M021            SET      61      0.11795    0.0069525      0.12024      0.16331 gtex__substantia_nigra__M021
gtex__substantia_nigra__M022            SET      63       0.1479    0.0088588      0.11604      0.10124 gtex__substantia_nigra__M022
gtex__substantia_nigra__M023            SET      48     -0.12984   -0.0067912      0.14193      0.81984 gtex__substantia_nigra__M023
gtex__substantia_nigra__M024            SET      42     -0.10173   -0.0049785      0.14393      0.76016 gtex__substantia_nigra__M024
gtex__substantia_nigra__M025            SET      30     -0.44867    -0.018563      0.18444       0.9925 gtex__substantia_nigra__M025
gtex__substantia_nigra__M026            SET      38     0.093602    0.0043575      0.15589      0.27411 gtex__substantia_nigra__M026
gtex__substantia_nigra__M027            SET      31     0.077771    0.0032707      0.16453      0.31823 gtex__substantia_nigra__M027
gtex__substantia_nigra__M028            SET      30     0.095741    0.0039611      0.15802       0.2723 gtex__substantia_nigra__M028
gtex__substantia_nigra__M029            SET      31      0.05206    0.0021894      0.15257      0.36647 gtex__substantia_nigra__M029
gtex__substantia_nigra__M030            SET      19      0.29247    0.0096327      0.22071     0.092574 gtex__substantia_nigra__M030
gtex__substantia_nigra__M031            SET      26      0.11902    0.0045847      0.19616      0.27201 gtex__substantia_nigra__M031
gtex__substantia_nigra__M032            SET      25    -0.016307  -0.00061597      0.19216      0.53381 gtex__substantia_nigra__M032
gtex__substantia_nigra__M033            SET      19      0.30521     0.010052      0.23608     0.098049 gtex__substantia_nigra__M033
gtex__substantia_nigra__M034            SET      20      0.13822    0.0046705      0.26412      0.30038 gtex__substantia_nigra__M034
gtex__substantia_nigra__M035            SET      24     -0.23904   -0.0088474      0.23849       0.8419 gtex__substantia_nigra__M035
gtex__substantia_nigra__M036            SET      19      0.45409     0.014956      0.23251     0.025417 gtex__substantia_nigra__M036
gtex__substantia_nigra__M037            SET      19       0.2522    0.0083064      0.20203      0.10597 gtex__substantia_nigra__M037
gtex__substantia_nigra__M038            SET      17      0.22699    0.0070722      0.26368      0.19467 gtex__substantia_nigra__M038
gtex__substantia_nigra__M039            SET      15      0.14135     0.004137      0.21497      0.25542 gtex__substantia_nigra__M039
gtex__substantia_nigra__M040            SET      19     -0.20095   -0.0066186      0.20108      0.84119 gtex__substantia_nigra__M040
gtex__substantia_nigra__M041            SET      19      0.44264     0.014579      0.22087     0.022541 gtex__substantia_nigra__M041
gtex__substantia_nigra__M042            SET      15     0.018552   0.00054299      0.28315      0.47388 gtex__substantia_nigra__M042
brainseq__caudate__M000                 SET     601      0.10557     0.019228      0.04197    0.0059485 brainseq__caudate__M000
brainseq__caudate__M001                 SET     467     0.041163    0.0066347     0.048644      0.19872 brainseq__caudate__M001
brainseq__caudate__M002                 SET     102     0.081209    0.0061825     0.094417      0.19487 brainseq__caudate__M002
brainseq__caudate__M003                 SET     323     0.031418    0.0042293     0.056229      0.28817 brainseq__caudate__M003
brainseq__caudate__M004                 SET     316     0.063863    0.0085048     0.057711      0.13424 brainseq__caudate__M004
brainseq__caudate__M005                 SET      49     0.097423    0.0051485      0.15246      0.26142 brainseq__caudate__M005
brainseq__caudate__M006                 SET     187      0.12807     0.013169     0.073348     0.040414 brainseq__caudate__M006
brainseq__caudate__M007                 SET     138      0.13552     0.011988     0.082323     0.049873 brainseq__caudate__M007
brainseq__caudate__M008                 SET     143      0.25914     0.023332     0.082954   0.00089401 brainseq__caudate__M008
brainseq__caudate__M009                 SET     127      0.19522     0.016572     0.090692     0.015684 brainseq__caudate__M009
brainseq__caudate__M010                 SET     114     0.023463    0.0018877     0.087083       0.3938 brainseq__caudate__M010
brainseq__caudate__M011                 SET     118     0.064976    0.0053181     0.088967       0.2326 brainseq__caudate__M011
brainseq__caudate__M012                 SET     108      0.15519     0.012155     0.088435     0.039649 brainseq__caudate__M012
brainseq__caudate__M013                 SET      38    -0.068278   -0.0031786      0.14371      0.68265 brainseq__caudate__M013
brainseq__caudate__M014                 SET      74     -0.24669     -0.01601      0.12306      0.97749 brainseq__caudate__M014
brainseq__caudate__M015                 SET      72      0.13698    0.0087692      0.12074       0.1283 brainseq__caudate__M015
brainseq__caudate__M016                 SET      35      0.05245    0.0023436      0.17012      0.37892 brainseq__caudate__M016
brainseq__caudate__M017                 SET      65     -0.18196     -0.01107      0.12979      0.91953 brainseq__caudate__M017
brainseq__caudate__M018                 SET      61      0.13631    0.0080346      0.12649      0.14061 brainseq__caudate__M018
brainseq__caudate__M019                 SET      61      0.16614    0.0097931      0.12676     0.094997 brainseq__caudate__M019
brainseq__caudate__M020                 SET      56      0.23623     0.013343      0.12662     0.031059 brainseq__caudate__M020
brainseq__caudate__M021                 SET      61    -0.041224   -0.0024299      0.13296      0.62173 brainseq__caudate__M021
brainseq__caudate__M022                 SET      51     0.059929    0.0032309      0.12408      0.31456 brainseq__caudate__M022
brainseq__caudate__M023                 SET      18    -0.092119   -0.0029532      0.24643      0.64572 brainseq__caudate__M023
brainseq__caudate__M024                 SET      45     0.098896    0.0050091      0.13619      0.23388 brainseq__caudate__M024
brainseq__caudate__M025                 SET      48    -0.051408   -0.0026889      0.12984      0.65392 brainseq__caudate__M025
brainseq__caudate__M026                 SET      50   -0.0054711  -0.00029206      0.13693      0.51594 brainseq__caudate__M026
brainseq__caudate__M027                 SET      46    -0.063175   -0.0032351      0.14012      0.67395 brainseq__caudate__M027
brainseq__caudate__M028                 SET      45       0.2237     0.011331      0.15975      0.08071 brainseq__caudate__M028
brainseq__caudate__M029                 SET      36      0.23531     0.010663      0.18172     0.097685 brainseq__caudate__M029
brainseq__caudate__M030                 SET      36     0.011096   0.00050279      0.16117      0.47256 brainseq__caudate__M030
brainseq__caudate__M031                 SET      30      0.28022     0.011594       0.1719     0.051541 brainseq__caudate__M031
brainseq__caudate__M032                 SET      31      0.24322     0.010229      0.17637     0.083957 brainseq__caudate__M032
brainseq__caudate__M033                 SET      26     -0.15279   -0.0058857      0.18958      0.78986 brainseq__caudate__M033
brainseq__caudate__M034                 SET      28      0.27783     0.011105      0.22984      0.11338 brainseq__caudate__M034
brainseq__caudate__M035                 SET      15    0.0056046   0.00016403      0.26974      0.49171 brainseq__caudate__M035
brainseq__caudate__M036                 SET      25      0.45225     0.017083        0.183    0.0067367 brainseq__caudate__M036
brainseq__caudate__M037                 SET      25      0.12148    0.0045889       0.1983      0.27006 brainseq__caudate__M037
brainseq__caudate__M038                 SET      20     -0.27592   -0.0093236      0.20609      0.90968 brainseq__caudate__M038
brainseq__caudate__M039                 SET      25     -0.24524   -0.0092638      0.20907       0.8796 brainseq__caudate__M039
brainseq__caudate__M040                 SET      16    -0.053744   -0.0016245      0.19561      0.60824 brainseq__caudate__M040
brainseq__caudate__M041                 SET      18      0.29219    0.0093673      0.25213      0.12326 brainseq__caudate__M041
brainseq__caudate__M042                 SET      20       0.2334    0.0078868       0.2091      0.13217 brainseq__caudate__M042
brainseq__caudate__M043                 SET      20    -0.079449   -0.0026846      0.21934       0.6414 brainseq__caudate__M043
brainseq__caudate__M044                 SET      16      0.33083    0.0099998      0.23012     0.075275 brainseq__caudate__M044
brainseq__caudate__M045                 SET      17      -0.2059    -0.006415      0.24592      0.79877 brainseq__caudate__M045
brainseq__caudate__M046                 SET      17     -0.01396  -0.00043495      0.24104      0.52309 brainseq__caudate__M046
brainseq__caudate__M047                 SET      17     -0.13426   -0.0041829      0.24719      0.70648 brainseq__caudate__M047
brainseq__caudate__M048                 SET      16      0.13036    0.0039403       0.2614      0.30901 brainseq__caudate__M048
brainseq__hippocampus__M000             SET     375    -0.096312    -0.013948     0.053753       0.9634 brainseq__hippocampus__M000
brainseq__hippocampus__M001             SET     308      0.18359     0.024143     0.057441   0.00069769 brainseq__hippocampus__M001
brainseq__hippocampus__M002             SET     206     0.067284    0.0072578     0.063268      0.14379 brainseq__hippocampus__M002
brainseq__hippocampus__M003             SET     157     0.013226    0.0012473     0.080569       0.4348 brainseq__hippocampus__M003
brainseq__hippocampus__M004             SET     135     0.092326    0.0080786     0.082278      0.13092 brainseq__hippocampus__M004
brainseq__hippocampus__M005             SET     146      0.16584     0.015086     0.076719     0.015328 brainseq__hippocampus__M005
brainseq__hippocampus__M006             SET     129      0.15019     0.012849     0.092148     0.051572 brainseq__hippocampus__M006
brainseq__hippocampus__M007             SET     127      0.16136     0.013698     0.082529     0.025285 brainseq__hippocampus__M007
brainseq__hippocampus__M008             SET     127      0.20468     0.017375     0.088446     0.010336 brainseq__hippocampus__M008
brainseq__hippocampus__M009             SET     104       0.1498     0.011515     0.092764     0.053177 brainseq__hippocampus__M009
brainseq__hippocampus__M010             SET      99      0.13707     0.010281      0.10327     0.092222 brainseq__hippocampus__M010
brainseq__hippocampus__M011             SET      80     0.074257    0.0050098      0.10935      0.24856 brainseq__hippocampus__M011
brainseq__hippocampus__M012             SET      82     0.083235    0.0056849      0.11246      0.22962 brainseq__hippocampus__M012
brainseq__hippocampus__M013             SET      83      -0.0164   -0.0011269      0.10139      0.56425 brainseq__hippocampus__M013
brainseq__hippocampus__M014             SET      73     0.054203    0.0034939      0.11829       0.3234 brainseq__hippocampus__M014
brainseq__hippocampus__M015             SET      82   -0.0022557  -0.00015406      0.11146      0.50807 brainseq__hippocampus__M015
brainseq__hippocampus__M016             SET      75     0.061964    0.0040483      0.12029      0.30324 brainseq__hippocampus__M016
brainseq__hippocampus__M017             SET      64      0.16613     0.010029      0.13103      0.10242 brainseq__hippocampus__M017
brainseq__hippocampus__M018             SET      58      0.25195     0.014482      0.13902     0.034972 brainseq__hippocampus__M018
brainseq__hippocampus__M019             SET      63    -0.096917   -0.0058052      0.12995      0.77211 brainseq__hippocampus__M019
brainseq__hippocampus__M020             SET      61    0.0026533   0.00015639      0.13044      0.49189 brainseq__hippocampus__M020
brainseq__hippocampus__M021             SET      51      0.18363    0.0098998      0.13901     0.093257 brainseq__hippocampus__M021
brainseq__hippocampus__M022             SET      48     -0.26545    -0.013885       0.1561      0.95547 brainseq__hippocampus__M022
brainseq__hippocampus__M023             SET      47      0.23415     0.012119      0.14932     0.058438 brainseq__hippocampus__M023
brainseq__hippocampus__M024             SET      43     0.067085    0.0033217      0.14753      0.32466 brainseq__hippocampus__M024
brainseq__hippocampus__M025             SET      40    -0.042162   -0.0020137      0.15915      0.60446 brainseq__hippocampus__M025
brainseq__hippocampus__M026             SET      40      0.15594    0.0074477      0.17499      0.18643 brainseq__hippocampus__M026
brainseq__hippocampus__M027             SET      37      0.17759    0.0081582      0.15957      0.13287 brainseq__hippocampus__M027
brainseq__hippocampus__M028             SET      36    -0.034649   -0.0015701      0.16963      0.58092 brainseq__hippocampus__M028
brainseq__hippocampus__M029             SET      37       0.1785    0.0082001      0.16942      0.14603 brainseq__hippocampus__M029
brainseq__hippocampus__M030             SET      31       0.2739     0.011519      0.20205     0.087621 brainseq__hippocampus__M030
brainseq__hippocampus__M031             SET      36     0.019254    0.0008725      0.17492      0.45618 brainseq__hippocampus__M031
brainseq__hippocampus__M032             SET      32     0.086124    0.0036799      0.16168      0.29713 brainseq__hippocampus__M032
brainseq__hippocampus__M033             SET      27      0.50949     0.019999      0.20386    0.0062276 brainseq__hippocampus__M033
brainseq__hippocampus__M034             SET      26     0.087814    0.0033827      0.17441      0.30731 brainseq__hippocampus__M034
brainseq__hippocampus__M035             SET      27   -0.0044236  -0.00017364      0.19945      0.50885 brainseq__hippocampus__M035
brainseq__hippocampus__M036             SET      26      0.34159     0.013158      0.18852     0.035009 brainseq__hippocampus__M036
brainseq__hippocampus__M037             SET      26      0.33181     0.012782      0.18207     0.034203 brainseq__hippocampus__M037
brainseq__hippocampus__M038             SET      21      0.31047      0.01075      0.22518      0.08399 brainseq__hippocampus__M038
brainseq__hippocampus__M039             SET      22        0.291     0.010313      0.25672       0.1285 brainseq__hippocampus__M039
brainseq__hippocampus__M040             SET      26     0.040284    0.0015518      0.20525       0.4222 brainseq__hippocampus__M040
brainseq__hippocampus__M041             SET      22      0.14919    0.0052871      0.20097      0.22894 brainseq__hippocampus__M041
brainseq__hippocampus__M042             SET      19     0.030556    0.0010064       0.2088      0.44183 brainseq__hippocampus__M042
brainseq__hippocampus__M043             SET      19     -0.30966    -0.010199      0.24919        0.893 brainseq__hippocampus__M043
brainseq__hippocampus__M044             SET      19      0.56038     0.018457      0.22692    0.0067698 brainseq__hippocampus__M044
brainseq__hippocampus__M045             SET      20      0.20835    0.0070401      0.24152      0.19418 brainseq__hippocampus__M045
brainseq__dlpfc__M000                   SET     348      0.12197      0.01703      0.05627     0.015101 brainseq__dlpfc__M000
brainseq__dlpfc__M001                   SET     376     0.087757     0.012726     0.050843     0.042181 brainseq__dlpfc__M001
brainseq__dlpfc__M002                   SET     261     0.093434     0.011326     0.061714     0.065025 brainseq__dlpfc__M002
brainseq__dlpfc__M003                   SET     179    -0.087669   -0.0088221     0.076462      0.87421 brainseq__dlpfc__M003
brainseq__dlpfc__M004                   SET     208     0.074164    0.0080382     0.071505      0.14983 brainseq__dlpfc__M004
brainseq__dlpfc__M005                   SET     211     0.098141     0.010712     0.065272     0.066355 brainseq__dlpfc__M005
brainseq__dlpfc__M006                   SET     211      0.16926     0.018476     0.067143    0.0058563 brainseq__dlpfc__M006
brainseq__dlpfc__M007                   SET     194      0.10555     0.011053     0.073589     0.075749 brainseq__dlpfc__M007
brainseq__dlpfc__M008                   SET     169      0.05067    0.0049558     0.073731      0.24598 brainseq__dlpfc__M008
brainseq__dlpfc__M009                   SET     164      0.12138     0.011696     0.076232     0.055677 brainseq__dlpfc__M009
brainseq__dlpfc__M010                   SET     138     -0.03485   -0.0030829     0.080867      0.66675 brainseq__dlpfc__M010
brainseq__dlpfc__M011                   SET     140    0.0074637   0.00066497     0.082362       0.4639 brainseq__dlpfc__M011
brainseq__dlpfc__M012                   SET      99     0.020746    0.0015561      0.09945      0.41738 brainseq__dlpfc__M012
brainseq__dlpfc__M013                   SET      95    -0.019729   -0.0014498       0.1014      0.57713 brainseq__dlpfc__M013
brainseq__dlpfc__M014                   SET      93    -0.055248   -0.0040173      0.10867      0.69442 brainseq__dlpfc__M014
brainseq__dlpfc__M015                   SET      98     0.075224    0.0056141       0.1022      0.23086 brainseq__dlpfc__M015
brainseq__dlpfc__M016                   SET      95      0.22809     0.016761     0.097246    0.0095078 brainseq__dlpfc__M016
brainseq__dlpfc__M017                   SET      86      0.18746      0.01311      0.10909     0.042873 brainseq__dlpfc__M017
brainseq__dlpfc__M018                   SET      55     -0.40097    -0.022446      0.13721      0.99826 brainseq__dlpfc__M018
brainseq__dlpfc__M019                   SET      63      -0.2191    -0.013124      0.12303      0.96253 brainseq__dlpfc__M019
brainseq__dlpfc__M020                   SET      47    -0.020419   -0.0010569      0.16111      0.55043 brainseq__dlpfc__M020
brainseq__dlpfc__M021                   SET      38      0.09122    0.0042466        0.163      0.28786 brainseq__dlpfc__M021
brainseq__dlpfc__M022                   SET      34     0.058959    0.0025965      0.17098      0.36511 brainseq__dlpfc__M022
brainseq__dlpfc__M023                   SET      40      0.23388      0.01117      0.16027     0.072252 brainseq__dlpfc__M023
brainseq__dlpfc__M024                   SET      37     -0.16931   -0.0077778      0.14709      0.87514 brainseq__dlpfc__M024
brainseq__dlpfc__M025                   SET      36       0.3254     0.014745      0.15997     0.020977 brainseq__dlpfc__M025
brainseq__dlpfc__M026                   SET      33      0.40165     0.017427      0.16197    0.0065776 brainseq__dlpfc__M026
brainseq__dlpfc__M027                   SET      36    -0.047438   -0.0021496      0.17573       0.6064 brainseq__dlpfc__M027
brainseq__dlpfc__M028                   SET      28      0.18689    0.0074706      0.18945      0.16195 brainseq__dlpfc__M028
brainseq__dlpfc__M029                   SET      23      0.12638    0.0045791      0.17479      0.23484 brainseq__dlpfc__M029
brainseq__dlpfc__M030                   SET      28      0.11962    0.0047815      0.18223      0.25578 brainseq__dlpfc__M030
brainseq__dlpfc__M031                   SET      24    -0.052149   -0.0019301      0.19193      0.60708 brainseq__dlpfc__M031
brainseq__dlpfc__M032                   SET      22       0.4033     0.014292      0.20724     0.025831 brainseq__dlpfc__M032
brainseq__dlpfc__M033                   SET      15      0.38613     0.011301      0.23719     0.051778 brainseq__dlpfc__M033
brainseq__dlpfc__M034                   SET      20      0.11809    0.0039904      0.20068      0.27811 brainseq__dlpfc__M034
brainseq__dlpfc__M035                   SET      20      0.10431    0.0035248      0.19072      0.29221 brainseq__dlpfc__M035
brainseq__dlpfc__M036                   SET      15     0.057369    0.0016791      0.27152      0.41633 brainseq__dlpfc__M036
brainseq__dlpfc__M037                   SET      18     -0.10181    -0.003264      0.19948      0.69511 brainseq__dlpfc__M037
brainseq__caudate_sczd__M000            SET     100    -0.061733   -0.0046537      0.10534      0.72106 brainseq__caudate_sczd__M000
brainseq__caudate_sczd__M001            SET      82    -0.049329   -0.0033692      0.10637      0.67858 brainseq__caudate_sczd__M001
brainseq__caudate_sczd__M002            SET     332      0.16409     0.022388     0.056328    0.0017917 brainseq__caudate_sczd__M002
brainseq__caudate_sczd__M003            SET     247      0.12985     0.015319     0.066353     0.025186 brainseq__caudate_sczd__M003
brainseq__caudate_sczd__M004            SET     159     0.061704    0.0058555     0.077094      0.21175 brainseq__caudate_sczd__M004
brainseq__caudate_sczd__M005            SET     129      0.17976     0.015378     0.092346     0.025802 brainseq__caudate_sczd__M005
brainseq__caudate_sczd__M006            SET     159     0.057844    0.0054892     0.080441      0.23605 brainseq__caudate_sczd__M006
brainseq__caudate_sczd__M007            SET     142       0.1486     0.013332     0.081422     0.034009 brainseq__caudate_sczd__M007
brainseq__caudate_sczd__M008            SET     143     0.093895     0.008454     0.082657      0.12799 brainseq__caudate_sczd__M008
brainseq__caudate_sczd__M009            SET     116    -0.081415   -0.0066073     0.094221      0.80622 brainseq__caudate_sczd__M009
brainseq__caudate_sczd__M010            SET      54      0.39057     0.021665      0.12884    0.0012185 brainseq__caudate_sczd__M010
brainseq__caudate_sczd__M011            SET      56      0.20127     0.011368      0.11446     0.039347 brainseq__caudate_sczd__M011
brainseq__caudate_sczd__M012            SET      45    -0.061818   -0.0031311      0.16905      0.64269 brainseq__caudate_sczd__M012
brainseq__caudate_sczd__M013            SET      30     -0.12953    -0.005359      0.17718      0.76763 brainseq__caudate_sczd__M013
brainseq__caudate_sczd__M014            SET      42     0.017789   0.00087051      0.15077      0.45304 brainseq__caudate_sczd__M014
brainseq__caudate_sczd__M015            SET      30     -0.14095   -0.0058317      0.19233      0.76818 brainseq__caudate_sczd__M015
brainseq__caudate_sczd__M016            SET      33       0.1196    0.0051892      0.17199      0.24342 brainseq__caudate_sczd__M016
brainseq__caudate_sczd__M017            SET       8      0.42602    0.0091077      0.32002     0.091568 brainseq__caudate_sczd__M017
brainseq__caudate_sczd__M018            SET      24    0.0020894   7.7331e-05      0.18495      0.49549 brainseq__caudate_sczd__M018
brainseq__caudate_sczd__M019            SET      27     0.032246    0.0012658      0.21376      0.44005 brainseq__caudate_sczd__M019
brainseq__caudate_sczd__M020            SET      26        0.138    0.0053159      0.17409      0.21399 brainseq__caudate_sczd__M020
brainseq__caudate_sczd__M021            SET      19     0.040846    0.0013453       0.2434      0.43337 brainseq__caudate_sczd__M021
brainseq__caudate_sczd__M022            SET      21     -0.20816   -0.0072074      0.23002      0.81725 brainseq__caudate_sczd__M022
brainseq__caudate_sczd__M023            SET      23     0.035423    0.0012835      0.21257      0.43383 brainseq__caudate_sczd__M023
brainseq__caudate_sczd__M024            SET      24    -0.045772   -0.0016941       0.1997      0.59064 brainseq__caudate_sczd__M024
brainseq__caudate_sczd__M025            SET      19    -0.058805   -0.0019368      0.24305      0.59559 brainseq__caudate_sczd__M025
brainseq__caudate_sczd__M026            SET      18      0.29893    0.0095834      0.23377       0.1005 brainseq__caudate_sczd__M026
