# TOTAL_GENES = 17866
# TEST_DIRECTION = one-sided, positive (set), two-sided (covar)
# CONDITIONED_INTERNAL = gene size, gene density, sample size, inverse mac, log(gene size), log(gene density), log(sample size), log(inverse mac)
VARIABLE                               TYPE  NGENES         BETA     BETA_STD           SE            P FULL_NAME
gtex__amygdala__M000                    SET   12325      0.15404     0.071255      0.01792   4.4853e-18 gtex__amygdala__M000
gtex__amygdala__M001                    SET     434     -0.15849    -0.024401     0.052581      0.99871 gtex__amygdala__M001
gtex__amygdala__M002                    SET     450    -0.074258    -0.011636     0.050202      0.93044 gtex__amygdala__M002
gtex__amygdala__M003                    SET     286    -0.072603   -0.0091124     0.061727      0.88023 gtex__amygdala__M003
gtex__amygdala__M004                    SET     182     -0.18264    -0.018341     0.080317      0.98851 gtex__amygdala__M004
gtex__amygdala__M006                    SET      95    -0.092605    -0.006735       0.1069      0.80683 gtex__amygdala__M006
gtex__amygdala__M005                    SET      64      0.21208     0.012671      0.13019     0.051664 gtex__amygdala__M005
gtex__anterior_cingulate_cor...1        SET   11589      0.16832     0.080357     0.017185   6.8188e-23 gtex__anterior_cingulate_cortex_ba24__M000
gtex__anterior_cingulate_cor...4        SET     242     -0.10471    -0.012104     0.067919      0.93842 gtex__anterior_cingulate_cortex_ba24__M003
gtex__anterior_cingulate_cor...3        SET     433     -0.12674    -0.019491     0.051598      0.99298 gtex__anterior_cingulate_cortex_ba24__M002
gtex__anterior_cingulate_cor...2        SET     855    -0.097607    -0.020836     0.037295      0.99556 gtex__anterior_cingulate_cortex_ba24__M001
gtex__anterior_cingulate_cor...7        SET     119    -0.090257   -0.0073418     0.090749      0.84002 gtex__anterior_cingulate_cortex_ba24__M006
gtex__anterior_cingulate_cor...5        SET     259     -0.17861     -0.02135     0.066633      0.99632 gtex__anterior_cingulate_cortex_ba24__M004
gtex__anterior_cingulate_cor...6        SET     191     -0.11748    -0.012082     0.078378      0.93303 gtex__anterior_cingulate_cortex_ba24__M005
gtex__caudate_basal_ganglia_...1        SET   10807      0.14833     0.072518     0.016633   2.6114e-19 gtex__caudate_basal_ganglia__M000
gtex__caudate_basal_ganglia_...2        SET    1202      -0.0972     -0.02435     0.031241      0.99907 gtex__caudate_basal_ganglia__M001
gtex__caudate_basal_ganglia_...5        SET     399    -0.062493   -0.0092345     0.053171      0.88006 gtex__caudate_basal_ganglia__M004
gtex__caudate_basal_ganglia_...4        SET     496     0.024543    0.0040322     0.048571      0.30668 gtex__caudate_basal_ganglia__M003
gtex__caudate_basal_ganglia_...6        SET     242     -0.16258    -0.018793     0.070587      0.98936 gtex__caudate_basal_ganglia__M005
gtex__caudate_basal_ganglia_...3        SET     688    -0.065485    -0.012601     0.042227      0.93952 gtex__caudate_basal_ganglia__M002
gtex__cerebellar_hemisphere_...1        SET   10504      0.15947     0.078495     0.016953    2.894e-21 gtex__cerebellar_hemisphere__M000
gtex__cerebellar_hemisphere_...3        SET     586     0.087968     0.015669     0.047787     0.032832 gtex__cerebellar_hemisphere__M002
gtex__cerebellar_hemisphere_...2        SET     908    -0.040819   -0.0089656     0.037113       0.8643 gtex__cerebellar_hemisphere__M001
gtex__cerebellar_hemisphere_...10       SET     154     -0.19664    -0.018178     0.089701      0.98581 gtex__cerebellar_hemisphere__M009
gtex__cerebellar_hemisphere_...5        SET      76      0.13525    0.0088026       0.1118      0.11319 gtex__cerebellar_hemisphere__M004
gtex__cerebellar_hemisphere_...8        SET     123   -0.0076339  -0.00063124      0.08323      0.53654 gtex__cerebellar_hemisphere__M007
gtex__cerebellar_hemisphere_...4        SET     233    -0.019669   -0.0022316     0.063574      0.62149 gtex__cerebellar_hemisphere__M003
gtex__cerebellar_hemisphere_...9        SET     188    -0.089192   -0.0091014     0.077117      0.87627 gtex__cerebellar_hemisphere__M008
gtex__cerebellar_hemisphere_...7        SET     245     -0.15017    -0.017465     0.068371      0.98596 gtex__cerebellar_hemisphere__M006
gtex__cerebellar_hemisphere_...6        SET     275     -0.20002    -0.024625     0.065885       0.9988 gtex__cerebellar_hemisphere__M005
gtex__cerebellar_hemisphere_...11       SET      66      0.16467    0.0099906      0.13023      0.10304 gtex__cerebellar_hemisphere__M010
gtex__cerebellum__M000                  SET   10005      0.15503     0.076957      0.01651   3.3834e-21 gtex__cerebellum__M000
gtex__cerebellum__M001                  SET     887    -0.033923   -0.0073689     0.037233      0.81887 gtex__cerebellum__M001
gtex__cerebellum__M003                  SET     286     0.017985    0.0022572     0.055231      0.37236 gtex__cerebellum__M003
gtex__cerebellum__M004                  SET     337     -0.21603     -0.02939     0.059205      0.99987 gtex__cerebellum__M004
gtex__cerebellum__M005                  SET     373     -0.12926    -0.018482       0.0583      0.98669 gtex__cerebellum__M005
gtex__cerebellum__M009                  SET     119     0.052393    0.0042618     0.088253      0.27637 gtex__cerebellum__M009
gtex__cerebellum__M007                  SET     112    -0.089359   -0.0070531     0.084376      0.85521 gtex__cerebellum__M007
gtex__cerebellum__M006                  SET     256    -0.016053   -0.0019078     0.066089      0.59595 gtex__cerebellum__M006
gtex__cerebellum__M002                  SET     566     0.079291     0.013888     0.048124     0.049723 gtex__cerebellum__M002
gtex__cerebellum__M010                  SET      94     -0.25538    -0.018475      0.11373      0.98763 gtex__cerebellum__M010
gtex__cerebellum__M008                  SET     150     -0.23541    -0.021481     0.087447      0.99645 gtex__cerebellum__M008
gtex__cerebellum__M014                  SET      46     0.019698   0.00099823      0.15046      0.44792 gtex__cerebellum__M014
gtex__cerebellum__M012                  SET      72      0.24298     0.015394      0.12939     0.030202 gtex__cerebellum__M012
gtex__cerebellum__M013                  SET      42      0.26692     0.012927      0.16283     0.050592 gtex__cerebellum__M013
gtex__cerebellum__M011                  SET      63     -0.12335   -0.0073119      0.12234      0.84333 gtex__cerebellum__M011
gtex__cortex__M000                      SET   10503      0.15361     0.075613      0.01654   8.8667e-21 gtex__cortex__M000
gtex__cortex__M005                      SET     257     -0.19262    -0.022936     0.067237      0.99791 gtex__cortex__M005
gtex__cortex__M003                      SET     650      -0.1697    -0.031776     0.042049      0.99997 gtex__cortex__M003
gtex__cortex__M008                      SET     136      0.22693     0.019724     0.086665    0.0044202 gtex__cortex__M008
gtex__cortex__M010                      SET      53     -0.11445   -0.0062243      0.14921      0.77846 gtex__cortex__M010
gtex__cortex__M004                      SET     447     -0.10822    -0.016903     0.053316       0.9788 gtex__cortex__M004
gtex__cortex__M002                      SET     522    -0.015657    -0.002637     0.045805      0.63375 gtex__cortex__M002
gtex__cortex__M009                      SET      69     0.089953    0.0055795      0.12841       0.2418 gtex__cortex__M009
gtex__cortex__M001                      SET     810    -0.090863    -0.018904     0.038274       0.9912 gtex__cortex__M001
gtex__cortex__M006                      SET     178      0.16471     0.016359     0.086093     0.027874 gtex__cortex__M006
gtex__cortex__M007                      SET     174    -0.091851   -0.0090205     0.071322      0.90109 gtex__cortex__M007
gtex__frontal_cortex_ba9__M0...1        SET   10566      0.15448      0.07594      0.01635   1.9466e-21 gtex__frontal_cortex_ba9__M000
gtex__frontal_cortex_ba9__M0...3        SET     607     -0.13044    -0.023633     0.042871      0.99883 gtex__frontal_cortex_ba9__M002
gtex__frontal_cortex_ba9__M0...2        SET    1376    -0.015792   -0.0042107     0.028993      0.70701 gtex__frontal_cortex_ba9__M001
gtex__frontal_cortex_ba9__M0...6        SET     194    -0.076108   -0.0078879     0.066726      0.87298 gtex__frontal_cortex_ba9__M005
gtex__frontal_cortex_ba9__M0...4        SET     545     -0.10381    -0.017853     0.047142      0.98616 gtex__frontal_cortex_ba9__M003
gtex__frontal_cortex_ba9__M0...5        SET     254     -0.21289    -0.025203     0.068819      0.99901 gtex__frontal_cortex_ba9__M004
gtex__frontal_cortex_ba9__M0...7        SET     169    -0.083947   -0.0081262     0.086057      0.83533 gtex__frontal_cortex_ba9__M006
gtex__hippocampus__M000                 SET   12169      0.14373     0.066986     0.017665   2.1751e-16 gtex__hippocampus__M000
gtex__hippocampus__M001                 SET    1095     -0.10018    -0.024029     0.032949      0.99882 gtex__hippocampus__M001
gtex__hippocampus__M002                 SET     529    -0.028117   -0.0047662     0.045763      0.73053 gtex__hippocampus__M002
gtex__hippocampus__M003                 SET      96     -0.10465   -0.0076508      0.11697      0.81452 gtex__hippocampus__M003
gtex__hypothalamus__M000                SET   11095      0.12431      0.06031     0.016622   3.9418e-14 gtex__hypothalamus__M000
gtex__hypothalamus__M003                SET     409     -0.16489    -0.024662     0.053634      0.99894 gtex__hypothalamus__M003
gtex__hypothalamus__M001                SET    1452     0.015708    0.0042924     0.028368      0.28988 gtex__hypothalamus__M001
gtex__hypothalamus__M004                SET     354    -0.024451   -0.0034076     0.055626      0.66987 gtex__hypothalamus__M004
gtex__hypothalamus__M002                SET     546    -0.061169    -0.010529     0.045454       0.9108 gtex__hypothalamus__M002
gtex__hypothalamus__M005                SET     249     -0.12718     -0.01491      0.06825      0.96879 gtex__hypothalamus__M005
gtex__nucleus_accumbens_basa...1        SET   11973      0.15199     0.071463     0.017601   3.1872e-18 gtex__nucleus_accumbens_basal_ganglia__M000
gtex__nucleus_accumbens_basa...3        SET     359    -0.067062   -0.0094105     0.056583      0.88202 gtex__nucleus_accumbens_basal_ganglia__M002
gtex__nucleus_accumbens_basa...2        SET     488    -0.097304    -0.015861     0.047875      0.97894 gtex__nucleus_accumbens_basal_ganglia__M001
gtex__nucleus_accumbens_basa...7        SET     187     -0.05749    -0.005851     0.076006      0.77529 gtex__nucleus_accumbens_basal_ganglia__M006
gtex__nucleus_accumbens_basa...5        SET     233     -0.16252    -0.018439     0.070972      0.98898 gtex__nucleus_accumbens_basal_ganglia__M004
gtex__nucleus_accumbens_basa...6        SET     210     0.060006    0.0064674     0.078321       0.2218 gtex__nucleus_accumbens_basal_ganglia__M005
gtex__nucleus_accumbens_basa...4        SET     364      -0.1901    -0.026858     0.056509      0.99962 gtex__nucleus_accumbens_basal_ganglia__M003
gtex__putamen_basal_ganglia_...1        SET   11447      0.16434     0.078853      0.01725   9.1532e-22 gtex__putamen_basal_ganglia__M000
gtex__putamen_basal_ganglia_...7        SET      65    -0.033245   -0.0020016      0.12701      0.60324 gtex__putamen_basal_ganglia__M006
gtex__putamen_basal_ganglia_...2        SET    1142    -0.077157    -0.018874     0.032662      0.99091 gtex__putamen_basal_ganglia__M001
gtex__putamen_basal_ganglia_...5        SET     256    -0.089882    -0.010682     0.067386      0.90886 gtex__putamen_basal_ganglia__M004
gtex__putamen_basal_ganglia_...4        SET     273     -0.22496    -0.027595     0.065316      0.99971 gtex__putamen_basal_ganglia__M003
gtex__putamen_basal_ganglia_...3        SET     435     -0.14834    -0.022864     0.051999      0.99783 gtex__putamen_basal_ganglia__M002
gtex__putamen_basal_ganglia_...6        SET      53      0.16619    0.0090386      0.13827      0.11471 gtex__putamen_basal_ganglia__M005
gtex__spinal_cord_cervical_c...1        SET   10737      0.12651     0.061956     0.016667    1.676e-14 gtex__spinal_cord_cervical_c_1__M000
gtex__spinal_cord_cervical_c...2        SET    1004     -0.13903    -0.032019     0.034072      0.99998 gtex__spinal_cord_cervical_c_1__M001
gtex__spinal_cord_cervical_c...4        SET     620     -0.13361    -0.024454     0.044192      0.99875 gtex__spinal_cord_cervical_c_1__M003
gtex__spinal_cord_cervical_c...3        SET    1044      0.13362     0.031342     0.034693   5.8946e-05 gtex__spinal_cord_cervical_c_1__M002
gtex__spinal_cord_cervical_c...6        SET     131  -0.00047496  -4.0523e-05     0.085985       0.5022 gtex__spinal_cord_cervical_c_1__M005
gtex__spinal_cord_cervical_c...5        SET     286    -0.081488    -0.010227     0.063203      0.90134 gtex__spinal_cord_cervical_c_1__M004
gtex__spinal_cord_cervical_c...7        SET      78     0.023129    0.0015249      0.12944       0.4291 gtex__spinal_cord_cervical_c_1__M006
gtex__substantia_nigra__M000            SET    8480     0.076826     0.038365     0.015951   7.3705e-07 gtex__substantia_nigra__M000
gtex__substantia_nigra__M004            SET     543     -0.13176    -0.022619     0.046373      0.99775 gtex__substantia_nigra__M004
gtex__substantia_nigra__M001            SET    2643      0.10696     0.037976     0.021918   5.3536e-07 gtex__substantia_nigra__M001
gtex__substantia_nigra__M002            SET     980    -0.077527    -0.017653     0.034228      0.98824 gtex__substantia_nigra__M002
gtex__substantia_nigra__M003            SET     793    -0.043832   -0.0090275     0.039574      0.86597 gtex__substantia_nigra__M003
gtex__substantia_nigra__M007            SET     125     0.006302    0.0005253     0.093484      0.47313 gtex__substantia_nigra__M007
gtex__substantia_nigra__M005            SET     135     -0.10268   -0.0088923     0.096286      0.85688 gtex__substantia_nigra__M005
gtex__substantia_nigra__M006            SET      79    -0.018335   -0.0012166      0.11291       0.5645 gtex__substantia_nigra__M006
brainseq__caudate__M000                 SET    3200     0.024866     0.009535      0.01956      0.10183 brainseq__caudate__M000
brainseq__caudate__M015                 SET       8     -0.41889   -0.0088623      0.32771      0.89941 brainseq__caudate__M015
brainseq__caudate__M002                 SET    1070     0.086743     0.020583     0.032011    0.0033699 brainseq__caudate__M002
brainseq__caudate__M004                 SET    1199       0.1126     0.028175     0.031281   0.00015982 brainseq__caudate__M004
brainseq__caudate__M005                 SET     558     -0.11611    -0.020197     0.045173      0.99491 brainseq__caudate__M005
brainseq__caudate__M013                 SET     151     0.078228    0.0071615     0.073633      0.14403 brainseq__caudate__M013
brainseq__caudate__M014                 SET     148     0.073528    0.0066646     0.079042      0.17613 brainseq__caudate__M014
brainseq__caudate__M001                 SET    2547     0.024048     0.008408     0.021276      0.12919 brainseq__caudate__M001
brainseq__caudate__M003                 SET    1283     0.014583    0.0037652     0.029756      0.31204 brainseq__caudate__M003
brainseq__caudate__M019                 SET      72      0.10305     0.006529      0.11238      0.17959 brainseq__caudate__M019
brainseq__caudate__M008                 SET     266     -0.11752    -0.014233     0.064757      0.96521 brainseq__caudate__M008
brainseq__caudate__M016                 SET     103      0.04226    0.0031996      0.10519      0.34394 brainseq__caudate__M016
brainseq__caudate__M009                 SET     299    0.0058286   0.00074771     0.059508      0.46099 brainseq__caudate__M009
brainseq__caudate__M007                 SET     311      0.10536      0.01378     0.057836     0.034261 brainseq__caudate__M007
brainseq__caudate__M018                 SET      55     -0.08923   -0.0049433      0.13807      0.74093 brainseq__caudate__M018
brainseq__caudate__M011                 SET     243    -0.093972    -0.010885     0.069618      0.91145 brainseq__caudate__M011
brainseq__caudate__M010                 SET     250    -0.090311    -0.010608     0.068035      0.90781 brainseq__caudate__M010
brainseq__caudate__M006                 SET     548     0.080422     0.013867     0.043468     0.032158 brainseq__caudate__M006
brainseq__caudate__M017                 SET      81     0.020138    0.0013529      0.10624      0.42483 brainseq__caudate__M017
brainseq__caudate__M012                 SET     166    -0.052798   -0.0050657     0.084047      0.73506 brainseq__caudate__M012
brainseq__hippocampus__M000             SET   10158      0.10508     0.052044     0.016201   4.5314e-11 brainseq__hippocampus__M000
brainseq__hippocampus__M008             SET     147     -0.21103    -0.019063      0.09147      0.98947 brainseq__hippocampus__M008
brainseq__hippocampus__M001             SET     887      0.14288     0.031037      0.03771   7.5931e-05 brainseq__hippocampus__M001
brainseq__hippocampus__M002             SET    1034    -0.098075    -0.022902     0.033782      0.99815 brainseq__hippocampus__M002
brainseq__hippocampus__M004             SET     466     -0.10618    -0.016923     0.048278      0.98607 brainseq__hippocampus__M004
brainseq__hippocampus__M003             SET     446     0.044114    0.0068826     0.052248      0.19925 brainseq__hippocampus__M003
brainseq__hippocampus__M006             SET     265     -0.14627    -0.017682     0.066112      0.98653 brainseq__hippocampus__M006
brainseq__hippocampus__M005             SET     202    -0.081257   -0.0085914      0.07897      0.84824 brainseq__hippocampus__M005
brainseq__hippocampus__M007             SET     109     -0.21798    -0.016974      0.11017      0.97606 brainseq__hippocampus__M007
brainseq__dlpfc__M002                   SET    1332      0.11704     0.030744     0.028833   2.4731e-05 brainseq__dlpfc__M002
brainseq__dlpfc__M000                   SET     862   0.00045156   9.6768e-05     0.035208      0.49488 brainseq__dlpfc__M000
brainseq__dlpfc__M005                   SET    1061   0.00033223   7.8523e-05     0.030533      0.49566 brainseq__dlpfc__M005
brainseq__dlpfc__M014                   SET     253      0.14774     0.017456     0.070228     0.017711 brainseq__dlpfc__M014
brainseq__dlpfc__M004                   SET    1176     0.040502     0.010044     0.031187     0.097032 brainseq__dlpfc__M004
brainseq__dlpfc__M011                   SET     418     -0.14863    -0.022467     0.051441      0.99807 brainseq__dlpfc__M011
brainseq__dlpfc__M008                   SET     607    -0.015145   -0.0027437     0.037872      0.65538 brainseq__dlpfc__M008
brainseq__dlpfc__M006                   SET    1155     0.093034     0.022878     0.030153    0.0010181 brainseq__dlpfc__M006
brainseq__dlpfc__M010                   SET     509    -0.071282    -0.011859     0.046844      0.93595 brainseq__dlpfc__M010
brainseq__dlpfc__M009                   SET     239      0.11924     0.013699     0.065243     0.033816 brainseq__dlpfc__M009
brainseq__dlpfc__M015                   SET     345     0.056171    0.0077301     0.049499      0.12824 brainseq__dlpfc__M015
brainseq__dlpfc__M001                   SET    1670     0.032928    0.0095854     0.026241      0.10478 brainseq__dlpfc__M001
brainseq__dlpfc__M003                   SET    1209     0.056006     0.014068     0.033181     0.045728 brainseq__dlpfc__M003
brainseq__dlpfc__M012                   SET     379    -0.046251   -0.0066647     0.056796      0.79227 brainseq__dlpfc__M012
brainseq__dlpfc__M016                   SET     276     0.018754     0.002313      0.05609      0.36906 brainseq__dlpfc__M016
brainseq__dlpfc__M018                   SET     136      0.10668    0.0092725     0.083067     0.099532 brainseq__dlpfc__M018
brainseq__dlpfc__M013                   SET     333     -0.12715    -0.017198     0.058656      0.98491 brainseq__dlpfc__M013
brainseq__dlpfc__M007                   SET     648     0.010533    0.0019692     0.040876      0.39833 brainseq__dlpfc__M007
brainseq__dlpfc__M020                   SET      62     -0.24232     -0.01425      0.13903      0.95932 brainseq__dlpfc__M020
brainseq__dlpfc__M017                   SET     137      0.22204     0.019369     0.082799    0.0036671 brainseq__dlpfc__M017
brainseq__dlpfc__M019                   SET      60      0.14903    0.0086219      0.13155      0.12865 brainseq__dlpfc__M019
brainseq__dlpfc__M021                   SET     104      -0.3888    -0.029578      0.10965       0.9998 brainseq__dlpfc__M021
brainseq__caudate_sczd__M002            SET    1774   -0.0095158   -0.0028459      0.02435      0.65202 brainseq__caudate_sczd__M002
brainseq__caudate_sczd__M000            SET    1980     0.048773     0.015311     0.023595     0.019368 brainseq__caudate_sczd__M000
brainseq__caudate_sczd__M009            SET     272    -0.075547   -0.0092506     0.064752      0.87833 brainseq__caudate_sczd__M009
brainseq__caudate_sczd__M017            SET      13    -0.010031  -0.00027049      0.25097      0.51594 brainseq__caudate_sczd__M017
brainseq__caudate_sczd__M004            SET     983      0.14752     0.033639     0.033431   5.1346e-06 brainseq__caudate_sczd__M004
brainseq__caudate_sczd__M003            SET    1124      0.02045    0.0049655     0.031011      0.25481 brainseq__caudate_sczd__M003
brainseq__caudate_sczd__M006            SET     526    -0.089788    -0.015178     0.046583      0.97303 brainseq__caudate_sczd__M006
brainseq__caudate_sczd__M016            SET     178      0.12444      0.01236     0.067928     0.033484 brainseq__caudate_sczd__M016
brainseq__caudate_sczd__M018            SET     138    -0.064825   -0.0056754     0.079264      0.79327 brainseq__caudate_sczd__M018
brainseq__caudate_sczd__M001            SET    2508     0.059155      0.02055     0.021687    0.0031919 brainseq__caudate_sczd__M001
brainseq__caudate_sczd__M020            SET     115     0.049295    0.0039423     0.089964      0.29187 brainseq__caudate_sczd__M020
brainseq__caudate_sczd__M011            SET     195     0.079848    0.0082965     0.076808      0.14927 brainseq__caudate_sczd__M011
brainseq__caudate_sczd__M012            SET     193     -0.14894    -0.015397     0.077264      0.97304 brainseq__caudate_sczd__M012
brainseq__caudate_sczd__M007            SET     497    -0.068647    -0.011289     0.047713      0.92488 brainseq__caudate_sczd__M007
brainseq__caudate_sczd__M008            SET     375     0.034204    0.0049032     0.053125      0.25985 brainseq__caudate_sczd__M008
brainseq__caudate_sczd__M014            SET     203       0.1212     0.012846     0.071167      0.04429 brainseq__caudate_sczd__M014
brainseq__caudate_sczd__M019            SET     128     -0.10618   -0.0089554     0.090904       0.8786 brainseq__caudate_sczd__M019
brainseq__caudate_sczd__M015            SET     176     0.014788    0.0014605      0.06409      0.40876 brainseq__caudate_sczd__M015
brainseq__caudate_sczd__M010            SET     241     -0.11316    -0.013054     0.070244      0.94639 brainseq__caudate_sczd__M010
brainseq__caudate_sczd__M005            SET    1232     0.024171    0.0061247      0.03036      0.21298 brainseq__caudate_sczd__M005
brainseq__caudate_sczd__M013            SET     160     0.017689    0.0016665     0.075724      0.40765 brainseq__caudate_sczd__M013
brainseq__caudate_sczd__M021            SET     114      0.21576      0.01718      0.10377     0.018809 brainseq__caudate_sczd__M021
