# MEAN_SAMPLE_SIZE = 105318
# TOTAL_GENES = 17497
# TEST_DIRECTION = one-sided, positive (set), two-sided (covar)
# CONDITIONED_INTERNAL = gene size, gene density, inverse mac, log(gene size), log(gene density), log(inverse mac)
VARIABLE                               TYPE  NGENES         BETA     BETA_STD           SE            P FULL_NAME
gtex__amygdala__M000                    SET     959      0.17416     0.039641     0.032891   6.0273e-08 gtex__amygdala__M000
gtex__amygdala__M001                    SET     601       0.1137     0.020707     0.040317     0.002404 gtex__amygdala__M001
gtex__amygdala__M002                    SET     422    0.0055908   0.00085775     0.046867      0.45252 gtex__amygdala__M002
gtex__amygdala__M003                    SET     441      0.15101     0.023671       0.0486   0.00094585 gtex__amygdala__M003
gtex__amygdala__M004                    SET     307    -0.046135   -0.0060574     0.057444      0.78904 gtex__amygdala__M004
gtex__amygdala__M005                    SET     295    -0.034706   -0.0044685     0.057791      0.72593 gtex__amygdala__M005
gtex__amygdala__M006                    SET     290     0.039485    0.0050412      0.05943      0.25322 gtex__amygdala__M006
gtex__amygdala__M007                    SET     261   -0.0044256  -0.00053649      0.05905      0.52987 gtex__amygdala__M007
gtex__amygdala__M008                    SET     185     -0.15679    -0.016038     0.078067      0.97769 gtex__amygdala__M008
gtex__amygdala__M009                    SET     165     -0.13833     -0.01337     0.081157      0.95584 gtex__amygdala__M009
gtex__amygdala__M010                    SET     121      0.13797     0.011434     0.088482     0.059469 gtex__amygdala__M010
gtex__amygdala__M011                    SET     110    -0.077852   -0.0061535     0.091417      0.80278 gtex__amygdala__M011
gtex__amygdala__M012                    SET      79    -0.088636   -0.0059425      0.10562      0.79931 gtex__amygdala__M012
gtex__amygdala__M013                    SET      74     0.018196    0.0011809      0.11999      0.43973 gtex__amygdala__M013
gtex__amygdala__M014                    SET      57   -0.0007909  -4.5069e-05      0.11326      0.50279 gtex__amygdala__M014
gtex__amygdala__M015                    SET      36      0.11436    0.0051819      0.14727      0.21873 gtex__amygdala__M015
gtex__amygdala__M016                    SET      33       0.1529    0.0066343      0.16758      0.18079 gtex__amygdala__M016
gtex__amygdala__M017                    SET      15      0.68947     0.020179      0.28709    0.0081676 gtex__amygdala__M017
gtex__amygdala__M018                    SET      24     -0.30346    -0.011231      0.17692      0.95683 gtex__amygdala__M018
gtex__amygdala__M019                    SET      22   -0.0098549  -0.00034924      0.20668      0.51901 gtex__amygdala__M019
gtex__amygdala__M020                    SET      24    -0.043168   -0.0015977      0.18193      0.59378 gtex__amygdala__M020
gtex__amygdala__M021                    SET      16     0.081363    0.0024593      0.25373      0.37423 gtex__amygdala__M021
gtex__amygdala__M022                    SET      16     0.083893    0.0025358       0.2398      0.36323 gtex__amygdala__M022
gtex__anterior_cingulate_cor...1        SET    1760      0.13603     0.040917     0.025026   2.7686e-08 gtex__anterior_cingulate_cortex_ba24__M000
gtex__anterior_cingulate_cor...2        SET     670     0.039757    0.0076297     0.037962      0.14749 gtex__anterior_cingulate_cortex_ba24__M001
gtex__anterior_cingulate_cor...3        SET     628     0.060319     0.011221     0.041517     0.073141 gtex__anterior_cingulate_cortex_ba24__M002
gtex__anterior_cingulate_cor...4        SET     635      0.09109     0.017036     0.039951     0.011308 gtex__anterior_cingulate_cortex_ba24__M003
gtex__anterior_cingulate_cor...5        SET     428    -0.028228   -0.0043606     0.046007      0.73024 gtex__anterior_cingulate_cortex_ba24__M004
gtex__anterior_cingulate_cor...6        SET     437     0.085442     0.013334     0.048268     0.038359 gtex__anterior_cingulate_cortex_ba24__M005
gtex__anterior_cingulate_cor...7        SET     368     0.011208    0.0016083     0.051915      0.41454 gtex__anterior_cingulate_cortex_ba24__M006
gtex__anterior_cingulate_cor...8        SET     240    -0.068968   -0.0080221     0.067111      0.84794 gtex__anterior_cingulate_cortex_ba24__M007
gtex__anterior_cingulate_cor...9        SET     229    -0.060623   -0.0068901      0.06486      0.82502 gtex__anterior_cingulate_cortex_ba24__M008
gtex__anterior_cingulate_cor...10       SET     199      0.14448     0.015321     0.063806     0.011781 gtex__anterior_cingulate_cortex_ba24__M009
gtex__anterior_cingulate_cor...11       SET     154     0.046203    0.0043156     0.081089      0.28441 gtex__anterior_cingulate_cortex_ba24__M010
gtex__anterior_cingulate_cor...12       SET     120     0.039917    0.0032945     0.084818      0.31896 gtex__anterior_cingulate_cortex_ba24__M011
gtex__anterior_cingulate_cor...13       SET      90     0.020439    0.0014621      0.10692       0.4242 gtex__anterior_cingulate_cortex_ba24__M012
gtex__anterior_cingulate_cor...14       SET      92    -0.020868   -0.0015092       0.1029      0.58035 gtex__anterior_cingulate_cortex_ba24__M013
gtex__anterior_cingulate_cor...15       SET      51    -0.052036   -0.0028054      0.13795      0.64699 gtex__anterior_cingulate_cortex_ba24__M014
gtex__anterior_cingulate_cor...16       SET      43     -0.18934   -0.0093749      0.14803      0.89955 gtex__anterior_cingulate_cortex_ba24__M015
gtex__anterior_cingulate_cor...17       SET      43      0.11602    0.0057444      0.13915      0.20222 gtex__anterior_cingulate_cortex_ba24__M016
gtex__anterior_cingulate_cor...18       SET      40   -0.0098862  -0.00047216      0.15818      0.52492 gtex__anterior_cingulate_cortex_ba24__M017
gtex__anterior_cingulate_cor...19       SET      39     -0.12894   -0.0060807       0.1397      0.82197 gtex__anterior_cingulate_cortex_ba24__M018
gtex__anterior_cingulate_cor...20       SET      36     -0.25665     -0.01163      0.14947        0.957 gtex__anterior_cingulate_cortex_ba24__M019
gtex__anterior_cingulate_cor...21       SET      20    -0.031886   -0.0010774      0.18098      0.56992 gtex__anterior_cingulate_cortex_ba24__M020
gtex__anterior_cingulate_cor...22       SET      21      0.11975    0.0041462      0.20391      0.27852 gtex__anterior_cingulate_cortex_ba24__M021
gtex__anterior_cingulate_cor...23       SET      21     -0.13277   -0.0045972      0.18042       0.7691 gtex__anterior_cingulate_cortex_ba24__M022
gtex__anterior_cingulate_cor...24       SET      19      0.15736    0.0051827      0.20622      0.22272 gtex__anterior_cingulate_cortex_ba24__M023
gtex__caudate_basal_ganglia_...1        SET    1207      0.13444     0.034072     0.030224   4.3586e-06 gtex__caudate_basal_ganglia__M000
gtex__caudate_basal_ganglia_...2        SET     919     0.080251     0.017903     0.033764    0.0087377 gtex__caudate_basal_ganglia__M001
gtex__caudate_basal_ganglia_...3        SET     774     0.044863    0.0092251     0.036524      0.10967 gtex__caudate_basal_ganglia__M002
gtex__caudate_basal_ganglia_...4        SET     569     0.027148    0.0048155     0.041805      0.25805 gtex__caudate_basal_ganglia__M003
gtex__caudate_basal_ganglia_...5        SET     568     0.026091    0.0046241     0.039765      0.25588 gtex__caudate_basal_ganglia__M004
gtex__caudate_basal_ganglia_...6        SET     470      -0.1216    -0.019661     0.049041      0.99342 gtex__caudate_basal_ganglia__M005
gtex__caudate_basal_ganglia_...7        SET     449    -0.021264   -0.0033624     0.045715      0.67908 gtex__caudate_basal_ganglia__M006
gtex__caudate_basal_ganglia_...8        SET     261     0.096359     0.011681     0.065584     0.070892 gtex__caudate_basal_ganglia__M007
gtex__caudate_basal_ganglia_...9        SET     208      0.11677     0.012656     0.063321       0.0326 gtex__caudate_basal_ganglia__M008
gtex__caudate_basal_ganglia_...10       SET     177   0.00084262   8.4323e-05     0.070108      0.49521 gtex__caudate_basal_ganglia__M009
gtex__caudate_basal_ganglia_...11       SET     156     0.059797    0.0056212     0.076287      0.21657 gtex__caudate_basal_ganglia__M010
gtex__caudate_basal_ganglia_...12       SET     184     0.084797    0.0086501     0.068427      0.10764 gtex__caudate_basal_ganglia__M011
gtex__caudate_basal_ganglia_...13       SET      69      0.22485     0.014093      0.11424     0.024526 gtex__caudate_basal_ganglia__M012
gtex__caudate_basal_ganglia_...14       SET      60      -0.1107   -0.0064716      0.12214      0.81762 gtex__caudate_basal_ganglia__M013
gtex__caudate_basal_ganglia_...15       SET      41     -0.17842   -0.0086267      0.16871      0.85485 gtex__caudate_basal_ganglia__M014
gtex__caudate_basal_ganglia_...16       SET      20     -0.33342    -0.011267       0.2194       0.9357 gtex__caudate_basal_ganglia__M015
gtex__caudate_basal_ganglia_...17       SET      19     -0.13929   -0.0045878      0.21495      0.74151 gtex__caudate_basal_ganglia__M016
gtex__cerebellar_hemisphere_...1        SET    2081      0.11607     0.037573     0.022992   2.2545e-07 gtex__cerebellar_hemisphere__M000
gtex__cerebellar_hemisphere_...2        SET     678    -0.022552   -0.0043526     0.035692      0.73625 gtex__cerebellar_hemisphere__M001
gtex__cerebellar_hemisphere_...3        SET     624     0.075441     0.013991     0.040421     0.031004 gtex__cerebellar_hemisphere__M002
gtex__cerebellar_hemisphere_...4        SET     545     0.060077     0.010437     0.041815      0.07541 gtex__cerebellar_hemisphere__M003
gtex__cerebellar_hemisphere_...5        SET     465    -0.084761    -0.013633      0.05129      0.95078 gtex__cerebellar_hemisphere__M004
gtex__cerebellar_hemisphere_...6        SET     251     0.074078    0.0088088     0.059129      0.10514 gtex__cerebellar_hemisphere__M005
gtex__cerebellar_hemisphere_...7        SET     203    0.0074343   0.00079613     0.067106      0.45589 gtex__cerebellar_hemisphere__M006
gtex__cerebellar_hemisphere_...8        SET     122     0.081539    0.0067851       0.0861      0.17182 gtex__cerebellar_hemisphere__M007
gtex__cerebellar_hemisphere_...9        SET     111    -0.070019   -0.0055594     0.094778      0.76997 gtex__cerebellar_hemisphere__M008
gtex__cerebellar_hemisphere_...10       SET     122    -0.008017  -0.00066712     0.086213      0.53704 gtex__cerebellar_hemisphere__M009
gtex__cerebellar_hemisphere_...11       SET      82     0.063219    0.0043178      0.10537      0.27427 gtex__cerebellar_hemisphere__M010
gtex__cerebellar_hemisphere_...12       SET      78        0.127    0.0084606      0.10382      0.11063 gtex__cerebellar_hemisphere__M011
gtex__cerebellar_hemisphere_...13       SET      49     0.064089    0.0033869      0.12451      0.30338 gtex__cerebellar_hemisphere__M012
gtex__cerebellar_hemisphere_...14       SET      53     -0.10881   -0.0059797      0.13745      0.78571 gtex__cerebellar_hemisphere__M013
gtex__cerebellar_hemisphere_...15       SET      40     -0.12843   -0.0061337      0.14775      0.80763 gtex__cerebellar_hemisphere__M014
gtex__cerebellar_hemisphere_...16       SET      39     0.016218   0.00076484      0.16379      0.46056 gtex__cerebellar_hemisphere__M015
gtex__cerebellar_hemisphere_...17       SET      32        0.208    0.0088873       0.1697      0.11016 gtex__cerebellar_hemisphere__M016
gtex__cerebellar_hemisphere_...18       SET      21      0.14131    0.0048927      0.23449      0.27339 gtex__cerebellar_hemisphere__M017
gtex__cerebellar_hemisphere_...19       SET      30     0.069229    0.0028642      0.18273       0.3524 gtex__cerebellar_hemisphere__M018
gtex__cerebellar_hemisphere_...20       SET      19      0.30408     0.010015       0.2363      0.09908 gtex__cerebellar_hemisphere__M019
gtex__cerebellar_hemisphere_...21       SET      20     0.089429    0.0030219      0.21336      0.33755 gtex__cerebellar_hemisphere__M020
gtex__cerebellar_hemisphere_...22       SET      18     0.040704    0.0013049       0.2165      0.42544 gtex__cerebellar_hemisphere__M021
gtex__cerebellum__M000                  SET     702      0.13853     0.027187     0.037077   9.3692e-05 gtex__cerebellum__M000
gtex__cerebellum__M001                  SET     258    -0.088679    -0.010689     0.067219      0.90645 gtex__cerebellum__M001
gtex__cerebellum__M002                  SET     226     0.091602     0.010343     0.064804      0.07876 gtex__cerebellum__M002
gtex__cerebellum__M003                  SET     248     0.047909    0.0056633     0.064932      0.23031 gtex__cerebellum__M003
gtex__cerebellum__M004                  SET     189  -0.00071988  -7.4415e-05     0.068652      0.50418 gtex__cerebellum__M004
gtex__cerebellum__M005                  SET     135      0.19305     0.016892     0.080412    0.0081861 gtex__cerebellum__M005
gtex__cerebellum__M006                  SET     111     0.043954    0.0034899     0.090772      0.31412 gtex__cerebellum__M006
gtex__cerebellum__M007                  SET     110      0.25276     0.019979      0.09553    0.0040777 gtex__cerebellum__M007
gtex__cerebellum__M008                  SET      61    -0.040835    -0.002407       0.1287      0.62449 gtex__cerebellum__M008
gtex__cerebellum__M009                  SET      93      0.25922     0.018849     0.097135     0.003811 gtex__cerebellum__M009
gtex__cerebellum__M010                  SET      84      0.11981    0.0082815      0.11772      0.15442 gtex__cerebellum__M010
gtex__cerebellum__M011                  SET      83    -0.087597    -0.006019      0.10061      0.80802 gtex__cerebellum__M011
gtex__cerebellum__M012                  SET      87    -0.019879   -0.0013983      0.10281      0.57666 gtex__cerebellum__M012
gtex__cerebellum__M013                  SET      66    -0.013637  -0.00083598      0.11889      0.54566 gtex__cerebellum__M013
gtex__cerebellum__M014                  SET      47       0.1927    0.0099741      0.14134     0.086399 gtex__cerebellum__M014
gtex__cerebellum__M015                  SET      46     -0.13748   -0.0070402      0.12707      0.86036 gtex__cerebellum__M015
gtex__cerebellum__M016                  SET      39      0.42972     0.020266      0.17384    0.0067234 gtex__cerebellum__M016
gtex__cerebellum__M017                  SET      30      0.19716    0.0081573      0.18818      0.14739 gtex__cerebellum__M017
gtex__cerebellum__M018                  SET      21     -0.33587    -0.011629      0.23876      0.92024 gtex__cerebellum__M018
gtex__cerebellum__M019                  SET      26     0.070647    0.0027214      0.23034      0.37953 gtex__cerebellum__M019
gtex__cerebellum__M020                  SET      19     0.029593   0.00097467      0.23499      0.44989 gtex__cerebellum__M020
gtex__cerebellum__M021                  SET      26      0.24177    0.0093132       0.1689     0.076163 gtex__cerebellum__M021
gtex__cerebellum__M022                  SET      18     -0.29709   -0.0095244      0.23662      0.89535 gtex__cerebellum__M022
gtex__cerebellum__M023                  SET      19     -0.35196    -0.011592      0.21738      0.94728 gtex__cerebellum__M023
gtex__cerebellum__M024                  SET      17    -0.037871   -0.0011799       0.2139      0.57026 gtex__cerebellum__M024
gtex__cerebellum__M025                  SET      18     0.057108    0.0018308      0.25636      0.41186 gtex__cerebellum__M025
gtex__cortex__M000                      SET     620    0.0053802    0.0009947     0.039722      0.44613 gtex__cortex__M000
gtex__cortex__M001                      SET     545      0.17533     0.030459     0.043468   2.7588e-05 gtex__cortex__M001
gtex__cortex__M002                      SET     611      0.13176     0.024188      0.04075   0.00061313 gtex__cortex__M002
gtex__cortex__M003                      SET     544      0.07849     0.013623     0.041321     0.028757 gtex__cortex__M003
gtex__cortex__M004                      SET     290     0.057724    0.0073698     0.060874      0.17151 gtex__cortex__M004
gtex__cortex__M005                      SET     255      0.22738      0.02725     0.059781   7.1592e-05 gtex__cortex__M005
gtex__cortex__M006                      SET     207     0.049277    0.0053281     0.067069      0.23126 gtex__cortex__M006
gtex__cortex__M007                      SET     179     -0.14237    -0.014327     0.079545      0.96325 gtex__cortex__M007
gtex__cortex__M008                      SET     144      0.08131    0.0073461     0.077773      0.14791 gtex__cortex__M008
gtex__cortex__M009                      SET      51     -0.18184    -0.009803      0.14905      0.88875 gtex__cortex__M009
gtex__cortex__M010                      SET      84     -0.18573    -0.012838      0.11055      0.95352 gtex__cortex__M010
gtex__cortex__M011                      SET      43     0.044084    0.0021828      0.14768      0.38265 gtex__cortex__M011
gtex__cortex__M012                      SET      38     0.015352   0.00071468      0.14308      0.45728 gtex__cortex__M012
gtex__frontal_cortex_ba9__M0...1        SET    1248      0.12375      0.03185     0.029032   1.0165e-05 gtex__frontal_cortex_ba9__M000
gtex__frontal_cortex_ba9__M0...2        SET     997      0.14378     0.033329     0.033165   7.3285e-06 gtex__frontal_cortex_ba9__M001
gtex__frontal_cortex_ba9__M0...3        SET    1005     0.048168     0.011208     0.031977     0.065999 gtex__frontal_cortex_ba9__M002
gtex__frontal_cortex_ba9__M0...4        SET     815     0.014881    0.0031361     0.033644      0.32914 gtex__frontal_cortex_ba9__M003
gtex__frontal_cortex_ba9__M0...5        SET     677     0.034582    0.0066698     0.039043      0.18788 gtex__frontal_cortex_ba9__M004
gtex__frontal_cortex_ba9__M0...6        SET     474     -0.10414    -0.016907     0.047327      0.98611 gtex__frontal_cortex_ba9__M005
gtex__frontal_cortex_ba9__M0...7        SET     213     0.080728    0.0088529     0.061843     0.095893 gtex__frontal_cortex_ba9__M006
gtex__frontal_cortex_ba9__M0...8        SET     166      0.13336     0.012928     0.071167     0.030486 gtex__frontal_cortex_ba9__M007
gtex__frontal_cortex_ba9__M0...9        SET      62     -0.02846   -0.0016912       0.1163      0.59665 gtex__frontal_cortex_ba9__M008
gtex__frontal_cortex_ba9__M0...10       SET      55    -0.050285   -0.0028149      0.12245      0.65934 gtex__frontal_cortex_ba9__M009
gtex__frontal_cortex_ba9__M0...11       SET      48      0.37621     0.019678      0.15459    0.0074792 gtex__frontal_cortex_ba9__M010
gtex__frontal_cortex_ba9__M0...12       SET      41     -0.16181   -0.0078239       0.1643      0.83765 gtex__frontal_cortex_ba9__M011
gtex__hippocampus__M000                 SET    1391      0.12871     0.034819     0.028435   3.0213e-06 gtex__hippocampus__M000
gtex__hippocampus__M001                 SET    1425      0.12538     0.034294     0.027497   2.5795e-06 gtex__hippocampus__M001
gtex__hippocampus__M002                 SET     819     0.014363    0.0030339     0.034602      0.33905 gtex__hippocampus__M002
gtex__hippocampus__M003                 SET     790     0.064896     0.013475     0.035445     0.033568 gtex__hippocampus__M003
gtex__hippocampus__M004                 SET     430     0.037932    0.0058731     0.045734      0.20345 gtex__hippocampus__M004
gtex__hippocampus__M005                 SET     422    -0.058855   -0.0090295     0.046973      0.89488 gtex__hippocampus__M005
gtex__hippocampus__M006                 SET     327    -0.093449    -0.012656     0.057364      0.94834 gtex__hippocampus__M006
gtex__hippocampus__M007                 SET     280     0.033722    0.0042317     0.056173      0.27415 gtex__hippocampus__M007
gtex__hippocampus__M008                 SET     187     -0.07538   -0.0077513     0.074054      0.84563 gtex__hippocampus__M008
gtex__hippocampus__M009                 SET     178    -0.085233   -0.0085532     0.071677       0.8828 gtex__hippocampus__M009
gtex__hippocampus__M010                 SET     126    -0.055606   -0.0047018     0.084154      0.74561 gtex__hippocampus__M010
gtex__hippocampus__M011                 SET      97      0.16436     0.012204     0.095916     0.043312 gtex__hippocampus__M011
gtex__hippocampus__M012                 SET      73    -0.025915   -0.0016704      0.10561      0.59691 gtex__hippocampus__M012
gtex__hippocampus__M013                 SET      64      0.11685    0.0070544      0.11636      0.15764 gtex__hippocampus__M013
gtex__hippocampus__M014                 SET      40     -0.22561    -0.010775      0.16087       0.9196 gtex__hippocampus__M014
gtex__hippocampus__M015                 SET      28     -0.44666    -0.017854      0.18327      0.99259 gtex__hippocampus__M015
gtex__hippocampus__M016                 SET      33     0.019092   0.00082839       0.1811      0.45802 gtex__hippocampus__M016
gtex__hippocampus__M017                 SET      25    -0.032378   -0.0012231      0.21167      0.56079 gtex__hippocampus__M017
gtex__hippocampus__M018                 SET      26     -0.32583    -0.012551      0.19966      0.94865 gtex__hippocampus__M018
gtex__hippocampus__M019                 SET      21     -0.20067    -0.006948      0.23586      0.80256 gtex__hippocampus__M019
gtex__hypothalamus__M000                SET    2011      0.12772     0.040736      0.02375   3.8269e-08 gtex__hypothalamus__M000
gtex__hypothalamus__M001                SET     667     0.033592    0.0064326     0.038796      0.19329 gtex__hypothalamus__M001
gtex__hypothalamus__M002                SET     419     0.011365    0.0017376     0.047543      0.40553 gtex__hypothalamus__M002
gtex__hypothalamus__M003                SET     390      0.09503     0.014029     0.048971     0.026165 gtex__hypothalamus__M003
gtex__hypothalamus__M004                SET     308    -0.015013   -0.0019743     0.055268      0.60705 gtex__hypothalamus__M004
gtex__hypothalamus__M005                SET     268    -0.024309   -0.0029854     0.056173       0.6674 gtex__hypothalamus__M005
gtex__hypothalamus__M006                SET     204    0.0070702   0.00075898     0.070415      0.46001 gtex__hypothalamus__M006
gtex__hypothalamus__M007                SET     220     -0.10227    -0.011395     0.070519      0.92649 gtex__hypothalamus__M007
gtex__hypothalamus__M008                SET     151     -0.15602    -0.014431      0.07853      0.97651 gtex__hypothalamus__M008
gtex__hypothalamus__M009                SET     158     -0.13726    -0.012985     0.083962      0.94895 gtex__hypothalamus__M009
gtex__hypothalamus__M010                SET     123        0.149     0.012449     0.086029     0.041652 gtex__hypothalamus__M010
gtex__hypothalamus__M011                SET      97      0.14676     0.010897      0.10123     0.073577 gtex__hypothalamus__M011
gtex__hypothalamus__M012                SET      80     0.087954    0.0059338      0.10197      0.19421 gtex__hypothalamus__M012
gtex__hypothalamus__M013                SET      77    -0.049938   -0.0033056      0.10237      0.68716 gtex__hypothalamus__M013
gtex__hypothalamus__M014                SET      66     0.053141    0.0032577      0.11653      0.32419 gtex__hypothalamus__M014
gtex__hypothalamus__M015                SET      72    -0.051958   -0.0033262      0.11089      0.68031 gtex__hypothalamus__M015
gtex__hypothalamus__M016                SET      63     -0.10956   -0.0065622      0.12153      0.81632 gtex__hypothalamus__M016
gtex__hypothalamus__M017                SET      60   -0.0068377  -0.00039974      0.12493      0.52182 gtex__hypothalamus__M017
gtex__hypothalamus__M018                SET      43     -0.23143    -0.011459      0.16445      0.92033 gtex__hypothalamus__M018
gtex__hypothalamus__M019                SET      25     -0.10384   -0.0039223      0.18669      0.71096 gtex__hypothalamus__M019
gtex__hypothalamus__M020                SET      23      0.22403    0.0081174      0.18467      0.11255 gtex__hypothalamus__M020
gtex__hypothalamus__M021                SET      22     -0.23007   -0.0081532      0.24024      0.83088 gtex__hypothalamus__M021
gtex__hypothalamus__M022                SET      18      0.28194    0.0090386      0.21642     0.096342 gtex__hypothalamus__M022
gtex__hypothalamus__M023                SET      18       0.1301    0.0041708      0.21623       0.2737 gtex__hypothalamus__M023
gtex__nucleus_accumbens_basa...1        SET    2465      0.11223     0.039048     0.021836   1.3901e-07 gtex__nucleus_accumbens_basal_ganglia__M000
gtex__nucleus_accumbens_basa...2        SET     727   -0.0067062   -0.0013383     0.035794      0.57431 gtex__nucleus_accumbens_basal_ganglia__M001
gtex__nucleus_accumbens_basa...3        SET     727     0.013252    0.0026446      0.03728      0.36112 gtex__nucleus_accumbens_basal_ganglia__M002
gtex__nucleus_accumbens_basa...4        SET     487     0.002801   0.00046077      0.04406      0.47466 gtex__nucleus_accumbens_basal_ganglia__M003
gtex__nucleus_accumbens_basa...5        SET     170    -0.057541   -0.0056444     0.076838      0.77303 gtex__nucleus_accumbens_basal_ganglia__M004
gtex__nucleus_accumbens_basa...6        SET     144      0.13454     0.012155     0.081276      0.04894 gtex__nucleus_accumbens_basal_ganglia__M005
gtex__nucleus_accumbens_basa...7        SET     119    -0.080215   -0.0065929     0.093226      0.80522 gtex__nucleus_accumbens_basal_ganglia__M006
gtex__nucleus_accumbens_basa...8        SET     133   -0.0096487  -0.00083804     0.082109      0.54677 gtex__nucleus_accumbens_basal_ganglia__M007
gtex__nucleus_accumbens_basa...9        SET     147    0.0058809   0.00053679     0.082326      0.47153 gtex__nucleus_accumbens_basal_ganglia__M008
gtex__nucleus_accumbens_basa...10       SET     127    -0.099131   -0.0084151     0.092615      0.85776 gtex__nucleus_accumbens_basal_ganglia__M009
gtex__nucleus_accumbens_basa...11       SET      93     0.067542    0.0049112     0.093544      0.23514 gtex__nucleus_accumbens_basal_ganglia__M010
gtex__nucleus_accumbens_basa...12       SET      89    -0.076124   -0.0054155     0.099377      0.77816 gtex__nucleus_accumbens_basal_ganglia__M011
gtex__nucleus_accumbens_basa...13       SET      97    -0.053273   -0.0039557      0.10054       0.7019 gtex__nucleus_accumbens_basal_ganglia__M012
gtex__nucleus_accumbens_basa...14       SET      77     0.080014    0.0052965       0.1103      0.23411 gtex__nucleus_accumbens_basal_ganglia__M013
gtex__nucleus_accumbens_basa...15       SET      57    0.0058626   0.00033408      0.12638       0.4815 gtex__nucleus_accumbens_basal_ganglia__M014
gtex__nucleus_accumbens_basa...16       SET      61       0.1472    0.0086764      0.12666       0.1226 gtex__nucleus_accumbens_basal_ganglia__M015
gtex__nucleus_accumbens_basa...17       SET      27     0.027843    0.0010929      0.21473      0.44842 gtex__nucleus_accumbens_basal_ganglia__M016
gtex__nucleus_accumbens_basa...18       SET      32      0.16246    0.0069413      0.17497      0.17658 gtex__nucleus_accumbens_basal_ganglia__M017
gtex__nucleus_accumbens_basa...19       SET      20      0.15488    0.0052336       0.2081      0.22836 gtex__nucleus_accumbens_basal_ganglia__M018
gtex__nucleus_accumbens_basa...20       SET      16      0.15633    0.0047253      0.22896      0.24738 gtex__nucleus_accumbens_basal_ganglia__M019
gtex__putamen_basal_ganglia_...1        SET    1422      0.11409     0.031175     0.028142   2.5303e-05 gtex__putamen_basal_ganglia__M000
gtex__putamen_basal_ganglia_...2        SET     909     0.043276    0.0096045     0.034691      0.10612 gtex__putamen_basal_ganglia__M001
gtex__putamen_basal_ganglia_...3        SET     783     0.071046     0.014689      0.03589     0.023885 gtex__putamen_basal_ganglia__M002
gtex__putamen_basal_ganglia_...4        SET     485    -0.012938   -0.0021241     0.045606      0.61168 gtex__putamen_basal_ganglia__M003
gtex__putamen_basal_ganglia_...5        SET     395    0.0032957   0.00048957     0.046876      0.47198 gtex__putamen_basal_ganglia__M004
gtex__putamen_basal_ganglia_...6        SET     386     0.079802     0.011722     0.049274     0.052675 gtex__putamen_basal_ganglia__M005
gtex__putamen_basal_ganglia_...7        SET     329     0.064495    0.0087606     0.053403      0.11359 gtex__putamen_basal_ganglia__M006
gtex__putamen_basal_ganglia_...8        SET     155     0.018929    0.0017738     0.079486      0.40589 gtex__putamen_basal_ganglia__M007
gtex__putamen_basal_ganglia_...9        SET     135    -0.050759   -0.0044415     0.083712      0.72786 gtex__putamen_basal_ganglia__M008
gtex__putamen_basal_ganglia_...10       SET     132      0.05591     0.004838     0.082143      0.24805 gtex__putamen_basal_ganglia__M009
gtex__putamen_basal_ganglia_...11       SET      95    -0.092225   -0.0067774     0.098149      0.82629 gtex__putamen_basal_ganglia__M010
gtex__putamen_basal_ganglia_...12       SET      97     -0.04365   -0.0032411     0.097446       0.6729 gtex__putamen_basal_ganglia__M011
gtex__putamen_basal_ganglia_...13       SET      52     0.033476    0.0018223      0.12345      0.39313 gtex__putamen_basal_ganglia__M012
gtex__putamen_basal_ganglia_...14       SET      52    -0.014132  -0.00076931       0.1262      0.54458 gtex__putamen_basal_ganglia__M013
gtex__putamen_basal_ganglia_...15       SET      43      0.11284    0.0055872      0.14259      0.21436 gtex__putamen_basal_ganglia__M014
gtex__putamen_basal_ganglia_...16       SET      34      -0.1456    -0.006412      0.16713      0.80816 gtex__putamen_basal_ganglia__M015
gtex__putamen_basal_ganglia_...17       SET      27      0.20788    0.0081601      0.18815      0.13461 gtex__putamen_basal_ganglia__M016
gtex__putamen_basal_ganglia_...18       SET      29     0.074011    0.0030107      0.16212      0.32401 gtex__putamen_basal_ganglia__M017
gtex__putamen_basal_ganglia_...19       SET      22     0.045918    0.0016272      0.20551       0.4116 gtex__putamen_basal_ganglia__M018
gtex__spinal_cord_cervical_c...1        SET    1242      0.13352     0.034288     0.029269   2.5551e-06 gtex__spinal_cord_cervical_c_1__M000
gtex__spinal_cord_cervical_c...2        SET     692     0.033295    0.0064893     0.037405       0.1867 gtex__spinal_cord_cervical_c_1__M001
gtex__spinal_cord_cervical_c...3        SET     677      0.14856     0.028651     0.041261   0.00015934 gtex__spinal_cord_cervical_c_1__M002
gtex__spinal_cord_cervical_c...4        SET     407     -0.11476    -0.017299     0.052557       0.9855 gtex__spinal_cord_cervical_c_1__M003
gtex__spinal_cord_cervical_c...5        SET     402      0.04722    0.0070749     0.049327      0.16922 gtex__spinal_cord_cervical_c_1__M004
gtex__spinal_cord_cervical_c...6        SET     277      0.11244     0.014036     0.060172      0.03084 gtex__spinal_cord_cervical_c_1__M005
gtex__spinal_cord_cervical_c...7        SET     254     0.012557    0.0015019     0.058805      0.41546 gtex__spinal_cord_cervical_c_1__M006
gtex__spinal_cord_cervical_c...8        SET     235     0.096111     0.011064     0.064291     0.067476 gtex__spinal_cord_cervical_c_1__M007
gtex__spinal_cord_cervical_c...9        SET     147     0.076986    0.0070269      0.07614      0.15599 gtex__spinal_cord_cervical_c_1__M008
gtex__spinal_cord_cervical_c...10       SET     128     0.014688    0.0012517     0.083228      0.42996 gtex__spinal_cord_cervical_c_1__M009
gtex__spinal_cord_cervical_c...11       SET      79    -0.081744   -0.0054805      0.10819      0.77505 gtex__spinal_cord_cervical_c_1__M010
gtex__spinal_cord_cervical_c...12       SET      83     -0.02141   -0.0014711      0.12116      0.57013 gtex__spinal_cord_cervical_c_1__M011
gtex__spinal_cord_cervical_c...13       SET      72     0.064426    0.0041244      0.11132      0.28138 gtex__spinal_cord_cervical_c_1__M012
gtex__spinal_cord_cervical_c...14       SET      51    -0.016391  -0.00088365      0.13535      0.54819 gtex__spinal_cord_cervical_c_1__M013
gtex__spinal_cord_cervical_c...15       SET      57     0.098279    0.0056004      0.11348      0.19323 gtex__spinal_cord_cervical_c_1__M014
gtex__spinal_cord_cervical_c...16       SET      48      0.10775    0.0056359       0.1509      0.23761 gtex__spinal_cord_cervical_c_1__M015
gtex__spinal_cord_cervical_c...17       SET      35     -0.15049   -0.0067243       0.1453      0.84984 gtex__spinal_cord_cervical_c_1__M016
gtex__spinal_cord_cervical_c...18       SET      38      0.24507     0.011409       0.1654     0.069227 gtex__spinal_cord_cervical_c_1__M017
gtex__spinal_cord_cervical_c...19       SET      21     -0.10247    -0.003548      0.24572      0.66167 gtex__spinal_cord_cervical_c_1__M018
gtex__substantia_nigra__M000            SET    1051     0.090308     0.021459     0.031689    0.0021897 gtex__substantia_nigra__M000
gtex__substantia_nigra__M001            SET     896     0.028741    0.0063353     0.032967      0.19167 gtex__substantia_nigra__M001
gtex__substantia_nigra__M002            SET     542      0.10918     0.018917     0.045223    0.0078883 gtex__substantia_nigra__M002
gtex__substantia_nigra__M003            SET     536    0.0078652    0.0013554     0.042152      0.42599 gtex__substantia_nigra__M003
gtex__substantia_nigra__M004            SET     543    -0.030668   -0.0053183     0.043105       0.7616 gtex__substantia_nigra__M004
gtex__substantia_nigra__M005            SET     500     0.046971    0.0078262      0.04244       0.1342 gtex__substantia_nigra__M005
gtex__substantia_nigra__M006            SET     435      0.18331     0.028543     0.049543   0.00010812 gtex__substantia_nigra__M006
gtex__substantia_nigra__M007            SET     172    -0.090612     -0.00894     0.079611      0.87247 gtex__substantia_nigra__M007
gtex__substantia_nigra__M008            SET      79     -0.02196   -0.0014723       0.1202      0.57248 gtex__substantia_nigra__M008
gtex__substantia_nigra__M009            SET      52     0.014242    0.0007753       0.1265      0.45518 gtex__substantia_nigra__M009
gtex__substantia_nigra__M010            SET      33     -0.28296    -0.012277      0.19781      0.92371 gtex__substantia_nigra__M010
brainseq__caudate__M000                 SET     416      0.04302    0.0065542     0.048922      0.18961 brainseq__caudate__M000
brainseq__caudate__M001                 SET     963     0.086722     0.019778     0.033915    0.0052833 brainseq__caudate__M001
brainseq__caudate__M002                 SET     880     0.091661     0.020033     0.035203    0.0046141 brainseq__caudate__M002
brainseq__caudate__M003                 SET     817     0.073191     0.015442     0.034721     0.017524 brainseq__caudate__M003
brainseq__caudate__M004                 SET     732     0.076087     0.015234     0.035952     0.017166 brainseq__caudate__M004
brainseq__caudate__M005                 SET     412     0.038622    0.0058565     0.046355      0.20238 brainseq__caudate__M005
brainseq__caudate__M006                 SET     351     0.063168    0.0088569      0.05303       0.1168 brainseq__caudate__M006
brainseq__caudate__M007                 SET     350      0.15952     0.022336     0.055014    0.0018705 brainseq__caudate__M007
brainseq__caudate__M008                 SET     166     0.094676    0.0091781     0.073399     0.098554 brainseq__caudate__M008
brainseq__caudate__M009                 SET      75     -0.22064    -0.014415      0.12048      0.96646 brainseq__caudate__M009
brainseq__hippocampus__M000             SET     422      0.14542     0.022311      0.04965    0.0017031 brainseq__hippocampus__M000
brainseq__hippocampus__M001             SET     443    -0.069102    -0.010856     0.048847      0.92141 brainseq__hippocampus__M001
brainseq__hippocampus__M002             SET     420     0.061842     0.009466      0.04716     0.094884 brainseq__hippocampus__M002
brainseq__hippocampus__M003             SET     347      0.13449     0.018751      0.05387    0.0062763 brainseq__hippocampus__M003
brainseq__hippocampus__M004             SET     372     0.036418    0.0052535     0.052372      0.24342 brainseq__hippocampus__M004
brainseq__hippocampus__M005             SET     352      0.14649     0.020568     0.052189    0.0025039 brainseq__hippocampus__M005
brainseq__hippocampus__M006             SET     342      0.13514     0.018709     0.056277    0.0081717 brainseq__hippocampus__M006
brainseq__hippocampus__M007             SET     296      0.14489     0.018686      0.05787    0.0061488 brainseq__hippocampus__M007
brainseq__hippocampus__M008             SET     267      0.14747     0.018078     0.062204    0.0088835 brainseq__hippocampus__M008
brainseq__hippocampus__M009             SET     121      0.20237     0.016771     0.087626     0.010464 brainseq__hippocampus__M009
brainseq__hippocampus__M010             SET     115     -0.10777   -0.0087089     0.092743      0.87739 brainseq__hippocampus__M010
brainseq__hippocampus__M011             SET     104      0.22868     0.017578      0.09514    0.0081226 brainseq__hippocampus__M011
brainseq__hippocampus__M012             SET      27      0.30788     0.012085      0.17846     0.042256 brainseq__hippocampus__M012
brainseq__hippocampus__M013             SET      19     0.053468     0.001761      0.20914      0.39911 brainseq__hippocampus__M013
brainseq__dlpfc__M000                   SET     488      0.11711     0.019284     0.044896    0.0045517 brainseq__dlpfc__M000
brainseq__dlpfc__M001                   SET     458     0.095395     0.015231     0.046564     0.020254 brainseq__dlpfc__M001
brainseq__dlpfc__M002                   SET     398    -0.047545    -0.007089     0.049463      0.83177 brainseq__dlpfc__M002
brainseq__dlpfc__M003                   SET     392      0.10894     0.016123     0.052598      0.01918 brainseq__dlpfc__M003
brainseq__dlpfc__M004                   SET     366      0.11972     0.017133     0.050359    0.0087265 brainseq__dlpfc__M004
brainseq__dlpfc__M005                   SET     363     0.090547     0.012906     0.053347     0.044827 brainseq__dlpfc__M005
brainseq__dlpfc__M006                   SET     378      0.12395     0.018021       0.0519    0.0084695 brainseq__dlpfc__M006
brainseq__dlpfc__M007                   SET     246    -0.098668    -0.011617     0.065281      0.93465 brainseq__dlpfc__M007
brainseq__dlpfc__M008                   SET     271     0.081822     0.010104     0.057977     0.079091 brainseq__dlpfc__M008
brainseq__dlpfc__M009                   SET     223     0.021741    0.0024388     0.062412      0.36379 brainseq__dlpfc__M009
brainseq__dlpfc__M010                   SET     233      0.15554      0.01783     0.064647    0.0080685 brainseq__dlpfc__M010
brainseq__dlpfc__M011                   SET     189     0.039295     0.004062     0.073911      0.29749 brainseq__dlpfc__M011
brainseq__dlpfc__M012                   SET     147     -0.02346   -0.0021413     0.080625      0.61446 brainseq__dlpfc__M012
brainseq__caudate_sczd__M000            SET      36      0.15831    0.0071736      0.17248      0.17937 brainseq__caudate_sczd__M000
brainseq__caudate_sczd__M001            SET     236      0.10656     0.012293     0.068114     0.058859 brainseq__caudate_sczd__M001
brainseq__caudate_sczd__M002            SET     182      0.23208     0.023547     0.078873    0.0016301 brainseq__caudate_sczd__M002
brainseq__caudate_sczd__M003            SET      25     0.037705    0.0014243      0.18329      0.41851 brainseq__caudate_sczd__M003
brainseq__caudate_sczd__M004            SET     114    -0.074453   -0.0059903     0.094784      0.78391 brainseq__caudate_sczd__M004
brainseq__caudate_sczd__M005            SET     116      0.13354     0.010837     0.091963     0.073252 brainseq__caudate_sczd__M005
brainseq__caudate_sczd__M006            SET      21    -0.056017   -0.0019396      0.24901      0.58899 brainseq__caudate_sczd__M006
brainseq__caudate_sczd__M007            SET      86      0.14886     0.010411      0.10682     0.081746 brainseq__caudate_sczd__M007
brainseq__caudate_sczd__M008            SET      61      0.14243    0.0083953      0.13833       0.1516 brainseq__caudate_sczd__M008
brainseq__caudate_sczd__M009            SET      28     -0.17212   -0.0068801      0.18381      0.82547 brainseq__caudate_sczd__M009
brainseq__caudate_sczd__M010            SET      47      0.47535     0.024604      0.13428   0.00020069 brainseq__caudate_sczd__M010
brainseq__caudate_sczd__M011            SET       8      -0.5333    -0.011401      0.33723       0.9431 brainseq__caudate_sczd__M011
brainseq__caudate_sczd__M012            SET      59    -0.094379   -0.0054714      0.12598      0.77311 brainseq__caudate_sczd__M012
brainseq__caudate_sczd__M013            SET      49     0.014413   0.00076169      0.13838      0.45852 brainseq__caudate_sczd__M013
brainseq__caudate_sczd__M014            SET      46      0.26747     0.013697      0.14694     0.034365 brainseq__caudate_sczd__M014
brainseq__caudate_sczd__M015            SET      41      0.18545     0.008967       0.1488      0.10634 brainseq__caudate_sczd__M015
brainseq__caudate_sczd__M016            SET      30     -0.14477   -0.0059895      0.17749      0.79264 brainseq__caudate_sczd__M016
brainseq__caudate_sczd__M017            SET      44      0.22693     0.011366      0.12925     0.039578 brainseq__caudate_sczd__M017
brainseq__caudate_sczd__M018            SET      43      0.13265     0.006568      0.15536      0.19661 brainseq__caudate_sczd__M018
brainseq__caudate_sczd__M019            SET      40      0.11977    0.0057201      0.17182      0.24289 brainseq__caudate_sczd__M019
brainseq__caudate_sczd__M020            SET      36     0.071814    0.0032542      0.16568      0.33235 brainseq__caudate_sczd__M020
brainseq__caudate_sczd__M021            SET      10      0.23275    0.0055629      0.32277      0.23543 brainseq__caudate_sczd__M021
brainseq__caudate_sczd__M022            SET      16      0.14039    0.0042435      0.21917      0.26091 brainseq__caudate_sczd__M022
brainseq__caudate_sczd__M023            SET      11      0.43423     0.010884      0.28053     0.060839 brainseq__caudate_sczd__M023
brainseq__caudate_sczd__M024            SET      30     -0.14095   -0.0058317      0.19233      0.76818 brainseq__caudate_sczd__M024
brainseq__caudate_sczd__M025            SET      12     -0.20208   -0.0052906      0.37169      0.70667 brainseq__caudate_sczd__M025
brainseq__caudate_sczd__M026            SET      27     -0.10214   -0.0040092      0.17017      0.72581 brainseq__caudate_sczd__M026
brainseq__caudate_sczd__M027            SET      22      0.28706     0.010173      0.21437     0.090281 brainseq__caudate_sczd__M027
brainseq__caudate_sczd__M028            SET      22     0.034466    0.0012214      0.20367      0.43281 brainseq__caudate_sczd__M028
brainseq__caudate_sczd__M029            SET      26     -0.20123   -0.0077514      0.18905      0.85642 brainseq__caudate_sczd__M029
brainseq__caudate_sczd__M030            SET       8     -0.44194   -0.0094479      0.42093      0.85311 brainseq__caudate_sczd__M030
brainseq__caudate_sczd__M031            SET      16       0.3411      0.01031       0.2427     0.079952 brainseq__caudate_sczd__M031
brainseq__caudate_sczd__M032            SET      19      -0.1136   -0.0037414      0.25892      0.66957 brainseq__caudate_sczd__M032
brainseq__caudate_sczd__M033            SET      22     -0.19522   -0.0069182      0.20942      0.82438 brainseq__caudate_sczd__M033
brainseq__caudate_sczd__M034            SET      19    -0.058805   -0.0019368      0.24305      0.59559 brainseq__caudate_sczd__M034
brainseq__caudate_sczd__M035            SET       6      0.11326    0.0020971      0.38619      0.38466 brainseq__caudate_sczd__M035
brainseq__caudate_sczd__M036            SET      12      -0.1852   -0.0048487      0.25472      0.76641 brainseq__caudate_sczd__M036
brainseq__caudate_sczd__M037            SET      13      0.18045    0.0049171      0.23997      0.22603 brainseq__caudate_sczd__M037
brainseq__caudate_sczd__M038            SET      15      0.11024    0.0032265      0.26815       0.3405 brainseq__caudate_sczd__M038
brainseq__caudate_sczd__M039            SET      19      0.22775    0.0075013      0.23699      0.16828 brainseq__caudate_sczd__M039
