# MEAN_SAMPLE_SIZE = 29633
# TOTAL_GENES = 17948
# TEST_DIRECTION = one-sided, positive (set), two-sided (covar)
# CONDITIONED_INTERNAL = gene size, gene density, inverse mac, log(gene size), log(gene density), log(inverse mac)
VARIABLE                               TYPE  NGENES         BETA     BETA_STD           SE            P FULL_NAME
gtex__amygdala__M000                    SET     976    -0.016067   -0.0036434     0.029406      0.70759 gtex__amygdala__M000
gtex__amygdala__M001                    SET     610    -0.026783   -0.0048531     0.036295      0.76971 gtex__amygdala__M001
gtex__amygdala__M002                    SET     437    -0.013043   -0.0020104     0.041045      0.62467 gtex__amygdala__M002
gtex__amygdala__M003                    SET     443     0.067418     0.010461     0.044172     0.063484 gtex__amygdala__M003
gtex__amygdala__M004                    SET     315    -0.076929    -0.010102     0.051351      0.93294 gtex__amygdala__M004
gtex__amygdala__M005                    SET     308     0.021596    0.0028048      0.05002      0.33296 gtex__amygdala__M005
gtex__amygdala__M006                    SET     301    -0.010458    -0.001343     0.051386      0.58064 gtex__amygdala__M006
gtex__amygdala__M007                    SET     269    -0.027931   -0.0033938     0.052697      0.70195 gtex__amygdala__M007
gtex__amygdala__M008                    SET     192    -0.033035   -0.0033985     0.069173      0.68352 gtex__amygdala__M008
gtex__amygdala__M009                    SET     168      -0.1049    -0.010102     0.070342      0.93206 gtex__amygdala__M009
gtex__amygdala__M010                    SET     123    -0.065302   -0.0053875     0.080794      0.79052 gtex__amygdala__M010
gtex__amygdala__M011                    SET     111     0.095178     0.007462     0.082958      0.12564 gtex__amygdala__M011
gtex__amygdala__M012                    SET      81     0.041369    0.0027729     0.094896      0.33144 gtex__amygdala__M012
gtex__amygdala__M013                    SET      74    -0.051604   -0.0033068      0.10823      0.68325 gtex__amygdala__M013
gtex__amygdala__M014                    SET      58    -0.034454   -0.0019555      0.10077      0.63378 gtex__amygdala__M014
gtex__amygdala__M015                    SET      36     -0.14201    -0.006354      0.13667      0.85061 gtex__amygdala__M015
gtex__amygdala__M016                    SET      33      0.39462     0.016906      0.14688    0.0036111 gtex__amygdala__M016
gtex__amygdala__M017                    SET      16    0.0032961   9.8371e-05      0.24525      0.49464 gtex__amygdala__M017
gtex__amygdala__M018                    SET      24     0.010742   0.00039256       0.1559      0.47253 gtex__amygdala__M018
gtex__amygdala__M019                    SET      23     -0.11745   -0.0042017      0.18548      0.73669 gtex__amygdala__M019
gtex__amygdala__M020                    SET      24      0.22679    0.0082878      0.18384      0.10869 gtex__amygdala__M020
gtex__amygdala__M021                    SET      16     0.082291     0.002456      0.21413      0.35038 gtex__amygdala__M021
gtex__amygdala__M022                    SET      18      0.18593    0.0058854      0.20981      0.18776 gtex__amygdala__M022
gtex__anterior_cingulate_cor...1        SET    1788   -0.0032712  -0.00097974     0.022273      0.55838 gtex__anterior_cingulate_cortex_ba24__M000
gtex__anterior_cingulate_cor...2        SET     690    0.0072463    0.0013933     0.033631       0.4147 gtex__anterior_cingulate_cortex_ba24__M001
gtex__anterior_cingulate_cor...3        SET     640     0.020593    0.0038189     0.037848      0.29319 gtex__anterior_cingulate_cortex_ba24__M002
gtex__anterior_cingulate_cor...4        SET     646    -0.031242   -0.0058197     0.035762      0.80882 gtex__anterior_cingulate_cortex_ba24__M003
gtex__anterior_cingulate_cor...5        SET     439     0.021855     0.003376     0.041161      0.29773 gtex__anterior_cingulate_cortex_ba24__M004
gtex__anterior_cingulate_cor...6        SET     439     0.030817    0.0047604     0.043336      0.23851 gtex__anterior_cingulate_cortex_ba24__M005
gtex__anterior_cingulate_cor...7        SET     376    -0.043999   -0.0063015     0.046654      0.82717 gtex__anterior_cingulate_cortex_ba24__M006
gtex__anterior_cingulate_cor...8        SET     246     0.026852    0.0031221      0.06024      0.32789 gtex__anterior_cingulate_cortex_ba24__M007
gtex__anterior_cingulate_cor...9        SET     230     0.064066    0.0072061     0.057149      0.13114 gtex__anterior_cingulate_cortex_ba24__M008
gtex__anterior_cingulate_cor...10       SET     206  -0.00081724  -8.7053e-05     0.058455      0.50558 gtex__anterior_cingulate_cortex_ba24__M009
gtex__anterior_cingulate_cor...11       SET     159   -0.0069113  -0.00064763     0.070782      0.53889 gtex__anterior_cingulate_cortex_ba24__M010
gtex__anterior_cingulate_cor...12       SET     120     -0.11164   -0.0090986     0.073296      0.93614 gtex__anterior_cingulate_cortex_ba24__M011
gtex__anterior_cingulate_cor...13       SET      92      0.15171     0.010834     0.093736     0.052785 gtex__anterior_cingulate_cortex_ba24__M012
gtex__anterior_cingulate_cor...14       SET      94      0.12508    0.0090283     0.094154     0.092027 gtex__anterior_cingulate_cortex_ba24__M013
gtex__anterior_cingulate_cor...15       SET      52      0.10409    0.0055949      0.11377      0.18012 gtex__anterior_cingulate_cortex_ba24__M014
gtex__anterior_cingulate_cor...16       SET      43      0.15381    0.0075195      0.12776      0.11433 gtex__anterior_cingulate_cortex_ba24__M015
gtex__anterior_cingulate_cor...17       SET      43      0.28411      0.01389      0.12127     0.009575 gtex__anterior_cingulate_cortex_ba24__M016
gtex__anterior_cingulate_cor...18       SET      40     0.070808    0.0033391      0.14548      0.31323 gtex__anterior_cingulate_cortex_ba24__M017
gtex__anterior_cingulate_cor...19       SET      39      0.11352    0.0052859      0.12286      0.17777 gtex__anterior_cingulate_cortex_ba24__M018
gtex__anterior_cingulate_cor...20       SET      37     0.068209    0.0030938        0.146      0.32019 gtex__anterior_cingulate_cortex_ba24__M019
gtex__anterior_cingulate_cor...21       SET      21    -0.064153   -0.0021932      0.17719      0.64134 gtex__anterior_cingulate_cortex_ba24__M020
gtex__anterior_cingulate_cor...22       SET      22      -0.2054   -0.0071872      0.18053      0.87239 gtex__anterior_cingulate_cortex_ba24__M021
gtex__anterior_cingulate_cor...23       SET      21     0.059357    0.0020292      0.16338      0.35819 gtex__anterior_cingulate_cortex_ba24__M022
gtex__anterior_cingulate_cor...24       SET      19     -0.30777    -0.010009      0.18734      0.94978 gtex__anterior_cingulate_cortex_ba24__M023
gtex__caudate_basal_ganglia_...1        SET    1226     0.015424    0.0038912     0.026942       0.2835 gtex__caudate_basal_ganglia__M000
gtex__caudate_basal_ganglia_...2        SET     939    0.0032587   0.00072562     0.030364      0.45727 gtex__caudate_basal_ganglia__M001
gtex__caudate_basal_ganglia_...3        SET     780     0.038714    0.0078936     0.032448      0.11642 gtex__caudate_basal_ganglia__M002
gtex__caudate_basal_ganglia_...4        SET     591     0.022183    0.0039586     0.036673      0.27263 gtex__caudate_basal_ganglia__M003
gtex__caudate_basal_ganglia_...5        SET     588    -0.015478   -0.0027553     0.035419      0.66894 gtex__caudate_basal_ganglia__M004
gtex__caudate_basal_ganglia_...6        SET     480    -0.026732   -0.0043128     0.043419      0.73094 gtex__caudate_basal_ganglia__M005
gtex__caudate_basal_ganglia_...7        SET     461    -0.052732   -0.0083422     0.039733      0.90776 gtex__caudate_basal_ganglia__M006
gtex__caudate_basal_ganglia_...8        SET     262    -0.019027   -0.0022821     0.059372      0.62569 gtex__caudate_basal_ganglia__M007
gtex__caudate_basal_ganglia_...9        SET     214    -0.078135   -0.0084811     0.057931      0.91128 gtex__caudate_basal_ganglia__M008
gtex__caudate_basal_ganglia_...10       SET     180     0.080593    0.0080306     0.064696      0.10644 gtex__caudate_basal_ganglia__M009
gtex__caudate_basal_ganglia_...11       SET     157     -0.12488    -0.011629     0.068755      0.96533 gtex__caudate_basal_ganglia__M010
gtex__caudate_basal_ganglia_...12       SET     186     0.019275    0.0019521      0.06306      0.37993 gtex__caudate_basal_ganglia__M011
gtex__caudate_basal_ganglia_...13       SET      72     0.030546    0.0019308     0.099952      0.37996 gtex__caudate_basal_ganglia__M012
gtex__caudate_basal_ganglia_...14       SET      62     0.060635    0.0035577      0.10961      0.29006 gtex__caudate_basal_ganglia__M013
gtex__caudate_basal_ganglia_...15       SET      41       0.2238     0.010685      0.14807     0.065341 gtex__caudate_basal_ganglia__M014
gtex__caudate_basal_ganglia_...16       SET      20     -0.20448   -0.0068222      0.18604      0.86414 gtex__caudate_basal_ganglia__M015
gtex__caudate_basal_ganglia_...17       SET      20    -0.078485   -0.0026186       0.1824       0.6665 gtex__caudate_basal_ganglia__M016
gtex__cerebellar_hemisphere_...1        SET    2114    0.0073312    0.0023633     0.020571      0.36078 gtex__cerebellar_hemisphere__M000
gtex__cerebellar_hemisphere_...2        SET     697      0.05026    0.0097105     0.031985     0.058059 gtex__cerebellar_hemisphere__M001
gtex__cerebellar_hemisphere_...3        SET     632     0.023371    0.0043078     0.036357      0.26018 gtex__cerebellar_hemisphere__M002
gtex__cerebellar_hemisphere_...4        SET     558     0.090063     0.015632     0.036673    0.0070334 gtex__cerebellar_hemisphere__M003
gtex__cerebellar_hemisphere_...5        SET     471     0.078705     0.012582     0.046429     0.045032 gtex__cerebellar_hemisphere__M004
gtex__cerebellar_hemisphere_...6        SET     263    -0.076261   -0.0091639     0.052368      0.92733 gtex__cerebellar_hemisphere__M005
gtex__cerebellar_hemisphere_...7        SET     210       0.0139    0.0014947     0.061066      0.40997 gtex__cerebellar_hemisphere__M006
gtex__cerebellar_hemisphere_...8        SET     123     0.063329    0.0052247     0.076415      0.20363 gtex__cerebellar_hemisphere__M007
gtex__cerebellar_hemisphere_...9        SET     114     0.059816    0.0047522     0.085299      0.24158 gtex__cerebellar_hemisphere__M008
gtex__cerebellar_hemisphere_...10       SET     125    -0.082399   -0.0068527     0.076228      0.86013 gtex__cerebellar_hemisphere__M009
gtex__cerebellar_hemisphere_...11       SET      82       -0.238     -0.01605     0.094984      0.99388 gtex__cerebellar_hemisphere__M010
gtex__cerebellar_hemisphere_...12       SET      78    -0.042795   -0.0028151     0.089487      0.68375 gtex__cerebellar_hemisphere__M011
gtex__cerebellar_hemisphere_...13       SET      54     -0.13191   -0.0072247      0.10461      0.89633 gtex__cerebellar_hemisphere__M012
gtex__cerebellar_hemisphere_...14       SET      53    -0.032911   -0.0017858      0.12173      0.60655 gtex__cerebellar_hemisphere__M013
gtex__cerebellar_hemisphere_...15       SET      40     0.037428     0.001765      0.13553      0.39121 gtex__cerebellar_hemisphere__M014
gtex__cerebellar_hemisphere_...16       SET      40    -0.093164   -0.0043934      0.14475      0.74009 gtex__cerebellar_hemisphere__M015
gtex__cerebellar_hemisphere_...17       SET      33     -0.17543   -0.0075158      0.14848      0.88129 gtex__cerebellar_hemisphere__M016
gtex__cerebellar_hemisphere_...18       SET      21     0.073678    0.0025188      0.19888      0.35552 gtex__cerebellar_hemisphere__M017
gtex__cerebellar_hemisphere_...19       SET      31      0.01562   0.00064861       0.1508      0.45875 gtex__cerebellar_hemisphere__M018
gtex__cerebellar_hemisphere_...20       SET      20     0.080003    0.0026692      0.20519      0.34831 gtex__cerebellar_hemisphere__M019
gtex__cerebellar_hemisphere_...21       SET      20     -0.10873   -0.0036277      0.20684      0.70044 gtex__cerebellar_hemisphere__M020
gtex__cerebellar_hemisphere_...22       SET      19    -0.033488    -0.001089      0.17731       0.5749 gtex__cerebellar_hemisphere__M021
gtex__cerebellum__M000                  SET     713     0.018198    0.0035544     0.033412        0.293 gtex__cerebellum__M000
gtex__cerebellum__M001                  SET     262     0.088456     0.010609     0.060718     0.072589 gtex__cerebellum__M001
gtex__cerebellum__M002                  SET     230    -0.047595   -0.0053534     0.057952      0.79425 gtex__cerebellum__M002
gtex__cerebellum__M003                  SET     250     0.035295    0.0041365     0.057944      0.27123 gtex__cerebellum__M003
gtex__cerebellum__M004                  SET     193     0.024731    0.0025508     0.060955      0.34247 gtex__cerebellum__M004
gtex__cerebellum__M005                  SET     141     0.012071    0.0010657      0.06925      0.43081 gtex__cerebellum__M005
gtex__cerebellum__M006                  SET     112     -0.14349      -0.0113     0.080407      0.96282 gtex__cerebellum__M006
gtex__cerebellum__M007                  SET     114    -0.012409  -0.00098586     0.082797      0.55957 gtex__cerebellum__M007
gtex__cerebellum__M008                  SET      62     0.015213   0.00089264       0.1092       0.4446 gtex__cerebellum__M008
gtex__cerebellum__M009                  SET      95     0.011486   0.00083346      0.08407      0.44566 gtex__cerebellum__M009
gtex__cerebellum__M010                  SET      84     0.046302    0.0031603      0.10703      0.33266 gtex__cerebellum__M010
gtex__cerebellum__M011                  SET      88    0.0072636   0.00050738     0.089081      0.46751 gtex__cerebellum__M011
gtex__cerebellum__M012                  SET      89    -0.059194   -0.0041581     0.094968      0.73345 gtex__cerebellum__M012
gtex__cerebellum__M013                  SET      69     0.040156    0.0024851      0.10406       0.3498 gtex__cerebellum__M013
gtex__cerebellum__M014                  SET      48     0.076567    0.0039544      0.13036      0.27849 gtex__cerebellum__M014
gtex__cerebellum__M015                  SET      48    -0.047244     -0.00244      0.11506      0.65931 gtex__cerebellum__M015
gtex__cerebellum__M016                  SET      40   -0.0036626  -0.00017272      0.14327       0.5102 gtex__cerebellum__M016
gtex__cerebellum__M017                  SET      31      0.15388      0.00639      0.16935      0.18177 gtex__cerebellum__M017
gtex__cerebellum__M018                  SET      22      0.11897    0.0041628      0.19654      0.27248 gtex__cerebellum__M018
gtex__cerebellum__M019                  SET      26      0.30662     0.011662      0.21341     0.075404 gtex__cerebellum__M019
gtex__cerebellum__M020                  SET      20     -0.10966   -0.0036588      0.21495      0.69503 gtex__cerebellum__M020
gtex__cerebellum__M021                  SET      26     -0.12019   -0.0045712      0.16073      0.77269 gtex__cerebellum__M021
gtex__cerebellum__M022                  SET      18    -0.039581   -0.0012529      0.19569      0.58014 gtex__cerebellum__M022
gtex__cerebellum__M023                  SET      19      0.14743    0.0047945        0.201      0.23164 gtex__cerebellum__M023
gtex__cerebellum__M024                  SET      17      0.15719    0.0048357      0.21805      0.23549 gtex__cerebellum__M024
gtex__cerebellum__M025                  SET      19      0.42034      0.01367      0.23074     0.034255 gtex__cerebellum__M025
gtex__cortex__M000                      SET     634    -0.029997   -0.0055375     0.035488      0.80101 gtex__cortex__M000
gtex__cortex__M001                      SET     551    -0.048064   -0.0082915     0.038784      0.89237 gtex__cortex__M001
gtex__cortex__M002                      SET     623     -0.02741   -0.0050174     0.036239      0.77527 gtex__cortex__M002
gtex__cortex__M003                      SET     554    0.0020769   0.00035923     0.036863      0.47754 gtex__cortex__M003
gtex__cortex__M004                      SET     302     0.016115    0.0020728     0.051877      0.37804 gtex__cortex__M004
gtex__cortex__M005                      SET     261    -0.076082   -0.0091081     0.053718      0.92165 gtex__cortex__M005
gtex__cortex__M006                      SET     212     0.045577    0.0049243     0.058248      0.21697 gtex__cortex__M006
gtex__cortex__M007                      SET     182      0.06246    0.0062579     0.071676      0.19177 gtex__cortex__M007
gtex__cortex__M008                      SET     146    -0.096742     -0.00869      0.07338       0.9063 gtex__cortex__M008
gtex__cortex__M009                      SET      52     0.057058    0.0030668      0.13108      0.33167 gtex__cortex__M009
gtex__cortex__M010                      SET      85     0.024918    0.0017108       0.1038      0.40514 gtex__cortex__M010
gtex__cortex__M011                      SET      43      0.10775    0.0052677      0.12964      0.20295 gtex__cortex__M011
gtex__cortex__M012                      SET      39    -0.061138   -0.0028469      0.13214       0.6782 gtex__cortex__M012
gtex__frontal_cortex_ba9__M0...1        SET    1267    -0.015675   -0.0040153     0.026227      0.72497 gtex__frontal_cortex_ba9__M000
gtex__frontal_cortex_ba9__M0...2        SET    1014    -0.056183    -0.012972     0.029286      0.97246 gtex__frontal_cortex_ba9__M001
gtex__frontal_cortex_ba9__M0...3        SET    1021   -0.0013832  -0.00032039     0.028485      0.51936 gtex__frontal_cortex_ba9__M002
gtex__frontal_cortex_ba9__M0...4        SET     832    0.0042745   0.00089876     0.030287      0.44388 gtex__frontal_cortex_ba9__M003
gtex__frontal_cortex_ba9__M0...5        SET     698    0.0016359   0.00031628     0.034671      0.48118 gtex__frontal_cortex_ba9__M004
gtex__frontal_cortex_ba9__M0...6        SET     486     0.047194    0.0076603     0.042781      0.13499 gtex__frontal_cortex_ba9__M005
gtex__frontal_cortex_ba9__M0...7        SET     215    -0.030201   -0.0032857     0.056668      0.70296 gtex__frontal_cortex_ba9__M006
gtex__frontal_cortex_ba9__M0...8        SET     169     0.010123   0.00097773     0.062747      0.43591 gtex__frontal_cortex_ba9__M007
gtex__frontal_cortex_ba9__M0...9        SET      63     0.097799    0.0057842      0.10613       0.1784 gtex__frontal_cortex_ba9__M008
gtex__frontal_cortex_ba9__M0...10       SET      56     0.071275    0.0039752      0.11619       0.2698 gtex__frontal_cortex_ba9__M009
gtex__frontal_cortex_ba9__M0...11       SET      48     0.087934    0.0045415      0.14048      0.26568 gtex__frontal_cortex_ba9__M010
gtex__frontal_cortex_ba9__M0...12       SET      42     -0.37681    -0.018207      0.14398      0.99556 gtex__frontal_cortex_ba9__M011
gtex__hippocampus__M000                 SET    1418     0.012914    0.0034836     0.025468      0.30606 gtex__hippocampus__M000
gtex__hippocampus__M001                 SET    1445    0.0032777   0.00089183     0.024993      0.44783 gtex__hippocampus__M001
gtex__hippocampus__M002                 SET     843    -0.017266    -0.003653     0.030663       0.7133 gtex__hippocampus__M002
gtex__hippocampus__M003                 SET     805     -0.02626   -0.0054354     0.031482      0.79789 gtex__hippocampus__M003
gtex__hippocampus__M004                 SET     441     0.079417     0.012295     0.040767     0.025713 gtex__hippocampus__M004
gtex__hippocampus__M005                 SET     430     -0.05732   -0.0087656     0.040964      0.91913 gtex__hippocampus__M005
gtex__hippocampus__M006                 SET     335    -0.045364   -0.0061397     0.050415      0.81588 gtex__hippocampus__M006
gtex__hippocampus__M007                 SET     284    -0.001378  -0.00017197     0.051071      0.51076 gtex__hippocampus__M007
gtex__hippocampus__M008                 SET     191     0.052105    0.0053466      0.06773      0.22086 gtex__hippocampus__M008
gtex__hippocampus__M009                 SET     182     -0.11417    -0.011439     0.064098      0.96255 gtex__hippocampus__M009
gtex__hippocampus__M010                 SET     127     -0.09859   -0.0082641     0.076552       0.9011 gtex__hippocampus__M010
gtex__hippocampus__M011                 SET      97      0.13246    0.0097115     0.088583     0.067432 gtex__hippocampus__M011
gtex__hippocampus__M012                 SET      77     -0.11396   -0.0074485     0.089957      0.89738 gtex__hippocampus__M012
gtex__hippocampus__M013                 SET      64    -0.023439   -0.0013972      0.10437      0.58884 gtex__hippocampus__M013
gtex__hippocampus__M014                 SET      41        0.143    0.0068269      0.13582      0.14621 gtex__hippocampus__M014
gtex__hippocampus__M015                 SET      29     0.064551    0.0025927      0.14783      0.33118 gtex__hippocampus__M015
gtex__hippocampus__M016                 SET      33   -0.0016532  -7.0824e-05      0.15813      0.50417 gtex__hippocampus__M016
gtex__hippocampus__M017                 SET      25      0.16942     0.006319      0.16164      0.14729 gtex__hippocampus__M017
gtex__hippocampus__M018                 SET      26     -0.16325   -0.0062091      0.17951      0.81843 gtex__hippocampus__M018
gtex__hippocampus__M019                 SET      22    -0.073781   -0.0025816      0.20334      0.64164 gtex__hippocampus__M019
gtex__hypothalamus__M000                SET    2051     -0.01203   -0.0038274     0.021155      0.71521 gtex__hypothalamus__M000
gtex__hypothalamus__M001                SET     674    -0.019624   -0.0037309     0.034663      0.71434 gtex__hypothalamus__M001
gtex__hypothalamus__M002                SET     427    0.0064474    0.0009826     0.042497      0.43971 gtex__hypothalamus__M002
gtex__hypothalamus__M003                SET     403     0.041502    0.0061489      0.04239      0.16379 gtex__hypothalamus__M003
gtex__hypothalamus__M004                SET     317   -0.0045266  -0.00059627     0.049926      0.53612 gtex__hypothalamus__M004
gtex__hypothalamus__M005                SET     278     -0.06678   -0.0082468     0.051405      0.90304 gtex__hypothalamus__M005
gtex__hypothalamus__M006                SET     206     0.040553    0.0043197     0.063083      0.26016 gtex__hypothalamus__M006
gtex__hypothalamus__M007                SET     226    -0.033464   -0.0037315     0.061552      0.70666 gtex__hypothalamus__M007
gtex__hypothalamus__M008                SET     157     0.033011     0.003074     0.071655      0.32251 gtex__hypothalamus__M008
gtex__hypothalamus__M009                SET     161     0.015343    0.0014467     0.074589      0.41851 gtex__hypothalamus__M009
gtex__hypothalamus__M010                SET     125    -0.066636   -0.0055418     0.078429      0.80223 gtex__hypothalamus__M010
gtex__hypothalamus__M011                SET      98     0.030696    0.0022621     0.092274       0.3697 gtex__hypothalamus__M011
gtex__hypothalamus__M012                SET      80     0.019299    0.0012856      0.09416       0.4188 gtex__hypothalamus__M012
gtex__hypothalamus__M013                SET      81     -0.04737   -0.0031752     0.087058      0.70681 gtex__hypothalamus__M013
gtex__hypothalamus__M014                SET      70    -0.010176  -0.00063429      0.10243      0.53957 gtex__hypothalamus__M014
gtex__hypothalamus__M015                SET      74      0.12838    0.0082268     0.094383     0.086887 gtex__hypothalamus__M015
gtex__hypothalamus__M016                SET      63     0.089488    0.0052927      0.10989      0.20773 gtex__hypothalamus__M016
gtex__hypothalamus__M017                SET      61      0.11006    0.0064056      0.11055      0.15973 gtex__hypothalamus__M017
gtex__hypothalamus__M018                SET      44     -0.23417    -0.011581      0.13906      0.95389 gtex__hypothalamus__M018
gtex__hypothalamus__M019                SET      25     -0.19318   -0.0072051      0.17166      0.86978 gtex__hypothalamus__M019
gtex__hypothalamus__M020                SET      24    0.0083686   0.00030583      0.15098       0.4779 gtex__hypothalamus__M020
gtex__hypothalamus__M021                SET      22     0.025994   0.00090953      0.21301      0.45144 gtex__hypothalamus__M021
gtex__hypothalamus__M022                SET      19     0.072836    0.0023686      0.17936      0.34234 gtex__hypothalamus__M022
gtex__hypothalamus__M023                SET      19      0.19528    0.0063506      0.18247      0.14227 gtex__hypothalamus__M023
gtex__nucleus_accumbens_basa...1        SET    2507     0.013561    0.0047011     0.019458      0.24293 gtex__nucleus_accumbens_basal_ganglia__M000
gtex__nucleus_accumbens_basa...2        SET     751    -0.026585   -0.0053233     0.031677      0.79933 gtex__nucleus_accumbens_basal_ganglia__M001
gtex__nucleus_accumbens_basa...3        SET     743    -0.011507   -0.0022924     0.033134      0.63581 gtex__nucleus_accumbens_basal_ganglia__M002
gtex__nucleus_accumbens_basa...4        SET     499   -0.0040274  -0.00066214     0.038987      0.54114 gtex__nucleus_accumbens_basal_ganglia__M003
gtex__nucleus_accumbens_basa...5        SET     175    -0.023419   -0.0023012       0.0684      0.63397 gtex__nucleus_accumbens_basal_ganglia__M004
gtex__nucleus_accumbens_basa...6        SET     148    -0.033128   -0.0029959     0.074398      0.67194 gtex__nucleus_accumbens_basal_ganglia__M005
gtex__nucleus_accumbens_basa...7        SET     121   -0.0071283  -0.00058333     0.082745      0.53433 gtex__nucleus_accumbens_basal_ganglia__M006
gtex__nucleus_accumbens_basa...8        SET     135    -0.020912   -0.0018069     0.072148      0.61403 gtex__nucleus_accumbens_basal_ganglia__M007
gtex__nucleus_accumbens_basa...9        SET     148    -0.072698   -0.0065745     0.074072      0.83681 gtex__nucleus_accumbens_basal_ganglia__M008
gtex__nucleus_accumbens_basa...10       SET     131     0.057565    0.0049001     0.082662       0.2431 gtex__nucleus_accumbens_basal_ganglia__M009
gtex__nucleus_accumbens_basa...11       SET      95     0.078307    0.0056821     0.087953      0.18665 gtex__nucleus_accumbens_basal_ganglia__M010
gtex__nucleus_accumbens_basa...12       SET      91    -0.034155   -0.0024259     0.090561      0.64697 gtex__nucleus_accumbens_basal_ganglia__M011
gtex__nucleus_accumbens_basa...13       SET      97      0.11358    0.0083277     0.084969      0.09066 gtex__nucleus_accumbens_basal_ganglia__M012
gtex__nucleus_accumbens_basa...14       SET      78     0.096995    0.0063805      0.10005      0.16616 gtex__nucleus_accumbens_basal_ganglia__M013
gtex__nucleus_accumbens_basa...15       SET      58    -0.067759   -0.0038457      0.10982      0.73138 gtex__nucleus_accumbens_basal_ganglia__M014
gtex__nucleus_accumbens_basa...16       SET      61    -0.067802   -0.0039461      0.11644      0.71981 gtex__nucleus_accumbens_basal_ganglia__M015
gtex__nucleus_accumbens_basa...17       SET      28    -0.069924   -0.0027597      0.17779      0.65295 gtex__nucleus_accumbens_basal_ganglia__M016
gtex__nucleus_accumbens_basa...18       SET      32     -0.24176      -0.0102      0.14632      0.95075 gtex__nucleus_accumbens_basal_ganglia__M017
gtex__nucleus_accumbens_basa...19       SET      21      0.19937    0.0068157      0.18909      0.14587 gtex__nucleus_accumbens_basal_ganglia__M018
gtex__nucleus_accumbens_basa...20       SET      16     -0.23232   -0.0069336      0.21558       0.8594 gtex__nucleus_accumbens_basal_ganglia__M019
gtex__putamen_basal_ganglia_...1        SET    1442    -0.012953   -0.0035211     0.025208      0.69632 gtex__putamen_basal_ganglia__M000
gtex__putamen_basal_ganglia_...2        SET     926     0.074187     0.016411     0.031127    0.0085837 gtex__putamen_basal_ganglia__M001
gtex__putamen_basal_ganglia_...3        SET     794   -0.0043405  -0.00089254     0.031899      0.55412 gtex__putamen_basal_ganglia__M002
gtex__putamen_basal_ganglia_...4        SET     499    -0.038013   -0.0062498     0.039654      0.83112 gtex__putamen_basal_ganglia__M003
gtex__putamen_basal_ganglia_...5        SET     402    -0.035469   -0.0052486     0.041674      0.80263 gtex__putamen_basal_ganglia__M004
gtex__putamen_basal_ganglia_...6        SET     393    0.0096347      0.00141     0.043798      0.41295 gtex__putamen_basal_ganglia__M005
gtex__putamen_basal_ganglia_...7        SET     342    -0.090759    -0.012409     0.046897      0.97351 gtex__putamen_basal_ganglia__M006
gtex__putamen_basal_ganglia_...8        SET     160     -0.03193   -0.0030014     0.070638      0.67437 gtex__putamen_basal_ganglia__M007
gtex__putamen_basal_ganglia_...9        SET     138     0.033432    0.0029203     0.072398      0.32212 gtex__putamen_basal_ganglia__M008
gtex__putamen_basal_ganglia_...10       SET     136   -0.0010964  -9.5076e-05     0.073932      0.50592 gtex__putamen_basal_ganglia__M009
gtex__putamen_basal_ganglia_...11       SET      98    -0.022603   -0.0016657     0.085474      0.60428 gtex__putamen_basal_ganglia__M010
gtex__putamen_basal_ganglia_...12       SET      99     0.044116    0.0032675     0.084062      0.29986 gtex__putamen_basal_ganglia__M011
gtex__putamen_basal_ganglia_...13       SET      55     0.046725    0.0025827      0.11464      0.34179 gtex__putamen_basal_ganglia__M012
gtex__putamen_basal_ganglia_...14       SET      57     0.022332    0.0012565      0.10569      0.41633 gtex__putamen_basal_ganglia__M013
gtex__putamen_basal_ganglia_...15       SET      43    -0.011529  -0.00056365      0.13548      0.53391 gtex__putamen_basal_ganglia__M014
gtex__putamen_basal_ganglia_...16       SET      34      0.15598    0.0067826      0.13614      0.12596 gtex__putamen_basal_ganglia__M015
gtex__putamen_basal_ganglia_...17       SET      27     0.099687    0.0038636      0.16798      0.27644 gtex__putamen_basal_ganglia__M016
gtex__putamen_basal_ganglia_...18       SET      31      0.14957     0.006211      0.14689      0.15429 gtex__putamen_basal_ganglia__M017
gtex__putamen_basal_ganglia_...19       SET      22     -0.14588   -0.0051044      0.18389       0.7862 gtex__putamen_basal_ganglia__M018
gtex__spinal_cord_cervical_c...1        SET    1262      0.02713    0.0069368     0.026276      0.15093 gtex__spinal_cord_cervical_c_1__M000
gtex__spinal_cord_cervical_c...2        SET     706    -0.048154    -0.009361      0.03338      0.92542 gtex__spinal_cord_cervical_c_1__M001
gtex__spinal_cord_cervical_c...3        SET     686    -0.026675   -0.0051145      0.03704      0.76428 gtex__spinal_cord_cervical_c_1__M002
gtex__spinal_cord_cervical_c...4        SET     415     0.015216    0.0022869      0.04706      0.37322 gtex__spinal_cord_cervical_c_1__M003
gtex__spinal_cord_cervical_c...5        SET     410    -0.036208   -0.0054098      0.04418      0.79376 gtex__spinal_cord_cervical_c_1__M004
gtex__spinal_cord_cervical_c...6        SET     279     -0.06226   -0.0077021     0.056048      0.86667 gtex__spinal_cord_cervical_c_1__M005
gtex__spinal_cord_cervical_c...7        SET     258      0.01298    0.0015451     0.051417      0.40035 gtex__spinal_cord_cervical_c_1__M006
gtex__spinal_cord_cervical_c...8        SET     242    -0.080737   -0.0093119     0.057547      0.91968 gtex__spinal_cord_cervical_c_1__M007
gtex__spinal_cord_cervical_c...9        SET     152   -0.0085587   -0.0007843     0.066175      0.55145 gtex__spinal_cord_cervical_c_1__M008
gtex__spinal_cord_cervical_c...10       SET     129    -0.036431   -0.0030775     0.073769      0.68929 gtex__spinal_cord_cervical_c_1__M009
gtex__spinal_cord_cervical_c...11       SET      80      0.23481     0.015642     0.095818    0.0071374 gtex__spinal_cord_cervical_c_1__M010
gtex__spinal_cord_cervical_c...12       SET      87     -0.14099   -0.0097928      0.10915      0.90177 gtex__spinal_cord_cervical_c_1__M011
gtex__spinal_cord_cervical_c...13       SET      74      0.16052     0.010286       0.1002     0.054588 gtex__spinal_cord_cervical_c_1__M012
gtex__spinal_cord_cervical_c...14       SET      51     -0.12168   -0.0064771      0.13022      0.82494 gtex__spinal_cord_cervical_c_1__M013
gtex__spinal_cord_cervical_c...15       SET      59     -0.11855   -0.0067862       0.1026      0.87604 gtex__spinal_cord_cervical_c_1__M014
gtex__spinal_cord_cervical_c...16       SET      49    -0.051249   -0.0026742      0.13253      0.65051 gtex__spinal_cord_cervical_c_1__M015
gtex__spinal_cord_cervical_c...17       SET      36     -0.10896   -0.0048753      0.13089      0.79742 gtex__spinal_cord_cervical_c_1__M016
gtex__spinal_cord_cervical_c...18       SET      38     -0.20351   -0.0093543      0.14922      0.91367 gtex__spinal_cord_cervical_c_1__M017
gtex__spinal_cord_cervical_c...19       SET      21     -0.18515   -0.0063297       0.2104      0.81057 gtex__spinal_cord_cervical_c_1__M018
gtex__substantia_nigra__M000            SET    1070     0.016409    0.0038853     0.028572      0.28289 gtex__substantia_nigra__M000
gtex__substantia_nigra__M001            SET     907     0.015396    0.0033724     0.029459      0.30063 gtex__substantia_nigra__M001
gtex__substantia_nigra__M002            SET     551    -0.033872   -0.0058433     0.040668      0.79754 gtex__substantia_nigra__M002
gtex__substantia_nigra__M003            SET     550    -0.037341    -0.006436     0.037417      0.84085 gtex__substantia_nigra__M003
gtex__substantia_nigra__M004            SET     561    -0.030892   -0.0053757     0.038413      0.78935 gtex__substantia_nigra__M004
gtex__substantia_nigra__M005            SET     517    0.0037883   0.00063365     0.037185      0.45943 gtex__substantia_nigra__M005
gtex__substantia_nigra__M006            SET     439     0.064472    0.0099593     0.044734     0.074769 gtex__substantia_nigra__M006
gtex__substantia_nigra__M007            SET     177    0.0051855   0.00051243     0.071517       0.4711 gtex__substantia_nigra__M007
gtex__substantia_nigra__M008            SET      79    -0.096596   -0.0063947       0.1116      0.80664 gtex__substantia_nigra__M008
gtex__substantia_nigra__M009            SET      54    -0.090471   -0.0049551      0.11041      0.79371 gtex__substantia_nigra__M009
gtex__substantia_nigra__M010            SET      33     0.018439   0.00078996      0.17556      0.45818 gtex__substantia_nigra__M010
brainseq__caudate__M000                 SET     427     0.045443    0.0069256     0.043472      0.14794 brainseq__caudate__M000
brainseq__caudate__M001                 SET     984    -0.019024   -0.0043308     0.029828      0.73819 brainseq__caudate__M001
brainseq__caudate__M002                 SET     888    -0.032853   -0.0071247      0.03204       0.8474 brainseq__caudate__M002
brainseq__caudate__M003                 SET     833    -0.025966   -0.0054628     0.030973      0.79907 brainseq__caudate__M003
brainseq__caudate__M004                 SET     750   -0.0045537  -0.00091123     0.031573      0.55734 brainseq__caudate__M004
brainseq__caudate__M005                 SET     423     0.069688     0.010572     0.042451     0.050345 brainseq__caudate__M005
brainseq__caudate__M006                 SET     359     0.089072     0.012471     0.045831     0.025988 brainseq__caudate__M006
brainseq__caudate__M007                 SET     355     0.090247     0.012566     0.049354     0.033741 brainseq__caudate__M007
brainseq__caudate__M008                 SET     171     0.093635    0.0090963     0.065728     0.077148 brainseq__caudate__M008
brainseq__caudate__M009                 SET      76    -0.091281   -0.0059275      0.10845      0.80001 brainseq__caudate__M009
brainseq__hippocampus__M000             SET     427    -0.096798    -0.014752     0.045054      0.98416 brainseq__hippocampus__M000
brainseq__hippocampus__M001             SET     446     0.026173    0.0040744     0.043911      0.27558 brainseq__hippocampus__M001
brainseq__hippocampus__M002             SET     426     0.018258    0.0027794     0.042337      0.33315 brainseq__hippocampus__M002
brainseq__hippocampus__M003             SET     355    -0.022382   -0.0031166     0.048246      0.67864 brainseq__hippocampus__M003
brainseq__hippocampus__M004             SET     376     0.039607    0.0056724     0.047073      0.20007 brainseq__hippocampus__M004
brainseq__hippocampus__M005             SET     357     0.065286    0.0091159     0.047024     0.082524 brainseq__hippocampus__M005
brainseq__hippocampus__M006             SET     348      0.12141     0.016741     0.050074    0.0076697 brainseq__hippocampus__M006
brainseq__hippocampus__M007             SET     298    -0.026081   -0.0033327     0.050826      0.69607 brainseq__hippocampus__M007
brainseq__hippocampus__M008             SET     273     0.035991     0.004405     0.055316      0.25764 brainseq__hippocampus__M008
brainseq__hippocampus__M009             SET     123   -0.0078025  -0.00064372      0.08017      0.53876 brainseq__hippocampus__M009
brainseq__hippocampus__M010             SET     119      0.04857    0.0039418     0.077373      0.26509 brainseq__hippocampus__M010
brainseq__hippocampus__M011             SET     107     0.026692    0.0020549     0.085921      0.37803 brainseq__hippocampus__M011
brainseq__hippocampus__M012             SET      27     -0.15166    -0.005878      0.17105      0.81236 brainseq__hippocampus__M012
brainseq__hippocampus__M013             SET      20     -0.16956   -0.0056573      0.18826      0.81612 brainseq__hippocampus__M013
brainseq__dlpfc__M000                   SET     496    -0.045433   -0.0074478     0.040055      0.87165 brainseq__dlpfc__M000
brainseq__dlpfc__M001                   SET     471     0.084987     0.013586     0.040194     0.017248 brainseq__dlpfc__M001
brainseq__dlpfc__M002                   SET     406     0.053025    0.0078847     0.044279      0.11556 brainseq__dlpfc__M002
brainseq__dlpfc__M003                   SET     399    -0.018219   -0.0026861     0.047542      0.64922 brainseq__dlpfc__M003
brainseq__dlpfc__M004                   SET     373     0.047395    0.0067612      0.04496      0.14591 brainseq__dlpfc__M004
brainseq__dlpfc__M005                   SET     366     0.044044    0.0062252     0.046199      0.17021 brainseq__dlpfc__M005
brainseq__dlpfc__M006                   SET     382     -0.02984   -0.0043068     0.047549      0.73485 brainseq__dlpfc__M006
brainseq__dlpfc__M007                   SET     251     0.050967    0.0059851     0.057343      0.18706 brainseq__dlpfc__M007
brainseq__dlpfc__M008                   SET     274    0.0087754     0.001076     0.051346      0.43215 brainseq__dlpfc__M008
brainseq__dlpfc__M009                   SET     224     0.062514    0.0069403     0.057004       0.1364 brainseq__dlpfc__M009
brainseq__dlpfc__M010                   SET     234     -0.19399    -0.022006     0.060398      0.99934 brainseq__dlpfc__M010
brainseq__dlpfc__M011                   SET     193     -0.21604    -0.022283     0.063437      0.99967 brainseq__dlpfc__M011
brainseq__dlpfc__M012                   SET     151     0.047899    0.0043751     0.072619      0.25476 brainseq__dlpfc__M012
brainseq__caudate_sczd__M000            SET      36       0.2082    0.0093152       0.1511      0.08413 brainseq__caudate_sczd__M000
brainseq__caudate_sczd__M001            SET     240     0.047377    0.0054419     0.061003       0.2187 brainseq__caudate_sczd__M001
brainseq__caudate_sczd__M002            SET     186    -0.041339   -0.0041866     0.069839      0.72305 brainseq__caudate_sczd__M002
brainseq__caudate_sczd__M003            SET      25     0.071818    0.0026786       0.1741      0.33999 brainseq__caudate_sczd__M003
brainseq__caudate_sczd__M004            SET     117   -0.0024548  -0.00019756     0.085605      0.51144 brainseq__caudate_sczd__M004
brainseq__caudate_sczd__M005            SET     122     0.020368    0.0016736      0.08023       0.3998 brainseq__caudate_sczd__M005
brainseq__caudate_sczd__M006            SET      21    -0.062061   -0.0021217      0.21677      0.61267 brainseq__caudate_sczd__M006
brainseq__caudate_sczd__M007            SET      86      0.18583     0.012833     0.098382     0.029466 brainseq__caudate_sczd__M007
brainseq__caudate_sczd__M008            SET      61   -0.0016147  -9.3977e-05      0.12905      0.50499 brainseq__caudate_sczd__M008
brainseq__caudate_sczd__M009            SET      29      0.29028     0.011659      0.15453     0.030166 brainseq__caudate_sczd__M009
brainseq__caudate_sczd__M010            SET      48     0.018914   0.00097685      0.12446       0.4396 brainseq__caudate_sczd__M010
brainseq__caudate_sczd__M011            SET       8      0.18463    0.0038972      0.30253      0.27084 brainseq__caudate_sczd__M011
brainseq__caudate_sczd__M012            SET      59    -0.083261    -0.004766      0.11333      0.76872 brainseq__caudate_sczd__M012
brainseq__caudate_sczd__M013            SET      51     0.071345    0.0037978        0.123      0.28094 brainseq__caudate_sczd__M013
brainseq__caudate_sczd__M014            SET      47     -0.34042    -0.017398      0.13123      0.99525 brainseq__caudate_sczd__M014
brainseq__caudate_sczd__M015            SET      43      0.15502    0.0075789      0.13397      0.12362 brainseq__caudate_sczd__M015
brainseq__caudate_sczd__M016            SET      31    -0.037392   -0.0015527      0.16907      0.58752 brainseq__caudate_sczd__M016
brainseq__caudate_sczd__M017            SET      44      0.11133    0.0055055      0.11717      0.17103 brainseq__caudate_sczd__M017
brainseq__caudate_sczd__M018            SET      45     -0.18196   -0.0090999      0.13489      0.91131 brainseq__caudate_sczd__M018
brainseq__caudate_sczd__M019            SET      40    -0.080854   -0.0038129       0.1512      0.70358 brainseq__caudate_sczd__M019
brainseq__caudate_sczd__M020            SET      36      0.16539    0.0073999      0.15528      0.14342 brainseq__caudate_sczd__M020
brainseq__caudate_sczd__M021            SET      10      0.17169    0.0040516      0.28736       0.2751 brainseq__caudate_sczd__M021
brainseq__caudate_sczd__M022            SET      16     -0.14179   -0.0042318      0.20261      0.75798 brainseq__caudate_sczd__M022
brainseq__caudate_sczd__M023            SET      11      0.34487    0.0085355      0.25836     0.090974 brainseq__caudate_sczd__M023
brainseq__caudate_sczd__M024            SET      31    -0.065065   -0.0027018      0.16785      0.65086 brainseq__caudate_sczd__M024
brainseq__caudate_sczd__M025            SET      12    -0.064491    -0.001667      0.24839      0.60242 brainseq__caudate_sczd__M025
brainseq__caudate_sczd__M026            SET      27     0.026846    0.0010405      0.16116      0.43385 brainseq__caudate_sczd__M026
brainseq__caudate_sczd__M027            SET      23     -0.12347   -0.0044172      0.19084      0.74118 brainseq__caudate_sczd__M027
brainseq__caudate_sczd__M028            SET      22      0.12271    0.0042935      0.17167      0.23738 brainseq__caudate_sczd__M028
brainseq__caudate_sczd__M029            SET      26     -0.27761    -0.010559      0.18195      0.93646 brainseq__caudate_sczd__M029
brainseq__caudate_sczd__M030            SET       8      -0.3442   -0.0072655      0.37557      0.82029 brainseq__caudate_sczd__M030
brainseq__caudate_sczd__M031            SET      16     -0.13833   -0.0041283      0.21458      0.74041 brainseq__caudate_sczd__M031
brainseq__caudate_sczd__M032            SET      20      0.23818    0.0079467      0.21283      0.13156 brainseq__caudate_sczd__M032
brainseq__caudate_sczd__M033            SET      23     -0.17111   -0.0061216      0.21033      0.79203 brainseq__caudate_sczd__M033
brainseq__caudate_sczd__M034            SET      20      0.35622     0.011885      0.20614     0.041997 brainseq__caudate_sczd__M034
brainseq__caudate_sczd__M035            SET       6     -0.19388   -0.0035443      0.35046      0.70993 brainseq__caudate_sczd__M035
brainseq__caudate_sczd__M036            SET      12       0.1293    0.0033422      0.24952      0.30217 brainseq__caudate_sczd__M036
brainseq__caudate_sczd__M037            SET      14      0.10119    0.0028252      0.23005      0.33002 brainseq__caudate_sczd__M037
brainseq__caudate_sczd__M038            SET      15     0.046814    0.0013528      0.21909       0.4154 brainseq__caudate_sczd__M038
brainseq__caudate_sczd__M039            SET      19      0.28573     0.009292      0.22056     0.097583 brainseq__caudate_sczd__M039
