# MEAN_SAMPLE_SIZE = 29633
# TOTAL_GENES = 17948
# TEST_DIRECTION = one-sided, positive (set), two-sided (covar)
# CONDITIONED_INTERNAL = gene size, gene density, inverse mac, log(gene size), log(gene density), log(inverse mac)
VARIABLE                               TYPE  NGENES         BETA     BETA_STD           SE            P FULL_NAME
gtex__amygdala__M000                    SET     555      0.01747    0.0030243     0.039955      0.33097 gtex__amygdala__M000
gtex__amygdala__M001                    SET     377     0.071189     0.010209     0.047694     0.067776 gtex__amygdala__M001
gtex__amygdala__M002                    SET     340    -0.059052   -0.0080506     0.047266      0.89423 gtex__amygdala__M002
gtex__amygdala__M003                    SET     239    -0.094267    -0.010806     0.060053      0.94175 gtex__amygdala__M003
gtex__amygdala__M004                    SET     226    -0.063409   -0.0070706     0.056801      0.86785 gtex__amygdala__M004
gtex__amygdala__M005                    SET     221     0.011144     0.001229     0.061663       0.4283 gtex__amygdala__M005
gtex__amygdala__M006                    SET     170      -0.0524   -0.0050757     0.073223      0.76288 gtex__amygdala__M006
gtex__amygdala__M007                    SET     134    -0.085641   -0.0073724     0.078851      0.86128 gtex__amygdala__M007
gtex__amygdala__M008                    SET     123    0.0021208   0.00017497     0.075339      0.48877 gtex__amygdala__M008
gtex__amygdala__M009                    SET     108      0.13714     0.010606     0.077746     0.038882 gtex__amygdala__M009
gtex__amygdala__M010                    SET     108     0.047073    0.0036407     0.086122      0.29233 gtex__amygdala__M010
gtex__amygdala__M011                    SET      85     -0.10459   -0.0071808     0.094265      0.86639 gtex__amygdala__M011
gtex__amygdala__M012                    SET      71     -0.10166   -0.0063818      0.10854      0.82552 gtex__amygdala__M012
gtex__amygdala__M013                    SET      54    -0.051735   -0.0028335      0.12526       0.6602 gtex__amygdala__M013
gtex__amygdala__M014                    SET      53   -0.0039399  -0.00021379      0.10949      0.51435 gtex__amygdala__M014
gtex__amygdala__M015                    SET      41     -0.19711   -0.0094102       0.1457      0.91194 gtex__amygdala__M015
gtex__amygdala__M016                    SET      41    -0.099524   -0.0047515      0.14054      0.76057 gtex__amygdala__M016
gtex__amygdala__M017                    SET      34     -0.12591   -0.0054751      0.14176      0.81277 gtex__amygdala__M017
gtex__amygdala__M018                    SET      17     -0.10941   -0.0033659      0.23531      0.67902 gtex__amygdala__M018
gtex__amygdala__M019                    SET      25    -0.022439   -0.0008369      0.15661      0.55696 gtex__amygdala__M019
gtex__amygdala__M020                    SET      14     0.060473    0.0016883      0.27258      0.41222 gtex__amygdala__M020
gtex__amygdala__M021                    SET      28     -0.25217   -0.0099525      0.16943      0.93166 gtex__amygdala__M021
gtex__amygdala__M022                    SET      26      0.16137    0.0061376      0.18069      0.18592 gtex__amygdala__M022
gtex__amygdala__M023                    SET      27     0.082019    0.0031789      0.16181      0.30613 gtex__amygdala__M023
gtex__amygdala__M024                    SET      19      0.56432     0.018352      0.18514    0.0011532 gtex__amygdala__M024
gtex__amygdala__M025                    SET      19    -0.061669   -0.0020055      0.19593      0.62352 gtex__amygdala__M025
gtex__anterior_cingulate_cor...1        SET     504     0.064847     0.010713     0.040844     0.056187 gtex__anterior_cingulate_cortex_ba24__M000
gtex__anterior_cingulate_cor...2        SET     432     0.085154     0.013051     0.046435     0.033348 gtex__anterior_cingulate_cortex_ba24__M001
gtex__anterior_cingulate_cor...3        SET     274    -0.053041   -0.0065036     0.058403      0.81811 gtex__anterior_cingulate_cortex_ba24__M002
gtex__anterior_cingulate_cor...4        SET     312     0.088068      0.01151     0.051108     0.042439 gtex__anterior_cingulate_cortex_ba24__M003
gtex__anterior_cingulate_cor...5        SET     294    -0.025388   -0.0032227     0.052603      0.68532 gtex__anterior_cingulate_cortex_ba24__M004
gtex__anterior_cingulate_cor...6        SET     177    -0.066703   -0.0065915     0.068175      0.83606 gtex__anterior_cingulate_cortex_ba24__M005
gtex__anterior_cingulate_cor...7        SET     243     0.012044    0.0013919      0.05674      0.41595 gtex__anterior_cingulate_cortex_ba24__M006
gtex__anterior_cingulate_cor...8        SET     199    -0.064025   -0.0067044     0.061206      0.85223 gtex__anterior_cingulate_cortex_ba24__M007
gtex__anterior_cingulate_cor...9        SET     225     0.068759    0.0076505     0.064611      0.14363 gtex__anterior_cingulate_cortex_ba24__M008
gtex__anterior_cingulate_cor...10       SET     176     0.098388    0.0096953     0.063988     0.062083 gtex__anterior_cingulate_cortex_ba24__M009
gtex__anterior_cingulate_cor...11       SET     163    -0.031474   -0.0029859     0.072336      0.66826 gtex__anterior_cingulate_cortex_ba24__M010
gtex__anterior_cingulate_cor...12       SET     155    0.0039637   0.00036677     0.065355      0.47582 gtex__anterior_cingulate_cortex_ba24__M011
gtex__anterior_cingulate_cor...13       SET     113    -0.067327   -0.0053255     0.083975      0.78865 gtex__anterior_cingulate_cortex_ba24__M012
gtex__anterior_cingulate_cor...14       SET     142     -0.09061   -0.0080279     0.068493      0.90706 gtex__anterior_cingulate_cortex_ba24__M013
gtex__anterior_cingulate_cor...15       SET      98      0.17383      0.01281     0.088953     0.025348 gtex__anterior_cingulate_cortex_ba24__M014
gtex__anterior_cingulate_cor...16       SET     112    -0.043077   -0.0033923     0.088202      0.68736 gtex__anterior_cingulate_cortex_ba24__M015
gtex__anterior_cingulate_cor...17       SET      97     0.064827     0.004753      0.09093      0.23795 gtex__anterior_cingulate_cortex_ba24__M016
gtex__anterior_cingulate_cor...18       SET     110      0.07758     0.006055     0.080544      0.16773 gtex__anterior_cingulate_cortex_ba24__M017
gtex__anterior_cingulate_cor...19       SET      95     0.067023    0.0048633     0.092411      0.23415 gtex__anterior_cingulate_cortex_ba24__M018
gtex__anterior_cingulate_cor...20       SET      88    0.0063709   0.00044502     0.095447      0.47339 gtex__anterior_cingulate_cortex_ba24__M019
gtex__anterior_cingulate_cor...21       SET      62     -0.11408   -0.0066936      0.11213       0.8455 gtex__anterior_cingulate_cortex_ba24__M020
gtex__anterior_cingulate_cor...22       SET      56      0.15759    0.0087894      0.12209     0.098392 gtex__anterior_cingulate_cortex_ba24__M021
gtex__anterior_cingulate_cor...23       SET      63    -0.099363   -0.0058767      0.11033       0.8161 gtex__anterior_cingulate_cortex_ba24__M022
gtex__anterior_cingulate_cor...24       SET      65   -0.0083594  -0.00050217      0.10592      0.53145 gtex__anterior_cingulate_cortex_ba24__M023
gtex__anterior_cingulate_cor...25       SET      59    -0.093737   -0.0053657      0.11717      0.78815 gtex__anterior_cingulate_cortex_ba24__M024
gtex__anterior_cingulate_cor...26       SET      55       0.1305    0.0072133      0.11583      0.12995 gtex__anterior_cingulate_cortex_ba24__M025
gtex__anterior_cingulate_cor...27       SET      46    -0.019696  -0.00099587      0.12296      0.56363 gtex__anterior_cingulate_cortex_ba24__M026
gtex__anterior_cingulate_cor...28       SET      30     0.022844   0.00093321      0.15179      0.44019 gtex__anterior_cingulate_cortex_ba24__M027
gtex__anterior_cingulate_cor...29       SET      35       0.2381     0.010505      0.13651      0.04057 gtex__anterior_cingulate_cortex_ba24__M028
gtex__anterior_cingulate_cor...30       SET      21      0.12639    0.0043209        0.192      0.25518 gtex__anterior_cingulate_cortex_ba24__M029
gtex__anterior_cingulate_cor...31       SET      28     0.048488    0.0019137      0.17259      0.38938 gtex__anterior_cingulate_cortex_ba24__M030
gtex__anterior_cingulate_cor...32       SET      25     -0.20942   -0.0078107        0.178      0.88029 gtex__anterior_cingulate_cortex_ba24__M031
gtex__anterior_cingulate_cor...33       SET      19      0.25196    0.0081936      0.18194     0.083057 gtex__anterior_cingulate_cortex_ba24__M032
gtex__anterior_cingulate_cor...34       SET      25     -0.12458   -0.0046465      0.17076      0.76716 gtex__anterior_cingulate_cortex_ba24__M033
gtex__anterior_cingulate_cor...35       SET      25      0.26519    0.0098907      0.19373     0.085528 gtex__anterior_cingulate_cortex_ba24__M034
gtex__anterior_cingulate_cor...36       SET      16     0.055294    0.0016503      0.23186      0.40575 gtex__anterior_cingulate_cortex_ba24__M035
gtex__anterior_cingulate_cor...37       SET      21    -0.049699    -0.001699       0.1894      0.60349 gtex__anterior_cingulate_cortex_ba24__M036
gtex__anterior_cingulate_cor...38       SET      21     0.022144   0.00075703      0.17213      0.44882 gtex__anterior_cingulate_cortex_ba24__M037
gtex__anterior_cingulate_cor...39       SET      22     0.026319   0.00092091      0.19519      0.44637 gtex__anterior_cingulate_cortex_ba24__M038
gtex__anterior_cingulate_cor...40       SET      18     -0.34002    -0.010763      0.19781      0.95718 gtex__anterior_cingulate_cortex_ba24__M039
gtex__anterior_cingulate_cor...41       SET      19    -0.062662   -0.0020378      0.20159      0.62204 gtex__anterior_cingulate_cortex_ba24__M040
gtex__anterior_cingulate_cor...42       SET      15     0.059666    0.0017242      0.22267      0.39437 gtex__anterior_cingulate_cortex_ba24__M041
gtex__caudate_basal_ganglia_...1        SET     795     0.037965    0.0078115     0.032989      0.12491 gtex__caudate_basal_ganglia__M000
gtex__caudate_basal_ganglia_...2        SET     454     0.034601    0.0054332     0.043373      0.21251 gtex__caudate_basal_ganglia__M001
gtex__caudate_basal_ganglia_...3        SET     387     0.063947    0.0092885     0.045889      0.08174 gtex__caudate_basal_ganglia__M002
gtex__caudate_basal_ganglia_...4        SET     314    0.0012303    0.0001613     0.052769       0.4907 gtex__caudate_basal_ganglia__M003
gtex__caudate_basal_ganglia_...5        SET     335   -0.0019855  -0.00026873     0.048975      0.51617 gtex__caudate_basal_ganglia__M004
gtex__caudate_basal_ganglia_...6        SET     274    -0.092346    -0.011323     0.050444      0.96642 gtex__caudate_basal_ganglia__M005
gtex__caudate_basal_ganglia_...7        SET     168     0.011893    0.0011453     0.076225      0.43801 gtex__caudate_basal_ganglia__M006
gtex__caudate_basal_ganglia_...8        SET     150    -0.086031   -0.0078322     0.073352      0.87956 gtex__caudate_basal_ganglia__M007
gtex__caudate_basal_ganglia_...9        SET     245    0.0067121   0.00077886     0.062216      0.45704 gtex__caudate_basal_ganglia__M008
gtex__caudate_basal_ganglia_...10       SET     164    -0.027343   -0.0026018     0.070226      0.65149 gtex__caudate_basal_ganglia__M009
gtex__caudate_basal_ganglia_...11       SET     183     0.012669    0.0012727     0.070948      0.42914 gtex__caudate_basal_ganglia__M010
gtex__caudate_basal_ganglia_...12       SET     136    0.0040487   0.00035111     0.075368      0.47858 gtex__caudate_basal_ganglia__M011
gtex__caudate_basal_ganglia_...13       SET     126     0.015657    0.0013073     0.080751      0.42313 gtex__caudate_basal_ganglia__M012
gtex__caudate_basal_ganglia_...14       SET     100     -0.12831   -0.0095512     0.087892      0.92783 gtex__caudate_basal_ganglia__M013
gtex__caudate_basal_ganglia_...15       SET     117     0.027352    0.0022012     0.074283      0.35636 gtex__caudate_basal_ganglia__M014
gtex__caudate_basal_ganglia_...16       SET      86     0.057416     0.003965     0.093161      0.26885 gtex__caudate_basal_ganglia__M015
gtex__caudate_basal_ganglia_...17       SET      89     -0.13746   -0.0096557     0.086568      0.94383 gtex__caudate_basal_ganglia__M016
gtex__caudate_basal_ganglia_...18       SET      78      0.11166    0.0073452      0.09641      0.12341 gtex__caudate_basal_ganglia__M017
gtex__caudate_basal_ganglia_...19       SET      78      0.13348    0.0087804      0.10222     0.095821 gtex__caudate_basal_ganglia__M018
gtex__caudate_basal_ganglia_...20       SET      65     0.045771    0.0027496      0.11356      0.34346 gtex__caudate_basal_ganglia__M019
gtex__caudate_basal_ganglia_...21       SET      70    0.0034524   0.00021519     0.099672      0.48618 gtex__caudate_basal_ganglia__M020
gtex__caudate_basal_ganglia_...22       SET      58     0.056895    0.0032292      0.11599      0.31189 gtex__caudate_basal_ganglia__M021
gtex__caudate_basal_ganglia_...23       SET      62     0.034768      0.00204      0.11766      0.38381 gtex__caudate_basal_ganglia__M022
gtex__caudate_basal_ganglia_...24       SET      69      0.15429    0.0095484      0.10129     0.063858 gtex__caudate_basal_ganglia__M023
gtex__caudate_basal_ganglia_...25       SET      63      0.17645     0.010436      0.10688     0.049385 gtex__caudate_basal_ganglia__M024
gtex__caudate_basal_ganglia_...26       SET      64    -0.049543   -0.0029532      0.11514      0.66651 gtex__caudate_basal_ganglia__M025
gtex__caudate_basal_ganglia_...27       SET      47       0.1037    0.0052996      0.12827      0.20943 gtex__caudate_basal_ganglia__M026
gtex__caudate_basal_ganglia_...28       SET      34    0.0075104   0.00032658      0.15188      0.48028 gtex__caudate_basal_ganglia__M027
gtex__caudate_basal_ganglia_...29       SET      34    -0.028688   -0.0012475       0.1515       0.5751 gtex__caudate_basal_ganglia__M028
gtex__caudate_basal_ganglia_...30       SET      37     -0.11221   -0.0050896      0.15571      0.76442 gtex__caudate_basal_ganglia__M029
gtex__caudate_basal_ganglia_...31       SET      39     0.013034   0.00060694      0.13794      0.46236 gtex__caudate_basal_ganglia__M030
gtex__caudate_basal_ganglia_...32       SET      33    0.0017562   7.5239e-05      0.16362      0.49572 gtex__caudate_basal_ganglia__M031
gtex__caudate_basal_ganglia_...33       SET      29     -0.14082   -0.0056559      0.15122      0.82412 gtex__caudate_basal_ganglia__M032
gtex__caudate_basal_ganglia_...34       SET      15     0.022583   0.00065261      0.20879      0.45693 gtex__caudate_basal_ganglia__M033
gtex__caudate_basal_ganglia_...35       SET      24     -0.06358   -0.0023235      0.17698      0.64029 gtex__caudate_basal_ganglia__M034
gtex__caudate_basal_ganglia_...36       SET      21      0.25851    0.0088378      0.16367     0.057125 gtex__caudate_basal_ganglia__M035
gtex__caudate_basal_ganglia_...37       SET      22    -0.066189    -0.002316      0.17258      0.64933 gtex__caudate_basal_ganglia__M036
gtex__caudate_basal_ganglia_...38       SET      11    -0.082884   -0.0020513      0.30352       0.6076 gtex__caudate_basal_ganglia__M037
gtex__caudate_basal_ganglia_...39       SET      22    -0.031957   -0.0011182      0.18336      0.56918 gtex__caudate_basal_ganglia__M038
gtex__caudate_basal_ganglia_...40       SET      12     0.013798   0.00035667      0.25952       0.4788 gtex__caudate_basal_ganglia__M040
gtex__caudate_basal_ganglia_...41       SET      17      0.22654    0.0069691      0.21028      0.14067 gtex__caudate_basal_ganglia__M041
gtex__cerebellar_hemisphere_...1        SET     711     -0.01351   -0.0026353     0.034189      0.65363 gtex__cerebellar_hemisphere__M000
gtex__cerebellar_hemisphere_...2        SET     668    0.0056646    0.0010723     0.033836      0.43352 gtex__cerebellar_hemisphere__M001
gtex__cerebellar_hemisphere_...3        SET     410    0.0058561   0.00087495     0.043327      0.44624 gtex__cerebellar_hemisphere__M002
gtex__cerebellar_hemisphere_...4        SET     378      0.10057     0.014441     0.043927      0.01103 gtex__cerebellar_hemisphere__M003
gtex__cerebellar_hemisphere_...5        SET     408     0.087414     0.013029     0.049324     0.038186 gtex__cerebellar_hemisphere__M004
gtex__cerebellar_hemisphere_...6        SET     256       0.1043     0.012368     0.055897     0.031036 gtex__cerebellar_hemisphere__M005
gtex__cerebellar_hemisphere_...7        SET     260     0.044121    0.0052718     0.055773      0.21445 gtex__cerebellar_hemisphere__M006
gtex__cerebellar_hemisphere_...8        SET     225     0.058437    0.0065019     0.055792      0.14746 gtex__cerebellar_hemisphere__M007
gtex__cerebellar_hemisphere_...9        SET     174    0.0053681     0.000526     0.064299      0.46673 gtex__cerebellar_hemisphere__M008
gtex__cerebellar_hemisphere_...10       SET     112     -0.02966   -0.0023357     0.085129      0.63623 gtex__cerebellar_hemisphere__M009
gtex__cerebellar_hemisphere_...11       SET     153     0.092944     0.008545     0.082157      0.12897 gtex__cerebellar_hemisphere__M010
gtex__cerebellar_hemisphere_...12       SET      91      0.15581     0.011067      0.08386     0.031591 gtex__cerebellar_hemisphere__M011
gtex__cerebellar_hemisphere_...13       SET      73    -0.054712   -0.0034823      0.10866       0.6927 gtex__cerebellar_hemisphere__M012
gtex__cerebellar_hemisphere_...14       SET      71    -0.036457   -0.0022885     0.093313      0.65199 gtex__cerebellar_hemisphere__M013
gtex__cerebellar_hemisphere_...15       SET      42     0.083749    0.0040467      0.12132      0.24501 gtex__cerebellar_hemisphere__M014
gtex__cerebellar_hemisphere_...16       SET      63    -0.067459   -0.0039898      0.11551       0.7204 gtex__cerebellar_hemisphere__M015
gtex__cerebellar_hemisphere_...17       SET      51    -0.056925   -0.0030302      0.11998       0.6824 gtex__cerebellar_hemisphere__M016
gtex__cerebellar_hemisphere_...18       SET      45      0.15803    0.0079031        0.123     0.099447 gtex__cerebellar_hemisphere__M017
gtex__cerebellar_hemisphere_...19       SET      49     0.039438    0.0020579      0.11118       0.3614 gtex__cerebellar_hemisphere__M018
gtex__cerebellar_hemisphere_...20       SET      47     -0.18942   -0.0096807      0.14001      0.91195 gtex__cerebellar_hemisphere__M019
gtex__cerebellar_hemisphere_...21       SET      29   -0.0027103  -0.00010886      0.15128      0.50715 gtex__cerebellar_hemisphere__M020
gtex__cerebellar_hemisphere_...22       SET      35     0.056894      0.00251      0.13868      0.34082 gtex__cerebellar_hemisphere__M021
gtex__cerebellar_hemisphere_...23       SET      37     -0.15378   -0.0069751       0.1306      0.88048 gtex__cerebellar_hemisphere__M022
gtex__cerebellar_hemisphere_...24       SET      29     -0.18119   -0.0072775      0.14286      0.89765 gtex__cerebellar_hemisphere__M023
gtex__cerebellar_hemisphere_...25       SET      33     0.047718    0.0020443      0.14865      0.37411 gtex__cerebellar_hemisphere__M024
gtex__cerebellar_hemisphere_...26       SET      23      0.22425    0.0080226      0.20964      0.14239 gtex__cerebellar_hemisphere__M025
gtex__cerebellar_hemisphere_...27       SET      23     -0.16246   -0.0058123      0.17945      0.81735 gtex__cerebellar_hemisphere__M026
gtex__cerebellar_hemisphere_...28       SET      19    -0.056931   -0.0018514        0.212      0.60586 gtex__cerebellar_hemisphere__M027
gtex__cerebellar_hemisphere_...29       SET      23    -0.081342   -0.0029101      0.18285      0.67179 gtex__cerebellar_hemisphere__M028
gtex__cerebellum__M000                  SET     317     0.023283    0.0030669     0.051333      0.32507 gtex__cerebellum__M000
gtex__cerebellum__M001                  SET     302   -0.0067161  -0.00086385     0.049149      0.55434 gtex__cerebellum__M001
gtex__cerebellum__M002                  SET     197     0.063125    0.0065772     0.069293      0.18116 gtex__cerebellum__M002
gtex__cerebellum__M003                  SET     128      0.17016     0.014319     0.077087     0.013651 gtex__cerebellum__M003
gtex__cerebellum__M004                  SET     150     0.031249    0.0028449     0.068906       0.3251 gtex__cerebellum__M004
gtex__cerebellum__M005                  SET     103      -0.0877   -0.0066248     0.087643      0.84149 gtex__cerebellum__M005
gtex__cerebellum__M006                  SET      96     0.025049    0.0018271     0.083948       0.3827 gtex__cerebellum__M006
gtex__cerebellum__M007                  SET      92     0.076876      0.00549     0.095276      0.20987 gtex__cerebellum__M007
gtex__cerebellum__M008                  SET      90    -0.044388   -0.0031354      0.08436      0.70061 gtex__cerebellum__M008
gtex__cerebellum__M009                  SET      87     0.041761    0.0029006      0.10437      0.34454 gtex__cerebellum__M009
gtex__cerebellum__M010                  SET      86     0.071371    0.0049287     0.088582      0.21021 gtex__cerebellum__M010
gtex__cerebellum__M011                  SET      67    -0.050428   -0.0030754      0.10494      0.68457 gtex__cerebellum__M011
gtex__cerebellum__M012                  SET      75     -0.03736   -0.0024101      0.11544      0.62689 gtex__cerebellum__M012
gtex__cerebellum__M013                  SET      60      0.38161     0.022028      0.13073    0.0017584 gtex__cerebellum__M013
gtex__cerebellum__M014                  SET      65    -0.028391   -0.0017055      0.10943      0.60235 gtex__cerebellum__M014
gtex__cerebellum__M015                  SET      49     -0.07615   -0.0039735      0.13221      0.71769 gtex__cerebellum__M015
gtex__cerebellum__M016                  SET      45     -0.15491   -0.0077474      0.13447      0.87534 gtex__cerebellum__M016
gtex__cerebellum__M017                  SET      39     0.050523    0.0023526      0.13948       0.3586 gtex__cerebellum__M017
gtex__cerebellum__M018                  SET      32    -0.095368   -0.0040234      0.16259      0.72125 gtex__cerebellum__M018
gtex__cerebellum__M019                  SET      34    -0.058599   -0.0025481      0.13745      0.66507 gtex__cerebellum__M019
gtex__cerebellum__M020                  SET      26     -0.16183   -0.0061553      0.16686      0.83395 gtex__cerebellum__M020
gtex__cerebellum__M021                  SET      19      0.12659    0.0041168      0.21092       0.2742 gtex__cerebellum__M021
gtex__cerebellum__M022                  SET      28     0.042727    0.0016864      0.15975      0.39456 gtex__cerebellum__M022
gtex__cerebellum__M023                  SET      24      0.02091   0.00076413      0.17606      0.45273 gtex__cerebellum__M023
gtex__cerebellum__M024                  SET      26      0.37488     0.014258      0.16256     0.010556 gtex__cerebellum__M024
gtex__cerebellum__M025                  SET      24     -0.25973   -0.0094916       0.1736      0.93268 gtex__cerebellum__M025
gtex__cerebellum__M026                  SET      25      0.13973    0.0052116      0.16975      0.20521 gtex__cerebellum__M026
gtex__cerebellum__M028                  SET      20      0.39138     0.013058      0.23175      0.04564 gtex__cerebellum__M028
gtex__cerebellum__M029                  SET      21     0.024235   0.00082853      0.22498      0.45711 gtex__cerebellum__M029
gtex__cerebellum__M030                  SET      15     -0.19883   -0.0057457      0.24673      0.78983 gtex__cerebellum__M030
gtex__cortex__M000                      SET     339    -0.034579   -0.0047073     0.047968       0.7645 gtex__cortex__M000
gtex__cortex__M001                      SET     173     0.093012    0.0090879     0.073099      0.10162 gtex__cortex__M001
gtex__cortex__M002                      SET     182    -0.052909    -0.005301     0.066651      0.78635 gtex__cortex__M002
gtex__cortex__M003                      SET     126    -0.039081   -0.0032631     0.083485      0.68015 gtex__cortex__M003
gtex__cortex__M004                      SET     150   -0.0047578  -0.00043315     0.070024      0.52709 gtex__cortex__M004
gtex__cortex__M005                      SET     150     -0.13069    -0.011898     0.076595      0.95601 gtex__cortex__M005
gtex__cortex__M006                      SET      81     -0.11476   -0.0076925      0.10911      0.85355 gtex__cortex__M006
gtex__cortex__M007                      SET      52      0.15897    0.0085448      0.13177      0.11382 gtex__cortex__M007
gtex__cortex__M008                      SET      94      0.10722    0.0077395     0.083381     0.099243 gtex__cortex__M008
gtex__cortex__M009                      SET     101     0.081551    0.0061005     0.087524      0.17574 gtex__cortex__M009
gtex__cortex__M010                      SET      97     0.072656     0.005327     0.091761      0.21425 gtex__cortex__M010
gtex__cortex__M011                      SET      73     -0.13003   -0.0082762      0.10193      0.89897 gtex__cortex__M011
gtex__cortex__M012                      SET      93    -0.093399   -0.0067059     0.087243      0.85781 gtex__cortex__M012
gtex__cortex__M013                      SET      42     0.036988    0.0017872      0.13919      0.39522 gtex__cortex__M013
gtex__cortex__M014                      SET      79    -0.076743   -0.0050804     0.095184      0.78995 gtex__cortex__M014
gtex__cortex__M015                      SET      78      0.06725    0.0044238      0.10689      0.26463 gtex__cortex__M015
gtex__cortex__M016                      SET      79     -0.12156   -0.0080472     0.094627      0.90053 gtex__cortex__M016
gtex__cortex__M017                      SET      59    -0.038404   -0.0021983      0.12096      0.62457 gtex__cortex__M017
gtex__cortex__M018                      SET      55    -0.010184  -0.00056292      0.13444      0.53019 gtex__cortex__M018
gtex__cortex__M019                      SET      41    -0.090046    -0.004299      0.13246      0.75168 gtex__cortex__M019
gtex__cortex__M020                      SET      38     0.059442    0.0027323      0.13177      0.32596 gtex__cortex__M020
gtex__cortex__M021                      SET      43      0.17904    0.0087532      0.13539     0.093023 gtex__cortex__M021
gtex__cortex__M022                      SET      40      0.23874     0.011258      0.12796     0.031045 gtex__cortex__M022
gtex__cortex__M023                      SET      28    -0.013411  -0.00052931      0.17267      0.53095 gtex__cortex__M023
gtex__cortex__M024                      SET      24    -0.022794  -0.00083298      0.17712       0.5512 gtex__cortex__M024
gtex__cortex__M025                      SET      23     -0.20493   -0.0073316      0.18789      0.86229 gtex__cortex__M025
gtex__cortex__M026                      SET      23     -0.23546   -0.0084238      0.20505      0.87457 gtex__cortex__M026
gtex__cortex__M027                      SET      24     0.069164    0.0025276      0.17355      0.34512 gtex__cortex__M027
gtex__cortex__M028                      SET      24     0.016037   0.00058608      0.15611      0.45909 gtex__cortex__M028
gtex__cortex__M029                      SET      24     0.055975    0.0020456      0.16368      0.36618 gtex__cortex__M029
gtex__cortex__M030                      SET      22      0.31239     0.010931      0.17917     0.040625 gtex__cortex__M030
gtex__cortex__M031                      SET      18     -0.14144   -0.0044771       0.2463       0.7171 gtex__cortex__M031
gtex__cortex__M032                      SET      22    -0.055156   -0.0019299      0.19699      0.61026 gtex__cortex__M032
gtex__cortex__M033                      SET      18      0.10004    0.0031667      0.20639      0.31394 gtex__cortex__M033
gtex__cortex__M034                      SET      22     -0.12935   -0.0045259      0.19671      0.74458 gtex__cortex__M034
gtex__cortex__M036                      SET      20     -0.13814   -0.0046089      0.17141      0.78985 gtex__cortex__M036
gtex__frontal_cortex_ba9__M0...1        SET     680     0.066935      0.01278     0.036503      0.03336 gtex__frontal_cortex_ba9__M000
gtex__frontal_cortex_ba9__M0...2        SET     601    -0.051979   -0.0093514      0.03773      0.91584 gtex__frontal_cortex_ba9__M001
gtex__frontal_cortex_ba9__M0...3        SET     415   -0.0064537  -0.00096997     0.045845      0.55597 gtex__frontal_cortex_ba9__M002
gtex__frontal_cortex_ba9__M0...4        SET     380    -0.078832    -0.011349     0.043205      0.96596 gtex__frontal_cortex_ba9__M003
gtex__frontal_cortex_ba9__M0...5        SET     449     0.060812    0.0094976      0.04472     0.086951 gtex__frontal_cortex_ba9__M004
gtex__frontal_cortex_ba9__M0...6        SET     454    -0.012788    -0.002008     0.038246      0.63094 gtex__frontal_cortex_ba9__M005
gtex__frontal_cortex_ba9__M0...7        SET     442     0.034494    0.0053463     0.042881      0.21058 gtex__frontal_cortex_ba9__M006
gtex__frontal_cortex_ba9__M0...8        SET     398     0.044924    0.0066154      0.04524      0.16036 gtex__frontal_cortex_ba9__M007
gtex__frontal_cortex_ba9__M0...9        SET     274    -0.013924   -0.0017073     0.053871      0.60198 gtex__frontal_cortex_ba9__M008
gtex__frontal_cortex_ba9__M0...10       SET     221     0.055705    0.0061433     0.057995      0.16841 gtex__frontal_cortex_ba9__M009
gtex__frontal_cortex_ba9__M0...11       SET     149     -0.10464   -0.0094946     0.074526      0.91984 gtex__frontal_cortex_ba9__M010
gtex__frontal_cortex_ba9__M0...12       SET     159      0.10936     0.010248     0.073614     0.068707 gtex__frontal_cortex_ba9__M011
gtex__frontal_cortex_ba9__M0...13       SET     138     0.071227    0.0062217     0.087458      0.20771 gtex__frontal_cortex_ba9__M012
gtex__frontal_cortex_ba9__M0...14       SET     122     0.037351     0.003069     0.078692      0.31752 gtex__frontal_cortex_ba9__M013
gtex__frontal_cortex_ba9__M0...15       SET      68    -0.073977    -0.004545      0.11186      0.74579 gtex__frontal_cortex_ba9__M014
gtex__frontal_cortex_ba9__M0...16       SET     130    0.0093722   0.00079477     0.076281      0.45111 gtex__frontal_cortex_ba9__M015
gtex__frontal_cortex_ba9__M0...17       SET     132     -0.12149    -0.010381      0.07075      0.95701 gtex__frontal_cortex_ba9__M016
gtex__frontal_cortex_ba9__M0...18       SET     114    -0.031724   -0.0025204     0.079559      0.65496 gtex__frontal_cortex_ba9__M017
gtex__frontal_cortex_ba9__M0...19       SET     110    -0.012004  -0.00093691     0.085376      0.55591 gtex__frontal_cortex_ba9__M018
gtex__frontal_cortex_ba9__M0...20       SET     109    0.0078441   0.00060945     0.080474      0.46118 gtex__frontal_cortex_ba9__M019
gtex__frontal_cortex_ba9__M0...21       SET      92     0.026646    0.0019029     0.083396      0.37467 gtex__frontal_cortex_ba9__M020
gtex__frontal_cortex_ba9__M0...22       SET      61    -0.020709   -0.0012053      0.11508      0.57141 gtex__frontal_cortex_ba9__M021
gtex__frontal_cortex_ba9__M0...23       SET      87       0.1093    0.0075917     0.091669      0.11657 gtex__frontal_cortex_ba9__M022
gtex__frontal_cortex_ba9__M0...24       SET      82       -0.125   -0.0084303     0.099233       0.8961 gtex__frontal_cortex_ba9__M023
gtex__frontal_cortex_ba9__M0...25       SET      73     0.028687    0.0018259      0.11425      0.40087 gtex__frontal_cortex_ba9__M024
gtex__frontal_cortex_ba9__M0...26       SET      82     0.060276     0.004065     0.086014      0.24173 gtex__frontal_cortex_ba9__M025
gtex__frontal_cortex_ba9__M0...27       SET      76   -0.0063879  -0.00041481     0.094241      0.52702 gtex__frontal_cortex_ba9__M026
gtex__frontal_cortex_ba9__M0...28       SET      47       -0.202    -0.010324      0.13269      0.93603 gtex__frontal_cortex_ba9__M027
gtex__frontal_cortex_ba9__M0...29       SET      70      0.02018    0.0012579      0.11759      0.43187 gtex__frontal_cortex_ba9__M028
gtex__frontal_cortex_ba9__M0...30       SET      58     0.018135    0.0010293      0.13879      0.44802 gtex__frontal_cortex_ba9__M029
gtex__frontal_cortex_ba9__M0...31       SET      66    0.0073588   0.00044543      0.09816      0.47012 gtex__frontal_cortex_ba9__M030
gtex__frontal_cortex_ba9__M0...32       SET      50     0.077407      0.00408       0.1235       0.2654 gtex__frontal_cortex_ba9__M031
gtex__frontal_cortex_ba9__M0...33       SET      55     0.078718     0.004351      0.11415      0.24523 gtex__frontal_cortex_ba9__M032
gtex__frontal_cortex_ba9__M0...34       SET      50     -0.28064    -0.014792       0.1448      0.97369 gtex__frontal_cortex_ba9__M033
gtex__frontal_cortex_ba9__M0...35       SET      26      0.19463    0.0074028      0.18394      0.14501 gtex__frontal_cortex_ba9__M034
gtex__frontal_cortex_ba9__M0...36       SET      39     -0.23965    -0.011159      0.13875      0.95793 gtex__frontal_cortex_ba9__M035
gtex__frontal_cortex_ba9__M0...37       SET      40     0.041081    0.0019373       0.1428       0.3868 gtex__frontal_cortex_ba9__M036
gtex__frontal_cortex_ba9__M0...38       SET      35      0.12255    0.0054068      0.14299      0.19571 gtex__frontal_cortex_ba9__M037
gtex__frontal_cortex_ba9__M0...39       SET      29    -0.090225   -0.0036239      0.15597      0.71853 gtex__frontal_cortex_ba9__M038
gtex__frontal_cortex_ba9__M0...40       SET      23      0.21657    0.0077481      0.19838      0.13749 gtex__frontal_cortex_ba9__M039
gtex__frontal_cortex_ba9__M0...41       SET      24      0.25291    0.0092425      0.20795      0.11196 gtex__frontal_cortex_ba9__M040
gtex__frontal_cortex_ba9__M0...42       SET      26     -0.13895   -0.0052848       0.1566      0.81253 gtex__frontal_cortex_ba9__M041
gtex__frontal_cortex_ba9__M0...43       SET      16      0.33054    0.0098648      0.26907      0.10965 gtex__frontal_cortex_ba9__M042
gtex__frontal_cortex_ba9__M0...44       SET      22      0.18811    0.0065821      0.15403        0.111 gtex__frontal_cortex_ba9__M043
gtex__frontal_cortex_ba9__M0...45       SET      23      -0.1816    -0.006497      0.17623       0.8486 gtex__frontal_cortex_ba9__M044
gtex__frontal_cortex_ba9__M0...46       SET      19      0.48455     0.015758      0.21619     0.012509 gtex__frontal_cortex_ba9__M045
gtex__hippocampus__M000                 SET     813    -0.033312   -0.0069277     0.032104      0.85027 gtex__hippocampus__M000
gtex__hippocampus__M001                 SET     531    -0.036384   -0.0061652     0.040962      0.81279 gtex__hippocampus__M001
gtex__hippocampus__M002                 SET     422     0.044566     0.006753     0.045822      0.16539 gtex__hippocampus__M002
gtex__hippocampus__M003                 SET     318     0.045967    0.0060643      0.05291      0.19249 gtex__hippocampus__M003
gtex__hippocampus__M004                 SET     361    -0.039137   -0.0054946     0.048049      0.79233 gtex__hippocampus__M004
gtex__hippocampus__M005                 SET     359     -0.01067   -0.0014939     0.046651      0.59046 gtex__hippocampus__M005
gtex__hippocampus__M006                 SET     268    -0.037113   -0.0045012     0.056842      0.74309 gtex__hippocampus__M006
gtex__hippocampus__M007                 SET     324    -0.020397   -0.0027158     0.050131      0.65795 gtex__hippocampus__M007
gtex__hippocampus__M008                 SET     203    -0.027191   -0.0028755     0.058586      0.67872 gtex__hippocampus__M008
gtex__hippocampus__M009                 SET     169     0.048029    0.0046387     0.071938      0.25219 gtex__hippocampus__M009
gtex__hippocampus__M010                 SET     119     0.053108    0.0043102     0.090989      0.27972 gtex__hippocampus__M010
gtex__hippocampus__M011                 SET     131    -0.098994   -0.0084267     0.073703      0.91038 gtex__hippocampus__M011
gtex__hippocampus__M012                 SET     142     0.035372    0.0031339     0.077988      0.32508 gtex__hippocampus__M012
gtex__hippocampus__M013                 SET     104    -0.074791   -0.0056769     0.085501      0.80913 gtex__hippocampus__M013
gtex__hippocampus__M014                 SET      48      0.25785     0.013317      0.14791     0.040649 gtex__hippocampus__M014
gtex__hippocampus__M015                 SET      90    -0.052061   -0.0036774     0.092574      0.71306 gtex__hippocampus__M015
gtex__hippocampus__M016                 SET      76     0.099204    0.0064419      0.10321      0.16823 gtex__hippocampus__M016
gtex__hippocampus__M017                 SET      72    -0.071454   -0.0045167      0.09253         0.78 gtex__hippocampus__M017
gtex__hippocampus__M018                 SET      75    -0.096975   -0.0062558      0.10131      0.83077 gtex__hippocampus__M018
gtex__hippocampus__M019                 SET      59     0.058319    0.0033383      0.11708      0.30921 gtex__hippocampus__M019
gtex__hippocampus__M020                 SET      53     0.016627   0.00090224      0.11555      0.44279 gtex__hippocampus__M020
gtex__hippocampus__M021                 SET      51     0.091704    0.0048816      0.11958      0.22158 gtex__hippocampus__M021
gtex__hippocampus__M022                 SET      57     -0.11509   -0.0064758       0.1077      0.85738 gtex__hippocampus__M022
gtex__hippocampus__M023                 SET      56      0.10123    0.0056456      0.12993      0.21796 gtex__hippocampus__M023
gtex__hippocampus__M024                 SET      43     -0.07521    -0.003677      0.13047      0.71784 gtex__hippocampus__M024
gtex__hippocampus__M025                 SET      33      0.20449    0.0087605      0.15173     0.088885 gtex__hippocampus__M025
gtex__hippocampus__M026                 SET      39     -0.13568   -0.0063179      0.14274      0.82907 gtex__hippocampus__M026
gtex__hippocampus__M027                 SET      36    -0.049995   -0.0022369        0.153      0.62808 gtex__hippocampus__M027
gtex__hippocampus__M028                 SET      40     -0.11304   -0.0053306       0.1183      0.83034 gtex__hippocampus__M028
gtex__hippocampus__M029                 SET      31     -0.12557   -0.0052143      0.15082      0.79746 gtex__hippocampus__M029
gtex__hippocampus__M030                 SET      26      0.22859    0.0086941       0.1579     0.073863 gtex__hippocampus__M030
gtex__hippocampus__M031                 SET      28     0.092258    0.0036412      0.16848      0.29199 gtex__hippocampus__M031
gtex__hippocampus__M032                 SET      26    -0.071701   -0.0027271      0.16042      0.67254 gtex__hippocampus__M032
gtex__hippocampus__M033                 SET      21      0.12566    0.0042958      0.18278       0.2459 gtex__hippocampus__M033
gtex__hippocampus__M034                 SET      22     0.092309    0.0032299      0.16106      0.28328 gtex__hippocampus__M034
gtex__hippocampus__M035                 SET      20    -0.088843   -0.0029641      0.17368      0.69551 gtex__hippocampus__M035
gtex__hippocampus__M036                 SET      17      0.20964    0.0064489      0.20325      0.15118 gtex__hippocampus__M036
gtex__hippocampus__M037                 SET      20     0.053401    0.0017817      0.20275      0.39613 gtex__hippocampus__M037
gtex__hippocampus__M038                 SET      16      0.30839    0.0092038      0.22723     0.087374 gtex__hippocampus__M038
gtex__hippocampus__M039                 SET      16    -0.042519    -0.001269      0.23146      0.57288 gtex__hippocampus__M039
gtex__hippocampus__M040                 SET      15      0.25898     0.007484      0.21592      0.11519 gtex__hippocampus__M040
gtex__hypothalamus__M000                SET     693    -0.017738   -0.0034176     0.036369      0.68712 gtex__hypothalamus__M000
gtex__hypothalamus__M001                SET     888      0.04467    0.0096875      0.03081     0.073557 gtex__hypothalamus__M001
gtex__hypothalamus__M002                SET     450     -0.07494    -0.011717     0.041575      0.96426 gtex__hypothalamus__M002
gtex__hypothalamus__M003                SET     225     0.039523    0.0043975     0.060451      0.25662 gtex__hypothalamus__M003
gtex__hypothalamus__M004                SET     222    0.0077918   0.00086122     0.061838      0.44987 gtex__hypothalamus__M004
gtex__hypothalamus__M005                SET     193    -0.025565   -0.0026368     0.061174      0.66199 gtex__hypothalamus__M005
gtex__hypothalamus__M006                SET     182     0.012396    0.0012419     0.070932      0.43064 gtex__hypothalamus__M006
gtex__hypothalamus__M007                SET     196     0.063812    0.0066321     0.065619      0.16542 gtex__hypothalamus__M007
gtex__hypothalamus__M008                SET     112      0.01421     0.001119     0.087137      0.43523 gtex__hypothalamus__M008
gtex__hypothalamus__M009                SET     126    -0.038565     -0.00322     0.080651      0.68373 gtex__hypothalamus__M009
gtex__hypothalamus__M010                SET      93     -0.10431   -0.0074892     0.088875      0.87972 gtex__hypothalamus__M010
gtex__hypothalamus__M011                SET      99    -0.057172   -0.0042345     0.089686      0.73808 gtex__hypothalamus__M011
gtex__hypothalamus__M012                SET      82     0.016331    0.0011014     0.098134      0.43392 gtex__hypothalamus__M012
gtex__hypothalamus__M013                SET      73     -0.10965   -0.0069788     0.094259      0.87763 gtex__hypothalamus__M013
gtex__hypothalamus__M014                SET      73     -0.11444   -0.0072835      0.10448       0.8633 gtex__hypothalamus__M014
gtex__hypothalamus__M015                SET      78    -0.085292   -0.0056107     0.088813      0.83156 gtex__hypothalamus__M015
gtex__hypothalamus__M016                SET      58    -0.022492   -0.0012766      0.10378      0.58579 gtex__hypothalamus__M016
gtex__hypothalamus__M017                SET      52    -0.026839   -0.0014426      0.12833      0.58283 gtex__hypothalamus__M017
gtex__hypothalamus__M018                SET      34     0.045356    0.0019723      0.16215      0.38985 gtex__hypothalamus__M018
gtex__hypothalamus__M019                SET      33    -0.024935   -0.0010682       0.1364      0.57253 gtex__hypothalamus__M019
gtex__hypothalamus__M020                SET      31   -0.0048388  -0.00020093      0.14702      0.51313 gtex__hypothalamus__M020
gtex__hypothalamus__M021                SET      24   -0.0033041  -0.00012074      0.17465      0.50755 gtex__hypothalamus__M021
gtex__hypothalamus__M022                SET      20    -0.010325  -0.00034447      0.18985      0.52168 gtex__hypothalamus__M022
gtex__hypothalamus__M023                SET      24     0.028187    0.0010301      0.20286      0.44475 gtex__hypothalamus__M023
gtex__hypothalamus__M024                SET      23    -0.022293  -0.00079754      0.16998      0.55217 gtex__hypothalamus__M024
gtex__hypothalamus__M026                SET      20     -0.39583    -0.013207      0.19432      0.97917 gtex__hypothalamus__M026
gtex__nucleus_accumbens_basa...1        SET    1017     0.011707    0.0027068     0.029467      0.34557 gtex__nucleus_accumbens_basal_ganglia__M000
gtex__nucleus_accumbens_basa...2        SET     656    0.0045144   0.00084717     0.035849       0.4499 gtex__nucleus_accumbens_basal_ganglia__M001
gtex__nucleus_accumbens_basa...3        SET     430     0.038387    0.0058703     0.043453      0.18851 gtex__nucleus_accumbens_basal_ganglia__M002
gtex__nucleus_accumbens_basa...4        SET     297     0.018189    0.0023205     0.049381      0.35631 gtex__nucleus_accumbens_basal_ganglia__M003
gtex__nucleus_accumbens_basa...5        SET     302    -0.022624   -0.0029099     0.051375      0.67016 gtex__nucleus_accumbens_basal_ganglia__M004
gtex__nucleus_accumbens_basa...6        SET     189    -0.023046   -0.0023525     0.066577      0.63539 gtex__nucleus_accumbens_basal_ganglia__M005
gtex__nucleus_accumbens_basa...7        SET     238     0.052472    0.0060024      0.05929      0.18808 gtex__nucleus_accumbens_basal_ganglia__M006
gtex__nucleus_accumbens_basa...8        SET     183    -0.013182   -0.0013243     0.067232      0.57772 gtex__nucleus_accumbens_basal_ganglia__M007
gtex__nucleus_accumbens_basa...9        SET     156     0.061812    0.0057377     0.076731      0.21025 gtex__nucleus_accumbens_basal_ganglia__M008
gtex__nucleus_accumbens_basa...10       SET     145   -0.0043041  -0.00038531     0.071818      0.52389 gtex__nucleus_accumbens_basal_ganglia__M009
gtex__nucleus_accumbens_basa...11       SET      95    -0.030358   -0.0022028      0.08321      0.64238 gtex__nucleus_accumbens_basal_ganglia__M010
gtex__nucleus_accumbens_basa...12       SET      93     0.029516    0.0021192       0.0941      0.37689 gtex__nucleus_accumbens_basal_ganglia__M011
gtex__nucleus_accumbens_basa...13       SET      92    -0.035927   -0.0025657     0.090079      0.65499 gtex__nucleus_accumbens_basal_ganglia__M012
gtex__nucleus_accumbens_basa...14       SET      85     0.018686    0.0012829      0.10424      0.42887 gtex__nucleus_accumbens_basal_ganglia__M013
gtex__nucleus_accumbens_basa...15       SET      65    -0.041793   -0.0025106      0.11643      0.64019 gtex__nucleus_accumbens_basal_ganglia__M014
gtex__nucleus_accumbens_basa...16       SET      47     -0.21591    -0.011035      0.13129      0.94996 gtex__nucleus_accumbens_basal_ganglia__M015
gtex__nucleus_accumbens_basa...17       SET      59     -0.10957    -0.006272      0.10663      0.84793 gtex__nucleus_accumbens_basal_ganglia__M016
gtex__nucleus_accumbens_basa...18       SET      57      0.04172    0.0023475      0.10883      0.35073 gtex__nucleus_accumbens_basal_ganglia__M017
gtex__nucleus_accumbens_basa...19       SET      45     0.067459    0.0033737      0.12053      0.28785 gtex__nucleus_accumbens_basal_ganglia__M018
gtex__nucleus_accumbens_basa...20       SET      43     0.056508    0.0027626      0.14682      0.35017 gtex__nucleus_accumbens_basal_ganglia__M019
gtex__nucleus_accumbens_basa...21       SET      34     -0.19247   -0.0083692      0.13474      0.92341 gtex__nucleus_accumbens_basal_ganglia__M020
gtex__nucleus_accumbens_basa...22       SET      33      0.16136    0.0069127      0.15282      0.14553 gtex__nucleus_accumbens_basal_ganglia__M021
gtex__nucleus_accumbens_basa...23       SET      24    -0.025905  -0.00094669      0.16211      0.56348 gtex__nucleus_accumbens_basal_ganglia__M022
gtex__nucleus_accumbens_basa...24       SET      29    -0.032861   -0.0013199       0.1396      0.59305 gtex__nucleus_accumbens_basal_ganglia__M023
gtex__nucleus_accumbens_basa...25       SET      23     -0.19691   -0.0070445      0.16536      0.88312 gtex__nucleus_accumbens_basal_ganglia__M024
gtex__nucleus_accumbens_basa...26       SET       3     0.086156    0.0011138      0.49442      0.43083 gtex__nucleus_accumbens_basal_ganglia__M025
gtex__nucleus_accumbens_basa...27       SET      24      0.21046     0.007691      0.18571      0.12856 gtex__nucleus_accumbens_basal_ganglia__M026
gtex__nucleus_accumbens_basa...28       SET      14     -0.56408    -0.015748       0.2782      0.97869 gtex__nucleus_accumbens_basal_ganglia__M027
gtex__nucleus_accumbens_basa...29       SET      16     -0.14851   -0.0044323      0.21617      0.75395 gtex__nucleus_accumbens_basal_ganglia__M028
gtex__nucleus_accumbens_basa...30       SET      21     0.069352    0.0023709      0.18148      0.35118 gtex__nucleus_accumbens_basal_ganglia__M029
gtex__nucleus_accumbens_basa...31       SET      17     -0.19622   -0.0060361      0.21221      0.82242 gtex__nucleus_accumbens_basal_ganglia__M030
gtex__nucleus_accumbens_basa...32       SET      20     -0.11487   -0.0038324      0.18264       0.7353 gtex__nucleus_accumbens_basal_ganglia__M031
gtex__putamen_basal_ganglia_...1        SET     674     0.064514     0.012265     0.037147     0.041229 gtex__putamen_basal_ganglia__M000
gtex__putamen_basal_ganglia_...2        SET     464    -0.057967   -0.0091993     0.042211      0.91516 gtex__putamen_basal_ganglia__M001
gtex__putamen_basal_ganglia_...3        SET     415    -0.004604  -0.00069197     0.040058      0.54575 gtex__putamen_basal_ganglia__M002
gtex__putamen_basal_ganglia_...4        SET     263     0.016511     0.001984     0.054662      0.38131 gtex__putamen_basal_ganglia__M003
gtex__putamen_basal_ganglia_...5        SET     336     0.038615     0.005234     0.048463      0.21279 gtex__putamen_basal_ganglia__M004
gtex__putamen_basal_ganglia_...6        SET     177     -0.15644    -0.015459     0.072233      0.98483 gtex__putamen_basal_ganglia__M005
gtex__putamen_basal_ganglia_...7        SET     291     -0.02861   -0.0036134     0.053904       0.7022 gtex__putamen_basal_ganglia__M006
gtex__putamen_basal_ganglia_...8        SET     271     -0.07344   -0.0089561     0.055133      0.90857 gtex__putamen_basal_ganglia__M007
gtex__putamen_basal_ganglia_...9        SET     226     0.038645    0.0043092     0.066152      0.27955 gtex__putamen_basal_ganglia__M008
gtex__putamen_basal_ganglia_...10       SET     206     0.048079    0.0051214     0.065334       0.2309 gtex__putamen_basal_ganglia__M009
gtex__putamen_basal_ganglia_...11       SET     238   -0.0016996  -0.00019441     0.058404      0.51161 gtex__putamen_basal_ganglia__M010
gtex__putamen_basal_ganglia_...12       SET     142    -0.056648   -0.0050189     0.073356      0.78001 gtex__putamen_basal_ganglia__M011
gtex__putamen_basal_ganglia_...13       SET     128    -0.036977   -0.0031116     0.085897      0.66657 gtex__putamen_basal_ganglia__M012
gtex__putamen_basal_ganglia_...14       SET      98     -0.14135    -0.010416      0.08691      0.94806 gtex__putamen_basal_ganglia__M013
gtex__putamen_basal_ganglia_...15       SET     117      -0.1437    -0.011565     0.076509      0.96982 gtex__putamen_basal_ganglia__M014
gtex__putamen_basal_ganglia_...16       SET     110     0.018546    0.0014475     0.090827       0.4191 gtex__putamen_basal_ganglia__M015
gtex__putamen_basal_ganglia_...17       SET      62    -0.035934   -0.0021084      0.12125      0.61652 gtex__putamen_basal_ganglia__M016
gtex__putamen_basal_ganglia_...18       SET      83     0.093846    0.0063672     0.094512      0.16037 gtex__putamen_basal_ganglia__M017
gtex__putamen_basal_ganglia_...19       SET      89    -0.034521    -0.002425     0.094285      0.64287 gtex__putamen_basal_ganglia__M018
gtex__putamen_basal_ganglia_...20       SET      72    -0.028603   -0.0018081      0.10619      0.60617 gtex__putamen_basal_ganglia__M019
gtex__putamen_basal_ganglia_...21       SET      80     0.073432    0.0048917      0.09305      0.21501 gtex__putamen_basal_ganglia__M020
gtex__putamen_basal_ganglia_...22       SET      80      0.11145    0.0074243     0.093965      0.11781 gtex__putamen_basal_ganglia__M021
gtex__putamen_basal_ganglia_...23       SET      77     -0.06724   -0.0043948     0.083827      0.78875 gtex__putamen_basal_ganglia__M022
gtex__putamen_basal_ganglia_...24       SET      72      0.01798    0.0011366     0.099858      0.42856 gtex__putamen_basal_ganglia__M023
gtex__putamen_basal_ganglia_...25       SET      66     0.065587      0.00397      0.10508      0.26626 gtex__putamen_basal_ganglia__M024
gtex__putamen_basal_ganglia_...26       SET      62    -0.082186   -0.0048222      0.11338      0.76572 gtex__putamen_basal_ganglia__M025
gtex__putamen_basal_ganglia_...27       SET      56    -0.017079  -0.00095254      0.11072      0.56129 gtex__putamen_basal_ganglia__M026
gtex__putamen_basal_ganglia_...28       SET      47    -0.014374  -0.00073459      0.12116      0.54722 gtex__putamen_basal_ganglia__M027
gtex__putamen_basal_ganglia_...29       SET      34    -0.043028    -0.001871       0.1401      0.62062 gtex__putamen_basal_ganglia__M028
gtex__putamen_basal_ganglia_...30       SET      46     0.063237    0.0031974       0.1254      0.30704 gtex__putamen_basal_ganglia__M029
gtex__putamen_basal_ganglia_...31       SET      38      0.26987     0.012405        0.145     0.031369 gtex__putamen_basal_ganglia__M030
gtex__putamen_basal_ganglia_...32       SET      29     0.043257    0.0017374      0.16737      0.39803 gtex__putamen_basal_ganglia__M031
gtex__putamen_basal_ganglia_...33       SET      31      0.06601    0.0027411       0.1607      0.34062 gtex__putamen_basal_ganglia__M032
gtex__putamen_basal_ganglia_...34       SET      24    -0.045495   -0.0016626      0.19384      0.59278 gtex__putamen_basal_ganglia__M033
gtex__putamen_basal_ganglia_...35       SET      29     0.043073      0.00173      0.15635      0.39147 gtex__putamen_basal_ganglia__M034
gtex__putamen_basal_ganglia_...36       SET      25     -0.23364   -0.0087139      0.19825       0.8807 gtex__putamen_basal_ganglia__M035
gtex__putamen_basal_ganglia_...37       SET      22     0.077016    0.0026948       0.1793      0.33377 gtex__putamen_basal_ganglia__M036
gtex__putamen_basal_ganglia_...38       SET      17       0.2433    0.0074846      0.20613      0.11894 gtex__putamen_basal_ganglia__M037
gtex__putamen_basal_ganglia_...39       SET      19     -0.12837   -0.0041746      0.19556      0.74422 gtex__putamen_basal_ganglia__M039
gtex__putamen_basal_ganglia_...40       SET      16     -0.12591   -0.0037577      0.16634      0.77545 gtex__putamen_basal_ganglia__M040
gtex__spinal_cord_cervical_c...1        SET     714     0.047065    0.0091989     0.034911     0.088815 gtex__spinal_cord_cervical_c_1__M000
gtex__spinal_cord_cervical_c...2        SET     506     0.024784    0.0041025     0.039087      0.26302 gtex__spinal_cord_cervical_c_1__M001
gtex__spinal_cord_cervical_c...3        SET     509    0.0080153    0.0013306     0.042876      0.42585 gtex__spinal_cord_cervical_c_1__M002
gtex__spinal_cord_cervical_c...4        SET     356     0.020861    0.0029087     0.051178      0.34178 gtex__spinal_cord_cervical_c_1__M003
gtex__spinal_cord_cervical_c...5        SET     253    -0.079179   -0.0093345     0.053851      0.92925 gtex__spinal_cord_cervical_c_1__M004
gtex__spinal_cord_cervical_c...6        SET     169    -0.040038    -0.003867     0.067746      0.72274 gtex__spinal_cord_cervical_c_1__M005
gtex__spinal_cord_cervical_c...7        SET     121    -0.051476   -0.0042124     0.082436      0.73382 gtex__spinal_cord_cervical_c_1__M006
gtex__spinal_cord_cervical_c...8        SET      99     0.037246    0.0027587     0.088687      0.33726 gtex__spinal_cord_cervical_c_1__M007
gtex__spinal_cord_cervical_c...9        SET     122     0.041656    0.0034228     0.077738      0.29603 gtex__spinal_cord_cervical_c_1__M008
gtex__spinal_cord_cervical_c...10       SET      90     -0.14745    -0.010416     0.091606      0.94625 gtex__spinal_cord_cervical_c_1__M009
gtex__spinal_cord_cervical_c...11       SET     105    -0.076403   -0.0058269     0.096558       0.7856 gtex__spinal_cord_cervical_c_1__M010
gtex__spinal_cord_cervical_c...12       SET     111   -0.0083012  -0.00065082     0.085139      0.53884 gtex__spinal_cord_cervical_c_1__M011
gtex__spinal_cord_cervical_c...13       SET      47      0.17062    0.0087199      0.13618      0.10512 gtex__spinal_cord_cervical_c_1__M012
gtex__spinal_cord_cervical_c...14       SET      69     0.021759    0.0013466      0.10746      0.41977 gtex__spinal_cord_cervical_c_1__M013
gtex__spinal_cord_cervical_c...15       SET      69     0.048014    0.0029714     0.099545      0.31479 gtex__spinal_cord_cervical_c_1__M014
gtex__spinal_cord_cervical_c...16       SET      67     -0.11655   -0.0071076      0.11876      0.83678 gtex__spinal_cord_cervical_c_1__M015
gtex__spinal_cord_cervical_c...17       SET      58     -0.19555    -0.011099      0.12653      0.93887 gtex__spinal_cord_cervical_c_1__M016
gtex__spinal_cord_cervical_c...18       SET      56   -0.0070806   -0.0003949       0.1106      0.52552 gtex__spinal_cord_cervical_c_1__M017
gtex__spinal_cord_cervical_c...19       SET      50     0.097643    0.0051466      0.12253      0.21277 gtex__spinal_cord_cervical_c_1__M018
gtex__spinal_cord_cervical_c...20       SET      32     -0.16169   -0.0068212      0.15559      0.85063 gtex__spinal_cord_cervical_c_1__M019
gtex__spinal_cord_cervical_c...21       SET      46    -0.072921   -0.0036871      0.10761        0.751 gtex__spinal_cord_cervical_c_1__M020
gtex__spinal_cord_cervical_c...22       SET      35      0.19209    0.0084746        0.134     0.075868 gtex__spinal_cord_cervical_c_1__M021
gtex__spinal_cord_cervical_c...23       SET      32     0.070423     0.002971      0.17039      0.33969 gtex__spinal_cord_cervical_c_1__M022
gtex__spinal_cord_cervical_c...24       SET      26    -0.033376   -0.0012694      0.17405      0.57604 gtex__spinal_cord_cervical_c_1__M023
gtex__spinal_cord_cervical_c...25       SET      28     -0.27763    -0.010958      0.16139       0.9573 gtex__spinal_cord_cervical_c_1__M024
gtex__spinal_cord_cervical_c...26       SET      27     -0.11276   -0.0043702      0.17829      0.73645 gtex__spinal_cord_cervical_c_1__M025
gtex__spinal_cord_cervical_c...27       SET      24      0.28242     0.010321      0.16293     0.041526 gtex__spinal_cord_cervical_c_1__M026
gtex__spinal_cord_cervical_c...28       SET      20    -0.056519   -0.0018857      0.17254      0.62838 gtex__spinal_cord_cervical_c_1__M027
gtex__spinal_cord_cervical_c...29       SET      22     -0.19304   -0.0067547      0.20592      0.82574 gtex__spinal_cord_cervical_c_1__M028
gtex__spinal_cord_cervical_c...30       SET      22     -0.31117    -0.010888      0.17699      0.96063 gtex__spinal_cord_cervical_c_1__M029
gtex__spinal_cord_cervical_c...31       SET      18    -0.062866   -0.0019899      0.22774      0.60874 gtex__spinal_cord_cervical_c_1__M030
gtex__substantia_nigra__M000            SET     678      0.01381    0.0026329     0.035744      0.34962 gtex__substantia_nigra__M000
gtex__substantia_nigra__M001            SET     296     0.025478    0.0032449      0.05332      0.31639 gtex__substantia_nigra__M001
gtex__substantia_nigra__M002            SET     329    -0.010261   -0.0013765     0.051108      0.57956 gtex__substantia_nigra__M002
gtex__substantia_nigra__M003            SET     327    0.0017493   0.00023397     0.049537      0.48592 gtex__substantia_nigra__M003
gtex__substantia_nigra__M004            SET     194   0.00050735   5.2463e-05     0.061538      0.49671 gtex__substantia_nigra__M004
gtex__substantia_nigra__M005            SET     175    0.0099632   0.00097902     0.072022      0.44499 gtex__substantia_nigra__M005
gtex__substantia_nigra__M006            SET     188    -0.027144   -0.0027636     0.065116      0.66161 gtex__substantia_nigra__M006
gtex__substantia_nigra__M007            SET     135     0.013064    0.0011287     0.073158      0.42914 gtex__substantia_nigra__M007
gtex__substantia_nigra__M008            SET     136    -0.015997   -0.0013872     0.070359      0.58993 gtex__substantia_nigra__M008
gtex__substantia_nigra__M009            SET     106     0.067106     0.005142     0.094987      0.23995 gtex__substantia_nigra__M009
gtex__substantia_nigra__M010            SET     101     0.046075    0.0034467     0.096282      0.31614 gtex__substantia_nigra__M010
gtex__substantia_nigra__M011            SET     100    -0.037144   -0.0027649     0.092524      0.65595 gtex__substantia_nigra__M011
gtex__substantia_nigra__M012            SET      97      0.12571    0.0092171     0.089827     0.080841 gtex__substantia_nigra__M012
gtex__substantia_nigra__M013            SET      90     -0.13542   -0.0095654     0.086036      0.94224 gtex__substantia_nigra__M013
gtex__substantia_nigra__M014            SET      62    -0.026523   -0.0015562      0.10833      0.59671 gtex__substantia_nigra__M014
gtex__substantia_nigra__M015            SET      66    -0.021502   -0.0013015      0.11325      0.57529 gtex__substantia_nigra__M015
gtex__substantia_nigra__M016            SET      70     0.043844    0.0027328      0.10909      0.34388 gtex__substantia_nigra__M016
gtex__substantia_nigra__M017            SET      63     -0.27941    -0.016526      0.10848      0.99499 gtex__substantia_nigra__M017
gtex__substantia_nigra__M018            SET      63    -0.070225   -0.0041534      0.11229      0.73415 gtex__substantia_nigra__M018
gtex__substantia_nigra__M019            SET      59    -0.061795   -0.0035373      0.10834      0.71579 gtex__substantia_nigra__M019
gtex__substantia_nigra__M020            SET      62    0.0027067   0.00015881     0.096476      0.48881 gtex__substantia_nigra__M020
gtex__substantia_nigra__M021            SET      41     -0.18261   -0.0087184      0.15403       0.8821 gtex__substantia_nigra__M021
gtex__substantia_nigra__M022            SET      51    -0.095003   -0.0050572      0.11299      0.79976 gtex__substantia_nigra__M022
gtex__substantia_nigra__M023            SET      44      0.13673     0.006762      0.13592      0.15721 gtex__substantia_nigra__M023
gtex__substantia_nigra__M024            SET      41    0.0042461   0.00020271      0.14571      0.48838 gtex__substantia_nigra__M024
gtex__substantia_nigra__M025            SET      34      0.03627    0.0015772      0.14309      0.39995 gtex__substantia_nigra__M025
gtex__substantia_nigra__M026            SET      33    -0.091063   -0.0039013      0.15756      0.71835 gtex__substantia_nigra__M026
gtex__substantia_nigra__M027            SET      34      0.25455     0.011069      0.15034     0.045225 gtex__substantia_nigra__M027
gtex__substantia_nigra__M028            SET      26     0.074104    0.0028185      0.16485      0.32653 gtex__substantia_nigra__M028
gtex__substantia_nigra__M029            SET      29     0.069209    0.0027798      0.15294      0.32545 gtex__substantia_nigra__M029
gtex__substantia_nigra__M030            SET      28    -0.045411   -0.0017923      0.17783      0.60078 gtex__substantia_nigra__M030
gtex__substantia_nigra__M031            SET      23    -0.076077   -0.0027217      0.16798      0.67469 gtex__substantia_nigra__M031
gtex__substantia_nigra__M032            SET      21      0.13707     0.004686      0.18436      0.22859 gtex__substantia_nigra__M032
gtex__substantia_nigra__M033            SET      23     0.012765   0.00045669      0.19126      0.47339 gtex__substantia_nigra__M033
gtex__substantia_nigra__M034            SET      23     0.026564   0.00095034      0.17193      0.43861 gtex__substantia_nigra__M034
gtex__substantia_nigra__M035            SET      17      0.12645    0.0038899      0.25914      0.31279 gtex__substantia_nigra__M035
gtex__substantia_nigra__M036            SET      15     -0.18431   -0.0053262      0.22962      0.78891 gtex__substantia_nigra__M036
gtex__substantia_nigra__M037            SET      19     -0.13623   -0.0044301      0.20276      0.74916 gtex__substantia_nigra__M037
gtex__substantia_nigra__M038            SET      13     -0.48018    -0.012919      0.28969      0.95129 gtex__substantia_nigra__M038
gtex__substantia_nigra__M040            SET      14     -0.19903   -0.0055566      0.25462      0.78279 gtex__substantia_nigra__M040
gtex__substantia_nigra__M041            SET      15      -0.2289   -0.0066146      0.23215      0.83793 gtex__substantia_nigra__M041
brainseq__caudate__M000                 SET     595    -0.022891   -0.0040984      0.03747      0.72937 brainseq__caudate__M000
brainseq__caudate__M001                 SET     482    0.0021524   0.00034796     0.043336      0.48019 brainseq__caudate__M001
brainseq__caudate__M002                 SET     108     -0.03899   -0.0030155     0.088046      0.67106 brainseq__caudate__M002
brainseq__caudate__M003                 SET     411     0.025767    0.0038544     0.044104      0.27954 brainseq__caudate__M003
brainseq__caudate__M004                 SET     325     0.033731    0.0044979     0.050897      0.25375 brainseq__caudate__M004
brainseq__caudate__M005                 SET      83      0.16619     0.011276     0.091953     0.035365 brainseq__caudate__M005
brainseq__caudate__M006                 SET     208     0.050885    0.0054462     0.059819      0.19749 brainseq__caudate__M006
brainseq__caudate__M007                 SET     160      0.03355    0.0031536      0.07128      0.31894 brainseq__caudate__M007
brainseq__caudate__M008                 SET     145    -0.064851   -0.0058055      0.08118      0.78781 brainseq__caudate__M008
brainseq__caudate__M009                 SET     139    -0.034851   -0.0030552     0.076522       0.6756 brainseq__caudate__M009
brainseq__caudate__M010                 SET     137     0.044824    0.0039013     0.071204      0.26451 brainseq__caudate__M010
brainseq__caudate__M011                 SET     115     -0.12251   -0.0097752     0.086287      0.92216 brainseq__caudate__M011
brainseq__caudate__M012                 SET     115      0.14978     0.011951     0.081278     0.032684 brainseq__caudate__M012
brainseq__caudate__M013                 SET      98    0.0080959   0.00059661     0.087846      0.46329 brainseq__caudate__M013
brainseq__caudate__M014                 SET     105     0.040058     0.003055     0.082181      0.31298 brainseq__caudate__M014
brainseq__caudate__M015                 SET      83     -0.07882   -0.0053478      0.10227      0.77956 brainseq__caudate__M015
brainseq__caudate__M016                 SET      81    -0.096429   -0.0064636     0.092977      0.85016 brainseq__caudate__M016
brainseq__caudate__M017                 SET      64     0.085307    0.0050851      0.11153      0.22217 brainseq__caudate__M017
brainseq__caudate__M018                 SET      25      0.20632     0.007695      0.19829      0.14906 brainseq__caudate__M018
brainseq__caudate__M019                 SET      52    -0.029028   -0.0015602        0.124      0.59254 brainseq__caudate__M019
brainseq__caudate__M020                 SET      32     -0.26879     -0.01134      0.14945      0.96394 brainseq__caudate__M020
brainseq__caudate__M021                 SET      51     -0.10511   -0.0055953       0.1276      0.79496 brainseq__caudate__M021
brainseq__caudate__M022                 SET      48     -0.28362    -0.014648      0.11968      0.99109 brainseq__caudate__M022
brainseq__caudate__M023                 SET      50     0.044638    0.0023528      0.12112      0.35623 brainseq__caudate__M023
brainseq__caudate__M024                 SET      50      0.12485    0.0065806      0.12876      0.16613 brainseq__caudate__M024
brainseq__caudate__M025                 SET      41      0.18135    0.0086582       0.1456      0.10647 brainseq__caudate__M025
brainseq__caudate__M026                 SET      22    -0.066945   -0.0023424      0.18859       0.6387 brainseq__caudate__M026
brainseq__caudate__M027                 SET      41      -0.1905   -0.0090946      0.13546      0.92018 brainseq__caudate__M027
brainseq__caudate__M028                 SET      38    -0.089649   -0.0041208       0.1417      0.73652 brainseq__caudate__M028
brainseq__caudate__M029                 SET      37      0.14182    0.0064327      0.15389      0.17839 brainseq__caudate__M029
brainseq__caudate__M030                 SET      32     -0.13403   -0.0056546      0.18364      0.76726 brainseq__caudate__M030
brainseq__caudate__M031                 SET      29      -0.2216   -0.0089007      0.15752      0.92025 brainseq__caudate__M031
brainseq__caudate__M032                 SET      25     -0.24376   -0.0090916      0.17436      0.91894 brainseq__caudate__M032
brainseq__caudate__M033                 SET      15     0.047943    0.0013855      0.22392      0.41523 brainseq__caudate__M033
brainseq__caudate__M034                 SET      25     0.098278    0.0036655      0.17846      0.29092 brainseq__caudate__M034
brainseq__caudate__M035                 SET      10     -0.27111   -0.0063977      0.28383      0.83025 brainseq__caudate__M035
brainseq__caudate__M036                 SET      23      0.16456    0.0058874       0.1822      0.18322 brainseq__caudate__M036
brainseq__caudate__M037                 SET      17      0.26471    0.0081431      0.20577      0.09916 brainseq__caudate__M037
brainseq__caudate__M038                 SET      23     0.038011    0.0013599      0.15684      0.40426 brainseq__caudate__M038
brainseq__caudate__M039                 SET      20     -0.15712    -0.005242      0.20536      0.77789 brainseq__caudate__M039
brainseq__caudate__M040                 SET      18    -0.042186   -0.0013353      0.23128      0.57236 brainseq__caudate__M040
brainseq__caudate__M041                 SET      20       0.2134    0.0071198      0.15627     0.086045 brainseq__caudate__M041
brainseq__caudate__M042                 SET      11     0.046103     0.001141      0.27704      0.43392 brainseq__caudate__M042
brainseq__caudate__M043                 SET      18    -0.033135   -0.0010489      0.18113      0.57258 brainseq__caudate__M043
brainseq__caudate__M044                 SET      16       0.2097    0.0062585      0.21126      0.16046 brainseq__caudate__M044
brainseq__caudate__M045                 SET      17    -0.041309   -0.0012708      0.21109      0.57757 brainseq__caudate__M045
brainseq__hippocampus__M000             SET     375    -0.068079   -0.0097375     0.047977      0.92204 brainseq__hippocampus__M000
brainseq__hippocampus__M001             SET     359    -0.024908   -0.0034874     0.049367      0.69306 brainseq__hippocampus__M001
brainseq__hippocampus__M002             SET     224     0.030402    0.0033752     0.060918      0.30887 brainseq__hippocampus__M002
brainseq__hippocampus__M003             SET     215   -0.0090596  -0.00098564     0.054776      0.56568 brainseq__hippocampus__M003
brainseq__hippocampus__M004             SET     150    -0.013881   -0.0012637     0.070104      0.57848 brainseq__hippocampus__M004
brainseq__hippocampus__M005             SET     145    -0.011222   -0.0010046     0.072105      0.56184 brainseq__hippocampus__M005
brainseq__hippocampus__M006             SET     131    -0.040856   -0.0034778     0.077161      0.70176 brainseq__hippocampus__M006
brainseq__hippocampus__M007             SET     114     0.015266    0.0012128     0.085301      0.42899 brainseq__hippocampus__M007
brainseq__hippocampus__M008             SET     112     -0.04339    -0.003417     0.083479      0.69838 brainseq__hippocampus__M008
brainseq__hippocampus__M009             SET      98     0.080456    0.0059291     0.092002      0.19093 brainseq__hippocampus__M009
brainseq__hippocampus__M010             SET      82      0.13191    0.0088963     0.096362     0.085517 brainseq__hippocampus__M010
brainseq__hippocampus__M011             SET      86      0.11666     0.008056       0.1002      0.12218 brainseq__hippocampus__M011
brainseq__hippocampus__M012             SET      83    -0.027424   -0.0018607     0.098419      0.60974 brainseq__hippocampus__M012
brainseq__hippocampus__M013             SET      72    -0.063379   -0.0040063      0.10364      0.72956 brainseq__hippocampus__M013
brainseq__hippocampus__M014             SET      76     0.035547    0.0023083       0.1048      0.36724 brainseq__hippocampus__M014
brainseq__hippocampus__M015             SET      63     0.028473     0.001684      0.10776       0.3958 brainseq__hippocampus__M015
brainseq__hippocampus__M016             SET      62     0.029553     0.001734      0.11409       0.3978 brainseq__hippocampus__M016
brainseq__hippocampus__M017             SET      59      0.17638     0.010096      0.11696     0.065786 brainseq__hippocampus__M017
brainseq__hippocampus__M018             SET      48      0.16623     0.008585       0.1354       0.1098 brainseq__hippocampus__M018
brainseq__hippocampus__M019             SET      47     -0.01764  -0.00090153      0.13462      0.55212 brainseq__hippocampus__M019
brainseq__hippocampus__M020             SET      48      0.13255    0.0068459      0.14069      0.17307 brainseq__hippocampus__M020
brainseq__hippocampus__M021             SET      48    -0.040547   -0.0020941       0.1364      0.61687 brainseq__hippocampus__M021
brainseq__hippocampus__M022             SET      45      0.20787     0.010396      0.14189     0.071466 brainseq__hippocampus__M022
brainseq__hippocampus__M023             SET      38      0.15323    0.0070433       0.1557      0.16254 brainseq__hippocampus__M023
brainseq__hippocampus__M024             SET      39    -0.090013   -0.0041915      0.14281      0.73575 brainseq__hippocampus__M024
brainseq__hippocampus__M025             SET      38    0.0059974   0.00027567      0.14307      0.48328 brainseq__hippocampus__M025
brainseq__hippocampus__M026             SET      42     -0.02947    -0.001424      0.14114       0.5827 brainseq__hippocampus__M026
brainseq__hippocampus__M027             SET      35      0.23348     0.010301      0.15581     0.067019 brainseq__hippocampus__M027
brainseq__hippocampus__M028             SET      33    -0.014505  -0.00062143      0.14382      0.54017 brainseq__hippocampus__M028
brainseq__hippocampus__M029             SET      34       0.1398    0.0060793      0.14289      0.16394 brainseq__hippocampus__M029
brainseq__hippocampus__M030             SET      30     -0.21476   -0.0087732      0.17213      0.89392 brainseq__hippocampus__M030
brainseq__hippocampus__M031             SET      29       0.2736     0.010989      0.17467     0.058641 brainseq__hippocampus__M031
brainseq__hippocampus__M032             SET      29   -0.0072491  -0.00029116      0.17489      0.51653 brainseq__hippocampus__M032
brainseq__hippocampus__M033             SET      27     -0.18159    -0.007038      0.16867      0.85917 brainseq__hippocampus__M033
brainseq__hippocampus__M034             SET      24     -0.19774   -0.0072263      0.17782      0.86693 brainseq__hippocampus__M034
brainseq__hippocampus__M035             SET      28      0.15106     0.005962      0.17123      0.18883 brainseq__hippocampus__M035
brainseq__hippocampus__M036             SET      27      0.38428     0.014894      0.18623     0.019541 brainseq__hippocampus__M036
brainseq__hippocampus__M037             SET      26    -0.093008   -0.0035375      0.16178      0.71732 brainseq__hippocampus__M037
brainseq__hippocampus__M038             SET      25      0.11659    0.0043486      0.17718      0.25526 brainseq__hippocampus__M038
brainseq__hippocampus__M039             SET      24     0.053334    0.0019491      0.18775      0.38818 brainseq__hippocampus__M039
brainseq__hippocampus__M040             SET      27      0.15114    0.0058579      0.18159      0.20262 brainseq__hippocampus__M040
brainseq__hippocampus__M041             SET      25     -0.19609   -0.0073135      0.15628       0.8952 brainseq__hippocampus__M041
brainseq__hippocampus__M042             SET      25     -0.17466   -0.0065142      0.18719       0.8246 brainseq__hippocampus__M042
brainseq__hippocampus__M043             SET      26    -0.060609   -0.0023052      0.18981      0.62525 brainseq__hippocampus__M043
brainseq__hippocampus__M044             SET      24      0.20606    0.0075304      0.18091      0.12735 brainseq__hippocampus__M044
brainseq__hippocampus__M045             SET      24    -0.010779   -0.0003939      0.18006      0.52387 brainseq__hippocampus__M045
brainseq__hippocampus__M046             SET      24     -0.21988   -0.0080353      0.16418      0.90974 brainseq__hippocampus__M046
brainseq__hippocampus__M047             SET      23     -0.13473   -0.0048202      0.17585      0.77821 brainseq__hippocampus__M047
brainseq__hippocampus__M048             SET      23      0.44489     0.015916      0.19673     0.011873 brainseq__hippocampus__M048
brainseq__hippocampus__M049             SET      21     0.029072   0.00099387      0.18264      0.43677 brainseq__hippocampus__M049
brainseq__dlpfc__M000                   SET     385     0.038001    0.0055058     0.045924      0.20399 brainseq__dlpfc__M000
brainseq__dlpfc__M001                   SET     307     0.027185     0.003525     0.055653      0.31261 brainseq__dlpfc__M001
brainseq__dlpfc__M002                   SET     298     0.045317    0.0057908      0.05116      0.18787 brainseq__dlpfc__M002
brainseq__dlpfc__M003                   SET     285    -0.063475   -0.0079351     0.054564      0.87764 brainseq__dlpfc__M003
brainseq__dlpfc__M004                   SET     253     0.010505    0.0012384     0.054709      0.42387 brainseq__dlpfc__M004
brainseq__dlpfc__M005                   SET     144    -0.070635   -0.0063016     0.073518      0.83166 brainseq__dlpfc__M005
brainseq__dlpfc__M006                   SET     210    -0.014276   -0.0015352     0.057989      0.59723 brainseq__dlpfc__M006
brainseq__dlpfc__M007                   SET     171     0.041365    0.0040184     0.064532      0.26077 brainseq__dlpfc__M007
brainseq__dlpfc__M008                   SET     148     0.048607    0.0043958      0.07742      0.26506 brainseq__dlpfc__M008
brainseq__dlpfc__M009                   SET     158    -0.017901   -0.0016722     0.070764      0.59985 brainseq__dlpfc__M009
brainseq__dlpfc__M010                   SET     130     -0.15526    -0.013166      0.08162      0.97142 brainseq__dlpfc__M010
brainseq__dlpfc__M011                   SET     109     0.032436    0.0025202     0.078856      0.34042 brainseq__dlpfc__M011
brainseq__dlpfc__M012                   SET     117     -0.18602     -0.01497     0.079824       0.9901 brainseq__dlpfc__M012
brainseq__dlpfc__M013                   SET      98     -0.27819    -0.020501     0.088585      0.99916 brainseq__dlpfc__M013
brainseq__dlpfc__M014                   SET      92      0.14591      0.01042     0.089877     0.052258 brainseq__dlpfc__M014
brainseq__dlpfc__M015                   SET      71     0.033658    0.0021128      0.10456      0.37376 brainseq__dlpfc__M015
brainseq__dlpfc__M016                   SET      60      0.13013    0.0075114      0.11609      0.13117 brainseq__dlpfc__M016
brainseq__dlpfc__M017                   SET      64    -0.075595   -0.0045062      0.11242      0.74935 brainseq__dlpfc__M017
brainseq__dlpfc__M018                   SET      61      0.14929    0.0086886      0.12345      0.11329 brainseq__dlpfc__M018
brainseq__dlpfc__M019                   SET      49      0.08989    0.0046905      0.12027      0.22743 brainseq__dlpfc__M019
brainseq__dlpfc__M020                   SET      61     -0.16948   -0.0098637      0.11994      0.92117 brainseq__dlpfc__M020
brainseq__dlpfc__M021                   SET      45      0.16279    0.0081415      0.12624     0.098616 brainseq__dlpfc__M021
brainseq__dlpfc__M022                   SET      49     0.073917     0.003857      0.12321      0.27427 brainseq__dlpfc__M022
brainseq__dlpfc__M023                   SET      48     0.071886    0.0037127      0.13763      0.30073 brainseq__dlpfc__M023
brainseq__dlpfc__M024                   SET      45      0.23822     0.011914      0.12379     0.027159 brainseq__dlpfc__M024
brainseq__dlpfc__M025                   SET      39      0.28969      0.01349      0.15745     0.032902 brainseq__dlpfc__M025
brainseq__dlpfc__M026                   SET      30     0.080539    0.0032901      0.17133      0.31915 brainseq__dlpfc__M026
brainseq__dlpfc__M027                   SET      34      0.14281    0.0062102      0.14244      0.15802 brainseq__dlpfc__M027
brainseq__dlpfc__M028                   SET      29      0.29941     0.012026      0.17908     0.047277 brainseq__dlpfc__M028
brainseq__dlpfc__M029                   SET      34     0.039185    0.0017039      0.15079      0.39748 brainseq__dlpfc__M029
brainseq__dlpfc__M030                   SET      31     0.024031   0.00099788      0.16834      0.44324 brainseq__dlpfc__M030
brainseq__dlpfc__M031                   SET      32    -0.033457   -0.0014115      0.15101      0.58767 brainseq__dlpfc__M031
brainseq__dlpfc__M032                   SET      25     0.061993    0.0023121      0.19658      0.37624 brainseq__dlpfc__M032
brainseq__dlpfc__M033                   SET      24       0.1808    0.0066073      0.17183      0.14635 brainseq__dlpfc__M033
brainseq__dlpfc__M034                   SET      28    0.0039748   0.00015688      0.15806      0.48997 brainseq__dlpfc__M034
brainseq__dlpfc__M035                   SET      26     -0.36058    -0.013714      0.16579      0.98517 brainseq__dlpfc__M035
brainseq__dlpfc__M036                   SET      23    -0.048183   -0.0017238      0.17695       0.6073 brainseq__dlpfc__M036
brainseq__dlpfc__M037                   SET      18     -0.14868   -0.0047063      0.19481      0.77733 brainseq__dlpfc__M037
brainseq__dlpfc__M038                   SET      18      0.25279    0.0080016      0.19346     0.095675 brainseq__dlpfc__M038
brainseq__caudate_sczd__M000            SET      92      0.19388     0.013846     0.097502     0.023387 brainseq__caudate_sczd__M000
brainseq__caudate_sczd__M001            SET     367    -0.092272    -0.013059     0.048231      0.97213 brainseq__caudate_sczd__M001
brainseq__caudate_sczd__M002            SET     290     0.096556     0.012174     0.055629     0.041316 brainseq__caudate_sczd__M002
brainseq__caudate_sczd__M003            SET      93    -0.020574   -0.0014772     0.089764      0.59064 brainseq__caudate_sczd__M003
brainseq__caudate_sczd__M004            SET     185      0.11089       0.0112     0.065038      0.04411 brainseq__caudate_sczd__M004
brainseq__caudate_sczd__M005            SET     204    0.0072068   0.00076398      0.06219      0.45387 brainseq__caudate_sczd__M005
brainseq__caudate_sczd__M006            SET     146    -0.068282   -0.0061336     0.080322      0.80236 brainseq__caudate_sczd__M006
brainseq__caudate_sczd__M007            SET     169     0.035191    0.0033988     0.068729      0.30432 brainseq__caudate_sczd__M007
brainseq__caudate_sczd__M008            SET     138      0.12977     0.011335     0.074548     0.040877 brainseq__caudate_sczd__M008
brainseq__caudate_sczd__M009            SET     119     0.023651    0.0019195     0.085087      0.39052 brainseq__caudate_sczd__M009
brainseq__caudate_sczd__M010            SET      49       0.0667    0.0034804      0.12074      0.29034 brainseq__caudate_sczd__M010
brainseq__caudate_sczd__M011            SET      46     -0.12519   -0.0063297      0.13855      0.81688 brainseq__caudate_sczd__M011
brainseq__caudate_sczd__M012            SET      47     -0.13064   -0.0066764      0.13512      0.83317 brainseq__caudate_sczd__M012
brainseq__caudate_sczd__M013            SET      42    -0.046548   -0.0022492      0.13214      0.63768 brainseq__caudate_sczd__M013
brainseq__caudate_sczd__M014            SET      26     -0.21504   -0.0081787      0.19567       0.8641 brainseq__caudate_sczd__M014
brainseq__caudate_sczd__M015            SET      35    -0.050775   -0.0022401      0.16317      0.62217 brainseq__caudate_sczd__M015
brainseq__caudate_sczd__M016            SET      26     0.046629    0.0017735      0.17566      0.39533 brainseq__caudate_sczd__M016
brainseq__caudate_sczd__M017            SET      25     -0.14316   -0.0053393      0.14954      0.83079 brainseq__caudate_sczd__M017
brainseq__caudate_sczd__M018            SET      30    -0.037433   -0.0015292      0.17336      0.58547 brainseq__caudate_sczd__M018
brainseq__caudate_sczd__M020            SET       4     0.043873   0.00065491      0.40943      0.45733 brainseq__caudate_sczd__M020
brainseq__caudate_sczd__M021            SET      28      0.31035     0.012249      0.18351     0.045412 brainseq__caudate_sczd__M021
brainseq__caudate_sczd__M022            SET      28      0.26198      0.01034       0.1528     0.043224 brainseq__caudate_sczd__M022
brainseq__caudate_sczd__M023            SET      23     0.021553   0.00077106      0.19429      0.45584 brainseq__caudate_sczd__M023
brainseq__caudate_sczd__M024            SET      22      0.47104     0.016482      0.18719    0.0059341 brainseq__caudate_sczd__M024
brainseq__caudate_sczd__M025            SET      20    -0.099812   -0.0033301      0.19805      0.69286 brainseq__caudate_sczd__M025
brainseq__caudate_sczd__M026            SET      22    -0.073106    -0.002558      0.17495      0.66198 brainseq__caudate_sczd__M026
brainseq__caudate_sczd__M027            SET      20      0.17423    0.0058131      0.20555      0.19833 brainseq__caudate_sczd__M027
brainseq__caudate_sczd__M028            SET      17      0.14898     0.004583      0.22113      0.25025 brainseq__caudate_sczd__M028
brainseq__caudate_sczd__M029            SET      19     -0.04842   -0.0015746      0.21625      0.58858 brainseq__caudate_sczd__M029
